{'Abteilung 502': [['ABTP249', 'Pigment Fixer', None, 'Matt', 'Enamel'], ['ABT1101', 'Pure White', '#fffde8', 'Matt', 'Acrylic'], ['ABT1102', 'Off White', '#d0cba3', 'Matt', 'Acrylic'], ['ABT1103', 'Smoke Black', '#201c18', 'Matt', 'Acrylic'], ['ABT1104', 'Pure Black', '#141412', 'Matt', 'Acrylic'], ['ABT1105', 'Cyan', '#1a547c', 'Matt', 'Acrylic'], ['ABT1106', 'Magenta', '#971b4f', 'Matt', 'Acrylic'], ['ABT1107', 'Primary Yellow', '#fecc17', 'Matt', 'Acrylic'], ['ABT1108', 'Naples Yellow', '#ee8d2b', 'Matt', 'Acrylic'], ['ABT1109', 'Oxide Yellow', '#ca851d', 'Matt', 'Acrylic'], ['ABT1110', 'Yellow Ochre', '#cc8a0b', 'Matt', 'Acrylic'], ['ABT1111', 'Yellow Green', '#648d2d', 'Matt', 'Acrylic'], ['ABT1112', 'Sand', '#fcd560', 'Matt', 'Acrylic'], ['ABT1113', 'Siena', '#5c3910', 'Matt', 'Acrylic'], ['ABT1114', 'Dark Earth', '#292116', 'Matt', 'Acrylic'], ['ABT1115', 'Earth Brown', '#735533', 'Matt', 'Acrylic'], ['ABT1116', 'Basic Flesh Tone', '#a16c40', 'Matt', 'Acrylic'], ['ABT1117', 'Tanned Flesh Tone', '#d8843b', 'Matt', 'Acrylic'], ['ABT1118', 'Light Flesh Tone', '#fac291', 'Matt', 'Acrylic'], ['ABT1119', 'Antique Rose', '#9c4646', 'Matt', 'Acrylic'], ['ABT1120', 'Orange', '#ed6a35', 'Matt', 'Acrylic'], ['ABT1121', 'Naples Red', '#cc7027', 'Matt', 'Acrylic'], ['ABT1122', 'Primary Red', '#cc2720', 'Matt', 'Acrylic'], ['ABT1123', 'Reddish Black', '#4f1914', 'Matt', 'Acrylic'], ['ABT1124', 'Oxide Red', '#762419', 'Matt', 'Acrylic'], ['ABT1125', 'Vermilion', '#d03a14', 'Matt', 'Acrylic'], ['ABT1126', 'Purple', '#77285b', 'Matt', 'Acrylic'], ['ABT1127', 'Dark Violet', '#432a55', 'Matt', 'Acrylic'], ['ABT1128', 'Primary Blue', '#153a66', 'Matt', 'Acrylic'], ['ABT1129', 'Light Blue', '#175c7b', 'Matt', 'Acrylic'], ['ABT1130', 'French Blue', '#4b5f54', 'Matt', 'Acrylic'], ['ABT1131', 'Sky Blue', '#26608d', 'Matt', 'Acrylic'], ['ABT1132', 'Turquoise', '#0a6d72', 'Matt', 'Acrylic'], ['ABT1133', 'Ultramarine Blue', '#1d3b83', 'Matt', 'Acrylic'], ['ABT1134', 'Prussian Blue', '#0d2436', 'Matt', 'Acrylic'], ['ABT1135', 'Amethyst', '#726d83', 'Matt', 'Acrylic'], ['ABT1136', 'Phthalo Green', '#176743', 'Matt', 'Acrylic'], ['ABT1137', 'Deep Green', '#29642d', 'Matt', 'Acrylic'], ['ABT1138', 'Light Green', '#808740', 'Matt', 'Acrylic'], ['ABT1139', 'Moos Green', '#566023', 'Matt', 'Acrylic'], ['ABT1140', 'Military Green', '#4d5421', 'Matt', 'Acrylic'], ['ABT1141', 'Medium Grey', '#505046', 'Matt', 'Acrylic'], ['ABT1142', 'Paynes Grey', '#222327', 'Matt', 'Acrylic'], ['ABT1143', 'Light Grey', '#a69c78', 'Matt', 'Acrylic'], ['ABT1144', 'Grey Green', '#4e5045', 'Matt', 'Acrylic'], ['ABT1145', 'Burnt Umber', '#211c16', 'Matt', 'Acrylic'], ['ABT1146', 'Raw Umber', '#2f2f23', 'Matt', 'Acrylic'], ['ABT1147', 'Sepia', '#342821', 'Matt', 'Acrylic'], ['ABT1148', 'Silver', '#c2c2bb', 'Matt', 'Acrylic'], ['ABT1149', 'Gold', '#cba539', 'Matt', 'Acrylic'], ['ABT1150', 'Copper', '#c16e28', 'Matt', 'Acrylic'], ['ABT1151', 'Acrylic Drying Retardant GEL', None, 'Retarders', 'Acrylic'], ['ABT1152', 'Glaze Medium', None, 'Gloss', 'Acrylic'], ['ABTP032', 'Acrylic Resin for Pigments', None, None, 'Acrylic'], ['ABT001', 'Snow White', '#ffffff', 'Matt', None], ['ABT002', 'Sepia', '#30251c', 'Matt', None], ['ABT003', 'Dust', '#c7baaa', 'Matt', None], ['ABT004', 'Bitume', '#3a2c21', 'Matt', None], ['ABT005', 'Smoke', '#1f232c', 'Matt', None], ['ABT006', 'Burnt Umber', '#6b3f24', 'Matt', None], ['ABT007', 'Raw Umber', '#52362a', 'Matt', None], ['ABT010', 'Yellow', '#f4c834', 'Matt', None], ['ABT015', 'Shadow Brown', '#5f452e', 'Matt', None], ['ABT020', 'Faded Dark Yellow', '#ea7406', 'Matt', None], ['ABT025', 'Warm Red', '#ac441d', 'Matt', None], ['ABT030', 'Faded Navy Blue', '#183253', 'Matt', None], ['ABT035', 'Buff', '#d5b98a', 'Matt', None], ['ABT040', 'Faded Green', '#24352b', 'Matt', None], ['ABT050', 'Olive Green', '#586321', 'Matt', None], ['ABT060', 'Light Rust', '#ac441d', 'Matt', None], ['ABT070', 'Dark Rust', '#603429', 'Matt', None], ['ABT080', 'Brown Wash', '#52362a', 'Matt', None], ['ABT090', 'Industrial Earth', '#5f452e', 'Matt', None], ['ABT092', 'German Ochre', '#b26f14', 'Matt', None], ['ABT093', 'Earth', '#905b29', 'Matt', None], ['ABT094', 'Green Grass', '#4c8b32', 'Matt', None], ['ABT100', 'Neutral Grey', '#949188', 'Matt', None], ['ABT110', 'Black', '#222222', 'Matt', None], ['ABT120', 'Red Primer', '#cf112d', 'Matt', None], ['ABT125', 'Light Mud', '#b7aea5', 'Matt', None], ['ABT130', 'Dark Mud', '#2e2b26', 'Matt', None], ['ABT135', 'Light Flesh Tone', '#f5dcb4', 'Matt', None], ['ABT140', 'Basic Flesh Tone', '#fcc99c', 'Matt', None], ['ABT145', 'Sunny Flesh Tone', '#f3bc7b', 'Matt', None], ['ABT150', 'Field Grey', '#728572', 'Matt', None], ['ABT155', 'Light Sand', '#f8eb61', 'Matt', None], ['ABT160', 'Engine Grease', '#3c2e2d', 'Matt', None], ['ABT165', 'Faded White', '#ddd9d6', 'Matt', None], ['ABT170', 'Light Grey', '#122c9c5', 'Matt', None], ['ABT180', 'Copper Oxide Blue', '#80a9af', 'Matt', None], ['ABT190', 'Faded Flesh', '#dca3ac', 'Matt', None], ['ABT200', 'Metallic Gold', '#af880f', 'Metallic', None], ['ABT205', 'Metallic Silver', '#8c908f', 'Metallic', None], ['ABT210', 'Metallic Copper', '#a75d42', 'Metallic', None], ['ABT215', 'Flesh Shadow', '#b75435', 'Matt', None], ['ABT220', 'Dark Brick Red', '#7b423b', 'Matt', None], ['ABT225', 'Midnight Blue', '#1d2d4f', 'Matt', None], ['ABT230', 'Blue Green', '#006174', 'Matt', None], ['ABT235', 'Intense Blue', '#004b85', 'Matt', None], ['ABT240', 'Cream Brown', '#988b83', 'Matt', None], ['ABT245', 'Sand Brown', '#b17d56', 'Matt', None], ['ABT250', 'Magenta', '#ff3cb6', 'Matt', None], ['ABT255', 'Paynes Grey', '#709dba', 'Matt', None], ['ABT260', 'Oxide Patina', '#ce5c3a', 'Matt', None], ['ABT500', 'Gundam Blue', '#17b6fe', 'Matt', None], ['ABT505', 'Coagulated Blood', '#ba3749', 'Matt', None], ['ABT510', 'Starship Filth', '#4e514a', 'Matt', None], ['ABT515', 'Turquoise Lights', '#17cec9', 'Matt', None], ['ABT520', 'Dead Flesh', '#ffffd3', 'Matt', None], ['ABT525', 'Ghost Grey', '#597c78', 'Matt', None], ['ABT111', 'Odourless Thinner', None, 'Thinners', None], ['ABT112', 'Matt Effect Thinner', None, 'Thinners', None], ['ABT113', 'Fast Dry Thinner', None, 'Thinners', None], ['ABTF607', 'Metallic Silver', None, 'Matt', None], ['ABTF613', 'Copper', None, 'Metallic', None], ['ABTF616', 'Marine Blue', None, 'Matt', None], ['ABTF617', 'Sulfur Yelow', None, 'Matt', None], ['ABTP022', 'Ashes White', None, 'Matt', None], ['ABTP023', 'Black Smoke', None, 'Matt', None], ['ABTP024', 'Light Rust', None, 'Matt', None], ['ABTP025', 'Standard Rust', None, 'Matt', None], ['ABTP026', 'Concrete', None, 'Matt', None], ['ABTP027', 'Light Dust', None, 'Matt', None], ['ABTP028', 'Europe Dust', None, 'Matt', None], ['ABTP029', 'Brick Dust', None, 'Matt', None], ['ABTP030', 'Beach Sand', None, 'Matt', None], ['ABTP031', 'Vietnam Earth', None, 'Matt', None], ['ABTP033', 'Dark Mud', None, 'Matt', None], ['ABTP034', 'Russian Earth', None, 'Matt', None], ['ABTP035', 'Ashes Grey', None, 'Matt', None], ['ABTP037', 'Gulf War Sand', None, 'Matt', None], ['ABTP038', 'Africa Earth', None, 'Matt', None], ['ABTP039', 'Urban Industry Dirt', None, 'Matt', None], ['ABTP040', 'Burned Grease', None, 'Matt', None], ['ABTP042', 'Ochre Rust', None, 'Matt', None], ['ABTP044', 'Burnt Steel Blue', None, 'Metallic', None], ['ABTP048', 'Faded Moss Green', None, 'Matt', None], ['ABTP049', 'Fresh Moss Green', None, 'Matt', None], ['ABTP051', 'Light Moss Green', None, 'Matt', None], ['ABTP052', 'Bright Iron', None, 'Metallic', None], ['ABTP053', 'Old Brick Red', None, 'Matt', None], ['ABTP054', 'Alcaline Dust', None, 'Matt', None], ['ABTP056', 'Ochre Earth', None, 'Matt', None], ['ABTP057', 'Clay Soil', None, 'Matt', None], ['ABTP058', 'Dark Earth', None, 'Matt', None], ['ABTP060', 'Trench Earth', None, 'Matt', None], ['ABTP230', 'Old Rust', None, 'Matt', None], ['ABTP231', 'Gun Metal', None, 'Metallic', None], ['ABTP232', 'Dry Mud', None, 'Matt', None], ['ABTP234', 'Rubbel Dust', None, 'Matt', None], ['ABTP235', 'Cargo Dust', None, 'Matt', None], ['ABTP238', 'Brown Dust', None, 'Matt', None], ['ABTP414', 'Track Rust', None, 'Matt', None], ['ABTP415', 'Light European Earth', None, 'Matt', None], ['ABTP416', 'Fresh Rust', None, 'Matt', None], ['ABTP417', 'Desert Sand', None, 'Matt', None], ['ABTPF600', 'Rocket Exhaust', None, 'Matt', None], ['ABTPF605', 'Graveyard Dirt', None, 'Matt', None], ['ABTPF606', 'Plasma Burn', None, 'Metallic', None], ['ABTPF611', 'Stainless Alloy', None, 'Metallic', None], ['ABTPF612', 'Brass', None, 'Metallic', None], ['ABTPF613', 'Copper', None, 'Metallic', None], ['ABT1160', 'Primary And Complementary Colors', '#fecc17', None, None], ['ABT1161', 'Flesh & Skin Colors', '#ca851d', None, None], ['ABT1162', 'Intense Cold Colors', '#77285b', None, None], ['ABT1163', 'Intense Warm Colors', '#fecc17', None, None], ['ABT1164', 'Black And White Passion Colors', '#fffde8', None, None], ['ABT1165', 'Intense Leather And Shadows Colors', '#141412', None, None], ['ABT1166', 'Intense Greens Colors', '#648d2d', None, None], ['ABT1167', 'Intense Red Colors', '#971b4f', None, None], ['ABT1168', 'Intense Blue Colors', '#1a547c', None, None], ['ABT307', 'Diorama Colors Set', '#ac441d', None, None], ['ABT310', 'Fantasy & Sci-Fi Colors Set', None, None, None], [None, None, '#fcc99c', None, None], ['ABT302', 'Vehicle Weathering and Effects Set', '#905b29', None, None], ['ABT303', 'Mapping Technique Lights and Shadows Set', '#d5b98a', None, None], ['ABT304', 'Rust and Red Colors Set', '#603429', None, None], ['ABT305', 'Aircraft Effects Set', '#ea7406', None, None], ['ABT306', 'Naval and Grey Effects Set', '#222222', None, None], ['ABT308', 'Base Color Alteration Set', '#222222', None, None], ['ABT315', 'Leather and Wood colors set', '#ac441d', None, None], [None, None, '##fff', None, None], [None, None, '##fff', None, None], [None, None, '##fff', None, None], [None, None, '##fff', None, None], [None, None, '##fff', None, None], ['ABT405', 'Fantasy & metallics Pigments Set', '##fff', None, None], ['ABT408', 'European Lands Pigments Set', '##fff', None, None]], 'Ace Hardware': [['17021', 'Machinery Gray', '#4d5758', 'Gloss', 'Enamel']], 'Acrilex Acrylic': [['NG519', 'White Gloss', '#ffffff', 'Gloss', 'Acrylic'], ['545', 'Verde Oliva', '#556b2f', None, 'Acrylic'], ['AG519', 'White Gloss', '#ffffff', 'Gloss', 'Acrylic'], ['VG500', 'Verniz Vitral Clear', '#ffffff', 'Gloss', 'Acrylic'], ['AF519', 'White Matt', '#ffffff', 'Matt', 'Acrylic'], ['AF520', 'Black Matt', '#000000', 'Matt', 'Acrylic'], ['AF893', 'Mineral', '#f1f6d8', 'Matt', 'Acrylic'], ['AF903', 'Cream', '#fcfae8', 'Matt', 'Acrylic']], 'Acrilex Metal Colors': [['513', 'Moss Green', '#485925', 'Metallic', 'Acrylic'], ['520', 'Black', '#000000', 'Metallic', 'Acrylic'], ['528', 'Lilac', '#a693bc', 'Metallic', 'Acrylic'], ['532', 'Gold', '#e7bd42', 'Metallic', 'Acrylic'], ['533', 'Silver', '#b5b5b5', 'Metallic', 'Acrylic'], ['534', 'Copper', '#af633e', 'Metallic', 'Acrylic'], ['535', 'Sea Blue', '#2a4978', 'Metallic', 'Acrylic'], ['537', 'Rose', '#ffaec9', 'Metallic', 'Acrylic'], ['545', 'Olive Green', '#5d623e', 'Metallic', 'Acrylic'], ['548', 'Old Gold', '#997d62', 'Metallic', 'Acrylic'], ['549', 'Magenta', '#7f4774', 'Metallic', 'Acrylic'], ['555', 'Red', '#ff0000', 'Metallic', 'Acrylic'], ['556', 'Bronze', '#9c5221', 'Metallic', 'Acrylic'], ['562', 'White', '#ffffff', 'Metallic', 'Acrylic'], ['598', 'Solar Gold', '#a37e32', 'Metallic', 'Acrylic'], ['599', 'Aluminum', '#bdbdbd', 'Metallic', 'Acrylic']], 'ACRYSION': [[None, None, '#fff', 'Matt', 'Acrylic'], ['N1', 'White', '#fff', 'Gloss', 'Acrylic'], ['N2', 'Black', '#fff', 'Gloss', 'Acrylic'], ['N3', 'Red', '#fff', 'Gloss', 'Acrylic'], ['N4', 'Yellow', '#fff', 'Gloss', 'Acrylic'], ['N5', 'Blue', '#fff', 'Gloss', 'Acrylic'], ['N6', 'Green', '#fff', 'Gloss', 'Acrylic'], ['N8', 'SILVER', '#dcdddd', 'Metallic', 'Acrylic'], ['N11', 'Flat White', '#fff', 'Matt', 'Acrylic'], ['N14', 'Orange', '#fff', 'Gloss', 'Acrylic'], ['N15', 'Bright blue', '#fff', 'Gloss', 'Acrylic'], ['N16', 'Yellow green', '#fff', 'Gloss', 'Acrylic'], ['N18', 'STEEL', '#231f20', 'Metallic', 'Acrylic'], ['N20', 'Flat clear', '#fff', 'Matt', 'Acrylic'], ['N22', 'Neutral grey', '#fff', 'Satin', 'Acrylic'], ['N24', 'Orange yellow', '#fff', 'Satin', 'Acrylic'], ['N25', 'Sky blue', '#fff', 'Gloss', 'Acrylic'], ['N26', 'Bright green', '#fff', 'Gloss', 'Acrylic'], ['N27', 'Tan', '#fff', 'Satin', 'Acrylic'], ['N27', 'Tan', '#fff', 'Satin', 'Acrylic'], ['N30', 'Clear', '#fff', 'Gloss', 'Acrylic'], ['N32', 'German Gray', '#fff', 'Matt', 'Acrylic'], ['N35', 'Cobalt blue', '#fff', 'Gloss', 'Acrylic'], ['N37', 'Wood brown', '#fff', 'Satin', 'Acrylic'], ['N40', 'Flat base', '#fff', 'Matt', 'Acrylic'], ['N46', 'Esmerald Green', None, 'Gloss', 'Acrylic'], ['N47', 'Red Brown', '#683128', 'Matt', 'Acrylic'], ['N51', 'Light Gull Gray', None, 'Gloss', 'Acrylic'], ['N57', 'Aircraft Gray', None, 'Gloss', 'Acrylic'], ['N79', 'Dark Yellow', '#fff', 'Satin', 'Acrylic'], ['N93', 'Clear blue', '#0569e5', 'Matt', 'Acrylic'], ['N98', 'Fluorescent Orange', None, 'Gloss', 'Acrylic'], ['N98', 'Fluorescent Orange', '#fff', 'Gloss', 'Acrylic'], ['N101', 'Fluorescent Red', '#fff', 'Gloss', 'Acrylic'], ['N127', 'Cockpit Color (Nakajima)', None, 'Satin', 'Acrylic'], [None, None, None, 'Thinners', 'Acrylic']], 'Admiralty Paints': [['A9106E', 'Matt Metal Black', None, 'Matt', 'Enamel'], ['AP9105E', 'Dull Black', None, 'Satin', 'Enamel'], ['AP9110E', 'Dull White', None, 'Matt', 'Enamel'], ['AP9111E', 'Matt White', None, 'Matt', 'Enamel'], ['AP9115E', 'Yellow Ochre', None, 'Matt', 'Enamel'], ['AP9116E', 'Red Ochre', None, 'Matt', 'Enamel'], ['AP9117E', 'French Blue', None, 'Matt', 'Enamel'], ['AP9118E', 'Olive Green', None, 'Matt', 'Enamel'], ['AP9119E', 'Wood (Walnut Brown)', None, 'Matt', 'Enamel'], ['AP9120E', 'Matt Flesh', None, 'Matt', 'Enamel'], ['AP9125E', 'Gold Brass', None, 'Metallic', 'Enamel'], ['AP9126E', 'Copper', None, 'Metallic', 'Enamel'], ['A9105W', 'Dull Black', None, 'Satin', 'Acrylic'], ['AP9106W', 'Matt Metal Black', None, 'Matt', 'Acrylic'], ['AP9110W', 'Dull White', None, 'Matt', 'Acrylic'], ['AP9111W', 'Matt White', None, 'Matt', 'Acrylic'], ['AP9115W', 'Yellow Ochre', None, 'Matt', 'Acrylic'], ['AP9116W', 'Red Ochre', None, 'Matt', 'Acrylic'], ['AP9117W', 'French Blue', None, 'Matt', 'Acrylic'], ['AP9118W', 'Olive Green', None, 'Matt', 'Acrylic'], ['AP9119W', 'Wood (Walnut Brown)', None, 'Matt', 'Acrylic'], ['AP9120W', 'Matt Flesh', None, 'Matt', 'Acrylic'], ['AP9125W', 'Gold / Brass', None, 'Metallic', 'Acrylic'], ['AP9126W', 'Copper', None, 'Metallic', 'Acrylic'], ['AP9205W', 'Etch Primer', None, 'Matt', 'Acrylic']], 'AeroMaster Warbird': [['0102', 'French Khaki', '#646636', 'Matt', 'Enamel'], ['9001', 'Black', '#505352', 'Matt', 'Enamel'], ['9002', 'White', '#fcfbf7', 'Matt', 'Enamel'], ['9003', 'Yellow', '#f9f029', 'Matt', 'Enamel'], ['9004', 'Blue', '#2f6fb0', 'Matt', 'Enamel'], ['9005', 'Red', '#cb2b39', 'Matt', 'Enamel'], ['9010', 'Tire Black', '#333739', 'Matt', 'Enamel'], ['9011', 'Glaze', '#fff', 'Matt', 'Enamel'], ['9012', 'Flat Clear', '#ffffff', 'Matt', 'Enamel'], ['9013', 'Semi Gloss Clear', '#ffffff', 'Satin', 'Enamel'], ['9014', 'Semi Gloss Clear', '#ffffff', 'Gloss', 'Enamel'], ['9020', 'RLM 02 Grau', '#6c7264', 'Matt', 'Enamel'], ['9021', 'RLM 65 Hellblau', '#78979a', 'Matt', 'Enamel'], ['9022', 'RLM 66 Schwarzgrau', '#383f47', 'Matt', 'Enamel'], ['9023', 'RLM 70 Schwarzgrun', '#303b3d', 'Matt', 'Enamel'], ['9024', 'RLM 71 Dunkelgrun', '#3d4641', 'Matt', 'Enamel'], ['9025', 'RLM 74 Graugrun', '#3d4c53', 'Matt', 'Enamel'], ['9026', 'RLM 75 Grauviolett', '#5c6270', 'Matt', 'Enamel'], ['9027', 'RLM 76 Lichtblau', '#94b1b7', 'Matt', 'Enamel'], ['9028', 'RLM 81 Braunviolett', '#404646', 'Matt', 'Enamel'], ['9029', 'RLM 81A Braunviolett', '#fff', 'Matt', 'Enamel'], ['9030', 'RLM 82 Dunkelgrun', '#fff', 'Matt', 'Enamel'], ['9031', 'RLM 83 Lichtgrun', '#fff', 'Matt', 'Enamel'], ['9032', 'RLM 84 Graublau', '#fff', 'Matt', 'Enamel'], ['9033', 'RLM 78 Hellblau', '#fff', 'Matt', 'Enamel'], ['9034', 'RLM 79 Sandgelb', '#fff', 'Matt', 'Enamel'], ['9035', 'RLM 80 Olivegrun', '#fff', 'Matt', 'Enamel'], ['9036', 'RLM 04 Gelb', '#fff', 'Matt', 'Enamel'], ['9040', 'US Olive Drab 41', '#fff', 'Matt', 'Enamel'], ['9041', 'US Olive Drab 41 Faded', '#fff', 'Matt', 'Enamel'], ['9042', 'US Green 42', '#fff', 'Matt', 'Enamel'], ['9043', 'US Neutral Gray 43', '#fff', 'Matt', 'Enamel'], ['9044', 'US Sea Blue Flat ANA 607', '#fff', 'Matt', 'Enamel'], ['9045', 'US Sea Blue Gloss ANA 623', '#fff', 'Matt', 'Enamel'], ['9046', 'US Interim  Blue ANA 608', '#fff', 'Matt', 'Enamel'], ['9050', 'US Gunship Gray 36118', '#fff', 'Matt', 'Enamel'], ['9051', 'Light Gray FS 36495', '#fff', 'Matt', 'Enamel'], ['9052', 'Medium Gray FS 35237', '#fff', 'Matt', 'Enamel'], ['9053', 'US Neutral Gray 36270', '#fff', 'Matt', 'Enamel'], ['9054', 'US Dk. Ghost Gray FS 36320', '#fff', 'Matt', 'Enamel'], ['9055', 'US Lt. Ghost Gray FS 36375', '#fff', 'Matt', 'Enamel'], ['9056', 'Lt. Gull Gray FS 36440', '#fff', 'Matt', 'Enamel'], ['9057', 'US Gloss Sea Blue FS 15042', '#123a46', 'Matt', 'Enamel'], ['9070', 'Russia Lt. Gray', '#fff', 'Matt', 'Enamel'], ['9071', 'Russia Dk. Gray', '#fff', 'Matt', 'Enamel'], ['9072', 'Russia Earth Brown', '#fff', 'Matt', 'Enamel'], ['9073', 'Russia Topside Green', '#fff', 'Matt', 'Enamel'], ['9074', 'Russia Lt. Blue', '#fff', 'Matt', 'Enamel'], ['9080', 'Finland ID Yellow', '#fff', 'Matt', 'Enamel'], ['9081', 'Finland Olive Green', '#fff', 'Matt', 'Enamel'], ['9082', 'Finland Lt. Blue', '#fff', 'Matt', 'Enamel'], ['9090', 'Japan Navy Green', '#fff', 'Matt', 'Enamel'], ['9091', 'Japan Navy Gray', '#fff', 'Matt', 'Enamel'], ['9092', 'Japan Dk. Army Green', '#fff', 'Matt', 'Enamel'], ['9093', 'Japan Med Army Green', '#fff', 'Matt', 'Enamel'], ['9094', 'Japan Earth Brown', '#fff', 'Matt', 'Enamel'], ['9095', 'Japan Army Gray', '#fff', 'Matt', 'Enamel'], ['9096', 'Japan A/N Brown Primer', '#fff', 'Matt', 'Enamel'], ['9097', 'Japan A/N ID Orange Yellow', '#fff', 'Matt', 'Enamel'], ['9100', 'French Dk. Blue Gray', '#fff', 'Matt', 'Enamel'], ['9101', 'French Lt. Blue Gray', '#fff', 'Matt', 'Enamel'], ['9102', 'French Khaki', '#fff', 'Matt', 'Enamel'], ['9103', 'French Brown', '#fff', 'Matt', 'Enamel'], ['9104', 'French Tan', '#fff', 'Matt', 'Enamel'], ['9110', 'UK Dk. Earth', '#fff', 'Matt', 'Enamel'], ['9111', 'UK Dk. Green', '#fff', 'Matt', 'Enamel'], ['9112', 'UK Ocean Gray', '#fff', 'Matt', 'Enamel'], ['9113', 'UK Med. Sea Gray', '#fff', 'Matt', 'Enamel'], ['9114', 'UK Sky', '#fff', 'Matt', 'Enamel'], ['9115', 'UK Midstone', '#fff', 'Matt', 'Enamel'], ['9116', 'UK Azure', '#fff', 'Matt', 'Enamel'], ['1001', 'Gloss', '#ffffff', 'Gloss', 'Acrylic'], ['1002', 'Semi Gloss', '#ffffff', 'Satin', 'Acrylic'], ['1003', 'Flat', '#ffffff', 'Matt', 'Acrylic'], ['1004', 'Tire Black', '#333739', 'Matt', 'Acrylic'], ['1010', 'RLM 02 Grau', '#fff', 'Matt', 'Acrylic'], ['1011', 'RLM 04 Gelb', '#fff', 'Matt', 'Acrylic'], ['1012', 'RLM 21 White', '#fff', 'Matt', 'Acrylic'], ['1013', 'RLM 22 Black', '#fff', 'Matt', 'Acrylic'], ['1014', 'RLM 23 Red', '#fff', 'Matt', 'Acrylic'], ['1015', 'RLM 24 Blue', '#fff', 'Matt', 'Acrylic'], ['1016', 'RLM 25 Green', '#fff', 'Matt', 'Acrylic'], ['1020', 'RLM 27 Gelb', '#fff', 'Matt', 'Acrylic'], ['1021', 'RLM 65 Hellblau', '#fff', 'Matt', 'Acrylic'], ['1022', 'RLM 66 Schwarzgrau', '#fff', 'Matt', 'Acrylic'], ['1023', 'RLM 70 Schwarzgrun', '#fff', 'Matt', 'Acrylic'], ['1024', 'RLM 71 Dunkelgrun', '#fff', 'Matt', 'Acrylic'], ['1025', 'RLM 74 Graugrun', '#fff', 'Matt', 'Acrylic'], ['1026', 'RLM 75 Grauviolett', '#fff', 'Matt', 'Acrylic'], ['1027', 'RLM 76 Lichtblau', '#fff', 'Matt', 'Acrylic'], ['1028', 'RLM 78 Hellblau', '#fff', 'Matt', 'Acrylic'], ['1029', 'RLM 79 Sandgelb', '#fff', 'Matt', 'Acrylic'], ['1030', 'RLM 80 Olivegrun', '#fff', 'Matt', 'Acrylic'], ['1031', 'RLM 81 Braunviolett', '#fff', 'Matt', 'Acrylic'], ['1032', 'RLM 81A Braunviolett', '#fff', 'Matt', 'Acrylic'], ['1033', 'RLM 82 Dunkelgrun', '#fff', 'Matt', 'Acrylic'], ['1034', 'RLM 83 Lichtgrun', '#fff', 'Matt', 'Acrylic'], ['1035', 'RLM 84 Graublau', '#fff', 'Matt', 'Acrylic'], ['1040', 'US Olive Drab 41 ANA 613', '#fff', 'Matt', 'Acrylic'], ['1041', 'US Olive Drab 41 Faded', '#fff', 'Matt', 'Acrylic'], ['1042', 'US Green 42', '#fff', 'Matt', 'Acrylic'], ['1043', 'US Neutral Gray 43', '#fff', 'Matt', 'Acrylic'], ['1044', 'US Sea Blue Flat ANA 607', '#fff', 'Matt', 'Acrylic'], ['1045', 'US Sea Blue ANA 623', '#fff', 'Matt', 'Acrylic'], ['1046', 'US Interim  Blue ANA 608', '#fff', 'Matt', 'Acrylic'], ['1047', 'US Lt. Gull Gray/ANA 602', '#fff', 'Matt', 'Acrylic'], ['1048', 'US  Blue grey ANA', '#fff', 'Matt', 'Acrylic'], ['1049', 'US Interior Green', '#fff', 'Matt', 'Acrylic'], ['1050', 'US Interior Yellow', '#fff', 'Matt', 'Acrylic'], ['1051', 'US Orange Yellow ANA 614', '#fff', 'Matt', 'Acrylic'], ['1052', 'US Sand ANA 616', '#fff', 'Matt', 'Acrylic'], ['1053', 'US Neutral Gray 36270', '#fff', 'Matt', 'Acrylic'], ['1054', 'US Dk. Ghost Gray FS 36320', '#fff', 'Matt', 'Acrylic'], ['1055', 'US Lt. Ghost Gray FS 36375', '#fff', 'Matt', 'Acrylic'], ['1056', 'US Lt. Gull Gray FS 36440', '#fff', 'Matt', 'Acrylic'], ['1057', 'US Gunship Gray 36118', '#fff', 'Matt', 'Acrylic'], ['1058', 'US Medium Gray FS 35237', '#fff', 'Matt', 'Acrylic'], ['1059', 'US Tan FS 30219', '#fff', 'Matt', 'Acrylic'], ['1060', 'US Dark Green FS 34079', '#fff', 'Matt', 'Acrylic'], ['1061', 'US Med. Green 34102', '#fff', 'Matt', 'Acrylic'], ['1062', 'US Lt. Gray FS 36622', '#fff', 'Matt', 'Acrylic'], ['1063', 'US DK. Gunship Gray FS6081', '#fff', 'Matt', 'Acrylic'], ['1064', 'US Dk. Mod Eagle Gray FS 36176', '#fff', 'Matt', 'Acrylic'], ['1065', 'US Lt Mod Eagle Gray FS 36251', '#fff', 'Matt', 'Acrylic'], ['1066', 'US Dk. Gull Gray FS 36231', '#fff', 'Matt', 'Acrylic'], ['1067', 'US Lt. Gray FS 36495', '#fff', 'Matt', 'Acrylic'], ['1068', 'US ADC Gray FS 16473', '#fff', 'Matt', 'Acrylic'], ['1084', 'Japan Aotake', '#fff', 'Metallic', 'Acrylic'], ['1085', 'Japan Overall Gray', '#fff', 'Matt', 'Acrylic'], ['1086', 'Japan A/N Yellow', '#fff', 'Matt', 'Acrylic'], ['1087', 'Japan Mitsubishi Cowl Blue/Black', '#fff', 'Matt', 'Acrylic'], ['1088', 'Japan Kawanishi Green', '#fff', 'Matt', 'Acrylic'], ['1089', 'Japan Earth Brown', '#fff', 'Matt', 'Acrylic'], ['1090', 'Japan Nakajima Navy Green', '#fff', 'Matt', 'Acrylic'], ['1091', 'Japan Nakajima Navy Gray', '#fff', 'Matt', 'Acrylic'], ['1092', 'Japan Nakajima Army Green', '#fff', 'Matt', 'Acrylic'], ['1093', 'Japan Nakajima Interior Gray / Green', '#a9b77a', 'Matt', 'Acrylic'], ['1094', 'Japan Mitsubishi Navy Green', '#fff', 'Matt', 'Acrylic'], ['1095', 'Japan Mitsubishi Navy Gray', '#fff', 'Matt', 'Acrylic'], ['1096', 'Japan Mitsubishi Interior Green', '#fff', 'Matt', 'Acrylic'], ['1097', 'Japan Kawasaki Army Green', '#fff', 'Matt', 'Acrylic'], ['1098', 'Japan Und. Surf. Army Grey/Green', '#fff', 'Matt', 'Acrylic'], ['1099', 'Japan A/N Red Brown Primer', '#fff', 'Matt', 'Acrylic'], ['1100', 'France Dk. Blue Gray', '#fff', 'Matt', 'Acrylic'], ['1101', 'French Lt Blue Gray', '#fff', 'Matt', 'Acrylic'], ['1102', 'French Khaki', '#fff', 'Matt', 'Acrylic'], ['1103', 'French Brown', '#fff', 'Matt', 'Acrylic'], ['1104', 'French Tan', '#fff', 'Matt', 'Acrylic'], ['1105', 'France Interior Blue', '#fff', 'Matt', 'Acrylic'], ['1110', 'UK Dk. Earth', '#fff', 'Matt', 'Acrylic'], ['1111', 'UK Dk. Green', '#fff', 'Matt', 'Acrylic'], ['1112', 'UK Ocean Gray', '#fff', 'Matt', 'Acrylic'], ['1113', 'UK Med. Sea Gray', '#fff', 'Matt', 'Acrylic'], ['1114', 'UK Sky', '#fff', 'Matt', 'Acrylic'], ['1115', 'UK Midstone', '#fff', 'Matt', 'Acrylic'], ['1116', 'UK Azure', '#fff', 'Matt', 'Acrylic'], ['1117', 'UK P.R.U. Blue', '#fff', 'Matt', 'Acrylic'], ['1118', 'UK Ext. Dk. Sea Gray', '#fff', 'Matt', 'Acrylic'], ['1119', 'UK Slate Gray', '#fff', 'Matt', 'Acrylic'], ['1119', 'UK Slate Gray', '#fff', 'Matt', 'Acrylic'], ['1120', 'UK Interior Green', '#fff', 'Matt', 'Acrylic'], ['1121', 'UK Mediterranean Blue', '#fff', 'Matt', 'Acrylic'], ['1122', 'UK Dk. Sea Gray', '#fff', 'Matt', 'Acrylic'], ['1190', 'Russia Lt. Gray', '#fff', 'Matt', 'Acrylic'], ['1191', 'Russia Dk. Gray', '#fff', 'Matt', 'Acrylic'], ['1192', 'Russia Earth Brown FS 30219', '#fff', 'Matt', 'Acrylic'], ['1193', 'Russia Topside Green', '#fff', 'Matt', 'Acrylic'], ['1194', 'Russia Lt. Blue FS 35414', '#fff', 'Matt', 'Acrylic'], ['1195', 'Russia Dk. Gray II 36081', '#fff', 'Matt', 'Acrylic'], ['1210', 'Italy Gray I Grigio Mimetico', '#fff', 'Matt', 'Acrylic'], ['1211', 'Italy Gray II Grigio Azzurro', '#fff', 'Matt', 'Acrylic'], ['1212', 'Italy Green 1 Verde Mimetico', '#fff', 'Matt', 'Acrylic'], ['1213', 'Italy Green II Verde Mimetico', '#fff', 'Matt', 'Acrylic'], ['1214', 'Italy Dk O.D. Verde Oliva Oscuro', '#fff', 'Matt', 'Acrylic'], ['1215', 'Italy Sand 4 Nocciola Chiraro', '#fff', 'Matt', 'Acrylic'], ['1216', 'Italy Tan 4 Giallo Mimetico', '#fff', 'Matt', 'Acrylic'], ['1217', 'Italy Brown Bruno Mimetico', '#fff', 'Matt', 'Acrylic'], ['1218', 'Italy Int Green Verde Anticorrosivo', '#fff', 'Matt', 'Acrylic'], ['1230', 'Finland ID Yellow', '#fff', 'Matt', 'Acrylic'], ['1231', 'Finland Olive Green', '#fff', 'Matt', 'Acrylic'], ['1232', 'Finland Lt. Blue', '#fff', 'Matt', 'Acrylic'], ['1260', 'Warpac Red Brown Earth', '#442f2a', 'Matt', 'Acrylic'], ['1261', 'Warpac Tan', '#9a7a65', 'Matt', 'Acrylic'], ['1262', 'Warpac Medium Green', '#fff', 'Matt', 'Acrylic'], ['1263', 'Warpac Dark Green', '#3c3d2d', 'Matt', 'Acrylic'], ['1264', 'Warpac Undersurface Blue Gray', '#fff', 'Matt', 'Acrylic'], ['1265', 'Warpac Undersurface Gray', '#fff', 'Matt', 'Acrylic'], ['1266', 'Warpac Air Superiority Gray', '#fff', 'Matt', 'Acrylic'], ['1267', 'Warpac Stone', '#cac3a3', 'Matt', 'Acrylic'], ['1268', 'Warpac Radome/Hub Green', '#215f21', 'Matt', 'Acrylic'], ['1269', 'Warpac Radome Gray', '#83888a', 'Matt', 'Acrylic'], ['1270', 'Warpack Cockpit Blue Green', '#fff', 'Matt', 'Acrylic'], ['2901', 'Custom Mix 36440', '#fff', 'Matt', 'Acrylic'], ['2903', 'Custom Mix 36622', '#fff', 'Matt', 'Acrylic'], ['2902', 'Custom Mix 36440', '#fff', 'Matt', 'Acrylic'], ['2904', 'Custom Mix 36622', '#fff', 'Matt', 'Acrylic']], 'AGAMA': [['29', 'Rust', '#fff', 'Matt', 'Enamel'], ['A31', 'Light Gull Grey FS36440', '#fff', 'Satin', 'Enamel'], ['N9 M', 'RLM 72 Gr├╝n', '#fff', 'Matt', 'Enamel'], ['N10 M', 'RLM 73 Gr├╝n', '#fff', 'Matt', 'Enamel'], ['N11 M', 'RLM 75 Grauviolett', '#30373d', 'Matt', 'Enamel'], ['N12 M', 'RLM 79 Sandgelb', '#fff', 'Matt', 'Enamel'], ['N14 M', 'RLM 80 Olivgr├╝n', '#fff', 'Matt', 'Enamel'], ['N19 M', 'RLM 66 Schwarzgrau', '#fff', 'Matt', 'Enamel'], ['N26 M', 'RLM 25 Hellgr├╝n', '#fff', 'Matt', 'Enamel'], ['N29 M', 'RLM 79a Sandbraun', '#fff', 'Matt', 'Enamel'], ['N34M', 'Uniform Green Grey', '#384035', 'Matt', 'Enamel'], ['01M', 'White', '#ffffff', 'Matt', 'Acrylic'], ['02M', 'Yellow', '#ffff00', 'Matt', 'Acrylic'], ['03M', 'Orange', '#ffa500', 'Matt', 'Acrylic'], ['04M', 'Red', '#ff0000', 'Matt', 'Acrylic'], ['05M', 'Blue', '#0000ff', 'Matt', 'Acrylic'], ['06M', 'Green', '#00ff00', 'Matt', 'Acrylic'], ['07M', 'Black', '#000000', 'Matt', 'Acrylic'], ['08Me', 'Silver', '#f5f5f5', 'Metallic', 'Acrylic'], ['09M', 'Dark Blue', '#00008b', 'Matt', 'Acrylic'], ['10Me', 'Gold', '#dbc16e', 'Metallic', 'Acrylic'], ['11M', 'Ocher', '#cc7722', 'Matt', 'Acrylic'], ['12M', 'Red Brown', '#a13d2d', 'Matt', 'Acrylic'], ['14L', 'White', '#ffffff', 'Gloss', 'Acrylic'], ['15L', 'Yellow', '#ffff00', 'Gloss', 'Acrylic'], ['16L', 'Orange', '#ffa500', 'Gloss', 'Acrylic'], ['17L', 'Red', '#ff0000', 'Gloss', 'Acrylic'], ['18L', 'Blue', '#0000ff', 'Gloss', 'Acrylic'], ['19L', 'Green', '#00ff00', 'Gloss', 'Acrylic'], ['20L', 'Black', '#000000', 'Gloss', 'Acrylic'], ['21L', 'Ocher', '#cc7722', 'Gloss', 'Acrylic'], ['22L', 'Red Brown', '#a13d2d', 'Gloss', 'Acrylic'], ['24M', 'Wood', '#b29473', 'Matt', 'Acrylic'], ['25M', 'Skin', '#f6d1b5', 'Matt', 'Acrylic'], ['26M', 'Brick Red', '#d09c88', 'Matt', 'Acrylic'], ['27M', 'Linen', '#d7cdb2', 'Matt', 'Acrylic'], ['28M', 'Oxid', '#a5c9ab', 'Matt', 'Acrylic'], ['29M', 'Rust', '#b7410e', 'Matt', 'Acrylic'], ['30M', 'Leather', '#c3ac79', 'Matt', 'Acrylic'], ['31M', 'Concrete', '#aca9a2', 'Matt', 'Acrylic'], ['32Me', 'Gun Metal', '#5b6065', 'Metallic', 'Acrylic'], ['33L', 'Dark Green', '#008b00', 'Gloss', 'Acrylic'], ['34L', 'Dark Blue', '#00008b', 'Gloss', 'Acrylic'], ['35L', 'Brown', '#5a4632', 'Gloss', 'Acrylic'], ['36M', 'Tyre', '#6d6a67', 'Matt', 'Acrylic'], ['37L', 'Dark Red', '#8b0000', 'Gloss', 'Acrylic'], ['38L', 'Purple', '#800080', 'Gloss', 'Acrylic'], ['39M', 'Ivory', '#fffff0', 'Matt', 'Acrylic'], ['40M', 'Dark Green', '#008b00', 'Matt', 'Acrylic'], ['41M', 'Brown', '#5a4632', 'Matt', 'Acrylic'], ['42M', 'Dark Red', '#8b0000', 'Matt', 'Acrylic'], ['43Me', 'Bronze', '#714e32', 'Metallic', 'Acrylic'], ['44Me', 'Copper', '#be7752', 'Metallic', 'Acrylic'], ['45Me', 'Brass', '#b5894c', 'Metallic', 'Acrylic'], ['46Me', 'Aluminium', '#b6b5b3', 'Metallic', 'Acrylic'], ['47Me', 'Belts color', '#3c1f23', 'Metallic', 'Acrylic'], ['47 me', 'tracks colour', '#fff', 'Metallic', 'Acrylic'], ['48M', 'Asphalt', '#82817e', 'Matt', 'Acrylic'], ['49M', 'Creamy', '#ecd590', 'Matt', 'Acrylic'], ['52L', 'Lemon Yellow', '#fde910', 'Gloss', 'Acrylic'], ['52M', 'Purple', '#800080', 'Matt', 'Acrylic'], ['53M', 'Lemon Yellow', '#fde910', 'Matt', 'Acrylic'], ['54M', 'Exhaust', '#826858', 'Matt', 'Acrylic'], ['57Me', 'Annealed Steel', '#566369', 'Metallic', 'Acrylic'], ['60L', 'Car Red', '#ce5361', 'Gloss', 'Acrylic'], ['61M', 'Mud', '#8f8d86', 'Matt', 'Acrylic'], ['62P', 'Oil', '#645752', 'Satin', 'Acrylic'], ['A01M', 'Medium Green 42', '#1e2a19', 'Matt', 'Acrylic'], ['A02M', 'Olive Drab 41', '#232416', 'Matt', 'Acrylic'], ['A03M', 'Neutral Grey 43', '#2e3639', 'Matt', 'Acrylic'], ['A04M', 'Non Specular Sea Blue ANA 607', '#000103', 'Matt', 'Acrylic'], ['A05M', 'Intermediate blue ANA 608', '#2e4054', 'Matt', 'Acrylic'], ['A06M', 'Light Grey ANA 602', '#88958b', 'Matt', 'Acrylic'], ['A07M', 'Dark Green FS 34079', '#545648', 'Matt', 'Acrylic'], ['A08M', 'Green FS 34102', '#585c46', 'Matt', 'Acrylic'], ['A09M', 'Tan FS 30219', '#7b5e34', 'Matt', 'Acrylic'], ['A10M', 'Grey FS 36622', '#ebedbf', 'Matt', 'Acrylic'], ['A11M', 'Zincchromate primer', '#ddbf21', 'Matt', 'Acrylic'], ['A12M', 'Green ANA 611', '#49591f', 'Matt', 'Acrylic'], ['A13M', 'Sand 49', '#9e7644', 'Matt', 'Acrylic'], ['A14M', 'U. S. Marine Green', '#242d13', 'Matt', 'Acrylic'], ['A15M', 'Olive Drab', '#11170d', 'Matt', 'Acrylic'], ['A16M', 'Green FS34092', '#142e17', 'Matt', 'Acrylic'], ['A17M', 'Grey FS36081', '#232929', 'Matt', 'Acrylic'], ['A18M', 'Grey FS36231', '#888b8d', 'Matt', 'Acrylic'], ['A19M', 'Brown FS 30118', '#422f10', 'Matt', 'Acrylic'], ['A37M', 'Yellow Earth FS 30257', '#b58b5d', 'Matt', 'Acrylic'], ['A38M', 'Red Earth FS30117', '#7e5d4d', 'Matt', 'Acrylic'], ['A39M', 'Sand FS 30277', '#9a8b72', 'Matt', 'Acrylic'], ['A40M', 'Light Green FS 34151', '#65643c', 'Matt', 'Acrylic'], ['B01M', 'Dark Green', '#7c8471', 'Matt', 'Acrylic'], ['B02M', 'Dark Earth', '#938471', 'Matt', 'Acrylic'], ['B03M', 'Ocean Grey', '#8c979e', 'Matt', 'Acrylic'], ['B04M', 'Duck Egg Blue', '#cfe8b1', 'Matt', 'Acrylic'], ['B05M', 'Sky Blue Type S', '#cfe493', 'Matt', 'Acrylic'], ['B06M', 'Medium Sea Grey', '#99a1a2', 'Matt', 'Acrylic'], ['C01P', 'Green', '#2a3e16', 'Satin', 'Acrylic'], ['C02P', 'Ochre', '#8c7a3c', 'Satin', 'Acrylic'], ['C03P', 'Brown', '#5a4f3c', 'Satin', 'Acrylic'], ['C04P', 'Khaki Light', '#343620', 'Matt', 'Acrylic'], ['C05P', 'Dark Khaki', '#3e3e36', 'Matt', 'Acrylic'], ['C06P', 'Police Green', '#021d14', 'Matt', 'Acrylic'], ['C08P', 'Grey Green', '#2d3828', 'Matt', 'Acrylic'], ['C09M', 'Brown', '#282617', 'Matt', 'Acrylic'], ['C10M', 'Black Olive', '#161501', 'Matt', 'Acrylic'], ['C11M', 'Ochre', '#67562b', 'Matt', 'Acrylic'], ['C12M', 'Light Grey', '#c5d3c2', 'Matt', 'Acrylic'], ['C20P', 'Khaki 5450', '#414126', 'Matt', 'Acrylic'], ['C27P', 'Grey Green', '#5b6048', 'Satin', 'Acrylic'], ['C29L', 'Dark Green', '#375839', 'Gloss', 'Acrylic'], ['C30P', 'Chestnut Brown', '#493e3c', 'Satin', 'Acrylic'], ['C32P', 'Sand', '#cdb170', 'Satin', 'Acrylic'], ['C36P', 'Light Grey', '#8d9598', 'Satin', 'Acrylic'], ['C38P', 'Light Grey RAL 7040', '#9ca8b4', 'Satin', 'Acrylic'], ['F01M', 'Khaki', '#504e3f', 'Matt', 'Acrylic'], ['F02M', 'Green', '#567758', 'Matt', 'Acrylic'], ['F03M', 'Dark Earth Brown', '#695949', 'Matt', 'Acrylic'], ['F04M', 'Bright Bluegrey', '#596e7f', 'Matt', 'Acrylic'], ['F05M', 'Dark Bluegrey', '#4c5759', 'Matt', 'Acrylic'], ['F06M', 'Chocolate Brown', '#56453d', 'Matt', 'Acrylic'], ['F07M', 'Midnight Blue', '#3c4856', 'Matt', 'Acrylic'], ['I01M', 'Green for stains', '#717856', 'Matt', 'Acrylic'], ['I02M', 'Base Green', '#596b5b', 'Matt', 'Acrylic'], ['I03M', 'Universal Green', '#555749', 'Matt', 'Acrylic'], ['I04M', 'Sand', '#ad8d5e', 'Matt', 'Acrylic'], ['I05M', 'Grey', '#949a98', 'Matt', 'Acrylic'], ['I06M', 'Bright Green', '#9db16a', 'Matt', 'Acrylic'], ['J01M', 'Green N1', '#455354', 'Matt', 'Acrylic'], ['J02M', 'Grey A/N2', '#d0cfbb', 'Matt', 'Acrylic'], ['J03M', 'Green A3', '#636250', 'Matt', 'Acrylic'], ['J04M', 'Purple N9', '#8e848d', 'Matt', 'Acrylic'], ['J05M', 'Brown N17', '#96824d', 'Matt', 'Acrylic'], ['J06M', 'Interior Blue A/N28', '#496d7d', 'Matt', 'Acrylic'], ['J07M', 'Light Blue-Gray N8', '#a6c0bf', 'Matt', 'Acrylic'], ['N01M', 'Black Green RLM 70', '#69736c', 'Matt', 'Acrylic'], ['N02M', 'Dark Green RLM 71', '#717971', 'Matt', 'Acrylic'], ['N03M', 'Light Grey RLM 76', '#aab7b1', 'Matt', 'Acrylic'], ['N04M', 'Dark Grey RLM 74', '#2e3235', 'Matt', 'Acrylic'], ['N05M', 'Bright Blue RLM 65', '#80a5b5', 'Matt', 'Acrylic'], ['N06M', 'Grey RLM02', '#838b92', 'Matt', 'Acrylic'], ['N11M', 'Grauviolett RLM 75', '#30373d', 'Matt', 'Acrylic'], ['N12M', 'RLM 79 Sandgelb', '#6b4723', 'Matt', 'Acrylic'], ['N13M', 'Sky Blue RLM 78', '#70828e', 'Matt', 'Acrylic'], ['N14M', 'Olivgr├╝n RLM 80', '#202a18', 'Matt', 'Acrylic'], ['N18M', 'Light Green RLM 83', '#2f3f0e', 'Matt', 'Acrylic'], ['N22M', 'Redbrown', '#623f29', 'Matt', 'Acrylic'], ['P01M', 'Khaki', '#6e6046', 'Matt', 'Acrylic'], ['P02M', 'Grey Sand', '#c4a177', 'Matt', 'Acrylic'], ['P03M', 'Dark Brown', '#6b4d42', 'Matt', 'Acrylic'], ['R1M', 'Green AMT 4', '#2e361e', 'Matt', 'Acrylic'], ['R6M', 'Dark Grey AMT 12', '#1d241d', 'Matt', 'Acrylic'], ['R7M', 'Blue Grey AMT 11', '#39503a', 'Matt', 'Acrylic'], ['R31P', 'Light Blue', '#76afcc', 'Matt', 'Acrylic'], ['C37P', 'Dark Grey RAL 7000', '#787b8c', 'Satin', 'Acrylic'], ['13M', 'Laquer Matt', '#fff', 'Matt', None], ['23L', 'Laquer Glossy', '#fff', 'Gloss', None], ['51P', 'Laquer SemiMatt (SemiGlossy)', '#fff', 'Satin', None], ['PP10', 'Mud', '#fff', 'Matt', None], ['R1 M', 'Sand Yellow', '#fff', 'Matt', None], ['RX01', 'Reflex Yellow', '#ffff00', 'Fluo', None], ['RX02', 'Reflex Orange', '#ffa500', 'Fluo', None], ['RX03', 'Red', '#ff0000', 'Fluo', None], ['RX04', 'Green', '#00ff00', 'Fluo', None], ['TR01', 'Yellow', '#ffff00', None, None], ['TR02', 'Orange', '#ffa500', None, None], ['TR03', 'Red', '#ff0000', None, None], ['TR04', 'Green', '#00ff00', None, None], ['TR05', 'Blue', '#0000ff', None, None], ['TR06', 'Smoke Black', '#000000', None, None], ['TR07', 'Smoke Brown', '#a52a2a', None, None], ['TR08', 'Smoke Green', '#00ff00', None, None], ['TR09', 'Brown', '#a52a2a', None, None], ['TR10', 'Purple', '#800080', None, None], ['TR11', 'Violet', '#ee82ee', None, None], ['TR12', 'Black', '#000000', None, None], ['ME01', 'Silver', '#c0c0c0', 'Metallic', None], ['ME02', 'Steel', '#a0a0a0', 'Metallic', None], ['ME03', 'Aluminium', '#848789', 'Metallic', None], ['ME04', 'Gunmetal', '#2c3539', 'Metallic', None], ['ME05', 'Copper', '#da8a67', 'Metallic', None], ['ME06', 'Gold', '#ffd700', 'Metallic', None], ['ME07', 'Brass', '#b5a642', 'Metallic', None], ['ME08', 'Bronze', '#cd7f32', 'Metallic', None], ['ME09', 'Annealed Steel', '#566369', 'Metallic', None], ['ME10', 'Red Gold', '#fff', 'Metallic', None], ['ME11', 'Brown Metal', '#fff', 'Metallic', None], ['S01', 'Base color I', '#ffffff', None, None], ['S02', 'Base color II', '#ffffff', None, None], ['S03', 'Royal Air Force - II. World War', '#7c8471', None, None], ['S04', 'Luftwaffe - II. World War', '#838b92', None, None], ['S05', 'US Air Force - II. World War', None, None, None], ['S06', 'British Naval Air Force and Overseas Air Force - II.WW', '#938471', None, None], ['S07', 'Japan Air Force - II. World War', '#455354', None, None], ['S08', 'French Air Force - II. World War', '#504e3f', None, None], ['S09', 'Italy Air Force - II. World War', '#717856', None, None]], 'AK 3rd Generation - AFV': [['AK 11301', 'WWI British Khaki Brown Base', '#52412d', 'Matt', 'Acrylic'], ['AK 11302', 'WWI French Milky Coffee', '#9b7c4e', 'Matt', 'Acrylic'], ['AK 11303', 'WWI French Artillery Grey', '#545d6c', 'Matt', 'Acrylic'], ['AK 11304', 'WWI French Brown', '#4d2918', 'Matt', 'Acrylic'], ['AK 11305', 'WWI French Green 1', '#383e2a', 'Matt', 'Acrylic'], ['AK 11306', 'WWI French Green 2', '#29281d', 'Matt', 'Acrylic'], ['AK 11307', 'RAL 7009 Hellgrau', '#66624f', 'Matt', 'Acrylic'], ['AK 11308', 'RAL 6007 Gr├╝n', '#2b2d1c', 'Matt', 'Acrylic'], ['AK 11309', 'RAL 6003 Olivegr├╝n Opt.1', '#4d5320', 'Matt', 'Acrylic'], ['AK 11310', 'RAL 6003 Olivgr├╝n Opt.2', '#3c3815', 'Matt', 'Acrylic'], ['AK 11311', 'RAL 6011 Resedagr├╝n', '#616c3f', 'Matt', 'Acrylic'], ['AK 11312', 'RAL 6011B Resedagr├╝n', '#5a6334', 'Matt', 'Acrylic'], ['AK 11313', 'RAL 7008 Graugr├╝n', '#817136', 'Matt', 'Acrylic'], ['AK 11314', 'RAL 7008 Graugr├╝n Opt.2', '#6e7539', 'Matt', 'Acrylic'], ['AK 11315', 'RAL 7017 Dunkelbraun', '#4e3d2d', 'Matt', 'Acrylic'], ['AK 11316', 'RAL 7021 Dunkelgrau', '#1d2120', 'Matt', 'Acrylic'], ['AK 11317', 'RAL 7027 Grau', '#827b5f', 'Matt', 'Acrylic'], ['AK 11318', 'RAL 7028 Dunkelgelb (Initial)', '#a28d41', 'Matt', 'Acrylic'], ['AK 11319', 'RAL 7028 Dunkelgelb Ausgabe 1944', '#957b36', 'Matt', 'Acrylic'], ['AK 11320', 'RAL 7028 Dunkelgelb (Variant)', '#e3cf88', 'Matt', 'Acrylic'], ['AK 11323', 'RAL 6040 F9 Helloliv', '#675a30', 'Matt', 'Acrylic'], ['AK 11325', 'RAL 1039 F9 Sandbeige', '#bb9b62', 'Matt', 'Acrylic'], ['AK 11326', 'RAL 8031 F9 Sandbraun', '#a37841', 'Matt', 'Acrylic'], ['AK 11327', 'RAL 8000 Gelbbraun', '#856829', 'Matt', 'Acrylic'], ['AK 11328', 'RAL 8012 Rotbraun', '#6d2115', 'Matt', 'Acrylic'], ['AK 11329', 'RAL 8013 Rotbraun', '#531812', 'Matt', 'Acrylic'], ['AK 11330', 'RAL 8017 Rotbraun', '#3b251d', 'Matt', 'Acrylic'], ['AK 11331', 'RAL 8020 Braun', '#ac8355', 'Matt', 'Acrylic'], ['AK 11333', 'Cremeweiss', '#e8dead', 'Matt', 'Acrylic'], ['AK 11334', 'Olive Drab Base', '#58542e', 'Matt', 'Acrylic'], ['AK 11335', 'N┬░1 Light Green (FS 34151)', '#5f611f', 'Matt', 'Acrylic'], ['AK 11336', 'N┬░5 Earth Brown (FS 30099)', '#4f3a27', 'Matt', 'Acrylic'], ['AK 11337', 'No 6 Earth Yellow (FS30257)', '#a77437', 'Matt', 'Acrylic'], ['AK 11338', 'No 8 Earth Red (FS 30117)', '#6d3d25', 'Matt', 'Acrylic'], ['AK 11339', 'N┬░9 Olive Drab (FS 33070)', '#3e4022', 'Matt', 'Acrylic'], ['AK 11340', 'N┬║13 Desert Sand (FS30279)', '#a78464', 'Matt', 'Acrylic'], ['AK 11341', 'Ocean Grey', '#4f5b6a', 'Matt', 'Acrylic'], ['AK 11342', 'Dark Green FS 34102', '#363d1e', 'Matt', 'Acrylic'], ['AK 11343', 'MERDC Sand', '#866e48', 'Matt', 'Acrylic'], ['AK 11344', 'Field Drab', '#533f1e', 'Matt', 'Acrylic'], ['AK 11345', 'APC Interior Light Green (FS 24533)', '#c9cba3', 'Matt', 'Acrylic'], ['AK 11346', 'Forest Green FS 34079', '#2a3417', 'Matt', 'Acrylic'], ['AK 11347', 'Australian Camouflage Brown', '#aa8c5a', 'Matt', 'Acrylic'], ['AK 11348', 'Australian Camouflage Green', '#5f621f', 'Matt', 'Acrylic'], ['AK 11349', 'AFV CARC Tan 686A FS33446', '#b79362', 'Matt', 'Acrylic'], ['AK 11350', 'Modern Spanish Green', '#2c341d', 'Matt', 'Acrylic'], ['AK 11351', 'Wood Base', '#a59468', 'Matt', 'Acrylic'], ['AK 11352', 'IDF Modern Grey', '#6d582d', 'Matt', 'Acrylic'], ['AK 11353', 'IDF Sand Grey 1970s-1980s', '#73643b', 'Matt', 'Acrylic'], ['AK 11354', 'IDF Early Sand Yellow', '#8f7f4b', 'Matt', 'Acrylic'], ['AK 11355', 'IDF Green', '#32361d', 'Matt', 'Acrylic'], ['AK 11356', 'SLA Blue FS34158', '#344f4a', 'Matt', 'Acrylic'], ['AK 11357', 'LAF Green', '#2e3022', 'Matt', 'Acrylic'], ['AK 11358', 'NATO Green', '#2b3f26', 'Matt', 'Acrylic'], ['AK 11359', 'NATO Brown', '#493323', 'Matt', 'Acrylic'], ['AK 11360', 'NATO Black', '#252525', 'Matt', 'Acrylic'], ['AK 11361', 'New Iraqi Army Sand', '#d8bc7d', 'Matt', 'Acrylic'], ['AK 11362', 'British Sand Yellow', '#e1a43a', 'Matt', 'Acrylic'], ['AK 11363', 'French Army Desert Sand', '#d0a66c', 'Matt', 'Acrylic'], ['AK 11364', 'French Army Green', '#4b584e', 'Matt', 'Acrylic'], ['AK 11365', 'French Army Grey -Blue', '#a1a9ab', 'Matt', 'Acrylic'], ['AK 11366', 'Mustard Yellow', '#cb982f', 'Matt', 'Acrylic'], ['AK 11367', 'Base Green (Protective)', '#373622', 'Matt', 'Acrylic'], ['AK 11368', 'Russian Green 4BO', '#4c4d25', 'Matt', 'Acrylic'], ['AK 11369', 'Russian Dark Brown 6K', '#321507', 'Matt', 'Acrylic'], ['AK 11370', 'Russian Sand 7K', '#967e50', 'Matt', 'Acrylic'], ['AK 11371', "Protective Green 1920's-1930's", '#24361e', 'Matt', 'Acrylic'], ['AK 11372', 'Washable White Paint', '#ffffff', 'Matt', 'Acrylic'], ['AK 11373', 'Khaki Green  No.3', '#4f4231', 'Matt', 'Acrylic'], ['AK 11374', 'Silver Grey No.28', '#9f9d6a', 'Matt', 'Acrylic'], ['AK 11375', 'Slate No.34', '#4d4c2d', 'Matt', 'Acrylic'], ['AK 11377', 'Light Stone No.61', '#d1b359', 'Matt', 'Acrylic'], ['AK 11377', 'Light Stone No.61', '#d1b359', 'Matt', 'Acrylic'], ['AK 11378', 'Portland Stone No.64', '#f1dfa1', 'Matt', 'Acrylic'], ['AK 11378', 'Portland Stone No.64', '#f1dfa1', 'Matt', 'Acrylic'], ['AK 11381', 'British Dark Olive Green PFI', '#49442e', 'Matt', 'Acrylic'], ['AK 11382', 'British Desert Pink ZI', '#f09060', 'Matt', 'Acrylic'], ['AK 11383', 'British Light Mud', '#a4915d', 'Matt', 'Acrylic'], ['AK 11384', 'S.C.C. No.1A Very Dark Brown', '#381f18', 'Matt', 'Acrylic'], ['AK 11385', 'S.C.C. No.2 Brown', '#855f2e', 'Matt', 'Acrylic'], ['AK 11386', 'S.C.C. No.15 Olive Drab', '#4d4b32', 'Matt', 'Acrylic'], ['AK 11387', '3B AU/ZB AU', '#202211', 'Matt', 'Acrylic'], ['AK 11645', 'German Standard Colors 37-43', '#ffffff', None, None], ['AK 11649', 'AUSCAM Colors Australian Disruptive Pattern Camouflage', '#2b2b21', None, None], ['AK11650', 'IDF AFV Colors', '#6d582d', None, None], ['AK 11658', 'NATO Colors Set', '#252525', None, None], ['AK 11659', 'Vietnam Camouflage Colors for Jungle Armor', '#243128', None, None], ['AK 11664', 'German Standard Colors 1943-45', '#4d5320', None, None], ['AK 11665', 'WWII Russian Standard Colors', '#321507', None, None], ['AK11666', 'Bundeswehr Desert Camouflage Colors', '#675a30', None, None], ['AK11670', 'Standard Tools all Eras', '#4d4d4a', None, None], ['AK 11675', 'US Tank Colors Europe 1944-45', '#101207', None, None], ['AK 11677', 'British Army Colors: Tunisia, Sicily & Italy 1943-45', '#2b2b21', None, None], ['AK 11687', 'German Army Pre-WWII Colors', '#533914', None, None], ['AK 11639', '4BO Russian Green Modulation set', '#243128', None, None], ['AK 11640', 'German Dunkelgelb Modulation Set', '#fdda76', None, None], ['AK 11641', 'German Red Primer Modulation Set', '#cf8139', None, None], ['AK 11642', 'German Panzer Grey Modulation Set', '#b6b8a2', None, None], ['AK 11643', 'US Olive Drab Modulation Set', '#57460e', None, None], ['AK 11644', 'WWI British Colors Modulation Set', '#2d1e01', None, None], ['AK 11669', '1946 Panzer Colors', '#616c3f', None, None], ['AK 11676', 'British Caunter Scheme 1940-41', '#9f9d6a', None, None], ['AK 11678', 'British Army Colors Africa Late 1942-43', '#2b2b21', None, None], ['AK 11679', 'British Army Colors North-West Europe 1944-45', '#2b2b21', None, None], ['AK 11680', 'British Army Colors North-West Europe 1941-44', '#2b2b21', None, None], ['AK 11686', 'WWI German Tank Colors', '#533914', None, None], ['AK 11688', 'GERMAN WWII TANK INTERIOR COLORS', '#66624f', None, None], ['AK 11646', 'British Desert Colors North Africa and Mediterranean 1940-43', '#9f9d6a', None, None], ['AK 11647', 'Vehicle and Tank Accessories', '#a05804', None, None], ['AK 11648', 'Middle East War Colors', '#344f4a', None, None], ['AK 11652', 'Afrika Korps Colors 1941-43', '#1d2120', None, None], ['AK 11654', '1945 Panzer Colors', '#4d5320', None, None], ['AK 11655', 'Iraq & Afghanistan', '#b79362', None, None], ['AK 11656', '1937-44 Panzer Colors', '#4d5320', None, None], ['AK 11657', 'WWII Soviet Tank Colors', '#321507', None, None], ['AK 11660', 'WWI French Colors', '#b4bebf', None, None], ['AK 11661', 'Modern French Army Colors', '#d0a66c', None, None], ['AK 11662', 'Modern Russian Colors Vol 1', '#aeafb4', None, None], ['AK 11663', 'Modern Russian Colors Vol 2', '#f0d682', None, None], ['AK 11672', 'Tracks & Wheels', '#2a261b', None, None], ['AK 11774', 'WWII Japanese Army AFV Colors', '#201404', None, None], ['AK11653', 'MERDC Camouflage Colors', '#ffffff', None, None], ['AK 11668', 'WWII US Army and USMC Camouflage Colors', '#101207', None, None], ['AK 3G Range AFV', '3Gen ΓÇô AFV Series ΓÇô Full Range', '#b79362', None, None]], 'AK 3rd Generation - Air': [[None, None, '#9e764d', 'Matt', 'Acrylic'], ['AK 11801', 'WWI German Fokker Grey', '#7a8c7c', 'Matt', 'Acrylic'], ['AK 11802', 'WWI German Light Green', '#72935c', 'Matt', 'Acrylic'], ['AK 11803', 'WWI German Dark Green', '#334630', 'Matt', 'Acrylic'], ['AK 11804', 'WWI German Mauve', '#816780', 'Matt', 'Acrylic'], ['AK 11805', 'WWI German Red Brown', '#673512', 'Matt', 'Acrylic'], ['AK 11806', 'WWI German Light Blue', '#c8deec', 'Matt', 'Acrylic'], ['AK 11807', 'WWI German Lilac', '#b193af', 'Matt', 'Acrylic'], ['AK 11808', 'WWI German Grey-Green Primer', '#bac4a9', 'Matt', 'Acrylic'], ['AK 11809', 'PC10 late', '#3c412a', 'Matt', 'Acrylic'], ['AK 11810', 'PC12', '#3f362d', 'Matt', 'Acrylic'], ['AK 11811', 'RLM 02 RLM-Grau (1938)', '#979481', 'Matt', 'Acrylic'], ['AK 11812', 'RLM 02 RLM-Grau (1941)', '#807d5e', 'Matt', 'Acrylic'], ['AK 11813', 'RLM 04', '#f1a501', 'Matt', 'Acrylic'], ['AK 11814', 'RLM 61', '#59514e', 'Matt', 'Acrylic'], ['AK 11815', 'RLM 62', '#67694c', 'Matt', 'Acrylic'], ['AK11816', 'RLM 63', '#848165', 'Matt', 'Acrylic'], ['AK 11817', 'RLM 65(1938)', '#86a1a4', 'Matt', 'Acrylic'], ['AK 11818', 'RLM 65 (1941)', '#939f96', 'Matt', 'Acrylic'], ['AK 11819', 'RLM 66 (1938)', '#393f41', 'Matt', 'Acrylic'], ['AK 11820', 'RLM 66 (1941)', '#51524d', 'Matt', 'Acrylic'], ['AK 11821', 'RLM 70', '#484a43', 'Matt', 'Acrylic'], ['AK 11822', 'RLM 71', '#514f45', 'Matt', 'Acrylic'], ['AK 11823', 'RLM 72', '#454642', 'Matt', 'Acrylic'], ['AK 11824', 'RLM 73', '#414840', None, 'Acrylic'], ['AK 11825', 'RLM 74', '#5a5955', 'Matt', 'Acrylic'], ['AK 11826', 'RLM 75', '#6e6e6e', 'Matt', 'Acrylic'], ['AK 11827', 'RLM 76 Version 1', '#a7b5a4', 'Matt', 'Acrylic'], ['AK 11828', 'RLM 76 Version 2', '#aebfbe', 'Matt', 'Acrylic'], ['AK 11829', 'RLM 76 Late War Variation', '#c0bf9f', 'Matt', 'Acrylic'], ['AK11830', 'RLM 78 (1941)', '#90a4ae', 'Matt', 'Acrylic'], ['AK 11831', 'RLM 78 (1942)', '#fff', 'Matt', 'Acrylic'], ['AK 11832', 'RLM 79 (1941)', '#e1a05c', 'Matt', 'Acrylic'], ['AK11834', 'RLM 80', '#534f32', 'Matt', 'Acrylic'], ['AK 11835', 'RLM 81 Version 1', '#575648', 'Matt', 'Acrylic'], ['AK 11836', 'RLM 81 Version 2', '#494d41', 'Matt', 'Acrylic'], ['AK 11837', 'RLM 81 Version 3', '#595147', 'Matt', 'Acrylic'], ['AK 11838', 'RLM 82', '#515b4d', 'Matt', 'Acrylic'], ['AK 11839', 'RLM 83', '#374452', 'Matt', 'Acrylic'], ['AK 11840', 'RAF Dark Green', '#56564c', 'Matt', 'Acrylic'], ['AK 11841', 'RAF Dark Earth', '#71563b', 'Matt', 'Acrylic'], ['AK 11842', 'RAF Ocean Grey', '#5c6769', None, 'Acrylic'], ['AK 11843', 'RAF Medium Sea Grey', '#7b8c8f', 'Satin', 'Acrylic'], ['AK 11844', 'RAF Sky FS34424', '#b3b59f', 'Matt', 'Acrylic'], ['AK 11845', 'RAF AZURE BLUE', '#7e9dc4', 'Matt', 'Acrylic'], ['AK 11846', 'RAF MIDDLE STONE', '#a57e39', None, 'Acrylic'], ['AK 11847', 'RAF Cockpit Grey-Green', '#969f80', 'Matt', 'Acrylic'], ['AK 11848', 'RAF Sky Grey', '#a1a5a4', 'Matt', 'Acrylic'], ['AK 11849', 'RAF Dark Slate Grey', '#5e5c50', 'Matt', 'Acrylic'], ['AK 11850', 'RAF Extra Dark Sea Grey', '#4c555c', 'Matt', 'Acrylic'], ['AK 11854', 'RAF Camouflage (Barley) Grey', None, 'Matt', 'Acrylic'], ['AK 11855', 'RAF DARK CAMOUFLAGE GREY BS381C/629', '#fff', 'Matt', 'Acrylic'], ['AK 11857', 'Bronze Green', '#283524', 'Matt', 'Acrylic'], ['AK 11858', 'Zinc Chromate Yellow', '#e2d002', 'Matt', 'Acrylic'], ['AK 11859', 'US Interior Yellow Green', '#868568', 'Matt', 'Acrylic'], ['AK 11860', 'Dark Olive Drab 41', '#514f41', 'Matt', 'Acrylic'], ['AK 11861', 'Medium Green 42', '#46523e', 'Matt', 'Acrylic'], ['AK 11862', 'Neutral Grey 43', '#6a6b67', 'Matt', 'Acrylic'], ['AK 11863', 'ANA613 Olive drab', '#595749', 'Matt', 'Acrylic'], ['AK 11864', 'Deep Sea Blue', '#3c454d', 'Matt', 'Acrylic'], ['AK 11865', 'Blue-Grey M-485', '#738289', 'Matt', 'Acrylic'], ['AK 11866', 'Light Gull Grey FS16440', '#b6b6ae', 'Matt', 'Acrylic'], ['AK 11867', 'ADC Grey FS 16473', '#9faaa6', 'Matt', 'Acrylic'], ['AK 11868', 'Insignia White FS17875', '#e6e7db', 'Matt', 'Acrylic'], ['AK 11869', 'Sand FS33531', '#c6b49e', 'Matt', 'Acrylic'], ['AK 11870', 'Radome Tan FS33613', '#e7c7a3', 'Matt', 'Acrylic'], ['AK 11873', 'Dull Dark Green FS 34092', '#495852', 'Matt', 'Acrylic'], ['AK 11874', 'USMC GREEN FS 34095', '#4e5119', None, 'Acrylic'], ['AK 11877', 'Aggressor Blue FS 35109 ΓÇô AIR', '#3b6c71', 'Matt', 'Acrylic'], ['AK 11877', 'Agressor Blue FS 35109', '#3b6c71', 'Matt', 'Acrylic'], ['AK 11880', 'Duck Egg Blue FS 35622', '#b8c6b9', 'Matt', 'Acrylic'], ['AK 11881', 'Medium Gunship Grey FS 36118', '#4b4e57', 'Matt', 'Acrylic'], ['AK 11882', 'Have Glass Grey FS 36170', '#5b5a58', 'Matt', 'Acrylic'], ['AK 11883', 'F-15 Dark Grey (Mod Eagle) FS 36176', '#5b656e', 'Matt', 'Acrylic'], ['AK 11884', 'Dark Gull Grey FS 36231', '#6c7073', 'Matt', 'Acrylic'], ['AK 11885', 'Aggressor Grey FS 36251', '#6f7072', 'Matt', 'Acrylic'], ['AK 11886', 'Medium Grey FS 36270', '#717679', 'Matt', 'Acrylic'], ['AK 11887', 'Dark Ghost Grey FS 36320', '#78828b', 'Matt', 'Acrylic'], ['AK 11888', 'Light Ghost Grey FS 36375', '#8b949d', 'Matt', 'Acrylic'], ['AK 11889', 'Light Grey FS36495', '#b6bab9', 'Matt', 'Acrylic'], ['AK 11890', 'Camouflage Grey FS36622', '#b5b3a4', 'Matt', 'Acrylic'], ['AK 11891', 'IJN J3 Hai-iro (Gris)', '#919388', 'Matt', 'Acrylic'], ['AK 11892', 'IJN J3 SP (Gris ambre)', '#948e74', 'Matt', 'Acrylic'], ['AK 11894', 'IJN D2 Green Black', '#253532', 'Matt', 'Acrylic'], ['AK 11895', 'IJN Q1 Anti-Glare Blue-Black', '#1b2325', 'Matt', 'Acrylic'], ['AK 11896', 'IJN M3 (M) Mitsubishi Interior Green', '#666232', 'Matt', 'Acrylic'], ['AK 11897', 'IJN M3 (N) Nakajima Interior Green', '#4f4929', 'Matt', 'Acrylic'], ['AK 11898', 'IJN/IJA Aotake', '#4c7482', 'Matt', 'Acrylic'], ['AK 11902', 'IJA #21 Midori Iro (Green)', '#30432d', 'Matt', 'Acrylic'], ['AK 11905', 'IJA #30 Karekusa Iro (Dry Grass)', '#867855', 'Matt', 'Acrylic'], ['AK 11906', 'IJA #31 Cha Kasshoku (Tea Colour)', '#675144', 'Matt', 'Acrylic'], ['AK 11907', 'Grey-Blue 1920s-1930s', '#9ab2a4', 'Matt', 'Acrylic'], ['AK 11908', 'AE-9/AII LIGHT GREY', '#d3d4ce', 'Matt', 'Acrylic'], ['AK 11909', 'ALL GREEN', '#323d1b', None, 'Acrylic'], ['AK 11910', 'ALL LIGHT BLUE', '#fff', None, 'Acrylic'], ['AK 11911', 'A-14 INTERIOR STEEL GREY', '#647275', None, 'Acrylic'], ['AK 11912', 'A-18FLIGHT GREY-BLUE', '#fff', None, 'Acrylic'], ['AK 11913', 'A-19F GRASS GREEN', '#fff', None, 'Acrylic'], ['AK 11914', 'A-21M LIGHT YELLOWISH BROWN', '#8f8762', None, 'Acrylic'], ['AK 11915', 'AMT-4 (A-24M) GREEN', '#415122', 'Matt', 'Acrylic'], ['AK 11916', 'AMT-7 LIGHT BLUE', '#6790a6', None, 'Acrylic'], ['AK 11917', 'AMT-11 BLUE-GREY', '#465960', None, 'Acrylic'], ['AK 11918', 'AMT-12 DARK GREY', '#2a3537', 'Matt', 'Acrylic'], ['AK 11919', 'RADOME & WHEEL HUB GREEN', '#2c652e', 'Matt', 'Acrylic'], ['AK 11920', 'MIG-25/MIG-31 GREY', '#fff', None, 'Acrylic'], ['AK 11920', 'Mig-25/Mig-31 Grey', '#b2b3ad', 'Matt', 'Acrylic'], ['BS381C/389', 'RAF CAMOUFLAGE BEIGE (HEMP)', '#fff', None, 'Acrylic'], ['BS381C/627', 'RAF LIGHT AIRCRAFT GREY', '#fff', None, 'Acrylic'], ['BS381C/636', 'RAF PRU BLUE', '#fff', None, 'Acrylic'], ['BS381C/638', 'RAF DARK SEA GREY', '#fff', None, 'Acrylic'], ['FS 33711', 'USMC SAND FS 33711', '#fff', None, 'Acrylic'], ['FS 34031', 'US ARMY HELO DRAB FS 34031', '#fff', None, 'Acrylic'], ['FS 34097', 'FIELD GREEN FS 34097', '#fff', None, 'Acrylic'], ['FS 34258', 'GREEN FS 34258', '#fff', None, 'Acrylic'], ['FS 35190', 'BLUE', '#fff', None, 'Acrylic'], ['FS 35450', 'AIR SUPERIORITY BLUE FS 35450', '#fff', None, 'Acrylic'], ['AK11722', 'WWII Luftwaffe Cockpit & Interior Acrylic Paint Set', None, 'Paint sets', 'Acrylic'], ['AK 11720', 'Luftwaffe Fighter Colors 1941-1944 Set', '#5a5955', None, None], ['AK 11719', 'WWII Luftwaffe Tropical Colors Set', '#374452', None, None], [None, None, '#b6b6ae', None, None], ['AK 11721', 'WWII LUFTWAFFE SEAPLANE COLORS', '#939f96', None, None], ['AK 11716', 'WWII Luftwaffe Early War Colors', '#484a43', None, None], ['AK 11732', 'WWII USAAF Aircraft Colors Vol.1 Set', '#a78464', None, None], ['AK 11718', 'WWII Luftwaffe Late War Colors', '#aebfbe', None, None], ['AK 11729', 'WWII US Navy & USMC Aircraft Colors', '#0d1814', None, None], ['AK 11710', 'WWI GERMAN AIRCRAFT COLORS', '#7a8c7c', None, None], ['AK 11717', 'WWII Luftwaffe Mid-War Colors', '#aebfbe', None, None], ['AK 11723', 'WWII RAF Aircraft Colors Set', '#7b8c8f', None, None], ['AK 11737', 'WWII IJN AIRCRAFT COLORS', '#1b2325', None, None], ['AK 11741', 'Soviet Aircraft Colors 1941-1945', '#101207', None, None], ['AK 11744', 'US Navy & USMC Modern Aircraft & Helicopter Colors', '#747879', None, None], ['AK 11747', 'US Air Force & ANG Aircraft 1960s-1980s', '#42423a', None, None], ['AK 3G RANGE AIR', '3GEN ΓÇô Air Series ΓÇô Full Range', None, None, None], ['AK11743', 'Soviet aircraft colors 1950s-1970s', '#b3b3b3', None, None]], 'AK 3rd Generation - Figure': [[None, None, None, 'Matt', 'Acrylic'], ['AK 11402', 'Light Flesh', '#d1957b', 'Matt', 'Acrylic'], ['AK 11403', 'Highlight Flesh', '#fbcfa2', 'Matt', 'Acrylic'], ['AK 11407', 'Black Uniform Base', '#10100e', 'Matt', 'Acrylic'], ['AK 11409', 'Orange Tan', '#ca8b48', 'Matt', 'Acrylic'], ['AK 11411', 'Light Green', '#788e43', 'Matt', 'Acrylic'], ['AK 11412', 'Medium Green', '#2b3b1e', 'Matt', 'Acrylic'], ['AK 11413', 'Denison Tan Base', '#8f6c46', 'Matt', 'Acrylic'], ['AK 11414', 'Splittermuster Base', '#756c45', 'Matt', 'Acrylic'], ['AK 11415', 'Splittermuster Green Spots', '#303e27', 'Matt', 'Acrylic'], ['AK 11416', 'Waffen Brown Grey', '#4b3a30', 'Matt', 'Acrylic'], ['AK 11417', 'Waffen Brown', '#634427', 'Matt', 'Acrylic'], ['AK11418', 'Brown Black', '#fff', 'Matt', 'Acrylic'], ['AK 11419', 'Waffen Red Brown', '#4b2d25', 'Matt', 'Acrylic'], ['AK 11420', 'Waffen Green', '#323f23', 'Matt', 'Acrylic'], ['AK 11422', 'Ocher Khaki', '#a3853c', 'Matt', 'Acrylic'], ['AK 11423', 'Field Grey Base #2 (Grey Uniform)', '#424437', 'Matt', 'Acrylic'], ['AK 11424', 'Grey Green', '#9b9352', 'Matt', 'Acrylic'], ['AK 11425', 'Field Grey Base #1 (Green Uniform)', '#423e25', 'Matt', 'Acrylic'], ['AK 11426', 'Grey Blue', '#747879', 'Matt', 'Acrylic'], ['AK 11428', 'Light Green Uniform', '#575f2c', 'Matt', 'Acrylic'], ['AK 11429', 'Russian Uniform Lights', '#6e7321', 'Matt', 'Acrylic'], ['AK 11430', 'Russian Uniform Base', '#595f23', 'Matt', 'Acrylic'], ['AK 11431', 'Russian Blue Lights', '#222836', 'Matt', 'Acrylic'], ['AK 11432', 'Russian Blue Base', '#131720', 'Matt', 'Acrylic'], ['AK 11434', 'Red Brown', '#7a4231', 'Matt', 'Acrylic'], ['AK 11434', 'Red Brown', '#7a4231', 'Matt', 'Acrylic'], ['AK 11435', 'Field Drab', '#7c5836', 'Matt', 'Acrylic'], ['AK 11436', 'Canvas Tone', '#52492a', 'Matt', 'Acrylic'], ['AK 11437', 'British Uniform Base', '#70542f', 'Matt', 'Acrylic'], ['AK 11438', 'British Uniform Light', '#8b692a', 'Matt', 'Acrylic'], ['AK 11439', 'French Greyish Blue', '#415057', 'Matt', 'Acrylic'], ['AK-11632', 'Woodland And Flecktarn Camouflage', '#cdc5b0', None, None], ['AK 11689', 'WWII RAF Pilot Uniform Colors', '#b1930d', None, None], ['AK 11690', 'WWII Luftwaffe Pilot Uniform Colors', '#545653', None, None], ['AK 11691', 'WWII US Pilot Uniform Colors', '#57460e', None, None], ['AK 11761', 'US Modern Pilot Uniform Colors', '#141f0e', None, None], ['AK 11620', 'Leather and Buckles', '#a6a5a0', None, None], ['AK 11627', 'Wehrmacht Heer - Field Grey (Feldgrau) Uniforms', '#383830', None, None], ['AK 11635', 'WWII Soviet Uniform Colors', '#b5311c', None, None], ['AK 11636', 'WWII British Uniform Colors', '#8f6c46', None, None]], 'AK 3rd Generation - General': [['AK 11001', 'White - Intense', '#ffffff', 'Matt', 'Acrylic'], ['AK 11002', 'Offwhite - Standard', '#ebebe1', 'Matt', 'Acrylic'], ['AK 11003', 'White Grey - Standard', '#f6f6ee', 'Matt', 'Acrylic'], ['AK 11004', 'Ivory - Standard', '#f3eec8', 'Matt', 'Acrylic'], ['AK 11005', 'Greenish White - Standard', '#e4eecc', 'Matt', 'Acrylic'], ['AK 11006', 'Silver Grey - Standard', '#e3d8b8', 'Matt', 'Acrylic'], ['AK 11007', 'Rock Grey - Standard', '#c1b897', 'Matt', 'Acrylic'], ['AK 11008', 'Grimy Grey - Standard', '#dfc999', 'Matt', 'Acrylic'], ['AK 11009', 'Warm Grey - Standard', '#b6a88b', 'Matt', 'Acrylic'], ['AK 11010', 'Medium Grey - Standard', '#b6b8a2', 'Matt', 'Acrylic'], ['AK 11011', 'Blue Grey - Standard', '#c7d0cd', 'Matt', 'Acrylic'], ['AK 11012', 'Sky Grey - Standard', '#bbbab6', 'Matt', 'Acrylic'], ['AK 11013', 'Pale Grey - Standard', '#aeafb4', 'Matt', 'Acrylic'], ['AK 11014', 'Medium Sea Grey - Standard', '#a19b81', 'Matt', 'Acrylic'], ['AK 11015', 'Dark Sea Grey - Standard', '#7b7873', 'Matt', 'Acrylic'], ['AK 11016', 'Grey-Green - Standard', '#808064', 'Matt', 'Acrylic'], ['AK 11017', 'Reddish Grey - Standard', '#7b6b52', 'Matt', 'Acrylic'], ['AK 11018', 'Neutral Grey - Standard', '#696e68', 'Matt', 'Acrylic'], ['AK 11019', 'Graphite - Standard', '#6c6e60', 'Matt', 'Acrylic'], ['AK 11020', 'English Grey - Standard', '#6d6d65', 'Matt', 'Acrylic'], ['AK 11021', 'Basalt Grey - Standard', '#5c615b', 'Matt', 'Acrylic'], ['AK 11022', 'Dark Grey - Standard', '#494a45', 'Matt', 'Acrylic'], ['AK 11023', 'Lead Grey - Standard', '#464741', 'Matt', 'Acrylic'], ['AK 11024', 'Ash Grey - Standard', '#42423a', 'Matt', 'Acrylic'], ['AK 11025', 'German Grey - Standard', '#383830', 'Matt', 'Acrylic'], ['AK 11026', 'Tenebrous Grey - Standard', '#302c21', 'Matt', 'Acrylic'], ['AK 11027', 'Rubber Black - Standard', '#2a261b', 'Matt', 'Acrylic'], ['AK 11028', 'Smoke Black - Standard', '#2b2b21', 'Matt', 'Acrylic'], ['AK 11029', 'Black - Intense', '#101207', 'Matt', 'Acrylic'], ['AK 11030', 'Beige - Standard', '#e3b949', 'Matt', 'Acrylic'], ['AK 11031', 'Buff - Standard', '#d1ac5c', 'Matt', 'Acrylic'], ['AK 11032', 'Pale Sand - Standard', '#f0d682', 'Matt', 'Acrylic'], ['AK 11033', 'Dark Sand - Standard', '#e6bc56', 'Matt', 'Acrylic'], ['AK 11034', 'Medium Sand - Standard', '#cc9b35', 'Matt', 'Acrylic'], ['AK 11035', 'Sand Yellow - Standard', '#e9bd3a', 'Matt', 'Acrylic'], ['AK 11036', 'Ice Yellow - Standard', '#ffef8f', 'Matt', 'Acrylic'], ['AK 11037', 'Pastel Yellow - Pastel', '#fdda76', 'Matt', 'Acrylic'], ['AK 11038', 'Pale Yellow - Standard', '#fedd58', 'Matt', 'Acrylic'], ['AK 11039', 'Purulent Yellow - Standard', '#ecd13c', 'Matt', 'Acrylic'], ['AK 11040', 'Sahara Yellow - Standard', '#b1930d', 'Matt', 'Acrylic'], ['AK 11041', 'Golden Yellow - Standard', '#feb449', 'Matt', 'Acrylic'], ['AK 11042', 'Volcanic Yellow - Standard', '#f09218', 'Matt', 'Acrylic'], ['AK 11043', 'Dirty Yellow - Standard', '#eca71c', 'Matt', 'Acrylic'], ['AK 11044', 'Yellow - Standard', '#fab710', 'Matt', 'Acrylic'], ['AK 11045', 'Deep Yellow - Intense', '#fdc500', 'Matt', 'Acrylic'], ['AK 11046', 'Radiant Yellow - Standard', '#ffd409', 'Matt', 'Acrylic'], ['AK 11047', 'Lemon Yellow - Standard', '#ffe121', 'Matt', 'Acrylic'], ['AK 11048', 'Laser Yellow - Standard', '#f3ef2b', 'Matt', 'Acrylic'], ['AK 11049', 'Fluorescent Yellow - Standard', '#f6f101', 'Matt', 'Acrylic'], ['AK 11050', 'Light Flesh - Standard', '#ffdfb6', 'Matt', 'Acrylic'], ['AK 11051', 'Luminous Flesh - Standard', '#edc180', 'Matt', 'Acrylic'], ['AK 11052', 'Basic Skin Tone - Standard', '#f7b57b', 'Matt', 'Acrylic'], ['AK 11053', 'Radiant Flesh - Standard', '#feb254', 'Matt', 'Acrylic'], ['AK 11054', 'Medium Flesh Tone - Standard', '#c98230', 'Matt', 'Acrylic'], ['AK 11055', 'Sunny Skin Tone - Standard', '#ffa84f', 'Matt', 'Acrylic'], ['AK 11056', 'Dark Flesh - Standard', '#eba43a', 'Matt', 'Acrylic'], ['AK 11057', 'Vampiric Flesh - Standard', '#cfbc81', 'Matt', 'Acrylic'], ['AK 11058', 'Decomposed Flesh ΓÇô Standard', '#b7a261', 'Matt', 'Acrylic'], ['AK 11058', 'Decomposed Flesh - Standard', '#b6a361', 'Matt', 'Acrylic'], ['AK 11059', 'Pastel Pink - Pastel', '#f9c1aa', 'Matt', 'Acrylic'], ['AK 11060', 'Sickly Pink - Standard', '#f7b092', 'Matt', 'Acrylic'], ['AK 11061', 'Salmon - Standard', '#f5a175', 'Matt', 'Acrylic'], ['AK 11062', 'Old Rose - Standard', '#ff977a', 'Matt', 'Acrylic'], ['AK 11063', 'Brown Rose - Standard', '#d78464', 'Matt', 'Acrylic'], ['AK 11064', 'Beige Red - Standard', '#de935a', 'Matt', 'Acrylic'], ['AK 11065', 'Intense Pink - Intense', '#e9748f', 'Matt', 'Acrylic'], ['AK 11066', 'Laser Magenta - Standard', '#6b102f', 'Matt', 'Acrylic'], ['AK 11067', 'Magenta - Standard', '#b1325f', 'Matt', 'Acrylic'], ['AK 11068', 'Fluorescent Magenta - Standard', '#ff4c69', 'Matt', 'Acrylic'], ['AK 11069', 'Pastel Violet - Pastel', '#ffe7f5', 'Matt', 'Acrylic'], ['AK 11070', 'Blue Violet - Standard', '#886da4', 'Matt', 'Acrylic'], ['AK 11071', 'Lilac - Standard', '#656074', 'Matt', 'Acrylic'], ['AK 11072', 'Deep Violet - Intense', '#74536e', 'Matt', 'Acrylic'], ['AK 11073', 'Purple - Standard', '#594550', 'Matt', 'Acrylic'], ['AK 11074', 'Deep Purple - Intense', '#7a4967', 'Matt', 'Acrylic'], ['AK 11075', 'Violet Red - Standard', '#573536', 'Matt', 'Acrylic'], ['AK 11076', 'Pastel Peach - Pastel', '#f59a54', 'Matt', 'Acrylic'], ['AK 11077', 'Light Orange - Standard', '#f07a3c', 'Matt', 'Acrylic'], ['AK 11078', 'Medium Orange - Standard', '#fa682c', 'Matt', 'Acrylic'], ['AK 11079', 'Burn Orange - Standard', '#db5e30', 'Matt', 'Acrylic'], ['AK 11080', 'Deep Orange - Intense', '#ff5e15', 'Matt', 'Acrylic'], ['AK 11081', 'Fluorescent Orange - Standard', '#ff5203', 'Matt', 'Acrylic'], ['AK 11082', 'Luminous Orange - Standard', '#f18700', 'Matt', 'Acrylic'], ['AK 11083', 'Dead Red - Standard', '#f54949', 'Matt', 'Acrylic'], ['AK 11084', 'Ruby - Standard', '#cf4747', 'Matt', 'Acrylic'], ['AK 11085', 'Cadmiun Red - Standard', '#e9582c', 'Matt', 'Acrylic'], ['AK 11086', 'Amaranth Red - Standard', '#cf4e27', 'Matt', 'Acrylic'], ['AK 11087', 'Scarlet Red - Standard', '#d03b27', 'Matt', 'Acrylic'], ['AK 11088', 'Deep Red - Intense', '#dc211a', 'Matt', 'Acrylic'], ['AK 11089', 'Blood red - Standard', '#c6231a', 'Matt', 'Acrylic'], ['AK 11090', 'Vermillion - Standard', '#c44c33', 'Matt', 'Acrylic'], ['AK 11091', 'Carmine - Standard', '#b83e26', 'Matt', 'Acrylic'], ['AK 11092', 'Matt Red - Standard', '#b5311c', 'Matt', 'Acrylic'], ['AK 11093', 'Brick Red - Standard', '#9e4429', 'Matt', 'Acrylic'], ['AK 11094', 'Bordeaux Red - Standard', '#a13b2f', 'Matt', 'Acrylic'], ['AK 11095', 'Dirty Red - Standard', '#7f190d', 'Matt', 'Acrylic'], ['AK 11096', 'Wine Red - Standard', '#69140d', 'Matt', 'Acrylic'], ['AK 11097', 'Burnt Red - Standard', '#543226', 'Matt', 'Acrylic'], ['AK 11098', 'Black Red - Standard', '#42271e', 'Matt', 'Acrylic'], ['AK 11099', 'Ocher Orange - Standard', '#f5a75f', 'Matt', 'Acrylic'], ['AK 11100', 'Light Brown - Standard', '#cf8139', 'Matt', 'Acrylic'], ['AK 11101', 'Orange Brown - Standard', '#b1581e', 'Matt', 'Acrylic'], ['AK 11102', 'Deep Brown - Intense', '#854a2a', 'Matt', 'Acrylic'], ['AK 11103', 'Medium Rust - Standard', '#9c4b30', 'Matt', 'Acrylic'], ['AK 11104', 'Saddle Brown - Standard', '#693b2c', 'Matt', 'Acrylic'], ['AK 11105', 'Light Rust - Standard', '#db5615', 'Matt', 'Acrylic'], ['AK 11106', 'Mahogany Brown - Standard', '#622a05', 'Matt', 'Acrylic'], ['AK 11107', 'Dark Rust - Standard', '#542303', 'Matt', 'Acrylic'], ['AK 11108', 'Hull Red - Standard', '#381a02', 'Matt', 'Acrylic'], ['AK 11109', 'Dark Brown - Standard', '#533914', 'Matt', 'Acrylic'], ['AK 11110', 'Leather Brown - Standard', '#46311e', 'Matt', 'Acrylic'], ['AK 11111', 'Burnt Umber - Standard', '#2d1e01', 'Matt', 'Acrylic'], ['AK 11112', 'Grim Brown - Standard', '#201404', 'Matt', 'Acrylic'], ['AK 11113', 'Chocolate (Chipping) - Standard', '#331e09', 'Matt', 'Acrylic'], ['AK 11114', 'Deck Tan - Standard', '#cdc5b0', 'Matt', 'Acrylic'], ['AK 11115', 'Light Earth - Standard', '#d0b580', 'Matt', 'Acrylic'], ['AK 11116', 'Tan Yellow - Standard', '#d19849', 'Matt', 'Acrylic'], ['AK 11117', 'Golden Brown - Standard', '#ab7602', 'Matt', 'Acrylic'], ['AK 11118', 'Ochre - Standard', '#c8942e', 'Matt', 'Acrylic'], ['AK 11119', 'Cork - Standard', '#a17548', 'Matt', 'Acrylic'], ['AK 11120', 'Mud Brown - Standard', '#705331', 'Matt', 'Acrylic'], ['AK 11121', 'Tan Earth - Standard', '#7d5c33', 'Matt', 'Acrylic'], ['AK 11122', 'Green Ochre - Standard', '#a68236', 'Matt', 'Acrylic'], ['AK 11123', 'Japanese Brown - Standard', '#966d1b', 'Matt', 'Acrylic'], ['AK 11124', 'Middle Stone - Standard', '#8b7029', 'Matt', 'Acrylic'], ['AK 11125', 'Grey Brown - Standard', '#705b3c', 'Matt', 'Acrylic'], ['AK 11126', 'Green-Brown ΓÇô Standard', '#705923', 'Matt', 'Acrylic'], ['AK 11126', 'Green Brown - Standard', '#705923', 'Matt', 'Acrylic'], ['AK 11127', 'British Khaki - Standard', '#654d1f', 'Matt', 'Acrylic'], ['AK 11128', 'Luminous Green - Standard', '#cdd742', 'Matt', 'Acrylic'], ['AK 11129', 'Fluorescent Green - Standard', '#98c31e', 'Matt', 'Acrylic'], ['AK 11130', 'Pistachio - Standard', '#dcd225', 'Matt', 'Acrylic'], ['AK 11131', 'Pastel Green - Pastel', '#b3edd7', 'Matt', 'Acrylic'], ['AK 11132', 'Green-Grey - Standard', '#dfe4bc', 'Matt', 'Acrylic'], ['AK 11133', 'Dark Green-Grey - Standard', '#3b4d3d', 'Matt', 'Acrylic'], ['AK 11134', 'Green Sky - Standard', '#8bb283', 'Matt', 'Acrylic'], ['AK 11135', 'Faded Green - Standard', '#7d8973', 'Matt', 'Acrylic'], ['AK 11136', 'Frog Green - Standard', '#98b920', 'Matt', 'Acrylic'], ['AK 11137', 'Lime Green - Standard', '#819f1d', 'Matt', 'Acrylic'], ['AK 11138', 'Interior Yellow Green - Standard', '#aca300', 'Matt', 'Acrylic'], ['AK 11139', 'Golden Olive - Standard', '#737b26', 'Matt', 'Acrylic'], ['AK 11140', 'Grass Green - Standard', '#62832c', 'Matt', 'Acrylic'], ['AK 11141', 'Light Green - Standard', '#59922b', 'Matt', 'Acrylic'], ['AK 11142', 'Deep Green - Intense', '#1d6229', 'Matt', 'Acrylic'], ['AK 11143', 'Mint Green - Standard', '#008c5f', 'Matt', 'Acrylic'], ['AK 11144', 'Emerald- Standard', '#036242', 'Matt', 'Acrylic'], ['AK 11145', 'Lizard Green - Standard', '#175a31', 'Matt', 'Acrylic'], ['AK 11146', 'Dark Green - Standard', '#224618', 'Matt', 'Acrylic'], ['AK 11147', 'Olive Green - Standard', '#4c6021', 'Matt', 'Acrylic'], ['AK 11148', 'Medium Olive Green - Standard', '#3e501c', 'Matt', 'Acrylic'], ['AK 11149', 'Intermediate Green - Standard', '#506e32', 'Matt', 'Acrylic'], ['AK 11150', 'Gunship Green ΓÇô Standard', '#485335', 'Matt', 'Acrylic'], ['AK 11150', 'Gunship Green - Standard', '#485335', 'Matt', 'Acrylic'], ['AK 11151', 'Brownish Green - Standard', '#57460e', 'Matt', 'Acrylic'], ['AK 11152', 'Alga Green - Standard', '#555e1b', 'Matt', 'Acrylic'], ['AK 11153', 'Extra Dark Green - Standard', '#243128', 'Matt', 'Acrylic'], ['AK 11154', 'German Field Grey - Standard', '#423e23', 'Matt', 'Acrylic'], ['AK 11155', 'Command Green - Standard', '#312e0d', 'Matt', 'Acrylic'], ['AK 11156', 'Camouflage Green - Standard', '#4f411c', 'Matt', 'Acrylic'], ['AK 11157', 'US Dark Green - Standard', '#423910', 'Matt', 'Acrylic'], ['AK 11158', 'Reflective Green - Standard', '#352e11', 'Matt', 'Acrylic'], ['AK 11159', 'Russian Green - Standard', '#292907', 'Matt', 'Acrylic'], ['AK 11160', 'Black Green - Standard', '#141f0e', 'Matt', 'Acrylic'], ['AK 11161', 'Pale Blue - Standard', '#b4c4b7', 'Matt', 'Acrylic'], ['AK 11162', 'Spectrum Blue - Standard', '#b4bebf', 'Matt', 'Acrylic'], ['AK 11163', 'Intermediate Blue - Standard', '#676966', 'Matt', 'Acrylic'], ['AK 11164', 'Dark Blue-Grey - Standard', '#4a5e53', 'Matt', 'Acrylic'], ['AK 11165', 'Grey-Blue - Standard', '#5f6772', 'Matt', 'Acrylic'], ['AK 11166', 'French Blue - Standard', '#545653', 'Matt', 'Acrylic'], ['AK 11167', 'Anthracite Grey - Standard', '#1c2a2b', 'Matt', 'Acrylic'], ['AK 11168', 'Pastel Blue - Pastel', '#bdddb8', 'Matt', 'Acrylic'], ['AK 11169', 'Blue Green - Standard', '#358578', 'Matt', 'Acrylic'], ['AK 11170', 'Aquatic Turquoise - Standard', '#006557', 'Matt', 'Acrylic'], ['AK 11171', 'Turquoise - Standard', '#004a4d', 'Matt', 'Acrylic'], ['AK 11172', 'Archaic Turquoise - Standard', '#003839', 'Matt', 'Acrylic'], ['AK 11173', 'Ocean Blue - Standard', '#1e3636', 'Matt', 'Acrylic'], ['AK 11174', 'Snow Blue - Standard', '#cae4e1', 'Matt', 'Acrylic'], ['AK 11175', 'Sky Blue - Standard', '#88c2cd', 'Matt', 'Acrylic'], ['AK 11176', 'Deep Sky Blue - Standard', '#69b4c7', 'Matt', 'Acrylic'], ['AK 11177', 'Ducat Blue - Standard', '#3a889f', 'Matt', 'Acrylic'], ['AK 11178', 'Fluorescent Blue - Standard', '#004064', 'Matt', 'Acrylic'], ['AK 11179', 'Ultramarine - Standard', '#1e357b', 'Matt', 'Acrylic'], ['AK 11180', 'Imperial Blue - Standard', '#192152', 'Matt', 'Acrylic'], ['AK 11181', 'Dark Blue - Standard', '#1e2d4c', 'Matt', 'Acrylic'], ['AK 11182', 'Deep Blue - Intense', '#1a4067', 'Matt', 'Acrylic'], ['AK 11183', 'Amethyst Blue - Standard', '#332a47', 'Matt', 'Acrylic'], ['AK 11184', 'Medium Blue - Standard', '#163a48', 'Matt', 'Acrylic'], ['AK 11185', 'Star Blue - Standard', '#014760', 'Matt', 'Acrylic'], ['AK 11186', 'Light Prussian Blue - Standard', '#132a38', 'Matt', 'Acrylic'], ['AK 11187', 'Strong Dark Blue - Standard', '#04151f', 'Matt', 'Acrylic'], ['AK 11188', 'Oxford - Standard', '#353942', 'Matt', 'Acrylic'], ['AK 11189', 'Dark Prussian Blue - Standard', '#0a0c1b', 'Matt', 'Acrylic'], ['AK 11190', 'Dark Sea Blue - Standard', '#0d1814', 'Matt', 'Acrylic'], ['AK 11191', 'Gold - Metallic', '#9a6301', 'Metallic', 'Acrylic'], ['AK 11192', 'Old Gold - Metallic', '#b89401', 'Metallic', 'Acrylic'], ['AK 11193', 'Rusty Gold - Metallic', '#724c01', 'Metallic', 'Acrylic'], ['AK 11194', 'Brass - Metallic', '#a05804', 'Metallic', 'Acrylic'], ['AK 11195', 'Rusty Brass - Metallic', '#9d4a08', 'Metallic', 'Acrylic'], ['AK 11196', 'Bronze - Metallic', '#7e5405', 'Metallic', 'Acrylic'], ['AK 11197', 'Copper - Metallic', '#bc4f08', 'Metallic', 'Acrylic'], ['AK 11198', 'Burnt Tin - Metallic', '#331702', 'Metallic', 'Acrylic'], ['AK 11199', 'Metallic Blue - Metallic', '#849d99', 'Metallic', 'Acrylic'], ['AK 11200', 'Astral Beryllium - Metallic', '#799e8d', 'Metallic', 'Acrylic'], ['AK 11201', 'Cobalt Blue - Metallic', '#002236', 'Metallic', 'Acrylic'], ['AK 11202', 'Anodized Violet - Metallic', '#9b8494', 'Metallic', 'Acrylic'], ['AK 11203', 'Foundry Red - Metallic', '#c43632', 'Metallic', 'Acrylic'], ['AK 11204', 'Esmerald Metallic Green - Metallic', '#1f743a', 'Metallic', 'Acrylic'], ['AK 11205', 'Metallic Green - Metallic', '#73974f', 'Metallic', 'Acrylic'], ['AK 11206', 'Pearl - Metallic', '#f6f2d7', 'Metallic', 'Acrylic'], ['AK 11207', 'Aluminium - Metallic', '#afafaf', 'Metallic', 'Acrylic'], ['AK 11208', 'Dark Aluminium - Metallic', '#777777', 'Metallic', 'Acrylic'], ['AK 11209', 'Silver - Metallic', '#97a2a4', 'Metallic', 'Acrylic'], ['AK 11210', 'Natural Steel - Metallic', '#a6a5a0', 'Metallic', 'Acrylic'], ['AK 11211', 'Oily Steel - Metallic', '#a6a390', 'Metallic', 'Acrylic'], ['AK 11212', 'Gun Metal - Metallic', '#4d4d4a', 'Metallic', 'Acrylic'], ['AK 11213', 'Clear Red - Standard', '#c61215', 'Gloss', 'Acrylic'], ['AK 11214', 'Clear Blue - Standard', '#0d265c', 'Gloss', 'Acrylic'], ['AK 11215', 'Clear Smoke - Standard', '#744d22', 'Gloss', 'Acrylic'], ['AK 11216', 'Clear Green - Standard', '#019837', 'Gloss', 'Acrylic'], ['AK 11217', 'Clear Yellow - Standard', '#f49401', 'Gloss', 'Acrylic'], ['AK 11218', 'Clear Orange - Standard', '#eb5d0b', 'Gloss', 'Acrylic'], ['AK 11219', 'Sepia - Ink', '#230d00', 'Matt', 'Acrylic'], ['AK 11220', 'Turqoise - Ink', '#005e5e', 'Matt', 'Acrylic'], ['AK 11221', 'Skin - Ink', '#943718', 'Matt', 'Acrylic'], ['AK 11222', 'Sooty Black - Ink', '#5f5d48', 'Matt', 'Acrylic'], ['AK 11223', 'Carbon Black - Ink', '#100901', 'Matt', 'Acrylic'], ['AK 11224', 'Purple - Ink', '#b47c89', 'Matt', 'Acrylic'], ['AK 11225', 'Luminous Green - Ink', '#73b72c', 'Matt', 'Acrylic'], ['AK 11226', 'Dark Green - Ink', '#00663e', 'Matt', 'Acrylic'], ['AK 11227', 'Penetrating Red - Ink', '#b64026', 'Matt', 'Acrylic'], ['AK 11228', 'Night Blue - Ink', '#0b1c26', 'Matt', 'Acrylic'], ['AK 11229', 'Burnt Umber - Ink', '#1d1405', 'Matt', 'Acrylic'], ['AK 11230', 'Titanium White - Ink', '#ffffff', 'Matt', 'Acrylic'], ['AK 11231', 'Retarder', None, 'Retarders', 'Acrylic'], ['AK 11232', 'Metal Medium', None, None, 'Acrylic'], ['AK 11233', 'Glaze Medium', None, None, 'Acrylic'], ['AK 11234', 'Matte Medium', None, None, 'Acrylic'], ['AK 11235', 'Gloss Medium', None, None, 'Acrylic'], ['AK 11236', 'Crackle Medium', None, None, 'Acrylic'], ['AK 11237', 'Varnish Matt', None, 'Varnish', 'Acrylic'], ['AK 11238', 'Varnish Satin', None, 'Varnish', 'Acrylic'], ['AK 11239', 'Varnish Gloss', None, 'Varnish', 'Acrylic'], ['AK 11240', 'White Primer', None, 'Matt', 'Acrylic'], ['AK 11241', 'Grey Primer', None, 'Matt', 'Acrylic'], ['AK 11242', 'Black Primer', None, 'Matt', 'Acrylic'], ['AK 11500', 'Acrylic Thinner', None, 'Thinners', 'Acrylic'], ['AK 11505', 'Perfect Cleaner', None, 'Cleaners', 'Acrylic'], ['AK 11772', 'Historical Color Set Napoleonic Colors', '#ffffff', None, None], ['AK 11600', 'Orcs and Green Models', '#3b4d3d', None, None], ['AK 11601', 'NMM (Non Metallic Metal) Steel', '#ffffff', None, None], ['AK 11602', 'Night Creature Flesh Tones', '#ebebe1', None, None], ['AK 11603', 'Human Flesh Tones', '#f7b57b', None, None], ['AK 11604', 'Inferno and Red Model', '#f09218', None, None], ['AK 11605', 'Rust and Abandoned', '#9c4b30', None, None], ['AK 11606', 'NMM (Non Metallic Metal) Gold', '#f3eec8', None, None], ['AK 11607', 'Pastels Colors Set', '#fdda76', None, None], ['AK 11608', 'Metallics Colors Set', '#a05804', None, None], ['AK 11609', 'White Colors Set', '#ffffff', None, None], ['AK 11610', 'Neon Colors', '#f6f101', None, None], ['AK 11612', 'Intense Colors Set', '#fdc500', None, None], ['AK 11613', 'Skin and Leather', '#46311e', None, None], ['AK 11614', 'Grey for Spaceships', '#dfc998', None, None], ['AK 11615', 'Yellow Essential Colors', '#e9bd3a', None, None], ['AK 11618', 'Blue Essential Colors', '#5f6772', None, None], ['AK 11673', 'Old & Weathered Wood Vol 1', '#46311e', None, None], ['AK 11674', 'Old & Weathered Wood Vol 2', '#c1b897', None, None], ['AK 11758', 'Transparent Colors Set', '#c61215', None, None], ['AK 11757', 'Signature Set "Jose Davinci"', '#f3eec8', None, None], ['AK 11759', 'Signature Set "Calvin Tan"', '#f3eec8', None, None], ['AK 11762', 'Signature Set "Pepe Gallardo"', '#f3eec8', None, None], ['AK 11763', 'Signature Set "Adam Wilder"', '#4d4d4a', None, None], ['AK 11765', 'Signature Set "Keigo Murakami"', '#ffffff', None, None], ['AK 11766', 'Signature Set "Ra├║l Garc├¡a Latorre"', '#ffffff', None, None], ['AK 11767', 'Signature Set "Kristof Pulinckx"', '#ffffff', None, None]], 'AK Dual Exo Paints': [['AK 1566', 'Dual Exo ΓÇô Thinner', None, 'Thinners', 'Acrylic'], ['DUAL EXO 1A', 'XTREME WHITE', '#fff', 'Satin', 'Acrylic'], ['DUAL EXO 1B', 'ROBOT WHITE', '#fff', 'Satin', 'Acrylic'], ['DUAL EXO 2A', 'SOLAR YELLOW', '#fff', 'Satin', 'Acrylic'], ['DUAL EXO 2B', 'PLUTO STONE', '#fff', 'Satin', 'Acrylic'], ['DUAL EXO 3A', 'POWER YELLOW', '#fff', 'Satin', 'Acrylic'], ['DUAL EXO 3B', 'FUSION ORANGE', '#fff', 'Satin', 'Acrylic'], ['DUAL EXO 4A', 'PURE ORANGE', '#fff', 'Satin', 'Acrylic'], ['DUAL EXO 4B', 'FADED ORANGE', '#fff', 'Satin', 'Acrylic'], ['DUAL EXO 5A', 'SUPERNOVA RED', '#fff', 'Satin', 'Acrylic'], ['DUAL EXO 5B', 'DIRTY RED', '#fff', 'Satin', 'Acrylic'], ['DUAL EXO 6A', 'OXIDE RED', '#fff', 'Satin', 'Acrylic'], ['DUAL EXO 6B', 'PROPELLER FIRE', '#fff', 'Satin', 'Acrylic'], ['DUAL EXO 7A', 'LIGHT BROWN', '#fff', 'Satin', 'Acrylic'], ['DUAL EXO 7B', 'ASTEROID BROWN', '#fff', 'Satin', 'Acrylic'], ['DUAL EXO 8A', 'TWINKLE PINK', '#fff', 'Satin', 'Acrylic'], ['DUAL EXO 8B', 'CHAR┬┤S PINK', '#fff', 'Satin', 'Acrylic'], ['DUAL EXO 9A', 'RANGER PINK', '#fff', 'Satin', 'Acrylic'], ['DUAL EXO 9B', 'LASER MAGENTA', '#fff', 'Satin', 'Acrylic'], ['DUAL EXO 10A', 'PURPLE NEBULA', '#fff', 'Satin', 'Acrylic'], ['DUAL EXO 10B', 'PURPLE ANDROMEDA', '#fff', 'Satin', 'Acrylic'], ['DUAL EXO 11A', 'GHOST GREEN', '#fff', 'Satin', 'Acrylic'], ['DUAL EXO 11B', 'REBEL GREEN', '#fff', 'Satin', 'Acrylic'], ['DUAL EXO 12A', 'ALIEN GREEN', '#fff', 'Satin', 'Acrylic'], ['DUAL EXO 12B', 'VIRIDIAN GREEN', '#fff', 'Satin', 'Acrylic'], ['DUAL EXO 13A', 'GALAXY GREEN', '#fff', 'Satin', 'Acrylic'], ['DUAL EXO 13B', 'CHAOS GREEN', '#fff', 'Satin', 'Acrylic'], ['DUAL EXO 14A', 'URANUS BLUE', '#fff', 'Satin', 'Acrylic'], ['DUAL EXO 14B', 'COBALT BLUE', '#fff', 'Satin', 'Acrylic'], ['DUAL EXO 15A', 'ULTRA BLUE', '#fff', 'Satin', 'Acrylic'], ['DUAL EXO 15B', 'ALMIRANT BLUE', '#fff', 'Satin', 'Acrylic'], ['DUAL EXO 16A', 'BLUE BOLT 60ml.', '#fff', 'Satin', 'Acrylic'], ['DUAL EXO 16B', 'TURBO BLUE', '#fff', 'Satin', 'Acrylic'], ['DUAL EXO 17A', 'GRAPHITE BLUE', '#fff', 'Satin', 'Acrylic'], ['DUAL EXO 17B', 'LUNAR BUE', '#fff', 'Satin', 'Acrylic'], ['DUAL EXO 18A', 'STARSHIP GREY', '#fff', 'Satin', 'Acrylic'], ['DUAL EXO 18B', 'NCC GREY', '#fff', 'Satin', 'Acrylic'], ['DUAL EXO 19A', 'COSMIC DUST', '#fff', 'Satin', 'Acrylic'], ['DUAL EXO 19B', 'INFINITY BLACK', '#fff', 'Satin', 'Acrylic'], ['DUAL EXO 20A', 'AURYN', '#fff', 'Satin', 'Acrylic'], ['DUAL EXO 20B', 'GOLD ECLIPSE', '#fff', 'Satin', 'Acrylic'], ['DUAL EXO 21A', 'SILVER', '#fff', 'Satin', 'Acrylic'], ['DUAL EXO 21B', 'GUN METAL', '#fff', 'Satin', 'Acrylic'], ['Dual Exo Scenery ΓÇô 22A', 'Light Stone', None, 'Matt', 'Acrylic'], ['Dual Exo Scenery ΓÇô 22B', 'Dark Stone', '#fff', 'Matt', 'Acrylic']], 'AK Interactive': [['AK 471', 'Xtreme Metal BLACK BASE', '#000000', 'Gloss', 'Enamel'], ['AK 472', 'Xtreme Metal GOLD', None, 'Metallic', 'Enamel'], ['AK 473', 'Xtreme Metal COPPER', '#fff', 'Metallic', 'Enamel'], ['AK 474', 'Xtreme Metal BRONZE', None, 'Metallic', 'Enamel'], ['AK 475', 'Xtreme Metal BRASS', '#fff', 'Metallic', 'Enamel'], ['AK 476', 'Xtreme Metal STEEL', '#6c6c6c', 'Metallic', 'Enamel'], ['AK 477', 'Xtreme Metal - CHROME', '#cacbca', 'Metallic', 'Enamel'], ['AK 478', 'Xtreme Metal WHITE ALUMINIUM', None, 'Metallic', 'Enamel'], ['AK 479', 'Xtreme Metal ALUMINIUM', '#b3b3b3', 'Metallic', 'Enamel'], ['AK 480', 'Xtreme Metal DARK ALUMINIUM', '#979797', 'Metallic', 'Enamel'], ['AK 481', 'Xtreme Metal POLISHED ALUMINIUM', '#fff', 'Metallic', 'Enamel'], ['AK 482', 'Xtreme Metal DURALUMINUM', '#aaa894', 'Metallic', 'Enamel'], ['AK 483', 'Xtreme Metal GUN METAL', '#505050', 'Metallic', 'Enamel'], ['AK 484', 'Xtreme Metal BURNT METAL', '#261504', 'Metallic', 'Enamel'], ['AK 485', 'Xtreme Metal PALE BURNT METAL', '#fff', 'Metallic', 'Enamel'], ['AK 486', 'Xtreme Metal JET EXHAUST', '#fff', 'Metallic', 'Enamel'], ['AK 487', 'Xtreme Metal METALLIC BLUE', '#324556', 'Metallic', 'Enamel'], ['AK 488', 'Xtreme Metal - MATTE ALUMINIUM', '#b3b3b3', 'Metallic', 'Enamel'], ['AK 669', 'Xtreme Metal TITANIUM', '#9b958d', 'Metallic', 'Enamel'], ['AK 670', 'Xtreme Metal - STAINLESS STEEL', '#caccce', 'Metallic', 'Enamel'], ['AK 671', 'Xtreme Metal METALLIC SMOKE', '#fff', 'Metallic', 'Enamel'], ['AK 672', 'Xtreme Metal Pale Brass', '#fff', 'Satin', 'Enamel'], ['AK 674', 'Xtreme Metal Metallic Purple', '#967fa0', 'Metallic', 'Enamel'], ['#A67F5C', 'Pin Wash Dark Sepia', None, 'Matt', 'Enamel'], ['AK 011', 'White Spirit', '#ffffff', None, 'Enamel'], ['AK 012', 'Streaking Grime', '#fff', 'Matt', 'Enamel'], ['AK 013', 'Rust Streaks: Rusty Wash Effect', '#52392d', 'Matt', 'Enamel'], ['AK 014', 'Winter Streaking Grime: Grey Brown for Winter Vehicles', None, 'Matt', 'Enamel'], ['AK 015', 'Dust Effects (Light Dust Wash for Europe)', '#989288', 'Matt', 'Enamel'], ['AK 016', 'Fresh Mud: Satin Fresh Mud Wash', None, 'Matt', 'Enamel'], ['AK 017', 'Earth Effects: Matt Dark Earth Wash', None, 'Matt', 'Enamel'], ['AK 022', 'Africa Dust Effects', None, 'Matt', 'Enamel'], ['AK 023', 'Dark Mud: Matt Dark Mud', None, 'Matt', 'Enamel'], ['AK 024', 'Dark Streaking Grime for Dark Green Vehicles', None, 'Matt', 'Enamel'], ['AK 025', 'Fuel Stains', '#fff', 'Matt', 'Enamel'], ['AK 026', 'Slime Grime Dark', '#47503f', 'Matt', 'Enamel'], ['AK 027', 'Slimy Grime Light', '#758b39', 'Matt', 'Enamel'], ['AK 045', 'Dark Brown Wash for Green Vehicles', None, 'Matt', 'Enamel'], ['AK 046', 'Light Rust Wash for Green Vehicles', '#924a2e', 'Matt', 'Enamel'], ['AK 048', 'Pigment Fixer', '#ffffff', 'Matt', 'Enamel'], ['AK 049', 'Odourless Thinner', '#ffffff', 'Thinners', 'Enamel'], ['AK 065', 'Afrika Korps Filter Light Brown for Desert Yellow', '#ad9674', 'Matt', 'Enamel'], ['AK 066', 'Wash for DAK vehicles', None, 'Matt', 'Enamel'], ['AK 067', 'Streaking Grime for DAK Vehicles', None, 'Matt', 'Enamel'], ['AK 069', 'Streaking Grime for Panzer Grey', None, 'Matt', 'Enamel'], ['AK 070', 'Brown Blue Wash for Panzer Grey Vehicles', None, 'Matt', 'Enamel'], ['AK 071', 'Blue for Panzer Grey Filter', '#2c3437', 'Matt', 'Enamel'], ['AK 074', 'Rainmarks for NATO tanks', '#fff', 'Matt', 'Enamel'], ['AK 075', 'Wash for NATO Tanks', '#fff', 'Matt', 'Enamel'], ['AK 076', 'Dark Brown for NATO and Green Filter', '#fff', 'Matt', 'Enamel'], ['AK 078', 'Damp Earth', '#5d5540', 'Matt', 'Enamel'], ['AK 079', 'Wet Effects Fluid', '#e7e7e7', 'Gloss', 'Enamel'], ['AK 080', 'Summer Kursk Earth', '#95843f', 'Matt', 'Enamel'], ['AK 082', 'Engine Grime', '#413c36', 'Matt', 'Enamel'], ['AK 083', 'Track Wash', '#3d312f', 'Matt', 'Enamel'], ['AK 084', 'Fresh Engine Oil', '#413c36', 'Gloss', 'Enamel'], ['AK 093', 'Interior Wash', None, 'Matt', 'Enamel'], ['AK 094', 'Streaking Grime for Interiors', None, 'Matt', 'Enamel'], ['AK 121', 'Wash for OEF/OIF US Modern vehicles', '#595242', 'Matt', 'Enamel'], ['AK 123', 'OEF US Vehicles Streaking Effects', '#fff', 'Matt', 'Enamel'], ['AK 261', 'Ocher for Sand Filters', '#fff', 'Matt', 'Enamel'], ['AK 262', 'Filter for Brown Wood or Red Brown for Wood', '#fff', 'Matt', 'Enamel'], ['AK 263', 'Wood Wash', None, 'Matt', 'Enamel'], ['AK 300', 'Dark Wash for Yellow Vehicles', None, 'Matt', 'Enamel'], ['AK 301', 'Naval: Dark Wash for Wood Deck', None, 'Matt', 'Enamel'], ['AK 302', 'Naval: Wash for Grey Decks', None, 'Matt', 'Enamel'], ['AK 303', 'Naval: Grey Wash for Kriegsmarine Ships', None, 'Matt', 'Enamel'], ['AK 304', 'Naval: Brown Streaking Grime for Red Hulls', None, 'Matt', 'Enamel'], ['AK 305', 'Naval: Streaking Grime for Light Grey Ships', '#fff', 'Matt', 'Enamel'], ['AK 306', 'Naval: Salt Streaks for Ships', None, 'Matt', 'Enamel'], ['AK636', 'STARSHIP DETAIL WASH', None, 'Matt', 'Enamel'], ['AK637', 'STARSHIP STREAKING GRIME', None, 'Matt', 'Enamel'], ['AK638', 'STARSHIP ATMOSPHERIC DIRT', None, 'Matt', 'Enamel'], ['AK 675', 'Decay Deposits for Abandoned Vehicles', '#fff', 'Matt', 'Enamel'], ['AK 676', 'Moss Deposits', '#fff', 'Matt', 'Enamel'], ['AK 677', 'Neutral Grey Wash', '#fff', 'Matt', 'Enamel'], ['AK 2019', 'Aircraft Engine Oil', '#fff', 'Satin', 'Enamel'], ['AK 2033', 'Wash Aircraft Engine', '#fff', 'Satin', 'Enamel'], ['AK 2039', 'Kerosene Leaks and Stains', '#fff', 'Satin', 'Enamel'], ['AK 2071', 'Paneliner - Brown and Green Camouflage', '#fff', 'Matt', 'Enamel'], ['AK 2072', 'Paneliner - Grey and Blue Camouflage', None, 'Gloss', 'Enamel'], ['AK 2073', 'Paneliner - Sand and Desert Camouflage', None, 'Matt', 'Enamel'], ['AK 2074', 'Paneliner - White and Winter Camouflage', '#fff', 'Gloss', 'Enamel'], ['AK 2075', 'Paneliner - Black Camouflage', '#fff', 'Matt', 'Enamel'], ['AK 4061', 'Sand Yellow Deposit', '#655d4e', 'Matt', 'Enamel'], ['AK 4062', 'Light dust deposit', '#92866c', 'Matt', 'Enamel'], ['AK 4063', 'Brown Earth Deposits', '#3b2925', 'Matt', 'Enamel'], ['AK 4111', 'Crusted Light Rust Deposits', '#e45e20', 'Matt', 'Enamel'], ['AK 4112', 'Crusted Medium Rust Deposits', '#89462a', 'Matt', 'Enamel'], ['AK 4113', 'Crusted Dark Rust Deposits', '#5a270f', 'Matt', 'Enamel'], ['AK 4161', 'Neutral Grey Filter', '#fff', 'Matt', 'Enamel'], ['AK 4162', 'Blue Green for Green Camo', '#8dd9cc', 'Matt', 'Enamel'], ['AK12019', 'LIGHT GREY PANELINER', '#fff', 'Matt', 'Enamel'], ['AK12020', 'BLACK PANELINER', '#fff', 'Matt', 'Enamel'], ['AK12021', 'SEPIA PANELINER', '#fff', 'Matt', 'Enamel'], ['AK12022', 'DARK BROWN PANELINER', '#fff', 'Matt', 'Enamel'], ['AK 047', 'White Spirit', '#ffffff', 'Thinners', 'Enamel'], ['AK 050', 'Odorless Thinner', None, 'Thinners', 'Enamel'], ['AK 159', 'Metal Burnishing Fluid', '#007f74', 'Matt', 'Enamel'], ['AK 174', 'Photo Etch Burnishing Liquid', '#fff', 'Matt', 'Enamel'], ['AK 268', 'Nitro Thinner', '#fff', 'Thinners', 'Enamel'], ['AK 470', 'Xtreme Cleaner', None, 'Cleaners', 'Enamel'], ['AK 8011', 'Terrains Snow', None, 'Matt', 'Enamel'], ['AK9316', 'ATOMIZER CLEANER FOR ENAMEL', None, 'Cleaners', 'Enamel'], ['AK 8013', 'Terrains Asphalt', None, 'Matt', 'Enamel'], ['AK 8017', 'Terrains Muddy Ground', None, 'Matt', 'Enamel'], ['AK 8021', 'Terrains Light Earth', None, 'Matt', 'Enamel'], ['AK 1014', 'AK Semi-Gloss Varnish', '#fff', 'Varnish', 'Enamel'], ['AK11708', 'THE BEST 52 EFFECTS FOR WEATHERING', None, 'Paint sets', 'Enamel'], ['AK1301', 'METALLIC LIQUID MARKER ΓÇô GOLD', '#fff', 'Metallic', 'Acrylic'], ['AK1302', 'METALLIC LIQUID MARKER ΓÇô CHROME', '#fff', 'Metallic', 'Acrylic'], ['AK1303', 'METALLIC LIQUID MARKER ΓÇô OLD BRONZE', '#fff', 'Metallic', 'Acrylic'], ['AK1304', 'METALLIC LIQUID MARKER ΓÇô COPPER', '#fff', 'Metallic', 'Acrylic'], ['AK 004', 'Dunkelgelb Shadow', '#2e2118', 'Matt', 'Acrylic'], ['AK 005', 'Dunkelgelb Dark Base', '#67531e', 'Matt', 'Acrylic'], ['AK 006', 'Dunkelgelb Base - RAL 7028 - FS 30266', '#8a7927', 'Matt', 'Acrylic'], ['AK 007', 'Dunkelgelb Light Base', '#b39e27', 'Matt', 'Acrylic'], ['AK 008', 'Dunkelgelb High Light', '#d6c247', 'Matt', 'Acrylic'], ['AK 009', 'Dunkelgelb Shine', '#ebe19a', 'Matt', 'Acrylic'], ['AK 010', 'Satin Varnish', '#ffffff', 'Varnish', 'Acrylic'], ['AK 029', 'Russian 4BO Shadow', '#141414', 'Matt', 'Acrylic'], ['AK 030', 'Russian 4BO Dark Base', '#282e20', 'Matt', 'Acrylic'], ['AK 031', 'Russian 4BO Base - RAL 6003 - FS 34082', '#344326', 'Matt', 'Acrylic'], ['AK 032', 'Russian 4BO Light Base', '#435f2f', 'Matt', 'Acrylic'], ['AK 033', 'Russian 4BO High Light', '#64823a', 'Matt', 'Acrylic'], ['AK 034', 'Russian 4BO Shine', '#92b853', 'Matt', 'Acrylic'], ['AK 092', 'Cremeweiss - RAL 9001', '#f8ecdc', 'Matt', 'Acrylic'], ['AK 122', 'US Base Color FS33446', '#d0b586', 'Matt', 'Acrylic'], ['AK 125', 'Red Primer Shadow', '#291514', 'Matt', 'Acrylic'], ['AK 126', 'Red Primer Dark Base', '#471a17', 'Matt', 'Acrylic'], ['AK 127', 'Red Primer Base - RAL 8012', '#831f1f', 'Matt', 'Acrylic'], ['AK 128', 'Red Primer Light Base', '#ad2120', 'Matt', 'Acrylic'], ['AK 129', 'Red Primer High Light - RAL 8023 - FS 30525', '#c7392d', 'Matt', 'Acrylic'], ['AK 130', 'Red Primer Shine', '#d1634a', 'Matt', 'Acrylic'], ['AK 132', 'Olive Drab Shadow - RAL 7009 - FS 34086', '#2b2b1f', 'Matt', 'Acrylic'], ['AK 133', 'Olive Drab Dark Base - FS 34084', '#433d25', 'Matt', 'Acrylic'], ['AK 134', 'Olive Drab Base - FS 14087', '#55532c', 'Matt', 'Acrylic'], ['AK 135', 'Olive Drab Light Base', '#6b683d', 'Matt', 'Acrylic'], ['AK 136', 'Olive Drab High Light', '#7d7956', 'Matt', 'Acrylic'], ['AK 137', 'Olive Drab Shine', '#9b9768', 'Matt', 'Acrylic'], ['AK 139', 'Aluminium Chipping', '#fff', 'Matt', 'Acrylic'], ['AK 161', 'Dunkelgrau Shadow - RAL 7021 - FS 37031', '#0a0a0a', 'Matt', 'Acrylic'], ['AK 162', 'Dunkelgrau Dark Base', '#1e1f1a', 'Matt', 'Acrylic'], ['AK 163', 'Dunkelgrau Base - FS 36099', '#303a3c', 'Matt', 'Acrylic'], ['AK 164', 'Dunkelgrau Light Base - FS 36231', '#3c3934', 'Matt', 'Acrylic'], ['AK 165', 'Dunkelgrau High Light', '#5b6066', 'Matt', 'Acrylic'], ['AK 166', 'Dunkelgrau Shine', '#938986', 'Matt', 'Acrylic'], ['AK 168', 'Rotbraun Shadow', '#392318', 'Matt', 'Acrylic'], ['AK 169', 'Rotbraun Base', '#6c2e19', 'Matt', 'Acrylic'], ['AK 170', 'Rotbraun Light', '#934820', 'Matt', 'Acrylic'], ['AK 171', 'Olivgr├╝n Shadow', '#222e20', 'Matt', 'Acrylic'], ['AK 172', 'Olivgr├╝n Base', '#406031', 'Matt', 'Acrylic'], ['AK 173', 'Olivgr├╝n Light', '#619540', 'Matt', 'Acrylic'], ['AK 475', 'Dunkelbraun RLM 61', '#403730', 'Matt', 'Acrylic'], ['AK 700', 'Gelbbraun - RAL 8020', '#b8914e', 'Matt', 'Acrylic'], ['AK 701', 'Grau - RAL 7027', '#7c6c48', 'Matt', 'Acrylic'], ['AK 702', 'Gelbbraun - RAL 8000', '#6c552c', 'Matt', 'Acrylic'], ['AK 703', 'Graugr├╝n (O Khakibraun) - RAL 7008', '#5a4a29', 'Matt', 'Acrylic'], ['AK 704', 'Dunkelgrau - RAL 7021', '#2b2c30', 'Matt', 'Acrylic'], ['AK 705', 'Graugr├╝n Opt 2 - RAL 7008', '#6e703f', 'Matt', 'Acrylic'], ['AK 706', 'Light Rust - FS 30215', '#af7f2a', 'Matt', 'Acrylic'], ['AK 707', 'Medium Rust (Middle Brown)', '#875522', 'Matt', 'Acrylic'], ['AK 708', 'Dark Rust', '#603719', 'Matt', 'Acrylic'], ['AK 709', 'Old Rust', '#564334', 'Matt', 'Acrylic'], ['AK 710', 'Shadow Rust - FS 30059', '#3d3835', 'Matt', 'Acrylic'], ['AK 711', 'Chipping Colour', '#462d14', 'Matt', 'Acrylic'], ['AK 713', 'DG I Dunkelgelb - RAL 7028', '#9e9479', 'Matt', 'Acrylic'], ['AK 714', 'DG III Dunkelgelb - RAL 7028', '#e2dbc8', 'Matt', 'Acrylic'], ['AK 715', 'Resedagr├╝n - RAL 6011', '#5d7754', 'Matt', 'Acrylic'], ['AK 716', 'Resedagr├╝n - RAL 6011B', '#869155', 'Matt', 'Acrylic'], ['AK 717', 'Rotbraun - RAL 8012', '#4a2b28', 'Matt', 'Acrylic'], ['AK 718', 'Schokobraun - RAL 8017', '#3e3530', 'Matt', 'Acrylic'], ['AK 719', 'Satin Black', '#1d1d1b', 'Satin', 'Acrylic'], ['AK 720', 'Rubber Tires', '#393d3c', 'Matt', 'Acrylic'], ['AK 721', 'Rusty Tracks', '#45291d', 'Matt', 'Acrylic'], ['AK 722', 'Dark Tracks', '#28231d', 'Matt', 'Acrylic'], ['AK 723', 'Dust', '#aba195', 'Matt', 'Acrylic'], ['AK 724', 'Dry Light Mud', '#a19275', 'Matt', 'Acrylic'], ['AK 725', 'New Iraqui Army Sand', '#dabc7e', 'Matt', 'Acrylic'], ['AK 726', 'British Sand Yellow - BS 381c 361', '#d8af53', 'Matt', 'Acrylic'], ['AK 727', 'German Sand Brown - RAL 8031 F9', '#ad8f77', 'Matt', 'Acrylic'], ['AK 728', 'German Sand Beige - RAL 1039 F9', '#b9a17d', 'Matt', 'Acrylic'], ['AK 729', 'German Grey Beige - RAL 7050 F7', '#756c5d', 'Matt', 'Acrylic'], ['AK 730', 'Wooden Deck', '#c9b68c', 'Matt', 'Acrylic'], ['AK 731', 'Schiffsbodenfarbe III Rot 5 - RAL 8013', '#7c4042', 'Matt', 'Acrylic'], ['AK 732', 'Hellgrau - RAL 7038 - FS 36375', '#d0cdc6', 'Matt', 'Acrylic'], ['AK 733', 'Dunkelgrau - RAL 7037', '#858992', 'Matt', 'Acrylic'], ['AK 734', 'Dunkelgrau 51 - RAL 7037', '#b3b4ae', 'Matt', 'Acrylic'], ['AK 735', 'Flat Black', '#0f100a', 'Matt', 'Acrylic'], ['AK 736', 'Spanish Green', '#4e552c', 'Matt', 'Acrylic'], ['AK 738', 'White', '#ffffff', 'Matt', 'Acrylic'], ['AK 739', 'Yellow - FS 30160', '#f0de00', 'Matt', 'Acrylic'], ['AK 740', 'Red', '#fa0000', 'Matt', 'Acrylic'], ['AK 746', '4BO Russian Green', '#5c6045', 'Matt', 'Acrylic'], ['AK 747', '6K Russian Brown', '#4b483f', 'Matt', 'Acrylic'], ['AK 748', '7K Russian Tan', '#9f9977', 'Matt', 'Acrylic'], ['AK 749', '3B AU Basic Protector', '#4c5550', 'Matt', 'Acrylic'], ['AK 750', 'Protective Green', '#4c5e46', 'Matt', 'Acrylic'], ['AK 751', 'Washable White Paint', '#ffffff', 'Matt', 'Acrylic'], ['AK 752', 'Olivegr├╝n Opt. 1 - RAL 6003', '#45513d', 'Matt', 'Acrylic'], ['AK 753', 'Dunkelgelb (Initial) - RAL 7028', '#928a5c', 'Matt', 'Acrylic'], ['AK 754', 'Dunkelbraun - RAL 7017', '#6a6353', 'Matt', 'Acrylic'], ['AK 755', 'Olivegr├╝n Opt. 2 - RAL 6003', '#626643', 'Matt', 'Acrylic'], ['AK 756', 'Polizei / Waffen SS Gr├╝n', '#415553', 'Matt', 'Acrylic'], ['AK 775', 'Matt Varnish', '#ffffff', 'Varnish', 'Acrylic'], ['AK 776', 'Satin Varnish', '#ffffff', 'Varnish', 'Acrylic'], ['AK 777', 'Glossy Varnish', '#ffffff', 'Varnish', 'Acrylic'], ['AK 778', 'Freshly Cut Timber', '#d4c69f', 'Matt', 'Acrylic'], ['AK 779', 'Wood Base', '#a49669', 'Matt', 'Acrylic'], ['AK 780', 'Dark Wood Grain', '#5f332a', 'Matt', 'Acrylic'], ['AK 781', 'Wood Grain - RAL 8002', '#614128', 'Matt', 'Acrylic'], ['AK 782', 'Varnished Wood', '#945b30', 'Varnish', 'Acrylic'], ['AK 783', 'Weathered Wood', '#46382b', 'Matt', 'Acrylic'], ['AK 784', 'Light Grey', '#9f9f9f', 'Matt', 'Acrylic'], ['AK 785', 'Middle Grey', '#88898b', 'Matt', 'Acrylic'], ['AK 786', 'Light Grey Brown', '#b4ad9b', 'Matt', 'Acrylic'], ['AK 787', 'Medium Grey', '#9f9282', 'Matt', 'Acrylic'], ['AK 788', 'Medium Brown', '#8f775f', 'Matt', 'Acrylic'], ['AK 789', 'Burnt Umber', '#46382b', 'Matt', 'Acrylic'], ['AK 790', 'IDF Sinai Grey Modern', '#635e58', 'Matt', 'Acrylic'], ['AK 791', 'IDF Sinai Grey 82', '#5e615a', 'Matt', 'Acrylic'], ['AK 792', 'IDF Sand Grey 73', '#968e77', 'Matt', 'Acrylic'], ['AK 793', 'IDF Green - FS 34088', '#485343', 'Matt', 'Acrylic'], ['AK 794', 'SLA Blue', '#74878d', 'Matt', 'Acrylic'], ['AK 795', 'LAF Green', '#283d38', 'Matt', 'Acrylic'], ['AK 796', 'NATO Green', '#2c3e26', 'Matt', 'Acrylic'], ['AK 797', 'NATO Brown', '#473425', 'Matt', 'Acrylic'], ['AK 798', 'Gun Metal FS 37200', '#313131', 'Matt', 'Acrylic'], ['AK 3002', 'Black Uniform Base', '#271e13', 'Matt', 'Acrylic'], ['AK 3003', 'Black Uniform Light Base', '#41383f', 'Matt', 'Acrylic'], ['AK 3004', 'Black Uniform Dark Light', '#3c3a36', 'Matt', 'Acrylic'], ['AK 3005', 'Black Uniform Highlight / Grey Brown', '#644d58', 'Matt', 'Acrylic'], ['AK 3006', 'Black Uniform Shadow', '#342322', 'Matt', 'Acrylic'], ['AK 3007', 'Black Uniform Dark Shadow', '#1d1210', 'Matt', 'Acrylic'], ['AK 3011', 'Base Flesh', '#775645', 'Matt', 'Acrylic'], ['AK 3012', 'Light Flesh', '#d2967b', 'Matt', 'Acrylic'], ['AK 3013', 'Highlight Flesh', '#fccfa1', 'Matt', 'Acrylic'], ['AK 3014', 'Shadow Flesh', '#90423a', 'Matt', 'Acrylic'], ['AK 3015', 'Dark Shadow Flesh', '#5d2c26', 'Matt', 'Acrylic'], ['AK 3016', 'Cheekbone Glaze / Reddish Black', '#4c3532', 'Matt', 'Acrylic'], ['AK 3021', 'M-44 Base / Chocolate Brown', '#8d6850', 'Matt', 'Acrylic'], ['AK 3022', 'M-44 Light Spots & Dots', '#e0c3a4', 'Matt', 'Acrylic'], ['AK 3023', 'M-44 Dark Spots and Dots', '#363a37', 'Matt', 'Acrylic'], ['AK 3024', 'M-44 Light Green Dots / Light Green', '#8ca068', 'Matt', 'Acrylic'], ['AK 3025', 'M-44 Medium Green Dots', '#3a4528', 'Matt', 'Acrylic'], ['AK 3026', 'Global Light Shade', '#988a6a', 'Matt', 'Acrylic'], ['AK 3027', 'White', '#ffffff', 'Matt', 'Acrylic'], ['AK 3028', 'Ivory', '#fffeec', 'Matt', 'Acrylic'], ['AK 3029', 'Faded White', '#f6f6ee', 'Matt', 'Acrylic'], ['AK 3031', 'Brown Leather', '#5d4f42', 'Matt', 'Acrylic'], ['AK 3032', 'Strong Ocher / Orange', '#d36c31', 'Matt', 'Acrylic'], ['AK 3033', 'Leather Highlights / Light Sand', '#ba9e6c', 'Matt', 'Acrylic'], ['AK 3034', 'Leather Dark Shade', '#211f20', 'Matt', 'Acrylic'], ['AK 3035', 'Silver & Metal', '#9d9d9d', 'Metallic', 'Acrylic'], ['AK 3036', 'Gilt Metal', '#b09b00', 'Metallic', 'Acrylic'], ['AK 3037', 'Basic Intense Yellow', '#ffcd2c', 'Matt', 'Acrylic'], ['AK 3038', 'Faded Yellow', '#fabb30', 'Matt', 'Acrylic'], ['AK 3039', 'Golden Yellow', '#fecd64', 'Matt', 'Acrylic'], ['AK 3041', 'Splittermuster Base', '#706c49', 'Matt', 'Acrylic'], ['AK 3042', 'Splittermuster Brown Spots', '#4b2a17', 'Matt', 'Acrylic'], ['AK 3043', 'Splittermuster Green Spots', '#38412c', 'Matt', 'Acrylic'], ['AK 3044', 'Splittermuster Rainmarks', '#2d291e', 'Matt', 'Acrylic'], ['AK 3045', 'Splittermuster Light Shade', '#a49470', 'Matt', 'Acrylic'], ['AK 3046', 'Splittermuster Shadow Shade', '#000000', 'Matt', 'Acrylic'], ['AK 3047', 'Pale Sand', '#fee4bf', 'Matt', 'Acrylic'], ['AK 3048', 'Vermilion Cadmium Red', '#e40728', 'Matt', 'Acrylic'], ['AK 3049', 'Intense Red', '#e80a17', 'Matt', 'Acrylic'], ['AK 3051', 'Waffen Fall/Winter Base', '#3e3027', 'Matt', 'Acrylic'], ['AK 3052', 'Waffen Fall/Winter Highlights (Golden Flesh)', '#be8b3a', 'Matt', 'Acrylic'], ['AK 3053', 'Waffen Fall/Winter Dark Spots', '#1d1000', 'Matt', 'Acrylic'], ['AK 3054', 'Waffen Fall/Winter Orange Spots', '#7b4a22', 'Matt', 'Acrylic'], ['AK 3055', 'Waffen Fall/Winter Brown Spots', '#a49470', 'Matt', 'Acrylic'], ['AK 3056', 'Waffen Fall/Winter Shadow Base', '#1d160e', 'Matt', 'Acrylic'], ['AK 3057', 'Pale Red', '#ef5146', 'Matt', 'Acrylic'], ['AK 3058', 'Intermediate Green', '#4e732d', 'Matt', 'Acrylic'], ['AK 3059', 'Deep green', '#2c421c', 'Matt', 'Acrylic'], ['AK 3061', 'Waffen Spring/Summer Base', '#46322b', 'Matt', 'Acrylic'], ['AK 3062', 'Waffen Spring/Summer Highlights', '#6c4d38', 'Matt', 'Acrylic'], ['AK 3063', 'Waffen Spring/Summer Light Green Spots', '#62713a', 'Matt', 'Acrylic'], ['AK 3064', 'Waffen Spring/Summer Dark Spots', '#13200f', 'Matt', 'Acrylic'], ['AK 3065', 'Waffen Spring/Summer Medium Green Spots', '#2b331c', 'Matt', 'Acrylic'], ['AK 3066', 'Waffen Spring/Summer Green Highlight Shade', '#5d6349', 'Matt', 'Acrylic'], ['AK 3067', 'Deck Tan', '#aaa681', 'Matt', 'Acrylic'], ['AK 3068', 'Turquoise', '#016780', 'Matt', 'Acrylic'], ['AK 3069', 'Intense Blue', '#0079b2', 'Matt', 'Acrylic'], ['AK 3071', 'M-43 Uniform Green Olive', '#424a25', 'Matt', 'Acrylic'], ['AK 3072', 'M-42 Uniform Green Ochre Khaki', '#c99d22', 'Matt', 'Acrylic'], ['AK 3073', 'Red Brown Leather', '#8f301e', 'Matt', 'Acrylic'], ['AK 3074', 'US Olive Drab', '#4e462f', 'Matt', 'Acrylic'], ['AK 3075', 'US Field Drab', '#926524', 'Matt', 'Acrylic'], ['AK 3076', 'Canvas Tone', '#9f8f53', 'Matt', 'Acrylic'], ['AK 3077', 'Deep Sky Blue', '#23a7d8', 'Matt', 'Acrylic'], ['AK 3078', 'Light Blue', '#85c4d5', 'Matt', 'Acrylic'], ['AK 3079', 'American Blue', '#75a7a8', 'Matt', 'Acrylic'], ['AK 3081', 'WWI British Uniform Base', '#534633', 'Matt', 'Acrylic'], ['AK 3082', 'WWI British Uniform Light', '#826933', 'Matt', 'Acrylic'], ['AK 3083', 'WWI British Uniform Shadow', '#331e1b', 'Matt', 'Acrylic'], ['AK 3084', 'Pure Black', '#000000', 'Matt', 'Acrylic'], ['AK 3085', 'Glaze Medium', '#fff', 'Matt', 'Acrylic'], ['AK 3086', 'Gun Metal', '#fff', 'Matt', 'Acrylic'], ['AK 3087', 'Bronze', '#fff', 'Matt', 'Acrylic'], ['AK 3088', 'Copper', '#fff', 'Matt', 'Acrylic'], ['AK 3091', 'WWI German Uniform Base', '#352f17', 'Matt', 'Acrylic'], ['AK 3092', 'WWI German Uniform Light', '#786a39', 'Matt', 'Acrylic'], ['AK 3093', 'WWI German Uniform Shadow', '#2a1e08', 'Matt', 'Acrylic'], ['AK 3094', 'Violet', '#90678f', 'Matt', 'Acrylic'], ['AK 3095', 'Dark Violet', '#513752', 'Matt', 'Acrylic'], ['AK 3101', 'WWI French Uniform Base', '#3a4450', 'Matt', 'Acrylic'], ['AK 3102', 'WWI French Uniform Light', '#6c745c', 'Matt', 'Acrylic'], ['AK 3103', 'WWI French Uniform Shadow', '#142020', 'Matt', 'Acrylic'], ['AK 3111', 'Desert Uniform Base', '#8d691f', 'Matt', 'Acrylic'], ['AK 3112', 'Desert Uniform Lights', '#b78836', 'Matt', 'Acrylic'], ['AK 3113', 'Desert Uniform Shadows', '#4e390a', 'Matt', 'Acrylic'], ['AK 3114', 'Green Uniform Base', '#3b3c2a', 'Matt', 'Acrylic'], ['AK 3115', 'Green Uniform Lights', '#625f34', 'Matt', 'Acrylic'], ['AK 3116', 'Green Uniform Shadows', '#2c2d1d', 'Matt', 'Acrylic'], ['AK 3121', 'Russian uniform light', '#9b8717', 'Matt', 'Acrylic'], ['AK 3122', 'Russian uniform base', '#6c5e21', 'Matt', 'Acrylic'], ['AK 3123', 'Russian uniform shadows', '#413b19', 'Matt', 'Acrylic'], ['AK 3124', 'Russian Blue light', '#363e53', 'Matt', 'Acrylic'], ['AK 3125', 'Blue Tank Crew Base', '#273343', 'Matt', 'Acrylic'], ['AK 3126', 'Red emblem / Emblem Red', '#c22222', 'Matt', 'Acrylic'], ['AK 3141', 'Field Grey Base', '#586240', 'Matt', 'Acrylic'], ['AK 3142', 'Field Grey Base 2', '#55604f', 'Matt', 'Acrylic'], ['AK 3143', 'Grey Green', '#afa55d', 'Matt', 'Acrylic'], ['AK 3144', 'Field Grey Shadows', '#353626', 'Matt', 'Acrylic'], ['AK 3145', 'German Grey Uniform', '#555650', 'Matt', 'Acrylic'], ['AK 3146', 'German Grey Uniform Light', '#798486', 'Matt', 'Acrylic'], ['AK 4002', 'Bullet Metal Case', '#5f4c24', 'Metallic', 'Acrylic'], ['AK 4003', 'Matt Red', '#8b301d', 'Matt', 'Acrylic'], ['AK 4004', 'Periscope Shade', '#31393c', 'Matt', 'Acrylic'], ['AK 4005', 'Exhausts Silencer', '#692c17', 'Matt', 'Acrylic'], ['AK 4006', 'Buff Light Shade - FS 33722', '#b8ac86', 'Matt', 'Acrylic'], ['AK 4007', 'Buff Dark Shade', '#857748', 'Matt', 'Acrylic'], ['AK 4008', 'Black Grey', '#1e1e1e', 'Matt', 'Acrylic'], ['AK 4011', 'US ARMY Olive Drab', '#1f271c', 'Matt', 'Acrylic'], ['AK 4012', 'APC Interior Light Green', '#b6c59e', 'Matt', 'Acrylic'], ['AK 4013', 'USMC Forest Green - FS 34079', '#2c3820', 'Matt', 'Acrylic'], ['AK 4021', 'Olive Drab Lustreless', '#6a6152', 'Matt', 'Acrylic'], ['AK 4022', 'Australian Tan', '#b8996a', 'Matt', 'Acrylic'], ['AK 4023', 'Australian Black', '#32352e', 'Matt', 'Acrylic'], ['AK 4031', 'BSC N┬░ 64 Portland Stone', '#e2dfb6', 'Matt', 'Acrylic'], ['AK 4032', 'BSC N┬░ 28 Silver Grey', '#acb095', 'Matt', 'Acrylic'], ['AK 4033', 'BSC N┬░ 34 Slate', '#6b6f61', 'Matt', 'Acrylic'], ['AK 4034', 'BSC N┬░ 61 Light Stone', '#cab684', 'Matt', 'Acrylic'], ['AK 4035', 'Khaki Green N┬░ 3 (New service colour)', '#5e5747', 'Matt', 'Acrylic'], ['AK 4036', 'BSC N┬░ 49 Purple Brown', '#4a2c2c', 'Matt', 'Acrylic'], ['AK 4041', 'WWI British Khaki Brown Highlights', '#755e3e', 'Matt', 'Acrylic'], ['AK 4042', 'WWI British Khaki Brown Base', '#52412d', 'Matt', 'Acrylic'], ['AK 4043', 'WWI British Khaki Brown Shadow', '#3d2f2c', 'Matt', 'Acrylic'], ['AK 4051', 'WWI French Milky Coffee', '#927644', 'Matt', 'Acrylic'], ['AK 4052', 'WWI French Artillery Grey', '#4f5160', 'Matt', 'Acrylic'], ['AK 4053', 'WW1 French Brown', '#4d2521', 'Matt', 'Acrylic'], ['AK 4054', 'WWI French Green #1', '#3b442f', 'Matt', 'Acrylic'], ['AK 4055', 'WWI French Green #2', '#2a281c', 'Matt', 'Acrylic'], ['AK 4071', 'BSC. N┬░61 Light Stone (Khaki Drab)', '#dfba76', 'Matt', 'Acrylic'], ['AK 4072', 'Dark Olive Green PFI Disruptive', '#fff', 'Matt', 'Acrylic'], ['AK4133', 'Modern Russian Pale Grey', '#98a6a6', 'Matt', 'Acrylic'], ['AK 4141', 'Pale Tan', '#f0c871', 'Matt', 'Acrylic'], ['AK 4142', 'Orange Brown', '#a8773c', 'Matt', 'Acrylic'], ['AK 4143', 'Red Brown', '#42332c', 'Matt', 'Acrylic'], ['AK 4144', 'Light Yellow Green', '#6d7441', 'Matt', 'Acrylic'], ['AK 4145', 'Blue Gray', '#668297', 'Matt', 'Acrylic'], ['AK 4146', 'Olive Green', '#4a4a32', 'Matt', 'Acrylic'], ['AK 4211', 'Olive Drab N┬║9 (FS33070)', '#544f3d', 'Matt', 'Acrylic'], ['AK 4212', 'Olive Drab No┬░22', '#fff', 'Matt', 'Acrylic'], ['AK 4213', 'Olive Drab 50ΓÇÖ (FS34087)', '#39372a', 'Matt', 'Acrylic'], ['AK 4214', 'Light Green N┬║1 (FS34151)', '#64633c', 'Matt', 'Acrylic'], ['AK 4215', 'Olive Drab N┬║31 (FS34084)', '#45433d', 'Matt', 'Acrylic'], ['AK 4241', 'PLA Olive Green', '#49421b', 'Matt', 'Acrylic'], ['AK 4242', 'PLA Intense Green', '#719e41', 'Matt', 'Acrylic'], ['AK 4243', 'PLA Dark Green', '#202216', 'Matt', 'Acrylic'], ['AK 4244', 'PLA Ocher Earth', '#bd825f', 'Matt', 'Acrylic'], ['AK 4245', 'PLA Light Stone', '#e0b788', 'Matt', 'Acrylic'], ['AK 4246', 'PLA Red Sand', '#9c5c2d', 'Matt', 'Acrylic'], ['AK 4247', 'PLA Sand Yellow', '#b68a43', 'Matt', 'Acrylic'], ['AK 4248', 'PLA Red Brown', '#584235', 'Matt', 'Acrylic'], ['AK 4249', 'PLA Green', '#466129', 'Matt', 'Acrylic'], ['AK 4251', 'PLA Dark Blue', '#2f353c', 'Matt', 'Acrylic'], ['AK 4252', 'PLA Sea Blue', '#1e2634', 'Matt', 'Acrylic'], ['AK 4253', 'PLA Intermediate Blue', '#477088', 'Matt', 'Acrylic'], ['AK 4254', 'PLA Light Blue', '#72bcd8', 'Matt', 'Acrylic'], ['AK 4255', 'PLA Cool Blue White', '#c9e4d1', 'Matt', 'Acrylic'], ['AK 4256', 'PLA Dark Drab', '#392a20', 'Matt', 'Acrylic'], ['AK 4257', 'PLA Khaki', '#876a38', 'Matt', 'Acrylic'], ['AK 4261', 'PLA Blue Green', '#026344', 'Matt', 'Acrylic'], ['AK 4262', 'PLA Purple Grey', '#87646a', 'Matt', 'Acrylic'], ['AK 5001', 'Deck Blue 20 B', '#5b666c', 'Matt', 'Acrylic'], ['AK 5002', 'Haze Gray 5 H', '#dadbdf', 'Matt', 'Acrylic'], ['AK 5003', 'Ocean Gray 5 O', '#a6a8b5', 'Matt', 'Acrylic'], ['AK 5004', 'Navy Blue 5 N', '#3c4652', 'Matt', 'Acrylic'], ['AK 5005', 'Sea Blue 5 S', '#6a707c', 'Matt', 'Acrylic'], ['AK 5006', 'Light Gray 5 L', '#d9dad4', 'Matt', 'Acrylic'], ['AK 5021', 'Dark Gray 5D', '#282425', 'Matt', 'Acrylic'], ['AK 5022', 'Pale Gray 5P', '#bcbfa0', 'Matt', 'Acrylic'], ['AK 5023', 'Standard Navy Gray 5', '#878380', 'Matt', 'Acrylic'], ['AK 5024', 'Flight Deck Blue 21', '#515d68', 'Matt', 'Acrylic'], ['AK 5025', 'Natural Haze Gray', '#676555', 'Matt', 'Acrylic'], ['AK 5026', 'Hull Red', '#7b352a', 'Matt', 'Acrylic'], ['AK 9031', 'Orange', '#eb8949', 'Matt', 'Acrylic'], ['AK 11360', 'NATO Black', '#252324', 'Matt', 'Acrylic'], ['AK 11893', 'IJN D1 Deep Green Black', '#143628', 'Matt', 'Acrylic'], ['AK 088', 'Worn Effects', None, 'Matt', 'Acrylic'], ['AK 265', 'Clear Red', '#fff', 'Gloss', 'Acrylic'], ['AK 266', 'Clear Green', '#fff', 'Gloss', 'Acrylic'], ['AK 267', 'Clear Orange', '#fff', 'Gloss', 'Acrylic'], ['AK 3017', 'Green Glaze', '#313321', 'Matt', 'Acrylic'], ['AK 3018', 'Brown Glaze', '#534237', 'Matt', 'Acrylic'], ['AK 3019', 'Uniform Definition Filter - Dark Brown Glaze', '#291f19', 'Matt', 'Acrylic'], ['AK8088', 'Snow Texture (Acrylic)', '#fff', 'Matt', 'Acrylic'], ['AK9322', 'PRECISION ANTISHINE', '#fff', 'Varnish', 'Acrylic'], ['AK 175', 'Surface Primer Grey', '#818182', 'Matt', 'Acrylic'], ['AK 176', 'Primer Dark Yellow', '#fff', 'Matt', 'Acrylic'], ['AK 177', 'Surface Primer White', '#ffffff', 'Matt', 'Acrylic'], ['AK 178', 'Primer Black', '#000000', 'Matt', 'Acrylic'], ['AK 179', 'Primer Russian', '#fff', 'Matt', 'Acrylic'], ['AK 180', 'Primer Red', '#fff', 'Matt', 'Acrylic'], ['AK 181', 'Primer Desert Sand', '#bdb18d', 'Matt', 'Acrylic'], ['AK 182', 'Primer Olive Drab', '#fff', 'Matt', 'Acrylic'], ['AK 183', 'Ultra Matt Varnish', None, 'Varnish', 'Acrylic'], ['AK 184', 'Primer Rust', '#fff', 'Matt', 'Acrylic'], ['AK 185', 'Primer Tracks', '#fff', 'Matt', 'Acrylic'], ['AK 190', 'Matte Varnish', '#ffffff', 'Varnish', 'Acrylic'], ['AK 191', 'Satin Varnish', '#ffffff', 'Varnish', 'Acrylic'], ['AK 192', 'Glossy Varnish', '#ffffff', 'Varnish', 'Acrylic'], ['AK 712', 'Acrylic Thinner', '#ffffff', 'Thinners', 'Acrylic'], ['AK 737', 'Acrylic Drying Retarder', None, 'Retarders', 'Acrylic'], ['AK 8028', 'Puddles', '#c1a576', 'Satin', 'Acrylic'], ['AK 9198', 'Super Chrome', None, 'Metallic', 'Acrylic'], ['AK 9199', 'Thinner/Cleaner for Super Chrome', None, 'Thinners', 'Acrylic'], ['AK 119', 'Perfect Cleaner', None, 'Cleaners', 'Acrylic'], ['AK 893', 'Glass Coat Gauzy Agent', None, 'Varnish', 'Acrylic'], ['AK 8009', 'Snow Sprinkles', None, 'Matt', 'Acrylic'], ['AK 8010', 'Snow Microballoons', None, 'Matt', 'Acrylic'], ['AK 9315', 'Atomiser Cleaner - Universal cleaner for acrylic  paint', '#fff', 'Cleaners', 'Acrylic'], ['AK 1020', 'Rust basecoat', None, 'Matt', 'Acrylic'], ['AK 8013', 'Terrains Asphalt Diorama', '#fff', 'Matt', 'Acrylic'], ['AK 8014', 'Terrains Concrete Diorama', '#fff', 'Matt', 'Acrylic'], ['AK 8014', 'Terrains Concrete', None, 'Matt', 'Acrylic'], ['AK 1013', 'Varnish Spray Matt', None, 'Varnish', 'Acrylic'], ['AK 1051', 'Blue Berets Spray', None, 'Matt', 'Acrylic'], ['AK 1052', 'Golden Armor Spray', None, 'Metallic', 'Acrylic'], ['AK 1055', 'Pretorian Yellow Spray', None, 'Matt', 'Acrylic'], ['AK 450', 'True metal Gold', '#fff', 'Metallic', None], ['AK 451', 'True Metal Metallic Blue', '#fff', 'Matt', None], ['AK 452', 'True Metal Metallic Purple', '#fff', 'Metallic', None], ['AK 453', 'True metal Old Bronze', '#fff', 'Metallic', None], ['AK 454', 'True Metal Copper', '#fff', 'Metallic', None], ['AK 455', 'True Metal Aluminium', '#97908c', 'Metallic', None], ['AK 456', 'True Metal Dark Aluminium', '#6d6764', 'Metallic', None], ['AK 457', 'True Metal Steel', '#647e85', 'Metallic', None], ['AK 458', 'True Metal Silver', '#96b2b9', 'Metallic', None], ['AK 459', 'True Metal Iron', '#8c8582', 'Metallic', None], ['AK 460', 'True Metal Brass', '#fff', 'Metallic', None], ['AK 461', 'True Metal Gun Metal', '#524237', 'Metallic', None], ['AK 500', 'Light grey highlight', '#fff', 'Gloss', None], ['AK 501', 'Dark Grey Fading', '#fff', 'Gloss', None], ['AK 502', 'Shadows for grey ships', '#fff', 'Gloss', None], ['AK 503', 'Light rust', '#fff', 'Gloss', None], ['AK 504', 'Dark Rust', '#fff', 'Gloss', None], ['AK 505', 'Black Smoke', '#fff', 'Gloss', None], ['AK 582', 'Decal Adapter Solution', '#ffffff', None, None], ['AK 757', 'Black Primer and Micro Filler', '#000000', 'Matt', None], ['AK 758', 'Grey Primer and Microfiller', '#fff', 'Matt', None], ['AK 759', 'White Primer and Microfiller', '#ffffff', 'Matt', None], ['AK 1016', 'Fine Metal Primer Spray', None, 'Satin', None], ['AK 1019', 'Great White Base Spray', None, 'Satin', None], ['AK 1022', 'AK Aluminum', None, 'Metallic', None], ['AK 1022', 'AK Aluminium', '#fff', 'Metallic', None], ['AK 1025', 'AK Olive Drab', '#fff', 'Matt', None], ['AK 1009', 'Fine Primer Black Spray', '#fff', 'Matt', None], ['AK 1010', 'Fine Primer Grey Spray', None, 'Matt', None], ['AK 039', 'Pigments: Black', '#000000', 'Matt', None], ['AK 040', 'Light Dust', '#fff', 'Matt', None], ['AK 041', 'Pigments: North Africa Dust', '#fff', 'Matt', None], ['AK 042', 'Pigments: European Earth', '#ae9d8b', 'Matt', None], ['AK 043', 'Pigments: Medium Rust', '#a44100', 'Matt', None], ['AK 044', 'Pigments Light Rust', '#fff', 'Matt', None], ['AK 048', 'Pigment Fixer', '#ffffff', 'Matt', None], ['AK 081', 'Pigments: Dark Earth', '#4b3a1e', 'Matt', None], ['AK 085', 'Pigments Track Rust', '#fff', 'Matt', None], ['AK 086', 'Pigments: Dark Steel', '#fff', 'Matt', None], ['AK 140', 'Senna Soil', '#fff', 'Matt', None], ['AK 141', 'Vietnam, Earth', '#a07654', 'Matt', None], ['AK 142', 'White Ashes', '#fff', 'Matt', None], ['AK 143', 'Burnt Umber', '#fff', 'Matt', None], ['AK 144', 'Burnt Rust Red', '#62221d', 'Matt', None], ['AK 146', 'Pigments: Asphalt Road Dirt', '#544136', 'Matt', None], ['Ak147', 'Modelling Pigment - Middle East Dust', '#d5b28a', 'Matt', None], ['AK 148', 'Faded Green', '#fff', 'Matt', None], ['AK 2038', 'Smoke', '#393939', 'Matt', None], ['AK 118', 'Gravel & Sand Fixer', None, 'Pigment sets', None], ['AK 617', 'Weathering Plaster Base', '#fff', 'Matt', None], ['AK8077', 'MULTIPURPOSE CERAMIC VARNISH (SUPER GLOSS)', '#fff', 'Varnish', None], ['AK 1017', 'FINE RESIN PRIMER', '#fff', 'Matt', None], ['AK 1018', 'MICROFILLER PRIMER', '#fff', 'Matt', None], ['AK 8091', 'Snow Effects', None, None, None], ['AK 063', 'Slimy Grime and Fuel', '##fff', None, None], ['AK 077', 'Heavy Muddy Set', '#5d5540', None, None], ['AK 555', 'Ships Weathering Set Vol 1', '##fff', None, None], ['AK 9040', 'Two Component ULTRA GLOSS Varnish', None, None, None], ['AK 060', 'Dust effects & white spirit set', '#ffffff', None, None], ['AK 061', 'Mud Effects Set', '##fff', None, None], ['AK 062', 'Streaking Effects Set', '##fff', None, None], ['AK 064', 'Weathering Set for Green Vehicles', '##fff', None, None], ['AK 068', 'D.A.K Weathering Set', '#ad9674', None, None], ['AK 072', 'Weathering set for Early Panzers', '##fff', None, None], ['AK 073', 'NATO Weathering Set', '##fff', None, None], ['AK 091', 'Interior Weathering Set', '##fff', None, None], ['AK 120', 'OIF & OEF US Vehicles Weathering Set', '##fff', None, None], ['AK 260', 'Wood Weathering Set', '##fff', None, None], ['AK 556', 'Ships Weathering Set Vol 2', '##fff', None, None], ['AK639', 'WEATHERING SCI-FI SET', '##fff', None, None], ['AK 4060', 'Dust & Dirt Deposits', '#655d4e', None, None], ['AK 4110', 'Crusted Rust Deposits', '#e45e20', None, None], ['AK 4180', 'Decay and abandoned weathering set', '##fff', None, None], ['AK 087', 'Engines & Metal weathering set', '#413c36', None, None], ['AK 4120', 'Burnt Vehicles', '#000000', None, None], ['AK 4160', 'Modern Russian Weathering set', '#462d14', None, None], ['AK 028', '4BO Russian Green', '#fff', None, None], ['AK1300', 'METALLIC LIQUID MARKERS ΓÇô 4 UNITS SET', '##fff', None, None], ['AK11764', 'AMERICAN CIVIL WAR', None, None, None], ['AK 003', 'Grey Primer', '#fff', None, None], ['AK 3080', 'WWI British Uniforms', '#534633', None, None], ['AK 3090', 'WWI German uniforms', '#352f17', None, None], ['AK 3100', 'WWI French Uniforms', '#3a4450', None, None], ['AK 4010', 'Vietnam Colors set', '#2c3820', None, None], ['AK 4020', 'AUSTRALIAN CAMOUFLAGE COLOURS', '#fff', None, None], ['AK 4040', 'WWI British Colors', '#755e3e', None, None], ['AK 4171', 'German Standard Colours 44-45', '#e2dbc8', None, None], ['AK 4172', 'German Standard Colours 37-44', '#2b2c30', None, None], ['AK 4173', 'Russian WWII Standard Colors', '#9f9977', None, None], ['AK 4174', 'Standard Tools all Eras Color Combo', '#614128', None, None], ['AK 4200', 'Magyar Kir├ílyi Honv├⌐ds├⌐g ├ülc├íz├│ Sz├¡nei', None, None, None], ['AK 4260', 'PLA Army Colors Addon', '#584235', None, None], ['AK 264', 'Clear Colours VOL.1', '##fff', None, None], ['AK 3008', 'Uniform Definition Filters Set', '#313321', None, None], ['AK 2250', '1937-1941 SOVIET AIRCRAFT COLORS', '#848e62', None, None], ['AK 4050', 'World War One French colours', '#4d2521', None, None], ['AK 124', 'German Red Primer Special Modulation Set', '#471a17', None, None], ['AK 131', 'US Olive Drab Special Modulation Set', '#433d25', None, None], ['AK 160', 'German Panzer Grey Dunkelgrau Modulation set', '#0a0a0a', None, None], ['AK 167', 'German Camouflage Special Modulation Set', '#392318', None, None], ['AK 550', 'Afrika Korps Colours', '#b8914e', None, None], ['AK 551', 'Rust Effect Colors', '#af7f2a', None, None], ['AK 552', 'German Dunkelgelb Modulation Set', '#8a7927', None, None], ['AK 553', '4BO Russian Green Modulation Set', '#92b853', None, None], ['AK 554', '1945 German Late War Colors', '#9e9479', None, None], ['AK 557', 'Track and Wheels Acrylic Set', '#1d1d1b', None, None], ['AK 558', 'Iraq & Afghanistan', '#d0b586', None, None], ['AK 559', 'Colors for German Warships - Camouflages WWII', '#d0cdc6', None, None], ['AK 560', 'German War Colors 1937-44', '#2b2c30', None, None], ['AK 561', 'Soviet Camouflages', '#9f9977', None, None], ['AK 562', 'Old & Weathered Wood VOL.1', '#5f332a', None, None], ['AK 563', 'Old & Weathered Wood VOL.2', '#9f9f9f', None, None], ['AK 564', 'Middle East War Colours & IDF', '#283d38', None, None], ['AK 1124', 'German Red Primer war game series', '#603719', None, None], ['AK 1160', 'German Panzer Grey War game series', None, None, None], ['AK 1552', 'German Dunkelgelb Set (Wargame Series)', None, None, None], ['AK 1553', '4B0 Russian Green War game series', None, None, None], ['AK 3001', 'Panzer Crew Black Uniforms', '#271e13', None, None], ['AK 3010', 'Flesh and Skin Colours', '#775645', None, None], ['AK 3020', 'M-44 Camouflage Uniform', '#8d6850', None, None], ['AK 3030', 'Leather and buckles', '#5d4f42', None, None], ['AK 3040', 'Splittermuster Uniform Colours', '#706c49', None, None], ['AK 3050', 'Waffen SS Fall/Winter Camouflage colours', '#3e3027', None, None], ['AK 3060', 'Waffen SS Spring/Summer Camouflage', '#62713a', None, None], ['AK 3070', 'US Army soldier uniform colors', '#424a25', None, None], ['AK 3110', 'D.A.K. Soldier Uniform Colors', '#8d691f', None, None], ['AK 3120', 'Soviet WWII Uniform Colors', '#9b8717', None, None], ['AK 3140', 'German Field Grey Uniforms', '#afa55d', None, None], ['AK 3150', 'Blue Uniform Colors', '#363e53', None, None], ['AK 3160', 'Winter & White Colors', '#644d58', None, None], ['AK 3170', 'Red Uniform Colors', '#4c3532', None, None], ['AK 3190', 'Yellow Uniform Colors', '#8d6850', None, None], ['AK 3200', 'Vietnam U.S. Green & Camouflage', '#363a37', None, None], ['AK 3220', 'Modern Desert Uniform Colors', '#5d4f42', None, None], ['AK 3230', 'IDF Uniform Colors', '#3a4528', None, None], ['AK 3240', 'WWII British Uniform Colors', '#988a6a', None, None], ['AK 3250', 'Woodland & Flecktarn Camouflages', '#8ca068', None, None], ['AK 3260', 'Brown Colors', '#8d6850', None, None], ['AK 3270', 'French Uniform Colors', '#5d4f42', None, None], ['AK 4000', 'Tank accesories', '#b8ac86', None, None], ['AK 4030', 'British Desert colours The Caunter Scheme (1940-41)', '#e2dfb6', None, None], ['AK 4080', 'Modern French Army Colours', '#252324', None, None], ['AK 4130', 'Modern Russian Colours Vol 1', None, None, None], ['AK 4140', 'Modern Russian Colours Vol 2', '#f0c871', None, None], ['AK 4190', 'Spanish Civil War Colors', '#303a3c', None, None], ['AK 4210', 'US Army & USMC green colors', None, None, None], ['AK 4220', 'US Army and USMC Camouflage Colors', '#0f100a', None, None], ['AK 5000', 'US Navy Camouflages', '#5b666c', None, None], ['AK 5020', 'US Navy Camouflages 2', '#282425', None, None], ['AK 9020', 'Yellow, Brown & Grey Interiors', '#5b6066', None, None], ['AK 9030', 'Red & Blue Interior Colors', '#875522', None, None], ['AK 4230', 'MERDC Camouflage Colours', '#575b45', None, None], ['AK 4240', 'PLA Army & Artillery', '#49421b', None, None], ['AK 4250', 'Chinese Marine Corps and Airborne Forces', '#ffffff', None, None], ['AK 138', 'Chipping Essentials', '#462d14', None, None], ['AK Promo 060', 'Complete Wood Pack', None, None, None]], 'AK Interactive Air Series': [['AK 2019', 'Air Series Aircraft Engine Oil', None, 'Matt', 'Enamel'], ['AK 2029', 'Landing Wash Gear', '#fff', 'Matt', 'Enamel'], ['AK 2031', 'Landing Gear Dust Effect', '#fff', 'Matt', 'Enamel'], ['AK 2032', 'Shafts Grease & Bearings', '#fff', 'Matt', 'Enamel'], ['AK 2033', 'Engine & Turbines Wash', None, 'Matt', 'Enamel'], ['AK 2039', 'Kerosene Leaks & Stains', None, 'Matt', 'Enamel'], ['AK 2040', 'Exhaust Wash', '#525453', 'Matt', 'Enamel'], ['AK 2002', 'RLM 02', '#5a5e45', 'Satin', 'Acrylic'], ['AK 2003', 'RLM 65', '#809a99', 'Satin', 'Acrylic'], ['AK 2004', 'RLM 66', '#232227', 'Satin', 'Acrylic'], ['AK 2005', 'RLM 70', '#272925', 'Satin', 'Acrylic'], ['AK 2006', 'RLM 71', '#343a2b', 'Satin', 'Acrylic'], ['AK 2007', 'RLM 74', '#383c3b', 'Satin', 'Acrylic'], ['AK 2008', 'RLM 75', '#655d5c', 'Satin', 'Acrylic'], ['AK 2009', 'RLM 76', '#c9d1d2', 'Satin', 'Acrylic'], ['AK 2014', 'RAF Ocean Grey', '#557883', 'Satin', 'Acrylic'], ['AK 2015', 'RAF Sky', '#b9d5b7', 'Satin', 'Acrylic'], ['AK 2016', 'RAF Middle Stone', '#858446', 'Satin', 'Acrylic'], ['AK 2017', 'RAF Azure Blue', '#2b487e', 'Satin', 'Acrylic'], ['AK 2018', 'Aircraft Grey Green', '#3e5841', 'Satin', 'Acrylic'], ['AK 2021', 'RLM 72', '#323d3a', 'Satin', 'Acrylic'], ['AK 2022', 'RLM 73', '#3f4539', 'Satin', 'Acrylic'], ['AK 2023', 'RLM78', '#6a807e', 'Satin', 'Acrylic'], ['AK 2024', 'RLM 79', '#634c2a', 'Satin', 'Acrylic'], ['AK 2025', 'RLM 80', '#20341f', 'Satin', 'Acrylic'], ['AK 2026', 'RLM 81', '#5d5940', 'Satin', 'Acrylic'], ['AK 2027', 'RLM 82', '#3f5c43', 'Satin', 'Acrylic'], ['AK 2028', 'RLM 83', '#424637', 'Satin', 'Acrylic'], ['AK 2034', 'RLM 63', '#808171', 'Satin', 'Acrylic'], ['AK 2051', 'FS 16440 Light Gull Gray', '#b6b6ae', 'Satin', 'Acrylic'], ['AK 2052', 'FS17875 White', '#fafafa', 'Satin', 'Acrylic'], ['AK 2053', 'FS 33613 Radome Tan', '#d0b894', 'Satin', 'Acrylic'], ['AK 2054', 'FS 35164 Intermediate Blue', '#5a757c', 'Satin', 'Acrylic'], ['AK 2055', 'FS 36307 Light Sea Grey', '#a9a695', 'Satin', 'Acrylic'], ['AK 2056', 'FS 35237 Medium Grey', '#919c9e', 'Satin', 'Acrylic'], ['AK 2057', 'FS 36375 Light Ghost Grey', '#9ca4aa', 'Satin', 'Acrylic'], ['AK 2058', 'FS 36320 Dark Ghost Grey', '#aab0ac', 'Satin', 'Acrylic'], ['AK 2061', 'J3 Hai-iro (Grey)', '#929487', 'Satin', 'Acrylic'], ['AK 2062', 'J3 SP (Amber Grey)', '#959073', 'Satin', 'Acrylic'], ['AK 2063', 'D1 Deep Green Black', '#29352b', 'Satin', 'Acrylic'], ['AK 2064', 'D2 green black', '#1b4e3d', 'Satin', 'Acrylic'], ['AK 2065', 'C2 Trainer Yellow', '#f49915', 'Satin', 'Acrylic'], ['AK 2066', 'Q1 Anti-glare Blue Black', '#192425', 'Satin', 'Acrylic'], ['AK 2067', 'M3 (M) Mistubishi Interior Green', '#666330', 'Satin', 'Acrylic'], ['AK 2068', 'M3 (N) Nakajima Interior Green', '#5f624d', 'Satin', 'Acrylic'], ['AK 2091', 'RLM04', '#f6ab0b', 'Satin', 'Acrylic'], ['AK 2101', 'FS 34079 Dark Green', '#535548', 'Satin', 'Acrylic'], ['AK 2102', 'FS 34102 Medium Green', '#575b45', 'Satin', 'Acrylic'], ['AK 2103', 'FS 30219 Dark Tan', '#8f7460', 'Satin', 'Acrylic'], ['AK 2104', 'FS 36622 Camouflage Grey', '#c2c1b4', 'Satin', 'Acrylic'], ['AK 2105', 'FS 36081 Grey', '#575a5a', 'Satin', 'Acrylic'], ['AK 2106', 'FS 34092 Dull Dark Green', '#495951', 'Satin', 'Acrylic'], ['AK 2111', 'FS 30279 Desert Tan', '#b48968', 'Satin', 'Acrylic'], ['AK 2141', 'FS 36270 Medium Grey', '#7d9297', 'Satin', 'Acrylic'], ['AK 2142', 'FS 36251 Aggressor Grey', '#7b8f8d', 'Satin', 'Acrylic'], ['AK 2143', 'F-15 DARK GREY FS 36176', '#6f7990', 'Matt', 'Acrylic'], ['AK 2144', 'MEDIUM GUNSHIP GREY FS 36118', '#4b5564', 'Matt', 'Acrylic'], ['AK 2144', 'FS 36118 Medium Gunship Grey', '#61757e', 'Satin', 'Acrylic'], ['AK 2145', 'AIR SUPERIORITY BLUE FS 35450', '#6f7990', 'Matt', 'Acrylic'], ['AK 2146', 'FS 16473 ADC Grey', '#9faaa6', 'Satin', 'Acrylic'], ['AK 2147', 'OFFWHITE FS 37886', '#eee5dc', 'Matt', 'Acrylic'], ['AK 2151', 'Sand FS 33531', '#d9c2a3', 'Matt', 'Acrylic'], ['AK 2152', 'Green FS 34227', '#759477', 'Matt', 'Acrylic'], ['AK 2153', 'GREEN FS 34258', '#7f935a', 'Matt', 'Acrylic'], ['AK 2154', 'FS 35622 Light Blue', '#cddbce', 'Satin', 'Acrylic'], ['AK 2161', 'SMALT KHAKI AVION MNO 2036', '#848266', 'Matt', 'Acrylic'], ['AK 2162', 'GRAUBLAU-GREY BLUE RAL 5008', '#80898f', 'Satin', 'Acrylic'], ['AK 2163', 'Silk Grey (SEIDENGRAU) RAL 7044', '#b7b6a9', 'Matt', 'Acrylic'], ['AK 2164', 'OLIVE BRAUN-OLIVE BROWN RAL 8008', '#aa927d', 'Satin', 'Acrylic'], ['AK 2171', 'RAL 2005 LUMINOUS ORANGE (LEUCHTORANGE)', '#da8026', 'Satin', 'Acrylic'], ['AK 2172', 'RAL 6014 Yellow Olive (Gelboliv)', '#636652', 'Satin', 'Acrylic'], ['AK 2173', 'RAL 7001 Silver Grey (Silbergrau)', '#979798', 'Satin', 'Acrylic'], ['AK 2174', 'RAL 7012 Basalt Grey (Basaltgrau)', '#555d5f', 'Satin', 'Acrylic'], ['AK 2175', 'AK2175 RAL 7030 Stone Grey (Steingrau)', '#918d87', 'Satin', 'Acrylic'], ['AK 2201', 'DARK OLIVE DRAB', '#514f41', 'Matt', 'Acrylic'], ['AK 2202', 'MEDIUM GREEN 42', '#4a5342', 'Matt', 'Acrylic'], ['AK 2203', 'Neutral Grey', '#818183', 'Satin', 'Acrylic'], ['AK 2204', 'Olive Drab ANA613', '#595649', 'Matt', 'Acrylic'], ['AK 2205', 'BRONZE GREEN', '#293425', 'Satin', 'Acrylic'], ['AK 2206', 'Yellow Green', '#848158', 'Satin', 'Acrylic'], ['AK 2207', 'Zinc Chromate Yellow', '#d1bb4e', 'Satin', 'Acrylic'], ['AK 2231', 'M-485 Light Gray', '#a59f93', 'Satin', 'Acrylic'], ['AK 2232', 'M-485 Blue-Gray', '#70848b', 'Satin', 'Acrylic'], ['AK 2233', 'Sea Blue', '#5f636c', 'Satin', 'Acrylic'], ['AK 2234', 'Dark Sea Blue', '#42505a', 'Satin', 'Acrylic'], ['AK 2241', 'A-14 Interior Steel Grey', '#647273', 'Satin', 'Acrylic'], ['AK 2242', 'AMT-4 (A-24m) Green', '#495120', 'Satin', 'Acrylic'], ['AK 2243', 'AMT-6 (A-26m) Black', '#323232', 'Satin', 'Acrylic'], ['AK 2244', 'AMT-7 (A-28m) Light Blue', '#6491a1', 'Satin', 'Acrylic'], ['AK 2245', 'AMT-11 Blue-Grey', '#4e5e6e', 'Satin', 'Acrylic'], ['AK 2246', 'AMT-12 Dark Grey', '#3c404c', 'Satin', 'Acrylic'], ['AK 2247', 'AMT-1 Light Brown', '#7d7664', 'Satin', 'Acrylic'], ['AK 2248', 'A-21m Light Yellowish Brown', '#897f66', 'Satin', 'Acrylic'], ['AK 2251', 'AE-9/AII Light Grey', '#848e62', 'Satin', 'Acrylic'], ['AK 2252', 'AII Green', '#344021', 'Satin', 'Acrylic'], ['AK 2253', 'AII Light Blue', '#80a5ad', 'Satin', 'Acrylic'], ['AK 2254', 'A-18F Light Grey-Blue', '#88a69e', 'Satin', 'Acrylic'], ['AK 2255', 'A-19F Grass Green', '#538068', 'Satin', 'Acrylic'], ['AK 2261', 'Hairyokushoku (Grey-Green)', '#a7a898', 'Satin', 'Acrylic'], ['AK 2262', 'Hairanshoku (Grey Indigo)', '#485b59', 'Satin', 'Acrylic'], ['AK 2263', 'Ohryuko Nana Go Shoru Olive Brown', '#4f482b', 'Satin', 'Acrylic'], ['AK 2264', 'Midori Iro', '#304327', 'Satin', 'Acrylic'], ['AK 2265', 'AO Midori Iro (Blue-Green)', '#0d352c', 'Satin', 'Acrylic'], ['AK 2266', 'KI Midori Iro (Yellow-Green)', '#766f27', 'Satin', 'Acrylic'], ['AK 2267', 'Karekusa Iro (Dry Grass)', '#87784f', 'Satin', 'Acrylic'], ['AK 2268', 'Cha Kasshoku (Tea Colour)', '#685245', 'Satin', 'Acrylic'], ['AK 2271', 'WWI German Fokker Grey', '#7a8d7a', 'Satin', 'Acrylic'], ['AK 2272', 'WWI German Light Green', '#72935c', 'Satin', 'Acrylic'], ['AK 2273', 'WWI German Dark Green', '#30462f', 'Satin', 'Acrylic'], ['AK 2274', 'WWI German Mauve', '#82667f', 'Satin', 'Acrylic'], ['AK 2275', 'WWI German Red Brown', '#582c11', 'Satin', 'Acrylic'], ['AK 2276', 'WWI German Light Blue', '#c0d2dc', 'Satin', 'Acrylic'], ['AK 2277', 'WWI German Lilac', '#b193ad', 'Satin', 'Acrylic'], ['AK 2278', 'WWI GERMAN GREY-GREEN PRIMER', '#71735e', 'Satin', 'Acrylic'], ['AK 2281', 'PC10 Early', '#464a33', 'Satin', 'Acrylic'], ['AK 2282', 'PC10 Late', '#3c412a', 'Satin', 'Acrylic'], ['AK 2283', 'PC12', '#3e352c', 'Satin', 'Acrylic'], ['AK 2284', 'Battleship Grey', '#758988', 'Satin', 'Acrylic'], ['AK 2291', 'Clear Doped Linen', '#b2a793', 'Satin', 'Acrylic'], ['AK 2292', 'CLEAR DOPED LENEN VER.2', '#dcc986', 'Matt', 'Acrylic'], ['AK 2293', 'BLEACHED LINEN', '#f4e7b3', 'Matt', 'Acrylic'], ['AK 2301', 'COCKPIT TURQOISE', '#367664', 'Matt', 'Acrylic'], ['AK 2302', 'RADOME GREEN', '#3f5332', 'Matt', 'Acrylic'], ['AK 2303', 'INTERIOR GREEN', '#41472d', 'Matt', 'Acrylic'], ['AK 2304', 'COCKPIT GREY', '#85857a', 'Matt', 'Acrylic'], ['AK 11809', 'PC10 Late', '#3c4129', 'Matt', 'Acrylic'], ['AK 2041', 'Burnt Jet Engine', '#2c2721', 'Matt', None], ['AK 2042', 'Dark Rust', '#352817', 'Matt', None], ['AK 2043', 'Ocher Rust', '#4b3e1c', 'Matt', None], ['AK 11854', 'RAF Camouflage (Barley) Grey BS381C/626', '#96a6a6', 'Matt', None], ['AK 2000', 'Aircraft Engine Effects Weathering set', '##fff', None, None], ['AK 2030', 'Aircraft Landing Gear Weathering Set', '##fff', None, None], ['AK 2037', 'Exhaust Stains Weathering set', '#525453', None, None], ['AK 2070', 'Paneliners', '##fff', None, None], ['AK 2210', 'WW2 USAAF Aircraft Colors Vol. 2', '#b3b3b3', None, None], ['AK 11713', 'Spanish Civil War. Republican Aircraft Colors', '#e9bd3a', None, None], ['AK 2200', 'WW2 USAAF Aircraft Colors Vol. 1', '#746a60', None, None], ['AK 2290', 'Clear Doped Linen - WWI', '#b2a793', None, None], ['AK 2080', 'RAF Day Fighter Scheme', '#2b3c36', None, None], ['AK 2090', 'Luftwaffe Fighter Colours 1941-44', '#383c3b', None, None], ['AK 2100', 'USAF TAC South East Asia (SEA) Scheme', '#535548', None, None], ['AK 2130', 'USAF European Camo', '#535548', None, None], ['AK 2160', 'Early Israeli', '#b1ad9e', None, None], ['AK 2280', 'RFC & RNAS Aircraft Colors', '#464a33', None, None], ['AK 2320', 'Luftwaffe Pre-War Camouflage Colors', '#809a99', None, None], ['AK 11711', 'WWI RFC & RNAS.  Aircraft Colors', '#352e11', None, None], ['AK 2180', 'Luftwaffe Colors (1990s-2000s)', '#aab0ac', None, None], ['AK 2220', 'U.S. aircraft interior colors', '#495951', None, None], ['AK 2230', 'WW2 US Navy & USMC Aircraft Colours', '#5a757c', None, None], ['AK 2001', 'Luftwaffe Camouflages', '#7a7561', None, None], ['AK 2010', 'RAF Camouflages', '#2b3c36', None, None], ['AK 2020', 'Luftwaffe Camouflages 2', '#323d3a', None, None], ['AK 2050', 'U.S. Modern Aircraft 1', '#aab0ac', None, None], ['AK 2060', 'WW2 IJN Aircraft Colours', '#192425', None, None], ['AK 2140', 'U.S. Modern Aircraft 2', '#aab0ac', None, None], ['AK 2150', 'Israeli Air Force Colors', '#b9d5b7', None, None], ['AK 2240', 'Soviet Aircraft Colors 1941-1945', '#647273', None, None], ['AK 2260', 'WW2 IJAAF Aircraft colours', '#a7a898', None, None], ['AK 2270', 'WWI German Aircraft Colors', '#bbc5aa', None, None], ['AK 11752', 'Israeli Air Force Colors', '#7d5c33', None, None], ['AK 2170', 'Luftwaffe Colors (1960s-1970s)', '##fff', None, None], ['AK 2300', 'Soviet Aircraft Colours 1950-1970', '#b3b3b3', None, None]], 'AK Real Colors': [['RC001', 'Flat Black - RAL 9005', '#0e0e10', 'Matt', None], ['RC002', 'Cream White - RAL 9001', '#e9e0d2', 'Matt', None], ['RC003', 'White Grey - RAL 9002', '#d7d5cb', 'Matt', None], ['RC004', 'Flat White - RAL 9003', '#ffffff', 'Matt', None], ['RC005', 'Signal Red - RAL 3020', '#bb1e10', 'Matt', None], ['RC006', 'Red -  RAL 3000', '#a72920', 'Matt', None], ['RC007', 'Yellow -  RAL 1003', '#f9a800', 'Matt', None], ['RC008', 'Maize Yellow - RAL 1006', '#e29000', 'Matt', None], ['RC009', 'Orange - RAL 2004', '#e25303', 'Matt', None], ['RC010', 'Pure Blue - RAL 5005', '#005387', 'Matt', None], ['RC011', 'Blue - RAL 5001', '#0f4c64', 'Matt', None], ['RC012', 'Pure Green - RAL 6037', '#008b29', 'Matt', None], ['RC013', 'Off White', '#e1d6ba', 'Matt', None], ['RC014', 'Buff', '#9a8260', 'Matt', None], ['RC015', 'Gun Metal', '#808080', 'Metallic', None], ['RC016', 'Ochre', '#a87b20', 'Matt', None], ['RC017', 'Pale Blue', '#698a91', 'Matt', None], ['RC018', 'Pale Sand', '#c9b68e', 'Matt', None], ['RC019', 'Deck Tan', '#99907f', 'Matt', None], ['RC020', 'Aluminium', '#adaca8', 'Metallic', None], ['RC021', 'Pale Grey', '#879391', 'Matt', None], ['RC022', 'Rubber Black', '#1d1d1b', 'Matt', None], ['RC023', 'Olive Drab N┬║9/N┬║22', '#423c1c', 'Matt', None], ['RC024', 'Olive Drab Faded', '#514217', 'Matt', None], ['RC025', 'Dark Olive Drab N┬║31', '#414232', 'Matt', None], ['RC026', 'Olive Drab FS34087', '#39372a', 'Matt', None], ['RC027', 'Forest Green - FS 34079', '#595c4e', 'Matt', None], ['RC028', 'Interior Green FS 34151', '#6d6b2e', 'Matt', None], ['RC029', 'N┬║5 Earth Brown  FS 30099', '#5a462d', 'Matt', None], ['RC030', 'N┬║6 Earth Yellow FS 30257', '#bd8d4b', 'Matt', None], ['RC031', 'N┬║8 Earth Red FS 30117', '#704729', 'Matt', None], ['RC032', 'Desert Sand FS 30279', '#ba976d', 'Matt', None], ['RC033', 'Khaki Green N┬║3', '#4f4231', 'Matt', None], ['RC034', 'S.C.C. 1A Brown', '#402e22', 'Matt', None], ['RC035', 'S.C.C. 2 Brown', '#7f4f2b', 'Matt', None], ['RC036', 'S.C.C. 14 Blue Black', '#1e2326', 'Matt', None], ['RC037', 'S.C.C. 15 Olive Drab', '#434029', 'Matt', None], ['RC038', 'BSC N┬║28 Silver Grey', '#9a955e', 'Matt', None], ['RC039', 'BSC N┬║34 Slate', '#4f4a2c', 'Matt', None], ['RC040', 'BSC N┬║61 Light Stone', '#d0a445', 'Matt', None], ['RC041', 'BSC N┬║64 Portland Stone', '#e3c28c', 'Matt', None], ['RC042', 'British Dark Olive Green PFI', '#49442e', 'Matt', None], ['RC043', 'British Desert Pink ZI', '#f19161', 'Matt', None], ['RC044', 'British Light Mud', '#847d49', 'Matt', None], ['RC045', 'BSC N┬║49 Light Purple Brown', '#45241f', 'Matt', None], ['RC046', 'Elfenbein-Ivory RAL 1001 (Interior Color)', '#d0b084', 'Matt', None], ['RC047', 'Olivgr├╝n-Olive Green RAL 6003', '#50533c', 'Matt', None], ['RC048', 'Feldgrau-Field Grey RAL 6006', '#3c392e', 'Matt', None], ['RC049', 'Gr├╝n-Green RAL 6007', '#2c3222', 'Matt', None], ['RC050', 'Dunkelgr├╝n-Dark Green RAL 6009', '#27352a', 'Matt', None], ['RC051', 'Marinegrau-Navy Grey RAL 7002', '#817863', 'Matt', None], ['RC052', 'Grau-Grey RAL 7003 (RLM 02)', '#7a7669', 'Matt', None], ['RC053', 'Graugr├╝n-Gray Green RAL 7008', '#745e3d', 'Matt', None], ['RC054', 'Hellgrau-Light Grey RAL 7009 (interior color)', '#5d6058', 'Matt', None], ['RC055', 'Blaugrau-Blue Grey RAL 7016', '#383e42', 'Matt', None], ['RC056', 'Dunkelbraun-Dark Brown RAL 7017', '#4e3d2d', 'Matt', None], ['RC057', 'Dunkelgrau-Dark Gray RAL 7021', '#2f3234', 'Matt', None], ['RC058', 'Grau-Gray RAL 7027', '#6f6448', 'Matt', None], ['RC059', 'Dunkelgelb Nach Muster Dark Yellow', '#a98f45', 'Matt', None], ['RC060', 'Dunkelgelb-Dark Yellow RAL 7028', '#9a8953', 'Matt', None], ['RC061', 'Dunkelgelb Ausgabe 44 Dark Yellow RAL 7028', '#b7a277', 'Matt', None], ['RC062', 'Dunkelgelb Dark Yellow (Variant)', '#a78a50', 'Matt', None], ['RC063', 'Gelbbraun-Yellow Brown RAL 8000', '#89693e', 'Matt', None], ['RC064', 'Erdgelb-Earth Yellow RAL 8002', '#794d3e', 'Matt', None], ['RC065', 'Braun-Brown RAL 8010', '#604826', 'Matt', None], ['RC066', 'Rot (Rotbraun) Red Brown RAL 8013', '#53170d', 'Matt', None], ['RC067', 'Rot (Rotbraun) Red Brown RAL 8012', '#66332b', 'Matt', None], ['RC068', 'Rotbraun-Red Brown RAL 8017', '#442f29', 'Matt', None], ['RC069', 'Braun-Brown RAL 8020', '#ae8557', 'Matt', None], ['RC070', 'Common Protective - ZO', '#3b3118', 'Matt', None], ['RC071', 'Black 6RP', '#17120c', 'Matt', None], ['RC072', 'Protective K', '#494923', 'Matt', None], ['RC073', 'Protective 4BO', '#504c27', 'Matt', None], ['RC074', 'Dark Brown 6K', '#432c1c', 'Matt', None], ['RC075', 'Sand 7K', '#5d4521', 'Matt', None], ['RC076', 'Protective Green 1920S-1930S', '#504a26', 'Matt', None], ['RC077', 'ZB AU Basic Protector 36 A7', '#423e21', 'Matt', None], ['RC078', 'APC Interior Green FS 24533', '#a3b583', 'Matt', None], ['RC079', 'Carc Tan 686A', '#b59558', 'Matt', None], ['RC080', 'Nato Green RAL 6031 F9', '#313a1b', 'Matt', None], ['RC081', 'Nato Brown RAL 8027 F9', '#433021', 'Matt', None], ['RC082', 'Nato Black RAL 9021 F-9', '#1f1e19', 'Matt', None], ['RC083', 'Green FS 34102', '#43481f', 'Matt', None], ['RC084', 'Sand FS 30277', '#887348', 'Matt', None], ['RC085', 'Field Drab FS 30118', '#6b5325', 'Matt', None], ['RC086', 'Gelboliv (Initial)  RAL 6014', '#53471f', 'Matt', None], ['RC087', 'Gelboliv (Late) RAL 6014', '#41381b', 'Matt', None], ['RC088', 'Sandbeige RAL 1039 - F9', '#ac966d', 'Matt', None], ['RC089', 'Graubeige-Grey Beige  RAL 1040-F9', '#988050', 'Matt', None], ['RC090', 'Helloliv-Light Olive RAL 6040-F9', '#5e4f24', 'Matt', None], ['RC091', 'Tarngrau RAL 7050-F9', '#665543', 'Matt', None], ['RC092', 'Sandbraun RAL 8031-F9', '#8b734f', 'Matt', None], ['RC093', 'British Sand Yellow', '#d69539', 'Matt', None], ['RC094', 'IDF Modern Grey', '#6a572d', 'Matt', None], ['RC095', 'IDF Sand Grey 1970s-1980s', '#73643b', 'Matt', None], ['RC096', 'IDF Sand Grey 1973', '#968e77', 'Matt', None], ['RC096', 'IDF Early Sand Yellow', '#907e4c', 'Matt', None], ['RC097', 'UAE Sand Dull', '#9d8964', 'Matt', None], ['RC098', 'Russian Modern Green', '#444823', 'Matt', None], ['RC099', 'Russian Greyish Yellow', '#c7ae85', 'Matt', None], ['RC100', 'Russian Grey Green', '#515137', 'Matt', None], ['RC101', 'Egyptian Desert Sand', '#d9bd96', 'Matt', None], ['RC102', 'Syrian Republican Guard Desert Yellow', '#dfb048', 'Matt', None], ['RC103', 'Libyan Army Desert Grey', '#b4a796', 'Matt', None], ['RC104', 'Iraqi Army Desert Sand', '#e9d3b9', 'Matt', None], ['RC105', 'Spanish Green', '#485534', 'Matt', None], ['RC106', 'Australian Green', '#595b2a', 'Matt', None], ['RC107', 'Australian Tan', '#c69b68', 'Matt', None], ['RC108', 'Australian Black', '#26221f', 'Matt', None], ['RC206', 'Russian Cockpit Turquoise', '#6dc1b4', 'Matt', None], ['RC207', 'Leuchtorange Luminous Orange RAL 2005', '#e64e1d', 'Matt', None], ['RC208', 'Graublau Grey Blue RAL 5008', '#2c3a45', 'Matt', None], ['RC209', 'Olive Green USMC Green RAL 6003 / FS 34095', '#3c4830', 'Matt', None], ['RC210', 'Silbergrau Silver Gray RAL 7001', '#9fa4a8', 'Matt', None], ['RC211', 'Grungrau Green Grey RAL 7009', '#5d6057', 'Matt', None], ['RC212', 'Basalt grau Basalt Grey RAL 7012', '#565e60', 'Matt', None], ['RC213', 'Steingrau Stone Grey RAL 7030', '#928e85', 'Matt', None], ['RC214', 'Lichtgrau Light Grey', '#c5c7c4', 'Matt', None], ['RC215', 'Staubgrau Dusty Grey RAL 7037', '#7a7c7b', 'Matt', None], ['RC216', 'Quarzgrau Quartz Grey RAL 7039', '#6b685d', 'Matt', None], ['RC217', 'Seidengrau Silk Grey RAL 7044', '#b7b5a9', 'Matt', None], ['RC218', 'Olivebraun Olive Brown RAL 8008', '#724a26', 'Matt', None], ['RC219', 'MNO 2036 Smalt Khaki Avion', '#7d775d', 'Matt', None], ['RC220', 'Light Gull Grey FS16440', '#b6b6ae', 'Matt', None], ['RC221', 'ADC Grey FS 16473', '#9faaa6', 'Matt', None], ['RC222', 'Insignia White FS17875', '#e5e7da', 'Matt', None], ['RC223', 'Tan FS 20400', '#c59a77', 'Matt', None], ['RC224', 'Brown FS 30140', '#7a6051', 'Matt', None], ['RC225', 'Dark Tan FS 30219', '#907562', 'Matt', None], ['RC226', 'Sand FS 33531', '#c8b6a2', 'Matt', None], ['RC227', 'Radome Tan FS 33613', '#e7c7a1', 'Matt', None], ['RC228', 'USMC Sand FS 33711', '#e1c9a5', 'Matt', None], ['RC229', 'US Army Helo Drab FS 34031', '#464742', 'Matt', None], ['RC230', 'Dull Dark Green FS34092', '#485750', 'Matt', None], ['RC231', 'Field Green FS34097', '#5a644b', 'Matt', None], ['RC232', 'Pale Green FS 34227', '#78886e', 'Matt', None], ['RC233', 'Green FS 34258', '#7f8159', 'Matt', None], ['RC234', 'Agressor Blue FS 35109', '#4c6b7d', 'Matt', None], ['RC235', 'Intermediate Blue FS 35164', '#627281', 'Matt', None], ['RC236', 'Blue FS 35190', '#618a9e', 'Matt', None], ['RC237', 'Medium Grey FS 35237', '#7b888e', 'Matt', None], ['RC238', 'Light Blue FS 35414', '#86a3a1', 'Matt', None], ['RC239', 'Air Superiority Blue FS 35450', '#89afc2', 'Matt', None], ['RC240', 'Light Sky Blue FS 35526', '#a4bcbe', 'Matt', None], ['RC241', 'Duck Egg Blue FS 35662', '#c4d0c6', 'Matt', None], ['RC242', 'Dark Eggplant Grey FS 36076', '#4e525b', 'Matt', None], ['RC243', 'Grey FS 36081', '#57585a', 'Matt', None], ['RC244', 'Medium Gunship Grey FS 36118', '#5d616a', 'Matt', None], ['RC245', 'Have Glass Grey', '#7b7b79', 'Matt', None], ['RC246', 'F-15 Dark Grey (Mod Eagle) FS 36176', '#6e7881', 'Matt', None], ['RC247', 'Dark Gull Grey FS 36231', '#7f8386', 'Matt', None], ['RC248', 'Aggressor Grey FS 36251', '#828385', 'Matt', None], ['RC249', 'Medium Grey FS 36270', '#84898c', 'Matt', None], ['RC250', 'Light Sea Grey FS 36307', '#96978f', 'Matt', None], ['RC251', 'Dark Ghost Grey FS 36320', '#8b969c', 'Matt', None], ['RC252', 'Light Ghost Grey FS 36375', '#9da6ab', 'Matt', None], ['RC253', 'Light Grey FS 36495', '#c3c7c6', 'Matt', None], ['RC254', 'Camouflage Grey FS 36622', '#c4c2b5', 'Matt', None], ['RC255', 'M-485 Light Grey', '#9e9a8e', 'Matt', None], ['RC256', 'M-485 Blue Grey', '#70848b', 'Matt', None], ['RC257', 'Sea Blue', '#3d444a', 'Matt', None], ['RC258', 'Dark Sea Blue', '#37444d', 'Matt', None], ['RC259', 'Dark Olive Drab 41', '#564f3f', 'Matt', None], ['RC260', 'Medium Green 42', '#495241', 'Matt', None], ['RC261', 'Neutral Grey 43', '#6f6f6f', 'Matt', None], ['RC262', 'US Interior Yellow Green', '#848158', 'Matt', None], ['RC263', 'Zinc Cromate Yellow', '#d1bb4e', 'Matt', None], ['RC264', 'Bronze Green', '#32402f', 'Matt', None], ['RC265', 'RLM 02 RLM-Grau (1938)', '#9f9e8c', 'Matt', None], ['RC266', 'RLM 02 RLM-Grau (1941)', '#878356', 'Matt', None], ['RC267', 'RLM 04', '#e1a626', 'Matt', None], ['RC268', 'RLM 61 / RAL 8019', '#595450', 'Matt', None], ['RC269', 'RLM 62', '#70735e', 'Matt', None], ['RC270', 'RLM 63', '#808171', 'Matt', None], ['RC271', 'RLM65 Hellblau (1938)', '#779aa8', 'Matt', None], ['RC272', 'RLM 65 (1941)', '#8e9b92', 'Matt', None], ['RC273', 'RLM 66', '#3c3f36', 'Matt', None], ['RC274', 'RLM 70', '#2f3529', 'Matt', None], ['RC275', 'RLM 71', '#3e4028', 'Matt', None], ['RC276', 'RLM 72', '#2b2c24', 'Matt', None], ['RC277', 'RLM 73', '#2c3226', 'Matt', None], ['RC278', 'RLM 74', '#545648', 'Matt', None], ['RC279', 'RLM 75', '#6b6a65', 'Matt', None], ['RC280', 'RLM 78 (1941)', '#92adb8', 'Matt', None], ['RC281', 'RLM 78 (1942)', '#8cb2a7', 'Matt', None], ['RC282', 'RLM 79 (1941)', '#e78f2d', 'Matt', None], ['RC283', 'RLM 79 (1942)', '#ba6e18', 'Matt', None], ['RC284', 'RLM 80', '#373c1e', 'Matt', None], ['RC285', 'RAF Sky Grey FS 26273', '#a2a6a5', 'Matt', None], ['RC286', 'RAF Dark Green', '#4f5143', 'Matt', None], ['RC287', 'RAF Dark Earth', '#5d4a29', 'Matt', None], ['RC288', 'RAF Ocean Grey', '#656e73', 'Matt', None], ['RC289', 'RAF Medium Sea Grey (BS 381C / 637)', '#808d93', 'Matt', None], ['RC290', 'RAF Sky FS 34424', '#b2bb8e', 'Matt', None], ['RC291', 'RAF Azure Blue', '#7d9fc6', 'Matt', None], ['RC292', 'RAF Middle Stone', '#a37d3c', 'Matt', None], ['RC293', 'RAF Cockpit Grey-Green', '#969f82', 'Matt', None], ['RC294', 'RAF Dark Slate Grey', '#5e5e52', 'Matt', None], ['RC295', 'RAF Extra Dark Sea Grey BS381C/640', '#4c565f', 'Matt', None], ['RC296', 'RAF Dark Sea Grey BS381C/638', '#646b73', 'Matt', None], ['RC297', 'RAF Pru Blue BSC381C/636', '#5a7b82', 'Matt', None], ['RC298', 'RAF Light Aircraft Grey BS381C/627', '#c3c5b8', 'Matt', None], ['RC299', 'RAF Camouflage (Barley) Grey BS381C/626', '#96a7a4', 'Matt', None], ['RC300', 'RAF Dark Camouflage Grey BS381C/629', '#888888', 'Matt', None], ['RC301', 'RAF Camouflage Beige (HEMP) BS381C/389', '#98917e', 'Matt', None], ['RC302', 'IJN J3 Hai-Ro (Grey)', '#bbbfb0', 'Matt', None], ['RC303', 'IJN J3 SP (Amber Grey)', '#b0b795', 'Matt', None], ['RC304', 'IJN D1 Deep Green Black', '#143628', 'Matt', None], ['RC305', 'IJN D2 Green Black', '#1b4e3d', 'Matt', None], ['RC306', 'IJN M3 (M) Mitsubishi Interior Green', '#7f873e', 'Matt', None], ['RC307', 'IJN M3 (N) Nakajima Interior Green', '#6d7745', 'Matt', None], ['RC308', 'AE-9 AII Light Grey', '#d1d2cd', 'Matt', None], ['RC309', 'AII Protective (Green)', '#333e1e', 'Matt', None], ['RC310', 'AII Light Blue', '#7fa4aa', 'Matt', None], ['RC311', 'A-18F Light Blue', '#87a59d', 'Matt', None], ['RC312', 'A-19F Green', '#516437', 'Matt', None], ['RC313', 'AMT-1 Light Brown', '#8b806c', 'Satin', None], ['RC314', 'A-21M Light Yellowish Brown', '#898675', 'Matt', None], ['RC315', 'AMT-4/A-24M Green', '#49481c', 'Satin', None], ['RC316', 'AMT-7 Light Blue', '#678da4', 'Satin', None], ['RC317', 'AMT-11 Blue Grey', '#4e5f66', 'Matt', None], ['RC318', 'AMT-12 Dark Grey', '#4e5f66', 'Satin', None], ['RC319', 'A-14 Interior Steel Grey', '#647275', 'Matt', None], ['RC320', 'RLM 76 Version 1', '#aab3a2', 'Matt', None], ['RC321', 'RLM 76 Version 2', '#adbbbb', 'Matt', None], ['RC322', 'RLM 76 Late War Variation', '#c2c6a1', 'Matt', None], ['RC323', 'RLM 81 Version 1', '#524b43', 'Matt', None], ['RC324', 'RLM 81 Version 2', '#454d42', 'Matt', None], ['RC325', 'RLM 81 Version 3', '#574d43', 'Matt', None], ['RC326', 'RLM 82', '#4c5746', 'Matt', None], ['RC327', 'RLM 83', '#3c4353', 'Matt', None], ['RC328', 'Hairyokushoku (Grey Green)', '#a6a79b', 'Matt', None], ['RC329', 'Hairanshoku (Grey Indigo)', '#495c58', 'Matt', None], ['RC330', 'Ohryoku Nana Go Shoku (Olive Brown)', '#4f4929', 'Matt', None], ['RC331', 'Midori Iro (Green)', '#2f4226', 'Matt', None], ['RC332', 'Ao Midori Iro (Blue Green)', '#0d372d', 'Matt', None], ['RC333', 'KI Midori Iro (Yellow Green)', '#747027', 'Matt', None], ['RC334', 'Karkusa Iro (Dry Grass Colour)', '#958247', 'Matt', None], ['RC335', 'Cha Kasshoku (Tea Colour)', '#695145', 'Matt', None], ['RC336', 'MIG-25/MIG-31 Grey', '#8d9799', 'Matt', None], ['RC337', 'MIG-29 Light Grey', '#7a7f82', 'Matt', None], ['RC338', 'MIG-29 Grey Green', '#667f7a', 'Matt', None], ['RC339', 'RLM 66 (1938)', '#3c4749', 'Satin', None], ['RC340', 'KENTT├äVIHREA-OLIVE GREEN FS 34096', '#545648', 'Matt', None], ['RC341', 'Black Grey RAL 7021', '#313234', 'Matt', None], ['RC342', 'DARK GREEN FS 34064', '#4b4b43', 'Matt', None], ['RC500', 'Flat Varnish', '#ffffff', 'Varnish', None], ['RC501', 'Satin Varnish', '#ffffff', 'Varnish', None], ['RC502', 'Gloss Varnish', '#ffffff', 'Varnish', None], ['RC503', 'Clear Red', '#fff', 'Matt', None], ['RC504', 'Clear Blue', '#fff', 'Matt', None], ['RC505', 'Clear Green', '#fff', 'Matt', None], ['RC506', 'Clear Orange', '#fff', 'Matt', None], ['RC507', 'Clear Yellow', '#fff', 'Matt', None], ['RC508', 'Clear Smoke', '#fff', 'Matt', None], ['RC701', 'Real Colors high compatibility thinner', None, 'Thinners', None], ['RC702', 'High Compatibility Thinner', None, 'Thinners', None], ['RCS002', 'German Army Early WWII Colors', '#e9e0d2', None, None], ['RCS004', 'German Army 1943-1945', '#50533c', None, None], ['RCS009', 'British Army Late WWII Vehicles', '#402e22', None, None], ['RCS015', 'IDF AFV Colors', '#6a572d', None, None], ['RCS018', 'Bundeswehr Early & Complementary', '#53471f', None, None], ['RCS021', 'NATO Colors', '#313a1b', None, None], ['RCS022', 'Basic Clear Colors', '##fff', None, None], ['RCS023', 'Complementary Clear Colors', '##fff', None, None], ['RCS024', 'WW2 US Navy & USMC Early Aircraft Colors', '#9e9a8e', None, None], ['RCS026', 'WW2 US Army Air Force Colors', '#564f3f', None, None], ['RCS032', 'Luftwaffe Tropical Colors 1941', '#92adb8', None, None], ['RCS033', 'Luftwaffe Tropical Colors 1942-1944', '#8cb2a7', None, None], ['RCS038', 'RAF TEMPERATE LAND SCHEME', '#4f5143', None, None], ['RCS039', 'WW2 RAF DAY FIGHTER SCHEME', '#4f5143', None, None], ['RCS040', 'WW2 RAF DESERT COLORS', '#5d4a29', None, None], ['RCS043', 'RAF FIGHTERS 1950S', '#4f5143', None, None], ['RCS044', 'RAF V-BOMBER COLORS 1960S', '#4f5143', None, None], ['RCS045', 'RAF FIGHTERS & V-BOMBERS 1970S', '#4f5143', None, None], ['RCS056', 'RCAF CF-18 HORNET COLOR SET', '#7b888e', None, None], ['RCS059', 'AERON├üUTICA MILITAR I (SPITFIRE, HURRICANE, BEAUFIGHTERΓÇª1940', '#4f5143', None, None], ['RCS060', 'AERON├üUTICA MILITAR II (P-39, GLADIATOR, BLENHEIM, CURTISSΓÇª1', '#4f5143', None, None], ['RCS064', 'LUFTWAFFE NORM 83 SCHEME', '#595c4e', None, None], ['RCS001', 'German Army Pre-WWII Colors', '#3c392e', None, None], ['RCS003', 'Afrika Korps Colors', '#745e3d', None, None], ['RCS005', 'German Army WWII Interior Colors', '#d0b084', None, None], ['RCS006', 'German Army Dark Yellow 1943-1945', '#a98f45', None, None], ['RCS007', 'WWII Soviet AFV Colors', '#494923', None, None], ['RCS008', 'British Army Early & Mid WWII Vehicles', '#4f4231', None, None], ['RCS010', 'British Caunter Scheme', '#9a955e', None, None], ['RCS011', 'British Army Africa, Late 1942-1943', '#1e2326', None, None], ['RCS012', 'British Army Tunisia, Sicily & Italy 1942-1943', '#1e2326', None, None], ['RCS013', 'WWII U.S. Army Basic Colors', '#0e0e10', None, None], ['RCS014', 'WWII U.S. Army Disruptive Camo Paints', '#6d6b2e', None, None], ['RCS016', 'Russian Modern AFV', '#17120c', None, None], ['RCS017', 'Bundeswehr Basic Desert Colors', '#ac966d', None, None], ['RCS019', 'U.S. Army Modern Vehicles', '#b59558', None, None], ['RCS020', 'Arab Armor Desert Colors', '#d9bd96', None, None], ['RCS025', 'WW2 US Navy & USMC Late Aircraft Colors', '#e5e7da', None, None], ['RCS027', 'WW2 US Aircraft Interior Colors', '#485750', None, None], ['RCS028', 'Luftwaffe Pre-WW2 Camouflage Colors', '#595450', None, None], ['RCS029', 'Luftwaffe Early WW2 Colors', '#9f9e8c', None, None], ['RCS030', 'Luftwaffe WW2 Seaplane Colors', '#8e9b92', None, None], ['RCS031', 'Luftwaffe Fighter Colors 1941-1944', '#545648', None, None], ['RCS034', 'Luftwaffe Late WW2 Colors', '#adbbbb', None, None], ['RCS035', 'SOVIET SHTURMOVIK & BOMBER COLORS 1943-1945 (MIXED CONSTRUCT', '#8b806c', None, None], ['RCS036', 'SOVIET FIGHTER COLORS 1943-1945', '#678da4', None, None], ['RCS037', 'WW2 IJN AIRCRAFT COLORS', '#bbbfb0', None, None], ['RCS041', 'WW2 RAF SEAC AIRCRAFT COLORS', '#4f5143', None, None], ['RCS042', 'WW2 RAF / FAA TEMPERATE SEA SCHEME', '#a2a6a5', None, None], ['RCS046', 'US NAVY & USMC COLORS 1950S-1970S', '#b6b6ae', None, None], ['RCS047', 'USAF TAC SOUTH EAST ASIA (SEA) SCHEME', '#595c4e', None, None], ['RCS048', 'USAF EUROPEAN CAMO COLORS 1980S', '#595c4e', None, None], ['RCS049', 'US Modern Aircraft Greys 1980s-present', '#5d616a', None, None], ['RCS050', 'ISRAELI AF EARLY COLORS', '#2c3a45', None, None], ['RCS051', 'ISRAELI AF EARLY DESERT COLORS', '#907562', None, None], ['RCS052', 'ISRAELI AF MODERN DESERT COLORS', '#907562', None, None], ['RCS053', 'LUFTWAFFE COLORS 1960S-1970S', '#41381b', None, None], ['RCS054', 'FAA (FALKLANDS/MALVINAS) 1970S-1990S', '#595c4e', None, None], ['RCS055', 'SPANISH AIR FORCE (LAGARTO CAMO)', '#595c4e', None, None], ['RCS057', 'FOR├çA A├ëREA PORTUGUESA I ΓÇÿWRAP-AROUND 1990SΓÇÖ (A-7 CORSAIR, F', '#595c4e', None, None], ['RCS058', 'FOR├çA A├ëREA PORTUGUESA II ΓÇÿFIGHTING FALCONS 1990SΓÇÖ (F-16 A/B', '#5d616a', None, None], ['RCS061', 'LUFTWAFFE WW2 INTERIOR COLORS', '#9f9e8c', None, None], ['RCS062', 'WW2 FINNISH AIRFORCE COLORS', '#17120c', None, None], ['RCS063', 'Luftwaffe Colors 1990s-2000s', '#928e85', None, None], ['RCS065', 'MARINEFLIEGER NORM 76 AND 87 SCHEMES', '#2c3a45', None, None], ['RCS066', 'USAF ASIA MINOR SCHEME', '#595c4e', None, None], ['RCS067', 'Modern Hellenic Air Force - Ghost Scheme', '#7b888e', None, None], ['RCS068', 'BELGIAN AIR FORCE COLORS 1950S-1970S', '#4f5143', None, None], ['RCS069', 'BELGIAN AIR FORCE COLORS 1970S-1990S', '#43481f', None, None], ['RCS070', 'BELGIAN AIR FORCE COLORS 1990S-2000S', '#595c4e', None, None], ['RC Range AFV', 'Full Range', None, None, None]], 'Akah': [['20026', 'Flesh, Light', '#fff', 'Matt', 'Acrylic'], ['20027', 'Flesh, Medium', '#fff', 'Matt', 'Acrylic'], ['20028', 'Flesh, Dark', '#fff', 'Matt', 'Acrylic'], ['20029', 'Blonde Hair', '#fff', 'Matt', 'Acrylic'], ['20030', 'Emerald', '#fff', 'Matt', 'Acrylic'], ['20031', 'Turquoise', '#fff', 'Matt', 'Acrylic'], ['70001', 'BS 101 Sky Blue', '#759f91', 'Matt', 'Acrylic'], ['70004', 'BS 104 Blue', '#315178', 'Matt', 'Acrylic'], ['70005', 'BS 210 Sky Type ΓÇ¥SΓÇ¥', '#a2ac94', 'Matt', 'Acrylic'], ['70007', 'BS 283 Aircraft Grey Green', '#687969', 'Matt', 'Acrylic'], ['70008', 'BS 298 Olive Drab', '#5a5343', 'Matt', 'Acrylic'], ['70009', 'BS 356 Golden Yellow', '#f4a900', 'Matt', 'Acrylic'], ['70010', 'BS 450 Dark Earth', '#6c5742', 'Matt', 'Acrylic'], ['70012', 'BS 537 Signal Red', '#c33430', 'Matt', 'Acrylic'], ['70013', 'BS 557 Light Orange', '#db6702', 'Matt', 'Acrylic'], ['70016', 'BS 637 Medium Sea Gray', '#7f8891', 'Matt', 'Acrylic'], ['70017', 'BS 638 Dark Sea Gray', '#6d7580', 'Matt', 'Acrylic'], ['70018', 'BS 639 Light Slate Gray', '#5a6557', 'Matt', 'Acrylic'], ['70019', 'BS 640 Extra Dark Sea Gray', '#4b545d', 'Matt', 'Acrylic'], ['70020', 'BS 641 Dark Green', '#494635', 'Matt', 'Acrylic'], ['70026', 'BS 361 Light Stone', '#d5a968', 'Matt', 'Acrylic'], ['70031', 'BS 108 Aircraft Blue', '#182d5c', 'Matt', 'Acrylic'], ['70032', 'BS 358 Light Buff', '#d8a765', 'Matt', 'Acrylic'], ['70035', 'BS 224 Deep Bronze Green', '#2a341c', 'Matt', 'Acrylic'], ['70041', 'BS 380 Camouflage Desert Sand', '#ac8d79', 'Matt', 'Acrylic'], ['70044', 'BS 436 Dark Camouflage Brown', '#4c3932', 'Matt', 'Acrylic'], ['70045', 'BS 389 Camouflage Beige', '#98907b', 'Matt', 'Acrylic'], ['70046', 'BS 634 Dark Slate Gray', '#585a4f', 'Matt', 'Acrylic'], ['70047', "Ocean Grey for day fighter aircraft's", '#677075', 'Matt', 'Acrylic'], ['70048', '507A (1920) Dark Gray', '#495259', 'Matt', 'Acrylic'], ['70049', '507B (1940) Gray', '#6e7d84', 'Matt', 'Acrylic'], ['70050', '507C (1920) Light Gray', '#b7bec4', 'Matt', 'Acrylic'], ['70051', 'B 15 Blue Gray', '#506775', 'Matt', 'Acrylic'], ['70052', 'G 45 Gray for Navy', '#a8a697', 'Matt', 'Acrylic'], ['70053', 'Navy White', '#f2eadd', 'Matt', 'Acrylic'], ['70057', 'Dark Admiralty Grey', '#424f45', 'Matt', 'Acrylic'], ['70059', 'MS 1 Dark Gray', '#0f1632', 'Matt', 'Acrylic'], ['70060', 'B-5 Gray', '#4a5c6b', 'Matt', 'Acrylic'], ['70061', 'Navy MS-4', '#a1a29a', 'Matt', 'Acrylic'], ['70062', 'Navy MS-4A', '#adb7ac', 'Matt', 'Acrylic'], ['70063', 'Navy Western Approach Blue', '#c0d3d7', 'Matt', 'Acrylic'], ['70064', 'Navy Western Approach Green', '#7bb398', 'Matt', 'Acrylic'], ['71001', 'RAL 6003 Olive Green', '#50553f', 'Matt', 'Acrylic'], ['71003', 'RAL 7028 Dark Yellow', '#a1835f', 'Matt', 'Acrylic'], ['71005', 'RAL 7021 Black Gray', '#353a3e', 'Matt', 'Acrylic'], ['71010', 'RAL 8017 Chocolate Brown', '#52433e', 'Matt', 'Acrylic'], ['71045', 'RLM 02 Gray', '#70725a', 'Matt', 'Acrylic'], ['71046', 'RLM 04 Yellow', '#e2a500', 'Matt', 'Acrylic'], ['71052', 'RLM 27 Yellow', '#efc800', 'Matt', 'Acrylic'], ['71054', 'RLM 65 Light Blue', '#869a9b', 'Matt', 'Acrylic'], ['71055', 'RLM 66 Black Gray', '#2f3438', 'Matt', 'Acrylic'], ['71056', 'RLM 70 Black Green', '#2c382c', 'Matt', 'Acrylic'], ['71057', 'RLM 71 Dark Green', '#414a37', 'Matt', 'Acrylic'], ['71058', 'RLM 72 Green', '#3b4640', 'Matt', 'Acrylic'], ['71059', 'RLM 73 Green', '#26362b', 'Matt', 'Acrylic'], ['71060', 'RLM 74 Gray Green', '#50534c', 'Matt', 'Acrylic'], ['71061', 'RLM 75 Gray Violet', '#7a8080', 'Matt', 'Acrylic'], ['71062', 'RLM 76 Light Blue', '#a7bbba', 'Matt', 'Acrylic'], ['71066', 'RLM 81A Brown Violet', '#5f4d43', 'Matt', 'Acrylic'], ['71067', 'RLM 81B Dark Green', '#3f3828', 'Matt', 'Acrylic'], ['71068', 'RLM 82 Bright Green', '#484d36', 'Matt', 'Acrylic'], ['71069', 'RLM 83 Dark Green', '#333527', 'Matt', 'Acrylic'], ['71071', 'RLM 84B Green Blue', '#849899', 'Matt', 'Acrylic'], ['71072', 'Dull Brown for jackets, pants, suits, tents', '#776455', 'Matt', 'Acrylic'], ['71073', 'Pale Green for jackets, pants, suits and tents', '#6b795f', 'Matt', 'Acrylic'], ['71074', 'Pale Beige for jackets, pants, suits and tents', '#aea691', 'Matt', 'Acrylic'], ['71076', 'R╨ÉL 6031 Bronze Green', '#434339', 'Matt', 'Acrylic'], ['71077', 'RAL 6006 Gray Olive', '#4c4e4b', 'Matt', 'Acrylic'], ['71078', 'Gray Green for uniforms of soldiers and officers', '#5c5d55', 'Matt', 'Acrylic'], ['71085', 'RAL 1001 Beige', '#caae89', 'Matt', 'Acrylic'], ['71090', 'R╨ÉL 9002 Gray White', '#d6d5d0', 'Matt', 'Acrylic'], ['71091', 'Imperial Ground Gray for engines', '#4b5258', 'Matt', 'Acrylic'], ['71092', 'Imperial Red for steam engines', '#ad1d1c', 'Matt', 'Acrylic'], ['71093', 'Machine Gray for steam engines', '#757668', 'Matt', 'Acrylic'], ['71095', 'R╨ÉL 3011 Brown Red', '#7d2323', 'Matt', 'Acrylic'], ['71096', 'R╨ÉL 7015 Slate Gray', '#50505c', 'Matt', 'Acrylic'], ['71097', 'R╨ÉL 7038 Agate Gray', '#acafa8', 'Matt', 'Acrylic'], ['71098', 'R╨ÉL 7035 Light Gray', '#c5c7c4', 'Matt', 'Acrylic'], ['71099', 'R╨ÉL 8012 Red Brown', '#5e2c25', 'Matt', 'Acrylic'], ['71100', 'Dark Gray 51 for freeboard main deck and gun casemates', '#717e86', 'Matt', 'Acrylic'], ['71101', 'Light Gray for houses, pipes, poles and towers', '#89969f', 'Matt', 'Acrylic'], ['71102', 'Dark Gray for freeboard main deck and gun casemates', '#767779', 'Matt', 'Acrylic'], ['72000', 'FS 31136 Insignia Red', '#93010c', 'Matt', 'Acrylic'], ['72001', 'FS 33538 Orange Yellow', '#f2a501', 'Matt', 'Acrylic'], ['72002', 'FS 34079 Forest Green', '#55584d', 'Matt', 'Acrylic'], ['72003', 'FS 34102 Light Green', '#5a5f49', 'Matt', 'Acrylic'], ['72004', 'FS 34151 Interior Green', '#575d2f', 'Matt', 'Acrylic'], ['72005', 'FS34227 Pale Green', '#537e49', 'Matt', 'Acrylic'], ['72008', 'FS 36081 Dark Gunship Grey', '#535758', 'Matt', 'Acrylic'], ['72012', 'FS 36250 Grey', '#757774', 'Matt', 'Acrylic'], ['72013', 'FS 36314 Flint Gray', '#8e938d', 'Matt', 'Acrylic'], ['72014', 'FS 36440 Light Gull Gray', '#b0b2a7', 'Matt', 'Acrylic'], ['72018', 'FS 36314 Flint Gray', '#9ba29b', 'Matt', 'Acrylic'], ['72021', 'FS 30219 Tan', '#957560', 'Matt', 'Acrylic'], ['72023', 'FS 36622 Gray', '#c1c2b4', 'Matt', 'Acrylic'], ['72026', 'FS33531 Sand', '#c0b08c', 'Matt', 'Acrylic'], ['72028', 'FS 36270 Neutral Grey', '#828a8d', 'Matt', 'Acrylic'], ['72030', 'FS 36320 Dark Compass Ghost Gray', '#86939b', 'Matt', 'Acrylic'], ['72032', 'FS 36375 Light Compass Ghost Gray', '#98a3a9', 'Matt', 'Acrylic'], ['72033', 'ANA 613 Olive Drab', '#3c3d2d', 'Matt', 'Acrylic'], ['72035', 'FS 36495 Light Grey', '#c8ceca', 'Matt', 'Acrylic'], ['72037', 'ANA 612 Medium Green', '#4d4f37', 'Matt', 'Acrylic'], ['72038', 'ANA 618 Neutral Grey', '#4b5258', 'Matt', 'Acrylic'], ['72041', 'FS 34092 Dark Green', '#46574f', 'Matt', 'Acrylic'], ['72042', 'FS 35042 Sea Blue', '#3b424a', 'Matt', 'Acrylic'], ['72043', 'FS 35237 Gray Blue', '#72858b', 'Matt', 'Acrylic'], ['72050', 'FS 35164 Intermediate Blue', '#617381', 'Matt', 'Acrylic'], ['72075', 'FS34424 Green', '#96ad83', 'Matt', 'Acrylic'], ['72076', 'FS35190 Pastel Blue', '#5c8b9f', 'Matt', 'Acrylic'], ['72077', 'FS35109 Dark Blue', '#466b7e', 'Matt', 'Acrylic'], ['73003', 'Olive Green for Mi-8/24/28N', '#6e674a', 'Matt', 'Acrylic'], ['73009', 'Light Olive for Mi-8/24/28N', '#79785c', 'Matt', 'Acrylic'], ['73010', 'Clear Grey (Faded) Mig-29', '#474e54', 'Matt', 'Acrylic'], ['73011', 'Protective Green for Army vehicles', '#333625', 'Matt', 'Acrylic'], ['73015', 'Lemon Gray (Faded) AK-40', '#cdc86c', 'Matt', 'Acrylic'], ['73017', 'Green for Armor and Artillery', '#51553e', 'Matt', 'Acrylic'], ['73018', 'A II Z Green Khaki', '#343817', 'Matt', 'Acrylic'], ['73020', 'Russian 4BO', '#fff', 'Matt', 'Acrylic'], ['73022', 'Light Green for Armor and Artillery', '#59755c', 'Matt', 'Acrylic'], ['73023', 'Gray Blue for SU-25/17, M4(22), MIG-21SMT/BIS-23MLD/M/BN-25R', '#8b9a97', 'Matt', 'Acrylic'], ['73024', 'Dark Green for Su-17/25 MiG 21/23/27 early MiG 29', '#3e382a', 'Matt', 'Acrylic'], ['73025', 'Red for Su-17/25 MiG 21/23/27 early MiG 29', '#8d521a', 'Matt', 'Acrylic'], ['73026', 'Dark Brown for Su-17/25, Mig-21/23/27', '#483934', 'Matt', 'Acrylic'], ['73029', 'Dark gray (faded) camouflage spots for T-10K1', '#566a71', 'Matt', 'Acrylic'], ['73030', 'Gray Blue for Su-33', '#406f81', 'Matt', 'Acrylic'], ['73031', 'Blue (faded) full painting for T-10K1', '#6699aa', 'Matt', 'Acrylic'], ['73032', 'Blue (Faded) for Su-30MK', '#0081c2', 'Matt', 'Acrylic'], ['73033', 'Blue (Faded) for Su-30MK', '#63b7cf', 'Matt', 'Acrylic'], ['73034', 'Pale Blue for Su-30mk', '#c9e0da', 'Matt', 'Acrylic'], ['73035', 'Light ╬Ælue for Su-27/27UB/27PU', '#b1c8ce', 'Matt', 'Acrylic'], ['73036', 'Light Gray for Su-27/27UB/27PU', '#96a9af', 'Matt', 'Acrylic'], ['73037', 'Bright Blue (Faded) for Su-32/34', '#48b4d0', 'Matt', 'Acrylic'], ['73038', 'Bright Blue (Faded) for Su-32/34', '#018d9e', 'Matt', 'Acrylic'], ['73039', 'Turquoise (Faded) for Su-32/34', '#005d65', 'Matt', 'Acrylic'], ['73041', 'A II KR Red', '#b9261e', 'Matt', 'Acrylic'], ['73042', '╨É II G Blue', '#6d969c', 'Matt', 'Acrylic'], ['73044', '╨É╨£╨ó-11 Gray Blue', '#465155', 'Matt', 'Acrylic'], ['73045', '╨É╨£╨ó-12 Dark Gray', '#2d2e30', 'Matt', 'Acrylic'], ['73046', 'Blue (Faded) for Su-27/27UB/27PU', '#85acbb', 'Matt', 'Acrylic'], ['73047', 'Gray for Mi-2/6/8/17/24', '#969883', 'Matt', 'Acrylic'], ['73048', 'Green for Mi-2/6/8/17/24', '#575c46', 'Matt', 'Acrylic'], ['73049', 'Gray Blue Mi-2/6/8/17/24, Ka-27/28/31', '#869aa3', 'Matt', 'Acrylic'], ['73050', 'Black Brown for Armored Trucks', '#2a2927', 'Matt', 'Acrylic'], ['73051', 'Light Gray for Su-27PU, Su-30PK, Su-35-1', '#aaaca9', 'Matt', 'Acrylic'], ['73052', 'Pale Sand (Faded) Su-27PU/30PK/35-1', '#c6ab64', 'Matt', 'Acrylic'], ['73053', 'Pale Brown for Su-27PU/30PK/35-1', '#927c55', 'Matt', 'Acrylic'], ['73054', 'Pale Green for Su-27PU/30PK/35-1', '#908e71', 'Matt', 'Acrylic'], ['73055', 'Green for MiG-23/27, Su-17/22/2', '#62703d', 'Matt', 'Acrylic'], ['73056', 'Gray for Su-30MKK/ 35-2', '#82857e', 'Matt', 'Acrylic'], ['73057', 'Yellow (Faded) Auto/Motorcycle/Armor', '#91835e', 'Matt', 'Acrylic'], ['73058', 'Red (Faded) Su-27/37', '#9c000b', 'Matt', 'Acrylic'], ['73059', 'Gray for MiG-25/31, An-8/12/24/26, MiG-21/23', '#8f9498', 'Matt', 'Acrylic'], ['73060', 'Green (Faded)', '#4d6f4c', 'Matt', 'Acrylic'], ['73061', 'Dark Gray (Faded) Su-30MKK/35-2', '#525b64', 'Matt', 'Acrylic'], ['73063', 'Protective (faded) overall camo', '#504527', 'Matt', 'Acrylic'], ['73064', 'Bright ╬Ælue (Faded) Su-25UTG/33/39', '#016aae', 'Matt', 'Acrylic'], ['73065', 'Blue (Faded) for Su-25UTG/33/39', '#4292b7', 'Matt', 'Acrylic'], ['73066', 'Gray Blue for Su-25UTG/33/39', '#598399', 'Matt', 'Acrylic'], ['73068', 'Gray for Su-24', '#5a7276', 'Matt', 'Acrylic'], ['73069', 'Gray Dark Blue (Su-27/30/32/33/34/35/37/39)', '#4f747c', 'Matt', 'Acrylic'], ['73070', '3B Dark Green (Faded) Aviation', '#484944', 'Matt', 'Acrylic'], ['73071', 'Gray Blue (faded) 1925 - 1937', '#95a195', 'Matt', 'Acrylic'], ['73072', 'A-18 Blue (faded) June 1940 - June 1941', '#649389', 'Matt', 'Acrylic'], ['73073', 'A-19 Green (Faded) Pe 2 Pe 3, SB, SB 3', '#565842', 'Matt', 'Acrylic'], ['73075', 'Khaki Dirty Yellow for uniforms', '#867547', 'Matt', 'Acrylic'], ['73077', 'Khaki Gray Green for shirts', '#655d48', 'Matt', 'Acrylic'], ['73078', '3B Dark Green (Faded) Armor', '#48453e', 'Matt', 'Acrylic'], ['73079', 'A-21M Light Brown', '#766d5c', 'Matt', 'Acrylic'], ['73080', 'Sand for Su-17/25 Mig-21/23/27, sometimes early MiG 29', '#7c6052', 'Matt', 'Acrylic'], ['73081', 'Yellow Green for Auto/Motorcycle/Armor/Artillery', '#8e763a', 'Matt', 'Acrylic'], ['73082', 'Sand for auto, motorcycle, armor and artillery', '#93795e', 'Matt', 'Acrylic'], ['73083', 'Brown for Auto/Motorcycle/Armor/Artillery', '#6d5847', 'Matt', 'Acrylic'], ['73084', 'Brown Green for auto, motorcycle, armor and artillery', '#6a6442', 'Matt', 'Acrylic'], ['73085', 'Mustard', '#6e5c38', 'Matt', 'Acrylic'], ['73087', 'Gray Green for Armor', '#5d5d39', 'Matt', 'Acrylic'], ['73088', 'Dark Blue for Uniforms', '#383844', 'Matt', 'Acrylic'], ['73091', 'Blue Green (Faded) Gas 57, ZIL-150/151/157/164', '#26433f', 'Matt', 'Acrylic'], ['73092', 'Light-Grey (Faded)', '#848b91', 'Matt', 'Acrylic'], ['73093', 'Gray-Green (Faded)', '#6d7c79', 'Matt', 'Acrylic'], ['73096', 'Beige for Su-25/17, M4(22), MIG-21SMT/BIS-23MLD/M/BN-25RB/RB', '#a89584', 'Matt', 'Acrylic'], ['73097', 'Sand for Su-25/17, M4(22), MIG-21SMT/BIS-23MLD/M/BN-25RB/RBV', '#837258', 'Matt', 'Acrylic'], ['73098', 'Brown for Su-25/17, M4(22), MIG-21SMT/BIS-23MLD/M/BN-25RB/RB', '#614e3f', 'Matt', 'Acrylic'], ['73099', 'Green for Su-25/17, M4(22), MIG-21SMT/BIS-23MLD/M/BN-25RB/RB', '#87855c', 'Matt', 'Acrylic'], ['73101', 'White for Su-30MKK/35-2', '#dee0df', 'Matt', 'Acrylic'], ['73102', 'Protective Prime for Navy', '#7a6a50', 'Matt', 'Acrylic'], ['73103', 'Protective Prime for Navy', '#3a3a30', 'Matt', 'Acrylic'], ['73104', 'Protective Prime for Navy', '#7d7a67', 'Matt', 'Acrylic'], ['73105', 'Gray for Su-30MKK, 30pk, 35-1, 35-2, MiG-35', '#859592', 'Matt', 'Acrylic'], ['73106', 'A-32m Dark Grey', '#585a59', 'Matt', 'Acrylic'], ['73107', 'Ball Γäû 34 Baltic Sea', '#666c6c', 'Matt', 'Acrylic'], ['73108', 'Ball Γäû 29 Black Sea', '#485156', 'Matt', 'Acrylic'], ['73109', 'Ball Γäû 32 Barents Sea', '#686e6e', 'Matt', 'Acrylic'], ['73110', 'Ball Γäû 31 Barents Sea', '#757e7d', 'Matt', 'Acrylic'], ['73111', 'Ball Γäû30 Black Sea', '#576566', 'Matt', 'Acrylic'], ['73112', 'Ball Γäû 32 Baltic Sea', '#626b68', 'Matt', 'Acrylic'], ['73113', 'Ball Γäû 35 Baltic Sea', '#6b716f', 'Matt', 'Acrylic'], ['73114', 'Navy Green', '#45635b', 'Matt', 'Acrylic'], ['73115', 'Navy Brown', '#613324', 'Matt', 'Acrylic'], ['73116', 'Navy Red', '#952017', 'Matt', 'Acrylic'], ['73117', 'Navy Coal', '#0f110e', 'Matt', 'Acrylic'], ['73120', '6 K Dark Brown', '#483934', 'Matt', 'Acrylic'], ['73121', '7K Yellow Sand', '#7f6f55', 'Matt', 'Acrylic'], ['73122', '4 BO (1947 version)', '#635d39', 'Matt', 'Acrylic'], ['73125', 'B White', '#eeebe2', 'Matt', 'Acrylic'], ['73129', 'Sand', '#927354', 'Matt', 'Acrylic'], ['73130', 'A-26m Black', '#333132', 'Matt', 'Acrylic'], ['73131', 'A-24m Protective', '#636041', 'Matt', 'Acrylic'], ['73132', 'Gray-brownish', '#7b7261', 'Matt', 'Acrylic'], ['73133', 'A-28m Light Blue', '#aaab8b', 'Matt', 'Acrylic'], ['73134', 'A-28g Blue', '#889583', 'Matt', 'Acrylic'], ['73135', 'Yellow-green', '#716624', 'Matt', 'Acrylic'], ['73137', 'AE-9 Light Gray', '#595b50', 'Matt', 'Acrylic'], ['73138', 'Dark Green', '#534635', 'Matt', 'Acrylic'], ['73139', 'Dark Brown', '#4a3b38', 'Matt', 'Acrylic'], ['73140', 'Yellow Sand for Su-25', '#c3a77f', 'Matt', 'Acrylic'], ['73141', 'Beige for Su-25', '#978271', 'Matt', 'Acrylic'], ['73142', 'Dark Brown for Su-25', '#564b49', 'Matt', 'Acrylic'], ['73143', 'Green Gray for Su-25', '#5a6554', 'Matt', 'Acrylic'], ['73144', 'Light Blue for Su-25/UTG', '#a5c4c6', 'Matt', 'Acrylic'], ['73145', 'Gray Blue for Su-25/UTG', '#82949e', 'Matt', 'Acrylic'], ['73146', 'White for Su-24/27/30/32', '#efebe8', 'Matt', 'Acrylic'], ['73147', 'Blue for Su-27 aircraft team Russian Knights', '#017aaf', 'Matt', 'Acrylic'], ['73148', 'Blue for Su-27 aircraft team Russian Knights', '#033f75', 'Matt', 'Acrylic'], ['73149', 'White for Su-27 aircraft team Russian Knights', '#efebe8', 'Matt', 'Acrylic'], ['73150', 'Red for Su-27 aircraft team Russian Knights', '#d10119', 'Matt', 'Acrylic'], ['73151', 'Gray for Su-37', '#aca89c', 'Matt', 'Acrylic'], ['73152', 'Yellow Olive for Su-37', '#a59772', 'Matt', 'Acrylic'], ['73153', 'Brown for Su-37', '#73695f', 'Matt', 'Acrylic'], ['73154', 'Gray Blue (Faded) Yak 36/38', '#2e505c', 'Matt', 'Acrylic'], ['73155', 'Light Grey (factory sample) Su-30 MKK /35-2', '#848484', 'Matt', 'Acrylic'], ['73156', 'Light Grey (factory sample) Su-30 MKK /35-2', '#afafa5', 'Matt', 'Acrylic'], ['73157', 'Gray-Blue light (factory color) for T-50 PAK FA', '#c7d2ca', 'Matt', 'Acrylic'], ['73158', 'Gray Blue (factory color) for T-50 PAK FA', '#7e9293', 'Matt', 'Acrylic'], ['73159', 'Gray Blue Dark (factory sample) T-50 PAK FA', '#606b71', 'Matt', 'Acrylic'], ['73160', 'Light Blue (Factory) Su-27SM', '#b9d7e2', 'Matt', 'Acrylic'], ['73161', 'Pale Blue (Factory) Su-27SM', '#9bbccf', 'Matt', 'Acrylic'], ['73162', 'Light Gray (Factory) Su-27SM', '#92a3ab', 'Matt', 'Acrylic'], ['73163', 'Pale Blue (Factory) Su-33', '#a0bdcb', 'Matt', 'Acrylic'], ['73164', 'Light blue (factory) for Su-33', '#4196bb', 'Matt', 'Acrylic'], ['73165', 'Dark Blue Gray (Factory) Su-33', '#2c5b6f', 'Matt', 'Acrylic'], ['73166', 'Dark Gray, Eggplant for Su-34', '#4a515b', 'Matt', 'Acrylic'], ['73167', 'Gray (factory color) for SU-27CM', '#7da2b4', 'Matt', 'Acrylic'], ['73168', 'Gray (Factory color) SU-27CM', '#adc9d7', 'Matt', 'Acrylic'], ['73169', 'Gray (factory color) for SU-27CM', '#9cb0bb', 'Matt', 'Acrylic'], ['73170', 'Blue (Factory color) SU-25, 32/34', '#afc9d6', 'Matt', 'Acrylic'], ['73171', 'Gray (factory color) for Yak-130', '#c8bfe7', 'Matt', 'Acrylic'], ['73172', 'Dark Gray (Factory color) Yak-130', '#70777d', 'Matt', 'Acrylic'], ['73173', 'Pale Cream modern Russian armored camouflage', '#e6d3b5', 'Matt', 'Acrylic'], ['73174', 'Pale Sand modern Russian armored vehicles camouflage', '#dac296', 'Matt', 'Acrylic'], ['73175', 'Yellow Brown camouflage spots for modern Russian armored veh', '#9a612a', 'Matt', 'Acrylic'], ['73176', 'Red Brown camouflage spots for modern Russian armored vehicl', '#532a26', 'Matt', 'Acrylic'], ['73177', 'Yellow Olive camouflage spots for modern Russian armored veh', '#403d36', 'Matt', 'Acrylic'], ['73180', 'Gray-blue, dark camouflage spots on T-50-9', '#3d4751', 'Matt', 'Acrylic'], ['73181', 'Pale blue (radio transparent) for T-50-9', '#ccdfdb', 'Matt', 'Acrylic'], ['73186', 'Blue Mil Mi 2016', '#648dab', 'Matt', 'Acrylic'], ['73187', 'Green Mil Mi 2016', '#4d513f', 'Matt', 'Acrylic'], ['73188', 'Grey Mil Mi 2016', '#81796c', 'Matt', 'Acrylic'], ['73189', 'Light grey Mil Mi 2016', '#afb1ac', 'Matt', 'Acrylic'], ['73190', 'Light Blue (since 2019) Su-30, Su35', None, 'Matt', 'Acrylic'], ['73191', 'Blue (since 2019) Su-30 Su-35', None, 'Matt', 'Acrylic'], ['73192', 'Grey (since 2019) Su-30cm Su-35', None, 'Matt', 'Acrylic'], ['73200', 'Blue for ZIL-130', '#3c6a77', 'Matt', 'Acrylic'], ['73220', 'Brown for Railway Wagons', '#523026', 'Matt', 'Acrylic'], ['74001', 'Thinner for brush acrylic paints and varnishes 7 Series', '#fff', 'Thinners', 'Acrylic'], ['74004', 'Matt Lacquer "Aqua"', '#fff', 'Matt', 'Acrylic'], ['74005', 'Matt varnish (dull) "Aqua"', '#fff', 'Varnish', 'Acrylic'], ['74006', 'Primer "Aqua" (no Sanding) for plastics', '#6b278e', 'Gloss', 'Acrylic'], ['74018', 'Matting additive for paints and varnishes "Aqua"', '#fff', 'Varnish', 'Acrylic'], ['74025', 'Finish "Aqua" (semi-gloss) with slight lightening effect', '#fff', 'Satin', 'Acrylic'], ['74027', 'Gloss lacquer "Aqua"', '#fff', 'Gloss', 'Acrylic'], ['74028', 'Semi-Gloss Lacquer "Aqua"', '#fff', 'Satin', 'Acrylic'], ['74032', 'Purple glossy lacquer "Aqua"', '#4b146f', 'Gloss', 'Acrylic'], ['74034', 'Bright blue', '#0145ca', 'Gloss', 'Acrylic'], ['74040', 'Orange Glossy varnish', '#ff4609', 'Varnish', 'Acrylic'], ['75000', 'Black Green Mitsubishi, Raiden, Nakajima', '#133622', 'Matt', 'Acrylic'], ['75025', 'Lemon Orange for marks', '#f3800d', 'Matt', 'Acrylic'], ['76000', 'Aluminium ╬£att', '#a8a9ab', 'Metallic', 'Acrylic'], ['76001', '╬æluminium Semi ╬£att', '#a8a9ab', 'Metallic', 'Acrylic'], ['76002', 'Gold', '#a77735', 'Metallic', 'Acrylic'], ['76003', 'Copper', '#8b4730', 'Metallic', 'Acrylic'], ['76004', 'Aluminum Bright', '#8a8b8d', 'Metallic', 'Acrylic'], ['76005', 'Rust Yellow Orange', '#cd6f31', 'Metallic', 'Acrylic'], ['76006', 'Rust Red', '#755b4e', 'Metallic', 'Acrylic'], ['76010', 'Aluminum Extra Bright', '#838486', 'Metallic', 'Acrylic'], ['76011', 'Bronze', '#a77747', 'Metallic', 'Acrylic'], ['76012', 'Rust Brown', '#674c41', 'Metallic', 'Acrylic'], ['76013', 'Gunmetal New', '#212224', 'Metallic', 'Acrylic'], ['76014', 'Dull Gray Steel', '#7b8288', 'Metallic', 'Acrylic'], ['76015', 'Burnt metal - blades of the jet engine nozzle', '#4b4b3f', 'Metallic', 'Acrylic'], ['76017', 'Burnt Metal (Tarnish) Grey-Purple', '#5a5458', 'Matt', 'Acrylic'], ['76025', 'Brass Bright', '#9f895a', 'Metallic', 'Acrylic'], ['76028', 'Weapon Bright Gray', '#767779', 'Metallic', 'Acrylic'], ['76029', 'Blackened Steel', '#28292b', 'Metallic', 'Acrylic'], ['76035', 'Dark Copper', '#883a36', 'Metallic', 'Acrylic'], ['76100', 'Light Green with glow effect in UV Rays', '#00d51b', 'Fluo', 'Acrylic'], ['76101', 'Orange Yellow with glow effect in UV Rays', '#ff6b01', 'Fluo', 'Acrylic'], ['76102', 'Raspberry with glow effect in UV Rays', '#f8003c', 'Fluo', 'Acrylic'], ['76108', 'Car Protective with glow effect in UV Rays', '#878030', 'Fluo', 'Acrylic'], ['76204', 'Bright aluminum with a high level of reflection', '#9498a4', 'Gloss', 'Acrylic'], ['77010', 'Dark gray-blue camouflage stains on Mirage 2000', '#3d5257', 'Matt', 'Acrylic'], ['77011', 'Light gray-blue basic color on Mirage 2000', '#77898b', 'Matt', 'Acrylic'], ['77080', 'Blue (faded) for bottom surface of the airplanes', '#91b2bb', 'Matt', 'Acrylic'], ['77088', 'AN 11 Dark Green', '#454841', 'Matt', 'Acrylic'], ['77089', 'AN 22 Light Green', '#60644d', 'Matt', 'Acrylic'], ['77090', 'AN 33 Brown', '#32140a', 'Matt', 'Acrylic'], ['77091', 'AN 44 Black', '#0a0a0a', 'Matt', 'Acrylic'], ['77100', 'FS 36251 - Medium Grey', '#808082', 'Matt', 'Acrylic'], ['77101', 'FS 36307 - Light Sea Grey', '#8c8e83', 'Matt', 'Acrylic'], ['77102', 'FS 36270 - Neutral Grey', '#808183', 'Matt', 'Acrylic'], ['77103', 'FS 36320 - Dark Compass Ghost Gray', '#88959d', 'Matt', 'Acrylic'], ['77104', 'FS 35237 - Gray Blue', '#737e84', 'Matt', 'Acrylic'], ['77105', 'FS 36375 - Light Compass Ghost Gray', '#96a3aa', 'Matt', 'Acrylic'], ['77106', 'FS 30140 - Brown Special', '#7b5f51', 'Matt', 'Acrylic'], ['77107', 'FS 30400 - Tan', '#c79771', 'Matt', 'Acrylic'], ['77108', 'FS 36622 - Gray', '#c2beb2', 'Matt', 'Acrylic'], ['77109', 'FS 30219 - Tan', '#8a6b4f', 'Matt', 'Acrylic'], ['77110', 'FS 34102 - Light Green', '#575f4a', 'Matt', 'Acrylic'], ['77111', 'FS 34079 - Forest Green', '#494931', 'Matt', 'Acrylic'], ['77200', 'Blue (factory) for Su-27 digital camouflage', '#0079ae', 'Matt', 'Acrylic'], ['77201', 'Blue (factory) for Su-27 digital camouflage', '#1d508f', 'Matt', 'Acrylic'], ['77202', 'Blue (factory) for Su-27 digital camouflage', '#0087b4', 'Matt', 'Acrylic'], ['77203', 'Grey (factory) for Su-27 digital camouflage', '#979ca0', 'Matt', 'Acrylic'], ['77204', 'Grey (factory) for Su-27 digital camouflage', '#77848a', 'Matt', 'Acrylic'], ['77205', 'Grey (Su-25  Air Force of Ukraine)', '#767b7e', 'Matt', 'Acrylic'], ['77207', 'Grey (factory) for Su-25 Digital camo', '#8f9297', 'Matt', 'Acrylic'], ['77208', 'Dark Grey (factory) for Su-25 Digital camo', '#464e50', 'Matt', 'Acrylic'], ['77209', 'Light Grey (factory) for Su-25 Digital camo', '#eeebe4', 'Matt', 'Acrylic'], ['77300', 'Sand main on Iranian Air Force', '#b88e64', 'Matt', 'Acrylic'], ['77301', 'Green camouflage patches on Iranian Air Force (IIAF, IRIAF)', '#323d35', 'Matt', 'Acrylic'], ['77302', 'Brown: Camouflage spots on Iranian Air Force (IIAF, IRIAF)', '#675348', 'Matt', 'Acrylic'], ['77303', 'Light gray: bottom on Iranian Air Force (IIAF, IRIAF)', '#cbcdc0', 'Matt', 'Acrylic'], ['77304', 'Gray on the MiG-299.12B and 9.51 Iranian Air Force', '#9e9882', 'Matt', 'Acrylic'], ['77305', 'Gray-blue on the MiG-29 9.12B & 9.51 of the Iranian Air Forc', '#486f7e', 'Matt', 'Acrylic'], ['77306', 'Blue on the MiG-9 9.12B and 9.51 Iranian Air Force', '#63b8cc', 'Matt', 'Acrylic'], ['78004', 'Black Semi Matt', '#1f2022', 'Satin', 'Acrylic'], ['78006', 'Ochre Orange Semi Gloss', '#ae672f', 'Satin', 'Acrylic'], ['78007', 'Ochre Yellow Semi Gloss', '#c28c32', 'Satin', 'Acrylic'], ['78008', 'Red Semi Gloss', '#d31213', 'Satin', 'Acrylic'], ['78009', 'Blue Semi Gloss', '#00073e', 'Satin', 'Acrylic'], ['78010', 'Yellow Semi Gloss', '#ffcf01', 'Satin', 'Acrylic'], ['78011', 'Green Semi Gloss', '#01180e', 'Satin', 'Acrylic'], ['78012', 'Grass Semi Gloss', '#447555', 'Satin', 'Acrylic'], ['78013', 'Brick Semi Gloss', '#7e2b1d', 'Satin', 'Acrylic'], ['78014', 'Earth Semi Gloss', '#4f4635', 'Satin', 'Acrylic'], ['78015', 'Purple Semi Gloss', '#190d0f', 'Satin', 'Acrylic'], ['78016', 'Orange Semi Gloss', '#da3000', 'Satin', 'Acrylic'], ['78017', 'Bordeaux Semi Gloss', '#470012', 'Satin', 'Acrylic'], ['78018', 'Blue Semi Matt', '#a8d9f7', 'Satin', 'Acrylic'], ['78019', 'Gray Semi Matt', '#252628', 'Satin', 'Acrylic'], ['78020', 'Lemon Semi Gloss', '#ecee0f', 'Satin', 'Acrylic'], ['78023', 'Japanese Yellow Orange Semi Gloss', '#f4771b', 'Satin', 'Acrylic'], ['78100', 'Green Lemon for Siberia airline', '#afc932', 'Matt', 'Acrylic'], ['78101', 'Green for Siberia airline', '#49a445', 'Matt', 'Acrylic'], ['78102', 'Blue for Aeroflot airline', '#222e62', 'Matt', 'Acrylic'], ['78103', 'Bright Aluminium for Aeroflot airline', '#838486', 'Metallic', 'Acrylic'], ['78104', 'Bright Gray for Aeroflot airline', '#c5c7c4', 'Gloss', 'Acrylic'], ['78107', 'Yellow for Lufthansa airline', '#d9b626', 'Matt', 'Acrylic'], ['78108', 'Blue for Lufthansa airline', '#00427e', 'Matt', 'Acrylic'], ['78109', 'Ultramarine Blue for Lufthansa airline', '#0c2d7c', 'Matt', 'Acrylic'], ['78110', 'White - Siberia Airlines', '#fff', 'Matt', 'Acrylic'], ['78111', 'Blue - Siberia Airlines', '#fff', 'Matt', 'Acrylic'], ['78200', 'Mimosa', '#f8b600', 'Matt', 'Acrylic'], ['78201', 'Hen Riaba', '#ff9801', 'Matt', 'Acrylic'], ['78202', 'Honey Semi Matt', '#eaa234', 'Satin', 'Acrylic'], ['78203', 'Sunny Bunny', '#fd8000', 'Matt', 'Acrylic'], ['78204', 'Juicy Orange', '#ff4c02', 'Matt', 'Acrylic'], ['78205', 'Scarlet', '#ce0700', 'Matt', 'Acrylic'], ['78206', 'Bright Red Semi Matt', '#ce000c', 'Satin', 'Acrylic'], ['78207', 'Ruby', '#87000e', 'Matt', 'Acrylic'], ['78208', 'Cherry in Chocolate', '#690c1e', 'Matt', 'Acrylic'], ['78209', 'Chestnut Semi Matt', '#62273d', 'Satin', 'Acrylic'], ['78211', 'Ripe Dark Eggplant Semi Matt', '#3d2831', 'Satin', 'Acrylic'], ['78214', 'Magical\xa0Saturated Purple Semi Matt', '#571e3e', 'Satin', 'Acrylic'], ['78217', 'Magic\xa0Saturated Ultramarine Semi Matt', '#1b265e', 'Satin', 'Acrylic'], ['78220', 'Mysterious Violet Semi Matt', '#3e2d64', 'Satin', 'Acrylic'], ['78221', 'The Elegant Violet Semi Matt', '#6b4fa3', 'Satin', 'Acrylic'], ['78222', 'The Tender Violet Semi Matt', '#a790d4', 'Satin', 'Acrylic'], ['78223', 'Ripe Raspberry Semi Matt', '#8a022a', 'Satin', 'Acrylic'], ['78226', 'Cheerful Pink Semi Matt', '#96205d', 'Satin', 'Acrylic'], ['78232', 'A Charming Tropical Sea Semi Matt', '#01484c', 'Satin', 'Acrylic'], ['78233', 'Tropical Lagoon Semi Matt', '#00756f', 'Satin', 'Acrylic'], ['78234', 'Coastal Breeze Semi Matt', '#009494', 'Satin', 'Acrylic'], ['78238', 'Magical Dark Green Semi Matt', '#014c35', 'Satin', 'Acrylic'], ['78241', 'Snake Gorinich Semi Matt', '#005830', 'Satin', 'Acrylic'], ['78242', 'Witch Grass Semi Matt', '#007421', 'Satin', 'Acrylic'], ['78243', 'Poison Potion Semi Matt', '#59b200', 'Satin', 'Acrylic'], ['78244', 'Beach Sand', '#b06c2b', 'Matt', 'Acrylic'], ['78245', 'Miracle Rust', '#833022', 'Matt', 'Acrylic'], ['78247', 'Milk Chocolate Semi Matt', '#643e2b', 'Satin', 'Acrylic'], ['78253', 'Dark Gray Semi Matt', '#202224', 'Satin', 'Acrylic'], ['79000', 'Beige Solid', '#deb798', 'Matt', 'Acrylic'], ['79001', 'Solid Pink Cream', '#c79c8b', 'Matt', 'Acrylic'], ['79002', 'Solid Cream', '#d7b19e', 'Matt', 'Acrylic'], ['79003', 'Corporeal Light, Pinkish Cream', '#d0a594', 'Matt', 'Acrylic'], ['79006', 'Corporeal Medium Gold Tan', '#ad8a77', 'Matt', 'Acrylic'], ['79011', 'Hair', '#be9b71', 'Matt', 'Acrylic'], ['79012', 'Hair', '#d2b17c', 'Matt', 'Acrylic'], ['79014', 'Smoke for cars, tanks, planes and exhaust pipes', '#37383a', 'Matt', 'Acrylic'], ['79015', 'Grass Old', '#516740', 'Matt', 'Acrylic'], ['79016', 'Grass New', '#5f7336', 'Matt', 'Acrylic'], ['79017', 'Light Clay dry trenches, blindages', '#837864', 'Matt', 'Acrylic'], ['79018', 'Dark for damp clay trenches, blindages', '#775441', 'Matt', 'Acrylic'], ['79023', 'Wood Light Yellow', '#e2cca7', 'Matt', 'Acrylic'], ['79024', 'Yellow Gray for old wood', '#cd9d6d', 'Matt', 'Acrylic'], ['79027', 'Asphalt old, dry', '#837e78', 'Matt', 'Acrylic'], ['79028', 'Concrete old, dry and dusty', '#a9a491', 'Matt', 'Acrylic'], ['79029', 'Gray Yellow for dust', '#b1a180', 'Matt', 'Acrylic'], ['79031', 'Yellow Brown for trenches, blindages, dugouts', '#826545', 'Matt', 'Acrylic'], ['79032', 'Red Brown for trenches, blindages, dugouts', '#8a765d', 'Matt', 'Acrylic'], ['79033', 'Black Brown Land', '#625545', 'Matt', 'Acrylic'], ['79034', 'Brown for dry land trenches, blindages, dugouts', '#7b6a58', 'Matt', 'Acrylic'], ['79035', 'Light Brown Land', '#806c53', 'Matt', 'Acrylic'], ['79036', 'Crafted Sheep Skin', '#b9a783', 'Matt', 'Acrylic'], ['79038', 'Wool Dark Brown for clothes', '#3f3637', 'Matt', 'Acrylic'], ['79039', 'Army Coat Light Beige', '#79705f', 'Matt', 'Acrylic'], ['79040', 'Wood Varnished Yellow', '#c08416', 'Varnish', 'Acrylic'], ['79041', 'Dark Brown for leather worn', '#412b1e', 'Matt', 'Acrylic'], ['79042', 'New Rubber Black-Grey (C-37, F-117, SR-71, helicopters)', '#292a2c', 'Matt', 'Acrylic'], ['79043', 'Old Rubber Dark-Grey (Faded)', '#393a3e', 'Matt', 'Acrylic'], ['79044', 'Dark Stone for fortresses, towers, castles, monuments, bridg', '#4c4d47', 'Matt', 'Acrylic'], ['79045', 'Yellow River Sand', '#a88158', 'Matt', 'Acrylic'], ['79046', 'Brown Yellow for sailboats', '#a4761e', 'Matt', 'Acrylic'], ['79047', 'Yellow Brown for sailboats', '#e6cb72', 'Matt', 'Acrylic'], ['79048', 'Light Brown Sail', '#d5d5cf', 'Matt', 'Acrylic'], ['79051', 'Asphalt, new', '#302c2b', 'Matt', 'Acrylic'], ['70023', 'BS 697 Light Admiralty Grey', '#93abab', 'Matt', 'Acrylic'], ['70054', 'PC 10 Khaki', '#7a5833', 'Matt', 'Acrylic'], ['70055', 'PC 12 Service Brown', '#463629', 'Matt', 'Acrylic'], ['70056', 'NIVO', '#41493c', 'Matt', 'Acrylic'], ['70058', 'PC 10 (option 6)', '#705b30', 'Matt', 'Acrylic'], ['71002', 'RAL 6014 Yellow Olive', '#434832', 'Matt', 'Acrylic'], ['71014', 'RAL 8002 Signal Brown', '#7b574b', 'Matt', 'Acrylic'], ['71017', 'RAL 8012 Red Brown', '#704741', 'Matt', 'Acrylic'], ['71022', 'RAL 8028 Terra Brown', '#554339', 'Matt', 'Acrylic'], ['71037', 'RAL 6015 Black Green', '#35382f', 'Matt', 'Acrylic'], ['71038', 'RAL 6031 Bronze Green', '#494c41', 'Matt', 'Acrylic'], ['71040', 'RAL 8000 Green Brown', '#836c4a', 'Matt', 'Acrylic'], ['71041', 'RAL 7008 Khaki Gray', '#736653', 'Matt', 'Acrylic'], ['71042', 'RAL 7016 Anthracite Gray', '#4b5258', 'Matt', 'Acrylic'], ['71047', 'RLM 26 Brown', '#90462d', 'Matt', 'Acrylic'], ['71048', 'RLM 22 Black', '#17181a', 'Matt', 'Acrylic'], ['71049', 'RLM 23 Red', '#c61819', 'Matt', 'Acrylic'], ['71050', 'RLM 24 Blue', '#2b496d', 'Matt', 'Acrylic'], ['71051', 'RLM 25 Green', '#2d7260', 'Matt', 'Acrylic'], ['71053', 'RLM 65 Light blue', '#7293a6', 'Matt', 'Acrylic'], ['71063', 'RLM 78 Blue', '#5f8997', 'Matt', 'Acrylic'], ['71084', 'RAL 6007 Bottle Green', '#464940', 'Matt', 'Acrylic'], ['71086', 'Purple for airplanes of I WW', '#5c4f56', 'Matt', 'Acrylic'], ['71087', 'R╨ÉL 1006 Maze Yellow', '#e19c1b', 'Matt', 'Acrylic'], ['71088', 'R╨ÉL 3000 Flame Red', '#aa3639', 'Matt', 'Acrylic'], ['71089', 'R╨ÉL 9001 Cream', '#e1ddd4', 'Matt', 'Acrylic'], ['71103', 'Grey for ships and submarines', '#3b3c34', 'Matt', 'Acrylic'], ['72007', 'FS 36251 Gray', '#808183', 'Matt', 'Acrylic'], ['72010', 'FS 30140 Brown Special', '#7b5f51', 'Matt', 'Acrylic'], ['72011', 'FS 20400 Tan Special', '#c99973', 'Matt', 'Acrylic'], ['72024', 'FS 30277 Sand Brown', '#9c8c72', 'Matt', 'Acrylic'], ['72027', 'FS 36473 Sky Gray', '#a0a9a6', 'Matt', 'Acrylic'], ['72029', 'FS 34087 Olive Drab', '#434339', 'Matt', 'Acrylic'], ['72031', 'FS 36307 Light Sea Gray', '#8c8e83', 'Matt', 'Acrylic'], ['72034', 'Chromate Yellow 1', '#c8a32e', 'Matt', 'Acrylic'], ['72036', 'Chromate Yellow 2', '#949142', 'Matt', 'Acrylic'], ['72040', 'FS 36118 Medium Gunship Gray', '#535762', 'Matt', 'Acrylic'], ['72061', 'FS 35414 Blue', '#86a5a7', 'Matt', 'Acrylic'], ['72062', 'FS 34086 I. R. Dark Green', '#57574f', 'Matt', 'Acrylic'], ['72063', 'FS 34096 Dark Green', '#545648', 'Matt', 'Acrylic'], ['72064', 'ANA 621 Dark Gull Gray', '#757b7b', 'Matt', 'Acrylic'], ['72065', 'ANA 617 Dark Earth', '#6f5e4e', 'Matt', 'Acrylic'], ['72066', '5-O Ocean Gray', '#627586', 'Matt', 'Acrylic'], ['72067', 'Naval Blue for U.S. Navy - WWII', '#435563', 'Matt', 'Acrylic'], ['72068', 'Deck Blue for Navy ships', '#4a535c', 'Matt', 'Acrylic'], ['72069', 'Blue Gray for the Flight Deck Stain 21', '#596c7a', 'Matt', 'Acrylic'], ['72070', 'FS 34094 Green', '#505245', 'Matt', 'Acrylic'], ['72071', 'FS 36170 Camouflage Grey', '#696969', 'Matt', 'Acrylic'], ['72073', 'FS 35630 Blue', '#d4d3ce', 'Matt', 'Acrylic'], ['72074', 'FS 35622 Duck Egg', '#c7d2ca', 'Matt', 'Acrylic'], ['73000', 'AMT-1 Light Brown', '#746c57', 'Matt', 'Acrylic'], ['73001', 'AMT-4 Green', '#474a2d', 'Matt', 'Acrylic'], ['73002', 'AMT-7 Blue', '#6f9daa', 'Matt', 'Acrylic'], ['73004', 'Blue Green for Yak 36/38', '#026270', 'Matt', 'Acrylic'], ['73005', 'Emerald for MiG-21/23/25/27/31, MiG-29, Mi-8/24', '#007e72', 'Matt', 'Acrylic'], ['73006', 'Emerald (Faded) MiG-21/23/25/27/31, MiG-29, Mi-8/24', '#03877c', 'Matt', 'Acrylic'], ['73007', 'Green for Yak-36/38', '#52654f', 'Matt', 'Acrylic'], ['73008', 'Blue for MiG-21/23/25R/25RB/27 and Su-15/17/25/27', '#86b9ce', 'Matt', 'Acrylic'], ['73016', 'Blue (Faded) Mig-21, 23, 25p, 25RB, 27 and Su-15, 17, 25, 27', '#91b3bd', 'Matt', 'Acrylic'], ['73020', '4BO Khaki Dark Green', '#5a5639', 'Matt', 'Acrylic'], ['73040', 'A-14 Steel Gray', '#646a6a', 'Matt', 'Acrylic'], ['73043', 'AMT-6 Black (Faded)', '#0e1213', 'Matt', 'Acrylic'], ['73062', 'Yellow-Grey (Faded)', '#b0aa70', 'Matt', 'Acrylic'], ['73136', 'MK-7 White', '#ecece8', 'Matt', 'Acrylic'], ['74000', 'Thinner for airbrush acrylic paints and varnishes 7 Series', '#fff', 'Thinners', 'Acrylic'], ['74023', 'Glossy transparent base paint "Aqua"', '#fff', 'Gloss', 'Acrylic'], ['74024', 'Semi-transparent base paint "Aqua"', '#fff', 'Satin', 'Acrylic'], ['74029', 'Smoky gloss lacquer "Aqua"', '#353327', 'Gloss', 'Acrylic'], ['74033', 'Dark blue glossy lacquer "Aqua"', '#004059', 'Gloss', 'Acrylic'], ['74035', 'Blue-green colored varnish', '#0c8c7f', 'Varnish', 'Acrylic'], ['74036', 'Olive green colored varnish', '#627b37', 'Varnish', 'Acrylic'], ['74037', 'Green colored varnish', '#005c1d', 'Varnish', 'Acrylic'], ['74038', 'Yellow colored varnish', '#fdfc01', 'Varnish', 'Acrylic'], ['74039', 'Yellow colored varnish', '#fddc01', 'Varnish', 'Acrylic'], ['74040', 'Orange Glossy Varnish', '#fff', 'Varnish', 'Acrylic'], ['74041', 'Red colored varnish', '#c00000', 'Varnish', 'Acrylic'], ['74042', 'Pink colored varnish', '#d70461', 'Varnish', 'Acrylic'], ['74043', 'Dark red colored varnish', '#770d11', 'Varnish', 'Acrylic'], ['74044', 'Orange colored varnish', '#c83114', 'Varnish', 'Acrylic'], ['74045', 'Brown colored varnish', '#7a2602', 'Varnish', 'Acrylic'], ['74046', 'Dark brown colored varnish', '#4e3014', 'Varnish', 'Acrylic'], ['74047', 'Light Brown colored varnish', '#9d5201', 'Varnish', 'Acrylic'], ['74050', 'Brown colored varnish', '#793920', 'Varnish', 'Acrylic'], ['74051', 'Yellow colored varnish', '#fee413', 'Varnish', 'Acrylic'], ['74052', 'Dark brown colored varnish', '#572f15', 'Varnish', 'Acrylic'], ['74053', 'Brown colored varnish', '#824822', 'Varnish', 'Acrylic'], ['77206', 'Middle Grey (Factory) for SU-25 Digital Camo', '#fff', 'Matt', 'Acrylic'], ['78000', 'White Matte', '#ffffff', 'Matt', 'Acrylic'], ['78001', 'White Semi Matt', '#f5f5f5', 'Satin', 'Acrylic'], ['78002', 'White Semi-Gloss', '#f5f5f5', 'Matt', 'Acrylic'], ['78003', 'Anthracite', '#343233', 'Matt', 'Acrylic'], ['78005', 'Black Semi-Gloss', '#0a0a0a', 'Matt', 'Acrylic'], ['79008', 'Body, dark beige', '#cbaa87', 'Matt', 'Acrylic'], ['79025', 'Very old timber, silver gray', '#535b4e', 'Matt', 'Acrylic'], ['79026', 'Asphalt old, wet - highway, roads, roads', '#605f5b', 'Matt', 'Acrylic'], ['79030', 'Old gray brown wood', '#615b4b', 'Matt', 'Acrylic'], ['79049', 'The earth is grayish-brown: trenches, dugouts, dugouts', '#666954', 'Matt', 'Acrylic'], ['79050', 'Wood is old, gray is deck board', '#787b74', 'Matt', 'Acrylic'], ['47362', 'Russian Heelicopters 2016', None, 'Paint sets', 'Acrylic'], ['60033', 'Middle buff', '#fff', 'Matt', None], ['63028', 'Interior Grey (faded)', '#fff', 'Gloss', None], ['96013', 'Blue Steel New', '#1c231c', 'Metallic', None], ['96014', 'Gray steel, dull pigment Tint "Aqua"', '#7c9194', 'Metallic', None], ['96015', 'Golden Smoky - Burnt Metal (Tarnish)', '#818167', 'Metallic', None], ['96016', 'Golden Grey - Burnt Metal (Tarnish)', '#949168', 'Metallic', None], ['96017', 'Grey-Purple - Burnt Metal (Tarnish)', '#46433e', 'Metallic', None], ['96024', 'Green-yellow (protective coating steel) Tint Pigment "Aqua"', '#a48b2e', 'Metallic', None], ['96033', 'Very bright polished steel dark gray old Tint Pigment "Aqua"', '#687669', 'Metallic', None], ['96035', 'Dark Tint Pigment Copper "Aqua"', '#9e3a2b', 'Metallic', None], ['96036', 'Dark bronze, ornamental Tint Pigment "Aqua"', '#766837', 'Metallic', None], ['98001', 'Standard white color tint "Aqua"', '#fff', None, None], ['98004', 'Standard black tint pigment "Aqua"', '#fff', None, None], ['98006', 'Ochre orange tint pigment "Aqua"', '#fff', None, None], ['60001', 'BS 101 Sky Blue', '#94bfac', 'Matt', None], ['60002', 'BS 105 Oxford Blue', '#1f3057', 'Matt', None], ['60003', 'BS 110 Roundel Blue', '#2c3e75', 'Matt', None], ['60004', 'BS 104 Azure Blue', '#264d7e', 'Matt', None], ['60005', 'BS 210 Sky Type ΓÇ¥SΓÇ¥', '#bbc9a5', 'Matt', None], ['60006', 'BS 227 Deep Brunswick Green', '#254432', 'Matt', None], ['60007', 'BS 283 Aircraft Grey Green', '#7e8f6e', 'Matt', None], ['60008', 'BS 298 Olive Drab', '#4f5138', 'Matt', None], ['60009', 'BS 356 Golden Yellow', '#fcc808', 'Matt', None], ['60010', 'BS 450 Dark Earth', '#745f46', 'Matt', None], ['60011', 'BS 453 Shell Pink', '#fff', 'Matt', None], ['60012', 'BS 537 Signal Red', '#dd3420', 'Matt', None], ['60013', 'BS 557 Light Orange', '#fff', 'Matt', None], ['60014', 'BS 627 Light aircraft Grey', '#bec0b8', 'Matt', None], ['60016', 'BS 637 Medium Sea Grey', '#8e9b9c', 'Matt', None], ['60017', 'BS 638 Dark Sea Grey', '#6c7377', 'Matt', None], ['60018', 'Light Slate Grey M2', '#12c7563', 'Matt', None], ['60019', 'BS 640 Extra Dark Sea Grey', '#566164', 'Matt', None], ['60020', 'BS 641 Dark Green', '#484837', 'Matt', None], ['60021', 'BS 642 Night', '#282b2f', 'Matt', None], ['60023', 'BS 697 Light Admiralty Grey', '#b6d3cc', 'Matt', None], ['60024', 'BS 446 Red Oxide', '#fff', 'Matt', None], ['60025', 'BS 447 Salmon Pink', '#fff', 'Matt', None], ['60026', 'BS 361 Light Stone', '#d4b97d', 'Matt', None], ['60027', 'BS 278 Light Olive', '#fff', 'Matt', None], ['60028', 'BS 410 Light Brown', '#fff', 'Matt', None], ['60029', 'BS 169 Traffic Blue', '#135b75', 'Matt', None], ['60031', 'BS 108 Aircraft Blue', '#173679', 'Matt', None], ['60032', 'BS 358 Light Buff', '#fff', 'Matt', None], ['60035', 'BS 224 Deep Bronze Green', '#fff', 'Matt', None], ['60036', 'BS 222 Light Bronze Green', '#fff', 'Matt', None], ['60037', 'BS 223 Middle Bronze Green', '#fff', 'Matt', None], ['60038', 'BS 220 Olive Green', '#4b5729', 'Matt', None], ['60039', 'BS 633 RAF Blue-Grey', '#424c53', 'Matt', None], ['60046', 'BS 634 Dark Slate Grey', '#6f7264', 'Matt', None], ['60047', 'Ocean Grey', '#7a8187', 'Matt', None], ['60054', 'PC 10 Khaki', '#5c5d23', 'Matt', None], ['60055', 'PC 12 Service Brown', '#483725', 'Matt', None], ['60056', 'NIVO of World War I England', '#3e4742', 'Matt', None], ['60057', 'Dark Admiralty Grey', '#6b7477', 'Matt', None], ['60058', 'PC 10 (option 6) Khaki', '#4c4c1a', 'Matt', None], ['60065', 'Sky', '#b4b9a2', 'Matt', None], ['61001', 'RAL 6003 Olive Green', '#424632', 'Matt', None], ['61002', 'RAL 6014 Yellow Olive', '#47402e', 'Matt', None], ['61003', 'RAL 7028 Dark Yellow', '#b3987a', 'Matt', None], ['61005', 'RAL 7021 Black Gray (DunkelGrey)', '#23282b', 'Matt', None], ['61006', 'RLM65 Hellblau ( light blue )', '#8aa2a6', 'Matt', None], ['61007', 'RLM 70 Black-Green (Schwarzgr├╝n)', '#00260f', 'Matt', None], ['61008', 'RLM 71 Dark Green (Dunkelgr├╝n)', '#585743', 'Matt', None], ['61010', 'RAL 8017 Chocolate Brown', '#45322e', 'Matt', None], ['61017', 'RAL 8012 Red Brown', '#592321', 'Matt', None], ['61018', 'RAL 7021 Black Gray Dunkelgrau (faded)', '#2d3235', 'Matt', None], ['61020', 'RAL 9021 Teerschwarz', '#222126', 'Matt', None], ['61025', 'RLM: 02 Gray (Grau)', '#fff', 'Matt', None], ['61030', 'RLM 83 Dark green', '#373a29', 'Matt', None], ['61032', 'RLM 63 Green gray', '#7a8275', 'Matt', None], ['61037', 'RAL 6015 Black Green', '#3b3c36', 'Matt', None], ['61042', 'RAL 7016 Anthracite Gray', '#293133', 'Matt', None], ['61045', 'RLM 02 Gray', '#696653', 'Matt', None], ['61046', 'RLM 04 Yellow', '#de9c0a', 'Matt', None], ['61052', 'RLM 27 Yellow', '#f9c300', 'Matt', None], ['61053', 'RLM65 Hellblau (1938 )', '#779aa8', 'Matt', None], ['61054', 'RLM 65 Light Blue', '#849899', 'Matt', None], ['61055', 'RLM 66 Black Gray', '#2c3135', 'Matt', None], ['61056', 'RLM 70 Black Green (standard)', '#213b22', 'Matt', None], ['61057', 'RLM 71 Dark Green', '#3a3f29', 'Matt', None], ['61058', 'RLM 72 Green', '#273325', 'Matt', None], ['61059', 'RLM 73 Green', '#222e20', 'Matt', None], ['61060', 'RLM 74 Gray Green', '#494b48', 'Matt', None], ['61061', 'RLM 75 Grey Violet', '#73777a', 'Matt', None], ['61062', 'RLM 76 Light Blue', '#a5b5b5', 'Matt', None], ['61063', 'RLM 78 Standard Blue', '#5e8896', 'Matt', None], ['61064', 'RLM 79 Sand Yellow', '#8f6130', 'Matt', None], ['61065', 'RLM 80 Olive Green', '#405036', 'Matt', None], ['61066', 'RLM 81a Brown Violet', '#574940', 'Matt', None], ['61067', 'RLM 81b Dark Green', '#393327', 'Matt', None], ['61068', 'RLM 82 Light Green', '#434633', 'Matt', None], ['61069', 'RLM 83 Dark green', '#2e2c1f', 'Matt', None], ['61071', 'RLM 84B Graublau', '#61867f', 'Matt', None], ['61072', 'Dull Brown (faded)', '#554a2e', 'Matt', None], ['61073', 'Pale green (faded)', '#677055', 'Matt', None], ['61074', 'Pale beige (faded)', '#ada592', 'Matt', None], ['61076', 'RAL 6031 Bronze-green (faded)', '#474538', 'Matt', None], ['61077', 'RAL 6006 Field-gray', '#464437', 'Matt', None], ['61078', 'Gray-green', '#525246', 'Matt', None], ['61079', 'RAL 8020 Tan (Gelbbraun)', '#a98469', 'Matt', None], ['61080', 'RAL 7028 Mustard', '#927646', 'Matt', None], ['61084', 'RAL  6007 Gr├╝n', '#073207', 'Matt', None], ['61085', 'RAL 1001 Ivory', '#d6c18a', 'Matt', None], ['61087', 'RAL 1006 Yellow', '#e49401', 'Matt', None], ['61088', 'RAL 3000 Red', '#c53431', 'Matt', None], ['61089', 'RAL 9001 Cream White', '#e5dbcf', 'Matt', None], ['61090', 'RAL 9002 White', '#e7ebda', 'Matt', None], ['61091', 'Imperial Road Gray', '#2d363b', 'Matt', None], ['61092', 'Imperial Red', '#ce3f37', 'Matt', None], ['61093', 'Mouse gray', '#6e6e64', 'Matt', None], ['61095', 'RAL 3011 Braunrot', '#721619', 'Matt', None], ['61096', 'RAL 7015 Schiefergrau', '#4a5159', 'Matt', None], ['61097', 'RAL 7038 Achatgrau', '#aaaaa2', 'Matt', None], ['61098', 'RAL 7035 Lichtgrau', '#b9bfbb', 'Matt', None], ['61099', 'RAL 8012 Rotbraun', '#5a2a26', 'Matt', None], ['61100', 'Dark Gray 51', '#72838d', 'Matt', None], ['61101', 'Light Gray 50', '#89929b', 'Matt', None], ['61102', 'Dark Gray', '#767a7b', 'Matt', None], ['61103', 'Schiffsbodenfarbe III Grau', '#2d363b', 'Matt', None], ['62000', 'FS31136 Marking Red', '#8c131a', 'Matt', None], ['62001', 'FS33538 Pale Gold', '#eb9a00', 'Matt', None], ['62002', 'FS34079 Dark Green', '#444331', 'Matt', None], ['62003', 'FS34102 Light Green', '#505034', 'Matt', None], ['62004', 'FS34151 Silk Olive Green', '#605d28', 'Matt', None], ['62005', 'FS34227 Pale Green', '#65785a', 'Matt', None], ['62006', 'FS15044 Insignia Blue', '#12202d', 'Matt', None], ['62009', 'FS36231 Dark Gull Gray', '#777d7d', 'Matt', None], ['62014', 'FS36440 Light Gull Gray', '#b8b5ac', 'Matt', None], ['62019', 'FS 34138 Lox Green', '#fff', 'Matt', None], ['62021', 'FS30219 Dark Tan', '#8e6f5a', 'Matt', None], ['62023', 'FS36622 Camouflage Gray', '#bdbfb4', 'Matt', None], ['62024', 'FS30277 Sand for armor', '#90816a', 'Matt', None], ['62026', 'FS33531 Sand', '#cbb8a7', 'Matt', None], ['62028', 'FS36270 Neutral Gray', '#778183', 'Matt', None], ['62029', 'FS34087 Olive Drab', '#443c27', 'Matt', None], ['62030', 'FS36320 Dark Ghost Gray', '#88969f', 'Matt', None], ['62032', 'FS36375 Light Ghost Gray', '#929fa8', 'Matt', None], ['62033', 'ANA613 Olive Drab', '#3e3828', 'Matt', None], ['62034', 'Yellow Chromate', '#c19413', 'Matt', None], ['62036', 'Yellow Chromate 2 (faded)', '#988d3d', 'Matt', None], ['62037', 'ANA612 Medium Green', '#4d4828', 'Matt', None], ['62038', 'ANA618 Neutral Gray', '#555d60', 'Matt', None], ['62040', 'FS36118 Gunship Gray', '#323941', 'Matt', None], ['62041', 'FS34092 Euro 1 Green', '#364c40', 'Matt', None], ['62042', 'FS35042 Sea Blue', '#1f262c', 'Matt', None], ['62043', 'FS35327 Medium Gray Blue', '#6c7d84', 'Matt', None], ['62044', 'FS30257 Wood', '#b08153', 'Matt', None], ['62045', 'FS30118 Dark Earth', '#6b5530', 'Matt', None], ['62046', 'FS34064 Dark Olive Green', '#373328', 'Matt', None], ['62047', 'FS34201 SAC Bomber Tan', '#81806b', 'Matt', None], ['62048', 'FS15056 Blue', '#022b69', 'Matt', None], ['62049', 'FS34088 Olive Drab', '#645840', 'Matt', None], ['62050', 'FS35164 Intermediate Blue', '#536a78', 'Matt', None], ['62051', 'FS34095 Forest Green', '#424122', 'Matt', None], ['62052', 'FS36099 Dark Gray', '#334249', 'Matt', None], ['62059', 'Khaki - 3 dark green', '#383d37', 'Matt', None], ['62064', 'ANA621 Dark Gull Gray', '#797a7c', 'Matt', None], ['62068', 'Deck Blue 20B Revised', '#424c55', 'Matt', None], ['62069', 'Flight-Deck Stain 21', '#556b79', 'Matt', None], ['62072', 'FS36173 Neutral Gray', '#6b767c', 'Matt', None], ['62073', 'FS35630 Light Gray', '#d4d3ce', 'Matt', None], ['62075', 'FS34424 Green', '#a7a78f', 'Matt', None], ['63000', 'AMT-1 Light Brown', '#6b6451', 'Matt', None], ['63001', 'AMT-4 Green Protective', '#433f1b', 'Matt', None], ['63002', 'AMT-7 Blue', '#59838f', 'Matt', None], ['63003', 'Olive green', '#676044', 'Satin', None], ['63004', 'Blue-green (faded)', '#00646c', 'Matt', None], ['63005', 'Emerald Green', '#007e69', 'Matt', None], ['63006', 'Emerald Green (Faded)', '#108372', 'Matt', None], ['63007', 'Green (faded)', '#54634c', 'Matt', None], ['63008', 'Blue', '#80b5cf', 'Matt', None], ['63009', 'Light olive', '#78715e', 'Satin', None], ['63010', 'Radio-transparent Gray (faded)', '#414246', 'Matt', None], ['63011', 'Green Protective', '#3d3920', 'Matt', None], ['63012', 'Violet - Brown (Faded)', '#5b4d45', 'Matt', None], ['63013', 'Green (Faded)', '#524f38', 'Matt', None], ['63014', 'Sand (Faded)', '#705947', 'Matt', None], ['63015', 'Lemon Gray (Faded)', '#c8bf6a', 'Matt', None], ['63016', 'Blue (Faded)', '#81b4c8', 'Matt', None], ['63017', 'Green', '#484427', 'Matt', None], ['63018', 'A II Z. Green Protective', '#343312', 'Matt', None], ['63019', 'Olive Green', '#544b2c', 'Matt', None], ['63020', '4 BO Protective Dark Green', '#544f30', 'Matt', None], ['63021', 'Green-protective (faded)', '#403926', 'Matt', None], ['63022', 'Light Green', '#57674c', 'Matt', None], ['63023', 'Gray-Blue', '#809296', 'Matt', None], ['63024', 'Dark Green', '#383021', 'Matt', None], ['63025', 'Reddish', '#864809', 'Matt', None], ['63026', 'Dark Brown', '#382820', 'Matt', None], ['63027', 'Yellow-Brown (faded)', '#775a3c', 'Matt', None], ['63029', 'Dark gray (faded) camouflage patches', '#4f686f', 'Matt', None], ['63030', 'Gray-Blue (faded)', '#406f83', 'Matt', None], ['63031', 'Blue (faded)', '#5791a7', 'Matt', None], ['63032', 'Blue (faded)', '#008bc0', 'Matt', None], ['63033', 'Blue (faded)', '#63b8cc', 'Matt', None], ['63034', 'Pale Blue (faded)', '#c1deda', 'Matt', None], ['63035', 'Light Blue (Faded)', '#b4d9e9', 'Matt', None], ['63036', 'Light Gray (Faded)', '#92a1a4', 'Matt', None], ['63037', 'Bright Blue (faded)', '#3db6cb', 'Matt', None], ['63038', 'Bright Blue (faded)', '#009099', 'Matt', None], ['63039', 'Turquoise (faded)', '#016563', 'Matt', None], ['63040', 'A-14 Steel Grey (Faded)', '#5b6161', 'Matt', None], ['63041', 'A II KR. Red (Faded)', '#a72618', 'Matt', None], ['63042', 'A II G. Blue (Faded)', '#6a9294', 'Matt', None], ['63043', 'AMT-6 Black', '#1b1c1e', 'Matt', None], ['63044', 'AMT-11 Grey - Blue', '#3f4d50', 'Matt', None], ['63045', 'AMT-12 Dark - Grey', '#303636', 'Matt', None], ['63046', 'Blue (faded)', '#79a7b6', 'Matt', None], ['63047', 'Gray (faded)', '#89877a', 'Satin', None], ['63048', 'Green (faded)', '#535540', 'Satin', None], ['63049', 'Gray-Blue (faded)', '#7e979e', 'Satin', None], ['63050', 'Black-Brown', '#312c29', 'Matt', None], ['63051', 'Light Gray (Faded)', '#9d9f9c', 'Matt', None], ['63052', 'Pale Sand (faded)', '#b69c61', 'Matt', None], ['63053', 'Pale Brown (faded)', '#846d4b', 'Matt', None], ['63054', 'Pale green (faded)', '#888671', 'Metallic', None], ['63055', 'Green', '#646637', 'Matt', None], ['63057', 'Yellow (faded)', '#857659', 'Matt', None], ['63058', 'Red (faded)', '#8a090e', 'Matt', None], ['63059', 'Gray(faded)', '#868f94', 'Matt', None], ['63060', 'Green (Faded)', '#516643', 'Matt', None], ['63062', 'Yellow - Grey (Faded)', '#af9471', 'Matt', None], ['63063', 'Protective (faded)', '#4a4122', 'Matt', None], ['63064', 'Bright Blue (faded)', '#0175b2', 'Matt', None], ['63065', 'Blue (faded)', '#3391b3', 'Matt', None], ['63066', 'Gray-Blue (faded)', '#528090', 'Matt', None], ['63068', 'Gray (faded)', '#516a6e', 'Matt', None], ['63069', 'Gray-Blue (faded)', '#496c72', 'Matt', None], ['63070', '3B Protective Dark Green (faded)', '#2e2a1e', 'Matt', None], ['63071', 'Blue Gray (Dope - Faded)', '#93a099', 'Matt', None], ['63072', 'A-18 Blue (Faded)', '#7b8a83', 'Matt', None], ['63073', 'A-19 Green (faded)', '#4c502d', 'Matt', None], ['63074', 'A-13 Red (Faded)', '#9e341c', 'Matt', None], ['63075', 'Khaki-Dirty Yellow', '#83663e', 'Matt', None], ['63077', 'Khaki Gray-Green', '#564b2f', 'Matt', None], ['63078', '3B-Protective Dark Green (faded)', '#332f23', 'Matt', None], ['63079', 'A-21m Light Brown', '#827564', 'Matt', None], ['63080', 'Sand', '#745c4a', 'Matt', None], ['63081', 'Yellow Green', '#876c35', 'Matt', None], ['63082', 'Sand', '#866b4e', 'Matt', None], ['63083', 'Brown', '#5f4e3e', 'Matt', None], ['63084', 'Brown-Green', '#615733', 'Matt', None], ['63085', 'Mustard', '#483d10', 'Matt', None], ['63086', 'Green', '#504c27', 'Matt', None], ['63087', 'Gray-Green', '#58523a', 'Matt', None], ['63088', 'Dark Blue', '#071321', 'Matt', None], ['63089', 'Light Cream', '#fefde1', 'Matt', None], ['63090', 'green-Protective (faded)', '#453f27', 'Matt', None], ['63091', 'Blue-green (faded)', '#214038', 'Matt', None], ['63092', 'Light Gray (Faded)', '#7c8389', 'Matt', None], ['63093', 'Gray-Green (faded)', '#667572', 'Matt', None], ['63094', 'Black-Brown', '#3e3a37', 'Matt', None], ['63096', 'Beige', '#9d8f84', 'Matt', None], ['63097', 'Sand', '#7c6b57', 'Matt', None], ['63098', 'Brown', '#5e4c42', 'Matt', None], ['63099', 'Green', '#86805e', 'Matt', None], ['63100', 'Red-Brown', '#945532', 'Matt', None], ['63101', 'White camouflage patches Su30mkk, Su-35', '#d6d3ce', 'Matt', None], ['63105', 'Gray (faded)', '#777b7c', 'Matt', None], ['63117', 'Coal Varnish (Marine Grade)', '#353533', 'Varnish', None], ['63118', 'Red-Orange', '#fff', 'Gloss', None], ['63120', '6K Dark Brown', '#382720', 'Matt', None], ['63121', '7K Yellow Sand', '#7f6f55', 'Matt', None], ['63122', '4 BO protective (from 1941 to 1952)', '#fff', 'Matt', None], ['63125', 'B-White Camouflage Color', '#eeeadf', 'Matt', None], ['63129', 'Sand', '#8b7055', 'Matt', None], ['63130', 'A-26m Black', '#060503', 'Matt', None], ['63132', 'Gray-Brown (top and sides of aircraft)', '#7f725f', 'Matt', None], ['63135', 'Yellow-Green (top and side surfaces of aircraft)', '#8c6f33', 'Matt', None], ['63136', 'MK-7 White', '#e5e8e3', 'Matt', None], ['63138', 'Dark Green (top and sides of aircraft)', '#393222', 'Matt', None], ['63139', 'Dark Brown (top and side surfaces of aircraft)', '#392821', 'Matt', None], ['63140', 'Yellow Sand for Su-25', '#c3a77f', 'Matt', None], ['63144', 'Light Blue', '#a1c3c4', 'Matt', None], ['63145', 'Gray-blue interior of the cockpit of Su-25 (after 2006)', '#658695', 'Matt', None], ['63146', 'White Radio-Transparent', '#f0ece1', 'Matt', None], ['63154', 'Gray-Blue (faded)', '#2e5260', 'Matt', None], ['63155', 'Gray', '#868686', 'Matt', None], ['63157', 'Light Gray', '#fff', 'Matt', None], ['63158', 'Grey-Blue', '#fff', 'Matt', None], ['63159', 'Grey-Blue, Dark', '#fff', 'Matt', None], ['63163', 'Pale Blue', '#94bfcf', 'Matt', None], ['63164', 'Blue', '#00a6ca', 'Matt', None], ['63165', 'Su-33 Gray-blue dark camouflage patches', '#015e70', 'Matt', None], ['63166', 'Dark Gray Eggplant', '#495058', 'Matt', None], ['63167', 'Gray camouflage spots-2 Su-27cm, Su-30M, Su 35C, Yak-130', '#66a5b7', 'Matt', None], ['63168', 'Gray Su-27cm, Su-30M, Su-35C, Yak-130', '#a3c9d6', 'Matt', None], ['63169', 'Gray camouflage spots-1 Su-27cm, Su-30M, Su 35C, Yak-130', '#95b0bb', 'Matt', None], ['63170', 'Blue the lower surfaces of the aircraft Su-25, 32/34', '#98c7d1', 'Matt', None], ['63171', 'Gray (factory color) for Yak-130', '#c8bfe7', 'Matt', None], ['63172', 'Dark gray upper surfaces of Yak-130', '#6c757c', 'Matt', None], ['63173', 'Pale Cream', '#e7d4b6', 'Matt', None], ['63174', 'Pale Sand', '#d9c296', 'Matt', None], ['63175', 'Yellow-Brown', '#8d5c31', 'Matt', None], ['63176', 'Red-Brown', '#592925', 'Matt', None], ['63177', 'Yellow-Olive', '#413a2a', 'Matt', None], ['63178', 'AMT-10', '#143f45', 'Matt', None], ['63179', 'Gray-green', '#484e44', 'Matt', None], ['63190', 'Light blue (from 2019) Su-30cm Su-35', '#fff', 'Gloss', None], ['63191', 'Blue (from 2019), Camouflage spots: Su-30cm, Su-35', '#fff', 'Gloss', None], ['63192', 'Grey (from 2019) Camouflage spots, Su-30cm, Su-35', '#fff', 'Gloss', None], ['63193', 'Light blue (Mig-35)', '#fff', 'Matt', None], ['63194', 'Blue (Mig-35)', '#fff', 'Matt', None], ['63201', 'Light blue', '#fff', 'Gloss', None], ['63203', 'Dark Turquoise (338)', '#1c3532', 'Matt', None], ['63300', 'Blue', '#206187', 'Matt', None], ['63301', 'Light Grey - Subway Cars (Mosgortrans)', '#c5cac6', 'Matt', None], ['63302', 'Red Mosgortrans', '#c3322d', 'Matt', None], ['63303', 'Blue', '#0079b0', 'Matt', None], ['63304', 'Yellow', '#fed428', 'Matt', None], ['63305', 'Black', '#030200', 'Matt', None], ['63306', 'Light Grey - Russian Railways (from 2010)', '#fff', 'Gloss', None], ['63307', 'Grey - Russian Railways (from 2010)', '#fff', 'Gloss', None], ['63308', 'Dark Grey - Russian Railways (from 2010)', '#fff', 'Gloss', None], ['65001', 'Black-Green', '#193529', 'Matt', None], ['65004', 'Ash (yellowish)', '#979983', 'Matt', None], ['65014', 'Black-Blue MAtte', '#13181e', 'Matt', None], ['65024', 'Orange', '#c9481e', 'Matt', None], ['65025', 'Lemon-Orange', '#ea771a', 'Matt', None], ['65030', 'Light Green', '#95916e', 'Matt', None], ['65031', 'Bamboo Green', '#407034', 'Matt', None], ['65057', 'Army Yellowish-Brown', '#68593c', 'Matt', None], ['66000', 'Aluminium Matt', '#abafb0', 'Metallic', None], ['66001', 'Aluminium Semi-Matt', '#9b9fa2', 'Metallic', None], ['66002', 'Gold', '#986b30', 'Metallic', None], ['66003', 'Copper', '#843e25', 'Metallic', None], ['66004', 'Bright Aluminium', '#8f9092', 'Metallic', None], ['66006', 'Red Rust', '#765b48', 'Matt', None], ['66007', 'Bright Alloy Steel', '#958f83', 'Metallic', None], ['66008', 'Alloy Steel (old)', '#867764', 'Metallic', None], ['66009', 'Titanium Bright', '#868978', 'Metallic', None], ['66010', 'Very Bright Aluminium', '#6f7072', 'Metallic', None], ['66011', 'Bronze', '#a06845', 'Metallic', None], ['66012', 'Rust Brown', '#453528', 'Matt', None], ['66013', 'Crown Steel New', '#1f1e1c', 'Metallic', None], ['66014', 'Gray Steel Dull', '#7b7b7b', 'Metallic', None], ['66015', 'Burnt Metal Golden Smoky', '#565249', 'Metallic', None], ['66016', 'Burnt Metal Golden Gray', '#93876d', 'Metallic', None], ['66017', 'Burned metal (annealing): Grey purple', '#646579', 'Metallic', None], ['66018', 'Burned metal (annealing): Brown-cherry', '#827681', 'Metallic', None], ['66019', 'Burnt Metal Bright Lemon Green', '#667741', 'Metallic', None], ['66020', 'Burnt Metal Bright Blue-Green', '#1b6f5f', 'Metallic', None], ['66021', 'Burnt Gold Metal', '#82684d', 'Metallic', None], ['66022', 'Burnt Metal Red-Brown', '#483b35', 'Metallic', None], ['66023', 'Burned metal: black and brown', '#443f3b', 'Metallic', None], ['66024', 'Green-Yellow protective coating of steel', '#6e6522', 'Matt', None], ['66025', 'Bright Brass', '#cdb378', 'Matt', None], ['66026', 'Dark oxidized brass', '#988a5d', 'Matt', None], ['66027', 'Bright Copper', '#e0ae93', 'Matt', None], ['66028', 'Armory steel bright gray very old, worn', '#77787a', 'Metallic', None], ['66029', 'Aged Steel', '#2a2a2a', 'Metallic', None], ['66030', 'Stainless Steel', '#6a6964', 'Metallic', None], ['66031', 'Anodized Steel Light Yellowish', '#958665', 'Metallic', None], ['66032', 'Alloy Steel Brownish Gray', '#6a6762', 'Metallic', None], ['66033', 'Polished Steel very Bright Dark Gray', '#646464', 'Metallic', None], ['66034', 'Bright steel gray', '#c3c3c1', 'Metallic', None], ['66035', 'Dark copper', '#ca8365', 'Matt', None], ['66036', 'Dark bronze', '#757046', 'Matt', None], ['66037', 'Greenish - gold', '#b59834', 'Matt', None], ['66038', 'Saturated golden', '#ca8b2a', 'Matt', None], ['66039', 'Saturated golden', '#c99434', 'Matt', None], ['66040', 'Dark red copper', '#952c16', 'Matt', None], ['66100', 'Fluorescent Light Green', '#00d41a', 'Fluo', None], ['66101', 'Fluorescent Orange-Yellow', '#fe7e00', 'Fluo', None], ['66102', 'Fluorescent Raspberry', '#fd111b', 'Fluo', None], ['66103', 'Fluorescent Red', '#fe2307', 'Fluo', None], ['66108', 'Fluorescent Protective', '#766c17', 'Fluo', None], ['66204', 'Bright Aluminium Mirror', '#8e8f93', 'Metallic', None], ['66208', 'Alloy Steel Mirror', '#8c7d6a', 'Metallic', None], ['66209', 'Bright Titanium Mirror', '#887f76', 'Metallic', None], ['66300', 'Chrome Mirror', '#575757', 'Metallic', None], ['66400', 'Iridescent Blue', '#6e869e', 'Metallic', None], ['66401', 'Iridescent Red', '#967c87', 'Metallic', None], ['66402', 'Iridescent Green', '#8a9ca0', 'Metallic', None], ['66403', 'Iridescent Reddish Blue', '#8b8591', 'Metallic', None], ['66404', 'Iridescent Golden Red', '#976e80', 'Metallic', None], ['66405', 'Iridescent Smoky Red Violet', '#3f2c32', 'Metallic', None], ['66406', 'Iridescent Smoky Blue Violet', '#312e43', 'Metallic', None], ['66407', 'Iridescent Smoky Dark Bronze', '#4f402b', 'Metallic', None], ['66408', 'Iridescent Smoky Blue', '#263d4d', 'Metallic', None], ['66409', 'Iridescent Smoky Light Green', '#3d4538', 'Metallic', None], ['66410', 'Iridescent White', '#d3d4b5', 'Matt', None], ['66411', 'White silky micro-pearl', '#fcfbe6', 'Matt', None], ['67010', 'Dark Gray-Blue', '#5f686d', 'Matt', None], ['67011', 'Light Blue Gray', '#8f9498', 'Matt', None], ['67019', 'Beige Satin', '#cab8aa', 'Matt', None], ['67020', 'Green', '#3e3725', 'Matt', None], ['67021', 'Khaki Green', '#464030', 'Matt', None], ['67026', 'Green Satin', '#54544c', 'Matt', None], ['67027', 'French Army Beige', '#a78c79', 'Matt', None], ['67030', 'Light Gray', '#b2b8b4', 'Matt', None], ['67032', 'Brown', '#794843', 'Matt', None], ['67087', 'White faded', '#d4ccbf', 'Matt', None], ['67102', 'FS36270 Medium Gray', '#858a8d', 'Matt', None], ['67103', 'FS36320 Dark Compass Ghost Gray', '#818e96', 'Matt', None], ['67104', 'FS35237 Gray Blue', '#687981', 'Matt', None], ['67105', 'FS35675 Light Compass Ghost Gray', '#959fa8', 'Matt', None], ['67108', 'FS36622 Gray', '#bebeb4', 'Matt', None], ['67109', 'FS30219 Tan', '#907059', 'Matt', None], ['67110', 'FS34102 Light Green', '#4b4b2f', 'Matt', None], ['67111', 'FS34079 Forest Green', '#444130', 'Matt', None], ['67200', 'Blue', '#0078ad', 'Matt', None], ['67201', 'Blue', '#01598b', 'Matt', None], ['67202', 'Blue', '#0082b4', 'Matt', None], ['67203', 'Gray', '#8b969c', 'Matt', None], ['67204', 'Gray Radio Transparent', '#70828c', 'Matt', None], ['67205', 'Medium Gray', '#777c80', 'Matt', None], ['67206', 'Light Gray', '#c1c5c8', 'Matt', None], ['67207', 'Gray (Background-Top)', '#8f9297', 'Matt', None], ['67208', 'Dark Gray', '#464e50', 'Matt', None], ['67209', 'Gray', '#edeae3', 'Matt', None], ['67300', 'Sand (Iranian Airforce)', '#b78d63', 'Matt', None], ['67301', 'Green camouflage patches on Iranian Air Force (IIAF, IRIAF)', '#323d35', 'Matt', None], ['67302', 'Brown: Camouflage spots on Iranian Air Force (IIAF, IRIAF)', '#665247', 'Matt', None], ['67303', 'Light gray: bottom on Iranian Air Force (IIAF, IRIAF)', '#cbcdc0', 'Matt', None], ['67304', 'Gray on the MiG-29 9.12B and 9.51 Iranian Air Force', '#9e9882', 'Matt', None], ['67305', 'Gray-blue on the MiG-29 9.12B and 9.51 Iranian Air Force', '#476e7d', 'Matt', None], ['67306', 'Blue on the MiG-9 9.12B and 9.51VBC Iran', '#62b7cb', 'Matt', None], ['68006', 'Ocher-Orange Semi-Gloss', '#a9632f', 'Satin', None], ['68007', 'Ocher-Yellow Semi Gloss', '#ba7e36', 'Satin', None], ['68008', 'Red Semi Gloss', '#ab0302', 'Satin', None], ['68009', 'Blue Semi Gloss', '#00293b', 'Satin', None], ['68010', 'Yellow Semi Gloss', '#ffb901', 'Satin', None], ['68011', 'Green Semi Gloss', '#07170c', 'Satin', None], ['68012', 'Herbal Green Semi Gloss', '#507152', 'Satin', None], ['68013', 'Brick Red Semi Gloss', '#75291b', 'Satin', None], ['68014', 'Earth Brown Semi Gloss', '#504a3e', 'Satin', None], ['68015', 'Purple Semi Gloss', '#150f11', 'Satin', None], ['68016', 'Orange Semi Gloss', '#cd3101', 'Satin', None], ['68017', 'Bordeaux Semi Gloss', '#3f0514', 'Satin', None], ['68020', 'Lemon Semi Gloss', '#eec700', 'Satin', None], ['68021', 'Yellow Semi Gloss', '#fdb000', 'Satin', None], ['68022', 'Dark Yellow Semi Gloss', '#f08a01', 'Satin', None], ['68023', 'Yellow-Orange Semi Gloss', '#e96c00', 'Satin', None], ['68024', 'Golden Orange Semi Gloss', '#cf4b00', 'Satin', None], ['68025', 'Light Ocher Semi Gloss', '#e49b32', 'Satin', None], ['68027', 'Natural Sienna Semi Gloss', '#ae6717', 'Satin', None], ['68042', 'Light Violet Semi Gloss', '#976ba0', 'Satin', None], ['68043', 'Saturated Violet Semi Gloss', '#4e4584', 'Satin', None], ['68057', 'Japanese Light Green Semi Gloss', '#048028', 'Satin', None], ['68070', 'Standard White Semi Gloss', '#fff', 'Satin', None], ['68071', 'Standard Black Semi Gloss', '#070604', 'Satin', None], ['68072', 'Transparent Base Semi Gloss', '#fff', 'Satin', None], ['68074', '4BO Light Ocher Semi Gloss', '#d39242', 'Satin', None], ['68102', 'New Blue', '#01346b', 'Matt', None], ['68104', 'Light Gray', '#b9beba', 'Matt', None], ['68245', 'Rust', '#fff', 'Matt', None], ['69000', 'Body Beige', '#e0bc9c', 'Matt', None], ['69001', 'Body Pink-Cream', '#b68d7b', 'Matt', None], ['69002', 'Flesh-Cream', '#c7a28f', 'Matt', None], ['69003', 'Body-Light Cream Pink', '#bd9482', 'Matt', None], ['69006', 'Body Medium Golden Tan', '#9e7d6e', 'Matt', None], ['69007', 'Body Dark Cream', '#b49382', 'Matt', None], ['69014', 'Soot, Carbon Black', '#0d0908', 'Matt', None], ['69015', 'Old Grass', '#52623d', 'Matt', None], ['69018', 'Dark Clay Damp', '#705041', 'Matt', None], ['69021', 'Brick Red', '#a06047', 'Matt', None], ['69023', 'Light Yellow Wood', '#dcc7aa', 'Matt', None], ['69024', 'Old Yellow Gray Wood', '#c8996f', 'Matt', None], ['69029', 'Dust Gray Yellow', '#ae9e84', 'Matt', None], ['69034', 'Brown Dry Earth', '#6f5e4e', 'Matt', None], ['69036', 'Sheepskin Pale Yellow', '#bba689', 'Matt', None], ['69038', 'Sheep Wool Dark Brown', '#332927', 'Matt', None], ['69039', 'Army Overcoat Light Beige', '#766a5c', 'Matt', None], ['69040', 'Yellow Wood, Varnished', '#bc7b29', 'Varnish', None], ['69041', 'Rubbed Skin, Dark Brown', '#3a291f', 'Matt', None], ['69042', 'New rubber', '#1b191a', 'Satin', None], ['69043', 'Old Rubber Dark - Grey', '#282c2d', 'Matt', None], ['69044', 'Dark Stone', '#494a44', 'Matt', None], ['69045', 'Yellow River Sand', '#9c7651', 'Matt', None], ['69046', 'Brown-Yellow', '#8c5b30', 'Matt', None], ['69047', 'Yellow-Brown', '#d6a972', 'Matt', None], ['69048', 'Light Gray', '#d9d4d1', 'Matt', None], ['83073', 'A-19 Green (faded)#4c502d', '#4c552d', 'Matt', None], ['68073', 'Paint Thinner', '#fff', 'Thinners', None], ['81052', 'RLM 27 Yellow', '#fff', 'Matt', None], ['81075', 'Primer red-brown (faded)', '#74453d', 'Matt', None], ['83004', 'Blue-Green', '#fff', 'Matt', None], ['83028', 'Grey  (faded)', '#fff', 'Matt', None], ['88001', 'Semi gloss white', '#fff', 'Satin', None], ['89042', 'tire black', '#fff', 'Matt', None], ['47001', 'RAF, WWII 1939-1941', '#292a2c', None, None], ['47003', 'RAF in Africa, 1941-1944', '#292a2c', None, None], ['47004', 'Daytime Fighter, RAF, WWII 1941-45', '#759f91', None, None], ['47006', 'RFC/RNAS/RAF, Great War 1914-18', '#93abab', None, None], ['47007', 'RFC/RNAS/ RAF Great War 1914-1918', '#93abab', None, None], ['47101', 'Luftwaffe WWII, 1939 - 1941', '#292a2c', None, None], ['47102', 'Luftwaffe WWII, 1943-1945', '#5f4d43', None, None], ['47103', 'Luftwaffe Kriegsmarine WWII', '#2f3438', None, None], ['47104', 'German Auto/Moto/AFV WWII', '#50553f', None, None], ['47105', 'Wehrmacht Uniform WWII', '#776455', None, None], ['47106', 'Luftwaffe WWII 1941-43', '#efc800', None, None], ['47107', 'Kriegsmarine 1910-1918', '#1f2022', None, None], ['47108', 'Kriegsmarine 1933-1945', '#7d2323', None, None], ['47109', 'German Steam Locomotives 1939-1945', '#1f2022', None, None], ['47110', 'Tiger Tank', '#50553f', None, None], ['47201', 'US Navy 1941-1950', '#f5f5f5', None, None], ['47202', 'US Air Force Vietnam War', '#55584d', None, None], ['47203', 'Modern USAF Low visibility Scheme', '#f5f5f5', None, None], ['47204', 'US Aircraft - WW2', '#f5f5f5', None, None], ['47205', 'US Aircraft F-16 Teamwork Part 1', '#f5f5f5', None, None], ['47206', 'US Aircraft F-16 Teamwork Part 2', '#efebe8', None, None], ['47207', 'US Navy Aircraft - F-18', '#f5f5f5', None, None], ['47301', '6 Colors: Modern Russian Air Force: Su-27', '#4f747c', None, None], ['47302', 'Russian Carrier Aircraft Su-25UTG, Su-39', '#016aae', None, None], ['47303', 'Russian Helicopters', '#292a2c', None, None], ['47304', 'USSR Soldiers Uniforms WWII - 21st century', '#1f2022', None, None], ['47305', 'USSR Aviation of WWII 1941-43', '#646a6a', None, None], ['47306', 'USSR Aviation of WWII, 1943-45', '#2d2e30', None, None], ['47307', 'USSR Auto/Moto/AFV, WWII', '#6a6442', None, None], ['47308', 'USSR, Russia Auto/Moto/AFV', '#292a2c', None, None], ['47309', 'Modern Russian aviation: SU-32/34', '#005d65', None, None], ['47310', 'Modern Russian Aviation: MiG-29/CMT/KUB/UB', '#51553e', None, None], ['47311', 'Russ. Imp. Air Service and Soviet AF, 1914 -1941', '#6d969c', None, None], ['47312', 'Modern Russian Aviation: SU-27PU, 30PK, 35-1', '#efebe8', None, None], ['47313', '6 Colors: Modern Russian Aviation: SU-30MKK, 35-2', '#dee0df', None, None], ['47314', 'USSR Air Force (1978-1989): Su-25;-17; MiG-21;-23;-25;-27', '#03877c', None, None], ['47316', '6 Colors: SovietAF(1978-1989)MiG-21,23,25R,25RB,27, Su17,22', '#007e72', None, None], ['47317', 'Il-2: Assault Aviation of the USSR of WWII 1943- 45', '#2d2e30', None, None], ['47318', "Combat AFV's, USSR, 1930 -1945", '#504527', None, None], ['47319', 'Modern Russian aviation: Su-30 MKI', '#4f747c', None, None], ['47320', '6 Colors: Modern Russian Aviation: SU-25 after 2006', '#978271', None, None], ['47321', '6 Colors: Modern Russian AF Su-27 "Russian Knights"', '#4f747c', None, None], ['47322', '6 Colors: Modern Russian Aviation: SU-37', '#9c000b', None, None], ['47323', 'USSR - Russian Deck Aviation Yak 36/38/41m', '#efebe8', None, None], ['47324', 'Modern Aircraft Russia: T-50 PAK FA', '#4f747c', None, None], ['47325', 'Modern Russian Air Force: SU-27SM', '#4f747c', None, None], ['47326', 'Russian Carrier Aircraft - Su-33', '#4f747c', None, None], ['47327', 'Soviet Navy: Sea of \u200b\u200bOkhotsk, Sea of \u200b\u200bJapan (N), Baltic (S', '#666c6c', None, None], ['47328', 'Soviet Navy: Black Sea, the Sea of \u200b\u200bJapan (S)', '#485156', None, None], ['47329', 'The Soviet Navy: Barents Sea', '#686e6e', None, None], ['47330', 'The Soviet Navy: Baltic Sea (Northern part)', '#626b68', None, None], ['47331', 'The Imperial Russian Navy: 1903-1908', '#f5f5f5', None, None], ['47332', '100 Years of Air Force: SU-27SM', '#4f747c', None, None], ['47333', '100 Years of Air Force: SU-25/32-34', '#82949e', None, None], ['47334', '100 Years of Air Force: Yak-130', '#f5f5f5', None, None], ['47335', '100 Years of Air Force: Helicopters', '#9c000b', None, None], ['47336', '100 Years of Air Force: MiG-25, MiG-31 and MiG-23, Early', '#1f2022', None, None], ['47337', '100 Years of Air Force: Tu-160, Tu-95 and Tu-22M3', '#f5f5f5', None, None], ['47338', '100 Years of Russian Air Force: Missile and Bomb Armament', '#1f2022', None, None], ['47339', '100 Years of the Russian Air Force: IL-76', '#1f2022', None, None], ['47340', '"Terminator" (BMPT) Splinter Camouflage (Option1)', '#9c000b', None, None], ['47341', '"Terminator" (BMPT) Splinter Camouflage (Option 2)', '#9c000b', None, None], ['47342', '"Terminator" (BMPT) Splinter Camouflage (Option 3)', '#9c000b', None, None], ['47343', 'T-90 & Others, Russian Armour Since 1991', '#1f2022', None, None], ['47344', 'Aviation of the USSR - the MiG-29 9-13', '#a89584', None, None], ['47345', 'Modern Russian aircraft - MiG-29 9-19', '#dee0df', None, None], ['47346', 'Modern Russian aircraft - MiG-29 9-19', '#dee0df', None, None], ['47352', 'IS-7 (1945 - 1947) ARK model #35011', '#755b4e', None, None], ['47353', 'Russian SU-27 (Belbek and others: 2015-2016)', '#dee0df', None, None], ['47357', 'Aviation of the USSR 1978 - 1989: Su - 22', '#8b9a97', None, None], ['47358', 'Aviation of the USSR 1978 - 1989: Su - 22', '#8b9a97', None, None], ['47360', 'Modern Russian Air Force T-50-9 Pak Fa', '#4f747c', None, None], ['47367', 'Aviation of the USSR: MiG-15; 17', '#007e72', None, None], ['47701', 'Greek Air Force Part 1 - Aegean Ghost', '#808082', None, None], ['47702', 'Greek Air Force Part 2 - Naval and Desert Camouflage', '#7b5f51', None, None], ['47710', 'Su-27, Ukrainian Air Force, Digital Camouflage', '#1d508f', None, None], ['47711', 'Su-25, Ukrainian Air Force, Digital Camouflage', '#77848a', None, None], ['47720', 'Modern Finnish Army: Armored vehicles,cars and eqpt.', '#292a2c', None, None], ['47730', 'in Czechoslovak (Czech and Slovak post 1992) Service', '#8b9a97', None, None], ['47731', 'MiG-29 (early), Czech & Slovak', '#007e72', None, None], ['47732', 'MiG-29 (late), Czech & Slovak', '#5a5458', None, None], ['47750', 'Mirage 2000, French Air Force', '#f5f5f5', None, None], ['47760', 'F-4E, F-4A, F-14A, F-5E of the Iranian Air Force', '#f5f5f5', None, None], ['47801', 'Standard Palette Number 1', '#f5f5f5', None, None], ['47802', 'Standard Palette Number 2', '#f5f5f5', None, None], ['47803', 'Standard Palette Number 3', '#f5f5f5', None, None], ['47812', 'Aeroflot Airline', '#033f75', None, None], ['47902', 'Sailing Vessels', '#1f2022', None, None], ['47903', 'Winter Uniform for Soldiers', '#1f2022', None, None], ['47904', 'Landscape - Dioramas', '#516740', None, None], ['47905', 'Additional set for AFV', '#7b8288', None, None], ['47996', 'Navy', '#292a2c', None, None], ['47997', 'Figures', '#1f2022', None, None], ['47998', 'Aviation', '#1f2022', None, None], ['47999', 'USSR Auto, Moto, Armored vehicles', '#1f2022', None, None], ['47347', 'WWII Soviet bomber and ground attack aircraft 1943-45', '#766d5c', None, None], ['47348', 'Pe-2, Pe-8, IL-4, Tu-2 bomber and ground attack', '#646a6a', None, None], ['47349', 'Bomber and Ground Attack USSR 06.1940 - 06.1941', '#b9261e', None, None], ['47350', 'Camouflage Experiments USSR aircraft 1939 - 1940', '#5a5639', None, None], ['47351', 'Russian Aviation: Yak-52 (ARK model #48016)', '#9c000b', None, None], ['47740', 'Kfir, F15i, F-16 Israeli Air Force - "Desert Camo from 1980"', '#f5f5f5', None, None], ['47741', 'A-4, F-4 Israeli Air Force - "Desert Camo from 1967"', '#f5f5f5', None, None], ['46320', '6 colors: Modern Russian Aviation SU-25 after 2006', '#fff', None, None], ['46321', '6 colors: Modern Russian Aviation SU-27 Russian Knights', '#fff', None, None], ['46322', '6 colors: Modern Russian Aviation SU-37', '#fff', None, None], ['46701', '6 Colors: Greek Air Force Fighter Aircraft', '#fff', None, None], ['46001', 'RAF - WWII 1939-41', '#1b191a', None, None], ['46002', '6 colors: RAF at WWII 1941-45', '#fff', None, None], ['46003', '6 colors: RAF at Africa 1941-44', '#fff', None, None], ['46004', 'RAF Day Fighter WWII, 1941-1945', '#94bfac', None, None], ['46006', 'RFC - WWI - 1914-1918', '#af9471', None, None], ['46007', '6 colors: Great War 1914-18', '#af9471', None, None], ['46101', '6 color: Luftwaffe WWII 1939-41', '#1b191a', None, None], ['46102', '6 colors: Luftwaffe WWII 1943-45', '#2c3135', None, None], ['46103', '6 colors: Marine Aviation Germany 2nd World War', '#696653', None, None], ['46104', '6 colors: German Auto, Moto, Armoured Vehicles 2nd World War', '#424632', None, None], ['46105', '6 colors: Wehrmacht soldiers uniforms of the 2nd World War', '#554a2e', None, None], ['46106', '6 colors: Luftwaffe WWII 1941-43', '#696653', None, None], ['46107', '6 colors: German Navy of the 1st World War 1910-18', '#721619', None, None], ['46108', 'German Navy of the 2nd World War 1933-45', '#721619', None, None], ['46109', 'Steam locomotives of Germany WWII', '#b3987a', None, None], ['46110', 'Tiger German Tank of WWII', '#424632', None, None], ['46111', '6 Colours: German aviation of the 2nd World War 1939-41', '#282c2d', None, None], ['46201', 'Marine and Deck Aviation of the USA 1941-50', '#eb9a00', None, None], ['46202', 'USAF, Vietnam War', '#444331', None, None], ['46203', 'Modern USAF - The scheme of low visibility', '#1b191a', None, None], ['46204', 'USA Air Force, WWII', '#1b191a', None, None], ['46301', 'Modern Russian Aviation SU-27', '#79a7b6', None, None], ['46302', 'Russian Aircraft Carrier Aviation SU-25UTG, SU-39', '#516643', None, None], ['46303', 'Russian Helicopters', '#676044', None, None], ['46304', 'Soldiers Uniforms of USSR, WWII', '#83663e', None, None], ['46305', 'Fighter Aircraft of USSR, WWII, 1941-43', '#433f1b', None, None], ['46306', 'Soviet Fighter Aircraft, WWII, 1943-45', '#59838f', None, None], ['46307', 'Auto/Moto/AFV of USSR, WWII', '#57674c', None, None], ['46308', 'Auto/Moto/AFV of USSR/Russia', '#1b191a', None, None], ['46309', 'Modern Russian Aviation SU-32/34', '#009099', None, None], ['46310', 'Modern Russian Aviation: MiG-29/CMT/KUB/UB', '#484427', None, None], ['46311', 'Soviet Aircraft from WWI until 1941', '#343312', None, None], ['46312', 'Modern Russian Aviation SU - 27 PU, 30 PK, 35-1', '#b69c61', None, None], ['46314', 'Soviet AF (1978-1989) Su: 25rb;rbv;17m4(22); MiG-21SMT bis', '#108372', None, None], ['46315', 'Aviation USSR (1978-89) MiG-21, 23, 25r, 25rb, 27,Su-17, 22,', '#108372', None, None], ['46316', 'Soviet AF (1978-1989) MiG-21, 23, 25r, 25rb, 27, Su-17, 22,', '#007e69', None, None], ['46317', 'IL-2 Ground Attack Aircraft of USSR, WWII, 1943-45', '#433f1b', None, None], ['46318', "AFV's of the USSR, 1930 - '45", '#4a4122', None, None], ['46319', 'Modern Russian Aviation SU-30 MKI', '#c1deda', None, None], ['46323', 'Deck Aviation, USSR, Yak-36/38/41m', '#282c2d', None, None], ['46324', 'Modern Aviation of Russia: T-50 PAK FA (2012-2013)', '#1b191a', None, None], ['46326', 'Russian Deck Aviation, Su-33', '#8a090e', None, None], ['46332', '100 years of the Air Force: Su-27SM, Su-30M, Su 35C, Yak-130', '#8a090e', None, None], ['46334', '100 years of the Air Force: Yak-130, new camouflage', '#1b191a', None, None], ['46336', '100 years of the Air Force: MiG-25, MiG-31 and MiG-23 early', '#414246', None, None], ['46337', '100 years of Air Force: Tu-160, Tu-95 and Tu-22M3', '#516643', None, None], ['46338', '100 years of the Air Force: aircraft armament', '#414246', None, None], ['46340', 'BMPT - Terminator, option 1', '#484427', None, None], ['46341', 'BMPT - Terminator, option 2', '#484427', None, None], ['46342', 'BMPT - Terminator, option 3', '#484427', None, None], ['46343', 'T-90 & Others, Russian Armor since 1991', '#1b191a', None, None], ['46344', '6 Colors: Aviation of the USSR - the MiG-29 9-13', '#fff', None, None], ['46350', 'Experiments on the camouflage of Soviet aircraft in 1939-44', '#544f30', None, None], ['46351', 'Aviation of Russia: Yak-52', '#282c2d', None, None], ['46352', 'IS-7 "breakthrough tank"', '#544f30', None, None], ['46353', 'Modern aviation in Russia: Su-27 (Belbek 2015-2016)', '#8a090e', None, None], ['46354', 'Deck aviation of the USSR - T10-K1', '#406f83', None, None], ['46355', 'Mosgortrans from 2016: Buses, trolleybuses, trams, shuttles', '#282c2d', None, None], ['46356', 'T-14 Armata at the Victory Parade in 2016', '#1b191a', None, None], ['46357', 'Aviation of the USSR in 1978-1989: Su - 22', '#516643', None, None], ['46358', 'Aviation of the USSR in 1978-1989: Su - 22', '#383021', None, None], ['46359', 'Naval aviation of the USSR since 1945', '#59838f', None, None], ['46360', 'Modern Russian aviation: T-50-9 PAK FA', '#4b146f', None, None], ['46364', 'Modern Russian Aviation, Su-30cm Airforce (from 2019)', '#646579', None, None], ['46365', 'Modern Russian Aviation, Su-30cm Navy (from 2019)', '#8a090e', None, None], ['46366', 'Modern Russian Aviation, Su-35 VVS (from 2019 KnAAZ)', '#1b191a', None, None], ['46367', 'USSR Aviation: MiG-15, 17', '#1b191a', None, None], ['46368', 'Fire Fighting Equipment', '#1b191a', None, None], ['46369', 'Road Machinery', '#1b191a', None, None], ['46370', 'Modern Aviation of Russia: MiG-35', '#414246', None, None], ['46371', '6 colours: Zil-130', '#1b191a', None, None], ['46372', 'MosGorTrans - Metro (from 2016)', '#206187', None, None], ['46373', 'Russian Railways (from 2010)', '#c5cac6', None, None], ['46375', 'Kamaz Typhoon-K', '#1b191a', None, None], ['46601', 'Piston Engine Exhausts', '#443f3b', None, None], ['46602', 'Jet Engine Nozzles (part 1)', '#827681', None, None], ['46603', 'Jet Engine Nozzles (part 2)', '#e5dbcf', None, None], ['46604', '6 shades of gold', '#cdb378', None, None], ['46605', '6 Mother of Pearl Shades', '#d3d4b5', None, None], ['46606', 'Aeroflot  2000-2012 (use with set 47812)', '#d3d4b5', None, None], ['46607', 'Panel Effect on Aircraft', '#77787a', None, None], ['46608', 'Panel Effect on Aircraft - part 2', '#c3c3c1', None, None], ['46609', 'Light Weapon Colours', '#c3c3c1', None, None], ['46610', 'Light Weapon Colours - Part 2', '#77787a', None, None], ['46611', 'Ammunition Colours', '#6e6522', None, None], ['46612', 'Helicopter Rotors', '#646579', None, None], ['46613', 'Military aircraft: heat resistant panels, chassis hydraulics', '#827681', None, None], ['46710', '6 colors: Su-27 Digital Camouflage', '#fff', None, None], ['46711', '6 Colors: Su-25 Air Force of Ukraine "digital camouflage"', '#fff', None, None], ['46740', 'Israel AF "Desert camouflage since 1980: Kfir, F15i, F-16', '#fff', None, None], ['46741', 'Israel AF "Desert camouflage since 1967 A-4, Mirage III, F-4', '#fff', None, None], ['46750', 'French Air Force: Mirage 2000', '#282c2d', None, None], ['46760', 'Iranian Air Force: F-4D, F-4E, RF-4E, F-14A, F-5E', '#b78d63', None, None], ['46762', 'Iranian Air Force (IIAF, IRIAF): MiG-29 9.12 and 9.51B', '#414246', None, None], ['46763', 'Iranian Air Force (IIAF, IRIAF): MiG-29 9.12B and 9.51', '#414246', None, None], ['46764', 'Su-24MK Iranian Air Force (IRIAF) 1990s', '#81b4c8', None, None], ['46801', 'Standard Paints Palette Γäû1', '#070604', None, None], ['46802', 'Standard Paints Palette Γäû2', '#070604', None, None], ['46803', 'Standard Paints Palette Γäû3', '#070604', None, None], ['46902', 'Sailboats', '#dcc7aa', None, None], ['46903', '6 colors: Soldiers Winter Uniform', '#070604', None, None], ['46904', 'Landscape for Diorama', '#52623d', None, None], ['46905', 'Additional Effects & Tools for Armour', '#282c2d', None, None], ['46996', 'Universal Sets - Navy', '#1b191a', None, None], ['46997', 'Universal Sets - Figures', '#3b3c36', None, None], ['46998', '6 colors: Universal Sets - Aviation', '#433f1b', None, None], ['46999', '6 colors: Universal Sets - Auto/Moto/AFV', '#544f30', None, None], ['48349', 'Aviation of the USSR 06.1940-06.1941', None, None, None]], 'Alclad II': [['ALCE001', 'Mil-Spec RAF Extra Dark Sea Grey (BS381C-640)', '#60686b', 'Matt', 'Enamel'], ['ALCE003', 'Mil-Spec RAF Medium Sea Grey (BS381C-637)', '#c3cdce', 'Matt', 'Enamel'], ['ALCE004', 'Mil-Spec RAF Ocean Grey (BSC381-633)', '#849896', 'Matt', 'Enamel'], ['ALCE011', 'Mil-Spec RAF Sky Type S (BSC381-210)', '#dde0cd', 'Matt', 'Enamel'], ['ALCE012', 'Mil-Spec British Interior Grey-Green (BSC381-283)', '#96af8f', 'Matt', 'Enamel'], ['ALCE013', 'Mil-Spec RAF Dark Green (BSC381-241)', '#78785c', 'Matt', 'Enamel'], ['ALCE021', 'Mil-Spec RAF Dark Earth (BS381C-450)', '#94895c', 'Matt', 'Enamel'], ['ALCE024', 'Mil-Spec RAF Desert Sand (Desert Pink)', '#cdba9a', 'Matt', 'Enamel'], ['ALCE050', 'Mil-Spec British Deep Bronze Green (BS381C-224)', '#4e5543', 'Matt', 'Enamel'], ['ALCE062', 'Mil-Spec British Brown Bess', '#4a4036', 'Matt', 'Enamel'], ['ALCE101', 'Mil-Spec Matt White', '#fefefe', 'Matt', 'Enamel'], ['ALCE102', 'Mil-Spec Matt Black', '#17181d', 'Matt', 'Enamel'], ['ALCE104', 'Mil-Spec Zinc Chromate Yellow (FS33481)', '#f4e08a', 'Matt', 'Enamel'], ['ALCE202', 'Mil-Spec RLM02 Grau (Grey)', '#c5c8b7', 'Matt', 'Enamel'], ['ALCE214', 'Mil-Spec RLM 65 Hellblau (Pale Blue)', '#c1d2cc', 'Matt', 'Enamel'], ['ALCE215', 'Mil-Spec RLM 66 Schwarzgrau (Black Grey)', '#4b5054', 'Matt', 'Enamel'], ['ALCE216', 'Mil-Spec RLM70 Schwarzgrun (Black Green)', '#5b655a', 'Matt', 'Enamel'], ['ALCE220', 'Mil-Spec RLM74 Graugr├╝n (Grey Green)', '#4d5349', 'Matt', 'Enamel'], ['ALCE221', 'Mil-Spec RLM75 Grauviolett (Violet Grey)', '#6b767a', 'Matt', 'Enamel'], ['ALCE222', 'Mil-Spec RLM76 Weissblau', '#dae7dd', 'Matt', 'Enamel'], ['ALCE231', 'Mil-Spec RLM78 Himmelblau/Hellblau', '#c2ceca', 'Matt', 'Enamel'], ['ALCE250', 'Mil-Spec Panzer Schwartzgrau (RAL 7021)', '#424b48', 'Matt', 'Enamel'], ['ALCE251', 'Mil-Spec Panzer Dunkelgelb (RAL)', '#d4c876', 'Matt', 'Enamel'], ['ALCE252', 'Mil-Spec Panzer Signalbraun (RAL 8020)', '#ab7956', 'Matt', 'Enamel'], ['ALCE253', 'Mil-Spec Panzer Olivgr├╝n (RAL 6003)', '#6b7f44', 'Matt', 'Enamel'], ['ALCE302', 'Mil-Spec US Vietnam Camouflage Tan (FS595-30219)', '#d4b598', 'Matt', 'Enamel'], ['ALCE304', 'Mil-Spec US Camouflage Tan (FS595-30400)', '#e6d4ae', 'Matt', 'Enamel'], ['ALCE305', 'Mil-Spec US Camouflage Earth (FS595-30118)', '#ad8b1d', 'Matt', 'Enamel'], ['ALCE307', 'Mil-Spec US Vietnam Camouflage Medium Green (FS595-34102)', '#6c7055', 'Matt', 'Enamel'], ['ALCE308', 'Mil-Spec US Vietnam Camouflage Dark Green (FS595-34079)', '#485041', 'Matt', 'Enamel'], ['ALCE309', 'Mil-Spec USN/USAAF WWII Interior Green (FS595-34151)', '#8e9954', 'Matt', 'Enamel'], ['ALCE310', 'Mil-Spec Black Tyre Rubber', '#15161a', 'Matt', 'Enamel'], ['ALCE314', 'Mil-Spec Camouflage Gray (FS595-36622)', '#eceee3', 'Matt', 'Enamel'], ['ALCE315', 'Mil-Spec Gunship Gray (FS595-36118)', '#5d666b', 'Matt', 'Enamel'], ['ALCE317', 'Mil-Spec USN WWII Aircraft Light Grey', '#d4d7cc', 'Matt', 'Enamel'], ['ALCE318', 'Mil-Spec USN WWII Non Specular Sea Blue (FS595-35042)', '#3e525b', 'Matt', 'Enamel'], ['ALCE319', 'Mil-Spec USN WWII Intermediate Blue (FS595-35164)', '#94a8b1', 'Matt', 'Enamel'], ['ALCE 601', 'Mil-Spec Israeli camouflage pale green', '#fff', 'Matt', 'Enamel'], ['ALCE 602', 'Mil-Spec Israeli camouflage pale blue', '#fff', 'Matt', 'Enamel'], ['ALCE 603', 'Mil-Spec Israeli camouflage sand', '#fff', 'Matt', 'Enamel'], ['ALCE 604', 'Mil-Spec Israeli camouflage tan', '#fff', 'Matt', 'Enamel'], ['ALCE605', 'Mil-Spec Signal Red', '#e42d2f', 'Matt', 'Enamel'], ['ALCE606', 'Mil-Spec RAF Training Yellow', '#ffdb70', 'Matt', 'Enamel'], ['ALCE607', 'Mil-Spec RAF Training Orange', '#f35525', 'Matt', 'Enamel'], ['ALCE608', 'Mil-Spec Royal Blue', '#234c84', 'Matt', 'Enamel'], ['ALCE609', 'Mil-Spec Air Superiority Blue', '#b4c6da', 'Matt', 'Enamel'], ['ALCE610', 'Mil-Spec MOD Eagle Grey', '#5e656f', 'Matt', 'Enamel'], ['ALCE611', 'Mil-Spec Aggressor Grey', '#9a9a98', 'Matt', 'Enamel'], ['ALCE612', 'Mil-Spec White Grey', '#cbcbc9', 'Matt', 'Enamel'], ['ALCE613', 'Mil-Spec Aggressor Blue', '#31678d', 'Matt', 'Enamel'], ['ALCE614', 'Mil-Spec Light Grey (FS36495)', '#cececc', 'Matt', 'Enamel'], ['ALCE615', 'Mil-Spec Skyline Blue (FS35250)', '#83aad3', 'Matt', 'Enamel'], ['ALCE616', 'Mil-Spec Dark Grey Blue (FS15102)', '#014984', 'Matt', 'Enamel'], ['ALCE617', 'Mil-Spec Olive Drab (BS381C-298)', '#373306', 'Matt', 'Enamel'], ['ALCE618', 'Mil-Spec Nato Brown (BS499)', '#612500', 'Matt', 'Enamel'], ['ALCE619', 'Mil-Spec Nato Green (BS-285)', '#847b1e', 'Matt', 'Enamel'], ['ALCE620', 'Mil-Spec Nato Black (BS59000ES)', '#000000', 'Matt', 'Enamel'], ['ALCE621', 'Mil-Spec Medium Gunship Grey (FS361766)', '#999e98', 'Matt', 'Enamel'], ['ALCE622', 'Mil-Spec Russian Tank Green', '#646217', 'Matt', 'Enamel'], ['ALCE623', 'Mil-Spec RAF PRU Blue', '#7f9ca0', 'Matt', 'Enamel'], ['ALCE624', 'Mil-Spec Dark Sea Grey', '#696b60', 'Matt', 'Enamel'], ['ALCE625', 'Mil-Spec RAF Middlestone', '#ceb133', 'Matt', 'Enamel'], ['ALCE626', 'Mil-Spec RAF Azure Blue', '#6580ab', 'Matt', 'Enamel'], ['ALCE627', 'Mil-Spec MIG 29 Grey (FS16440)', '#e7e3d8', 'Matt', 'Enamel'], ['ALCE628', 'Mil-Spec Panzer Schwartzgrau', '#3e4b37', 'Matt', 'Enamel'], ['ALCE629', 'Mil-Spec MIG Grey/Green', '#6d7c79', 'Matt', 'Enamel'], ['ALCE630', 'Mil-Spec Air Defence Grey', '#fff', 'Matt', 'Enamel'], ['ALCE631', 'Mil-Spec Medium Grey FS35237', '#7b888e', 'Matt', 'Enamel'], ['ALCE632', 'Mil-Spec Light Gull Grey', '#fff', 'Matt', 'Enamel'], ['ALCE633', 'Mil-Spec RAF Barley Grey', '#fff', 'Matt', 'Enamel'], ['ALCE634', 'Mil-Spec Dark Grey', '#fff', 'Matt', 'Enamel'], ['ALCE635', 'Mil-Spec Dark Gull Grey', '#fff', 'Matt', 'Enamel'], ['ALCE636', 'Mil-Spec Light Ghost Grey FS36375', '#9ca5ab', 'Matt', 'Enamel'], ['ALCE637', 'Mil-Spec Dark Ghost Grey FS36320', '#8b959d', 'Matt', 'Enamel'], ['ALCE638', 'Mil-Spec Light Compass Grey', '#fff', 'Matt', 'Enamel'], ['ALCE639', 'Mil-Spec Dark Compass Grey', '#fff', 'Matt', 'Enamel'], ['ALCE640', 'Mil-Spec Mustang Blue Nose Blue', '#fff', 'Matt', 'Enamel'], ['ALCE641', 'Mil-Spec RAF Blue Grey', '#fff', 'Matt', 'Enamel'], ['ALCE642', 'Mil-Spec Mig Nose cone Grey', '#fff', 'Matt', 'Enamel'], ['ALCE 643', 'RAF Hemp', '#fff', 'Matt', 'Enamel'], ['ALCE644', 'Mil-Spec USN Sea Blue (FS15042)', '#070d09', 'Gloss', 'Enamel'], ['ALCE645', 'Mil-Spec Russian Cockpit Blue Green Turquoise', '#fff', 'Matt', 'Enamel'], ['ALCE 646', 'Aotake', '#fff', 'Matt', 'Enamel'], ['ALCE 647', 'RLM71 Dunkelgrun', '#fff', 'Matt', 'Enamel'], ['ALCE 648', 'RLM72 Grun', '#fff', 'Matt', 'Enamel'], ['ALCE 649', 'RLM04 Gleb Nose / insignia yellow', '#fff', 'Matt', 'Enamel'], ['ALCE650', 'Mil-Spec Israeli Sand Gray', '#ada274', 'Matt', 'Enamel'], ['ALCE 651', 'RLM 23 Rot German insignia red', '#fff', 'Matt', 'Enamel'], ['ALCE 652', 'WWII roundel blue', '#fff', 'Matt', 'Enamel'], ['ALCE 653', 'Modern roundel red', '#fff', 'Matt', 'Enamel'], ['ALCE 654', 'Modern roundel blue', '#fff', 'Matt', 'Enamel'], ['ALCE 655', 'WWII roundel red', '#fff', 'Matt', 'Enamel'], ['ALCE 656', 'US insignia blue', '#fff', 'Matt', 'Enamel'], ['ALCE 657', 'US insignia red', '#fff', 'Matt', 'Enamel'], ['ALCE 658', 'RAF insignia yellow', '#fff', 'Matt', 'Enamel'], ['ALCE 659', 'Light neutral grey', '#fff', 'Matt', 'Enamel'], ['ALCE 660', 'Dark neutral grey', '#fff', 'Matt', 'Enamel'], ['ALCE901', 'Mil-Spec Canadian Voodoo Grey (FS595-36515)', '#e6e9e2', 'Matt', 'Enamel'], ['ALC-303', 'Honey Primer Clear Base', '#fff', 'Gloss', 'Enamel'], ['ALC-317', 'White Gloss Primer', '#f4ede3', 'Gloss', 'Enamel'], ['ALC-600', 'Aqua Gloss Clear', '#fff', 'Gloss', 'Acrylic'], ['ALC-600', 'Aqua Gloss Clear', '#fff', 'Gloss', 'Acrylic'], ['ALCHW001', 'HogWash Washes DIRT & GRIME', '#fff', 'Matt', None], ['ALCHW002', 'HogWash Washes  SAND & LIGHT EARTH', '#fff', 'Matt', None], ['ALCHW003', 'HogWash Washes  RUST STREAKS & STAINS', '#fff', 'Matt', None], ['ALCHW004', 'HogWash Washes  DARK LIQUID STREAKS & STAINS', '#fff', 'Matt', None], ['ALCHW005', 'HogWash Washes  LIGHT LIQUID STREAKS & STAINS', '#fff', 'Matt', None], ['ALCHW006', 'HogWash Washes  Night Blue for Dark Grey', '#fff', 'Matt', None], ['ALCHW007', 'HogWash Washes  Deep Rust Streaks & Stains', '#fff', 'Matt', None], ['ALCHW008', 'HogWash Washes  Light Rust Streaks & Stains', '#fff', 'Matt', None], ['ALCHW009', 'HogWash Washes  Earth', '#fff', 'Matt', None], ['ALCW-10', 'Olive Drab Wash', '#fff', 'Matt', None], ['ALC-101', 'Aluminium', '#c2c2c0', 'Metallic', None], ['ALC-102', 'Duraluminium', '#bebebc', 'Metallic', None], ['ALC-103', 'Dark Aluminium', '#c2c2c2', 'Metallic', None], ['ALC-104', 'Pale Burnt Metal', '#c1c1c1', 'Metallic', None], ['ALC-105', 'Polished Aluminium', '#eff8ff', 'Metallic', None], ['ALC-106', 'White Aluminium', '#b8b8b8', 'Metallic', None], ['ALC-107', 'Chrome for Plastic', '#cadde4', 'Metallic', None], ['ALC-108', 'Pale Gold', '#a28d58', 'Metallic', None], ['ALC-109', 'Polished Brass', '#fff', 'Metallic', None], ['ALC-110', 'Copper', '#ca9c85', 'Metallic', None], ['ALC-111', 'Magnesium', '#bcb7b3', 'Metallic', None], ['ALC-112', 'Steel', '#736c62', 'Metallic', None], ['ALC-113', 'Jet Exhaust', '#5c4f47', 'Metallic', None], ['ALC-114', 'Chrome for Lexan', '#fff', 'Metallic', None], ['ALC-115', 'Stainless Steel', '#d0dbdf', 'Metallic', None], ['ALC-116', 'Semi Matte Aluminium', '#c5c9cc', 'Metallic', None], ['ALC-117', 'Dull Aluminum', '#b1b1b1', 'Metallic', None], ['ALC-118', 'Gold Titanium', '#acb1ad', 'Metallic', None], ['ALC-119', 'Airframe Aluminium', '#b4b4b4', 'Metallic', None], ['ALC-120', 'Gunmetal', '#444341', 'Metallic', None], ['ALC-121', 'Burnt Iron', '#74665d', 'Metallic', None], ['ALC-122', 'Mirrored Gold for Lexan', '#fff', 'Metallic', None], ['ALC-123', 'Exhaust Manifold', '#624f41', 'Metallic', None], ['ALC-124', 'Black Chrome', '#586168', 'Metallic', None], ['ALC-125', 'R.A.F. High Speed Silver', '#fff', 'Metallic', None], ['ALC-126', 'Hi-shine Plus Aluminum', '#fff', 'Gloss', None], ['ALC-201', 'Scarabeus', '#fff', 'Iridescent', None], ['ALC-202', 'Maple', '#fff', 'Iridescent', None], ['ALC-203', 'Jade - Gold To Green', '#fff', 'Iridescent', None], ['ALC-204', 'Sapphire', '#fff', 'Iridescent', None], ['ALC-205', 'Holomatic Spectral Chrome', '#fff', 'Gloss', None], ['ALC-206', 'Prismatic Aquarius Turquoise to Blue', '#fff', None, None], ['ALC-304', 'Gloss Black Base', '#000000', 'Gloss', None], ['ALC-400', 'Transparent Medium', '#fff', None, None], ['ALC-401', 'Transparent Red', '#fff', 'Gloss', None], ['ALC-402', 'Transparent Yellow', '#fff', 'Gloss', None], ['ALC-403', 'Transparent Blue', '#fff', 'Gloss', None], ['ALC-404', 'Transparent Green', '#fff', 'Gloss', None], ['ALC-405', 'Transparent Black/Smoke', '#fff', 'Gloss', None], ['ALC-408', 'Armoured glass', '#fff', 'Gloss', None], ['ALC-411', 'Hot Metal Red', '#fff', 'Gloss', None], ['ALC-413', 'Hot Metal Blue', '#fff', 'Gloss', None], ['ALC-416', 'Hot Metal Sepia', '#fff', 'Gloss', None], ['ALC-417', 'Hot Metal Violet', '#fff', 'Gloss', None], ['ALC-418', 'HotMetal Carbon', '#fff', 'Gloss', None], ['ALC-419', 'HotMetal Burnt Carbon', '#fff', 'Gloss', None], ['ALC-701', 'Bright Silver Candy Base', '#fff', 'Metallic', None], ['ALC-702', 'Candy Red Enamel', '#fff', None, None], ['ALC-703', 'Candy Ruby Red Enamel', '#fff', 'Metallic', None], ['ALC-704', 'Candy Orange Enamel', '#fff', 'Metallic', None], ['ALC-705', 'Candy Lemon Yellow Enamel', '#fff', 'Metallic', None], ['ALC-706', 'Candy Golden Yellow Enamel', '#fff', None, None], ['ALC-707', 'Candy Bottle Green Enamel', '#fff', 'Metallic', None], ['ALC-708', 'Candy Emerald Green Enamel', '#fff', 'Metallic', None], ['ALC-709', 'Candy Electric Blue Enamel', '#fff', 'Metallic', None], ['ALC-710', 'Candy Cobalt Blue Enamel', '#fff', None, None], ['ALC-711', 'Candy Indigo Enamel', '#fff', 'Metallic', None], ['ALC-712', 'Candy Violet Enamel', '#fff', 'Metallic', None], ['ALC-302', 'Grey Primer & Microfiller', '#8a948c', 'Matt', None], ['ALC-305', 'Gloss Black Base', '#000000', 'Gloss', None], ['ALC-306', 'White Primer & Microfiller', '#100100100', 'Matt', None], ['ALC-307', 'Airbrush Cleaner', '#fff', 'Cleaners', None], ['ALC-309', 'Black Primer & Microfiller', '#000000', 'Matt', None], ['ALC-310', 'Klear Kote Gloss', '#fff', 'Gloss', None], ['ALC-311', 'Klear Kote Light Sheen', '#fff', 'Satin', None], ['ALC-312', 'Klear Kote Satin', '#fff', 'Satin', None], ['ALC-314', 'Klear Kote Flat', '#fff', 'Matt', None], ['ALC-316', 'Grey Gloss Primer', '#fff', 'Gloss', None], ['ALC-302', 'Grey Primer & Micro Filler', '#8a948c', 'Gloss', None], ['ALC-303', 'Clear Base', '#fff', 'Gloss', None], ['ALC-305', 'Gloss Black Base', '#000000', 'Gloss', None], ['ALC-306', 'White Primer & Microfiller', '#ffffff', 'Matt', None], ['ALC-307', 'Airbrush Cleaner', '#fff', 'Cleaners', None], ['ALC-308', 'Brown Primer & Microfiller', '#fff', 'Matt', None], ['ALC-309', 'Black Primer & Microfiller', '#000000', 'Matt', None], ['ALC-311', 'Klear Kote Light Sheen', '#fff', 'Satin', None], ['ALC-312', 'Klear Kote Semi-Matte', '#fff', 'Satin', None], ['ALC-313', 'Klear Kote Matte', '#fff', 'Matt', None], ['ALC-314', 'Klear Kote Flat', '#fff', 'Matt', None], ['ALC-315', 'Gloss Pale Grey Base', '#fff', 'Gloss', None], ['ALC 4-123', 'Exhaust Manifold', '#624f41', 'Metallic', None], ['ACLWP001', 'Warpigs Deep Rust', '#fff', 'Matt', None], ['ACLWP002', 'Warpigs Mid Rust', '#fff', 'Matt', None], ['ACLWP003', 'Warpigs Light Rust', '#fff', 'Matt', None], ['ACLWP004', 'Warpigs Mud', '#fff', 'Matt', None], ['ACLWP005', 'Warpigs Earth', '#fff', 'Matt', None], ['ACLWP006', 'Warpigs Light earth', '#fff', 'Matt', None], ['ACLWP007', 'Warpigs Egyptian Sand', '#fff', 'Matt', None], ['ACLWP008', 'Warpigs North African Sand', '#fff', 'Matt', None], ['ACLWP009', 'Warpigs European Sand', '#fff', 'Matt', None], ['ACLWP010', 'Warpigs Vietnamese Earth', '#fff', 'Matt', None], ['ACLWP011', 'Warpigs Olive Drab', '#fff', 'Matt', None], ['ACLWP012', 'Warpigs Buff', '#fff', 'Matt', None], ['ACLWP013', 'Warpigs Dust', '#fff', 'Matt', None], ['ACLWP014', 'Warpigs Brick Dust', '#fff', 'Matt', None], ['ACLWP016', 'Warpigs Light Ashes Grey', '#fff', 'Matt', None], ['ACLWP017', 'Warpigs Dark Ashes Grey', '#fff', 'Matt', None], ['ACLWP018', 'Warpigs Pitch Black', '#fff', 'Matt', None], ['ACLWP015', 'Warpigs Pigment Fixer', '#fff', 'Matt', None], ['ALCE010', 'Russian Set', '#cececc', None, None], ['ALCESET001', 'RAF Early War Fighters & Bombers', '#dde0cd', None, None], ['ALCESET002', 'RAF Late War Fighters & Bombers', '#78785c', None, None], ['ALCESET007', 'USN WWII Aircraft', '#fefefe', None, None], ['ALCESET011', 'German Tri-Colour Camouflage (Post 1943)', '#d4c876', None, None], ['ALCESET019', 'US Vietnam Camouflage', '#d4b598', None, None]], 'Ammo by Mig Jimenez': [['A.MIG-1250', 'Streakingbrusher - Medium Brown', '#6a4d3d', 'Matt', 'Enamel'], ['A.MIG-1251', 'Streakingbrusher - Cold Dirty Grey', '#686a5f', 'Matt', 'Enamel'], ['A.MIG-1252', 'Streakingbrusher - Red Brown', '#331b19', 'Matt', 'Enamel'], ['A.MIG-1253', 'Streakingbrusher - Grime', '#5e3519', 'Matt', 'Enamel'], ['A.MIG-1254', 'Streakingbrusher - Rust', '#884532', 'Matt', 'Enamel'], ['A.MIG-1255', 'Streakingbrusher - Winter Grime', '#3a4541', 'Matt', 'Enamel'], ['A.MIG-1256', 'Streakingbrusher - Green-Grey Grime', '#2c3d2b', 'Matt', 'Enamel'], ['A.MIG-1257', 'Streakingbrusher - Warm Dirty Grey', '#465656', 'Matt', 'Enamel'], ['A.MIG-1258', 'Streakingbrusher - Streaking Dust', '#d8ceb3', 'Matt', 'Enamel'], ['A.MIG-1259', 'Streakingbrusher - Starship Grime', '#465246', 'Matt', 'Enamel'], ['A.MIG-1800', 'Effects Brusher - Fresh Engine Oil', None, 'Satin', 'Enamel'], ['A.MIG-1801', 'Effects Brusher- Fuel Stains', None, 'Satin', 'Enamel'], ['A.MIG-1802', 'Effects Brusher- Wet Effects', None, 'Satin', 'Enamel'], ['A.MIG-074', 'Moss Green', '#6a6837', 'Matt', 'Enamel'], ['A.MIG-1000', 'Enamel Wash - Brown for German Dark Yellow', '#47371d', 'Matt', 'Enamel'], ['A.MIG-1001', 'Enamel Wash - Afrika Korps', '#40372e', 'Matt', 'Enamel'], ['A.MIG-1002', 'Enamel Wash - Tracks', '#190f0d', 'Matt', 'Enamel'], ['A.MIG-1003', 'Enamel Wash - Interiors', '#3a2e22', 'Matt', 'Enamel'], ['A.MIG-1004', 'Enamel Wash - Light Rust', '#5c2e0a', 'Matt', 'Enamel'], ['A.MIG-1005', 'Enamel Wash - Dark Brown for Green Vehicles', '#1f0b02', 'Matt', 'Enamel'], ['A.MIG-1006', 'Enamel Wash - Blue for Panzer Grey', '#2e3339', 'Matt', 'Enamel'], ['A.MIG-1007', 'Enamel Wash - US Modern Vehicles', '#5d4a3b', 'Matt', 'Enamel'], ['A.MIG-1008', 'Enamel Wash - Dark', '#1b1612', 'Matt', 'Enamel'], ['A.MIG-1009', 'Enamel Wash - Starship', '#120c0c', 'Matt', 'Enamel'], ['A.MIG-1010', 'Enamel Wash - Neutral', '#545454', 'Matt', 'Enamel'], ['A.MIG-1011', 'Enamel Wash - Black', '#0e0c0d', 'Matt', 'Enamel'], ['A.MIG-1200', 'Streaking Grime for Interiors', '#524938', 'Matt', 'Enamel'], ['A.MIG-1201', 'Streaking Grime for DAK', '#392b20', 'Matt', 'Enamel'], ['A.MIG-1202', 'Streaking Grime for Panzer Grey', '#2f1c16', 'Matt', 'Enamel'], ['A.MIG-1203', 'Streaking Grime', '#3f241d', 'Matt', 'Enamel'], ['A.MIG-1204', 'Streaking Rust Effects', '#512113', 'Matt', 'Enamel'], ['A.MIG-1205', 'Streaking Grime for Winter Vehicles', '#203922', 'Matt', 'Enamel'], ['A.MIG-1206', 'Dark Streaking Grime', '#201003', 'Matt', 'Enamel'], ['A.MIG-1207', 'Streaking Grime for US Modern Vehicles', '#474127', 'Matt', 'Enamel'], ['A.MIG-1208', 'Rainmarks Effects', '#aeaa85', 'Matt', 'Enamel'], ['A.MIG-1209', 'Starship Streaking', '#35434c', 'Matt', 'Enamel'], ['A.MIG-1400', 'Nature Effects - Kursk Soil', '#675c2e', 'Matt', 'Enamel'], ['A.MIG-1401', 'Nature Effects - Light Dust', '#b7b09d', 'Matt', 'Enamel'], ['A.MIG-1402', 'Nature Effects - Fresh Mud', '#281e14', 'Matt', 'Enamel'], ['A.MIG-1403', 'Nature Effects - Earth', '#5b4a3a', 'Matt', 'Enamel'], ['A.MIG-1404', 'Nature Effects - North Africa Dust', '#948d59', 'Matt', 'Enamel'], ['A.MIG-1405', 'Nature Effects - Dark Mud', '#400000', 'Matt', 'Enamel'], ['A.MIG-1406', 'Nature Effects - Damp Earth', '#4a3824', 'Matt', 'Enamel'], ['A.MIG-1407', 'Engine Fuel & Oil - Engine Grime', '#3e3731', 'Gloss', 'Enamel'], ['A.MIG-1408', 'Engine Fuel & Oil - Fresh Engine Oil', '#190c06', 'Matt', 'Enamel'], ['A.MIG-1409', 'Engine Fuel & Oil - Fuel Stains', '#523c20', 'Matt', 'Enamel'], ['A.MIG-1410', 'Nature Effects - Slimy Grime Dark', '#1f3e12', 'Matt', 'Enamel'], ['A.MIG-1411', 'Nature Effects - Slimy Grime Light', '#374b10', 'Matt', 'Enamel'], ['A.MIG-1500', 'Filter - Brown For White', '#593529', 'Satin', 'Enamel'], ['A.MIG-1501', 'Filter - Grey For White', '#666561', 'Satin', 'Enamel'], ['A.MIG-1502', 'Filter - Dark Grey For White', '#4c4533', 'Satin', 'Enamel'], ['A.MIG-1503', 'Filter - Ochre For Light Sand', '#715d28', 'Satin', 'Enamel'], ['A.MIG-1504', 'Filter - Brown For Desert Yellow', '#5b4b29', 'Satin', 'Enamel'], ['A.MIG-1505', 'Filter - Grey For Yellow Sand', '#736d5d', 'Satin', 'Enamel'], ['A.MIG-1506', 'Filter - Brown For Dark Green', '#211519', 'Satin', 'Enamel'], ['A.MIG-1507', 'Filter - Tan For Yellow Green', '#69644e', 'Satin', 'Enamel'], ['A.MIG-1508', 'Filter - Green For Grey Green', '#274430', 'Satin', 'Enamel'], ['A.MIG-1509', 'Filter - Blue for Dark Grey', '#112b46', 'Satin', 'Enamel'], ['A.MIG-1510', 'Filter - Tan For 3 Tone Camo', '#564726', 'Satin', 'Enamel'], ['A.MIG-1511', 'Filter - Brown for Dark Yellow', '#33221b', 'Satin', 'Enamel'], ['A.MIG-1600', 'Panel Line Wash - Light Grey', '#8e8d92', 'Matt', 'Enamel'], ['A.MIG-1601', 'Panel Line Wash - Medium Grey', '#676767', 'Matt', 'Enamel'], ['A.MIG-1602', 'Panel Line Wash - Deep Grey', '#4f5054', 'Matt', 'Enamel'], ['A.MIG-1603', 'Panel Line Wash - Dark Sea Blue', '#141720', 'Matt', 'Enamel'], ['A.MIG-1604', 'Panel Line Wash - Pacific Dust', '#cdbe93', 'Matt', 'Enamel'], ['A.MIG-1605', 'Panel Line Wash - Dark Red Brown', '#411f1d', 'Matt', 'Enamel'], ['A.MIG-1606', 'Panel Line Wash - Medium Tan', '#817e6d', 'Matt', 'Enamel'], ['A.MIG-1607', 'Panel Line Wash - Sky Grey', '#778089', 'Matt', 'Enamel'], ['A.MIG-1608', 'Panel Line Wash - Dark Green Grey', '#2f352b', 'Matt', 'Enamel'], ['A.MIG-1609', 'Panel Line Wash - Storm Grey', '#616b74', 'Matt', 'Enamel'], ['A.MIG-1610', 'Panel Line Wash - Tan Grey', '#6a7080', 'Matt', 'Enamel'], ['A.MIG-1611', 'Panel Line Wash - Black Night', '#252519', 'Matt', 'Enamel'], ['A.MIG-1612', 'Panel Line Wash - Green Brown', '#3d4126', 'Matt', 'Enamel'], ['A.MIG-1613', 'Panel Line Wash - Blue Grey', '#60777f', 'Matt', 'Enamel'], ['A.MIG-1614', 'Panel Line Wash - Neutral Brown', '#2e2916', 'Matt', 'Enamel'], ['A.MIG-1615', 'Panel Line Wash - Stone Grey for Black', '#272622', 'Matt', 'Enamel'], ['A.MIG-1616', 'Panel Line Wash - Orange Brown', '#5c3c16', 'Matt', 'Enamel'], ['A.MIG-1617', 'Panel Line Wash - Blue Black', '#100f0d', 'Matt', 'Enamel'], ['A.MIG-1618', 'Panel Line Wash - Deep Brown', '#1b1310', 'Matt', 'Enamel'], ['A.MIG-1619', 'Panel Line Wash - Blue Dirt', '#273333', 'Matt', 'Enamel'], ['A.MIG-1620', 'Panel Line Wash - Dust', '#b29d64', 'Matt', 'Enamel'], ['A.MIG-1621', 'Panel Line Wash - Shadow for Desert Brown', '#645945', 'Matt', 'Enamel'], ['A.MIG-1622', 'Panel Line Wash - Ochre for Sand Camo', '#7f6a33', 'Matt', 'Enamel'], ['A.MIG-1700', 'Heavy Mud - Dry Light Soil', '#bcb38c', 'Matt', 'Enamel'], ['A.MIG-1701', 'Heavy Mud - Thick Soil', '#a89d6f', 'Matt', 'Enamel'], ['A.MIG-1702', 'Heavy Mud - Turned Earth', '#a19a87', 'Matt', 'Enamel'], ['A.MIG-1703', 'Heavy Mud - Moist Ground', '#776c56', 'Matt', 'Enamel'], ['A.MIG-1704', 'Heavy Mud - Heavy Earth', '#43392d', 'Matt', 'Enamel'], ['A.MIG-1705', 'Heavy Mud - Wet Mud', '#211c18', 'Matt', 'Enamel'], ['A.MIG-1750', 'Splashes - Dry Earth', '#c3ba99', 'Matt', 'Enamel'], ['A.MIG-1751', 'Splashes - Dry Steppe', '#a99d73', 'Matt', 'Enamel'], ['A.MIG-1752', 'Splashes - Loose Ground', '#a09986', 'Matt', 'Enamel'], ['A.MIG-1753', 'Splashes - Turned Dirt', '#796a57', 'Matt', 'Enamel'], ['A.MIG-1754', 'Splashes - Damp Earth', '#493b2e', 'Matt', 'Enamel'], ['A.MIG-1755', 'Splashes - Wet Ground', '#231e1a', 'Matt', 'Enamel'], ['A.MIG-2015', 'Wet Effects', '#c4d3d6', 'Satin', 'Enamel'], ['A.MIG-2018', 'Enamel Odourless Thinner', None, 'Thinners', 'Enamel'], ['20 set', 'Oilbrushes', '#fff', 'Matt', 'Enamel'], ['A.MIG-2019', 'Enamel Odourless thinner', None, 'Thinners', 'Enamel'], [None, None, '#fff', 'Matt', 'Acrylic'], ['A.MIG-050', 'Matt white', '#ffffff', 'Matt', 'Acrylic'], ['A.MIG-0106', 'RAL 8020 washable sand', '#c09754', None, 'Acrylic'], ['A.MIG-7320', 'SHADER Set Panzer Grey', '#fff', 'Matt', 'Acrylic'], ['A.MIG-0850', 'Orange Shader', None, 'Matt', 'Acrylic'], ['A.MIG-0851', 'Light Rust Shader', None, 'Matt', 'Acrylic'], ['A.MIG-0852', 'Earth Shader', None, 'Matt', 'Acrylic'], ['A.MIG-0853', 'Dirt Shader', None, 'Matt', 'Acrylic'], ['A.MIG-0854', 'Grime Shader', None, 'Matt', 'Acrylic'], ['A.MIG-0855', 'Starship Filth Shader', None, 'Matt', 'Acrylic'], ['A.MIG-0856', 'Light Grey Shader', None, 'Matt', 'Acrylic'], ['A.MIG-0857', 'Navy Grey Shader', None, 'Matt', 'Acrylic'], ['A.MIG-0858', 'Ash Black Shader', None, 'Matt', 'Acrylic'], ['A.MIG-0859', 'Violet Shader', None, 'Matt', 'Acrylic'], ['A.MIG-0860', 'Sky Blue Shader', None, 'Matt', 'Acrylic'], ['A.MIG-0861', 'Marine Blue Shader', None, 'Matt', 'Acrylic'], ['A.MIG-0862', 'Night Blue Shader', None, 'Matt', 'Acrylic'], ['A.MIG-0863', 'Light Green Shader', None, 'Matt', 'Acrylic'], ['A.MIG-0864', 'Light Olive Drab Shader', None, 'Matt', 'Acrylic'], ['A.MIG-0865', 'Military Green Shader', None, 'Matt', 'Acrylic'], ['A.MIG-0866', 'Dark Green Shader', None, 'Matt', 'Acrylic'], ['A.MIG-0867', 'Yellow Shader', None, 'Matt', 'Acrylic'], ['A.MIG-0868', 'Candy Red Shader', None, 'Matt', 'Acrylic'], ['A.MIG-0869', 'Light Clay Shader', None, 'Matt', 'Acrylic'], ['A.MIG-2250', 'U-RUST Powdered Oxide', None, 'Matt', 'Acrylic'], ['A.MIG-0700', 'ACRYLIC WASH Brown Wash for Dark Yellow', None, 'Matt', 'Acrylic'], ['A.MIG-0701', 'ACRYLIC WASH Afrika Korps Wash', None, 'Matt', 'Acrylic'], ['A.MIG-0702', 'ACRYLIC WASH Tracks Wash', None, 'Matt', 'Acrylic'], ['A.MIG-0703', 'ACRYLIC WASH Interiors Wash', None, 'Matt', 'Acrylic'], ['A.MIG-0704', 'ACRYLIC WASH Light Rust Wash', None, 'Matt', 'Acrylic'], ['A.MIG-0705', 'ACRYLIC WASH Dark Brown Wash', None, 'Matt', 'Acrylic'], ['A.MIG-0706', 'ACRYLIC WASH Blue Wash', None, 'Matt', 'Acrylic'], ['A.MIG-0707', 'ACRYLIC WASH Brown Wash for Sand', None, 'Matt', 'Acrylic'], ['A.MIG-0708', 'ACRYLIC WASH Dark Wash', None, 'Matt', 'Acrylic'], ['A.MIG-0709', 'ACRYLIC WASH Starship Wash', None, 'Matt', 'Acrylic'], ['A.MIG-0710', 'ACRYLIC WASH Neutral Grey Wash', None, 'Matt', 'Acrylic'], ['A.MIG-0711', 'ACRYLIC WASH Black Wash', None, 'Matt', 'Acrylic'], ['A.MIG-0712', 'ACRYLIC WASH Ochre Wash', None, 'Matt', 'Acrylic'], ['A.MIG-0713', 'ACRYLIC WASH Dust Wash', None, 'Matt', 'Acrylic'], ['A.MIG-0714', 'ACRYLIC WASH Deep Grey Wash', None, 'Matt', 'Acrylic'], ['A.MIG-0800', 'ACRYLIC FILTER Dirt', None, 'Matt', 'Acrylic'], ['A.MIG-0801', 'ACRYLIC FILTER Basalt', None, 'Matt', 'Acrylic'], ['A.MIG-0802', 'ACRYLIC FILTER Night Black', None, 'Matt', 'Acrylic'], ['A.MIG-0803', 'ACRYLIC FILTER Dark Blue', None, 'Matt', 'Acrylic'], ['A.MIG-0804', 'ACRYLIC FILTER Starship Filth', None, 'Matt', 'Acrylic'], ['A.MIG-0805', 'ACRYLIC FILTER Medium Grey', None, 'Matt', 'Acrylic'], ['A.MIG-0806', 'ACRYLIC FILTER Sky Blue', None, 'Matt', 'Acrylic'], ['A.MIG-0807', 'ACRYLIC FILTER French Blue', None, 'Matt', 'Acrylic'], ['A.MIG-0808', 'ACRYLIC FILTER Marine Blue', None, 'Matt', 'Acrylic'], ['A.MIG-0809', 'ACRYLIC FILTER Turquoise', None, 'Matt', 'Acrylic'], ['A.MIG-0810', 'ACRYLIC FILTER Bright Green', None, 'Matt', 'Acrylic'], ['A.MIG-0811', 'ACRYLIC FILTER Yellow Green', None, 'Matt', 'Acrylic'], ['A.MIG-0812', 'ACRYLIC FILTER Khaki Green', None, 'Matt', 'Acrylic'], ['A.MIG-0813', 'ACRYLIC FILTER Military Green', None, 'Matt', 'Acrylic'], ['A.MIG-0814', 'ACRYLIC FILTER Olive Drab', None, 'Matt', 'Acrylic'], ['A.MIG-0815', 'ACRYLIC FILTER Green Black', None, 'Matt', 'Acrylic'], ['A.MIG-0816', 'ACRYLIC FILTER Sand', None, 'Matt', 'Acrylic'], ['A.MIG-0817', 'ACRYLIC FILTER Red', None, 'Matt', 'Acrylic'], ['A.MIG-0818', 'ACRYLIC FILTER Orange', None, 'Matt', 'Acrylic'], ['A.MIG-0819', 'ACRYLIC FILTER Violet', None, 'Matt', 'Acrylic'], ['A.MIG-0820', 'ACRYLIC FILTER Clay', None, 'Matt', 'Acrylic'], ['A.MIG-0821', 'ACRYLIC FILTER Rust', None, 'Matt', 'Acrylic'], ['A.MIG-0822', 'ACRYLIC FILTER Ochre', None, 'Matt', 'Acrylic'], ['A.MIG-0823', 'ACRYLIC FILTER Medium Brown', None, 'Matt', 'Acrylic'], ['A.MIG-0824', 'ACRYLIC FILTER Tan', None, 'Matt', 'Acrylic'], ['A.MIG-0825', 'ACRYLIC FILTER Yellow', None, 'Matt', 'Acrylic'], ['A.MIG-0826', 'ACRYLIC FILTER Phthalo Green', None, 'Matt', 'Acrylic'], ['A.MIG-0827', 'ACRYLIC FILTER Light Gray', None, 'Matt', 'Acrylic'], ['A.MIG-0828', 'ACRYLIC FILTER Sand Grey', None, 'Matt', 'Acrylic'], ['A.MIG-0829', 'ACRYLIC FILTER Pale Blue', None, 'Matt', 'Acrylic'], ['A.MIG-2257', 'U-RUST Rust Reactor Type 1', None, 'Matt', 'Acrylic'], ['A.MIG-2257', 'U-RUST Rust Reactor Type 1', None, 'Textured', 'Acrylic'], ['A.MIG-2258', 'U-RUST Rust Reactor Type 2', None, 'Matt', 'Acrylic'], ['A.MIG-2258', 'U-RUST Rust Reactor Type 2', '#fff', 'Matt', 'Acrylic'], ['A.MIG-001', 'Olivgr├╝n Opt.1 (RAL 6003)', '#2f3722', 'Matt', 'Acrylic'], ['A.MIG-002', 'Olivgr├╝n Opt. 2 (RAL 6003)', '#4e5536', 'Matt', 'Acrylic'], ['A.MIG-003', 'Resedagr├╝n (RAL 6011)', '#687e4d', 'Matt', 'Acrylic'], ['A.MIG-004', 'B Resedagr├╝n (RAL 6011)', '#535e34', 'Matt', 'Acrylic'], ['A.MIG-005', 'Graugr├╝n (RAL 7008)', '#62593c', 'Matt', 'Acrylic'], ['A.MIG-006', 'Graugr├╝n Opt. 2 (RAL 7008)', '#8a854d', 'Satin', 'Acrylic'], ['A.MIG-007', 'Dunkelbraun (RAL 7017)', '#524232', 'Satin', 'Acrylic'], ['A.MIG-008', 'Dunklegrau (RAL 7021)', '#282c35', 'Matt', 'Acrylic'], ['A.MIG-009', 'Sandgrau (RAL 7027)', '#b7a480', 'Matt', 'Acrylic'], ['A.MIG-010', 'Dunkelgelb - Mid War (RAL 7028)', '#5d5435', 'Matt', 'Acrylic'], ['A.MIG-011', 'Dunkelgelb Aus ΓÇÖ44 DG I (RAL 7028)', '#cabf87', 'Matt', 'Acrylic'], ['A.MIG-012', 'Dunkelgelb Aus ΓÇÖ44 DG III (RAL 7028)', '#d8cfa6', 'Matt', 'Acrylic'], ['A.MIG-013', 'Gelbbraun (RAL 8000)', '#ad9475', 'Satin', 'Acrylic'], ['A.MIG-014', 'Rotbraun (RAL 8012)', '#471a15', 'Matt', 'Acrylic'], ['A.MIG-015', 'Schokobraun (RAL 8017)', '#50312c', 'Matt', 'Acrylic'], ['A.MIG-016', 'Gelbbraun (RAL 8020)', '#e7ca7a', 'Matt', 'Acrylic'], ['A.MIG-017', 'Cremeweiss (RAL 9001)', '#e9e0d2', 'Matt', 'Acrylic'], ['A.MIG-018', 'Waffen SS - Polizei Gr├╝n', '#42685b', 'Matt', 'Acrylic'], ['A.MIG-019', '4BO Russian Green', '#50522a', 'Matt', 'Acrylic'], ['A.MIG-020', '6K Russian Brown', '#35302c', 'Matt', 'Acrylic'], ['A.MIG-021', '7K Russian Tan', '#675e41', 'Matt', 'Acrylic'], ['A.MIG-022', '3B AU Basic Protector Alkidno-Uretanovaya', '#3d331a', 'Matt', 'Acrylic'], ['A.MIG-023', 'Protective Green', '#5e733b', 'Matt', 'Acrylic'], ['A.MIG-024', 'Washable White Camo', '#ffffff', 'Matt', 'Acrylic'], ['A.MIG-025', 'US Modern Vehicles (FS 33446)', '#c8a881', 'Matt', 'Acrylic'], ['A.MIG-026', 'F9 German Sand Brown (RAL 8031)', '#947964', 'Matt', 'Acrylic'], ['A.MIG-027', 'F9 German Sand Beige (RAL 8031)', '#a58d67', 'Matt', 'Acrylic'], ['A.MIG-028', 'F7 German Grey Beige (RAL 7050)', '#807863', 'Matt', 'Acrylic'], ['A.MIG-029', 'New Iraqi Army Sand', '#c9b077', 'Satin', 'Acrylic'], ['A.MIG-030', 'Sand Yellow', '#d8a64f', 'Matt', 'Acrylic'], ['A.MIG-031', 'Spanish Green-Khaki', '#514829', 'Satin', 'Acrylic'], ['A.MIG-032', 'Satin Black', '#000000', 'Satin', 'Acrylic'], ['A.MIG-033', 'Rubber & Tires', '#3d383c', 'Matt', 'Acrylic'], ['A.MIG-034', 'Rust Tracks', '#38261c', 'Matt', 'Acrylic'], ['A.MIG-035', 'Dark Tracks', '#130707', 'Matt', 'Acrylic'], ['A.MIG-036', 'Old Wood', '#b19669', 'Matt', 'Acrylic'], ['A.MIG-037', 'New Wood', '#dad0a2', 'Matt', 'Acrylic'], ['A.MIG-038', 'Light Wood', '#c8a072', 'Matt', 'Acrylic'], ['A.MIG-039', 'Light Rust', '#e5910b', 'Matt', 'Acrylic'], ['A.MIG-040', 'Medium Rust', '#b95531', 'Matt', 'Acrylic'], ['A.MIG-041', 'Dark Rust', '#8a3c25', 'Matt', 'Acrylic'], ['A.MIG-042', 'Old Rust', '#462722', 'Matt', 'Acrylic'], ['A.MIG-043', 'Shadow Rust', '#331716', 'Matt', 'Acrylic'], ['A.MIG-044', 'Chipping', '#260e0e', 'Matt', 'Acrylic'], ['A.MIG-045', 'Gun Metal', '#2c3539', 'Metallic', 'Acrylic'], ['A.MIG-046', 'Matt Black', '#1e1a1b', 'Matt', 'Acrylic'], ['A.MIG-047', 'Satin White', '#e7e7e7', 'Satin', 'Acrylic'], ['A.MIG-048', 'Yellow', '#ffff00', 'Matt', 'Acrylic'], ['A.MIG-049', 'Red', '#ff0000', 'Matt', 'Acrylic'], ['A.MIG-050', 'Matt White', '#ffffff', 'Matt', 'Acrylic'], ['A.MIG-051', 'Light green KHV-553M', '#a6bc8b', 'Matt', 'Acrylic'], ['A.MIG-052', 'Deep Green', '#0a552c', 'Satin', 'Acrylic'], ['A.MIG-053', 'Protective NC-1200', '#18341b', 'Satin', 'Acrylic'], ['A.MIG-054', 'Signal Green', '#29822e', 'Satin', 'Acrylic'], ['A.MIG-055', 'Oil Ochre', '#cfae51', 'Satin', 'Acrylic'], ['A.MIG-056', 'Green Khaki', '#555136', 'Satin', 'Acrylic'], ['A.MIG-057', 'Yellow Grey', '#c9b68e', 'Matt', 'Acrylic'], ['A.MIG-058', 'Light Green Khaki', '#7b7a4c', 'Satin', 'Acrylic'], ['A.MIG-059', 'Grey', '#81858e', 'Satin', 'Acrylic'], ['A.MIG-060', 'Pale Green', '#3b6428', 'Satin', 'Acrylic'], ['A.MIG-061', 'Warm Sand-Yellow', '#d6b556', 'Satin', 'Acrylic'], ['A.MIG-062', 'French Blue', '#445366', 'Matt', 'Acrylic'], ['A.MIG-063', 'Pale Grey (RLM 76)', '#9bc5b7', 'Satin', 'Acrylic'], ['A.MIG-064', 'Earth Brown', '#814428', 'Satin', 'Acrylic'], ['A.MIG-065', 'Forest Green (RLM62)', '#384527', 'Satin', 'Acrylic'], ['A.MIG-066', 'Faded Sinai Grey', '#736c5a', 'Satin', 'Acrylic'], ['A.MIG-067', 'Light Sand Grey', '#b7a57f', 'Satin', 'Acrylic'], ['A.MIG-068', 'IDF Green', '#56542e', 'Satin', 'Acrylic'], ['A.MIG-069', 'Blue Green', '#283c23', 'Satin', 'Acrylic'], ['A.MIG-070', 'Medium Brown Dark Earth', '#533729', 'Matt', 'Acrylic'], ['A.MIG-071', 'Khaki', '#735533', 'Satin', 'Acrylic'], ['A.MIG-072', 'Dust', '#c4b5a2', 'Matt', 'Acrylic'], ['A.MIG-073', 'Earth', '#907669', 'Matt', 'Acrylic'], ['A.MIG-074', 'Green Moss', '#6a6837', 'Satin', 'Acrylic'], ['A.MIG-075', 'Stone Grey', '#b2b2b2', 'Satin', 'Acrylic'], ['A.MIG-076', 'Brown Soil', '#6e4939', 'Satin', 'Acrylic'], ['A.MIG-077', 'Dull Green', '#3e5a5b', 'Matt', 'Acrylic'], ['A.MIG-078', 'Ochre Earth', '#c18d5d', 'Satin', 'Acrylic'], ['A.MIG-079', 'Clay Brown', '#683f23', 'Satin', 'Acrylic'], ['A.MIG-080', 'Bright Green', '#5e7d3a', 'Satin', 'Acrylic'], ['A.MIG-081', 'US Olive Drab Vietnam Era (FS24087)', '#454031', 'Matt', 'Acrylic'], ['A.MIG-082', 'APC Interior Light Green', '#8da186', 'Matt', 'Acrylic'], ['A.MIG-083', 'XB 518 Zashchitniy Zeleno (Russian Postwar Green)', '#56662d', 'Matt', 'Acrylic'], ['A.MIG-084', 'Nato Green', '#2a3720', 'Matt', 'Acrylic'], ['A.MIG-085', 'Nato Brown', '#422d28', 'Matt', 'Acrylic'], ['A.MIG-086', 'Blue (RAL 5019)', '#1a4e87', 'Satin', 'Acrylic'], ['A.MIG-087', 'Gelboliv (RAL 6014)', '#474135', 'Matt', 'Acrylic'], ['A.MIG-088', 'Khaki Brown', '#b49368', 'Satin', 'Acrylic'], ['A.MIG-089', 'Matt Varnish', '#ffffff', 'Varnish', 'Acrylic'], ['A.MIG-090', 'Satin Varnish', '#ffffff', 'Varnish', 'Acrylic'], ['A.MIG-091', 'Glossy Varnish', '#ffffff', 'Varnish', 'Acrylic'], ['A.MIG-092', 'Acrylic Crystal - Green', '#2e4511', 'Gloss', 'Acrylic'], ['A.MIG-093', 'Acrylic Crystal - Red', '#58150f', 'Gloss', 'Acrylic'], ['A.MIG-094', 'Acrylic Crystal - Glass', '#a8a8a8', 'Gloss', 'Acrylic'], ['A.MIG-095', 'Acrylic Crystal - Smoke', '#141f19', 'Gloss', 'Acrylic'], ['A.MIG-096', 'Acrylic Crystal - Periscope Green', '#407711', 'Gloss', 'Acrylic'], ['A.MIG-097', 'Acrylic Crystal - Orange', '#ff9000', 'Gloss', 'Acrylic'], ['A.MIG-098', 'Acrylic Crystal - Light Blue', '#0784be', 'Gloss', 'Acrylic'], ['A.MIG-099', 'Acrylic Crystal - Black Blue', '#022334', 'Gloss', 'Acrylic'], ['A.MIG-102', 'Ochre Brown', '#9e8356', 'Satin', 'Acrylic'], ['A.MIG-103', 'Medium Blue', '#2a4989', 'Satin', 'Acrylic'], ['A.MIG-104', 'Washable Black', '#000000', 'Satin', 'Acrylic'], ['A.MIG-105', 'Washable Dust (RAL 8000)', '#9d8152', 'Matt', 'Acrylic'], ['A.MIG-106', 'Washable Sand (RAL 8020)', '#bf9752', 'Satin', 'Acrylic'], ['A.MIG-107', 'Washable Earth', '#704c34', 'Satin', 'Acrylic'], ['A.MIG-108', 'Washable Mud', '#533229', 'Satin', 'Acrylic'], ['A.MIG-109', 'Washable Rust', '#a1412b', 'Satin', 'Acrylic'], ['A.MIG-110', 'SCC 1A (British Brown 1941-42) (RLM61)', '#362219', 'Satin', 'Acrylic'], ['A.MIG-111', 'SCC 2 (British 1941-42 Service Drab)', '#544933', 'Satin', 'Acrylic'], ['A.MIG-112', 'SCC 15 (British 1944-45 Olive Drab)', '#353b19', 'Satin', 'Acrylic'], ['A.MIG-113', 'Khaki Green No3 (British 1939-42)', '#685f38', 'Satin', 'Acrylic'], ['A.MIG-114', 'Zimmerit Ochre Color', '#9a8b76', 'Matt', 'Acrylic'], ['A.MIG-115', 'Light Skin Tone', '#eecaa8', 'Matt', 'Acrylic'], ['A.MIG-116', 'Basic Skin Tone', '#e3b4a4', 'Matt', 'Acrylic'], ['A.MIG-117', 'Warm Skin Tone', '#b68870', 'Matt', 'Acrylic'], ['A.MIG-118', 'Burnt Sand', '#7e5a3a', 'Matt', 'Acrylic'], ['A.MIG-119', 'Cold Gray (FS36628)', '#d3d3d3', 'Satin', 'Acrylic'], ['A.MIG-120', 'Light Brown-Gray', '#d6d1ce', 'Satin', 'Acrylic'], ['A.MIG-121', 'Blood Red', '#ac2b25', 'Matt', 'Acrylic'], ['A.MIG-122', 'Bone', '#ccbd94', 'Satin', 'Acrylic'], ['A.MIG-123', 'Marine Blue', '#195790', 'Satin', 'Acrylic'], ['A.MIG-124', 'Lime Green', '#109f45', 'Satin', 'Acrylic'], ['A.MIG-125', 'Gold Yellow (RLM 04)', '#d7c012', 'Satin', 'Acrylic'], ['A.MIG-126', 'Violet', '#56439c', 'Satin', 'Acrylic'], ['A.MIG-127', 'Purple', '#9154a4', 'Satin', 'Acrylic'], ['A.MIG-128', 'Cyan', '#2495fb', 'Satin', 'Acrylic'], ['A.MIG-129', 'Orange', '#e7731e', 'Satin', 'Acrylic'], ['A.MIG-130', 'Faded Yellow', '#d9ce74', 'Satin', 'Acrylic'], ['A.MIG-131', "Real IDF Sinai Grey '82", '#524e29', 'Satin', 'Acrylic'], ['A.MIG-132', "Real IDF Sand Grey '73", '#84794b', 'Satin', 'Acrylic'], ['A.MIG-133', 'Red Leather', '#643b29', 'Matt', 'Acrylic'], ['A.MIG-134', 'Burnt Brown Red', '#352005', 'Matt', 'Acrylic'], ['A.MIG-135', 'Burnt Cinnamon', '#937d6f', 'Satin', 'Acrylic'], ['A.MIG-138', 'Desert Yellow', '#b89657', 'Satin', 'Acrylic'], ['A.MIG-139', 'Red Earth', '#874640', 'Satin', 'Acrylic'], ['A.MIG-187', 'Metal Acrylic Color Jet Exhaust Burnt Iron', '#61392d', 'Metallic', 'Acrylic'], ['A.MIG-188', 'Metal Acrylic Color - Red', '#ba302d', 'Metallic', 'Acrylic'], ['A.MIG-189', 'Metal Acrylic Color - Metallic Orange', '#c65f1d', 'Metallic', 'Acrylic'], ['A.MIG-190', 'Metal Acrylic Color - Old Brass', '#8a6435', 'Metallic', 'Acrylic'], ['A.MIG-191', 'Metal Acrylic Color - Steel', '#b7b4a5', 'Metallic', 'Acrylic'], ['A.MIG-192', 'Metal Acrylic Color - Polished Metal', '#656660', 'Metallic', 'Acrylic'], ['A.MIG-193', 'Metal Acrylic Color - Bluish Titanium', '#b6afcd', 'Metallic', 'Acrylic'], ['A.MIG-194', 'Metal Acrylic Color - Matt Aluminum', '#848789', 'Metallic', 'Acrylic'], ['A.MIG-195', 'Metal Acrylic Color - Silver', '#a8a8a0', 'Metallic', 'Acrylic'], ['A.MIG-196', 'Metal Acrylic Color - Warhead Metallic Blue', '#3159a1', 'Metallic', 'Acrylic'], ['A.MIG-197', 'Metal Acrylic Color - Brass', '#a1702d', 'Metallic', 'Acrylic'], ['A.MIG-198', 'Metal Acrylic Color - Gold', '#98822d', 'Metallic', 'Acrylic'], ['A.MIG-199', 'Metal Acrylic Color - Copper', '#9f3537', 'Metallic', 'Acrylic'], ['A.MIG-200', 'Middlestone (FS 33531)', '#cbb9a3', 'Satin', 'Acrylic'], ['A.MIG-201', 'Light Grey Green (FS 34424)', '#b1caaa', 'Matt', 'Acrylic'], ['A.MIG-202', 'Tan (FS 30219)', '#a1836c', 'Matt', 'Acrylic'], ['A.MIG-0202', 'FS 30219 Tan', '#a1836c', 'Matt', 'Acrylic'], ['A.MIG-203', 'Light Compass Ghost Gray (FS36375)', '#9ab7b3', 'Satin', 'Acrylic'], ['A.MIG-204', 'Medium Gunship Gray (FS36118)', '#3b4053', 'Satin', 'Acrylic'], ['A.MIG-205', 'Gray FS26231 (BS 638)', '#617782', 'Satin', 'Acrylic'], ['A.MIG-205', 'Dark Gull Gray', '#7f8386', 'Satin', 'Acrylic'], ['A.MIG-206', 'Dark green - RLM 81 - FS34079 - BS 641', '#3f4b33', 'Satin', 'Acrylic'], ['A.MIG-207', 'FS36314 (BS 626)', '#879393', 'Satin', 'Acrylic'], ['A.MIG-208', 'Dark Compass Ghost Grey (FS36320)', '#6a7476', 'Satin', 'Acrylic'], ['A.MIG-209', 'Light Gray (FS36495)', '#bebdb9', 'Satin', 'Acrylic'], ['A.MIG-210', 'Gray Blue AMT-11 (FS35237)', '#6e7e8b', 'Matt', 'Acrylic'], ['A.MIG-211', 'Medium Grey (FS 36270)', '#8b9395', 'Satin', 'Acrylic'], ['A.MIG.0211', 'FS 36270 Medium Grey', '#99999b', 'Matt', 'Acrylic'], ['A.MIG-212', 'Silver Grey (FS 26373)', '#959a9d', 'Satin', 'Acrylic'], ['A.MIG-213', 'Green (FS 24277)', '#5c8573', 'Satin', 'Acrylic'], ['A.MIG-217', 'Grau (RLM 02)', '#383e3a', 'Satin', 'Acrylic'], ['A.MIG-218', 'Schwarzgrau (RLM 66)', '#2a2931', 'Satin', 'Acrylic'], ['A.MIG-219', 'Interior Green (FS 34226) (BS 283)', '#658e7c', 'Satin', 'Acrylic'], ['A.MIG-220', 'Sea Blue FS 25042 (ANA 606)', '#fff', 'Matt', 'Acrylic'], ['A.MIG-220', 'Zinc Chromate Green FS34151', '#536437', 'Satin', 'Acrylic'], ['A.MIG-221', 'Zinc Chromate Yellow (FS33481)', '#b19846', 'Satin', 'Acrylic'], ['A.MIG-222', 'Sandgelb (RLM 79)', '#bb8f36', 'Satin', 'Acrylic'], ['A.MIG-223', 'Interior Turquoise Green', '#0aa174', 'Matt', 'Acrylic'], ['A.MIG-224', 'Sky Line Blue A II (FS35250)', '#71c6e3', 'Satin', 'Acrylic'], ['A.MIG-226', 'Gray (FS 36622)', '#c7c6b1', 'Satin', 'Acrylic'], ['A.MIG-227', 'Sea Blue FS25042 (ANA 606)', '#24242e', 'Matt', 'Acrylic'], ['A.MIG-228', 'Intermediate Blue (ANA 608) (FS35164)', '#535a6c', 'Satin', 'Acrylic'], ['A.MIG-229', 'Dark Grey Blue (FS15102)', '#2f3768', 'Satin', 'Acrylic'], ['A.MIG-230', 'Camo Green (RLM 82)', '#3b4f2a', 'Satin', 'Acrylic'], ['A.MIG-231', 'Hellblau (RLM 65)', '#bddbdd', 'Satin', 'Acrylic'], ['A.MIG-232', 'Schwartzgr├╝n (RLM 70)', '#485038', 'Satin', 'Acrylic'], ['A.MIG-233', 'Dunkelgr├╝n (RLM 71)', '#2e3627', 'Satin', 'Acrylic'], ['A.MIG-235', 'Dark Grey AMT-12 (FS36152)', '#515560', 'Satin', 'Acrylic'], ['A.MIG-236', 'Light grey FS36293', '#6d7b7b', 'Satin', 'Acrylic'], ['A.MIG-237', 'Dark Olive Drab FS23070', '#565a37', 'Satin', 'Acrylic'], ['A.MIG-238', 'Medium Green (FS34092)', '#304936', 'Satin', 'Acrylic'], ['A.MIG-239', 'Neutral Grey (FS36122)', '#585d63', 'Satin', 'Acrylic'], ['A.MIG-240', 'FS 34086 (ANA 613)', '#40412f', 'Satin', 'Acrylic'], ['A.MIG-241', 'Light gull grey FS36440', '#90938a', 'Satin', 'Acrylic'], ['A.MIG-242', 'FS 37886', '#eff2d3', 'Satin', 'Acrylic'], ['A.MIG-243', 'Sky Type S (BS 210)', '#95b391', 'Satin', 'Acrylic'], ['A.MIG-244', 'Duck Egg Green (BS 216)', '#8ba865', 'Satin', 'Acrylic'], ['A.MIG-245', 'Grey (BS 629)', '#5a6770', 'Satin', 'Acrylic'], ['A.MIG-246', 'Medium Sea Grey - BS637', '#829292', 'Satin', 'Acrylic'], ['A.MIG-247', 'Hellblau (RLM 78)', '#819b9c', 'Satin', 'Acrylic'], ['A.MIG-248', 'Olivgr├╝n (RLM 80)', '#3b4930', 'Satin', 'Acrylic'], ['A.MIG-249', 'Light Blue', '#b5d1dd', 'Matt', 'Acrylic'], ['A.MIG-250', 'Night Blue Grey', '#535561', 'Matt', 'Acrylic'], ['A.MIG-251', 'Russian Blue AMT-7', '#30727e', 'Satin', 'Acrylic'], ['A.MIG-252', 'Grey Brown AMT-1', '#827b71', 'Matt', 'Acrylic'], ['A.MIG-253', 'Graugr├╝n (RLM 74)', '#444d4a', 'Matt', 'Acrylic'], ['A.MIG-254', 'Grauviolett (RLM 75)', '#7e7e7e', 'Satin', 'Acrylic'], ['A.MIG-255', 'Braunviolett (RLM 81)', '#543b37', 'Satin', 'Acrylic'], ['A.MIG-256', 'Graublau (RLM 84)', '#b8ba79', 'Satin', 'Acrylic'], ['A.MIG-257', 'Azure Blue', '#749db9', 'Matt', 'Acrylic'], ['A.MIG-258', 'IJA Grey Green', '#919694', 'Matt', 'Acrylic'], ['A.MIG-259', 'IJA Light Grey Green', '#77918f', 'Matt', 'Acrylic'], ['A.MIG-260', 'IJA Kawasaki Green', '#3d4b34', 'Matt', 'Acrylic'], ['A.MIG-261', 'IJA Nakajima Green', '#57715e', 'Matt', 'Acrylic'], ['A.MIG-262', 'IJN Ash Grey', '#b7b386', 'Matt', 'Acrylic'], ['A.MIG-263', 'IJN Medium Grey', '#6e6e6e', 'Matt', 'Acrylic'], ['A.MIG-264', 'IJN Nakajima Dark Green', '#06563b', 'Matt', 'Acrylic'], ['A.MIG-265', 'IJN Mitsubishi Green', '#46712d', 'Matt', 'Acrylic'], ['A.MIG-266', 'RLM 63 HELLGRAU', '#bfc1b4', 'Matt', 'Acrylic'], ['A.MIG-267', 'Aotake Blue', '#6476bb', 'Metallic', 'Acrylic'], ['A.MIG-268', 'Aotake Green', '#75b267', 'Metallic', 'Acrylic'], ['A.MIG-269', 'Nakajima Interior Green', '#918d43', 'Matt', 'Acrylic'], ['A.MIG-270', 'Mitsubishi Interior Green', '#62681e', 'Matt', 'Acrylic'], ['A.MIG-271', 'Air Superiority Blue (FS35450)', '#80a4bc', 'Matt', 'Acrylic'], ['A.MIG-272', 'Giallo Mimetico 4', '#fff', 'Matt', 'Acrylic'], ['A.MIG-273', 'Verde Anticorrosione', '#88a584', 'Matt', 'Acrylic'], ['A.MIG-274', 'Marrone Mimetico 1 (Mimetic Brown 1) FS30118', '#6e5b42', 'Satin', 'Acrylic'], ['A.MIG-275', 'Giallo Mimetico 3 (Mimetic Yellow 3) FS33434', '#cd994e', 'Satin', 'Acrylic'], ['A.MIG-0276', 'Verde Oliva Scuro 2', '#fff', None, 'Acrylic'], ['A.MIG-277', 'FS34159 Green Grey', '#5c6256', 'Satin', 'Acrylic'], ['A.MIG-500', 'Khaki Green', '#fff', 'Satin', 'Acrylic'], ['A.MIG-501', 'Khaki Brown', '#fff', 'Satin', 'Acrylic'], ['A.MIG-900', 'Dunkelgelb Shadow', '#829292', 'Satin', 'Acrylic'], ['A.MIG-901', 'Dunkelgelb Dark Base', '#6b6239', 'Satin', 'Acrylic'], ['A.MIG-902', 'Dunkelgelb Base', '#7f7c47', 'Satin', 'Acrylic'], ['A.MIG-903', 'Dunkelgelb Light Base', '#9a934d', 'Satin', 'Acrylic'], ['A.MIG-904', 'Dunkelgelb High Light', '#bfc57f', 'Satin', 'Acrylic'], ['A.MIG-905', 'Dunkelgelb Shine', '#d6d6b2', 'Satin', 'Acrylic'], ['A.MIG-906', 'Dunkelgrau Shadow', '#2f2e36', 'Satin', 'Acrylic'], ['A.MIG-907', 'Dunkelgrau Dark Base', '#333043', 'Satin', 'Acrylic'], ['A.MIG-908', 'Dunkelgrau Base', '#333542', 'Satin', 'Acrylic'], ['A.MIG-909', 'Dunkelgrau Light Base', '#5e6575', 'Satin', 'Acrylic'], ['A.MIG-910', 'Grey High Light', '#717986', 'Satin', 'Acrylic'], ['A.MIG-911', 'Grey Shine', '#a2a5ac', 'Satin', 'Acrylic'], ['A.MIG-912', 'Red Brown Shadow', '#28140d', 'Matt', 'Acrylic'], ['A.MIG-913', 'Red Brown Base', '#51150e', 'Matt', 'Acrylic'], ['A.MIG-914', 'Red Brown Light', '#9e5340', 'Satin', 'Acrylic'], ['A.MIG-915', 'Dark Green (BS 241)', '#44522f', 'Satin', 'Acrylic'], ['A.MIG-916', 'Green Base', '#445f3e', 'Satin', 'Acrylic'], ['A.MIG-917', 'Light Green', '#7fbe6d', 'Satin', 'Acrylic'], ['A.MIG-918', 'Red Primer Shadow', '#2c191d', 'Satin', 'Acrylic'], ['A.MIG-919', 'Red Primer Dark Base', '#2b1216', 'Satin', 'Acrylic'], ['A.MIG-920', 'Red Primer Base', '#341417', 'Satin', 'Acrylic'], ['A.MIG-921', 'Red Primer Light Base', '#5b201c', 'Satin', 'Acrylic'], ['A.MIG-922', 'Red Primer High Lights', '#773223', 'Satin', 'Acrylic'], ['A.MIG-923', 'Red Primer Shine', '#94492c', 'Satin', 'Acrylic'], ['A.MIG-924', 'Olive Drab Shadow', '#25221b', 'Satin', 'Acrylic'], ['A.MIG-925', 'Olive Drab Dark (RLM 83)', '#2a2e15', 'Matt', 'Acrylic'], ['A.MIG-926', 'Olive Drab Base', '#343a1a', 'Matt', 'Acrylic'], ['A.MIG-927', 'Olive Drab Light Base', '#4e5228', 'Matt', 'Acrylic'], ['A.MIG-928', 'Olive Drab High Lights', '#646a3d', 'Matt', 'Acrylic'], ['A.MIG-929', 'Olive Drab Shine', '#78835b', 'Satin', 'Acrylic'], ['A.MIG-930', 'Russian Shadow', '#2d2b1e', 'Satin', 'Acrylic'], ['A.MIG-931', 'Russian Dark Base', '#4b5028', 'Matt', 'Acrylic'], ['A.MIG-932', 'Russian Green Base', '#53592b', 'Satin', 'Acrylic'], ['A.MIG-933', 'Russian Light Base', '#6c6d43', 'Satin', 'Acrylic'], ['A.MIG-934', 'Russian High Light', '#7d8053', 'Satin', 'Acrylic'], ['A.MIG-935', 'Russian Shine', '#8d8f60', 'Satin', 'Acrylic'], ['A.MIG-2016', 'Transparator', None, 'Thinners', 'Acrylic'], ['A.MIG-2042', 'Transparator Matt', '#fff', 'Matt', 'Acrylic'], ['A.MIG-2054', 'Ultra-Matt Lucky Varnish', '#ffffff', 'Varnish', 'Acrylic'], ['A.MIG-2055', 'Matt Lucky Varnish', '#ffffff', 'Varnish', 'Acrylic'], ['A.MIG-2056', 'Satin Lucky Varnish', '#ffffff', 'Varnish', 'Acrylic'], ['A.MIG-2057', 'Gloss Lucky Varnish', '#ffffff', 'Varnish', 'Acrylic'], ['AMMO.F-500', 'Retarder', None, 'Retarders', 'Acrylic'], ['AMMO.F-501', 'White for Figures', '#fefefe', 'Satin', 'Acrylic'], ['AMMO.F-502', 'Outlining Black', '#000000', 'Satin', 'Acrylic'], ['AMMO.F-503', 'Dark Olive Green (FS-34130)', '#546346', 'Satin', 'Acrylic'], ['AMMO.F-504', 'Yellow Green (FS-34259)', '#7f832e', 'Satin', 'Acrylic'], ['AMMO.F-505', 'Pale Yellow Green (FS-33481)', '#aa934f', 'Satin', 'Acrylic'], ['AMMO.F-505', 'Pale Yellow Green', '#aa9350', 'Matt', 'Acrylic'], ['AMMO.F-506', 'Medium Russian Green (FS-34092)', '#fff', 'Satin', 'Acrylic'], ['AMMO.F-507', 'Matt Earth (FS-34088)', '#fff', 'Satin', 'Acrylic'], ['AMMO.F-508', 'Brown Base (FS-30108)', '#fff', 'Satin', 'Acrylic'], ['AMMO.F-509', 'Uniform Green Base (FS-34128)', '#fff', 'Satin', 'Acrylic'], ['AMMO.F-510', 'Uniform Sand Yellow (FS-32555)', '#fff', 'Satin', 'Acrylic'], ['AMMO.F-511', 'Light Sand (FS-33727)', '#fff', 'Satin', 'Acrylic'], ['AMMO.F-512', 'Field Grey (FS-34159)', '#fff', 'Satin', 'Acrylic'], ['AMMO.F-513', 'Field Grey Highlight (FS-34414)', '#fff', 'Satin', 'Acrylic'], ['AMMO.F-514', 'Field Grey Shadow (FS-34086)', '#464d3e', 'Satin', 'Acrylic'], ['AMMO.F-515', 'Mid Grey (FS-36357)', '#fff', 'Satin', 'Acrylic'], ['AMMO.F-516', 'Light Grey (FS-35630)', '#fff', 'Satin', 'Acrylic'], ['AMMO.F-517', 'Pale Gold Yellow', '#fff', 'Matt', 'Acrylic'], ['AMMO.F-518', 'Marine Blue', '#043455', 'Matt', 'Acrylic'], ['AMMO.F-519', 'Sapphire Blue', '#fff', 'Matt', 'Acrylic'], ['AMMO.F-520', 'Deep Cobalt Blue', '#fff', 'Matt', 'Acrylic'], ['AMMO.F-521', 'Grey Light Brown', '#fff', 'Satin', 'Acrylic'], ['AMMO.F-522', 'Slate Grey', '#fff', 'Satin', 'Acrylic'], ['AMMO.F-523', 'Uniform Blue', '#285c96', 'Matt', 'Acrylic'], ['AMMO.F-524', 'Light Sky Blue', '#83bede', 'Matt', 'Acrylic'], ['AMMO.F-525', 'Medium Blue', '#5276b1', 'Matt', 'Acrylic'], ['AMMO.F-526', 'Cyan', '#0f88bc', 'Satin', 'Acrylic'], ['AMMO.F-527', 'Pure Red', '#fd000a', 'Satin', 'Acrylic'], ['AMMO.F-528', 'Pure Green', '#6aad43', 'Satin', 'Acrylic'], ['AMMO.F-529', 'Pure Yellow', '#f3bf16', 'Satin', 'Acrylic'], ['AMMO.F-530', 'Bluish Grey', '#556469', 'Satin', 'Acrylic'], ['AMMO.F-531', 'Light Brown', '#8b6f4a', 'Satin', 'Acrylic'], ['AMMO.F-532', 'Red Brown', '#fff', 'Satin', 'Acrylic'], ['AMMO.F-533', 'Dark Brown', '#321f18', 'Satin', 'Acrylic'], ['AMMO.F-534', 'Olive Green', '#fff', 'Satin', 'Acrylic'], ['AMMO.F-535', 'Italian Green Camo', '#254434', 'Satin', 'Acrylic'], ['AMMO.F-536', 'Splinter Grey', '#fff', 'Satin', 'Acrylic'], ['AMMO.F-537', 'Sunny Skintone', '#fff', 'Satin', 'Acrylic'], ['AMMO.F-538', 'Bright Orange', '#ed9b0a', 'Matt', 'Acrylic'], ['AMMO.F-539', 'Bright Violet', '#806997', 'Matt', 'Acrylic'], ['AMMO.F-540', 'Magenta', '#b04f86', 'Matt', 'Acrylic'], ['AMMO.F-541', 'Rust Ochre', '#b1773d', 'Matt', 'Acrylic'], ['AMMO.F-542', 'Phthalo Green', '#2a523e', 'Matt', 'Acrylic'], ['AMMO-F543', 'Green Blue', '#3699ae', 'Matt', 'Acrylic'], ['AMMO.F-543', 'Green Blue', '#3699ae', 'Matt', 'Acrylic'], ['AMMO.F-544', 'Pacific Green', '#94af5e', 'Matt', 'Acrylic'], ['AMMO.F-545', 'British Brown', '#fff', 'Satin', 'Acrylic'], ['AMMO.F-546', 'Ochre Brown', '#989052', 'Satin', 'Acrylic'], ['AMMO.F-547', 'Pale Earth', '#fff', 'Satin', 'Acrylic'], ['AMMO.F-548', 'Light Skin Tone', '#e9cdaf', 'Matt', 'Acrylic'], ['AMMO.F-549', 'Basic Skin Tone', '#e3b4a4', 'Matt', 'Acrylic'], ['AMMO.F-550', 'Warm Skin Tone', '#b78e72', 'Matt', 'Acrylic'], ['AMMO.F-551', 'Burnt Sand', '#7e5d28', 'Matt', 'Acrylic'], ['AMMO.F-552', 'Red Leather', '#653c1c', 'Matt', 'Acrylic'], ['AMMO.F-553', 'Burnt Brown Red', '#3c2909', 'Matt', 'Acrylic'], ['AMMO.F-554', 'Pacific Green', '#fff', 'Matt', 'Acrylic'], ['AMMO.F-555', 'Lime Green', '#fff', 'Matt', 'Acrylic'], ['AMMO.F-556', 'Dark Green', '#fff', 'Matt', 'Acrylic'], ['AMMO.F-557', 'Brown Orange', '#fff', 'Matt', 'Acrylic'], ['AMMO.F-558', 'Beige Pink', '#fff', 'Matt', 'Acrylic'], ['AMMO.F-559', 'Orange Rust', '#fff', 'Matt', 'Acrylic'], ['AMMO.F-560', 'Khaki Grey', '#fff', 'Matt', 'Acrylic'], ['AMMO.F-561', 'Green Violet', '#fff', 'Matt', 'Acrylic'], ['AMMO.F-562', 'Light Ochre', '#fff', 'Matt', 'Acrylic'], ['AMMO.F-563', 'Buff', '#fff', 'Matt', 'Acrylic'], ['AMMO.F-564', 'Military Green', '#fff', 'Matt', 'Acrylic'], ['Matt Aluminium', 'Metal Acrylique Color', '#fff', 'Matt', 'Acrylic'], ['WHITE FOR FIGURES', 'figures', '#fff', 'Matt', 'Acrylic'], ['A.MIG-2033', 'Anti-Slip Paste - Sand Color for 1/35', None, 'Matt', 'Acrylic'], ['A.MIG-2034', 'Anti-Slip Paste - Black Color for 1/72 & 1/48', '#323232', 'Matt', 'Acrylic'], ['A.MIG-2035', 'Anti-Slip Paste - Brown Color for 1/35', None, 'Matt', 'Acrylic'], [None, None, '#fff', 'Varnish', 'Acrylic'], ['A.MIG-0339', 'Cobra Motor Paints - Carbon Fibre', None, 'Matt', 'Acrylic'], ['A.MIG-8212', 'Aqua Gloss Clear Varnish ALC600', '#ffffff', 'Varnish', 'Acrylic'], ['A.MIG-2010', 'Scratches Effects', None, 'Matt', 'Acrylic'], ['A.MIG-0600', 'Drybrush - White', '#f0efeb', 'Matt', 'Acrylic'], ['A.MIG-0601', 'Drybrush - Light Grey', '#bebdbb', 'Matt', 'Acrylic'], ['A.MIG-0602', 'Drybrush - Medium Grey', '#989c9f', 'Matt', 'Acrylic'], ['A.MIG-0603', 'Drybrush - Basalt Grey', '#5f717b', 'Matt', 'Acrylic'], ['A.MIG-0604', 'Drybrush - Panzer Grey', '#32323e', 'Matt', 'Acrylic'], ['A.MIG-0605', 'Drybrush - Bright Green', '#abbfa4', 'Matt', 'Acrylic'], ['A.MIG-0606', 'Drybrush - Medium Green', '#949170', 'Matt', 'Acrylic'], ['A.MIG-0607', 'Drybrush - Green', '#76724f', 'Matt', 'Acrylic'], ['A.MIG-0608', 'Drybrush - Light Olive Green', '#818467', 'Matt', 'Acrylic'], ['A.MIG-0609', 'Drybrush - Medium Olive Green', '#68644b', 'Matt', 'Acrylic'], ['A.MIG-0610', 'Drybrush - Light Rust', '#c7883b', 'Matt', 'Acrylic'], ['A.MIG-0611', 'Drybrush - Medium Rust', '#ae6a3d', 'Matt', 'Acrylic'], ['A.MIG-0612', 'Drybrush - Rust', '#9a5140', 'Matt', 'Acrylic'], ['A.MIG-0613', 'Drybrush - Light Blue', '#b2c8d5', 'Matt', 'Acrylic'], ['A.MIG-0614', 'Drybrush - Medium Blue', '#79bee7', 'Matt', 'Acrylic'], ['A.MIG-0615', 'Drybrush - Blue', '#406089', 'Matt', 'Acrylic'], ['A.MIG-0616', 'Drybrush - Light Sand', '#e7e4b9', 'Matt', 'Acrylic'], ['A.MIG-0617', 'Drybrush - Medium German Yellow', '#9f9562', 'Matt', 'Acrylic'], ['A.MIG-0618', 'Drybrush - Chipping', '#301d21', 'Matt', 'Acrylic'], ['A.MIG-0619', 'Drybrush - Earth', '#6c5543', 'Matt', 'Acrylic'], ['A.MIG-0620', 'Drybrush - Dark Sand', '#b79a88', 'Matt', 'Acrylic'], ['A.MIG-0621', 'Drybrush - Light Metal', '#d7d7d7', 'Metallic', 'Acrylic'], ['A.MIG-0622', 'Drybrush - Gun Metal', '#a7a7a7', 'Metallic', 'Acrylic'], ['A.MIG-0623', 'Drybrush - Brass', '#ddb651', 'Metallic', 'Acrylic'], ['A.MIG-0624', 'Drybrush - Faded Yellow', '#e0c92e', 'Matt', 'Acrylic'], ['A.MIG-0625', 'Drybrush - Light Skin', '#e3c8aa', 'Matt', 'Acrylic'], ['A.MIG-0626', 'Drybrush - Light Brick', '#97733f', 'Matt', 'Acrylic'], ['A.MIG-2075', 'Plasticator Thin', None, None, 'Acrylic'], ['A.MIG-2076', 'Plasticator Thick', None, None, 'Acrylic'], ['A.MIG-2182', 'QUAKE CRACKLE CREATOR TEXTURES Dry Season Clay', None, 'Matt', 'Acrylic'], ['A.MIG-2183', 'QUAKE CRACKLE CREATOR TEXTURES Old Blacktop', None, 'Matt', 'Acrylic'], ['A.MIG-2184', 'QUAKE CRACKLE CREATOR TEXTURES Scorched Sand', None, 'Matt', 'Acrylic'], ['A.MIG-2185', 'QUAKE CRACKLE CREATOR TEXTURES Baked Earth', None, 'Matt', 'Acrylic'], ['A.MIG-2186', 'QUAKE CRACKLE CREATOR TEXTURES Dry Season Clay', None, 'Matt', 'Acrylic'], ['A.MIG-2251', 'U-RUST Deep Oxide', None, 'Matt', 'Acrylic'], ['A.MIG-2252', 'U-RUST Black Oxide', None, 'Matt', 'Acrylic'], ['A.MIG-2253', 'U-RUST Black Oxide Transparent', None, 'Matt', 'Acrylic'], ['A.MIG-2254', 'U-RUST Rust Oxide Patina', None, 'Matt', 'Acrylic'], ['A.MIG-2255', 'U-RUST Copper Blue Patina', None, 'Matt', 'Acrylic'], ['A.MIG-2256', 'U-RUST Oxide Grime', None, 'Matt', 'Acrylic'], ['A.MIG-2000', 'Acrylic Thinner', None, 'Thinners', 'Acrylic'], ['A.MIG-2002', 'Surface Primer - Grey', '#8c8b87', 'Matt', 'Acrylic'], ['A.MIG-2003', 'Surface Primer - Dark Yellow', '#baa758', 'Satin', 'Acrylic'], ['A.MIG-2004', 'Surface Primer - White', '#ffffff', 'Matt', 'Acrylic'], ['A.MIG-2005', 'Surface Primer - Black', '#000000', 'Matt', 'Acrylic'], ['A.MIG-2006', 'Surface Primer -  Rust', '#270d0c', 'Satin', 'Acrylic'], ['A.MIG-2007', 'Surface Primer - Tracks', '#3a1e13', 'Satin', 'Acrylic'], ['A.MIG-2008', 'Surface Primer - Desert Sand', '#b3a986', 'Satin', 'Acrylic'], ['A.MIG-2009', 'Surface Primer - Russian Green', '#2a422c', 'Satin', 'Acrylic'], ['A.MIG-2017', 'Transparator', None, None, 'Acrylic'], ['A.MIG-2022', 'One Shot Primer - White', '#ffffff', 'Matt', 'Acrylic'], ['A.MIG-2023', 'One Shot Primer - Black', '#000000', 'Matt', 'Acrylic'], ['A.MIG-2024', 'One Shot Primer - Grey', '#6a6a6a', 'Satin', 'Acrylic'], ['A.MIG-2026', 'One Shot Primer - Brown Oxide', '#412017', 'Satin', 'Acrylic'], ['A.MIG-2027', 'One Shot Primer - Sand Flesh', '#b8a472', 'Satin', 'Acrylic'], ['A.MIG-2028', 'One Shot Primer - Green', '#263427', 'Satin', 'Acrylic'], ['A-MIG-2041', 'One Shot Primer - Transparent', '#fff', 'Matt', 'Acrylic'], ['A.MIG-2043', 'Transparator Matt', None, 'Matt', 'Acrylic'], ['AMIG 2050', 'Lucky Ultra-Matt Varnish', '#f5f5f5', 'Varnish', 'Acrylic'], ['A.MIG-2050', 'Ultra-Matt Lucky Varnish', None, 'Varnish', 'Acrylic'], ['A.MIG-2051', 'Matt Lucky Varnish', None, 'Varnish', 'Acrylic'], ['A.MIG-2052', 'Satin Lucky Varnish', '#ffffff', 'Varnish', 'Acrylic'], ['A.MIG-2053', 'Gloss Lucky Varnish', None, 'Varnish', 'Acrylic'], ['A.MIG-2001', 'Cleaner', None, 'Cleaners', 'Acrylic'], ['A.MIG-2170', 'TERRAFORM Thin Concrete', None, 'Matt', 'Acrylic'], ['A.MIG-2171', 'TERRAFORM Clay', None, 'Matt', 'Acrylic'], ['A,MIG-2172', 'TERRAFORM Asphalt', None, 'Matt', 'Acrylic'], ['A.MIG-2173', 'TERRAFORM Beach Sand', None, 'Matt', 'Acrylic'], ['A.MIG-2174', 'TERRAFORM River Sand', None, 'Matt', 'Acrylic'], ['A.MIG-2175', 'TERRAFORM Pacific Sand', None, 'Matt', 'Acrylic'], ['A.MIG-2176', 'TERRAFORM Wet Sand', None, 'Matt', 'Acrylic'], ['A.MIG-2177', 'TERRAFORM Ballast', None, 'Matt', 'Acrylic'], ['A.MIG-2178', 'TERRAFORM Road Sand', None, 'Matt', 'Acrylic'], ['A.MIG-2179', 'TERRAFORM Concrete', None, 'Matt', 'Acrylic'], ['A.MIG-2180', 'TERRAFORM Wall Whitewashing', None, 'Matt', 'Acrylic'], ['A.MIG-7245', 'AV-8S Spanish Matador', None, 'Paint sets', 'Acrylic'], ['a.mig-7301', 'DRYBRUSH Set Green Colors', None, 'Paint sets', 'Acrylic'], ['a.mig-7305', 'DRYBRUSH Set Metallic Colors Set', None, 'Paint sets', 'Acrylic'], ['A.MIG-7306', 'DRYBRUSH Set Faded Colors Set', None, 'Paint sets', 'Acrylic'], ['A.MIG-3500', 'Oilbrusher - Black', '#000000', 'Matt', None], ['A.MIG-3501', 'Oilbrusher - White', '#ffffff', 'Matt', None], ['A.MIG-3502', 'Oilbrusher - AMMO Yellow', '#fdd100', 'Matt', None], ['A.MIG-3503', 'Oilbrusher - Red', '#bd0310', 'Matt', None], ['A.MIG-3504', 'Oilbrusher - Dark Blue', '#003d8d', 'Matt', None], ['A.MIG-3505', 'Oilbrusher - Olive Green', '#5b7222', 'Matt', None], ['A.MIG-3506', 'Oilbrusher - Field Green', '#444614', 'Matt', None], ['A.MIG-3507', 'Oilbrusher - Dark Green', '#2d3923', 'Matt', None], ['A.MIG-3508', 'Oilbrusher - Dark Mud', '#684616', 'Matt', None], ['A.MIG-3509', 'Oilbrusher - Medium Grey', '#acaaab', 'Matt', None], ['A.MIG-3510', 'Oilbrusher - Rust', '#7f2614', 'Matt', None], ['A.MIG-3511', 'Oilbrusher - Red Primer', '#b44b36', 'Matt', None], ['A.MIG-3512', 'Oilbrusher - Dark Brown', '#3e1718', 'Matt', None], ['A.MIG-3513', 'Oilbrusher - Starship Filth', '#404034', 'Matt', None], ['A.MIG-3514', 'Oilbrusher - Earth', '#885212', 'Matt', None], ['A.MIG-3515', 'Oilbrusher - Ochre', '#ca7a17', 'Matt', None], ['A.MIG-3516', 'Oilbrusher - Dust', '#c0a16a', 'Matt', None], ['A.MIG-3517', 'Oilbrusher - Buff', '#cfbf84', 'Matt', None], ['A.MIG-3518', 'Oilbrusher - Sunny Flesh', '#f1d993', 'Matt', None], ['A.MIG-3519', 'Oilbrusher - Light Flesh', '#efe2cf', 'Matt', None], ['A.MIG-3520', 'Oilbrusher - Basic Flesh', '#eed6b4', 'Matt', None], ['A.MIG-3521', 'Oilbrusher - Yellow Bone', '#f8f1c5', 'Matt', None], ['A.MIG-3522', 'Oilbrusher - Medium Soil', '#957e52', 'Matt', None], ['A.MIG-3523', 'Oilbrusher - Dusty Earth', '#ac9b81', 'Matt', None], ['A.MIG-3524', 'Oilbrusher - Earth Clay', '#613a1d', 'Matt', None], ['A.MIG-3525', 'Oilbrusher - Red Tile', '#a34d2c', 'Matt', None], ['A.MIG-3526', 'Oilbrusher - Space Purple', '#3b233d', 'Matt', None], ['A.MIG-3527', 'Oilbrusher - Marine Blue', '#2b4673', 'Matt', None], ['A.MIG-3528', 'Oilbrusher - Sky Blue', '#3f6f9f', 'Matt', None], ['A.MIG-3529', 'Oilbrusher - Mecha Light Green', '#5d946a', 'Matt', None], ['A.MIG-3530', 'Oilbrusher - Weed Green', '#568446', 'Matt', None], ['A.MIG-3531', 'Oilbrusher - Mecha Dark Green', '#003630', 'Matt', None], ['A.MIG-3532', 'Oilbrusher - Starship Bay Sludge', '#332116', 'Matt', None], ['A.MIG-3533', 'Oilbrusher - Raptor Shuttle Turquoise', '#092e37', 'Matt', None], ['A.MIG-3534', 'Oilbrusher - Summer Soil', '#a48336', 'Matt', None], ['A.MIG-3535', 'Oilbrusher - Gun Metal', '#4e4e4e', 'Matt', None], ['A.MIG-3536', 'Oilbrusher - Steel', '#676767', 'Matt', None], ['A.MIG-3537', 'Oilbrusher - Aluminium', '#828282', 'Metallic', None], ['A.MIG-3538', 'Oilbrusher - Silver', '#b4b4b4', 'Metallic', None], ['A.MIG-3539', 'Oilbrusher - Gold', '#deb74e', 'Metallic', None], ['#a5a7ad', 'Polished Aluminium', None, 'Metallic', None], ['A.MIG-2013', 'A-STAND Airbrush Cleaner', None, 'Cleaners', None], ['A.MIG-2301', 'A-STAND Duraluminium', None, 'Metallic', None], ['A.MIG-2303', 'A-STAND Pale Burnt Metal', None, None, None], ['A.MIG-2305 ', 'A-STAND White Aluminium', None, 'Metallic', None], ['A.MIG-2307', 'A-STAND Pale Gold', None, 'Metallic', None], ['A.MIG-2311', 'A-STAND Steel', None, 'Metallic', None], ['A.MIG-2312', 'A-STAND Jet Exhaust', None, 'Metallic', None], ['A.MIG-2314', 'A-STAND Stainless Steel', None, 'Metallic', None], ['A.MIG-2315', 'A-STAND Semi Matt Aluminium', None, 'Metallic', None], ['A.MIG-2315', 'A-STAND Semi Matt Aluminium', None, 'Metallic', None], ['A.MIG-2316', 'A-STAND Dull Aluminium', None, 'Metallic', None], ['A.MIG-2318', 'A-STAND Airframe Aluminium', None, 'Gloss', None], ['A.MIG-2323', 'A-STAND High Speed Silver', None, 'Metallic', None], ['A.MIG-2324', 'A-STAND High-Shine Plus Aluminium', None, 'Metallic', None], ['A.MIG-2350', 'A-STAND Lacquer Grey Primer & Microfiller', None, 'Matt', None], ['A.MIG-2351', 'A-STAND Gloss Black Base Primer', None, 'Gloss', None], ['A.MIG-2354', 'A-STAND Black Primer & Microfiller', None, 'Matt', None], ['A.MIG-2402', 'A-STAND Transparent Yellow', None, None, None], ['A.MIG-2403', 'ASTAND Transparent Blue', None, None, None], ['A.MIG-2405', 'A-STAND Tranparent Smoke', None, None, None], ['A.MIG-2406', 'A-STAND Armoured Glass', None, 'Gloss', None], ['A.Mig-2500', 'A-STAND Klear Kote Gloss', None, 'Varnish', None], ['A.MIG-2501', 'A-STAND Lacquer Satin Varnish', None, 'Varnish', None], ['A.MIG-2502', 'A-STAND Lacquer Varnish Matt', None, 'Varnish', None], ['A.MIG-2503', 'A-STAND Aqua Gloss Clear', None, 'Varnish', None], ['A.MIG-8200', 'Lacquer Thinner & Cleaner ALC307', '#ffffff', 'Cleaners', None], ['A.MIG-8201', 'Aluminium ALC101', '#8c8d88', 'Metallic', None], ['A.MIG-8202', 'Duraluminium ALC102', '#89877b', 'Metallic', None], ['A.MIG-8203', 'Dark Aluminium ALC 103', '#8d8a81', 'Metallic', None], ['A.MIG-8204', 'Polished Aluminium ALC105', '#80817b', 'Metallic', None], ['A.MIG-8205', 'Chrome for Plastic ALC107', '#787773', 'Metallic', None], ['A.MIG-8206', 'Polished Brass ALC109', '#7d6d32', 'Metallic', None], ['A.MIG-8207', 'Copper ALC110', '#a57756', 'Metallic', None], ['A.MIG-8208', 'Jet Exhaust ALC113', '#1a170e', 'Metallic', None], ['A.MIG-8209', 'Burnt Iron ALC121', '#473728', 'Metallic', None], ['A.MIG-8210', 'Gloss Black Base Primer ALC305', '#000000', 'Gloss', None], ['A.MIG-8211', 'Black Microfiller ALC309', '#000000', 'Matt', None], ['A.MIG-8213', 'Steel ALC112', '#5f5c55', 'Metallic', None], ['A.MIG-8214', 'Magnesium ALC111', '#7a766a', 'Metallic', None], ['A.MIG-8215', 'Airframe Aluminium ALC119', '#a4a6a5', 'Metallic', None], ['A.MIG-8216', 'Gold Titanium ALC118', '#989989', 'Metallic', None], ['A.MIG-8217', 'Stainless Steel ALC115', '#858681', 'Metallic', None], ['A.MIG-8218', 'Pale Burnt Metal ALC104', '#a8a280', 'Metallic', None], ['A.MIG-2020', 'Tracks Burnishing Fluid', '#1ca7bc', 'Matt', None], ['A.MIG-2021', 'PHOTOETCH BURNISHING FLUID', '#1ba6bb', None, None], ['TTH100', 'TITANS HOBBY: BLACK MATT PRIMER', '#fff', 'Matt', None], ['TTH101', 'TITANS HOBBY: WHITE MATT PRIMER', '#fff', 'Matt', None], ['TTH102', 'TITANS HOBBY: LIGHT GREY MATT PRIMER', '#fff', 'Matt', None], ['TTH103', 'TITANS HOBBY: SPACE BLUE MATT PRIMER', '#fff', 'Matt', None], ['TTH104', 'TITANS HOBBY: IMPERIAL YELLOW MATT PRIMER', '#fff', 'Matt', None], ['TTH105', 'TITANS HOBBY: ROYAL RED MATT PRIMER', '#fff', 'Matt', None], ['TTH106', 'TITANS HOBBY: EMERALD GREEN MATT PRIMER', '#fff', 'Matt', None], ['TTH107', 'TITANS HOBBY: MAGIC PURPLE MATT PRIMER', '#fff', 'Matt', None], ['TTH108', 'TITANS HOBBY: MILITARY GREEN MATT PRIMER', '#fff', 'Matt', None], ['TTH109', 'TITANS HOBBY: BARE METAL PRIMER', '#fff', 'Matt', None], ['TTH110', 'TITANS HOBBY: TRANSPARENT MATT VARNISH / BASE', '#fff', 'Varnish', None], ['TTH111', 'TITANS HOBBY: DESERT YELLOW MATT PRIMER', '#fff', 'Matt', None], ['TTH112', 'TITANS HOBBY: PANZERGRAU MATT PRIMER (German dark grey)', '#fff', 'Matt', None], ['TTH113', 'TITANS HOBBY: RUST BASE MATT PRIMER', '#fff', 'Matt', None], ['TTH114', 'TITANS HOBBY: GLOSS TRANSPARENT VARNISH', '#fff', 'Varnish', None], ['TTH115', 'TITANS HOBBY: FLESH TONE MATT PRIMER', '#fff', 'Matt', None], ['TTH117', 'TITANS HOBBY: GUN METAL PRIMER', '#fff', 'Matt', None], ['TTH118', 'TITANS HOBBY Wooden Deck Matt Primer', None, 'Matt', None], ['A.MIG-3000', 'Pigment Fixer', None, None, None], ['A.MIG-3001', 'Modelling Pigment - Black', '#111111', 'Matt', None], ['A.MIG-3002', 'Modelling Pigment - Light Dust', '#a29d87', 'Matt', None], ['A.MIG-3003', 'Modelling Pigment - North Africa Dust', '#a6a96e', 'Matt', None], ['A.MIG-3004', 'Modelling Pigment - Europe Earth', '#574833', 'Matt', None], ['A.MIG-3005', 'Modelling Pigment - Medium Rust', '#582313', 'Matt', None], ['A.MIG-3006', 'Modelling Pigment - Light Rust', '#984c18', 'Matt', None], ['A.MIG-3007', 'Modelling Pigment - Dark Earth', '#403017', 'Matt', None], ['A.MIG-3008', 'Modelling Pigment - Track Rust', '#230f08', 'Matt', None], ['A.MIG-3009', 'Modelling Pigment - Gun Metal', '#1a1921', 'Matt', None], ['A.MIG-3010', 'Modelling Pigment - Concrete', '#aba994', 'Matt', None], ['A.MIG-3011', 'Modelling Pigment - Airfield Dust', '#c1a97d', 'Matt', None], ['A.MIG-3012', 'Modelling Pigment - Sand', '#aa946d', 'Matt', None], ['A.MIG-3013', 'Modelling Pigment - Rubble', '#6b523c', 'Matt', None], ['A.MIG-3014', 'Modelling Pigment - Russian Earth', '#5b4f43', 'Matt', None], ['A.MIG-3015', 'Modelling Pigment - Brick Dust', '#a3775a', 'Matt', None], ['A.MIG-3016', 'Modelling Pigment - White', '#d3d3d3', 'Matt', None], ['A.MIG-3017', 'Modelling Pigment - Primer Red', '#652a24', 'Matt', None], ['A.MIG-3018', 'Modelling Pigment - Middle East Dust', None, 'Matt', None], ['A.MIG-3019', 'Modelling Pigment - Army Green', '#494f33', 'Matt', None], ['A.MIG-3020', 'Modelling Pigment - Metal Slag', '#140f13', 'Matt', None], ['A.MIG-3021', 'Modelling Pigment - Polished Metal', '#515151', 'Matt', None], ['A.MIG-3022', 'Modelling Pigment - Vietnam Earth', '#ac6c46', 'Matt', None], ['A.MIG-3023', 'Modelling Pigment - Sinai Dust', '#acbc7d', 'Matt', None], ['A.MIG-3024', 'Modelling Pigment - Negev Sand', '#919b66', 'Matt', None], ['A.MIG-3025', 'Modelling Pigment - Syrian Ground', '#9aa56b', 'Matt', None], ['A.MIG-3026', 'Modelling Pigment - Golan Earth', '#859475', 'Matt', None], ['A.MIG-3027', 'Modelling Pigment - Farm Dark Earth', '#161711', 'Matt', None], ['A.MIG-3028', 'Modelling Pigment - City Dark Dust', '#616145', 'Matt', None], ['A.MIG-3029', 'Modelling Pigment - Winter Soil', '#312e1f', 'Matt', None], ['A.MIG-3030', 'Modelling Pigment - Factory Dirt Ground', '#95a080', 'Matt', None], ['AMIG7460', 'U-Rust Corrosion Creator Set', '##fff', None, None], ['A. Mig 7902', 'Solution box mini WWII German DAK vehicles', '#282c35', None, None], ['A.MIG-7805', 'Rust Effects', '#190f0d', None, None], ['A.MIG-7807', 'Super Pack Mud Effects', '#683f23', None, None], [None, None, '#190f0d', None, None], ['A.MIG-7900', '4BO Green Vehicles - Mini Solution Box', '#260e0e', None, None], ['A.MIG-7720', 'Imperial Galactic Fighters - Solution Box', '#000000', None, None], ['A.MIG-7702', 'WWII Luftwaffe Late Fighters - Solution Box', '#1e1a1b', None, None], ['A.MIG-7703', 'WWII German Late - Solution Box', '#2c3539', None, None], ['A.MIG-7709', 'USAF/Navy Grey - Solution Box', '#676767', None, None], ['A.MIG-7721', 'Bare Metal Aircraft - Solution Box', '#1a1921', None, None], ['A.MIG-7701', 'IDF Vehicles - Solution Box', '#471a15', None, None], ['A.MIG-7700', 'WWII USA ETO - Solution Box', '#646a3d', None, None], ['A.MIG-7719', 'Realistic Rust - Solution Box', '#c9b077', None, None], ['A.MIG-7722', 'WWII RAF Early Aircraft - Solution Box', '#c9b077', None, None], ['A.MIG-7901', 'Solution Box MINI - How to paint WWII German winter vehicles', '#40372e', None, None], ['A.MIG-7450', 'Filter Set For Winter And UN Vehicles', '#666561', None, None], ['A.MIG-7451', 'Filter Set For Desert Vehicles', '#715d28', None, None], ['A.MIG-7452', 'Filter Set For Green Vehicles', '#69644e', None, None], ['A.MIG-7453', 'Filter Set For German Tanks', '#112b46', None, None], ['A.MIG-7402', 'Engines Oil and Fuel Enamel Weathering set', '#3e3731', None, None], ['A.MIG-7403', 'Rusty Vehicles Enamel Weathering set', '#190f0d', None, None], ['A.MIG-7405', 'Mud Eastern Front', '#281e14', None, None], ['A.MIG-7406', 'DAK Vehicles Enamel Weathering Set', '#40372e', None, None], ['A.MIG-7408', 'Europe Earth Set', '#5b4a3a', None, None], ['A.MIG-7409', 'Humidity & wet effects', '#1f3e12', None, None], ['A.MIG-7410', 'U.S. Modern Vehicles Weathering set', '#5d4a3b', None, None], ['A.MIG-7414', 'Air Weathering Set German Early Fighters & Bombers', '#5c3c16', None, None], ['A.MIG-7415', 'Air Weathering Set German Late Fighters', '#252519', None, None], ['A.MIG-7416', 'Early RAF Fighters and Bombers Weathering set', '#616b74', None, None], ['A.MIG-7417', 'WWII PACIFIC US NAVY AIRPLANES washes set', '#3f241d', None, None], ['A.MIG-7418', 'Air Weathering Set WWII Japanese Airplanes', '#411f1d', None, None], ['A.MIG-7419', 'US Navy Grey Jets', '#8e8d92', None, None], ['A.MIG-7420', 'Airplanes Engines and Exhausts', '#190c06', None, None], ['A.MIG-7421', 'Airplanes Dust Effects', '#5b4a3a', None, None], ['A.MIG-7423', 'Metallic Airplanes & Jets', '#4f5054', None, None], ['A.MIG-7424', 'Desert Airplanes', '#b29d64', None, None], ['A.MIG-7429', 'Weathering Set for Mechas', '#332a19', None, None], ['A.MIG-7439', 'Mud & Earth Set - Damp Soils', '#a89d6f', None, None], ['A.MIG-7440', 'Mud & Earth Set - Arid & Dusty Soils', '#bcb38c', None, None], ['A.MIG-7441', 'Mud & Earth Set - Churned Earth Soils', '#a19a87', None, None], ['A.MIG-7442', 'Mud & Earth Set - Glossy Wet Mud Soils', '#211c18', None, None], ['A.MIG-7146', 'Civil Engines Weathering Set', '#1f0b02', None, None], ['A.MIG-7443', 'Weathering Set German Camo', '#47371d', None, None], ['A.MIG-7446', 'NATO Weathering Set', '#1b1612', None, None], ['A.MIG-7447', 'First Aid Basic Washes', '#190f0d', None, None], ['A.MIG-7470', 'Depot Areas & Sludge Tracks', '#190f0d', None, None], ['StreakingCol', 'Streakingbrusher - Collection', '#d8ceb3', None, None], ['A.MIG-7435', 'Modern Russian Cockpits', '#1b1612', None, None], ['A.MIG-7430', 'Early Luftwaffe Cockpits', '#47371d', None, None], ['A.MIG-7431', 'Late Luftwaffe Cockpits', '#4f5054', None, None], ['A.MIG-7432', 'WWII British Cockpits', '#3a2e22', None, None], ['A.MIG-7433', 'WWII USA Cockpits', '#1f0b02', None, None], ['A.MIG-7434', 'WWII USA Interiors', '#3e3731', None, None], ['A.MIG-7145', 'Civil Vehicles Weathering Set', '#462722', None, None], ['A.MIG-7438', 'Weathering Set for WET EARTH TRACKS', '#130707', None, None], ['A.MIG-7147', 'Weathering set Modern Russian vehicles', '#1f0b02', None, None], ['A.MIG-7437', 'Weathering Set for DRY EARTH TRACKS', '#190f0d', None, None], ['A.MIG-7247', 'Modern Luftwaffe Vol 2', None, None, None], ['A.MIG-7186', 'StuG III Mid & Late Colors 1944 to 1945', '#2f3722', None, None], ['A.MIG-7102', 'D.A.K. Colors Smart Set', '#282c35', None, None], ['A.MIG-7103', 'Modern Syrian Camouflage Set', '#d8a64f', None, None], ['A.MIG-7104', 'Bundeswehr Afghanistan Scheme Set', '#947964', None, None], ['A.MIG-7114', 'Nato Color Set', '#2a3720', None, None], ['A.MIG-7115', 'IDF Colors', '#56542e', None, None], ['A.MIG-7135', 'Vietnam Colors Set', '#56662d', None, None], ['A.MIG-7136', 'Russian WWII Colors Set', '#35302c', None, None], ['A.MIG-7139', 'Afghanistan War (1979-1989)', '#c9b68e', None, None], ['A.MIG-7141', '1944-1945 German Standard Colors', '#687e4d', None, None], ['A.MIG-7142', 'German Factory Colors', '#471a15', None, None], ['A.MIG-7167', 'AFV Argentinian Colors', '#947964', None, None], ['A.MIG-7172', 'M48H RoCa (Republic of China Army)', '#384527', None, None], ['A.MIG-7000', 'Dunkelgelb Modulation Basic Set', '#bfc57f', None, None], ['A.MIG-7001', 'Dunkelgrau Modulation Basic Set', '#717986', None, None], ['A.MIG-7002', 'Red Primer Modulation Set', '#2b1216', None, None], ['A.MIG-7003', 'Olive Drab Modulation Set', '#646a3d', None, None], ['A.MIG-7004', 'Russian 4BO Modulation Set', '#4b5028', None, None], ['A.MIG-7020', 'Winter Uniforms', '##fff', None, None], ['A.MIG-7021', 'German Field Grey Uniforms', '#000000', None, None], ['A.MIG-7022', 'US Forces Uniforms WWII', '##fff', None, None], ['A.MIG-7023', 'Soviet Uniforms WWII', '##fff', None, None], ['A.MIG-7024', 'Panzer Crew', '#000000', None, None], ['A.MIG-7025', 'Luftwaffe WWII Pilot Uniforms Set', '#043455', None, None], ['A.MIG-7026', 'RAF WWII Pilot Uniforms', '##fff', None, None], ['A.MIG-7030', 'Figures Set - IDF Uniforms', '##fff', None, None], ['A.MIG-7031', 'Russian Flora Uniforms. Figures Set', '##fff', None, None], ['A.MIG-7033', 'Figures Set - British WWII Uniforms', '#7f832e', None, None], ['A.MIG-7034', 'US Vietnam Uniforms Set', '#7f832e', None, None], ['A.MIG-7040', 'Japanese Infantry WWII', '#aa934f', None, None], ['A.MIG-7046', 'Figures Set - British Army in Africa', '##fff', None, None], ['A.MIG-7137', 'WWII Japanese AFV Early Colors', '#ffff00', None, None], ['A.MIG-7140', 'British 1939-45 European Colors', '#685f38', None, None], ['A.MIG-7143', 'Russian Greens - 1956 to present', '#555136', None, None], ['A.MIG-7144', 'WWI German Tanks', '#717986', None, None], ['A.MIG-7148', '1939-1944 German Standard Colors', '#4e5536', None, None], ['A.MIG-7150', 'British Berlin Camouflage Colors 1988-1991', '#2a3720', None, None], ['A.MIG-7151', 'Modern French Armed Forces Colours', '#1e1a1b', None, None], ['A.MIG-7152', 'PLA (CHINESE PEOPLEΓÇÖS LIBERATION ARMY) COLORS', '#3b6428', None, None], ['A.MIG-7173', 'Republic of Korea Army Modern Colors', '#1e1a1b', None, None], ['A.MIG-7180', 'Regio Esercito WWII', '#28140d', None, None], ['A.MIG-7200', 'IAF Desert Colors', '#9ab7b3', None, None], ['A.MIG-7201', "US Navy Colors from 80's To Present", '#9ab7b3', None, None], ['A.MIG-7202', 'USAF Colors Grey Modern Jets', '#9ab7b3', None, None], ['A.MIG-7203', "UK Aircraft Colors from 50's To Present", '#3b4053', None, None], ['A.MIG-7204', 'MiG & SU Colors Grey & Green Fighters', '#9ab7b3', None, None], ['A.MIG-7205', "60's-70's USAF TAC Colors (Also Vietnam Colors)", '#535e34', None, None], ['A.MIG-7206', 'Argentinian Colors Vol. 1 (Also Falklands War)', '#535e34', None, None], ['A.MIG-7207', 'US Navy WWII Colors', '#e7e7e7', None, None], ['A.MIG-7208', 'SU-33 Colors', '#e7e7e7', None, None], ['A.MIG-7209', 'Luftwaffe WWII Late Colors', '#9bc5b7', None, None], ['A.MIG-7210', 'Luftwaffe WWII Early Colors', '#383e3a', None, None], ['A.MIG-7211', 'French Modern Jets', '#3f4b33', None, None], ['A.MIG-7212', 'USAAF WWII Colors', '#585d63', None, None], ['A.MIG-7214', 'Late WWII RAF Colors', '#44522f', None, None], ['A.MIG-7215', 'RAF WWII Early Colors', '#44522f', None, None], ['A.MIG-7216', 'Bare Metal Aircraft Colors', '#2c3539', None, None], ['A.MIG-7217', 'Middle East Air Forces', '#d8a64f', None, None], ['A.MIG-7218', 'Luftwaffe Desert Colors', '#d7c012', None, None], ['A.MIG-7219', 'SU-35 Flanker-E Colors', '#b2b2b2', None, None], ['A.MIG-7220', 'Luftwaffe WWII Mid War Set', '#1e1a1b', None, None], ['A.MIG-7221', 'Luftwaffe WWII End War', '#9bc5b7', None, None], ['A.MIG-7222', 'VVS Russian WWII early colors', '#ffffff', None, None], ['A.MIG-7223', 'VVS Russian WWII late colors', '#6e7e8b', None, None], ['A.MIG-7224', 'VVS RUSSIAN WWII BOMBER COLORS', '#5e7d3a', None, None], ['A.MIG-7225', 'RAF WWII Desert Colors', '#d8a64f', None, None], ['A.MIG-7226', 'Guerra Civil Espa├▒ola - Set de Aviaci├│n Nacional', '#384527', None, None], ['A.MIG-7227', 'Spanish Civil War - Republican Aircrafts', '#5e7d3a', None, None], ['A.MIG-7228', 'French WWII Colors', '#6a6837', None, None], ['A.MIG-7233', 'WWII Japanese Cockpits Set', '#6476bb', None, None], ['A.Mig-7236', 'Regia Aeronautica Cockpits', '#304936', None, None], ['A.MIG-7251', 'US Army Helicopters', '#78835b', None, None], ['A.MIG-7801', 'Wood effects set', None, None, None], [None, None, '#7f832e', None, None], ['A.MIG', 'King Tiger Interior Colors', '#fff', None, None], ['A.MIG-666', 'Halloween set', '#81858e', None, None], ['A.MIG-7027', 'Basic Color Set for Figures', '#000000', None, None], ['A.MIG-7028', 'Figures Set - Multicam Camouflage', '#7f832e', None, None], ['A.MIG-7028', 'Multicam Camouflage Set', '#7f832e', None, None], ['A.MIG-7029', 'Splinter Camouflage Set', '##fff', None, None], ['A.MIG-7038', 'DAK Uniforms (Africa Korps) Figures Set', '#546346', None, None], ['A.MIG-7044', 'US Marines WWII Set', '#7f832e', None, None], ['A.MIG-7100', 'Early German Colours 1939 to 1944', '#4e5536', None, None], ['A.MIG-7101', 'Late German Camouflages 1944 to 1945', '#2f3722', None, None], ['A.MIG-7105', 'Tires & Tracks', '#000000', None, None], ['A.MIG-7106', 'Rust Effects Colors', '#490000', None, None], ['A.MIG-7107', 'Soviet Camouflages', '#ffffff', None, None], ['A.MIG-7108', 'Interior Colors (German Tanks 1939-1945)', '#471a15', None, None], ['A.MIG-7109', 'Modern Russian Camo Colors', '#cfae51', None, None], ['A.MIG-7110', 'French Tanks Colors Camouflage colors from 1914 to 1940', '#3b6428', None, None], ['A.MIG-7111', 'British & German Camouflage tanks colors from 1914 to 1918', '#6a6837', None, None], ['A.MIG-7112', 'Tools Colors', '#51150e', None, None], ['A.MIG-7113', 'Yom Kippur War Colors', '#c9b077', None, None], ['A.MIG-7116', 'Wargame Early and DAK German Set', '#b7a480', None, None], ['A.MIG-7117', 'Wargame 1943-1945 German Set', '#bfc57f', None, None], ['A.MIG-7118', 'Wargame 1945 Late German Set', '#cabf87', None, None], ['A.MIG-7119', 'Wargame US Armor Set', '#78835b', None, None], ['A.MIG-7123', 'Weapons Colors', '#51150e', None, None], ['A.MIG-7124', 'WWII Ammunition Colors', '#2f3722', None, None], ['A.MIG-7125', 'Ukrainian ATO Colors', '#ffff00', None, None], ['A.MIG-7126', 'Novorossiya Colors', '#c9b68e', None, None], ['A.MIG-7127', 'Robots & Mechas Colors', '#ffff00', None, None], ['A.MIG-7128', 'Black & White Technique Set', '#ffffff', None, None], ['A.MIG-7129', 'Modern Ammunition Set', '#000000', None, None], ['A.MIG-7130', 'Star Defenders & Sci-Fi Colors', '#81858e', None, None], ['A.MIG-7131', 'Space Fighters & Sci-Fi Colors', '#e7e7e7', None, None], ['A.MIG-7149', 'Green Mechas Colors', '#2c3539', None, None], ['A.MIG-7153', 'Space Legions Color Set', '#656660', None, None], ['A.MIG-7154', 'Futuristic Warzone Scenarios Color Set', '#2c3539', None, None], ['A.MIG-7155', 'Sci-Fi Ground Vehicles Color Set', '#445366', None, None], ['A.MIG-7156', 'Realistic Robots Paints', '#333542', None, None], ['A.MIG-7157', 'Purple Mechas Color Set', '#e7e7e7', None, None], ['A.MIG-7158', 'Metallic Mechas Color Set', '#b7b4a5', None, None], ['A.MIG-7159', 'Modern U.S. Army', '#1e1a1b', None, None], ['A.MIG-7160', 'Mythical Russian Green Colors 1935-2016', '#3d331a', None, None], ['A.MIG-7161', 'Modern Russian Camo Colors Vol. 2', '#1e1a1b', None, None], ['A.MIG-7162', 'Russian Expo Camouflage Scheme', '#8a3c25', None, None], ['A.MIG-7163', 'Israel Defense Forces Special Edition', '#56542e', None, None], ['A.MIG-7165', 'King Tiger Interior Color (Special Takom Edition) Vol.1', '#687e4d', None, None], ['A.MIG7166', 'King Tiger (Exterior Colors) Vol.2', '#ffffff', None, None], ['A.MIG-7166', 'King Tiger Exterior Color (Special Takom Edition) Vol.2', '#ffffff', None, None], ['A.MIG-7168', 'Flesh Tones Set', '#eecaa8', None, None], ['A.MIG-7169', 'Set Sherman Tanks Vol. 1 (WWII Commonwealth)', '#d6b556', None, None], ['A.MIG-7170', 'Set Sherman Tanks Vol. 2 (WWII European Theater Operations)', '#ffffff', None, None], ['A.MIG-7171', 'Set Sherman Tanks Vol. 3 (WWII US Marine CORPS)', '#343a1a', None, None], ['A.MIG-7176', 'Vegetation Diorama Colors', '#524232', None, None], ['A.MIG-7177', 'Urban Diorama Colours', '#8a3c25', None, None], ['A.MIG-7178', 'Basic Acrylic Colors', '#000000', None, None], ['A.MIG-7181', 'CAUNTER BRITISH CAMO', '#c9b077', None, None], ['A.MIG-7184', 'Spanish Civil War Republicans', '#3d331a', None, None], ['A.MIG-7229', 'WWII Imperial Japanese Army', '#533729', None, None], ['A.MIG-7230', 'WWII Imperial Japanese Navy', '#422d28', None, None], ['A.MIG-7234', 'USAF Aggressors Desert & Artic Colors', '#c8a072', None, None], ['A.MIG-7235', 'USAF Aggressors Blue Colors', '#81858e', None, None], ['A.MIG-7237', 'WWII Regia Aeronautica ΓÇô Early Colors', '#384527', None, None], ['A.MIG-7239', 'Cold War Vol. 2 Soviet Fighters - Bombers', '#7b7a4c', None, None], ['A.MIG-7240', 'Cold War Vol.1 Soviet Fighters', '#a58d67', None, None], ['A.MIG-7252', 'Avro Lancaster and Others Night Bombers', '#28140d', None, None], ['A.MIG-7257', 'FW 190 Air Set', '#9bc5b7', None, None], ['A.MIG-7471', 'Railway Fast Method Paint Set', '#b95531', None, None], ['A.MIG-7174', 'Panther-G Int. & Ext. Colors (Ryefield Models)', '#717986', None, None], ['A.MIG-7175', 'Metal Acrylic Color - Metallic Colors Set', '#2c3539', None, None], ['A.MIG-7179', 'WWII German Tool Colors', '#4e5536', None, None], ['A.MIG-7182', 'Tiger I Colors Set', '#ffffff', None, None], ['A.MIG-7238', 'WWII Regia Aeronautica - Late Colors', '#5e733b', None, None], ['A.MIG-7411', 'Winter Camo Starter Set', '#e7e7e7', None, None], ['A.MIG-7427', 'Fury Sherman Set', '#343a1a', None, None], ['A.MIG-7500', 'Oilbrusher - Flesh Tones Set', '#f1d993', None, None], ['A.MIG-7501', 'Oilbrusher - Rust Tones Set', '#3e1718', None, None], ['A.MIG-7502', 'Oilbrusher - Green Tones Set', '#444614', None, None], ['A.MIG-7503', 'Oilbrusher - Ground Colors Set', '#684616', None, None], ['A.MIG-7504', 'Oilbrusher - Basic Colors Set', '#fdd100', None, None], ['A.MIG-7505', 'Oilbrusher - Starship Colors Set', '#404034', None, None], ['A.MIG-7506', 'Oilbrusher - Light Fading Set', '#acaaab', None, None], ['A.MIG-7507', 'Oilbrusher - Bright Metal Colors Set', '#828282', None, None], ['A.MIG-7508', 'Oilbrusher - Bare Metal Colors Set', '#b4b4b4', None, None], ['A.MIG-7509', 'Oilbrusher - Mechas Green Tones Set', '#5d946a', None, None], ['A.MIG-7510', 'Oilbrusher - Blue Patina Set', '#2b4673', None, None], ['A.MIG-7511', 'Oilbrusher - Soil Colors Set', '#957e52', None, None], ['A.MIG-7512', 'Oilbrusher - Earth Colors Set', '#885212', None, None], ['A.MIG-7513', 'Oilbrusher - Starship Markings Set', '#f8f1c5', None, None], ['OilCol', 'Oilbrusher - Collection Vol. 1', '#404034', None, None], ['OilCol2', 'Oilbrusher - Collection Vol. 2', '#b4b4b4', None, None], ['A.MIG-7400', 'Pigment Rust Set', '#582313', None, None], ['A.MIG-7448', 'First Aid Basic Pigments', '#1a1921', None, None], ['A.MIG-7454', 'Pigment Collection - Israeli Conflicts', '#d5b28a', None, None], ['A.MIG-7455', 'Winter-Autumn Ground Pigment Set', '##fff', None, None], ['A.MIG-7413', 'U.S. Green Tanks Enamel & Acrylic Weathering Set', '#343a1a', None, None], ['A.MIG-7436', 'US Modern Cockpits', '#5d4a3b', None, None], ['A.MIG-7407', 'PANZER GREY - STARTER SET', '#282c35', None, None], ['A.MIG-7445', 'Jet Engines Colors & Weathering Set', '#2c3539', None, None]], 'Andrea Color': [['NAC-01', 'Flat white', '#ffffff', 'Matt', 'Acrylic'], ['NAC-02', 'Flat Black', '#000000', 'Matt', 'Acrylic'], ['NAC-03', 'Shiny Black', '#000000', 'Gloss', 'Acrylic'], ['NAC-04', 'Field Grey', '#4d615f', 'Matt', 'Acrylic'], ['NAC-05', 'English Khaki', '#755d39', 'Matt', 'Acrylic'], ['NAC-06', 'Olive Green', '#4e5a36', 'Matt', 'Acrylic'], ['NAC-07', 'Japanese Khaki', '#8f7e36', 'Matt', 'Acrylic'], ['NAC-08', 'Russian Khaki', '#605e45', 'Matt', 'Acrylic'], ['NAC-09', 'Army Green', '#3f5b44', 'Matt', 'Acrylic'], ['NAC-10', 'Napoleonic Green', '#184241', 'Matt', 'Acrylic'], ['NAC-11', 'Navy Blue', '#1d3041', 'Matt', 'Acrylic'], ['NAC-12', 'Dark Green', '#095642', 'Matt', 'Acrylic'], ['NAC-13', 'Light Olive Green', '#628e43', 'Matt', 'Acrylic'], ['NAC-14', 'Emerald Green', '#014753', 'Matt', 'Acrylic'], ['NAC-15', 'Turquoise', '#2397b0', 'Matt', 'Acrylic'], ['NAC-16', 'Napoleonic Blue', '#1d84ed', 'Matt', 'Acrylic'], ['NAC-17', 'Azure Gray', '#8daaca', 'Matt', 'Acrylic'], ['NAC-18', 'Slate Gray', '#354555', 'Matt', 'Acrylic'], ['NAC-19', 'Emerald Gray', '#4f6c7c', 'Matt', 'Acrylic'], ['NAC-20', 'Navy Gray', '#8099a0', 'Matt', 'Acrylic'], ['NAC-21', 'Medium Gray', '#727e8c', 'Matt', 'Acrylic'], ['NAC-22', 'Pearl Gray', '#cec9b3', 'Matt', 'Acrylic'], ['NAC-23', 'Confederate Gray', '#9d9980', 'Matt', 'Acrylic'], ['NAC-24', 'Union Blue', '#496f9c', 'Matt', 'Acrylic'], ['NAC-25', 'Prussian Blue', '#042e6a', 'Matt', 'Acrylic'], ['NAC-26', 'Basic Blue', '#0b358b', 'Matt', 'Acrylic'], ['NAC-27', 'Ultramarine Blue', '#011cc1', 'Matt', 'Acrylic'], ['NAC-28', 'Violet', '#27196e', 'Matt', 'Acrylic'], ['NAC-29', 'Royal Purple', '#5b233c', 'Matt', 'Acrylic'], ['NAC-30', 'Dark Red', '#801b1f', 'Matt', 'Acrylic'], ['NAC-31', 'Crimson', '#cc0200', 'Matt', 'Acrylic'], ['NAC-32', 'Light Purple', '#81132e', 'Matt', 'Acrylic'], ['NAC-33', 'Basic Red', '#fd1500', 'Matt', 'Acrylic'], ['NAC-34', 'Napoleonic Red', '#bb0e00', 'Matt', 'Acrylic'], ['NAC-35', 'French Orange', '#ff4a01', 'Matt', 'Acrylic'], ['NAC-36', 'Dark Orange', '#bb3d14', 'Matt', 'Acrylic'], ['NAC-37', 'Golden Brown', '#db8319', 'Matt', 'Acrylic'], ['NAC-38', 'Ocher Yellow', '#af8523', 'Matt', 'Acrylic'], ['NAC-39', 'Ocher Yellow', '#f1c92c', 'Matt', 'Acrylic'], ['NAC-40', 'Light Yellow', '#eed378', 'Matt', 'Acrylic'], ['NAC-41', 'Ochre', '#cbae76', 'Matt', 'Acrylic'], ['NAC-42', 'Beige', '#f0deae', 'Matt', 'Acrylic'], ['NAC-43', 'Light Flesh', '#ffbe72', 'Matt', 'Acrylic'], ['NAC-44', 'Dark Flesh', '#bf7c47', 'Matt', 'Acrylic'], ['NAC-45', 'Pinky Flesh', '#b06454', 'Matt', 'Acrylic'], ['NAC-46', 'Medium Brown', '#61371f', 'Matt', 'Acrylic'], ['NAC-47', 'Reddish Brown', '#7f200e', 'Matt', 'Acrylic'], ['NAC-48', 'Dark Brown', '#51261f', 'Matt', 'Acrylic'], ['NAC-49', 'Dark Brown Leather', '#461c20', 'Matt', 'Acrylic'], ['NAC-50', 'Leather Brown', '#7d402e', 'Matt', 'Acrylic'], ['NAC-51', 'Wood', '#6a4c34', 'Matt', 'Acrylic'], ['NAC-52', 'Burnt Sienna', '#754725', 'Matt', 'Acrylic'], ['NAC-53', 'Copper', '#d46f08', 'Matt', 'Acrylic'], ['NAC-54', 'Bronze', '#a98329', 'Matt', 'Acrylic'], ['NAC-55', 'Gold', '#d59807', 'Matt', 'Acrylic'], ['NAC-56', 'Silver', '#878787', 'Matt', 'Acrylic'], ['NAC-57', 'Gun Metal', '#6a6a6a', 'Matt', 'Acrylic'], ['NAC-58', 'Matte Varnish', '#ffffff', 'Varnish', 'Acrylic'], ['NAC-59', 'Gloss Varnish', '#ffffff', 'Varnish', 'Acrylic'], ['NAC-60', 'Airbrush Medium', '#ffffff', None, 'Acrylic'], ['APS-01', 'Andrea Priming White', '#ffffff', 'Matt', None], ['ACS-001', 'Flesh Paint Set (6x17ml) (2 Bases, 2 Lights, 2 Shadow)', None, None, None], ['ACS-002', 'Black Paint Set (6x17ml)', None, None, None], ['ACS-003', 'White Paint Set (6x17ml)', None, None, None], ['ACS-004', 'Red Paint Set (6x17ml)', None, None, None], ['ACS-005', 'Blue Paint Set (6x17ml)', None, None, None], ['ACS-006', 'Inks Set (6x17ml)', None, None, None], ['ACS-007', 'Silver Paint Set (6x17ml)', None, None, None], ['ACS-008', 'Gold Paint Set (6x17ml)', None, None, None], ['ACS-009', 'ACS-009 Green Paint Set (6x17ml)', None, None, None], ['ACS-010', 'Field Grey Paint Set (6x17ml)', None, None, None], ['ACS-011', 'Yellow Paint Set (6x17ml)', None, None, None], ['ACS-012', 'NMM (Non Metallic Metal) Paint Set Paint Set (6x17ml)', None, None, None], ['ACS-013', 'Brown Paint Set (6x17ml)', None, None, None], ['ACS-014', 'Khaki Paint Set (6x17ml)', None, None, None], ['ACS-015', 'Waffen SS Camo Paint Set (Spring Colors) (6x17ml)', None, None, None], ['ACS-016', 'Waffen SS Camo Paint Set (Autumn Colors) (6x17ml)', None, None, None], ['ACS-017', 'Splinter Camo Paint Set (6x17ml)', None, None, None], ['ACS-018', 'Pea Camo Paint Set  (6x17ml)', None, None, None], ['ACS-019', 'Africa Korps Paint Set (6x17ml)', None, None, None]], "Anita's Acrylic Craft Paints": [['308067', 'Heather Gray', '#b4aaa5', 'Matt', 'Acrylic'], ['308076', 'Tin Roof Rust', '#fff', 'Matt', 'Acrylic']], 'Aqueous Hobby Color': [[None, None, '#fff', None, 'Enamel'], ['H301', 'Charcoal Lizard Camouflage Gray', '#fff', None, 'Acrylic'], ['H302', 'Charcoal Lizard Camouflage Green', '#255450', None, 'Acrylic'], ['H303', 'Charcoal Lizard Camouflage Green', '#475d51', None, 'Acrylic'], ['H304', 'Charcoal Lizard Camouflage Olive Drab', '#fff', None, 'Acrylic'], ['H305', 'U.S. Air Combat Camouflage Gray', '#fff', None, 'Acrylic'], ['H306', 'U.S. Air Combat Camouflage Gray', '#fff', None, 'Acrylic'], ['H307', 'FS36320 U.S. Air Combat Camouflage Gray', '#67888f', None, 'Acrylic'], ['H308', 'FS36375 U.S. Air Combat Camouflage Gray', '#819e9f', 'Satin', 'Acrylic'], ['H310', 'Vietnam Camouflage Brown', '#fff', None, 'Acrylic'], ['H310', 'Israeli Desert Camouflage Colors Brown', '#72624e', None, 'Acrylic'], ['H312', 'Israeli Desert Camouflage Colors Green', '#29845d', None, 'Acrylic'], ['H313', 'Israeli Desert Camouflage Colors Yellow', '#fff', None, 'Acrylic'], ['H314', 'Israeli Desert Camouflage Blue', '#ebf4eb', None, 'Acrylic'], ['H315', 'U.S. Navy Standard Colors Gray', '#fff', None, 'Acrylic'], ['H316', 'T-2 Blue Impulse Colors White', '#ffffff', None, 'Acrylic'], ['H316', 'U.S. Navy Standard Colors White', '#fff', None, 'Acrylic'], ['H317', 'U.S. Navy Standard Colors Gray', '#fff', None, 'Acrylic'], ['H318', 'U.S. Navy Standard Colors Radome', '#fcd68c', None, 'Acrylic'], ['H319', 'JASDF F-1 Camouflage Light Green', '#0f6d58', None, 'Acrylic'], ['H320', 'JASDF F-1 Camouflage Dark Green', '#3a5645', None, 'Acrylic'], ['H321', 'JASDF F-1 Camouflage Light Brown', '#b4926a', None, 'Acrylic'], ['H324', 'T-2 Blue Impulse Colors Light Gray', '#8ca9a3', None, 'Acrylic'], ['H325', 'JASDF F-1 Camouflage Gray', '#fff', None, 'Acrylic'], ['H328', 'Thunderbirds & Blue Angels Colors Blue', '#fff', None, 'Acrylic'], ['AVC09', 'Blood red 2', '#fff', 'Gloss', 'Acrylic'], ['H1', 'White', '#ffffff', 'Gloss', 'Acrylic'], ['H2', 'Black', '#231815', 'Gloss', 'Acrylic'], ['H3', 'Red', '#e60012', 'Gloss', 'Acrylic'], ['H4', 'Yellow', '#ffff00', 'Gloss', 'Acrylic'], ['H5', 'Blue', '#004ea2', 'Gloss', 'Acrylic'], ['H6', 'Green', '#006830', 'Gloss', 'Acrylic'], ['H7', 'Brown', '#ca3929', 'Gloss', 'Acrylic'], ['H8', 'Silver', '#dcdddd', 'Metallic', 'Acrylic'], ['H9', 'Gold', '#dba52e', 'Metallic', 'Acrylic'], ['H10', 'Copper', '#cc6536', 'Metallic', 'Acrylic'], ['H11', 'Flat White', '#ffffff', 'Matt', 'Acrylic'], ['H12', 'Flat Black', '#000000', 'Matt', 'Acrylic'], ['H13', 'Flat Red', '#dc0324', 'Matt', 'Acrylic'], ['H14', 'Orange', '#f42e21', 'Gloss', 'Acrylic'], ['H15', 'IJN Green (Nakajima)', '#fff', 'Satin', 'Acrylic'], ['H15', 'Bright Blue', '#332e8c', 'Gloss', 'Acrylic'], ['H16', 'Yellow Green', '#069d42', 'Gloss', 'Acrylic'], ['H17', 'Cocoa Brown', '#582c30', 'Gloss', 'Acrylic'], ['H18', 'Steel', '#231f20', 'Metallic', 'Acrylic'], ['H19', 'Pink', '#f4618d', 'Gloss', 'Acrylic'], ['H20', 'Flat Clear', '#f5f2f2', 'Matt', 'Acrylic'], ['H21', 'Off White', '#f4f2ee', 'Gloss', 'Acrylic'], ['H22', 'Gray', '#4f606d', 'Gloss', 'Acrylic'], ['H23', 'Shine Red', '#ba131d', 'Gloss', 'Acrylic'], ['H24', 'Orange Yellow', '#fa6a21', 'Gloss', 'Acrylic'], ['H25', 'Sky Blue', '#1e99c3', 'Gloss', 'Acrylic'], ['H26', 'Bright Green', '#009e49', 'Gloss', 'Acrylic'], ['H27', 'Tan', '#bd9661', 'Gloss', 'Acrylic'], ['H28', 'Metal Black', '#141c27', 'Metallic', 'Acrylic'], ['H29', 'Salmon Pink', '#ea5541', 'Gloss', 'Acrylic'], ['H30', 'Gloss Clear', '#f7f5f5', 'Gloss', 'Acrylic'], ['H31', 'White Green', '#ddf0e3', 'Gloss', 'Acrylic'], ['H32', 'Field Gray (1)', '#113c41', 'Gloss', 'Acrylic'], ['H33', 'Russet', '#7e2830', 'Gloss', 'Acrylic'], ['H34', 'Cream Yellow', '#e6a600', 'Gloss', 'Acrylic'], ['H35', 'Cobalt Blue', '#262886', 'Gloss', 'Acrylic'], ['H36', 'Dark Green', '#314836', 'Gloss', 'Acrylic'], ['H37', 'Wood Brown', '#6a4a31', 'Gloss', 'Acrylic'], ['H38', 'Steel Red', '#3b3039', 'Metallic', 'Acrylic'], ['H39', 'Purple', '#3f277a', 'Gloss', 'Acrylic'], ['H40', 'Flat Base', '#f5f2f2', 'Matt', 'Acrylic'], ['H41', 'Pale Green', '#a4d5c1', 'Gloss', 'Acrylic'], ['H42', 'Blue Gray', '#2f617f', 'Gloss', 'Acrylic'], ['H43', 'Wine Red', '#c8161e', 'Gloss', 'Acrylic'], ['H44', 'Flesh', '#e6b378', 'Satin', 'Acrylic'], ['H45', 'Light Blue', '#00bbf2', 'Gloss', 'Acrylic'], ['H46', 'Emerald Green', '#008d4b', 'Gloss', 'Acrylic'], ['H47', 'Red Brown', '#660000', 'Gloss', 'Acrylic'], ['H48', 'Field Gray (2)', '#374c49', 'Gloss', 'Acrylic'], ['H49', 'Violet', '#6179b9', 'Gloss', 'Acrylic'], ['H50', 'Lime Green', '#75a769', 'Gloss', 'Acrylic'], ['H51', 'Light Gull Gray', '#acb2af', 'Gloss', 'Acrylic'], ['H52', 'Olive Drab (1)', '#6a5d28', 'Satin', 'Acrylic'], ['H53', 'Neutral Gray      U.S.A.F. & Army Aircraft WWII', '#556672', 'Satin', 'Acrylic'], ['H54', 'Navy Blue', '#004652', 'Satin', 'Acrylic'], ['H55', 'Midnight Blue', '#070d09', 'Gloss', 'Acrylic'], ['H56', 'Intermediate Blue', '#0e4d59', 'Satin', 'Acrylic'], ['H57', 'Aircraft Gray', '#5d828e', 'Gloss', 'Acrylic'], ['H58', 'Interior Green', '#b6a811', 'Satin', 'Acrylic'], ['H59', 'IJN Green', '#00331d', 'Gloss', 'Acrylic'], ['H60', 'IJA Green', '#004607', 'Satin', 'Acrylic'], ['H61', 'IJN Gray', '#aab2b0', 'Gloss', 'Acrylic'], ['H62', 'IJA Gray', '#678b7d', 'Satin', 'Acrylic'], ['H63', 'Metallic blue green (Aotake)', '#005b58', 'Metallic', 'Acrylic'], ['H64', 'RLM71 Dark Green', '#3d4437', 'Satin', 'Acrylic'], ['H65', 'RLM70 Black Green', '#1f3134', 'Satin', 'Acrylic'], ['H66', 'RLM79 Sandy Brown', '#aa8546', 'Satin', 'Acrylic'], ['H67', 'RLM 65 Light Blue', '#add0c9', 'Satin', 'Acrylic'], ['H68', 'RLM74 Dark Gray', '#4c4948', 'Satin', 'Acrylic'], ['H69', 'RLM 75 Gray', '#656464', 'Satin', 'Acrylic'], ['H70', 'RLM02 Gray', '#898669', 'Satin', 'Acrylic'], ['H71', 'Middle Stone', '#c6b141', 'Satin', 'Acrylic'], ['H72', 'Dark Earth', '#8b7844', 'Satin', 'Acrylic'], ['H72', 'Intermediate blue', '#fff', 'Satin', 'Acrylic'], ['H73', 'Dark green', '#415d47', 'Satin', 'Acrylic'], ['H74', 'Sky (duck egg green)', '#d7e1ac', 'Satin', 'Acrylic'], ['H75', 'Dark sea grey', '#708168', 'Satin', 'Acrylic'], ['H76', 'Burnt Iron', '#888084', 'Metallic', 'Acrylic'], ['H77', 'Tire Black', '#060607', 'Matt', 'Acrylic'], ['H78', 'Olive Drab (2)', '#1b3b14', 'Satin', 'Acrylic'], ['H79', 'Dark Yellow (Sandy Yellow)', '#d89d43', 'Satin', 'Acrylic'], ['H80', 'Khaki Green', '#29320d', 'Matt', 'Acrylic'], ['H81', 'Khaki', '#665535', 'Matt', 'Acrylic'], ['H82', 'Dark Gray (1)', '#888886', 'Satin', 'Acrylic'], ['H83', 'Dark Gray (2)', '#626260', 'Satin', 'Acrylic'], ['H84', 'Mahogany', '#462e31', 'Satin', 'Acrylic'], ['H85', 'Sail color', '#eadbac', 'Matt', 'Acrylic'], ['H86', 'Red Madder', '#dc0324', 'Gloss', 'Acrylic'], ['H87', 'Metallic Red', '#9f364d', 'Metallic', 'Acrylic'], ['H88', 'Metallic Blue', '#005093', 'Metallic', 'Acrylic'], ['H89', 'Metallic Green', '#00875a', 'Metallic', 'Acrylic'], ['H90', 'Clear Red', '#e60013', 'Gloss', 'Acrylic'], ['H91', 'Clear Yellow', '#ffcf13', 'Gloss', 'Acrylic'], ['H92', 'Clear Orange', '#f85522', 'Gloss', 'Acrylic'], ['H93', 'Clear Blue', '#00a4ec', 'Gloss', 'Acrylic'], ['H94', 'Clear Green', '#008c32', 'Gloss', 'Acrylic'], ['H95', 'Smoke Gray', '#d7d8da', 'Gloss', 'Acrylic'], ['H96', 'Smoke Blue', '#bde7fd', 'Gloss', 'Acrylic'], ['H97', 'Fluorescent Yellow', '#e4ff33', 'Fluo', 'Acrylic'], ['H98', 'Fluorescent Orange', '#f85522', 'Fluo', 'Acrylic'], ['H99', 'Fluorescent Pink', '#fc3258', 'Fluo', 'Acrylic'], ['H100', 'Fluorescent Green', '#29fe4d', 'Fluo', 'Acrylic'], ['H101', 'Premium Clear', '#fff', 'Varnish', 'Acrylic'], ['H102', 'Premium Clear Semi-Gloss', '#fff', 'Varnish', 'Acrylic'], ['H103', 'Premium Clear Flat', '#fff', 'Varnish', 'Acrylic'], ['H110', 'Semi-Gloss Clear', '#fff', 'Satin', 'Acrylic'], ['H301', 'FS36081 Gray', '#575a5a', 'Satin', 'Acrylic'], ['H302', 'Green FS34092', '#495951', 'Satin', 'Acrylic'], ['H303', 'FS34102 Green', '#575b45', 'Satin', 'Acrylic'], ['H304', 'FS34087 Olive Drab', '#655e4c', 'Satin', 'Acrylic'], ['H305', 'Grey FS36118', '#5c6169', 'Satin', 'Acrylic'], ['H306', 'Grey FS 36270', '#858a8d', 'Satin', 'Acrylic'], ['H307', 'FS36320 Gray', '#8b959d', 'Satin', 'Acrylic'], ['H308', 'Gray (FS36375)', '#9ca5ab', 'Satin', 'Acrylic'], ['H309', 'Green FS34079', '#535548', 'Satin', 'Acrylic'], ['H310', 'Brown (FS30219)', '#8f7460', 'Satin', 'Acrylic'], ['H311', 'Grey FS36622', '#eaebd5', 'Satin', 'Acrylic'], ['H312', 'FS34227 Green', '#798a6e', 'Satin', 'Acrylic'], ['H313', 'FS33531 Yellow', '#c7b49e', 'Satin', 'Acrylic'], ['H314', 'FS35622 Blue', '#ebf4eb', 'Satin', 'Acrylic'], ['H315', 'Grey FS16440', '#b4b4ab', 'Gloss', 'Acrylic'], ['H316', 'Insignia White (FS17875)', '#ffffff', 'Gloss', 'Acrylic'], ['H317', 'Gray (FS36231)', '#7f8487', 'Satin', 'Acrylic'], ['H318', 'Radome (FS33613)', '#e6c7a2', 'Satin', 'Acrylic'], ['H319', 'Light Green', '#1f4c3f', 'Satin', 'Acrylic'], ['H320', 'Dark Green', '#264037', 'Satin', 'Acrylic'], ['H321', 'Light Brown', '#b49266', 'Satin', 'Acrylic'], ['H322', 'Phthalo Cyanine Blue', '#2f2e54', 'Gloss', 'Acrylic'], ['H323', 'Light Blue', '#00acee', 'Gloss', 'Acrylic'], ['H324', 'FS36307 Light Gray', '#78a397', 'Matt', 'Acrylic'], ['H325', 'Gray (FS26440)', '#b3b4ab', 'Satin', 'Acrylic'], ['H326', 'FS15044 Blue', '#3d434c', 'Gloss', 'Acrylic'], ['H327', 'FS11136 Red (USAF Thunderbirds)', '#8b3f41', 'Gloss', 'Acrylic'], ['H328', 'FS15050 Blue', '#3c4c61', 'Gloss', 'Acrylic'], ['H329', 'FS13538 Yellow', '#ea9f1d', 'Gloss', 'Acrylic'], ['H330', 'Dark Green BS381C/641', '#484837', 'Satin', 'Acrylic'], ['H331', 'Dark Sea Gray BS381C/638', '#686c71', 'Satin', 'Acrylic'], ['H332', 'Light Aircraft Gray - BS381C-627', '#b0b1aa', 'Satin', 'Acrylic'], ['H333', 'Extra Dark Seagray BS381C/640', '#4d5459', 'Satin', 'Acrylic'], ['H334', 'Barley Gray BS4800/18B21', '#949c9c', 'Satin', 'Acrylic'], ['H335', 'Medium Seagray - BS381C-637', '#899194', 'Satin', 'Acrylic'], ['H336', 'Hemp BS4800/10B21', '#a39a84', 'Satin', 'Acrylic'], ['H337', 'FS35237 Grayish Blue', '#7b888e', 'Satin', 'Acrylic'], ['H338', 'FS36495 Light Gray', '#c3c8c7', 'Satin', 'Acrylic'], ['H339', 'FS16081 Engine Gray', '#565959', 'Gloss', 'Acrylic'], ['H340', 'FS34097 Field Green', '#5a6349', 'Satin', 'Acrylic'], ['H341', 'Mud  weathering paint', '#fff', 'Matt', 'Acrylic'], ['H342', 'Oil    weathering paint', '#fff', 'Gloss', 'Acrylic'], ['H343', 'Soot (weathering)', '#fff', 'Matt', 'Acrylic'], ['H344', 'Rust        weathering paint', '#fff', 'Matt', 'Acrylic'], ['H345', 'Rough Gray        weathering paint', '#fff', 'Matt', 'Acrylic'], ['H346', 'Rough Sand (weathering)', '#be8b5e', 'Matt', 'Acrylic'], ['H365', 'Gloss Sea blue FS 15042', '#123a46', 'Gloss', 'Acrylic'], ['H401', 'Dark Gray (german tank WW II)', '#2e2e2e', 'Matt', 'Acrylic'], ['H402', 'Green Brown (German tank WW II)', '#b58c5b', 'Matt', 'Acrylic'], ['H403', 'Dark Yellow (German tank WW II)', '#c6bc06', 'Matt', 'Acrylic'], ['H404', 'Khaki Brown (German tank WW II)', '#96763d', 'Matt', 'Acrylic'], ['H405', 'Olive Green (German tank WW II)', '#415646', 'Matt', 'Acrylic'], ['H406', 'Chocolate Brown (German tank WW II)', '#4f2e32', 'Matt', 'Acrylic'], ['H413', 'Yellow RLM04 (Luftwaffe aircraft)', '#fe9b1d', 'Satin', 'Acrylic'], ['H414', 'Red RLM 23', '#c71042', 'Satin', 'Acrylic'], ['H416', 'RLM 66 Black Gray', '#2b292a', 'Satin', 'Acrylic'], ['H417', 'RLM76 Light Blue (Luftwaffe aircraft)', '#adb5b3', 'Satin', 'Acrylic'], ['H418', 'Light Blue RLM78 (Luftwaffe aircraft)', '#9db3ae', 'Satin', 'Acrylic'], ['H420', 'Olive Green RLM 80 (Luftwaffe aircraft)', '#4f5236', 'Satin', 'Acrylic'], ['H421', 'Brown Violet RLM 81 (Luftwaffe aircraft)', '#4d5548', 'Gloss', 'Acrylic'], ['H422', 'Light Green RLM 82 (Luftwaffe aircraft)', '#57594c', 'Gloss', 'Acrylic'], ['H423', 'Dark Green RLM 83 (Luftwaffe aircraft)', '#265d4d', 'Satin', 'Acrylic'], ['H451', 'Kalkweiss (Chalky White)', '#fff', 'Matt', 'Acrylic'], ['H452', 'Ru├ƒ Schwarz (Soot Black)', '#fff', 'Matt', 'Acrylic'], ['H453', 'Rostrot (Rust Red)', '#c46632', 'Matt', 'Acrylic'], ['H455', 'Zementgrau (Cement Gray)', '#fff', 'Matt', 'Acrylic'], ['H456', 'Staubbraun (Dust Brown)', '#fff', 'Matt', 'Acrylic'], ['H457', 'Erdbraun (Earth Brown)', '#fff', 'Matt', 'Acrylic'], ['H458', 'Maschinengrau (Vehicle Gray)', '#fff', 'Matt', 'Acrylic'], ['H459', 'Sandgelb (Sand Yellow)', '#fff', 'Matt', 'Acrylic'], ['H460', 'Rotbraun (Red Brown)', '#98351e', 'Matt', 'Acrylic'], ['H461', 'OxidGrun (Oxide Green)', '#e0f1ef', 'Matt', 'Acrylic'], ['H462', 'Schwarzbraun (Black Brown)', '#fff', 'Matt', 'Acrylic'], ['H463', 'Rotbraun (Red Brown)', '#fff', 'Matt', 'Acrylic'], ['H464', 'Chromoxidgr├╝n (Chromoxyde Green)', '#fff', 'Matt', 'Acrylic'], ['H465', 'Kobaltblau (Cobalt Blue)', '#003989', 'Matt', 'Acrylic'], ['H466', 'Purpurrot (Purple Red)', '#fff', 'Matt', 'Acrylic'], ['H467', 'Karminrot (Carmine Red)', '#fff', 'Matt', 'Acrylic'], ['H511', 'RUSSIAN GREEN "4BO" WWII', '#fff', 'Satin', 'Acrylic'], ['H512', 'RUSSIAN GREEN "4BO" 1947-', '#fff', 'Satin', 'Acrylic'], ['H513', 'Dark Gray', '#3e4e5b', 'Satin', 'Acrylic'], ['H514', 'Gray', '#4e6e79', 'Satin', 'Acrylic'], ['H515', 'Faded Grey', '#5c797f', 'Satin', 'Acrylic'], ['HUG201', 'Sword Impulse Red', '#fff', 'Matt', 'Acrylic'], ['HUG202', 'Blast Impulse Green', '#fff', 'Matt', 'Acrylic'], ['HUG203', 'Yzak Exclusive Machine Sky Blue', '#fff', 'Matt', 'Acrylic'], ['HUG204', 'Lunamaria Exclusive Machine Pink', '#fff', 'Matt', 'Acrylic'], ['HUG205', 'Rey Dedicated Machine Red', '#fff', 'Matt', 'Acrylic'], ['HUG206', 'Destiny Red', '#fff', 'Matt', 'Acrylic'], ['XHUG01', 'Gundam Aerial Blue', '#fff', 'Satin', 'Acrylic'], ['XHUG02', 'Gundam Aerial White', '#fff', 'Satin', 'Acrylic'], ['XHUG03', 'Gundam Aerial Grey', '#fff', 'Satin', 'Acrylic'], ['XHUG04', 'Gundam Lfrith Pink', '#fff', 'Satin', 'Acrylic'], ['XHUG05', 'Gundam Lfrith Gray', '#fff', 'Satin', 'Acrylic'], ['H20YL', 'Flat Clear', '#f5f2f2', 'Matt', 'Acrylic'], ['H30YL', 'Gloss Clear', '#fff', 'Gloss', 'Acrylic'], ['HSF01', 'Aqueous Surfacer 1000', None, 'Satin', 'Acrylic'], ['HSF02', 'Aqueous White Surfacer 1000', None, 'Satin', 'Acrylic'], ['B504', 'Mr. Metal primer-R', '#fff', 'Matt', 'Acrylic'], ['T-110', 'Aqueous Hobby Color Thinner', None, 'Thinners', 'Acrylic'], ['T-111', 'Hobby Color Thinner', None, 'Thinners', 'Acrylic'], [None, None, '#fff', None, None], [None, None, '#475d51', None, None], [None, None, '#819e9f', None, None], [None, None, '#29845d', None, None], [None, None, '#fcd68c', None, None], [None, None, '#3a5645', None, None]], 'Archive-X': [['EX-001', 'Grime', '#fff', 'Matt', 'Enamel'], ['EX-002', 'Grime (LT)', '#fff', 'Matt', 'Enamel'], ['EX-003', '1975 Primer (Colour)', '#fff', 'Matt', 'Enamel'], ['EX-004', '1975 Reefer White', '#fff', 'Matt', 'Enamel'], ['EX-005', 'Antique white', '#fff', 'Matt', 'Enamel'], ['EX-006', '1975 Weathered Black', '#fff', 'Matt', 'Enamel'], ['EX-007', '1975 Grimy Black', '#fff', 'Matt', 'Enamel'], ['EX-008', '1975 Engine Black', '#fff', 'Matt', 'Enamel'], ['EX-009', '1975 Reefer Grey (LT)', '#fff', 'Matt', 'Enamel'], ['EX-010', '1976 Reefer Grey (DK)', '#fff', 'Matt', 'Enamel'], ['EX-011', '1975 Flesh', '#fff', 'Matt', 'Enamel'], ['EX-012', '1975 Reefer Orange', '#fff', 'Matt', 'Enamel'], ['EX-013', '1975 Foundation', '#fff', 'Matt', 'Enamel'], ['EX-014', '1975 Mud', '#fff', 'Matt', 'Enamel'], ['EX-015', '1975 Rust', '#fff', 'Matt', 'Enamel'], ['EX-016', '1975 Reefer Yellow', '#fff', 'Matt', 'Enamel'], ['EX-017', '1975 Boxcar Red', '#fff', 'Matt', 'Enamel'], ['EX-018', '1975 Earth', '#fff', 'Matt', 'Enamel'], ['EX-019', '1975 Concrete', '#fff', 'Matt', 'Enamel'], ['EX-020', '1975 Depot Buff', '#fff', 'Matt', 'Enamel'], ['EX-021', '1975 SP Lettering Grey', '#fff', 'Matt', 'Enamel'], ['EX-022', '1975 GN Grey-Green', '#fff', 'Matt', 'Enamel'], ['EX-024', '1975 SP Daylight Red', '#fff', 'Matt', 'Enamel'], ['EX-025', '1975 SP Armour Yellow', '#fff', 'Matt', 'Enamel'], ['EX-028', '1975 SP Lark Light Grey', '#fff', 'Matt', 'Enamel'], ['EX-029', '1975 SP Lark Dark Grey', '#fff', 'Matt', 'Enamel'], ['EX-030', '1975 Depot Olive', '#fff', 'Matt', 'Enamel'], ['EX-031', '1975 D&H Caboose Red', '#fff', 'Matt', 'Enamel'], ['EX-032', '1975 Light Green', '#fff', 'Matt', 'Enamel'], ['EX-033', '1975 Dark Green', '#fff', 'Matt', 'Enamel'], ['EX-034', '1975 Pullman Green (LT)', '#fff', 'Matt', 'Enamel'], ['EX-035', '1975 Brunswick Green', '#fff', 'Matt', 'Enamel'], ['EX-036', '1975 Weyerhaeuser Green', '#fff', 'Matt', 'Enamel'], ['EX-037', '1975 Burlington No. Green', '#fff', 'Matt', 'Enamel'], ['EX-038', '1875 Caboose Red', '#fff', 'Matt', 'Enamel'], ['EX-039', '1975 Coach Green', '#fff', 'Matt', 'Enamel'], ['EX-040', '1975 TUSCON', '#fff', 'Matt', 'Enamel'], ['EX-041', '1975 Roof Brown', '#fff', 'Matt', 'Enamel'], ['EX-042', '1975 Light Blue', '#fff', 'Matt', 'Enamel'], ['EX-043', '1975 Dark Blue', '#fff', 'Matt', 'Enamel'], ['EX-044', 'Light Blue 55', '#fff', 'Matt', 'Enamel'], ['EX-045', '1975 GN Big Sky Blue', '#fff', 'Matt', 'Enamel'], ['EX-049', '1975 Maroon', '#fff', 'Matt', 'Enamel'], ['EX-051', 'Zinc Chromate', '#fff', 'Matt', 'Enamel'], ['EX-055', 'ANH-DS Surface grey', '#fff', 'Matt', 'Enamel'], ['EX-056', 'ANH-DS Trench Olive Oxide', '#fff', 'Matt', 'Enamel'], ['EX-059', 'Aurore Hull Pink', '#fff', 'Matt', 'Enamel'], ['EX-062', 'Rogue Studio MF Hull Grey', '#fff', 'Matt', 'Enamel'], ['EX-070', '1965 Pullman Green (DK)', '#fff', 'Matt', 'Enamel'], ['EX-076', '1965 Earth (LT)', '#fff', 'Matt', 'Enamel'], ['EX-085', 'STORMY  SEA = ANH', '#fff', 'Matt', 'Enamel'], ['EX-086', 'STORMY  SEA = ESB', '#fff', 'Matt', 'Enamel'], ['EX-087', 'Dark Grime', '#fff', 'Matt', 'Enamel'], ['EX-088', 'ILM Armour Grey', '#fff', 'Matt', 'Enamel'], ['EX-089', 'Alliance Blue', '#fff', 'Matt', 'Enamel'], ['EX-090', 'SP Scarlet', '#fff', 'Matt', 'Enamel'], ['AX-001', '1975 Reefer White', '#fff', 'Matt', 'Acrylic'], ['AX-002', 'Alliance White', '#fff', 'Matt', 'Acrylic'], ['AX-003', 'Dark Grime', '#fff', 'Matt', 'Acrylic'], ['AX-004', 'Light Grime', '#fff', 'Matt', 'Acrylic'], ['AX-005', 'Dark Reefer Grey', '#fff', 'Matt', 'Acrylic'], ['AX-006', '1975 Light Reefer Grey', '#fff', 'Matt', 'Acrylic'], ['AX-007', 'SP Lettering Grey', '#fff', 'Matt', 'Acrylic'], ['AX-008', '1975 SP Lark Grey', '#fff', 'Matt', 'Acrylic'], ['AX-009', '1975 SP Lark Light Grey', '#fff', 'Matt', 'Acrylic'], ['AX-010', '1975 GN Grey Green', '#fff', 'Matt', 'Acrylic'], ['AX-011', '1975 Engine Black', '#fff', 'Matt', 'Acrylic'], ['AX-012', '1975 Weathered Black', '#fff', 'Matt', 'Acrylic'], ['AX-013', '1975 Grimy Black', '#fff', 'Matt', 'Acrylic'], ['AX-014', '1975 Mud', '#fff', 'Matt', 'Acrylic'], ['AX-015', '1975 Light Earth', '#fff', 'Matt', 'Acrylic'], ['AX-016', '1975 Earth', '#fff', 'Matt', 'Acrylic'], ['AX-017', '1975 Foundation', '#fff', 'Matt', 'Acrylic'], ['AX-018', '1975 Concrete', '#fff', 'Matt', 'Acrylic'], ['AX-019', '1975 Depot Buff', '#fff', 'Matt', 'Acrylic'], ['AX-020', 'Rust', '#fff', 'Matt', 'Acrylic'], ['AX-021', '1975 SP Armour Yellow', '#fff', 'Matt', 'Acrylic'], ['AX-022', '1975 Reefer Yellow', '#fff', 'Matt', 'Acrylic'], ['AX-023', '1975 Reefer Orange', '#fff', 'Matt', 'Acrylic'], ['AX-024', '1975 SP Daylight Red', '#fff', 'Matt', 'Acrylic'], ['AX-025', '1975 Caboose Red', '#fff', 'Matt', 'Acrylic'], ['AX-026', '1975 D&H Caboose Red', '#fff', 'Matt', 'Acrylic'], ['AX-027', '1975 Boxcar Red', '#fff', 'Matt', 'Acrylic'], ['AX-029', '1975 Light Green', '#fff', 'Matt', 'Acrylic'], ['AX-030', '1975 Dark Green', '#fff', 'Matt', 'Acrylic'], ['AX-031', '1975 Weyerhaeuser Green', '#fff', 'Matt', 'Acrylic'], ['AX-032', '1975 Coach Green', '#fff', 'Matt', 'Acrylic'], ['AX-033', 'ILM DS Surface Grey', '#fff', 'Matt', 'Acrylic'], ['AX-034', 'ILM DS Olive Oxide', '#fff', 'Matt', 'Acrylic'], ['AX-035', 'Light Blue 55', '#fff', 'Matt', 'Acrylic'], ['AX-036', '1975 Big Sky Blue', '#fff', 'Matt', 'Acrylic'], ['AX-038', 'Alliance Blue', '#fff', 'Matt', 'Acrylic'], ['AX-039', 'Aurore Pink', '#fff', 'Matt', 'Acrylic'], ['AX-041', '1975 Roof Brown', '#fff', 'Matt', 'Acrylic'], ['AX-042', 'ILM Stormy Sea', '#fff', 'Matt', 'Acrylic'], ['AX-045', 'SP Scarlet', '#fff', 'Matt', 'Acrylic'], ['AX-046', 'Vintage Brown Bess', '#fff', 'Matt', 'Acrylic'], ['AX-050', 'ILM Armour Grey', '#fff', 'Matt', 'Acrylic'], ['AX-AT30', 'Acrylic Paint Airbrush Thinner', '#fff', 'Thinners', 'Acrylic'], ['AX-AT250', 'Acrylic Paint Airbrush Thinner', '#fff', 'Thinners', 'Acrylic']], 'Arcus': [[None, None, '#fff', 'Metallic', 'Enamel'], ['E086m', 'Steel', '#585858', 'Metallic', 'Enamel'], ['E246s', 'RAL 7000 Fehgrau (Squirrel Grey)', '#7c8890', 'Matt', 'Enamel'], ['E247s', 'RAL 5012 Lichtblau (Light Blue)', '#2f87b7', 'Matt', 'Enamel'], ['E248s', 'RAL 5017 Verkehrsblau (Traffic Blue)', '#015a8c', 'Matt', 'Enamel'], ['E249s', 'RAL 5015 Himmelblau (Sky Blue)', '#0c7bb0', 'Matt', 'Enamel'], ['E250s', 'RAL 7005 Mousgrau (Mouse Grey)', '#6c6e6b', 'Matt', 'Enamel'], ['E251s', 'RAL 7001 Silbergrau (Silver Grey)', '#8f959f', 'Matt', 'Enamel'], ['E252s', 'RAL 7038 Achatgrau (Agate Grey)', '#b0b1a9', 'Matt', 'Enamel'], ['E253s', 'RAL 7040 Fenstergrau (Window Grey)', '#999ea2', 'Matt', 'Enamel'], ['E254s', 'RAL 7037 Staubgrau (Dusty Grey)', '#7b7b7b', 'Matt', 'Enamel'], ['E255s', 'RAL 7043 Verkehsgrau B (Traffic Grey)', '#505251', 'Matt', 'Enamel'], ['E776s', '776 Gris-Bleu Fonc├⌐ - (Dark Blue Grey)', '#707781', 'Matt', 'Enamel'], [None, None, None, None, None], [None, None, None, None, None], [None, None, None, None, None], [None, None, None, None, None], ['7010', 'PSU The Ghost of Kyiv', '#6c6e6b', None, None], ['7011', 'PSU Ukrainian Flankers', '#999ea2', None, None]], 'Artesania Latina': [[None, None, None, 'Paint sets', 'Acrylic'], [None, None, None, 'Paint sets', 'Acrylic'], [None, None, None, 'Paint sets', 'Acrylic'], [None, None, None, 'Paint sets', 'Acrylic'], [None, None, None, 'Paint sets', 'Acrylic'], [None, None, None, 'Paint sets', 'Acrylic'], [None, None, None, 'Paint sets', 'Acrylic'], [None, None, None, 'Paint sets', 'Acrylic'], [None, None, None, 'Paint sets', 'Acrylic'], [None, None, None, 'Paint sets', 'Acrylic'], [None, None, None, 'Paint sets', 'Acrylic'], [None, None, None, 'Paint sets', 'Acrylic'], [None, None, None, 'Paint sets', 'Acrylic'], [None, None, None, 'Paint sets', 'Acrylic'], ['02', 'Off White', '#bcb8af', 'Matt', 'Acrylic'], ['03', 'Off Black', '#0f0f0f', 'Matt', 'Acrylic'], ['04', 'Grey FS36375', '#767779', 'Matt', 'Acrylic'], ['05', 'RLM66  Grey', '#313133', 'Matt', 'Acrylic'], ['10', 'Bright Red', '#72251d', 'Matt', 'Acrylic'], ['11', 'Hull Red', '#502723', 'Matt', 'Acrylic'], ['12', 'Red FS11136', '#5a1d18', 'Matt', 'Acrylic'], ['13', 'Vermilion', '#7c1a0f', 'Matt', 'Acrylic'], ['20', 'Royal Blue', '#2e6dac', 'Matt', 'Acrylic'], ['21', 'Prussian Blue', '#2e3d5a', 'Matt', 'Acrylic'], ['22', 'Navy Blue', '#192f68', 'Matt', 'Acrylic'], ['27', 'Purple', '#463054', 'Matt', 'Acrylic'], ['30', 'Ice Yellow', '#cfc643', 'Matt', 'Acrylic'], ['31', 'Deep Yellow', '#d4c405', 'Matt', 'Acrylic'], ['32', 'Chequer Yellow', '#ca9e02', 'Matt', 'Acrylic'], ['40', 'Buff', '#b8ad5b', 'Matt', 'Acrylic'], ['41', 'Cocoa Brown', '#765722', 'Matt', 'Acrylic'], ['42', 'Dark Red Leather', '#29120c', 'Matt', 'Acrylic'], ['43', 'Burnt Umber', '#3a2f29', 'Matt', 'Acrylic'], ['50', 'Green FS34226', '#627758', 'Matt', 'Acrylic'], ['51', 'Hull Green', '#2d5756', 'Matt', 'Acrylic'], ['52', 'Green FS34088', '#606445', 'Matt', 'Acrylic'], ['53', 'Bright Green', '#367117', 'Matt', 'Acrylic'], ['60', 'Aluminium', '#918d8a', 'Metallic', 'Acrylic'], ['61', 'Gold', '#c9bf81', 'Metallic', 'Acrylic'], ['62', 'Copper', '#8f4e24', 'Metallic', 'Acrylic'], ['63', 'Gun Metal Grey', '#000000', 'Metallic', 'Acrylic'], ['70', 'Basic Skin', '#c3a46e', 'Matt', 'Acrylic'], ['71', 'Sunny Skin', '#bb925a', 'Matt', 'Acrylic'], [None, None, None, 'Paint sets', 'Acrylic'], [None, None, None, 'Paint sets', 'Acrylic'], ['00', 'Airbrush Thinner', None, 'Thinners', 'Acrylic'], ['01', 'Primer Filler', None, 'Matt', 'Acrylic'], ['90', 'Sapele - Water Based Dye for Wood', None, 'Matt', 'Acrylic'], ['91', 'Walnut - Water Based Dye for Wood', None, 'Matt', 'Acrylic'], ['06', 'Semi-Gloss Oak Shade Varnish Dye', '#fff', 'Varnish', None], ['05', 'Clear Semi-Gloss Acrylic Varnish', None, 'Varnish', None], ['06', 'Semi-Gloss Oak Shade Varnish Dye', None, 'Varnish', None]], 'Artist Acrylics Liquid': [['02', 'White', '#ffffff', 'Matt', 'Acrylic'], ['23', 'Black', '#000000', 'Satin', 'Acrylic'], [None, None, '#fff', 'Matt', 'Acrylic'], ['45', 'Pebeo', '#fff', 'Matt', None]], 'ATOM': [['20067', 'Olivgr├╝n (RLM 71)', '#333b24', 'Matt', 'Acrylic'], ['ATOM-20002', 'Cremeweiss (RAL 9001)', '#d7d7b5', 'Matt', 'Acrylic'], ['ATOM-20005', 'Dunkelgelb DG III', '#bdb898', 'Matt', 'Acrylic'], ['ATOM-20010', 'Dunkelgelb DG I', '#b0ac7e', 'Matt', 'Acrylic'], ['ATOM-20012', 'Dunkelgelb', '#857a64', 'Matt', 'Acrylic'], ['ATOM-20015', 'Gelbbraun (RAL 8020)', '#e9cf84', 'Matt', 'Acrylic'], ['ATOM-20024', 'Sandgelb (RLM 79)', '#a78e4b', 'Matt', 'Acrylic'], ['ATOM-20046', 'Rotbraun (RAL 8012)', '#65391c', 'Matt', 'Acrylic'], ['ATOM-20062', 'Schokobraun (RAL 8017)', '#413028', 'Matt', 'Acrylic'], ['ATOM-20067', 'Olivgr├╝n (RLM 71)', '#333824', 'Matt', 'Acrylic'], ['ATOM-20075', 'Hellgr├╝n / Chromate Green (RLM 82)', '#4a5931', 'Matt', 'Acrylic'], ['ATOM-20077', 'Dunkelgr├╝n (RLM 81)', '#4e5631', 'Matt', 'Acrylic'], ['ATOM-20078', 'Grau (RLM 02)', '#696863', 'Matt', 'Acrylic'], ['ATOM-20080', 'Field Grey', '#575f52', 'Matt', 'Acrylic'], ['ATOM-20081', 'Resedagr├╝n (RAL 6011)', '#626d42', 'Matt', 'Acrylic'], ['ATOM-20101', 'Schwartzgr├╝n (RLM 70) [incorrectly spelled Schwarzgr├╝n]', '#4f513b', 'Matt', 'Acrylic'], ['ATOM-20126', 'Hellblau (RLM 78)', '#889395', 'Matt', 'Acrylic'], ['ATOM-20127', 'Hellblau (RLM 65)', '#b4bec3', 'Matt', 'Acrylic'], ['ATOM-20130', 'Pale Grey (RLM 76)', '#a8b1ae', 'Matt', 'Acrylic'], ['ATOM-20141', 'IJN Ash Grey (RLM 84)', '#a5a387', 'Matt', 'Acrylic'], ['ATOM-20144', 'Zimmerit', '#847b6c', 'Matt', 'Acrylic'], ['ATOM-20147', 'Grauviolett (RLM 75)', '#827e84', 'Matt', 'Acrylic'], ['ATOM-20157', 'Graugr├╝n (RLM 74)', '#4a524f', 'Matt', 'Acrylic'], ['ATOM-20177', 'Washable White (Washable Colors)', '#d8d8d8', 'Matt', 'Acrylic'], ['ATOM-20701', 'Luftwaffe WWII Colors Set', None, 'Paint sets', 'Acrylic'], ['ATOM-20704', 'German Tank Colors WWII', None, 'Paint sets', 'Acrylic']], 'AutoBorne Sealer': [['6000', 'Transparent Sealer', None, 'Matt', 'Acrylic'], ['6001', 'Sealer White', None, 'Matt', 'Acrylic'], ['6002', 'Sealer Black', None, 'Matt', 'Acrylic'], ['6003', 'Sealer Grey', None, 'Matt', 'Acrylic'], ['6004', 'Sealer Yellow', '#f8d15c', 'Matt', 'Acrylic'], ['6005', 'Sealer Orange', None, 'Matt', 'Acrylic'], ['6006', 'Sealer Red', None, 'Matt', 'Acrylic'], ['6008', 'Sealer Blue (GS)', None, 'Matt', 'Acrylic'], ['6009', 'Sealer Process Blue', None, 'Matt', 'Acrylic'], ['6010', 'Sealer Green', None, 'Matt', 'Acrylic'], ['6011', 'Sealer Tan', None, 'Matt', 'Acrylic'], ['6012', 'Sealer Burgundy', None, 'Matt', 'Acrylic'], ['6013', 'Sealer Silver', None, 'Metallic', 'Acrylic']], 'Barchetta Color': [['bc001', 'Multi RED (metallic feeling F2008)', None, 'Gloss', None], ['bc002', 'Multi BLUE', None, 'Gloss', None], ['bc004', 'TyrrellP34 Blue', None, 'Gloss', None], ['bc005', 'FORMULA Fluorescent RED / MPcolor', None, 'Matt', None], ['bc006', 'CHAMPAGHE GOLD', None, 'Gloss', None], ['bc009', 'Metallic Blue', None, 'Satin', None], ['bc011', 'Romans Blue', None, 'Matt', None], ['bc014', 'ITALIAN Flat RED', None, 'Matt', None], ['bc016', 'HELLBLAU (Gulf) Gulf Blu', None, 'Matt', None], ['bc017', 'CARBON Black', None, 'Gloss', None], ['bc018', 'Flat Alummi Matte', None, 'Matt', None], ['bc019', 'Semigloss Clear', None, 'Satin', None], ['bc022', '956/962 BLUE Rothmans Blue', None, 'Matt', None], ['bc023', 'FW16 BLUE Williams', None, 'Gloss', None], ['bc027', 'Antique ItalianRED', None, 'Gloss', None], ['bc028', 'Blue Gray', None, 'Gloss', None], ['bc029', 'CAMELYELLOW', None, 'Gloss', None], ['bc030', 'Premium Deep70Hred', None, 'Gloss', None], ['bc031', 'COLOR FW14 BLUE', None, 'Gloss', None], ['bc032', 'Vaila Green934', None, 'Matt', None], ['bc033', 'Deep Pink911', None, 'Gloss', None], ['bc034', 'Premium Fluorescent Orange', None, 'Matt', None], ['bc035', 'COLOR Calso GT-Blue', None, 'Matt', None], ['bc037', 'Alpha-Deep Red', None, 'Matt', None], ['bc038', 'CARBON Black GOLD', None, 'Matt', None], ['bc039', 'Ley-Blue', None, 'Matt', None], ['bc040', 'Antique RSR Silver', None, 'Matt', None], ['bc041', 'XJR-Purple XJR Purple', None, 'Gloss', None], ['bc042', 'GP-LimeGreen GP Lime Green', None, 'Matt', None], ['bc043', 'Reza metallicblau2000', None, 'Matt', None], ['bc044', 'BLUE PEARL ROSSI', None, 'Matt', None], ['bc045', 'HELLORANGE Golforange', None, 'Gloss', None], ['bc046', 'FW11 Blue or 12', None, 'Matt', None], ['bc047', 'MINO╬ÿ Blau', None, 'Matt', None], ['bc048', 'FlatBullBlack', None, 'Matt', None], ['bc049', '23_CBlue Gro├ƒe', None, 'Gloss', None], ['bc050', 'MB-SILBER', None, 'Matt', None], ['bc054', 'Champagne SilverGT-R', None, 'Matt', None], ['bc055', 'JP BLUE\u3000BLACK', None, 'Matt', None], ['bc056', 'Night\u3000Metallic\u3000Purple', None, 'Matt', None], ['bp120', 'Acetone for cleaning', None, 'Cleaners', None], ['bp126', 'Urethane Hardener', None, 'Gloss', None], ['bp125', 'Urethane Clear-Professional Specifications', None, 'Gloss', None], ['bp127', 'Urethane Thinner', None, 'Thinners', None], ['bp135', 'Urethane Clear-Set', None, 'Paint sets', None]], 'Belton Molotow Premium': [['089', 'Azure blue light', '#fff', 'Satin', None], ['090', 'Azure blue (Himmelblau)', '#fff', 'Satin', None]], 'Billing colors': [['BCA001', 'White', '#ffffff', 'Gloss', 'Acrylic'], ['BCA002', 'Duck Egg Blue', '#cae8c9', 'Matt', 'Acrylic'], ['BCA003', 'Emerald', '#0c8341', 'Gloss', 'Acrylic'], ['BCA004', 'Orange', '#df6030', 'Gloss', 'Acrylic'], ['BCA005', 'Tan', '#a06e44', 'Gloss', 'Acrylic'], ['BCA006', 'Hull Red', '#fff', 'Satin', 'Acrylic'], ['BCA007', 'Sea Blue', '#57afdb', 'Gloss', 'Acrylic'], ['BCA008', 'Brunswick Green', '#123a1c', 'Gloss', 'Acrylic'], ['BCA009', 'Bright Red', '#cb3539', 'Gloss', 'Acrylic'], ['BCA010', 'Matt Lemon', '#e0e30d', 'Matt', 'Acrylic'], ['BCA011', 'Black', '#1b1c20', 'Gloss', 'Acrylic'], ['BCA012', 'Pale Grey', '#9fa0a4', 'Gloss', 'Acrylic'], ['BCA013', 'Trainer Yellow', '#fecc14', 'Matt', 'Acrylic'], ['BCA014', 'Matt White', '#ffffff', 'Matt', 'Acrylic'], ['BCA015', 'Silver', '#acadb0', 'Metallic', 'Acrylic'], ['BCA016', 'Gold', '#d6ab25', 'Metallic', 'Acrylic'], ['BCA017', 'Clear Poly', '#fff', 'Gloss', 'Acrylic'], ['BCA018', 'Mediterranean Blue', '#358bb0', 'Gloss', 'Acrylic'], ['BCA019', 'Matt Aircraft Blue', '#b7d6d0', 'Matt', 'Acrylic'], ['BCA020', 'Satin Brown', '#801322', 'Satin', 'Acrylic'], ['BCA021', 'Crimson', '#901824', 'Gloss', 'Acrylic'], ['BCA023', 'Copper', '#9c6326', 'Metallic', 'Acrylic'], ['BCA032', 'Lime', '#79b042', 'Gloss', 'Acrylic'], ['BCA032', 'Mid Green', '#4b7759', 'Matt', 'Acrylic'], ['BCA035', 'Signal Red', '#d63827', 'Satin', 'Acrylic'], ['BCA036', 'Mahogany Stain', '#fff', 'Matt', 'Acrylic'], ['BCA037', 'Navy Cool Grey', '#fff', None, 'Acrylic'], ['BCA038', 'Cobalt Blue', '#fff', None, 'Acrylic'], ['BCA030', 'Dark Admiralty Grey', '#686e76', 'Gloss', None]], 'Bilmodel Makers': [[None, None, '#fff', 'Satin', 'Acrylic'], [None, None, '#fff', 'Satin', 'Acrylic'], [None, None, '#fff', 'Matt', 'Acrylic'], ['030', 'Demo Team Orange', '#fff', 'Metallic', 'Acrylic'], ['FS34088', 'Olive Drab', '#fff', 'Matt', 'Acrylic'], ['PA001', 'Aluminium', '#fff', 'Metallic', 'Acrylic'], ['PA002', 'Exhaust', '#fff', 'Metallic', 'Acrylic'], ['PA003', 'Steel', '#fff', 'Metallic', 'Acrylic'], ['PA004', 'Gun Metal', '#fff', 'Metallic', 'Acrylic'], ['PA005', 'Titanium', '#fff', 'Metallic', 'Acrylic'], ['PA006', 'White Aluminium', '#fff', 'Metallic', 'Acrylic'], ['PA009', 'Red', '#fff', 'Matt', 'Acrylic'], ['PA010', 'Blue', '#fff', 'Matt', 'Acrylic'], ['PA011', 'Black', '#fff', 'Matt', 'Acrylic'], ['PA012', 'Yellow', '#fff', 'Matt', 'Acrylic'], [None, None, '#fff', 'Gloss', 'Acrylic'], [None, None, '#fff', 'Gloss', 'Acrylic'], [None, None, '#fff', 'Gloss', 'Acrylic'], [None, None, '#fff', 'Gloss', 'Acrylic'], [None, None, '#fff', 'Gloss', 'Acrylic'], [None, None, '#fff', 'Gloss', 'Acrylic'], [None, None, '#fff', 'Gloss', 'Acrylic'], [None, None, '#fff', 'Gloss', 'Acrylic'], [None, None, None, 'Satin', 'Acrylic'], [None, None, '#fff', 'Satin', 'Acrylic'], [None, None, '#fff', 'Satin', 'Acrylic'], [None, None, '#fff', 'Satin', 'Acrylic'], [None, None, '#fff', None, 'Acrylic'], [None, None, '#fff', 'Satin', 'Acrylic'], [None, None, '#fff', 'Satin', 'Acrylic'], [None, None, '#fff', 'Satin', 'Acrylic'], [None, None, '#fff', 'Satin', 'Acrylic'], [None, None, '#fff', 'Satin', 'Acrylic'], ['S003', 'Antracyt Primer 4000', '#fff', 'Matt', 'Acrylic'], [None, None, '#fff', 'Gloss', None]], 'Bombshell Brew': [['BSB01001', '4BO Russian Green', '#fff', 'Matt', 'Acrylic'], ['BSB11011', 'Soviet Dark Green', '#fff', 'Matt', 'Acrylic'], ['BSB11012', 'Russian Dark Green', '#fff', 'Matt', 'Acrylic'], ['BSB11013', 'Russian Light Green', '#fff', 'Matt', 'Acrylic'], ['BSB11014', 'Russian Armor Black', '#fff', 'Matt', 'Acrylic'], ['BSB11015', 'Russian Armor Ochre', '#fff', 'Matt', 'Acrylic'], ['BSB11016', 'Russian Armor Khaki', '#fff', 'Matt', 'Acrylic'], ['BSB11017', 'Russian Armor Gray', '#fff', 'Matt', 'Acrylic'], ['BSB30051', 'FS 30051 NATO Brown', '#fff', 'Matt', 'Acrylic'], ['BSB30111', 'FS 30111 Saddle Brown', '#4c2a21', 'Matt', 'Acrylic'], ['BSB30117', 'FS 30117 Earth Red', '#fff', 'Matt', 'Acrylic'], ['BSB30118', 'FS 30118 Field Drab', '#fff', 'Matt', 'Acrylic'], ['BSB30140', 'FS 30140 Dark Earth', '#fff', 'Matt', 'Acrylic'], ['BSB30215', 'FS 30215 US Matte Brown', '#fff', 'Matt', 'Acrylic'], ['BSB30219', 'FS 30219 Dark Tan', '#fff', 'Matt', 'Acrylic'], ['BSB30257', 'FS 30257 Earth Yellow', '#fff', 'Matt', 'Acrylic'], ['BSB30277', 'FS 30277 Armor Sand', '#fff', 'Matt', 'Acrylic'], ['BSB30279', 'FS 30279 Desert Sand', '#fff', 'Matt', 'Acrylic'], ['BSB30400', 'FS 30400 Tan', '#fff', 'Matt', 'Acrylic'], ['BSB30475', 'FS 30475 Flat Sand', '#fff', 'Matt', 'Acrylic'], ['BSB32197', 'FS 32197 International Orange', '#fff', 'Matt', 'Acrylic'], ['BSB32197', 'FS 32197 International Orange (Engineering Variant)', '#fff', 'Matt', 'Acrylic'], ['BSB33446', 'FS 33446 Desert Tan', '#fff', 'Matt', 'Acrylic'], ['BSB33531', 'FS 33531 Sand', '#fff', 'Matt', 'Acrylic'], ['BSB33613', 'FS 33613 Radome Tan', '#fff', 'Matt', 'Acrylic'], ['BSB33695', 'FS 33695 Yellow Sand', '#fff', 'Matt', 'Acrylic'], ['BSB33717', 'FS 33717 Linen', '#fff', 'Matt', 'Acrylic'], ['BSB33722', 'FS 33722 Modern Desert Sand', '#fff', 'Matt', 'Acrylic'], ['BSB34031', 'FS 34031 US Army Helo Drab', '#fff', 'Matt', 'Acrylic'], ['BSB34052', 'FS 34052 Marine Corps Green', '#fff', 'Matt', 'Acrylic'], ['BSB34079', '34079 Dark Green', '#fff', 'Matt', 'Acrylic'], ['BSB34087A', 'FS 34087 Olive Drab (pre-1956 faded)', '#fff', 'Matt', 'Acrylic'], ['BSB34087B', 'FS 34087 Olive Drab (pre-1956)', '#fff', 'Matt', 'Acrylic'], ['BSB34087C', 'FS 34087 Olive Drab (Post-1956)', '#fff', 'Matt', 'Acrylic'], ['BSB34092', 'FS 34092 European I Dark Green', '#fff', 'Matt', 'Acrylic'], ['BSB34094', 'BSB34094FS 34094 NATO Green', '#fff', 'Matt', 'Acrylic'], ['BSB34095', 'FS 34095 Medium Dark Green', '#fff', 'Matt', 'Acrylic'], ['BSB34097', 'FS 34097 Field Green', '#fff', 'Matt', 'Acrylic'], ['BSB34098', 'FS 34098 Flat Military Green', '#fff', 'Matt', 'Acrylic'], ['BSB34102', 'FS 34102 Medium Green', '#fff', 'Matt', 'Acrylic'], ['BSB34151', 'FS 34151 Interior Green (Zinc Chromate Green)', '#fff', 'Matt', 'Acrylic'], ['BSB34227', 'FS 34227 Pale Green', '#fff', 'Matt', 'Acrylic'], ['BSB35042', 'FS 35042 NS Sea Blue', '#fff', 'Matt', 'Acrylic'], ['BSB35109', 'FS 35109 Aggressor Blue', '#fff', 'Matt', 'Acrylic'], ['BSB35164', 'FS 35164 Intermediate Blue', '#fff', 'Matt', 'Acrylic'], ['BSB35189', 'FS 35189 Blue Gray', '#fff', 'Matt', 'Acrylic'], ['BSB35190', 'FS 35190 Pastel Blue', '#fff', 'Matt', 'Acrylic'], ['BSB35237', 'FS 35237 Medium Gray', '#fff', 'Matt', 'Acrylic'], ['BSB35414', 'FS 35414 Blue', '#fff', 'Matt', 'Acrylic'], ['BSB35450', 'FS 35450 Air Superiority Blue', '#fff', 'Matt', 'Acrylic'], ['BSB35622', 'FS 35622 Duck Egg Blue', '#fff', 'Matt', 'Acrylic'], ['BSB36081', 'FS 36081 European I Dark Gray', '#fff', 'Matt', 'Acrylic'], ['BSB36099', 'FS 36099 Dark Sea Gray', '#fff', 'Matt', 'Acrylic'], ['BSB36118', 'FS 36118 Gunship Gray', '#fff', 'Matt', 'Acrylic'], ['BSB36176', 'FS 36176 Dark Gray', '#fff', 'Matt', 'Acrylic'], ['BSB36231', 'FS 36231 Dark Gull Gray', '#fff', 'Matt', 'Acrylic'], ['BSB36251', 'FS 36251 Navy Aggressor Gray', '#fff', 'Matt', 'Acrylic'], ['BSB36270', 'FS 36270 Neutral Gray', '#fff', 'Matt', 'Acrylic'], ['BSB36307', 'FS 36307 Light Sea Gray', '#fff', 'Matt', 'Acrylic'], ['BSB36314', 'FS 36314 Barley Grey (Flint Grey)', '#fff', 'Matt', 'Acrylic'], ['BSB36320', 'FS 36320 Dark Ghost Gray', '#fff', 'Matt', 'Acrylic'], ['BSB36373', 'FS 36375 Light Ghost Gray', '#fff', 'Matt', 'Acrylic'], ['BSB36440', 'FS 36440 Flat Gull Gray (Early Variant)', '#fff', 'Matt', 'Acrylic'], ['BSB36440A', 'FS 36440 Gull Gray (Late Variant)', '#fff', 'Matt', 'Acrylic'], ['BSB36473', 'FS 36473 ADC Gray', '#fff', 'Matt', 'Acrylic'], ['BSB36495', 'FS 36495 Light Gray', '#fff', 'Matt', 'Acrylic'], ['BSB36622', 'FS 36622 Camouflage Gray', '#fff', 'Matt', 'Acrylic'], ['BSB36628', 'FS 36628 White Gray', '#fff', 'Matt', 'Acrylic'], ['BSB37030', 'FS 37030 NATO Black', '#fff', 'Matt', 'Acrylic'], ['BSB37038', 'FS 37038 Flat Black', '#fff', 'Matt', 'Acrylic'], ['BSB37875', 'FS 37875 Insignia White', '#fff', 'Matt', 'Acrylic'], ['BSB80001', 'Tire Black', '#fff', 'Matt', 'Acrylic'], ['BSB80002', 'Dark Sandstone', '#fff', 'Matt', 'Acrylic'], ['BSB80003', 'Dark Sandstone', '#fff', 'Matt', 'Acrylic'], ['BSBFC001', 'Fantasy Immortal Bard Brown', '#fff', 'Matt', 'Acrylic'], ['BSBFC002', 'Fantasy Darkness Black', '#fff', 'Matt', 'Acrylic'], ['BSBFC003', 'Fantasy Bled Red', '#fff', 'Matt', 'Acrylic'], ['BSBFC004', 'Fantasy Bleeding Red', '#fff', 'Matt', 'Acrylic'], ['BSBFC005', 'Fantasy Bloodied Red', '#fff', 'Matt', 'Acrylic'], ['BSBFC006', 'Fantasy Diety White', '#fff', 'Matt', 'Acrylic'], ['BSBR5008', 'RAL 5008 Grey Blue', '#fff', 'Matt', 'Acrylic'], ['BSBR5017', 'RAL 5017 Traffic Blue (PAF)', '#fff', 'Matt', 'Acrylic'], ['BSBR6003', 'RAL 6003 Olivegrun', '#fff', 'Matt', 'Acrylic'], ['BSBR7008', 'RAL 7008 Graugrun', '#fff', 'Matt', 'Acrylic'], ['BSBR7017', 'RAL 7017 Dunkelbraun', '#fff', 'Matt', 'Acrylic'], ['BSBR7021', 'RAL 7021 Dunkelgrau', '#fff', 'Matt', 'Acrylic'], ['BSBR7027', 'RAL 7027 Grau', '#fff', 'Matt', 'Acrylic'], ['BSBR7028', 'RAL 7028 Dunkelgelb', '#fff', 'Matt', 'Acrylic'], ['BSBR7028A', 'RAL 7028 Dunkelgelb, Nach Muster', '#fff', 'Matt', 'Acrylic'], ['BSBR8017', 'RAL 8017 Rotbraun', '#fff', 'Matt', 'Acrylic'], ['BSBRLM65', 'RLM 65 Hellblau', '#fff', 'Matt', 'Acrylic'], ['BSBRLM76', 'RLM 76 Lichtblau', '#fff', 'Matt', 'Acrylic']], 'CandyO2': [['4030', 'Balancing Clear', None, 'Gloss', 'Acrylic'], ['4040', 'Bleed Checker', None, 'Varnish', 'Acrylic'], ['4650', 'Blood Red', None, 'Gloss', 'Acrylic'], ['4651', 'Sunset Magenta', None, 'Matt', 'Acrylic'], ['4652', 'Tequila Yellow', None, 'Gloss', 'Acrylic'], ['4653', 'Lemon Yellow', None, 'Gloss', 'Acrylic'], ['4654', 'Grabber Orange', None, 'Gloss', 'Acrylic'], ['4655', 'Marine Blue', None, 'Gloss', 'Acrylic'], ['4656', 'Midnight Blue', None, 'Gloss', 'Acrylic'], ['4657', 'Caribe Blue', None, 'Gloss', 'Acrylic'], ['4657', 'Ultra Violet', None, 'Gloss', 'Acrylic'], ['4659', 'Deep Purple', None, 'Gloss', 'Acrylic'], ['4660', 'Poison Green', None, 'Gloss', 'Acrylic'], ['4661', 'Emerald Green', None, 'Gloss', 'Acrylic'], ['4662', 'Dirt Track Brown', None, 'Gloss', 'Acrylic'], ['4663', 'Red Oxide', None, 'Gloss', 'Acrylic'], ['4664', 'Black', None, 'Gloss', 'Acrylic'], ['4665', 'Brandywine', None, 'Gloss', 'Acrylic'], ['4666', 'Tealiscous', None, 'Gloss', 'Acrylic']], 'Citadel': [[None, None, '#fff', 'Gloss', 'Acrylic'], [None, None, '#fff', 'Matt', 'Acrylic'], [None, None, '#84c3aa', 'Matt', 'Acrylic'], ['21-01', 'Averland Sunset (Base)', '#ffd666', 'Matt', 'Acrylic'], ['21-02', 'Jokaero Orange (Base)', '#ee3823', 'Matt', 'Acrylic'], ['21-03', 'Mephiston Red (Base)', '#ce0000', 'Matt', 'Acrylic'], ['21-04', 'Khorne Red', '#6a0001', 'Matt', 'Acrylic'], ['21-05', 'Naggaroth Night', '#3d3354', 'Matt', 'Acrylic'], ['21-06', 'Daemonette Hide', '#696684', 'Matt', 'Acrylic'], ['21-07', 'Kantor Blue', '#002151', 'Matt', 'Acrylic'], ['21-08', 'Macragge Blue (Base)', '#0d407f', 'Matt', 'Acrylic'], ['21-09', 'Caledor Sky', '#396f9e', 'Matt', 'Acrylic'], ['21-10', 'Stegadon Scale Green', '#074863', 'Matt', 'Acrylic'], ['21-11', 'Incubi Darkness', '#0b474a', 'Matt', 'Acrylic'], ['21-12', 'Caliban Green (Base)', '#00401f', 'Matt', 'Acrylic'], ['21-13', 'Waaagh! Flesh', '#1f5429', 'Matt', 'Acrylic'], ['21-14', 'Castellan Green', '#314821', 'Matt', 'Acrylic'], ['21-15', 'Death World Forest', '#5c6730', 'Matt', 'Acrylic'], ['21-16', 'Zandri Dust (Base)', '#9e915c', 'Matt', 'Acrylic'], ['21-17', 'Steel Legion Drab (Base)', '#5e5134', 'Matt', 'Acrylic'], ['21-18', "Bugman's Glow (Base)", '#834f44', 'Matt', 'Acrylic'], ['21-19', 'Ratskin Flesh', '#ad6b4c', 'Matt', 'Acrylic'], ['21-20', 'Mournfang Brown (Base)', '#640909', 'Matt', 'Acrylic'], ['21-21', 'XV-88', '#72491e', 'Matt', 'Acrylic'], ['21-22', 'Rhinox Hide', '#493435', 'Matt', 'Acrylic'], ['21-23', 'Dryad Bark', '#33312d', 'Matt', 'Acrylic'], ['21-24', 'Mechanicus Standard Grey', '#3d4b4d', 'Matt', 'Acrylic'], ['21-25', 'Abaddon Black (Base)', '#231f20', 'Matt', 'Acrylic'], ['21-26', 'Celestra Grey (Base)', '#90a8a8', 'Matt', 'Acrylic'], ['21-27', 'Rakarth Flesh', '#a29e91', 'Matt', 'Acrylic'], ['21-28', 'Leadbelcher (Base)', '#888d8f', 'Metallic', 'Acrylic'], ['21-29', 'Balthasar Gold (Base)', '#a47552', 'Metallic', 'Acrylic'], ['21-30', 'Screaming Bell', '#c16f45', 'Matt', 'Acrylic'], ['21-31', 'Warplock Bronze', '#927d7b', 'Matt', 'Acrylic'], ['21-32', 'The Fang', '#436174', 'Matt', 'Acrylic'], ['21-33', 'Screamer Pink (Base)', '#7c1645', 'Matt', 'Acrylic'], ['21-34', 'Ceramite White (Base)', '#ffffff', 'Matt', 'Acrylic'], ['21-35', 'Retributor Armour (Base)', '#c39e81', 'Metallic', 'Acrylic'], ['21-36', 'Thousnad Sons Blue (Base)', '#fff', 'Matt', 'Acrylic'], ['21-37', 'Death Guard Green (Base)', '#848a66', 'Matt', 'Acrylic'], ['21-38', 'Ionrach Skin (Base)', '#fff', 'Matt', 'Acrylic'], ['21-44', 'Corvus Black (Base)', '#000000', 'Matt', 'Acrylic'], ['21-46', 'Iron Hands Steel (Base)', '#fff', 'Metallic', 'Acrylic'], ['21-47', 'Grey Knights Steel (Base)', '#fff', 'Metallic', 'Acrylic'], ['21-49', 'Burgandy  Base', '#fff', 'Matt', 'Acrylic'], ['21-50', 'Catachan flesh (Base)', '#fff', 'Matt', 'Acrylic'], ['21-52', 'Corax White (Base)', '#ffffff', 'Matt', 'Acrylic'], ['21-53', 'Wraithbone (Base)', '#fff', 'Matt', 'Acrylic'], ['21-54', 'Grey seer', '#fff', 'Matt', 'Acrylic'], ['21-56', 'Orruk Flesh (Base)', '#fff', 'Matt', 'Acrylic'], ['22-01', 'Yriel Yellow', '#ffda00', 'Satin', 'Acrylic'], ['22-02', 'Flash Gitz Yellow', '#fff200', 'Satin', 'Acrylic'], ['22-03', 'Troll Slayer Orange', '#f36d2d', 'Satin', 'Acrylic'], ['22-04', 'Fire Dragon Bright (Layer)', '#f58652', 'Satin', 'Acrylic'], ['22-05', 'Evil Sunz Scarlet (Layer)', '#c2191f', 'Satin', 'Acrylic'], ['22-06', 'Wild Rider Red', '#ea2f28', 'Satin', 'Acrylic'], ['22-07', 'Wazdakka Red', '#8c0a0c', 'Satin', 'Acrylic'], ['22-08', 'Squig Orange', '#aa4f44', 'Satin', 'Acrylic'], ['22-09', 'Xereus Purple', '#471f5f', 'Satin', 'Acrylic'], ['22-10', 'Genestealer Purple', '#7761ab', 'Satin', 'Acrylic'], ['22-11', 'Warpfiend Grey', '#6b6a74', 'Satin', 'Acrylic'], ['22-12', 'Slaanesh Grey', '#8e8c97', 'Satin', 'Acrylic'], ['22-13', 'Alaitoc Blue', '#305687', 'Satin', 'Acrylic'], ['22-14', 'Hoeth Blue (Layer)', '#4c7fb4', 'Matt', 'Acrylic'], ['22-15', 'Altdorf Guard Blue', '#1f56a7', 'Satin', 'Acrylic'], ['22-16', 'Calgar Blue', '#4272b8', 'Satin', 'Acrylic'], ['22-17', 'Teclis Blue', '#317ec1', 'Satin', 'Acrylic'], ['22-18', 'Lothern Blue', '#34a2cf', 'Satin', 'Acrylic'], ['22-19', 'Sotek Green', '#0b6974', 'Satin', 'Acrylic'], ['22-20', 'Temple Guard Blue', '#339a8d', 'Satin', 'Acrylic'], ['22-21', 'Kabalite Green', '#038c67', 'Satin', 'Acrylic'], ['22-22', 'Sybarite Green', '#30a56c', 'Satin', 'Acrylic'], ['22-23', 'Warpstone Glow', '#1e7331', 'Satin', 'Acrylic'], ['22-24', 'Moot Green (Layer)', '#52b244', 'Satin', 'Acrylic'], ['22-25', 'Warboss Green', '#3e805d', 'Satin', 'Acrylic'], ['22-26', 'Skarsnik Green', '#5f9370', 'Satin', 'Acrylic'], ['22-27', 'Loren Forest', '#50702d', 'Satin', 'Acrylic'], ['22-28', 'Straken Green', '#628126', 'Satin', 'Acrylic'], ['22-29', 'Nurgling Green', '#849c63', 'Satin', 'Acrylic'], ['22-30', 'Elysian Green', '#748f39', 'Satin', 'Acrylic'], ['22-31', 'Ogryn Camo', '#9da94b', 'Satin', 'Acrylic'], ['22-32', 'Ushabti Bone', '#bbbb7f', 'Satin', 'Acrylic'], ['22-33', 'Screaming Skull (Layer)', '#d2d4a2', 'Satin', 'Acrylic'], ['22-34', 'Tallarn Sand', '#a67610', 'Satin', 'Acrylic'], ['22-35', 'Karak Stone', '#bb9662', 'Satin', 'Acrylic'], ['22-36', 'Cadian Fleshtone', '#c77958', 'Satin', 'Acrylic'], ['22-37', 'Kislev Flesh', '#d6a875', 'Satin', 'Acrylic'], ['22-38', 'Bestigor Flesh', '#d38a57', 'Satin', 'Acrylic'], ['22-39', 'Ungor Flesh', '#d6a766', 'Satin', 'Acrylic'], ['22-40', 'Skrag Brown', '#90490f', 'Satin', 'Acrylic'], ['22-41', 'Deathclaw Brown', '#b36853', 'Satin', 'Acrylic'], ['22-42', 'Tau Light Ochre', '#bf6e1d', 'Satin', 'Acrylic'], ['22-43', 'Balor Brown (Layer)', '#8b5910', 'Satin', 'Acrylic'], ['22-44', 'Zamesi Desert', '#dda026', 'Satin', 'Acrylic'], ['22-45', 'Doombull Brown', '#5d0009', 'Satin', 'Acrylic'], ['22-46', 'Tuskgor Fur', '#883636', 'Satin', 'Acrylic'], ['22-47', 'Gorthor Brown', '#654741', 'Satin', 'Acrylic'], ['22-48', 'Baneblade Brown', '#937f6d', 'Satin', 'Acrylic'], ['22-49', 'Dawnstone', '#70756e', 'Satin', 'Acrylic'], ['22-50', 'Administratum Grey', '#949b95', 'Satin', 'Acrylic'], ['22-51', 'Eshin Grey', '#4a4f52', 'Satin', 'Acrylic'], ['22-52', 'Dark Reaper', '#3b5150', 'Satin', 'Acrylic'], ['22-53', 'Thunderhawk Blue (Layer)', '#417074', 'Matt', 'Acrylic'], ['22-54', 'Skavenblight Dinge', '#47413b', 'Satin', 'Acrylic'], ['22-55', 'Stormvermin Fur', '#736b65', 'Satin', 'Acrylic'], ['22-56', 'Ulthuan Grey', '#c7e0d9', 'Satin', 'Acrylic'], ['22-57', 'White Scar', '#ffffff', 'Satin', 'Acrylic'], ['22-58', 'Pallid Wych Flesh', '#cdcebe', 'Satin', 'Acrylic'], ['22-59', 'Ironbreaker', '#a1a6a9', 'Satin', 'Acrylic'], ['22-60', 'Runefang Steel (Layer)', '#c3cace', 'Satin', 'Acrylic'], ['22-61', "Gehenna's Gold", '#dba674', 'Satin', 'Acrylic'], ['22-62', 'Auric Armour Gold', '#e8bc6d', 'Satin', 'Acrylic'], ['22-63', 'Hashut Copper', '#b77647', 'Satin', 'Acrylic'], ['22-64', 'Sycorax Bronze', '#cbb394', 'Satin', 'Acrylic'], ['22-65', 'Brass Scorpion', '#b7885f', 'Satin', 'Acrylic'], ['22-66', 'Runelord Brass (Base)', '#b6a89a', 'Satin', 'Acrylic'], ['22-67', 'Russ Grey', '#547588', 'Satin', 'Acrylic'], ['22-68', 'Fenrisian Grey', '#719bb7', 'Satin', 'Acrylic'], ['22-69', 'Pink Horror', '#90305d', 'Satin', 'Acrylic'], ['22-70', "Emperor's Children", '#b94278', 'Satin', 'Acrylic'], ['22-71', 'Liberator Gold', '#d3b587', 'Metallic', 'Acrylic'], ['22-72', 'Flayed One Flesh (Layer)', '#f0d9b8', 'Matt', 'Acrylic'], ['22-74', 'Fulgurite Copper', '#7c1c05', 'Metallic', 'Acrylic'], ['22-75', 'Stormhost Silver', '#bbc6c9', 'Matt', 'Acrylic'], ['22-77', 'Deepkin Flesh (Layer)', '#fff', 'Matt', 'Acrylic'], ['22-79', 'Bahharoth Blue', '#54bdca', 'Satin', 'Acrylic'], ['22-87', 'Sons of Horus Green', '#fff', 'Satin', 'Acrylic'], ['23-01', 'Hexos Palesun (Dry)', '#fff200', 'Matt', 'Acrylic'], ['23-02', 'Kindleflame', '#f79e86', 'Matt', 'Acrylic'], ['23-03', 'Lucius Lilac', '#b69fcc', 'Matt', 'Acrylic'], ['23-04', 'Praxeti White (Dry)', '#ffffff', 'Matt', 'Acrylic'], ['23-05', 'Etherium Blue', '#a2bad2', 'Matt', 'Acrylic'], ['23-06', 'Skink Blue', '#58c1cd', 'Matt', 'Acrylic'], ['23-07', 'Hellion Green', '#84c3aa', 'Matt', 'Acrylic'], ['23-08', 'Underhive Ash', '#c0bd81', 'Matt', 'Acrylic'], ['23-09', 'Eldar Flesh', '#ecc083', 'Matt', 'Acrylic'], ['23-10', 'Tyrant Skull', '#cdc586', 'Matt', 'Acrylic'], ['23-10', 'Skull  Dry', '#fff', 'Matt', 'Acrylic'], ['23-11', 'Terminatus Stone', '#bdb192', 'Matt', 'Acrylic'], ['23-12', 'Stormfang (Dry)', '#80a7c1', 'Matt', 'Acrylic'], ['23-12', 'Longbeard Grey (Dry)', '#ceceaf', 'Matt', 'Acrylic'], ['23-13', 'Necron Compound (Dry)', '#828b8e', 'Metallic', 'Acrylic'], ['23-14', 'Golden Griffon', '#a99058', 'Matt', 'Acrylic'], ['23-15', 'Changeling Pink', '#f4afcd', 'Matt', 'Acrylic'], ['23-16', 'Ryza Rust', '#ec631a', 'Matt', 'Acrylic'], ['23-17', 'Astorath Red (Dry)', '#dd482b', 'Matt', 'Acrylic'], ['23-18', 'Hoeth Blue (Dry)', '#57a9d4', 'Satin', 'Acrylic'], ['23-19', 'Chronus Blue', '#72a8d1', 'Matt', 'Acrylic'], ['23-22', 'Wrack White (Dry)', '#fcfbfa', 'Matt', 'Acrylic'], ['23-25', 'Nurgling Green', '#fff', 'Matt', 'Acrylic'], ['23-27', 'Verminlord Hide', '#a16954', 'Matt', 'Acrylic'], ['23-28', 'Sylvaneth Bark (Dry)', '#ac8262', 'Matt', 'Acrylic'], ['23-29', 'Dawnstone (Dry)', '#636363', 'Matt', 'Acrylic'], ['23-30', 'Sigmarite (Dry)', '#caad76', 'Metallic', 'Acrylic'], ['23-31', 'Slaanesh Grey (Dry)', '#8e8c97', 'Matt', 'Acrylic'], ['23-32', 'Thunderhawk Blue (Dry)', '#509ba9', 'Matt', 'Acrylic'], ['24-01', 'Casandora Yellow', '#fece5a', 'Matt', 'Acrylic'], ['24-02', 'Fuegan Orange', '#c77e4d', 'Matt', 'Acrylic'], ['24-03', 'Carroburg Crimson', '#a82a70', 'Matt', 'Acrylic'], ['24-04', 'Druchii Violet', '#7a468c', 'Matt', 'Acrylic'], ['24-05', 'Drakenhof Nightshade', '#273e51', 'Matt', 'Acrylic'], ['24-06', 'Coelia Greenshade', '#0e7f78', 'Matt', 'Acrylic'], ['24-07', 'Biel-Tan Green', '#1ba169', 'Matt', 'Acrylic'], ['24-08', 'Athonian Camoshade', '#6d8e44', 'Matt', 'Acrylic'], ['24-09', 'Seraphim Sepia', '#d7824b', 'Matt', 'Acrylic'], ['24-10', 'Reikland Fleshshade', '#ca6c4d', 'Matt', 'Acrylic'], ['24-11', 'Agrax Earthshade (Shade)', '#393121', 'Matt', 'Acrylic'], ['24-12', 'Nuln Oil', '#14100e', 'Matt', 'Acrylic'], ['24-15', 'Agrax Earthshade', '#5a573f', 'Matt', 'Acrylic'], ['25-01', 'Lamenters Yellow (Glaze)', '#fff56b', 'Gloss', 'Acrylic'], ['25-02', 'Bloodletter (Glaze)', '#e20713', 'Gloss', 'Acrylic'], ['25-03', 'Guilliman Blue', '#2f9ad6', 'Gloss', 'Acrylic'], ['25-04', 'Waywatcher Green', '#6dc066', 'Gloss', 'Acrylic'], ['26-01', 'Astrogranite (Technical)', '#757679', 'Matt', 'Acrylic'], ['26-02', 'Armageddon Dust (Texture)', '#d3a907', 'Matt', 'Acrylic'], ['26-03', 'Lustrian Undergrowth', '#415a09', 'Matt', 'Acrylic'], ['26-04', 'Mourn Mountain Snow', '#e9eaeb', 'Matt', 'Acrylic'], ['26-05', 'Blackfire Earth', '#a75820', 'Matt', 'Acrylic'], ['26-06', 'Stirland Mud (Technical)', '#492b00', 'Matt', 'Acrylic'], ['26-15', 'Martian Ironearth (Texture)', '#c15a4b', 'Matt', 'Acrylic'], ['27-01', 'Imperial Primer', '#231f20', 'Matt', 'Acrylic'], ['27-02', 'Lahmian Medium', '#f5ede2', 'Matt', 'Acrylic'], ['27-03', "'Ardcoat", '#e2dedf', 'Gloss', 'Acrylic'], ['27-04', 'Liquid Green Stuff', '#3b7a5f', 'Matt', 'Acrylic'], ['27-05', 'Blood For The Blood God', '#67080b', 'Matt', 'Acrylic'], ['27-06', 'Nihilakh Oxide (Technical)', '#6cb79e', 'Matt', 'Acrylic'], ['27-08', 'Agrellan Earth', '#9a816b', 'Matt', 'Acrylic'], ['27-09', "Nurgle's Rot (Technical)", '#9b8f22', 'Matt', 'Acrylic'], ['27-10', 'Typhus Corrosion', '#463d2b', 'Matt', 'Acrylic'], ['27-12', 'Spiritstone red', '#f00c2a', 'Gloss', 'Acrylic'], ['28-05', 'Macragge Blue (Air)', '#0d407f', 'Matt', 'Acrylic'], ['28-07', 'Caliban Green', '#00401f', 'Matt', 'Acrylic'], ['28-15', 'Abaddon Black (Air)', '#fff', 'Matt', 'Acrylic'], ['29-04', 'Fulgrim Pink (Edge)', '#f4afcd', 'Matt', 'Acrylic'], ['29-07', 'Krieg Khaki', '#d8f48b', 'Matt', 'Acrylic'], ['29-08', 'Blue Horror (Edge)', '#a2bad2', 'Matt', 'Acrylic'], ['61-04', 'Scab Red', '#fff', 'Matt', 'Acrylic'], ['61-05', 'Red Gore', '#fff', 'Matt', 'Acrylic'], ['61-06', 'Blood Red', '#fff', 'Matt', 'Acrylic'], ['61-07', 'Blazing Orange', '#fff', 'Matt', 'Acrylic'], ['61-08', 'Fiery Orange', '#fff', 'Matt', 'Acrylic'], ['61-09', 'Golden Yellow', '#fff', 'Matt', 'Acrylic'], ['61-10', 'Sunburst Yellow', '#fff', 'Matt', 'Acrylic'], ['61-11', 'Bad Moon Yellow', '#fff', 'Matt', 'Acrylic'], ['61-12', 'Scorched Brown', '#fff', 'Matt', 'Acrylic'], ['61-13', 'Bestial Brown', '#fff', 'Matt', 'Acrylic'], ['61-14', 'Snakebite Leather', '#fff', 'Matt', 'Acrylic'], ['61-15', 'Bubonic Brown', '#fff', 'Matt', 'Acrylic'], ['61-16', 'Vomit Brown', '#fff', 'Matt', 'Acrylic'], ['61-17', 'Bleached Bone', '#fff', 'Matt', 'Acrylic'], ['61-18', 'Dark Flesh', '#fff', 'Matt', 'Acrylic'], ['61-19', 'Vermin Brown', '#fff', 'Matt', 'Acrylic'], ['61-21', 'Dwarf Flesh', '#fff', 'Matt', 'Acrylic'], ['61-22', 'Bronzed Flesh', '#fff', 'Matt', 'Acrylic'], ['61-23', 'Elf Flesh', '#fff', 'Matt', 'Acrylic'], ['61-27', 'Liche Purple', '#fff', 'Matt', 'Acrylic'], ['61-28', 'Warlock Purple', '#fff', 'Matt', 'Acrylic'], ['61-29', 'Tentacle Pink', '#fff', 'Matt', 'Acrylic'], ['61-30', 'Midnight Blue', '#fff', 'Matt', 'Acrylic'], ['61-32', 'Regal Blue', '#003e6f', 'Matt', 'Acrylic'], ['61-33', 'Ultramarine Blue', '#fff', 'Matt', 'Acrylic'], ['61-34', 'Enchanted Blue', '#fff', 'Matt', 'Acrylic'], ['61-36', 'Ice Blue', '#fff', 'Matt', 'Acrylic'], ['61-37', 'Hawk Turquoise', '#fff', 'Matt', 'Acrylic'], ['61-38', 'Dark Angels Green', '#fff', 'Matt', 'Acrylic'], ['61-39', 'Snot Green', '#fff', 'Matt', 'Acrylic'], ['61-40', 'Scorpion Green', '#fff', 'Matt', 'Acrylic'], ['61-42', 'Goblin Green', '#fff', 'Matt', 'Acrylic'], ['61-43', 'Rotting Flesh', '#fff', 'Matt', 'Acrylic'], ['61-44', 'Camo Green', '#fff', 'Matt', 'Acrylic'], ['61-48', 'Scaly Green', '#005343', 'Matt', 'Acrylic'], ['61-49', 'Space Wolves Grey', '#fff', 'Matt', 'Acrylic'], ['61-51', 'Chaos Black', '#fff', 'Matt', 'Acrylic'], ['61-52', 'Codex Grey', '#fff', 'Matt', 'Acrylic'], ['61-53', 'Fortress Grey', '#fff', 'Matt', 'Acrylic'], ['61-54', 'Skull White', '#fff', 'Matt', 'Acrylic'], ['61-55', 'Mithril Silver', '#fff', 'Metallic', 'Acrylic'], ['61-56', 'Chainmail', '#fff', 'Metallic', 'Acrylic'], ['61-57', 'Boltgun Metal', '#fff', 'Metallic', 'Acrylic'], ['61-58', 'Tin Bitz', '#fff', 'Metallic', 'Acrylic'], ['61-60', 'Dwarf Bronze', '#fff', 'Matt', 'Acrylic'], ['61-61', 'Brazen Brass', '#fff', 'Metallic', 'Acrylic'], ['61-62', 'Burnished Gold', '#fff', 'Metallic', 'Acrylic'], ['61-63', 'Shining Gold', '#fff', 'Metallic', 'Acrylic'], ['61-75', 'Black Ink', '#fff', 'Matt', 'Acrylic'], ['61-76', 'Flesh Wash', '#fff', 'Gloss', 'Acrylic'], ['61-79', 'Tanned Flesh', '#a95c3e', 'Matt', 'Acrylic'], ['61-80', 'Terracotta', '#fff', 'Matt', 'Acrylic'], ['61-81', 'Graveyard Earth', '#fff', 'Matt', 'Acrylic'], ['61-82', 'Kommando Khaki', '#fff', 'Matt', 'Acrylic'], ['61-83', 'Desert Yellow', '#fff', 'Matt', 'Acrylic'], ['61-84', 'Catachan Green', '#fff', 'Matt', 'Acrylic'], ['61-85', 'Varnish', '#fff', 'Varnish', 'Acrylic'], ['61-86', 'Varnish Matt', '#fff', 'Varnish', 'Acrylic'], ['62-52', 'Codex Grey', '#fff', 'Matt', 'Acrylic'], ['68-01', 'Mechrite Red', '#fff', 'Matt', 'Acrylic'], ['68-02', 'Macharius Solar Orange', '#fff', 'Matt', 'Acrylic'], ['68-03', 'Tausept Ochre', '#fff', 'Matt', 'Acrylic'], ['68-04', 'Iyanden Darksun', '#fff', 'Matt', 'Acrylic'], ['68-05', 'Hormagaunt Purple', '#fff', 'Matt', 'Acrylic'], ['68-06', 'Tallarn Flesh', '#fff', 'Matt', 'Acrylic'], ['68-07', 'Mordian Blue', '#fff', 'Matt', 'Acrylic'], ['68-08', 'Necron Abyss', '#fff', 'Matt', 'Acrylic'], ['68-09', 'Fenris Grey', '#fff', 'Matt', 'Acrylic'], ['68-10', 'Adeptus Battlegrey', '#fff', 'Matt', 'Acrylic'], ['68-11', 'Astronomican Grey', '#fff', 'Matt', 'Acrylic'], ['68-12', 'Orkhide Shade', '#fff', 'Matt', 'Acrylic'], ['68-13', 'Knarloc Green', '#fff', 'Matt', 'Acrylic'], ['68-14', 'Gretchin Green', '#fff', 'Matt', 'Acrylic'], ['68-15', 'Charadon Granite', '#fff', 'Matt', 'Acrylic'], ['68-16', 'Calthan Brown', '#fff', 'Matt', 'Acrylic'], ['68-17', 'Khemri Brown', '#fff', 'Matt', 'Acrylic'], ['68-18', 'Dheneb Stone', '#fff', 'Matt', 'Acrylic'], ['68-19', 'Baal Red', '#fff', 'Matt', 'Acrylic'], ['68-20', 'Asurmen Blue', '#fff', 'Matt', 'Acrylic'], ['68-21', 'Thraka Green', '#fff', 'Matt', 'Acrylic'], ['68-22', 'Badab Black', '#fff', 'Matt', 'Acrylic'], ['68-23', 'Gryphonne Sepia', '#fff', 'Matt', 'Acrylic'], ['68-24', 'Ogryn Flesh', '#fff', 'Matt', 'Acrylic'], ['68-25', 'Devlan Mud', '#fff', 'Matt', 'Acrylic'], ['68-26', 'Leviathan Purple', '#fff', 'Matt', 'Acrylic'], ['42670', 'Undercoat Black', '#fff', 'Matt', 'Acrylic'], ['47308', 'Leprous Brown', '#fe7d39', 'Matt', 'Acrylic'], ['47347', 'Beaten Copper', '#fff', 'Satin', 'Acrylic'], ['47349', 'Brazen Brass', '#fff', 'Satin', 'Acrylic'], ['47353', 'Magenta Ink', '#fff', 'Gloss', 'Acrylic'], ['5011921832057', 'Woodland Green', '#fff', 'Matt', 'Acrylic'], ['DY', 'Dorn Yellow', '#fff55a', 'Matt', 'Acrylic'], ['N/A', 'Canoptek Alloy', None, 'Metallic', 'Acrylic'], ['29-10', 'Iyanden yellow   Contrast', '#fff', 'Matt', 'Acrylic'], [None, None, '#fff', 'Gloss', 'Acrylic'], [None, None, '#fff', 'Matt', 'Acrylic'], [None, None, '#fff', 'Matt', 'Acrylic'], [None, None, '#fff', 'Matt', 'Acrylic'], [None, None, '#fff', 'Matt', 'Acrylic'], [None, None, '#fff', 'Matt', 'Acrylic'], [None, None, '#fff', 'Matt', 'Acrylic'], [None, None, '#fff', 'Matt', 'Acrylic'], [None, None, '#fff', 'Matt', 'Acrylic'], [None, None, '#eb4634', None, 'Acrylic'], ['27-35', 'Tesseract Glow (Technical)', '#49ad33', 'Matt', 'Acrylic'], ['29-10', 'Iyanden Yellow  contrast', '#fff', 'Matt', 'Acrylic'], ['29-17', 'Contrast - Leviadon Blue', '#fff', 'Matt', 'Acrylic'], ['29-18', 'Contrast - Ultramarine Blue', '#fff', 'Matt', 'Acrylic'], ['29-22', 'Ork Flesh', '#fff', 'Matt', 'Acrylic'], ['29-26', 'Contrast - Skeleton Horde', '#fff', 'Matt', 'Acrylic'], ['29-27', 'Contrast - Snakebite Leather', '#fff', 'Matt', 'Acrylic'], ['29-28', 'Contrast - Gore Grunta Fur', '#fff', 'Matt', 'Acrylic'], ['29-29', 'Contrast - Cygor Brown', '#fff', 'Matt', 'Acrylic'], ['29-30', 'Contrast - Wyldwood', '#fff', 'Matt', 'Acrylic'], ['29-31', 'Contrast - Fyreslayer Flesh', '#fff', 'Matt', 'Acrylic'], ['29-32', 'Contrast - Guilliman Flesh', '#fff', 'Matt', 'Acrylic'], ['29-33', 'Contrast - Darkoath Flesh', '#fff', 'Matt', 'Acrylic'], ['29-35', 'Contrast - Gryph-Charger grey', '#fff', 'Matt', 'Acrylic'], ['29-36', 'Space Wolves grey', '#fff', 'Matt', 'Acrylic'], ['29-38', 'Contrast - Black Templar', '#fff', 'Matt', 'Acrylic'], ['29-38', 'Black templar', '#fff', 'Matt', 'Acrylic'], ['29-43', 'Contrast - Terradon Turquoise', '#fff', 'Matt', 'Acrylic'], ['1', 'Bronzed Flesh', None, 'Matt', 'Acrylic'], ['2', 'Chaos Black', None, 'Matt', 'Acrylic'], ['3', 'Woodland Green', None, 'Matt', 'Acrylic'], ['4', 'Blood Red', None, 'Matt', 'Acrylic'], ['5', 'Skull White', None, 'Matt', 'Acrylic'], ['6', 'Shining Gold', None, 'Metallic', 'Acrylic'], ['7', 'Sunburst Yellow', None, 'Matt', 'Acrylic'], ['8', 'Enchanted Blue', None, 'Matt', 'Acrylic'], ['9', 'Mithril Silver', None, 'Metallic', 'Acrylic'], ['10', 'Swamp Brown', None, 'Matt', 'Acrylic'], ['11', 'Rotting Flesh', None, 'Matt', 'Acrylic'], ['12', 'Orc Brown', None, 'Matt', 'Acrylic'], ['13', 'Hobgoblin Orange', None, 'Matt', 'Acrylic'], ['14', 'Elf Grey', None, 'Matt', 'Acrylic'], ['15', 'Spearstaff Brown', None, 'Matt', 'Acrylic'], ['16', 'Worm Purple', None, 'Matt', 'Acrylic'], ['17', 'Goblin Green', None, 'Matt', 'Acrylic'], ['18', 'Chainmail', None, 'Metallic', 'Acrylic'], ['19', 'Brazen Bronze', None, 'Metallic', 'Acrylic'], ['20', 'Bilious Green', None, 'Matt', 'Acrylic'], ['21', 'Ghoul Grey', None, 'Matt', 'Acrylic'], ['22', 'Bestial Brown', None, 'Matt', 'Acrylic'], ['23', 'Electric Blue', None, 'Matt', 'Acrylic'], ['24', 'Red Gore', None, 'Matt', 'Acrylic'], ['25', 'Imperial Purple', None, 'Matt', 'Acrylic'], ['26', 'Moody Blue', None, 'Matt', 'Acrylic'], ['27', 'Titillating Pink', None, 'Matt', 'Acrylic'], ['28', 'Smelly Primer', None, 'Matt', 'Acrylic'], ['29', 'Ash Waste Grey', None, 'Matt', 'Acrylic'], ['30', 'Battle Green', None, 'Matt', 'Acrylic'], ['31', 'Codex Grey', None, 'Matt', 'Acrylic'], ['32', 'Fire Orange', None, 'Matt', 'Acrylic'], ['33', 'Horizon Blue', None, 'Matt', 'Acrylic'], ['34', 'Imperial Strike Green', None, 'Matt', 'Acrylic'], ['35', 'Jungle Green', None, 'Matt', 'Acrylic'], ['36', 'Nightworld Blue', None, 'Matt', 'Acrylic'], ['37', 'Orc Flesh', None, 'Matt', 'Acrylic'], ['38', 'Salamander Black', None, 'Matt', 'Acrylic'], ['39', 'Salamander Green', None, 'Matt', 'Acrylic'], ['40', 'Snake-Bite Leather', None, 'Matt', 'Acrylic'], ['41', 'Space Wolf Grey', None, 'Matt', 'Acrylic'], ['42', 'Striking Scorpion', None, 'Matt', 'Acrylic'], ['43', 'Sulphur Desert Yellow', None, 'Matt', 'Acrylic'], ['44', 'Turquoise Hawk', None, 'Matt', 'Acrylic'], ['45', 'Amethyst', None, 'Metallic', 'Acrylic'], ['46', 'Burnished Gold', None, 'Metallic', 'Acrylic'], ['47', 'Glistening Green', None, 'Metallic', 'Acrylic'], ['48', 'Tin Bitz', None, 'Metallic', 'Acrylic'], ['49', 'Rust Brown Ink', None, 'Gloss', 'Acrylic'], ['50', 'Skaven Ink', None, 'Gloss', 'Acrylic'], ['51', 'Orange Ink', None, 'Gloss', 'Acrylic'], ['52', 'Green Ink', None, 'Gloss', 'Acrylic'], ['53', 'Blue Ink', None, 'Gloss', 'Acrylic'], ['54', 'Purple Ink', None, 'Gloss', 'Acrylic'], ['55', 'Chestnut Ink', None, 'Gloss', 'Acrylic'], ['56', 'Black Ink', None, 'Gloss', 'Acrylic'], ['57', 'Bleached Bone', None, 'Matt', 'Acrylic'], ['58', 'Fire Dragon Crimson', None, 'Matt', 'Acrylic'], ['59', 'Terracota', None, 'Matt', 'Acrylic'], ['60', 'Blue Grey', None, 'Matt', 'Acrylic'], ['61', 'Blood Angel Orange', None, 'Matt', 'Acrylic'], ['62', 'Elf Flesh', None, 'Matt', 'Acrylic'], ['63', 'Bad Moon Yellow', None, 'Matt', 'Acrylic'], ['64', 'Ultramarine Blue', None, 'Matt', 'Acrylic'], ['65', 'Go Fasta Red', None, 'Matt', 'Acrylic'], ['66', 'Waaargh! Green Ink', None, 'Gloss', 'Acrylic'], ['67', 'Marine Dark Blue', None, 'Matt', 'Acrylic'], ['68', 'Plasma Red Ink', None, 'Gloss', 'Acrylic'], [None, None, '#7a468c', 'Matt', 'Acrylic'], [None, None, '#fff', 'Matt', 'Acrylic'], [None, None, '#fff', 'Matt', 'Acrylic'], [None, None, '#417074', 'Matt', 'Acrylic'], ['23-20', 'Imrik Blue (Dry)', '#67aed0', 'Matt', 'Acrylic'], ['24-10', 'Reikland Fleshshade (Shade)', '#ca6c4d', 'Matt', 'Acrylic'], ['24-13', 'Carroburg Crimson (Shade)', '#a82a70', 'Matt', 'Acrylic'], ['24-14', 'Nuln Oil (Shade)', '#000000', 'Matt', 'Acrylic'], ['24-15', 'Agrax Earthshade (Shade)', '#271f15', 'Matt', 'Acrylic'], ['24-17', 'Drakenhof Nightshade', '#273e51', 'Matt', 'Acrylic'], ['24-18', 'Casandora Yellow (Shade)', '#fece5a', 'Matt', 'Acrylic'], ['24-19', 'Biel-Tan Green (Shade)', '#1ba169', 'Matt', 'Acrylic'], ['24-21', 'Athonian Camoshade (Shade)', '#6d8e44', 'Matt', 'Acrylic'], ['24-23', 'Seraphim Sepia (Shade)', '#d7824b', 'Matt', 'Acrylic'], ['24-25', 'Nuln Oil Gloss', '#000000', 'Gloss', 'Acrylic'], ['24-26', 'Agrax Earthshade Gloss', '#271f15', 'Gloss', 'Acrylic'], ['26-06', 'Stirland Mud (Technical)', '#492b00', 'Matt', 'Acrylic'], ['26-09', 'Armageddon Dunes (Texture)', '#d3a907', 'Matt', 'Acrylic'], ['26-12', 'Astrogranite (Texture)', '#757679', 'Matt', 'Acrylic'], ['27-33', 'Contrast Medium', '#fff', 'Matt', 'Acrylic'], ['27-34', 'Stormshield (Technical)', '#fff', 'Matt', 'Acrylic'], ['62-02', 'Chaos Black', '#fff', 'Matt', 'Acrylic'], ['62-34', 'Grey Seer', '#fff', None, 'Acrylic'], ['62-01-13', 'Skull White', '#fff', 'Matt', 'Acrylic'], ['62-01-80', 'Corax White', '#fff', 'Satin', 'Acrylic'], ['83301', 'Skull White', '#ffffff', 'Matt', 'Acrylic'], ['83302', 'Chaos Black', '#000000', 'Matt', 'Acrylic'], ['83303', 'Blood Red', '#c21920', 'Matt', 'Acrylic'], ['83304', 'Sunburst Yellow', '#fbe700', 'Matt', 'Acrylic'], ['83305', 'Mithril Silver', None, 'Metallic', 'Acrylic'], ['83306', 'Shining Gold', None, 'Metallic', 'Acrylic'], ['83307', 'Goblin Green', '#63b521', 'Matt', 'Acrylic'], ['83308', 'Fiery Orange', None, 'Matt', 'Acrylic'], ['83309', 'Chainmail', None, 'Metallic', 'Acrylic'], ['83310', 'Ruby Red', None, 'Matt', 'Acrylic'], ['83311', 'Regal Blue', None, 'Matt', 'Acrylic'], ['83312', 'Smelly Primer', '#ffffff', 'Matt', 'Acrylic'], ['83313', 'Ultramarine Blue', None, 'Matt', 'Acrylic'], ['83314', 'Blazing Orange', None, 'Matt', 'Acrylic'], ['83315', 'Dark Angels Green', None, 'Matt', 'Acrylic'], ['83316', 'Bad Moon Yellow', None, 'Matt', 'Acrylic'], ['83317', 'Bleached Bone', None, 'Matt', 'Acrylic'], ['83318', 'Tin Bitz', None, 'Metallic', 'Acrylic'], ['83319', 'Red Wash', None, 'Gloss', 'Acrylic'], ['83320', 'Enchanted Blue', '#31639c', 'Matt', 'Acrylic'], ['83321', 'Bronzed Flesh', '#f7944a', 'Matt', 'Acrylic'], ['83322', 'Snakebite Leather', None, 'Matt', 'Acrylic'], ['83323', 'Leprous Brown', None, 'Matt', 'Acrylic'], ['83324', 'Warlock Purple', None, 'Matt', 'Acrylic'], ['83325', 'Lightning Bolt Blue', '#fff', 'Matt', 'Acrylic'], ['83326', 'Liche Purple', None, 'Matt', 'Acrylic'], ['83327', 'Vermin Fur', None, 'Matt', 'Acrylic'], ['83328', 'Bestial Brown', None, 'Matt', 'Acrylic'], ['83329', 'Snot Green', None, 'Matt', 'Acrylic'], ['83330', 'Elf Grey', None, 'Matt', 'Acrylic'], ['83331', 'Elf Flesh', None, 'Matt', 'Acrylic'], ['83332', 'Jade Green', None, 'Matt', 'Acrylic'], ['83333', 'Dwarf Flesh', None, 'Matt', 'Acrylic'], ['83334', 'Blood Angel Red', None, 'Matt', 'Acrylic'], ['83335', 'Golden Yellow', None, 'Matt', 'Acrylic'], ['83336', 'Flesh Wash', '#ce8c42', 'Matt', 'Acrylic'], ['83337', 'Orc Flesh Wash', None, 'Gloss', 'Acrylic'], ['83338', 'Blue Wash', None, 'Gloss', 'Acrylic'], ['83339', 'Yellow Wash', None, 'Gloss', 'Acrylic'], ['83340', 'Brown Wash', '#fff', 'Matt', 'Acrylic'], ['83341', 'Chestnut Wash', None, 'Gloss', 'Acrylic'], ['83342', 'Armour Wash', None, 'Gloss', 'Acrylic'], ['83343', 'Rotting Flesh', None, 'Matt', 'Acrylic'], ['83344', 'Bubonic Brown', None, 'Matt', 'Acrylic'], ['83345', 'Shadow Grey', None, 'Matt', 'Acrylic'], ['83346', 'Space Wolves Grey', None, 'Matt', 'Acrylic'], ['83347', 'Boltgun Metal', None, 'Metallic', 'Acrylic'], ['83348', 'Polished Blue', None, 'Matt', 'Acrylic'], ['83349', 'Dwarf Bronze', None, 'Metallic', 'Acrylic'], ['83350', 'Amethyst Purple', None, 'Metallic', 'Acrylic'], ['83351', 'Beaten Copper', None, 'Metallic', 'Acrylic'], ['83352', 'Glistening Green', None, 'Metallic', 'Acrylic'], ['83353', 'Orange Wash', None, 'Gloss', 'Acrylic'], ['83354', 'Yellow Glaze', '#fff', 'Gloss', 'Acrylic'], ['83355', 'Blue Glaze', None, 'Gloss', 'Acrylic'], ['83356', 'Purple Wash', None, 'Gloss', 'Acrylic'], ['83357', 'Black Wash', '#fff', 'Matt', 'Acrylic'], ['83358', 'Crimson Gore', None, 'Matt', 'Acrylic'], ['83359', 'Putrid Green', None, 'Matt', 'Acrylic'], ['83360', 'Vomit Brown', None, 'Matt', 'Acrylic'], ['83361', 'Deadly Nightshade', None, 'Matt', 'Acrylic'], ['83362', 'Nauseating Blue', None, 'Matt', 'Acrylic'], ['83363', 'Tentacle Pink', None, 'Matt', 'Acrylic'], ['83364', 'Brazen Brass', None, 'Metallic', 'Acrylic'], ['83365', 'Emerald Green', None, 'Matt', 'Acrylic'], ['83366', 'Scorpion Green', None, 'Matt', 'Acrylic'], ['83367', 'Hawk Turquoise', None, 'Matt', 'Acrylic'], ['83368', 'Festering Blue', None, 'Matt', 'Acrylic'], ['83369', 'Hideous Blue', None, 'Matt', 'Acrylic'], ['83370', 'Burnished Gold', None, 'Metallic', 'Acrylic'], ['83371', 'Green Wash', None, 'Matt', 'Acrylic'], ['83372', 'Red Glaze', None, 'Gloss', 'Acrylic'], ['83373', 'Green Glaze', None, 'Matt', 'Acrylic'], ['83374', 'Purple Glaze', None, 'Gloss', 'Acrylic'], ['83375', 'Turquoise Glaze', '#fff', 'Gloss', 'Acrylic'], ['27-32', 'Technical Valhallan blizzard', '#fff', None, None], [None, None, '#fff', 'Matt', None]], 'Color of Eagles': [['1004', 'Tire Black', '#393c3b', 'Matt', 'Acrylic'], ['2010', 'RLM 02 Grau', '#4b4a41', 'Matt', 'Acrylic'], ['2011', 'RLM 04 Gelb', '#fdbe19', 'Matt', 'Acrylic'], ['2012', 'RLM 21 White', '#f8f8f8', 'Matt', 'Acrylic'], ['2013', 'RLM 22 Black', '#1b1a19', 'Matt', 'Acrylic'], ['2014', 'RLM 23 Red', '#c82940', 'Matt', 'Acrylic'], ['2015', 'RLM 24 Blue', '#154062', 'Matt', 'Acrylic'], ['2016', 'RLM 25 Green', '#497868', 'Matt', 'Acrylic'], ['2021', 'RLM 65 Hellblau', '#78979a', 'Matt', 'Acrylic'], ['2022', 'RLM 66 Schwarzgrau', '#394048', 'Matt', 'Acrylic'], ['2023', 'RLM 70 Schwarzgrun', '#313c3e', 'Matt', 'Acrylic'], ['2023', 'Color of the Eagles RLM 70 Schwarzgrun', '#575a4f', 'Matt', 'Acrylic'], ['2024', 'RLM 71 Dunkelgrun', '#3d4742', 'Matt', 'Acrylic'], ['2025', 'RLM 74 Graugrun', '#51534b', 'Matt', 'Acrylic'], ['2026', 'RLM 75 Grauviolett', '#5d6371', 'Matt', 'Acrylic'], ['2027', 'RLM 76 Lichtblau', '#95b2b8', 'Matt', 'Acrylic'], ['2028', 'RLM 78 Hellblau', '#90a8aa', 'Matt', 'Acrylic'], ['2029', 'RLM 79 Sandgelb', '#a1924f', 'Matt', 'Acrylic'], ['2030', 'RLM 80 Olivegrun', '#353a28', 'Matt', 'Acrylic'], ['2031', 'RLM 81 Braunviolett', '#414747', 'Matt', 'Acrylic'], ['2033', 'RLM 82 Lichtgrun', '#3e532c', 'Matt', 'Acrylic'], ['2034', 'RLM 83 Dunkelgrun', '#5b574c', 'Matt', 'Acrylic'], ['2035', 'RLM 84 Graublau', '#e6e8db', 'Matt', 'Acrylic'], ['3040', 'US Olive Drab 41', '#535135', 'Matt', 'Acrylic'], ['3041', 'US Olive Drab 41 Faded', '#545236', 'Matt', 'Acrylic'], ['3042', 'US Green 42', '#4c6858', 'Matt', 'Acrylic'], ['3043', 'US Neutral Gray 43', '#7f858c', 'Matt', 'Acrylic'], ['3044', 'US Sea Blue Flat', '#202238', 'Matt', 'Acrylic'], ['3045', 'US Sea Blue Gloss', '#202238', 'Gloss', 'Acrylic'], ['3046', 'US Intermediate Blue', '#707e8b', 'Matt', 'Acrylic'], ['3047', 'US Lt. Gull Gray', '#b4b5ac', 'Matt', 'Acrylic'], ['3048', 'US Blue Gray', '#718386', 'Matt', 'Acrylic'], ['3049', 'US Interior Green', '#727149', 'Matt', 'Acrylic'], ['3050', 'US Interior Yellow', '#e4d209', 'Matt', 'Acrylic'], ['3051', 'US Orange Yellow', '#f4a00d', 'Matt', 'Acrylic'], ['3052', 'US Sand', '#ae9177', 'Matt', 'Acrylic'], ['6110', 'BS450 Dark Earth', '#756047', 'Matt', 'Acrylic'], ['6111', 'BS241 Dark Green', '#57574c', 'Matt', 'Acrylic'], ['6112', 'BS629 Ocean Gray', '#7c818a', 'Matt', 'Acrylic'], ['6113', 'BS637  Medium Sea Gray', '#91999f', 'Matt', 'Acrylic'], ['6114', 'BS210 Sky', '#b6bfa3', 'Matt', 'Acrylic'], ['6115', 'RAF Mid-Stone', '#b38c56', 'Matt', 'Acrylic'], ['6116', 'RAF Azure', '#759bb7', 'Matt', 'Acrylic'], ['6118', 'BS640 Extra Dark Sea Gray', '#4e565b', 'Matt', 'Acrylic'], ['6119', 'BS634 Dark Slate Gray', '#636454', 'Matt', 'Acrylic'], ['6121', 'RAF Mediterranean Blue', '#506e81', 'Matt', 'Acrylic']], 'ColorPlace': [['20000', 'Gloss White (ColorPlace)', '#fff', 'Gloss', 'Enamel'], ['20001', 'Royal Blue (ColorPlace)', '#fff', 'Gloss', 'Enamel'], ['20002', 'Kelly Green (ColorPlace)', '#fff', 'Gloss', 'Enamel'], ['20004', 'Flat Black (ColorPlace)', '#fff', 'Matt', 'Enamel'], ['20005', 'Fire Red (ColorPlace)', '#fff', 'Gloss', 'Enamel'], ['20009', 'Flat White (ColorPlace)', '#fff', 'Matt', 'Enamel'], ['20017', 'Orange (ColorPlace)', '#fff', 'Gloss', 'Enamel']], 'Colors By Boyd': [['52924', 'Smoke Grey Pearl', '#6b6a6c', 'Gloss', 'Enamel']], 'Colourcoats': [['ACF01', 'Vert Moyen', '#5c5b50', 'Satin', 'Enamel'], ['ACF02', 'Vert Fonce', '#24372a', 'Satin', 'Enamel'], ['ACF03', "Terre d'Ombre Naturelle", '#745f46', 'Satin', 'Enamel'], ['ACF04', 'Chocolat', '#43291e', 'Satin', 'Enamel'], ['ACF05', 'Gris Fonce (Dark Grey-Blue)', '#3f4d58', 'Satin', 'Enamel'], ['ACF06', 'Ombre Calcinee', '#5f4025', 'Satin', 'Enamel'], ['ACF07', 'Kaki', '#56564b', 'Satin', 'Enamel'], ['ACF08', 'Vert', '#4e563c', 'Satin', 'Enamel'], ['ACF09', 'Gris Bleu Clair', '#677581', 'Satin', 'Enamel'], ['ACF10', 'Gris Bleu Ciel', '#638b93', 'Satin', 'Enamel'], ['ACF11', 'Chamois', '#e7c19a', 'Matt', 'Enamel'], ['ACF12', 'Bleu Fonce', '#39425a', 'Satin', 'Enamel'], ['ACGW01', 'NIVO (RFC/USAAC)', '#282e2c', 'Satin', 'Enamel'], ['ACGW02', 'Khaki P. C. 10 (RFC/USAAC)', '#6a5f4d', 'Satin', 'Enamel'], ['ACGW03', 'P.C.12 (RFC/USAAC)', '#814f46', 'Satin', 'Enamel'], ['ACGW07', 'Dark Green (French/USAAC)', '#6e6140', 'Satin', 'Enamel'], ['ACGW08', 'Light Green (French/USAAC)', '#6a5a2c', 'Satin', 'Enamel'], ['ACGW10', 'Doped Linen', '#ddcba1', 'Satin', 'Enamel'], ['ACGW13', 'Fokker Green', '#495951', 'Satin', 'Enamel'], ['ACJ01', 'IJNAF Black-Green', '#282e2c', 'Satin', 'Enamel'], ['ACJ02', 'IJN Nakajima Navy Grey', '#c1cdc3', 'Satin', 'Enamel'], ['ACJ03', 'Nakajima Navy Green', '#495951', 'Satin', 'Enamel'], ['ACJ04', 'IJN Interior Buff Green', '#8d8d55', 'Satin', 'Enamel'], ['ACJ05', 'Nakajima Army Green', '#33482b', 'Satin', 'Enamel'], ['ACJ06', 'Mitsubishi Navy Green', '#185637', 'Satin', 'Enamel'], ['ACJ07', 'Mitsubishi Navy Grey', '#9ca1a3', 'Satin', 'Enamel'], ['ACJ08', 'Mitsubishi Cowl Blue-Black', '#1f2d3a', 'Satin', 'Enamel'], ['ACJ09', 'Kawasaki Army Green', '#5e6445', 'Satin', 'Enamel'], ['ACJ10', 'Kawanishi Green', '#134332', 'Satin', 'Enamel'], ['ACJ11', 'Overall Light Grey', '#dbdfdb', 'Satin', 'Enamel'], ['ACJ12', 'Undersurface Grey-Green', '#94978a', 'Satin', 'Enamel'], ['ACJ13', 'Red-Brown Primer', '#5f4025', 'Satin', 'Enamel'], ['ACJ14', 'Earth Brown', '#91734f', 'Satin', 'Enamel'], ['ACJ15', 'Aotake', '#77b4ab', 'Metallic', 'Enamel'], ['ACJ16', 'Mitsubishi Zero Grey-Green', '#9a947a', 'Satin', 'Enamel'], ['ACJ17', 'Nakajima Amber Grey (Ameiro)', '#8e7a5a', 'Satin', 'Enamel'], ['ACJ18', 'Interior Olive Green', '#70671c', 'Satin', 'Enamel'], ['ACJ19', 'Wing ID Strip Yellow', '#ffab00', 'Satin', 'Enamel'], ['ACJ20', 'Hinomaru Red', '#bd1921', 'Satin', 'Enamel'], ['ACJ21', 'Trainer Yellow-Orange', '#ffab00', 'Satin', 'Enamel'], ['ACLE01', 'RAF Anti-Flash White  (BS4800)', '#f1f2ea', 'Matt', 'Enamel'], ['ACLE02', 'RAF Hemp', '#a39a84', 'Matt', 'Enamel'], ['ACLE03', 'Zitrongelb (RAL 1012)', '#d6b025', 'Satin', 'Enamel'], ['ACLE04', 'Rot (RAL 3000)', '#a42821', 'Satin', 'Enamel'], ['ACLE05', 'Graublau (RAL 5008)', '#3d4850', 'Satin', 'Enamel'], ['ACLE06', 'Gr├╝n (RAL 6010)', '#486f38', 'Satin', 'Enamel'], ['ACLE07', 'Braun (RAL 8003)', '#7c4b27', 'Matt', 'Enamel'], ['ACLE08', 'Rotbraun (Flieglack 7142)', '#764b44', 'Matt', 'Enamel'], ['ACLE09', 'Elefenbein (FAS 1 - NSFK)', '#c9c2a2', 'Satin', 'Enamel'], ['ACLE10', 'Braun (FAS 3 - NSFK)', '#764324', 'Matt', 'Enamel'], ['ACLE11', 'Gr├╝n (FAS 4 - NSFK)', '#508c29', 'Satin', 'Enamel'], ['ACLE12', 'Gelb (FAS5 - NSFK)', '#ffab00', 'Satin', 'Enamel'], ['ACLE13', 'Grau (FAS 6-NSFK)', '#fff', 'Matt', 'Enamel'], ['ACLE14', 'Kadmiert', '#b3b4ab', 'Satin', 'Enamel'], ['ACLE15', 'Gr├╝n (IKAROL 201)', '#717957', 'Matt', 'Enamel'], ['ACLW01', 'Dunkelgrun RLM 83', '#5a564b', 'Satin', 'Enamel'], ['ACLW02', 'Schwarzgrun RLM 70', '#41544e', 'Satin', 'Enamel'], ['ACLW03', 'Hellblau RLM 65', '#a3c6d3', 'Satin', 'Enamel'], ['ACLW04', 'Grun RLM 72', '#423b28', 'Satin', 'Enamel'], ['ACLW05', 'Grun RLM 73', '#2d3a2a', 'Satin', 'Enamel'], ['ACLW06', 'Braunviolett RLM 81', '#493c35', 'Satin', 'Enamel'], ['ACLW07', 'Hellgrau L40/52', '#94978a', 'Satin', 'Enamel'], ['ACLW08', 'Dunkelbraun RLM 61', '#473f35', 'Satin', 'Enamel'], ['ACLW09', 'Grun RLM 62', '#5a6349', 'Satin', 'Enamel'], ['ACLW10', 'Hellgrau RLM 63', '#6d6e58', 'Satin', 'Enamel'], ['ACLW11', 'Dunkelgrun RLM 71', '#55543f', 'Satin', 'Enamel'], ['ACLW12', 'RLM Grau RLM 02', '#81816b', 'Satin', 'Enamel'], ['ACLW13', 'Dunkelgrau Grunlich RLM 74', '#575956', 'Satin', 'Enamel'], ['ACLW14', 'Mittelgrau RLM 75', '#65686c', 'Satin', 'Enamel'], ['ACLW15', 'Lichtblau RLM 76', '#7c9bab', 'Satin', 'Enamel'], ['ACLW16', 'Schwarzgrau RLM 66', '#505050', 'Matt', 'Enamel'], ['ACLW17', 'Hellblau RLM 78', '#79a0ac', 'Satin', 'Enamel'], ['ACLW18', 'Sandgelb RLM 79', '#aa7e66', 'Satin', 'Enamel'], ['ACLW19', 'Olivgrun RLM 80', '#343927', 'Satin', 'Enamel'], ['ACLW20', 'Hellgrun RLM 82', '#4f6245', 'Satin', 'Enamel'], ['ACLW21', 'Gelb RLM 04', '#ffca0e', 'Satin', 'Enamel'], ['ACOZ01', 'RAAF Sky Blue', '#b8c4c5', 'Satin', 'Enamel'], ['ACOZ02', 'RAAF Foliage Green', '#4d6757', 'Satin', 'Enamel'], ['ACOZ03', 'RAAF Earth Brown', '#836a51', 'Satin', 'Enamel'], ['ACOZ04', 'RAAF Light Earth', '#927968', 'Satin', 'Enamel'], ['ACOZ05', 'RAAF K5 Light Green', '#45433d', 'Satin', 'Enamel'], ['ACOZ06', 'RAAF Dark Earth', '#745f46', 'Satin', 'Enamel'], ['ACOZ07', 'RAAF Dark Green', '#56564b', 'Satin', 'Enamel'], ['ACOZ08', 'RAAF Extra Dark Sea Grey', '#4d5459', 'Satin', 'Enamel'], ['ACOZ09', 'RAAF Dark Sea Grey', '#686c71', 'Satin', 'Enamel'], ['ACOZ10', 'RAAF Dark Slate Grey', '#626353', 'Satin', 'Enamel'], ['ACOZ11', 'RAAF Light Slate Grey', '#5f6857', 'Satin', 'Enamel'], ['ACOZ12', 'RAAF Medium Sea Grey', '#899194', 'Satin', 'Enamel'], ['ACOZ13', 'RAAF Night Black', '#3e3f3f', 'Matt', 'Enamel'], ['ACOZ14', 'RAAF Dull Blue', '#39425a', 'Satin', 'Enamel'], ['ACOZ15', 'RAAF Yellow', '#ee9c29', 'Satin', 'Enamel'], ['ACOZ16', 'RAAF Interior Light Green', '#64633c', 'Matt', 'Enamel'], ['ACRA01', 'Giallo Mimetico 1', '#fdd8aa', 'Satin', 'Enamel'], ['ACRA02', 'Giallo Mimetico 2', '#c1a927', 'Satin', 'Enamel'], ['ACRA03', 'Giallo Mimetico 3', '#d89d47', 'Satin', 'Enamel'], ['ACRA04', 'Giallo Mimetico 4', '#bb945e', 'Satin', 'Enamel'], ['ACRA05', 'Verde Mimetico 1', '#757340', 'Satin', 'Enamel'], ['ACRA06', 'Verde Mimetico 2', '#495951', 'Satin', 'Enamel'], ['ACRA07', 'Verde Mimetico 3', '#50592a', 'Satin', 'Enamel'], ['ACRA09', 'Verde Oliva Scuro 2', '#4d4e49', 'Satin', 'Enamel'], ['ACRA10', 'Nocciola Chiaro', '#927968', 'Satin', 'Enamel'], ['ACRA11', 'Marrone Mimetico 1', '#6b5626', 'Satin', 'Enamel'], ['ACRA12', 'Marrone Mimetico 2', '#822d23', 'Satin', 'Enamel'], ['ACRA13', 'Bruno Mimetico', '#7f6355', 'Satin', 'Enamel'], ['ACRA14', 'Grigio Mimetico', '#45433d', 'Satin', 'Enamel'], ['ACRA15', 'Grigio Azzuro Chiaro', '#b3b8b5', 'Satin', 'Enamel'], ['ACRA16', 'Grigio Azzuro Scuro', '#5e646b', 'Satin', 'Enamel'], ['ACRA17', 'Bianco Avorio', '#e2c39f', 'Satin', 'Enamel'], ['ACRA18', 'Alluminio', '#bfc1c1', 'Metallic', 'Enamel'], ['ACRN01', 'Sky "S" Type (BS210)', '#adaf97', 'Satin', 'Enamel'], ['ACRN02', 'Extra Dark Sea Grey (BS640)', '#4d5459', 'Satin', 'Enamel'], ['ACRN03', 'Dark Sea Grey (BS638)', '#686c71', 'Satin', 'Enamel'], ['ACRN04', 'Medium Sea Grey (BS637)', '#899194', 'Satin', 'Enamel'], ['ACRN05', 'Light Slate Grey (BS639)', '#5f6857', 'Satin', 'Enamel'], ['ACRN06', 'Dark Slate Grey (BS634)', '#626353', 'Satin', 'Enamel'], ['ACRN07', 'Ocean Grey', '#5a6873', 'Satin', 'Enamel'], ['ACRN08', 'Barley Grey (BS18-B-21)', '#969d9e', 'Satin', 'Enamel'], ['ACRN09', 'Dark Green (BS241)', '#56564b', 'Satin', 'Enamel'], ['ACRN10', 'Dark Earth (BS450)', '#745f46', 'Satin', 'Enamel'], ['ACRN11', 'Middle Stone', '#a87e50', 'Satin', 'Enamel'], ['ACRN12', 'Azure Blue', '#8cb4c8', 'Satin', 'Enamel'], ['ACRN13', 'Sky Grey', '#a6a9a9', 'Satin', 'Enamel'], ['ACRN14', 'PRU Blue', '#526a75', 'Satin', 'Enamel'], ['ACRN15', 'RAF Green BS 241', '#56564b', 'Matt', 'Enamel'], ['ACRN16', 'RAF Gulf Pink/Sand FS20279', '#ab917f', 'Satin', 'Enamel'], ['ACRN17', 'Night BS 642', '#3e3f3f', 'Satin', 'Enamel'], ['ACRN18', 'Olive Drab BS 220', '#4e563c', 'Satin', 'Enamel'], ['ACRN19', 'RAF Blue-Grey BS 633', '#475154', 'Satin', 'Enamel'], ['ACRN20', 'Light Aircraft Grey (BS 627)', '#b3b4ab', 'Satin', 'Enamel'], ['ACRN21', 'RAF/FAA Yellow', '#ee9c29', 'Satin', 'Enamel'], ['ACRN22', 'RAF/FAA Red', '#8f3a2d', 'Matt', 'Enamel'], ['ACRN23', 'Light Mediterranean Blue', '#4f6d80', 'Matt', 'Enamel'], ['ACRN24', 'Sky Blue', '#b8c4c5', 'Matt', 'Enamel'], ['ACRN25', 'Light Green', '#717957', 'Satin', 'Enamel'], ['ACRN26', 'Light Earth', '#ba9c73', 'Satin', 'Enamel'], ['ACRN27', 'RAF/RN Roundel Red BS538', '#9d383a', 'Satin', 'Enamel'], ['ACRN28', 'Interior Grey-Green', '#9cab9b', 'Satin', 'Enamel'], ['ACRN29', 'Sky Blue BS 381c No.1', '#83a89b', 'Satin', 'Enamel'], ['ACRN30', 'Eau de Nil BS 381c No.16', '#9ab777', 'Satin', 'Enamel'], ['ACRN31', 'WWII RAF/FAA Roundel Blue - (Oxford Blue BS 105)', '#39425a', 'Satin', 'Enamel'], ['ACRN32', 'Oxford Blue', '#fff', 'Satin', 'Enamel'], ['ACRN33', 'Cerrux Grey', '#b3b4ab', 'Satin', 'Enamel'], ['ACS01', 'AII Blue (incorrect Erik Pilawskii colour)', '#65c0c7', 'Satin', 'Enamel'], ['ACS02', 'AMT-7 Blue (incorrect Erik Pilawskii colour)', '#8ae3e9', 'Satin', 'Enamel'], ['ACS03', 'AII Green (Incorrect Erik Pillawski colour)', '#508340', 'Satin', 'Enamel'], ['ACS04', 'AII/AMT-6 Black', '#0a0a0a', 'Satin', 'Enamel'], ['ACS05', 'WUP Grey Interior Primer', '#6d7b86', 'Satin', 'Enamel'], ['ACS06', 'IMUP Blue-Grey Metal Primer', '#abcdc4', 'Satin', 'Enamel'], ['ACS07', 'ALG-5 Grey Metal Primer WW2 Soviet VVS', '#b1d9c5', 'Satin', 'Enamel'], ['ACS08', 'AMT-4 Olive Green (incorrect Erik Pilawskii colour)', '#526443', 'Satin', 'Enamel'], ['ACS09', 'AMT-1 (Light) Grey', '#827564', 'Satin', 'Enamel'], ['ACS10', 'AMT-1 (Dark) Grey', '#6b6451', 'Satin', 'Enamel'], ['ACS11', 'AMT-11 Blue-Grey', '#4d5459', 'Satin', 'Enamel'], ['ACS12', 'AMT-12 Dark Grey', '#323740', 'Satin', 'Enamel'], ['ACS13', 'Tractor Green', '#479829', 'Satin', 'Enamel'], ['ACS14', 'AE9 Grey', '#6d6e58', 'Satin', 'Enamel'], ['ACS15', 'AII Light Brown', '#fff', 'Satin', 'Enamel'], ['ACS16', 'AII Dark Brown', '#311f16', 'Satin', 'Enamel'], ['ACS17', '4BO Army Green (Incorrect Erik Pillawski colour)', '#4f725a', 'Satin', 'Enamel'], ['ACS18', 'AII Dark Green', '#fff', 'Satin', 'Enamel'], ['ACSM01', 'Pale Blue-Grey', '#c6d7da', 'Satin', 'Enamel'], ['ACSM02', 'Medium Blue', '#7d94aa', 'Satin', 'Enamel'], ['ACSM03', 'Dark Blue-Grey', '#aabfc3', 'Satin', 'Enamel'], ['ACSM04', 'Light Grey', '#c3c8c7', 'Satin', 'Enamel'], ['ACSM05', 'Blue-Grey', '#919f9f', 'Satin', 'Enamel'], ['ACSM06', 'Grey', '#7b888e', 'Satin', 'Enamel'], ['ACSM07', 'MiG Cockpit Interior Turquoise', '#6a9d9b', 'Satin', 'Enamel'], ['ACSM08', 'MiG Radome Grey', '#828789', 'Satin', 'Enamel'], ['ACSM09', 'Light Brown', '#ad9e8c', 'Satin', 'Enamel'], ['ACSM10', 'Sand', '#d1b79e', 'Satin', 'Enamel'], ['ACSM11', 'Brown', '#644b2b', 'Satin', 'Enamel'], ['ACSM12', 'Green', '#486f38', 'Satin', 'Enamel'], ['ACSM13', 'Light Stone', '#c9c2a2', 'Satin', 'Enamel'], ['ACSM14', 'Grey-Green', '#aaae97', 'Satin', 'Enamel'], ['ACUS01', 'Light Gull Gray (FS26440)', '#b3b4ab', 'Satin', 'Enamel'], ['ACUS02', 'Dark Gull Gray (FS26231)', '#828789', 'Satin', 'Enamel'], ['ACUS03', 'Light Ghost Gray (FS26375)', '#7b888e', 'Satin', 'Enamel'], ['ACUS04', 'Dark Ghost Gray (FS26320)', '#7b888e', 'Satin', 'Enamel'], ['ACUS05', 'WWII USN Light Gray', '#adada3', 'Satin', 'Enamel'], ['ACUS06', 'WWII USN Blue Gray (FS25189)', '#6f878e', 'Satin', 'Enamel'], ['ACUS07', 'WWII USN Sea Blue', '#3d4850', 'Satin', 'Enamel'], ['ACUS08', 'WW2 USN Intermediate Blue ANA608', '#63727f', 'Satin', 'Enamel'], ['ACUS09', 'WWII USN/USAAF Interior Green ANA611', '#64633c', 'Satin', 'Enamel'], ['ACUS10', 'WWII USN Non Specular White', '#e6d8ba', 'Satin', 'Enamel'], ['ACUS11', 'Pre-War USN Chrome Yellow (FS23538)', '#ee9c29', 'Satin', 'Enamel'], ['ACUS12', 'USAAF Olive Drab (ANA 613)', '#45433d', 'Satin', 'Enamel'], ['ACUS13', 'USAAF Neutral Gray (ANA 43)', '#676865', 'Satin', 'Enamel'], ['ACUS14', 'Gunship Gray (FS26118)', '#5e646b', 'Satin', 'Enamel'], ['ACUS15', 'USAAF Olive Drab 41', '#544f3d', 'Satin', 'Enamel'], ['ACUS16', 'USAAF Medium Green 42', '#4d6757', 'Satin', 'Enamel'], ['ACUS17', 'USAF Gray FS36622', '#c4c3b7', 'Satin', 'Enamel'], ['ACUS18', 'USAF Tan FS30219', '#917968', 'Satin', 'Enamel'], ['ACUS19', 'USAF Green Olive Drab FS34102', '#595a44', 'Satin', 'Enamel'], ['ACUS20', 'USAF Dark Green FS34079', '#54574d', 'Satin', 'Enamel'], ['ACUS21', 'USAF ADC Gray FS16473', '#a1aba7', 'Satin', 'Enamel'], ['ACUS22', 'US Zinc Chromate Green', '#565d42', 'Satin', 'Enamel'], ['ACUS23', 'US Zinc Chromate Yellow', '#e7de47', 'Satin', 'Enamel'], ['ACUS24', 'Dull Dark Green', '#243736', 'Satin', 'Enamel'], ['ACUS25', 'US Army Helo Drab FS24031', '#474742', 'Satin', 'Enamel'], ['ACUS26', 'USN Insignia Red', '#bd1921', 'Satin', 'Enamel'], ['ACUS27', 'USN Willow Green', '#508c29', 'Satin', 'Enamel'], ['ACUS28', 'USN True Blue', '#00498d', 'Satin', 'Enamel'], ['ACUS29', 'USN Lemon Yellow', '#fbd51f', 'Satin', 'Enamel'], ['ACUS30', 'Bronze Green 9', '#33482b', 'Satin', 'Enamel'], ['ARB01', 'Gulf Armour Light Stone (BS 361)', '#be9e73', 'Matt', 'Enamel'], ['ARB02', 'Deep Bronze Green', '#45493e', 'Matt', 'Enamel'], ['ARB03', 'Khaki Green No. 3', '#524728', 'Matt', 'Enamel'], ['ARB04', 'Mid Bronze Green', '#fff', 'Matt', 'Enamel'], ['ARB05', 'Dark Earth', '#836a51', 'Matt', 'Enamel'], ['ARB06', 'Modern British Army Green', '#525645', 'Matt', 'Enamel'], ['ARB07', 'Middle Bronze Green BS381C 23', '#4e5140', 'Matt', 'Enamel'], ['ARB08', 'Silver Grey BS381C 28', '#9d9d7e', 'Matt', 'Enamel'], ['ARB09', 'Slate  BS381C 34', '#626353', 'Satin', 'Enamel'], ['ARB10', 'Light Purple Brown BS381C 49', '#4a2322', 'Matt', 'Enamel'], ['ARB11', 'Light Stone BS381C 61', '#be9e73', 'Matt', 'Enamel'], ['ARB12', 'Portland Stone BS381C 64', '#cec093', 'Matt', 'Enamel'], ['ARB13', 'Desert Pink', '#d9cdbd', 'Matt', 'Enamel'], ['ARB14', 'Dark Olive Green (North African & Italian Campaigns)', '#525645', 'Matt', 'Enamel'], ['ARB15', 'Very Dark Brown BS987C SCC No.1A', '#493c35', 'Matt', 'Enamel'], ['ARB16', 'Blue-Black Disruptive BS987C SCC No.14', '#2c3134', 'Matt', 'Enamel'], ['ARB17', 'Light Mud', '#88816b', 'Matt', 'Enamel'], ['ARB18', 'Dark Olive Green (Italy)', '#fff', 'Matt', 'Enamel'], ['ARB19', 'Olive Drab BS987C SCC No.15', '#525645', 'Matt', 'Enamel'], ['ARB20', 'Light Bronze Green BS381C 22', '#5c5c1e', 'Matt', 'Enamel'], ['ARB21', 'Olive Green', '#484725', 'Matt', 'Enamel'], ['ARG01', 'Elefenbein Interior Cream', '#ddcba1', 'Matt', 'Enamel'], ['ARG02', 'Afrika Korps Sand/Grey (RAL 7027)', '#998a71', 'Matt', 'Enamel'], ['ARG03', 'Afrika Korps Tan Yellow (RAL 8020)', '#ba9c73', 'Matt', 'Enamel'], ['ARG04', 'Schokoladebraun (RAL 8017)', '#432f29', 'Matt', 'Enamel'], ['ARG05', 'Olivegrun (RAL 6003)', '#4e533b', 'Matt', 'Enamel'], ['ARG06', 'Khakibraun (RAL 7008)', '#725f3c', 'Matt', 'Enamel'], ['ARG07', 'Grunbraun (RAL 8000)', '#fff', 'Matt', 'Enamel'], ['ARG08', 'Anthracitgrau (RAL 7016)', '#4c5054', 'Matt', 'Enamel'], ['ARG09', 'Signalbraun (RAL 8002)', '#88644a', 'Matt', 'Enamel'], ['ARG10', 'Panzer Grey (RAL 7021)', '#303234', 'Matt', 'Enamel'], ['ARG11', 'Dunkelgelb (RAL 7028/1)', '#8b734f', 'Matt', 'Enamel'], ['ARG12', 'Red Oxide Primer (RAL 8012)', '#64332b', 'Matt', 'Enamel'], ['ARG13', 'Wehrmacht Interior Blue-Grey', '#7d9591', 'Matt', 'Enamel'], ['ARI01', 'Israeli Sand Grey', '#a79171', 'Matt', 'Enamel'], ['ARIT01', 'Grigio Verde Chiaro (Light Grey Green)', '#81816b', 'Satin', 'Enamel'], ['ARIT02', 'Grigio Sabbia Chiaro (Light Sand Yellow)', '#d5a78b', 'Matt', 'Enamel'], ['ARIT03', 'Verde Scuro (Dark Green)', '#435d50', 'Matt', 'Enamel'], ['ARIT04', 'Rosso Ruggine (Rust Red)', '#8f5a3f', 'Matt', 'Enamel'], ['ARIT05', 'Grigio Verde Scuro (Dark Grey-Green)', '#203635', 'Matt', 'Enamel'], ['ARIT06', 'Giallo Sabbia Scuro (Dark Sand Yellow)', '#bb945e', 'Satin', 'Enamel'], ['ARJ01', 'Imperial Japanese Army Khaki', '#6a5f4d', 'Matt', 'Enamel'], ['AROZ01', 'Olive Drab (Modern Australian Army)', '#6a5f4d', 'Matt', 'Enamel'], ['ARR01', 'Russian Tank Green', '#555645', 'Matt', 'Enamel'], ['ARR02', 'WWII 4BO Russian Army Green', '#5c5c1e', 'Satin', 'Enamel'], ['ARUS01', 'Gulf War Sand Tan (FS 33446)', '#a48f74', 'Matt', 'Enamel'], ['ARUS02', 'Marine Corps Green (FS 24052)', '#4d4e49', 'Satin', 'Enamel'], ['ARUS03', '1943 U.S. Army Olive Drab', '#55543f', 'Satin', 'Enamel'], ['ARUS04', 'Forest Green FS34097', '#5a6349', 'Satin', 'Enamel'], ['ARUS05', 'Field Drab FS30118 1970s-80s', '#7b694e', 'Matt', 'Enamel'], ['ARUS06', 'Sand FS30277', '#998a71', 'Matt', 'Enamel'], ['ARUS07', 'Light Green FS34151', '#64633c', 'Satin', 'Enamel'], ['ARUS08', 'Dark Green FS34102', '#595a44', 'Satin', 'Enamel'], ['ARUS09', 'Earth Yellow FS30257', '#a87e50', 'Satin', 'Enamel'], ['ARUS10', 'Earth Red FS30177', '#844d4c', 'Matt', 'Enamel'], ['C01', 'Deck Teak', '#e7c19a', 'Matt', 'Enamel'], ['C02', 'Matt Black', '#0a0a0a', 'Matt', 'Enamel'], ['C03', 'Matt White', '#fafaf5', 'Matt', 'Enamel'], ['C04', 'Matt Aluminium', '#bfc1c1', 'Metallic', 'Enamel'], ['C05', 'Bright Silver', '#bfc1c1', 'Metallic', 'Enamel'], ['C06', 'Tyre Black', '#4c5054', 'Matt', 'Enamel'], ['C07', 'Buff', '#d6a648', 'Matt', 'Enamel'], ['C08', 'Gunmetal', '#55686e', 'Metallic', 'Enamel'], ['C09', 'Armour Track Colour', '#5f4025', 'Matt', 'Enamel'], ['ERROR', 'RN27 was released by Sovereign Hobbies, not WEM', '#524728', 'Matt', 'Enamel'], ['ERROR', '', '#fff', 'Satin', 'Enamel'], ['ERROR', '', '#fff', 'Satin', 'Enamel'], ['IJN01', 'Sasebo Grey', '#4c5659', 'Matt', 'Enamel'], ['IJN02', 'Kure Grey', '#55686e', 'Matt', 'Enamel'], ['IJN03', 'Maizuru Grey', '#55686e', 'Matt', 'Enamel'], ['IJN04', 'Yokosuka Grey', '#586162', 'Matt', 'Enamel'], ['IJN05', 'Type 1 Camouflage', '#3f564e', 'Matt', 'Enamel'], ['IJN06', 'Type 2 Camouflage', '#517765', 'Matt', 'Enamel'], ['IJN07', 'Type 21 Camouflage', '#88a78f', 'Matt', 'Enamel'], ['IJN08', 'Type 22 Camouflage', '#b2c4b5', 'Matt', 'Enamel'], ['IJN09', 'Deck Tan', '#b6a68d', 'Matt', 'Enamel'], ['IJN10', 'Linoleum', '#794f42', 'Matt', 'Enamel'], ['IJN11', 'IJN Antifouling Red', '#a4282b', 'Matt', 'Enamel'], ['KM01', 'Hellgrau 50', '#959798', 'Matt', 'Enamel'], ['KM02', 'Dunkelgrau 51', '#7f9197', 'Matt', 'Enamel'], ['KM03', 'Dunkelblaugrau', '#2e393c', 'Matt', 'Enamel'], ['KM04', 'Schiffsbodenfarbe III Rot 5', '#794f42', 'Matt', 'Enamel'], ['KM05', 'Schiffsbodenfarbe III Grau 1', '#2c3134', 'Matt', 'Enamel'], ['KM06', 'Dunkelgrau 2 (RAL 7024)', '#48494b', 'Matt', 'Enamel'], ['KM07', 'Blaugrau Dunkel (Norwegian)', '#494e56', 'Matt', 'Enamel'], ['KM08', 'Blaugrau Mittel (Norwegian)', '#628496', 'Matt', 'Enamel'], ['KM09', 'Blaugrau Hell (Norwegian)', '#b0cde0', 'Matt', 'Enamel'], ['KM10', 'Schnellbootweiss', '#dfe1da', 'Matt', 'Enamel'], ['KM11', 'Schlickgrau 58 (U-Boat)', '#757a77', 'Matt', 'Enamel'], ['KM12', 'Blaugrau 58.1 (U-Boat)', '#626c6e', 'Matt', 'Enamel'], ['KM13', 'Hellgrau (Baltic)', '#c0bab7', 'Matt', 'Enamel'], ['KM14', 'Mittelgrau (Baltic)', '#a6a4a2', 'Matt', 'Enamel'], ['KM15', 'Dunkelgrau (Baltic)', '#898e8c', 'Matt', 'Enamel'], ['M01', 'Royal Navy Light Grey', '#9fa9ac', 'Matt', 'Enamel'], ['M02', "Dark Royal Navy Deck Grey 1990's+", '#686c71', 'Matt', 'Enamel'], ['M03', 'US Navy Haze Gray', '#898c86', 'Matt', 'Enamel'], ['M04', 'US Navy Deck Gray', '#575a5a', 'Matt', 'Enamel'], ['M05', 'US Navy Flight Deck Gray', '#4a5157', 'Matt', 'Enamel'], ['M06', 'US Navy Antifouling Red', '#764b44', 'Matt', 'Enamel'], ['M07', 'French Navy Grey', '#fff', 'Matt', 'Enamel'], ['M08', 'French Navy Deck Grey', '#fff', 'Matt', 'Enamel'], ['M09', 'German Navy Grey', '#fff', 'Matt', 'Enamel'], ['M10', 'German Navy Deck Grey', '#fff', 'Matt', 'Enamel'], ['M11', 'Russian Northern Fleet Grey', '#889497', 'Matt', 'Enamel'], ['M12', 'Russian Navy Deck Green', '#1f352e', 'Matt', 'Enamel'], ['M13', 'Russian Navy Deck Red', '#8c533a', 'Matt', 'Enamel'], ['M14', 'JMSDF Grey', '#798386', 'Matt', 'Enamel'], ['M15', 'JMSDF Deck Grey', '#74787b', 'Matt', 'Enamel'], ['M16', "Royal Navy Dark Admiralty Grey BS 632 Decks 1978-90's", '#686e67', 'Matt', 'Enamel'], ['M19', 'Royal Navy Deck Green', '#435d50', 'Matt', 'Enamel'], ['M20', 'Russian Baltic Fleet Grey', '#6d7b86', 'Matt', 'Enamel'], ['M21', 'USN Riverine Green FS24102', '#505a44', 'Matt', 'Enamel'], ['RM01', 'Grigio Scuro (Dark grey)', '#3f4d58', 'Matt', 'Enamel'], ['RM02', 'Grigio Chiaro (Light grey)', '#a3a8a7', 'Matt', 'Enamel'], ['RM03', 'Blu Scuro (Dark blue)', '#325965', 'Matt', 'Enamel'], ['RM04', 'Azzuro (Light blue)', '#8bb4bf', 'Matt', 'Enamel'], ['RM05', 'Verde Chiaro (Light green)', '#9fbd9f', 'Matt', 'Enamel'], ['RM06', 'Giallo Verde (Yellow-green)', '#d9deb7', 'Matt', 'Enamel'], ['RM07', 'Bianco Sporco Opaco', '#f3efed', 'Matt', 'Enamel'], ['RM08', 'Rosso (Red)', '#a42821', 'Matt', 'Enamel'], ['RN01', 'AP 507A Dark Grey (based on Snyder & Short, now superseded)', '#475455', 'Matt', 'Enamel'], ['RN02', 'AP 507B Medium Grey (based on Snyder & Short, now superseded', '#6e7d85', 'Matt', 'Enamel'], ['RN03', 'AP 507C Light Grey (based on Snyder & Short, now superseded)', '#bbc1c3', 'Matt', 'Enamel'], ['RN04', 'MS1 Dark Blue-Black', '#323740', 'Matt', 'Enamel'], ['RN05', 'MS2 Dark Grey (based on Snyder & Short, now superseded)', '#696e6f', 'Matt', 'Enamel'], ['RN06', 'MS3 Medium Greenish-Grey (based on Snyder & Short, supersede', '#8c9c98', 'Matt', 'Enamel'], ['RN07', 'B5 Dark Blue-Grey (based on Snyder & Short, now superseded)', '#6e7b81', 'Matt', 'Enamel'], ['RN08', 'Western Approaches Blue (based on Snyder & Short, superseded', '#c5d7db', 'Matt', 'Enamel'], ['RN09', 'Western Approaches Green', '#79cca6', 'Matt', 'Enamel'], ['RN10', 'RN White (Warm White) (based on Snyder & Short, now supersed', '#ece7d7', 'Matt', 'Enamel'], ['RN11', 'B6 Medium Blue (based on Snyder & Short, now superseded)', '#98b3c6', 'Matt', 'Enamel'], ['RN12', 'MS4 Warm Light Grey (based on Snyder & Short, now superseded', '#a3a49b', 'Matt', 'Enamel'], ['RN13', 'MS4a Light Grey-Green (based on Snyder & Short, now supersed', '#a9b8ad', 'Matt', 'Enamel'], ['RN14', 'G45 Warm Light Grey (based on Snyder & Short, now superseded', '#a5a08e', 'Matt', 'Enamel'], ['RN15', 'B15 Dark Grey-Blue (based on Snyder & Short, now superseded)', '#506a71', 'Matt', 'Enamel'], ['RN16', 'B20 Medium Grey-Blue (based on Snyder & Short, now supersede', '#517988', 'Matt', 'Enamel'], ['RN17', 'B55 (1943) Light Greenish-Blue (based on Snyder & Short, now', '#8cb6b2', 'Matt', 'Enamel'], ['RN18', 'Mountbatten Pink Light', '#887578', 'Matt', 'Enamel'], ['RN19', 'Antifouling Red', '#8f3a2d', 'Matt', 'Enamel'], ['RN20', 'B55 (Late War) Light Khaki (based on Snyder & Short, discont', '#a7a69a', 'Matt', 'Enamel'], ['RN21', 'B30 Medium Blue Green (based on Snyder & Short, now supersed', '#76a5ab', 'Matt', 'Enamel'], ['RN22', 'G5 Extra Dark Grey (based on Snyder & Short, now superseded)', '#404949', 'Matt', 'Enamel'], ['RN23', 'G10 Dark Grey (based on Snyder & Short, now superseded)', '#4f5251', 'Matt', 'Enamel'], ['RN24', 'Corticene', '#7c4b27', 'Matt', 'Enamel'], ['RN25', 'G20 Medium Grey-Green (based on Snyder & Short, now supersed', '#6d6d58', 'Satin', 'Enamel'], ['RN26', 'Royal Navy Buff (based on Snyder & Short, now superseded)', '#d89d47', 'Satin', 'Enamel'], ['SMS01', 'Sand Yellow (RAL 1002)', '#fff', 'Matt', 'Enamel'], ['SMS02', 'Pure White (RAL 9010)', '#fff', 'Matt', 'Enamel'], ['SMS03', 'Boot Topping (RAL 7015)', '#fff', 'Matt', 'Enamel'], ['SMS04', 'Antifouling Red (RAL 3011)', '#fff', 'Matt', 'Enamel'], ['SMS05', 'Linoleum (RAL 8012)', '#fff', 'Matt', 'Enamel'], ['SMS06', 'Light Grey (RAL 7035)', '#fff', 'Matt', 'Enamel'], ['SMS07', 'Agate Grey (RAL 7038)', '#fff', 'Matt', 'Enamel'], ['SMS08', 'Varnished Wood', '#fff', 'Varnish', 'Enamel'], ['SMS09', 'Dark Blue (Captains Gigs)', '#fff', 'Matt', 'Enamel'], ['SMS10', 'Black (Captains Gigs)', '#fff', 'Matt', 'Enamel'], ['SMS11', 'Birch Wood', '#fff', 'Matt', 'Enamel'], ['SMS12', 'Maple Wood', '#fff', 'Matt', 'Enamel'], ['SMS13', 'Black-Grey (RAL 7021)', '#fff', 'Matt', 'Enamel'], ['SMS14', 'Post 1916 Blue-Grey', '#fff', 'Matt', 'Enamel'], ['US01', 'Prewar #5 Standard Navy Gray', '#b3b8b5', 'Matt', 'Enamel'], ['US02', 'Prewar #20 Standard Deck Gray', '#566066', 'Matt', 'Enamel'], ['US03', 'Early 1941 5-L Light Gray', '#a2a9a8', 'Matt', 'Enamel'], ['US04', 'Early 1941 5-D Dark Gray', '#4f5255', 'Matt', 'Enamel'], ['US05', '5-H Haze Gray  Late 1941', '#828f9a', 'Matt', 'Enamel'], ['US06', '5-O Ocean Gray Late 1941', '#676b81', 'Matt', 'Enamel'], ['US07', '5-S Sea Blue', '#4f6d80', 'Matt', 'Enamel'], ['US08', '5-N Navy Blue', '#3f4d58', 'Matt', 'Enamel'], ['US09', '5-B Thayer Blue', '#b1bfc9', 'Matt', 'Enamel'], ['US10', 'Deck Blue 20-B 1942 Revised', '#57646f', 'Matt', 'Enamel'], ['US11', 'Flight Deck Stain 21', '#61737b', 'Matt', 'Enamel'], ['US12', '5-P Pale Gray 1943', '#b8c4c5', 'Matt', 'Enamel'], ['US13', '5-L Light Gray', '#9facad', 'Matt', 'Enamel'], ['US14', 'Norfolk 65A Antifouling Red', '#844d4c', 'Matt', 'Enamel'], ['US15', 'Mahogany Flight Deck Stain', '#764324', 'Matt', 'Enamel'], ['US16', '20-G Deck Green', '#24372a', 'Matt', 'Enamel'], ['US17', '5-HG Haze Green', '#919683', 'Matt', 'Enamel'], ['US18', '5-LG Light Green Revised', '#a6a57b', 'Matt', 'Enamel'], ['US19', '5-OG Ocean Green', '#717957', 'Matt', 'Enamel'], ['US20', '5-NG Navy Green', '#525645', 'Matt', 'Enamel'], ['US21', '5-PG Pale Green (Revised)', '#b7b697', 'Matt', 'Enamel'], ['US22', '#1 Green', '#fff', 'Matt', 'Enamel'], ['US23', '#2 Green', '#4d5140', 'Matt', 'Enamel'], ['US24', '#3 Green', '#45564a', 'Matt', 'Enamel'], ['US25', '#4 Brown', '#fff', 'Matt', 'Enamel'], ['US26', 'MTB Green', '#616c5d', 'Matt', 'Enamel'], ['US27', 'Norfolk 250-N Flight Deck Stain', '#3f4d58', 'Matt', 'Enamel'], ['US28', 'Neutral #27 Haze Gray 1945', '#898c86', 'Matt', 'Enamel'], ['US29', 'Tropical Green', '#386060', 'Matt', 'Enamel'], ['US30', 'USN Buff', '#c18f62', 'Matt', 'Enamel'], ['US31', 'Neutral #17 Ocean Gray 1945', '#686e67', 'Matt', 'Enamel'], ['US32', 'Neutral #46 Outside Gray 1945', '#bec3c8', 'Matt', 'Enamel'], ['US33', 'Neutral #37 Light Gray 1945', '#a3a8a7', 'Matt', 'Enamel'], ['US34', 'Neutral #11 Outside Gray 1945', '#fff', 'Matt', 'Enamel'], ['US35', 'Neutral #7 Navy Gray 1945', '#494d4f', 'Matt', 'Enamel'], ['US36', 'Neutral Deck Gray 20 1945', '#323740', 'Matt', 'Enamel'], ['VG', 'Gloss Varnish', '#fff', 'Varnish', 'Enamel'], ['VM', 'Matt Varnish', '#fff', 'Varnish', 'Enamel'], ['VS', 'Satin Varnish', '#fff', 'Varnish', 'Enamel']], 'Colourcoats (since 2014)': [['ACD01', 'LVA Camouflage Groen (Green-Grey)', '#505451', 'Satin', 'Enamel'], ['ACD02', 'LVA Camouflage Bruin (Dark Brown)', '#635450', 'Satin', 'Enamel'], ['ACD03', 'LVA Camouflage Beige (Light Sand)', '#aea896', 'Satin', 'Enamel'], ['ACD04', 'LVA Khaki', '#454135', 'Satin', 'Enamel'], ['ACD05', 'LVA Blauw', '#1b8b8c', 'Satin', 'Enamel'], ['ACD06', 'LVA Camouflage KNIL Jongblad', '#4f5951', 'Satin', 'Enamel'], ['ACD07', 'LVA Camouflage KNIL Oudblad', '#655e4c', 'Satin', 'Enamel'], ['ACD09', 'KLu Lim. Whisky Four Aquablauw FS25526', '#aabfc4', 'Satin', 'Enamel'], ['ACD10', 'KLu Lim. Whisky Four Jungle Green FS2410', '#305f4d', 'Satin', 'Enamel'], ['ACF01', 'Vert Moyen (Green)', '#5c5b50', 'Satin', 'Enamel'], ['ACF02', 'Vert Fonce (Ivy Green)', '#24372a', 'Satin', 'Enamel'], ['ACF03', "Terre D'Ombre Nat. (Raw Earth)", '#745f46', 'Satin', 'Enamel'], ['ACF04', 'Chocolat', '#43291e', 'Satin', 'Enamel'], ['ACF05', 'Gris Bleu Fonce', '#3f4d58', 'Satin', 'Enamel'], ['ACF06', 'Ombre Calcinee (Dark Earth)', '#5f4025', 'Satin', 'Enamel'], ['ACF07', 'Kaki (Dark Olive Drab)', '#56564b', 'Satin', 'Enamel'], ['ACF08', 'Vert (Green)', '#4e563c', 'Satin', 'Enamel'], ['ACF09', 'Gris Bleu Clair (Sky Grey)', '#677581', 'Matt', 'Enamel'], ['ACF10', 'Gris Bleu Ciel (Sky Blue)', '#638b93', 'Matt', 'Enamel'], ['ACF11', 'Chamois (Interior Protective Coating)', '#e7c19a', 'Matt', 'Enamel'], ['ACF12', 'Bleu Fonce (Dark Cockpit Blue)', '#39425a', 'Satin', 'Enamel'], ['ACGW01', 'NIVO (RFC/USAAC)', '#282e2c', 'Satin', 'Enamel'], ['ACGW02', 'Khaki P.C.10 (RFC/USAAC)', '#6a5f4d', 'Matt', 'Enamel'], ['ACGW03', 'P.C.12 (RFC/USAAC)', '#814f46', 'Satin', 'Enamel'], ['ACGW04', 'Dark Grey (4. x 2.) (RFC/USAAC)', '#4c5755', 'Matt', 'Enamel'], ['ACGW05', 'Beige (French/USAAC)', '#ba9c73', 'Matt', 'Enamel'], ['ACGW06', 'Chestnut Brown (French/USAAC)', '#775a3b', 'Satin', 'Enamel'], ['ACGW07', 'Dark Green (French/USAAC)', '#6e6140', 'Satin', 'Enamel'], ['ACGW08', 'Light Green (French/USAAC)', '#6a5a2c', 'Satin', 'Enamel'], ['ACGW09', 'Light Yellow (French/USAAC)', '#d1b79e', 'Satin', 'Enamel'], ['ACGW10', 'Doped Linen', '#ddcba1', 'Satin', 'Enamel'], ['ACGW11', 'German Red Brown', '#7e5d4d', 'Satin', 'Enamel'], ['ACGW12', 'Fokker Olive Brown', '#655e4c', 'Satin', 'Enamel'], ['ACGW13', 'Fokker Green', '#495951', 'Satin', 'Enamel'], ['ACGW14', 'German Green (Dark)', '#5c5b50', 'Satin', 'Enamel'], ['ACGW15', 'German Green (Medium)', '#798677', 'Satin', 'Enamel'], ['ACGW16', 'German Green (Light)', '#757340', 'Satin', 'Enamel'], ['ACGW18', 'German Light Blue', '#aabfc3', 'Satin', 'Enamel'], ['ACGW19', 'German WWI Mauve / Purple', '#554960', 'Satin', 'Enamel'], ['ACJ01', 'IJN D1 Deep Green Black', '#282e2c', 'Satin', 'Enamel'], ['ACJ03', 'IJN D2 Green Black', '#495951', 'Satin', 'Enamel'], ['ACJ04', 'IJN Interior Buff Green', '#8d8d55', 'Satin', 'Enamel'], ['ACJ05', 'IJA #21 Midori iro', '#33482b', 'Satin', 'Enamel'], ['ACJ07', 'Mitsubishi Navy Grey', '#9ca1a3', 'Satin', 'Enamel'], ['ACJ08', 'Mitsubishi Cowl Blue Black', '#1f2d3a', 'Satin', 'Enamel'], ['ACJ09', 'IJA #7 Variant', '#5e6445', 'Satin', 'Enamel'], ['ACJ10', 'Kawanishi Green (Discontinued)', '#134332', 'Satin', 'Enamel'], ['ACJ11', 'IJN Overall Light Grey', '#dbdfdb', 'Satin', 'Enamel'], ['ACJ12', 'IJA #1 Hairyokushoku', '#94978a', 'Satin', 'Enamel'], ['ACJ13', 'IJN H2 early war camo brown', '#5f4025', 'Satin', 'Enamel'], ['ACJ14', 'IJA #33 Kaki iro', '#91734f', 'Satin', 'Enamel'], ['ACJ15', 'Aotake - Re-released 2023', '#00709d', 'Satin', 'Enamel'], ['ACJ16', 'Mitsubishi Zero Grey-Green', '#9e9586', 'Satin', 'Enamel'], ['ACJ17', 'Nakajima Amber-Grey (e.g. for B5N Kate)', '#8d7a5a', 'Satin', 'Enamel'], ['ACJ18', 'IJN Interior Olive Green', '#70671c', 'Satin', 'Enamel'], ['ACJ19', 'ID Yellow', '#ffab00', 'Satin', 'Enamel'], ['ACJ20', 'Hinomaru Red', '#bd1921', 'Satin', 'Enamel'], ['ACJ21', 'IJNAF/IJAAF Trainer Yellow-Orange', '#ffab00', 'Satin', 'Enamel'], ['ACJ22', 'IJAAF #7 Ohryoku nana go shoku', '#6a5f4d', 'Matt', 'Enamel'], ['ACJ23', 'Propeller Brown', '#493c35', 'Satin', 'Enamel'], ['ACLE03', 'Zitrongelb (RAL 1012)', '#d6b025', 'Satin', 'Enamel'], ['ACLE04', 'Rot (RAL 3000)', '#a42821', 'Satin', 'Enamel'], ['ACLE05', 'Graublau (RAL 5008)', '#3d4850', 'Satin', 'Enamel'], ['ACLE06', 'Grun (RAL 6010)', '#486f38', 'Satin', 'Enamel'], ['ACLE07', 'Braun (RAL 8003)', '#7c4b27', 'Satin', 'Enamel'], ['ACLE08', 'Rotbraun Flieglack 7142', '#764b44', 'Matt', 'Enamel'], ['ACLE09', 'Elefenbein (FAS 1-NSFK)', '#c9c2a2', 'Satin', 'Enamel'], ['ACLE10', 'Braun (FAS 3-NSFK)', '#764324', 'Satin', 'Enamel'], ['ACLE11', 'Gr├╝n (FAS 4-NSFK)', '#508c29', 'Satin', 'Enamel'], ['ACLE12', 'Gelb (FAS 5-NSFK)', '#ffab00', 'Satin', 'Enamel'], ['ACLE14', 'Kadmiert', '#b3b4ab', 'Satin', 'Enamel'], ['ACLE15', 'Grun (IKAROL 201)', '#717957', 'Satin', 'Enamel'], ['ACLW01', 'Dunkelgrun RLM 83', '#5a564b', 'Satin', 'Enamel'], ['ACLW02', 'Schwarzgrun RLM70', '#41544e', 'Satin', 'Enamel'], ['ACLW03', 'Hellblau RLM 65', '#a3c6d3', 'Satin', 'Enamel'], ['ACLW04', 'Grun RLM72', '#423b28', 'Satin', 'Enamel'], ['ACLW05', 'Grun RLM73', '#2d3a2a', 'Satin', 'Enamel'], ['ACLW06', 'Braunviolett RLM 81', '#493c35', 'Satin', 'Enamel'], ['ACLW07', 'Hellgrau (L40/52)', '#94978a', 'Satin', 'Enamel'], ['ACLW08', 'Dunkelbraun RLM 61', '#473f35', 'Satin', 'Enamel'], ['ACLW09', 'Grun RLM 62', '#5a6349', 'Satin', 'Enamel'], ['ACLW10', 'Hellgrau RLM 63', '#6d6e58', 'Satin', 'Enamel'], ['ACLW11', 'Dunkelgrun RLM71', '#55543f', 'Satin', 'Enamel'], ['ACLW12', 'Grau RLM02', '#81816b', 'Satin', 'Enamel'], ['ACLW13', 'Dunkelgrau Grunlich RLM74', '#575956', 'Satin', 'Enamel'], ['ACLW14', 'Mittelgrau RLM75', '#65686c', 'Satin', 'Enamel'], ['ACLW15', 'Lichtblau RLM76', '#7c9bab', 'Satin', 'Enamel'], ['ACLW16', 'Schwarzgrau RLM 66', '#505050', 'Satin', 'Enamel'], ['ACLW17', 'Hellblau RLM78', '#79a0ac', 'Satin', 'Enamel'], ['ACLW18', 'Sandgelb RLM79', '#aa7e66', 'Satin', 'Enamel'], ['ACLW19', 'Olivgrun RLM 80', '#343927', 'Satin', 'Enamel'], ['ACLW20', 'Hellgrun RLM 82', '#4e6245', 'Satin', 'Enamel'], ['ACLW21', 'Gelb RLM04', '#ffca0e', 'Satin', 'Enamel'], ['ACLW22', 'Sandgelb (Hell) RLM79', '#c19562', 'Matt', 'Enamel'], ['ACLW23', 'Gelboliv RAL 6014', '#464135', 'Matt', 'Enamel'], ['ACLW24', 'Basaltgrau RAL 7012', '#585d5e', 'Matt', 'Enamel'], ['ACLW25', 'Wei├ƒaluminium RAL 9006', '#bfc1c1', 'Satin', 'Enamel'], ['ACLW26', 'Tiefschwarz RAL 9005', '#0e0e10', 'Matt', 'Enamel'], ['ACLW27', 'Silbergrau RAL 7001', '#8d969d', 'Satin', 'Enamel'], ['ACLW28', 'Olivgr├╝n RAL 6003', '#4e533b', 'Matt', 'Enamel'], ['ACLW29', 'Schwarzgrau RAL 7021', '#303234', 'Matt', 'Enamel'], ['ACLW30', 'Luminous (Day Glow) Orange (RAL 2005)', '#ff4b11', 'Fluo', 'Enamel'], ['ACOZ01', 'RAAF Sky Blue', '#b8c4c5', 'Matt', 'Enamel'], ['ACOZ02', 'RAAF Foliage Green', '#4d6757', 'Matt', 'Enamel'], ['ACOZ03', 'RAAF Earth Brown', '#836a51', 'Matt', 'Enamel'], ['ACOZ04', 'RAAF Light Earth', '#927968', 'Matt', 'Enamel'], ['ACOZ05', 'RAAF K5 Light Green', '#45433d', 'Matt', 'Enamel'], ['ACOZ06', 'RAAF Dark Earth', '#745f46', 'Matt', 'Enamel'], ['ACOZ07', 'RAAF Dark Green', '#56564b', 'Matt', 'Enamel'], ['ACOZ08', 'RAAF Extra Dark Sea Grey', '#4d5459', 'Matt', 'Enamel'], ['ACOZ09', 'RAAF Dark Sea Grey', '#686c71', 'Satin', 'Enamel'], ['ACOZ10', 'RAAF Dark Slate Grey', '#626353', 'Satin', 'Enamel'], ['ACOZ11', 'RAAF Light Slate Grey', '#5f6857', 'Satin', 'Enamel'], ['ACOZ12', 'RAAF Medium Sea Grey', '#899194', 'Satin', 'Enamel'], ['ACOZ13', 'RAAF Night Black', '#3e3f3f', 'Satin', 'Enamel'], ['ACOZ14', 'RAAF Dull Blue', '#39425a', 'Satin', 'Enamel'], ['ACOZ15', 'RAAF Yellow', '#ee9c29', 'Satin', 'Enamel'], ['ACOZ16', 'RAAF Interior Light Green', '#64633c', 'Matt', 'Enamel'], ['ACRA01', 'Giallo Memetico 1', '#fdd8aa', 'Satin', 'Enamel'], ['ACRA02', 'Giallo Memetico 2', '#c1a927', 'Satin', 'Enamel'], ['ACRA03', 'Giallo Memetico 3', '#d89d47', 'Satin', 'Enamel'], ['ACRA04', 'Giallo Memetico 4', '#bb945e', 'Satin', 'Enamel'], ['ACRA05', 'Verde Memetico 1', '#757340', 'Satin', 'Enamel'], ['ACRA06', 'Verde Memetico 2', '#495951', 'Satin', 'Enamel'], ['ACRA07', 'Verde Memetico 3', '#50592a', 'Satin', 'Enamel'], ['ACRA08', 'Verde Memetico 53192', '#739e75', 'Satin', 'Enamel'], ['ACRA09', 'Verde Oliva Scuro 2', '#4d4e49', 'Satin', 'Enamel'], ['ACRA10', 'Nocciola Chiaro', '#927968', 'Satin', 'Enamel'], ['ACRA11', 'Marrone Mimetico 1', '#6b5626', 'Satin', 'Enamel'], ['ACRA12', 'Marrone Mimetico 2', '#822d23', 'Satin', 'Enamel'], ['ACRA14', 'Grigio Mimetico (Camouflage Grey)', '#45433d', 'Satin', 'Enamel'], ['ACRA16', 'Grigio Azzuro Scuro', '#5e646b', 'Satin', 'Enamel'], ['ACRA17', 'Bianco Avorio', '#e2c39f', 'Satin', 'Enamel'], ['ACRA18', 'Alluminio', '#bfc1c1', 'Metallic', 'Enamel'], ['ACRA19', 'Grigio Azzurro Chiaro 1', '#b3b8b5', 'Matt', 'Enamel'], ['ACRN01', "Sky 'S' Type", '#adaf97', 'Satin', 'Enamel'], ['ACRN02', 'Extra Dark Sea Grey BS640', '#4d5459', 'Satin', 'Enamel'], ['ACRN03', 'Dark Sea Grey BS638', '#686c71', 'Satin', 'Enamel'], ['ACRN04', 'Medium Sea Grey BS637', '#899194', 'Satin', 'Enamel'], ['ACRN05', 'Light Slate Grey BS639', '#5f6857', 'Satin', 'Enamel'], ['ACRN06', 'Dark Slate Grey BS634', '#626353', 'Satin', 'Enamel'], ['ACRN07', 'Ocean Grey WW2', '#5a6873', 'Satin', 'Enamel'], ['ACRN08', 'Barley Grey BS18-B-21', '#969d9e', 'Satin', 'Enamel'], ['ACRN09', 'WW2 RAF Dark Green (and BS241)', '#56564b', 'Satin', 'Enamel'], ['ACRN10', 'WW2 RAF Dark Earth BS450', '#745f46', 'Satin', 'Enamel'], ['ACRN11', 'Middle Stone', '#a87e50', 'Satin', 'Enamel'], ['ACRN13', 'Sky Grey', '#a6a9a9', 'Satin', 'Enamel'], ['ACRN14', 'PRU Blue', '#526a75', 'Satin', 'Enamel'], ['ACRN16', 'RAF Gulf Pink/Sand FS20279', '#ab917f', 'Satin', 'Enamel'], ['ACRN17', 'Night Bomber Black BS642', '#3e3f3f', 'Satin', 'Enamel'], ['ACRN18', 'Olive Green BS220', '#4e563c', 'Satin', 'Enamel'], ['ACRN19', 'Grigio Azzurro Chiaro 1', '#b3b8b5', 'Satin', 'Enamel'], ['ACRN19', 'RAF Blue-Grey BS633', '#475154', 'Satin', 'Enamel'], ['ACRN20', 'Light Aircraft Grey BS627', '#b3b4ab', 'Satin', 'Enamel'], ['ACRN21', 'RAF/FAA Yellow', '#ee9c29', 'Satin', 'Enamel'], ['ACRN22', 'RAF/FAA Red', '#8f3a2d', 'Matt', 'Enamel'], ['ACRN23', 'Light Mediterranean Blue', '#4f6d80', 'Matt', 'Enamel'], ['ACRN24', 'Sky Blue', '#b8c4c5', 'Matt', 'Enamel'], ['ACRN25', 'Light Green', '#717957', 'Satin', 'Enamel'], ['ACRN26', 'Light Earth', '#ba9c73', 'Matt', 'Enamel'], ['ACRN27', 'Roundel Red BS538', '#9d383a', 'Satin', 'Enamel'], ['ACRN28', 'RAF Interior Green', '#9cab9b', 'Satin', 'Enamel'], ['ACRN29', 'Sky Blue BS1 / BS101', '#83a89b', 'Satin', 'Enamel'], ['ACRN30', 'Eau De Nil BS216', '#9ab777', 'Satin', 'Enamel'], ['ACRN31', 'WW2 Roundel Blue/Oxford Blue BS105', '#39425a', 'Satin', 'Enamel'], ['ACRN33', 'Cerrux Grey', '#b3b4ab', 'Matt', 'Enamel'], ['ACRN34', 'WW2 M.A.P. Azure Blue', '#7d9ec3', 'Satin', 'Enamel'], ['ACRN35', 'Olive Drab - BS381C-298', '#545145', 'Satin', 'Enamel'], ['ACRN36', 'US Equivalent Sky (Grey) Spec 3-1 - 323 / DuPont 71-021', '#c0c8bf', 'Matt', 'Enamel'], ['ACRN37', 'RAF Anti-Flash White BS4800/5252 00E55', '#f1f2ea', 'Satin', 'Enamel'], ['ACRN38', 'RAF Hemp BS4800/10-B-21', '#a39a84', 'Satin', 'Enamel'], ['ACRN39', 'RAF Roundel Blue BS381C-110', '#404a72', 'Satin', 'Enamel'], ['ACRN40', 'RAF Pale Roundel Blue BS381C-172', '#98b6d2', 'Satin', 'Enamel'], ['ACRN41', 'RAF Pale Roundel Pink BS381C-454', '#c89092', 'Satin', 'Enamel'], ['ACRN42', 'US Equivalent Dark Green Spec 3-1 - 318 / DuPont 71-013', '#484a3c', 'Satin', 'Enamel'], ['ACRN43', 'US Equivalent Dark Earth Spec 3-1 - 303 / DuPont 71-035', '#635543', 'Satin', 'Enamel'], ['ACS01', 'AII Blue (Corrected / New Research)', '#749799', 'Satin', 'Enamel'], ['ACS02', 'AMT7 Blue (Corrected / New Research)', '#6e8f95', 'Satin', 'Enamel'], ['ACS03', 'AII Green (Corrected / New Research)', '#525645', 'Matt', 'Enamel'], ['ACS04', 'AMT-6 Black', '#0a0a0a', 'Satin', 'Enamel'], ['ACS05', 'WUP Grey Interior Primer', '#6d7b86', 'Satin', 'Enamel'], ['ACS06', 'IMUP Blue-Grey Metal Primer', '#abcdc4', 'Satin', 'Enamel'], ['ACS08', 'AMT-4 Olive Green (Corrected / New Research)', '#484725', 'Matt', 'Enamel'], ['ACS11', 'AMT-11 Blue-Grey (Corrected / New Research)', '#4d5459', 'Matt', 'Enamel'], ['ACS12', 'AMT-12 Dark Grey (Corrected / New Research)', '#323740', 'Satin', 'Enamel'], ['ACS14', 'AE9 Grey', '#6d6e58', 'Satin', 'Enamel'], ['ACS16', 'A.II Dark Brown', '#321e19', 'Satin', 'Enamel'], ['ACS17', '4BO Army Green (Corrected / New Research)', '#5c5c1e', 'Satin', 'Enamel'], ['ACS19', 'Mk7 White', '#f3efed', 'Satin', 'Enamel'], ['ACS20', 'Yellow Grey', '#be9e73', 'Satin', 'Enamel'], ['ACS21', 'A14 Steel Grey', '#686e67', 'Satin', 'Enamel'], ['ACS22', 'A.II Red', '#9d383a', 'Satin', 'Enamel'], ['ACSM01', 'Pale Blue Grey - Su27', '#c6d7da', 'Satin', 'Enamel'], ['ACSM02', 'Medium Blue - Su27', '#7d94aa', 'Matt', 'Enamel'], ['ACSM03', 'Dark Blue Grey - Su27', '#aabfc3', 'Satin', 'Enamel'], ['ACSM04', 'Light Grey - MiG 29', '#c3c8c7', 'Satin', 'Enamel'], ['ACSM05', 'Blue Grey - MiG21/23/25/31 Su24 Tu22M', '#919f9f', 'Satin', 'Enamel'], ['ACSM06', 'Grey MiG 21/23/25/27', '#7b888e', 'Satin', 'Enamel'], ['ACSM07', 'MiG Cockpit Interior Turquoise (Revised)', '#439284', 'Satin', 'Enamel'], ['ACSM08', 'MiG Radome Grey (MiG 21/23/27, Su 17, Su 25)', '#828789', 'Matt', 'Enamel'], ['ACSM09', 'Light Brown - Mil helicopters', '#ad9e8c', 'Satin', 'Enamel'], ['ACSM10', 'Sand - Mil helicopters', '#d1b79e', 'Satin', 'Enamel'], ['ACSM11', 'Brown - Mil helicopters', '#64332b', 'Satin', 'Enamel'], ['ACSM12', 'Green - Mil helicopters', '#486f38', 'Satin', 'Enamel'], ['ACSM13', 'Light Stone - Mil helicopters', '#c9c2a2', 'Satin', 'Enamel'], ['ACSM14', 'Grey-Green - Mil helicopters', '#aaae97', 'Satin', 'Enamel'], ['ACSM15', 'Modern Russian Khaki Green (Mil Helicopters)', '#5a6349', 'Matt', 'Enamel'], ['ACUS01', 'Light Gull Gray FS26440', '#b3b4ab', 'Satin', 'Enamel'], ['ACUS02', 'Dark Gull Gray FS26231', '#828789', 'Satin', 'Enamel'], ['ACUS03', 'Light Ghost Gray FS26375', '#7b888e', 'Satin', 'Enamel'], ['ACUS04', 'Dark Ghost Gray FS26320', '#7b888e', 'Satin', 'Enamel'], ['ACUS05', 'WW2 USN Light Gray', '#adada3', 'Satin', 'Enamel'], ['ACUS06', 'WW2 USN Blue Gray FS25189', '#6f878e', 'Satin', 'Enamel'], ['ACUS07', 'WW2 Semi-Gloss Blue ANA606', '#3d4850', 'Satin', 'Enamel'], ['ACUS08', 'WW2 USN Intermediate Blue ANA608', '#63727f', 'Satin', 'Enamel'], ['ACUS09', 'WW2 USN/USAAF Interior Green ANA611', '#64633c', 'Satin', 'Enamel'], ['ACUS10', 'WW2 USN Non Specular White', '#e6d8ba', 'Satin', 'Enamel'], ['ACUS11', 'Pre-War Chrome Yellow', '#ee9c29', 'Satin', 'Enamel'], ['ACUS12', 'USAAF Olive Drab ANA613', '#45433d', 'Satin', 'Enamel'], ['ACUS13', 'USAAF Neutral Gray 43', '#676865', 'Satin', 'Enamel'], ['ACUS14', 'Gunship Gray FS26118', '#5e646b', 'Satin', 'Enamel'], ['ACUS15', 'USAAF Olive Drab 41', '#544f3d', 'Satin', 'Enamel'], ['ACUS16', 'USAAF Medium Green 42', '#4d6757', 'Satin', 'Enamel'], ['ACUS17', 'Gray FS26622', '#c4c3b7', 'Satin', 'Enamel'], ['ACUS18', 'Tan FS20219', '#917968', 'Satin', 'Enamel'], ['ACUS19', 'Green Olive Drab FS24102', '#595a44', 'Satin', 'Enamel'], ['ACUS20', 'Dark Green FS24079', '#54574d', 'Satin', 'Enamel'], ['ACUS21', 'ADC Gray FS26473', '#a1aba7', 'Satin', 'Enamel'], ['ACUS22', 'Zinc Chromate Green', '#565d42', 'Satin', 'Enamel'], ['ACUS23', 'Zinc Chromate Yellow', '#e7de47', 'Satin', 'Enamel'], ['ACUS24', 'Dull Dark Green', '#243736', 'Matt', 'Enamel'], ['ACUS25', 'Helo Drab FS24031', '#474742', 'Satin', 'Enamel'], ['ACUS26', 'Insignia Red', '#bd1921', 'Satin', 'Enamel'], ['ACUS27', 'Willow Green', '#508c29', 'Satin', 'Enamel'], ['ACUS28', 'True Blue', '#00498d', 'Satin', 'Enamel'], ['ACUS29', 'Lemon Yellow', '#fbd51f', 'Satin', 'Enamel'], ['ACUS30', 'Bronze Green 9', '#33482b', 'Satin', 'Enamel'], ['ACUS31', 'Yellow Sand FS20400', '#c69d77', 'Satin', 'Enamel'], ['ACUS32', 'Brown Special FS30140', '#79604f', 'Satin', 'Enamel'], ['ACUS33', 'WW2 USN Non Specular Blue ANA607', '#3a4347', 'Matt', 'Enamel'], ['ACUS34', 'WW2 USN Glossy Sea Blue ANA623', '#353f46', 'Satin', 'Enamel'], ['ACUS35', 'Post-War USN Glossy Sea Blue FS15042', '#41474b', 'Satin', 'Enamel'], ['ACUS36', 'Post-War Insignia White FS27875', '#e7e9de', 'Satin', 'Enamel'], ['ACUS37', 'WW2 Insignia White ANA601', '#eae7d9', 'Satin', 'Enamel'], ['ACUS38', 'Gray Blue/Medium Gray FS35237', '#7b888e', 'Matt', 'Enamel'], ['ACUS39', 'WW2 Insignia Blue ANA605', '#39424b', 'Satin', 'Enamel'], ['ACUS40', 'Dark Ghost Gray FS36320', '#8b959e', 'Matt', 'Enamel'], ['ACUS41', 'Camouflage Gray FS36170', '#6d6c6a', 'Satin', 'Enamel'], ['ACUS42', 'Gunship Green FS34092', '#495951', 'Satin', 'Enamel'], ['ACUS43', 'Dark Gunship Gray FS36081', '#575a5a', 'Matt', 'Enamel'], ['ACUS44', 'Green 383 Camouflage FS34094', '#4e5444', 'Satin', 'Enamel'], ['ACUS45', 'Dark Blue Gray FS36099', '#525c61', 'Matt', 'Enamel'], ['ACUS46', 'International Orange FS12197', '#c24f3c', 'Gloss', 'Enamel'], ['ACUS47', 'Haze Gray FS36270', '#898c86', 'Matt', 'Enamel'], ['ARB01', 'Gulf Armour Light Stone BS361', '#be9e73', 'Matt', 'Enamel'], ['ARB02', 'Deep Bronze Green', '#45493e', 'Matt', 'Enamel'], ['ARB03', 'Khaki Green 3', '#524728', 'Matt', 'Enamel'], ['ARB05', 'Dark Earth', '#836a51', 'Matt', 'Enamel'], ['ARB06', 'Modern British Army Green', '#525645', 'Matt', 'Enamel'], ['ARB07', 'Middle Bronze Green - BS381C-23', '#4e5140', 'Matt', 'Enamel'], ['ARB08', 'Silver Grey - BS381C-28', '#9d9d7e', 'Matt', 'Enamel'], ['ARB09', 'Slate - BS381C-34', '#626353', 'Matt', 'Enamel'], ['ARB10', 'Light Purple Brown', '#4a2322', 'Matt', 'Enamel'], ['ARB11', 'Light Stone - BS381C-61', '#be9e73', 'Matt', 'Enamel'], ['ARB12', 'Portland Stone - BS381C-64', '#cec093', 'Matt', 'Enamel'], ['ARB13', 'Desert Pink', '#d9cdbd', 'Matt', 'Enamel'], ['ARB14', 'Dark Olive Green', '#525645', 'Matt', 'Enamel'], ['ARB15', 'Very Dark Brown BS987C S.C.C no.1A', '#493c35', 'Matt', 'Enamel'], ['ARB16', 'Blue-Black Disruptive BS987C S.C.C no.14', '#2c3134', 'Matt', 'Enamel'], ['ARB17', 'Light Mud', '#88816b', 'Matt', 'Enamel'], ['ARB19', 'Olive Drab BS987C S.C.C No15', '#525645', 'Matt', 'Enamel'], ['ARB19', 'Olive Drab BS987C S.C.C No 15', '#525645', 'Matt', 'Enamel'], ['ARB20', 'Light Bronze Green BS222', '#5c5c1e', 'Matt', 'Enamel'], ['ARB21', 'Olive Green BS987C S.C.C No.7', '#484725', 'Matt', 'Enamel'], ['ARG01', 'Elefenbein Interior Cream', '#ddcba1', 'Matt', 'Enamel'], ['ARG02', 'Afrika Korps Sand Grey RAL 7027', '#998a71', 'Matt', 'Enamel'], ['ARG03', 'Afrika Korps Tan Yellow RAL 8020', '#ba9c73', 'Matt', 'Enamel'], ['ARG04', 'Schokoladebraun RAL 8017', '#432f29', 'Matt', 'Enamel'], ['ARG05', 'Olivgrun RAL 6003', '#4e533b', 'Matt', 'Enamel'], ['ARG06', 'Khakibraun RAL 7008', '#725f3c', 'Matt', 'Enamel'], ['ARG08', 'Anthracitgrau RAL 7016', '#4c5054', 'Matt', 'Enamel'], ['ARG09', 'Signalbraun (RAL 8002)', '#88644a', 'Matt', 'Enamel'], ['ARG10', 'Panzer Grey RAL 7021', '#303234', 'Matt', 'Enamel'], ['ARG11', 'Dunkelgelb', '#8b734f', 'Matt', 'Enamel'], ['ARG12', 'Red Oxide Primer RAL 8012', '#64332b', 'Matt', 'Enamel'], ['ARG13', 'Wehrmacht Interior Blue-Grey', '#7d9591', 'Matt', 'Enamel'], ['ARI01', 'Israeli Sand Grey', '#a79171', 'Matt', 'Enamel'], ['ARIT01', 'Grigio Verde Chiaro', '#81816b', 'Matt', 'Enamel'], ['ARIT02', 'Grigio Sabbia Chiaro', '#d5a78b', 'Matt', 'Enamel'], ['ARIT03', 'Verde Scuro', '#435d50', 'Matt', 'Enamel'], ['ARIT04', 'Rosso Ruggine', '#8f5a3f', 'Matt', 'Enamel'], ['ARIT05', 'Grigio Verde Scuro', '#203635', 'Matt', 'Enamel'], ['ARIT06', 'Giallo Sabbia Scuro', '#bb945e', 'Matt', 'Enamel'], ['ARJ01', 'Imperial Japanese Army Khaki', '#6a5f4d', 'Matt', 'Enamel'], ['AROZ01', 'Olive Drab (Modern Australian)', '#6a5f4d', 'Matt', 'Enamel'], ['ARR01', 'Modern Russian Tank Green', '#555645', 'Matt', 'Enamel'], ['ARR02', 'WW2 Russian Army Green', '#5c5c1e', 'Matt', 'Enamel'], ['ARUS01', 'Gulf War Sand Tan FS33446', '#a48f74', 'Matt', 'Enamel'], ['ARUS02', 'Marine Corps Green FS24052', '#4d4e49', 'Satin', 'Enamel'], ['ARUS03', '1943 US Army Olive Drab', '#55543f', 'Matt', 'Enamel'], ['ARUS04', 'Forest Green FS34097', '#5a6349', 'Matt', 'Enamel'], ['ARUS06', 'Sand FS30277', '#998a71', 'Matt', 'Enamel'], ['ARUS07', 'Light Green FS34151', '#64633c', 'Matt', 'Enamel'], ['ARUS08', 'Dark Green FS34102', '#595a44', 'Matt', 'Enamel'], ['ARUS09', 'Earth Yellow FS30257', '#a87e50', 'Matt', 'Enamel'], ['ARUS10', 'Earth Red FS30177', '#844d4c', 'Matt', 'Enamel'], ['C01', 'Teak', '#e7c19a', 'Matt', 'Enamel'], ['C02', 'Matt Black', '#0a0a0a', 'Matt', 'Enamel'], ['C03', 'Matt White', '#fafaf5', 'Matt', 'Enamel'], ['C04', 'Matt Aluminium', '#bfc1c1', 'Metallic', 'Enamel'], ['C05', 'Bright Silver', '#bfc1c1', 'Metallic', 'Enamel'], ['C06', 'Tyre Black', '#4c5054', 'Matt', 'Enamel'], ['C07', 'Buff', '#d6a648', 'Satin', 'Enamel'], ['C08', 'Bright Blued Gunmetal', '#55686e', 'Metallic', 'Enamel'], ['C09', 'Track Colour', '#5f4025', 'Matt', 'Enamel'], ['C10', 'Parkerised Gunmetal', '#332b22', 'Metallic', 'Enamel'], ['C11', 'Blued Gunmetal', '#1b202a', 'Metallic', 'Enamel'], ['GW01', '#1 Grey', '#a3a8a7', 'Matt', 'Enamel'], ['GW02', '#2 Grey', '#898c86', 'Matt', 'Enamel'], ['GW03', '#3 Grey', '#686e67', 'Matt', 'Enamel'], ['GW04', '#4 Grey', '#4c5659', 'Matt', 'Enamel'], ['GW05', '#5 Grey', '#494d4f', 'Matt', 'Enamel'], ['GW06', '# Grey/Green', '#7d9591', 'Matt', 'Enamel'], ['GW07', '#2 Grey/ Green', '#4c5755', 'Matt', 'Enamel'], ['GW09', '#2 Green', '#0a513a', 'Matt', 'Enamel'], ['GW11', '#1 Yellow', '#ddcba1', 'Matt', 'Enamel'], ['GW12', '#0 BlueGrey', '#b0cde0', 'Matt', 'Enamel'], ['GW13', '#1 Blue/Grey', '#b1bfc9', 'Matt', 'Enamel'], ['GW14', '#2 Blue/Grey', '#5e737b', 'Matt', 'Enamel'], ['GW15', '#1Blue', '#8bb4bf', 'Matt', 'Enamel'], ['GW17', '#3 Blue', '#00498d', 'Matt', 'Enamel'], ['GW19', '#1Blue/Green', '#8ebdc2', 'Matt', 'Enamel'], ['GW21', '#3 Blue/Green', '#3f564e', 'Matt', 'Enamel'], ['GW25', '#2 Olive', '#81816b', 'Matt', 'Enamel'], ['GW26', 'Standard Grey for Submarines', '#b3b8b5', 'Matt', 'Enamel'], ['IJN01', 'Sasebo Gray', '#4c5659', 'Matt', 'Enamel'], ['IJN02', 'Kure Gray', '#55686e', 'Matt', 'Enamel'], ['IJN03', 'Maizuru Gray', '#55686e', 'Matt', 'Enamel'], ['IJN04', 'Yokosuka Gray', '#586162', 'Matt', 'Enamel'], ['IJN05', 'Type 1 Camouflage', '#3f564e', 'Matt', 'Enamel'], ['IJN06', 'Type 2 Camouflage', '#517765', 'Matt', 'Enamel'], ['IJN07', 'Type 21 Camouflage', '#88a78f', 'Matt', 'Enamel'], ['IJN08', 'Type 22 Camouflage', '#b2c4b5', 'Matt', 'Enamel'], ['IJN09', 'IJN Deck Tan', '#b6a68d', 'Matt', 'Enamel'], ['IJN10', 'Linoleum', '#794f42', 'Matt', 'Enamel'], ['IJN11', 'IJN Anti-fouling Red', '#a42821', 'Matt', 'Enamel'], ['IJN12', 'IJN Anti-fouling Hull Red B', '#4a2322', 'Matt', 'Enamel'], ['KM01', 'Hellgrau 50', '#959798', 'Matt', 'Enamel'], ['KM02', 'Dunkelgrau 51', '#7f9197', 'Matt', 'Enamel'], ['KM03', 'Dunkelblaugrau', '#2e393c', 'Matt', 'Enamel'], ['KM04', 'Schiffsbodenfarbe III Rot 5', '#794f42', 'Matt', 'Enamel'], ['KM05', 'Schiffsbodenfarbe III Grau 1', '#2c3134', 'Matt', 'Enamel'], ['KM06', 'Dunkelgrau 2 (RAL 7024)', '#48494b', 'Matt', 'Enamel'], ['KM07', 'Blaugrau Dunkel (Norwegian)', '#494e56', 'Matt', 'Enamel'], ['KM08', 'Blaugrau Mittel (Norwegian)', '#628496', 'Matt', 'Enamel'], ['KM09', 'Blaugrau Hell (Norwegian)', '#b0cde0', 'Matt', 'Enamel'], ['KM10', 'Schnellbootweiss', '#dfe1da', 'Matt', 'Enamel'], ['KM11', 'Schlickgrau 58 (U-Boat)', '#757a77', 'Matt', 'Enamel'], ['KM12', 'Blaugrau 58.1 (U-Boat)', '#626c6e', 'Matt', 'Enamel'], ['KM13', 'Hellgrau (Baltic)', '#c0c4b7', 'Matt', 'Enamel'], ['KM14', 'Mittelgrau (Baltic)', '#a6a4a2', 'Matt', 'Enamel'], ['KM15', 'Dunkelgrau (Baltic)', '#898e8c', 'Matt', 'Enamel'], ['M11', 'Russian Northern Fleet Grey', '#889497', 'Matt', 'Enamel'], ['M12', 'Russian Deck Green', '#1f352e', 'Matt', 'Enamel'], ['M13', 'Russian Deck Red', '#8c533a', 'Matt', 'Enamel'], ['M14', 'JMDSF Upperworks Grey', '#798386', 'Matt', 'Enamel'], ['M15', 'JMDSF Deck Grey', '#74787b', 'Matt', 'Enamel'], ['M20', 'Russian Baltic Fleet Grey', '#6d7b86', 'Satin', 'Enamel'], ['M21', 'Modern USN Riverine Green FS24102', '#505a44', 'Matt', 'Enamel'], ['M22', 'US Coast Guard Spar FS30371', '#c18f62', 'Matt', 'Enamel'], ['M24', 'RAN Haze Grey FS26270', '#fff', 'Matt', 'Enamel'], ['NARN01', 'Georgian Era Very Dark Grey', '#2c3134', 'Matt', 'Enamel'], ['NARN02', 'Georgian Era Buff', '#c69d77', 'Matt', 'Enamel'], ['NARN03', 'August 1902 - November 1914 Dark Grey; 507', '#494d4f', 'Matt', 'Enamel'], ['NARN04', 'November 1914 - July 1916 Grey; 507A', '#4c5659', 'Matt', 'Enamel'], ['NARN05', 'July 1916 - Late 1920s Light Grey; 507B', '#686e67', 'Matt', 'Enamel'], ['NARN06', 'July 1916 - Late 1920s Very Light Grey; 507C', '#959798', 'Matt', 'Enamel'], ['NARN07', 'Late 1920s to 1936 Interwar Home Fleet Dark Grey; 507B', '#586162', 'Matt', 'Enamel'], ['NARN08', 'Late 1920s to mid-1930s Interwar Foreign Stations Grey; 507C', '#9facad', 'Matt', 'Enamel'], ['NARN10', 'Royal Navy Inter-war Primrose Yellow', '#e9bb43', 'Matt', 'Enamel'], ['NARN20', '1936-1939 Home Fleet Grey - 507A / 507B (13%RF)', '#59676a', 'Matt', 'Enamel'], ['NARN21', '1936- Home Fleet Grey 507A / G10 (10%RF)', '#505b63', 'Matt', 'Enamel'], ['NARN22', '1936- Light Grey 507C / G45', '#aab5bf', 'Matt', 'Enamel'], ['NARN23', 'WW2 Dark Grey Non-Slip Deck Paint', '#4e595b', 'Matt', 'Enamel'], ['NARN24', '50/50 Emergency Mix Medium Grey', '#6e7d84', 'Matt', 'Enamel'], ['NARN25', 'Mountbatten Pink Light', '#887578', 'Matt', 'Enamel'], ['NARN26', '1940 Flotta Light Green', '#7da48f', 'Matt', 'Enamel'], ['NARN27', '1940 Flotta Dark Brown', '#675749', 'Matt', 'Enamel'], ['NARN28', 'MS1 / G5', '#404949', 'Matt', 'Enamel'], ['NARN29', 'MS2 - 1941-1943', '#565959', 'Matt', 'Enamel'], ['NARN30', 'MS3 / G20', '#798583', 'Matt', 'Enamel'], ['NARN31', 'MS4 - 1941-1943', '#95978f', 'Matt', 'Enamel'], ['NARN32', 'MS4A - 1941-1943', '#c2c2b9', 'Matt', 'Enamel'], ['NARN33', 'B5 / B15 - 1941-1945', '#596d91', 'Matt', 'Enamel'], ['NARN34', 'B6 - 1941-1943', '#8293a3', 'Matt', 'Enamel'], ['NARN36', 'B20 - 1944-1945', '#647f97', 'Matt', 'Enamel'], ['NARN37', 'B30 - 1943-1945', '#8298ac', 'Matt', 'Enamel'], ['NARN38', 'Western Approaches Blue 1941-1943', '#b6c8de', 'Matt', 'Enamel'], ['NARN39', 'Western Approaches Green 1941-1943', '#79cca6', 'Matt', 'Enamel'], ['NARN40', 'B55 1943-1945', '#9bcdcd', 'Matt', 'Enamel'], ['NARN41', '1943-1945 B55 (Alternative)', '#bbbfb5', 'Matt', 'Enamel'], ['NARN42', 'WW2 RN Anti-Fouling Red', '#8f3a2d', 'Matt', 'Enamel'], ['NARN44', 'Cortincene', '#7c4b27', 'Matt', 'Enamel'], ['NARN45', 'AP631 Bronze Grey (for carrier flight decks 1933-1941)', '#524728', 'Matt', 'Enamel'], ['NARN46', 'Victorian era Buff', '#d89d47', 'Matt', 'Enamel'], ['NARN50', 'RN Dark Admiralty Grey - BS381C-632', '#686e67', 'Matt', 'Enamel'], ['NARN51', 'RN Light Admiralty Grey - BS381C-697', '#a4b9b2', 'Matt', 'Enamel'], ['NARN52', 'RN Light Weatherwork Grey - BS381C-676', '#9fa9ac', 'Matt', 'Enamel'], ['NARN53', 'RN Deck Green', '#435d50', 'Matt', 'Enamel'], ['NARN54', 'RN Modern Deck Grey - BS381C-640', '#4d5459', 'Matt', 'Enamel'], ['RM01', 'Grigio Scuro (Dark grey)', '#3f4d58', 'Matt', 'Enamel'], ['RM02', 'Grigio Chiaro (Light grey)', '#a3a8a7', 'Matt', 'Enamel'], ['RM03', 'Blu Scuro (Dark blue)', '#325965', 'Matt', 'Enamel'], ['RM04', 'Azzuro (Light blue)', '#8bb4bf', 'Matt', 'Enamel'], ['RM05', 'Verde Chiaro (Light green)', '#9fbd9f', 'Matt', 'Enamel'], ['RM06', 'Giallo Verde (Yellow-green)', '#d9deb7', 'Matt', 'Enamel'], ['RM07', 'Bianco Sporco Opaco', '#f3efed', 'Matt', 'Enamel'], ['RM08', 'Rosso (Red)', '#a42821', 'Matt', 'Enamel'], ['RN03', 'AP 507C Light Grey (Discontinued)', '#9eaaad', 'Matt', 'Enamel'], ['RN04', 'MS1 Dark Blue-Black (Discontinued)', '#323740', 'Matt', 'Enamel'], ['RN05', 'MS2 Dark Grey (Discontinued)', '#626c6e', 'Matt', 'Enamel'], ['RN06', 'MS3 Medium Greenish-Grey (Discontinued)', '#8e978d', 'Matt', 'Enamel'], ['RN08', 'Western Approaches Blue (Discontinued)', '#c5d7db', 'Matt', 'Enamel'], ['RN10', 'RN White (Western Approaches) (Discontinued)', '#ece7d7', 'Matt', 'Enamel'], ['RN11', 'B6 Medium Blue (Discontinued)', '#98b2c6', 'Matt', 'Enamel'], ['RN12', 'MS4 Warm Light Grey (Discontinued)', '#9e998d', 'Matt', 'Enamel'], ['RN13', 'MS4a Light Grey Green (Discontinued)', '#bcc5bd', 'Matt', 'Enamel'], ['RN14', 'G45 Warm Light Grey (Discontinued)', '#a5a08e', 'Matt', 'Enamel'], ['RN17', 'B55 Light Greenish-Blue (1943) (Discontinued)', '#90bdb9', 'Matt', 'Enamel'], ['RN20', 'B55 Light Khaki (Late War) (Discontinued)', '#b2b1a1', 'Matt', 'Enamel'], ['RN21', 'B30 Medium Grey-Green (Discontinued)', '#74a1a2', 'Matt', 'Enamel'], ['RN22', 'G5 Extra Dark Grey (Discontinued)', '#323740', 'Matt', 'Enamel'], ['RN23', 'G10 Dark Grey (Discontinued)', '#494d4f', 'Matt', 'Enamel'], ['RN25', 'G20 Medium Grey-Green (Discontinued)', '#6d6e58', 'Matt', 'Enamel'], ['US01', 'Prewar #5 Standard Navy Gray', '#b3b8b5', 'Matt', 'Enamel'], ['US02', 'Prewar #20 Standard Deck Gray', '#566066', 'Matt', 'Enamel'], ['US03', 'Early 1941 5-L Light Gray', '#a2a9a8', 'Matt', 'Enamel'], ['US04', 'Early 1941 5-D Dark Gray', '#4f5255', 'Matt', 'Enamel'], ['US05', 'Late 1941 5-H Haze Gray', '#828f9a', 'Matt', 'Enamel'], ['US06', 'Late 1941 5-O Ocean Gray', '#677581', 'Matt', 'Enamel'], ['US07', '5-S Sea Blue', '#4f6d80', 'Matt', 'Enamel'], ['US08', '5-N Navy Blue', '#1e3948', 'Matt', 'Enamel'], ['US09', '5-B Thayer Blue', '#b1bfc9', 'Matt', 'Enamel'], ['US10', '1942 Revised Deck Blue 20-B', '#57646f', 'Matt', 'Enamel'], ['US11', 'Flight Deck Stain 21', '#61737b', 'Matt', 'Enamel'], ['US12', '5-P Pale Gray 1943', '#b8c4c5', 'Matt', 'Enamel'], ['US13', '1943 5-L Light Gray', '#9facad', 'Matt', 'Enamel'], ['US14', 'Norfolk 65A Anti-fouling Red', '#844d4c', 'Matt', 'Enamel'], ['US15', 'Mahogany Flight Deck Stain', '#764324', 'Matt', 'Enamel'], ['US16', '20-G Deck Green', '#24372a', 'Matt', 'Enamel'], ['US17', '5-HG Haze Green', '#919683', 'Matt', 'Enamel'], ['US18', '5-LG Light Green Revised', '#a6a57b', 'Matt', 'Enamel'], ['US19', '5-OG Ocean Green', '#717957', 'Matt', 'Enamel'], ['US20', '5-NG Navy Green', '#525645', 'Matt', 'Enamel'], ['US21', '5-PG Pale Green Revised', '#b7b697', 'Matt', 'Enamel'], ['US23', '#2 Green', '#4d5140', 'Matt', 'Enamel'], ['US24', '#3 Green', '#45564a', 'Matt', 'Enamel'], ['US26', 'MTB Green', '#616c5d', 'Matt', 'Enamel'], ['US27', 'Norfolk 250-N Flight Deck Stain', '#3f4d58', 'Matt', 'Enamel'], ['US28', '#27 Neutral Haze Gray 1945', '#898c86', 'Matt', 'Enamel'], ['US29', 'Tropical Green', '#386060', 'Matt', 'Enamel'], ['US30', 'USN Buff', '#c18f62', 'Matt', 'Enamel'], ['US31', '#17 Neutral Ocean Gray 1945', '#686e67', 'Matt', 'Enamel'], ['US32', '#46 Neutral Outside Gray 1945', '#bec3c8', 'Matt', 'Enamel'], ['US33', '#37 Neutral 5-L Light Gray 1945', '#a3a8a7', 'Matt', 'Enamel'], ['US35', '#7 Neutral 5-N Navy Gray 1945', '#494d4f', 'Matt', 'Enamel'], ['US36', '#4 Neutral Deck Gray 20 1945', '#323740', 'Matt', 'Enamel'], ['US37', 'Slate (Spanish-America War - 1923)', '#494d4f', 'Matt', 'Enamel'], ['US38', 'US Navy Haze Gray - FS36270', '#898c86', 'Matt', 'Enamel'], ['US39', 'US Navy Deck Gray', '#575a5a', 'Matt', 'Enamel'], ['US40', 'US Navy Flight Deck Gray', '#4a5157', 'Matt', 'Enamel'], ['US41', 'US Navy Anti-fouling Red', '#764b44', 'Matt', 'Enamel'], ['ACGW17', 'German Strut & Panel Grey', '#7b888e', 'Satin', 'Enamel'], ['NARN35', 'P.B.10', '#405a83', 'Matt', 'Enamel'], ['125', 'Thinners', '#fff', 'Thinners', 'Enamel'], ['NARN20', '1936-1939 Home Fleet Grey - 507A / 507B (13%RF)', '#59676a', 'Matt', 'Enamel'], ['NARN21', '1936- Home Fleet Grey 507A / G10 (10%RF)', '#505b63', 'Matt', 'Enamel'], ['NARN22', '1936- Light Grey 507C / G45', '#aab5bf', 'Matt', 'Enamel'], [None, None, None, 'Thinners', 'Enamel'], ['250', 'Thinners', '#fff', 'Thinners', 'Enamel'], ['500', 'Thinners', '#fff', 'Thinners', 'Enamel'], ['BISFIN-6', 'Colourcoats Set Bismarck Final Sortie', '#764324', None, None], ['CS-ACGWGermanGMB-3', 'Colourcoats Set WWI German Green, Mauve & Light Blue Colours', '#757340', None, None], ['FAATL-6', 'Colourcoats Set FAA Temperate Sea Scheme', '#4d5459', None, None], ['HMSWA1', 'Colourcoats Set Royal Navy 1940-1942 Western Approaches', '#79cca6', None, None], ['HMSWA2', 'Colourcoats Set Royal Navy 1943-1945 Western Approaches', '#8298ac', None, None], ['IJNAA1', 'Colourcoats Imperial Japanese Army Air 1 Colourset', '#33482b', None, None], ['IJNNA1', 'Colourcoats Imperial Japanese Naval Air 1 Colourset', '#9e9586', None, None], ['IJNNA2', 'Colourcoats Imperial Japanese Naval Air 2 Colourset', '#282e2c', None, None], ['LuftNorm72-3', 'Colourcoats Set Luftwaffe Norm 72 Scheme Colourset', '#464135', None, None], ['LuftRLM657071', 'Colourcoats Set Luftwaffe RLM65/70/71 Day Bomber and Early D', '#41544e', None, None], ['LuftRLM657102', 'Colourcoats Set Luftwaffe RLM65/71/02 Day Fighter Scheme', '#a3c6d3', None, None], ['LuftRLM657273', 'Colourcoats Set Luftwaffe RLM65/72/73 Maritime Scheme', '#a3c6d3', None, None], ['LuftRLM747576', 'Colourcoats Set Luftwaffe RLM74/75/76 Mid-war Scheme', '#575956', None, None], ['LuftRLM787980b', 'Colourcoats Set Luftwaffe RLM78/79/80 Desert Scheme B', '#79a0ac', None, None], ['LuftRLM818276', 'Colourcoats Set Luftwaffe RLM81/82/76 Mid-Late war Scheme', '#493c35', None, None], ['MiG29Early-3', 'Colourcoats Set MiG 29 Fulcrum Early Scheme Colourset', '#c3c8c7', None, None], ['MilClassic', 'Colourcoats Set Mil Helicopters Classic Scheme Colourset', '#aabfc3', None, None], ['MilModern', 'Colourcoats Set Mil Helicopters Modern Scheme Colourset', '#aabfc3', None, None], ['RAFD', 'Colourcoats Set RAF WW2 Desert Scheme', '#745f46', None, None], ['RAFDF', 'Colourcoats Set RAF Day Fighter Scheme', '#899194', None, None], ['RAFDF-3', 'Colourcoats RAF Modern Fighters Colourset', '#899194', None, None], ['RAFMN', 'Colourcoats Set RAF Mosquito Night Scheme', '#3e3f3f', None, None], ['RAFNB', 'Colourcoats Set RAF Night Bomber Scheme', '#3e3f3f', None, None], ['RAFTL', 'Colourcoats Set RAF Temperate Land Scheme', '#adaf97', None, None], ['RAFTS', 'Colourcoats Set RAF Temperate Sea Scheme', '#adaf97', None, None], ['RAFVB', 'Colourcoats Set RAF V-Bomber 1960s Colourset', '#899194', None, None], ['RAFVBF', 'Colourcoats Set RAF V-Bomber and Fighters 1970s', '#686c71', None, None], ['RAMW', 'Colourcoats Set Regia Aeronautica Mid-War Set 1', '#4d4e49', None, None], ['RNBGS', 'Colourcoats Set Royal Navy 1943-1945 B&G Series', '#8298ac', None, None], ['RNChina', 'Colourcoats Set Royal Navy 1930s China Station', '#fafaf5', None, None], ['RNDACS', 'Colourcoats Set Royal Navy Camouflage 1941-1943', '#505b63', None, None], ['RNEastIndies', 'Colourcoats Set Royal Navy Interwar East Indies Station', '#fafaf5', None, None], ['RNFS', 'Colourcoats Set Royal Navy 1936-1941 Foreign Stations', '#4e595b', None, None], ['RNHF2', 'Colourcoats Set Royal Navy 1936-1941 Home Fleet', '#4e595b', None, None], ['RNMod', 'Colourcoats Set Royal Navy 1968-Modern Day', '#9fa9ac', None, None], ['RNSSA', 'Colourcoats Set Royal Navy 1944- Standard Scheme A', '#647f97', None, None], ['RNSSB', 'Colourcoats Set Royal Navy 1944- Standard Scheme B', '#8298ac', None, None], ['SU27', 'Colourcoats Set Sukhoi Su27 Flanker Pale Blue Scheme', '#c6d7da', None, None], ['USAAFEssentials', 'Colourcoats USAAF WWII Essentials Colourset', '#243736', None, None], ['USAFF16Gray', 'Colourcoats USAF F-16 Gray Scheme Colourset', '#7b888e', None, None], ['USCW', 'Colourcoats Set USN Cold War', '#b3b4ab', None, None], ['USETL', 'Colourcoats Set US Equivalent RAF Temperate Land Scheme (Rev', '#c0c8bf', None, None], ['USNA', 'Colourcoats Set US Navy WWII Atlantic', '#828789', None, None], ['USNP42', 'Colourcoats Set US Navy WWII Pacific 1942', '#adada3', None, None], ['USNP44', 'Colourcoats Set US Navy WWII 1944-1947 Overall GSB', '#64633c', None, None], ['USSEA', 'Colourcoats USAF South East Asia Colourset', '#c4c3b7', None, None]], 'Compucolor': [['CISA 01', 'FS35045 Dark Blue', '#fff', 'Matt', 'Enamel'], ['CA 01', 'ANA 613 Olive Drab\ufeff', '#fff', 'Matt', 'Enamel'], ['CA 02', 'ANA 613 Olive Drab (Faded)', '#fff', 'Matt', 'Enamel'], ['CA 03', 'ANA 612 Mediu\ufeffm Green (PBY Green)', '#fff', 'Matt', 'Enamel'], ['CA 04', 'ANA 611 Interior Gre\ufeffe\ufeffn\ufeff/Light Green', '#fff', 'Matt', 'Enamel'], ['CA 05', 'ANA 615 Middle Stone', '#fff', 'Matt', 'Enamel'], ['CA 06', 'ANA 616 Sand/Desert Sand', '#fff', 'Matt', 'Enamel'], ['CA 07', 'ANA 617 Dark Earth/Field Drab', '#fff', 'Matt', 'Enamel'], ['CA 08', 'ANA 621 Dark Gull Grey', '#fff', 'Matt', 'Enamel'], ['CA 09', 'ANA 602 Light Gull Grey', '#fff', 'Matt', 'Enamel'], ['CA 10', 'ANA 513 Engine Grey', '#fff', 'Gloss', 'Enamel'], ['CA 11', 'ANA 607 Non Specular Sea Blue', '#fff', 'Matt', 'Enamel'], ['CA 12', 'ANA 606 Semi Gloss Sea Blue', '#fff', 'Satin', 'Enamel'], ['CA 13', 'ANA 623 Gloss Sea Blue', '#fff', 'Gloss', 'Enamel'], ['CA 14', 'ANA 608 Intermediate Blue', '#fff', 'Matt', 'Enamel'], ['CA 15', 'ANA 609 Azure Blue', '#fff', 'Matt', 'Enamel'], ['CA 16', 'Neutral Grey 43', '#fff', 'Matt', 'Enamel'], ['CA 17', 'ANA 603 Blue Grey', '#fff', 'Matt', 'Enamel'], ['CA 18', 'PBY Blue', '#fff', 'Matt', 'Enamel'], ['CA 19', 'PBY Grey', '#fff', 'Matt', 'Enamel'], ['CA 20', 'ANA 508 International Orange', '#fff', 'Matt', 'Enamel'], ['CA 21', 'Zinc Chromate Yellow', '#fff', 'Matt', 'Enamel'], ['CA 22', 'ANA 614 Ident Yellow', '#fff', 'Matt', 'Enamel'], ['CA 23', 'ANA 605 Insignia Blue', '#fff', 'Matt', 'Enamel'], ['CA 24', 'ANA 618 Insignia Red', '#fff', 'Matt', 'Enamel'], ['CA 25', 'ANA 601 Insignia White', '#fff', 'Matt', 'Enamel'], ['CA 26', 'Light Grey\ufeff', '#fff', 'Matt', 'Enamel'], ['CAA 01', 'FS37875 White', '#fff', 'Matt', 'Enamel'], ['CAA 02', 'FS30279 Desert Sand', '#fff', 'Matt', 'Enamel'], ['CAA 03', 'FS30277 Sand', '#fff', 'Matt', 'Enamel'], ['CAA 04', 'FS30257 Earth Yellow', '#fff', 'Matt', 'Enamel'], ['CAA 05', 'FS30117 Earth Red', '#fff', 'Matt', 'Enamel'], ['CAA 06', 'FS30118 Field Drab', '#fff', 'Matt', 'Enamel'], ['CAA 07', 'FS34087 Olive Drab', '#fff', 'Matt', 'Enamel'], ['CAA 09', 'FS34151 Light Green', '#fff', 'Matt', 'Enamel'], ['CAA 10', 'FS34102 Dark Green', '#fff', 'Matt', 'Enamel'], ['CAA 11', 'FS34079 Forest Green', '#fff', 'Matt', 'Enamel'], ['CAA 12', 'FS37038 Black', '#fff', 'Matt', 'Enamel'], ['CAC 01', 'FS36440 Light Gull Grey', '#fff', 'Matt', 'Enamel'], ['CAC 02', 'FS34079 Forest Green', '#fff', 'Matt', 'Enamel'], ['CAC 03', 'FS36320 Dark Com\ufeffpass Grey', '#fff', 'Matt', 'Enamel'], ['CAC 04', 'FS36\ufeff375 Light \ufeffCompass Gre\ufeffy', '#fff', 'Matt', 'Enamel'], ['CAC 05', 'FS34102 G\ufeffreen Olive Drab', '#fff', 'Matt', 'Enamel'], ['CAC 06', 'FS30219 Tan', '#fff', 'Matt', 'Enamel'], ['CAC 07', 'FS36622 Light Grey', '#fff', 'Matt', 'Enamel'], ['CAC 08', 'FS34159 Blue Green', '#fff', 'Matt', 'Enamel'], ['CAC 09', 'FS24201 Tan', '#fff', 'Satin', 'Enamel'], ['CAC 10', 'FS30140 Brown', '#fff', 'Matt', 'Enamel'], ['CAC 11', 'FS2\ufeff\ufeff0400 Tan', '#fff', 'Satin', 'Enamel'], ['CAC 12', 'FS37875 White', '#fff', 'Matt', 'Enamel'], ['CAC 13', 'FS35450 Air Superiority Blue', '#fff', 'Matt', 'Enamel'], ['CAC 14', 'FS360\ufeff81 Dark Grey\ufeff\ufeff', '#fff', 'Matt', 'Enamel'], ['CAC 15', 'FS36473 A/C Gray/COIN Gray/ADC Gray', '#fff', 'Matt', 'Enamel'], ['CAC 16', 'FS36118 Gunship Grey', '#fff', 'Matt', 'Enamel'], ['CAC 17', 'FS363\ufeff07 \ufeffLight Grey', '#fff', 'Matt', 'Enamel'], ['CAC 18', 'FS36251 Grey', '#fff', 'Matt', 'Enamel'], ['CAC 19', 'FS35237 Blue', '#fff', 'Matt', 'Enamel'], ['CAC 20', 'FS\ufeff35\ufeff414 Blue', '#fff', 'Matt', 'Enamel'], ['CAC 21', 'FS35622 Pale Blue\ufeff', '#fff', 'Matt', 'Enamel'], ['CAC 22', 'Blue', '#fff', 'Matt', 'Enamel'], ['CAC 23', 'FS33531 Tan', '#fff', 'Matt', 'Enamel'], ['CAC 24', 'FS33613 Radome Tan', '#fff', 'Matt', 'Enamel'], ['CAC 25', 'FS34097 Marine Field Green', '#fff', 'Matt', 'Enamel'], ['CAC 26', 'FS15050 Blue Angels Blue', '#fff', 'Matt', 'Enamel'], ['CAC 27', 'FS34258 Pale Green', '#fff', 'Matt', 'Enamel'], ['CAC 28', 'FS36270 Neutral Grey', '#fff', 'Matt', 'Enamel'], ['CAC 29', 'FS36492 Light Grey', '#fff', 'Matt', 'Enamel'], ['CAC 30', 'FS34227 Light Green', '#fff', 'Matt', 'Enamel'], ['CAC 31', 'FS35526 Grey', '#fff', 'Matt', 'Enamel'], ['CAC 32', 'FS34092 Dark Green', '#fff', 'Matt', 'Enamel'], ['CAC 33', 'FS34087 Olive Drab', '#fff', 'Matt', 'Enamel'], ['CAC 34', 'FS36495 Light Grey', '#fff', 'Matt', 'Enamel'], ['CAC 35', 'FS13655 Blue Angels Yellow', '#fff', 'Matt', 'Enamel'], ['CAC 36', 'FS35042 SR-71 Blue-Black', '#fff', 'Matt', 'Enamel'], ['CB 01', 'Light Earth', '#fff', 'Matt', 'Enamel'], ['CB 02', 'Light Green', '#fff', 'Matt', 'Enamel'], ['CB 03', 'Dark Earth', '#fff', 'Matt', 'Enamel'], ['CB 04', 'Dark Green', '#fff', 'Matt', 'Enamel'], ['CB 05', 'Ocean Grey', '#fff', 'Matt', 'Enamel'], ['CB 06', 'Medium Sea\ufeff\ufeff\ufeff Grey', '#fff', 'Matt', 'Enamel'], ['CB 07', '\ufeffD\ufeffark \ufeffSea Gre\ufeffy', '#fff', 'Matt', 'Enamel'], ['CB 08', 'Extra Dark Sea Grey', '#fff', 'Matt', 'Enamel'], ['CB 09', 'Light Slate Grey', '#fff', 'Matt', 'Enamel'], ['CB 10', 'Dark Slate Grey', '#fff', 'Matt', 'Enamel'], ['CB 11', 'Dark Sea Green', '#fff', 'Matt', 'Enamel'], ['CB 12', 'Extra Dark Sea Green', '#fff', 'Matt', 'Enamel'], ['CB 13', 'Sky Type S', '#fff', 'Matt', 'Enamel'], ['CB 14', 'Sky Grey', '#fff', 'Matt', 'Enamel'], ['CB 15', 'Sky Blue', '#fff', 'Matt', 'Enamel'], ['CB 16', 'Deep Sky', '#fff', 'Matt', 'Enamel'], ['CB 17', 'Azure Blue', '#fff', 'Matt', 'Enamel'], ['CB 18', 'Light Mediterranean Blue\ufeff', '#fff', 'Matt', 'Enamel'], ['CB 19', 'Dark Mediterranean Blue\ufeff', '#fff', 'Matt', 'Enamel'], ['CB 20', 'PRU Blue', '#fff', 'Matt', 'Enamel'], ['CB 21', 'PRU Mauve', '#4b464c', 'Matt', 'Enamel'], ['CB 22', 'Middle Stone', '#fff', 'Matt', 'Enamel'], ['CB 23', 'Cockpit Green', '#fff', 'Matt', 'Enamel'], ['CB 24', 'NIVO', '#fff', 'Matt', 'Enamel'], ['CB 25', 'Sea Blue', '#fff', 'Matt', 'Enamel'], ['CB 26', 'Night', '#fff', 'Matt', 'Enamel'], ['CB 27', 'Ident Yellow', '#fff', 'Matt', 'Enamel'], ['CB 28', 'Ident Green', '#fff', 'Matt', 'Enamel'], ['CB 29', 'Bright Ident Red', '#fff', 'Matt', 'Enamel'], ['CB 30', 'Bright Ident Blue', '#fff', 'Matt', 'Enamel'], ['CB 31', 'D\ufeffull Ident Red', '#fff', 'Matt', 'Enamel'], ['CB 32', 'Dull Ident Blu\ufeffe', '#fff', 'Matt', 'Enamel'], ['CB 33', 'PRU Pink', '#f0d3ca', 'Matt', 'Enamel'], ['CB 34', 'Supermarine Grey', '#fff', 'Matt', 'Enamel'], ['CBA 01', 'Dark Green', '#fff', 'Matt', 'Enamel'], ['CBA 02', 'Desert Tan', '#fff', 'Matt', 'Enamel'], ['CBA 03', 'Dull Blue', '#fff', 'Matt', 'Enamel'], ['CBA 04', 'Dark Earth', '#fff', 'Matt', 'Enamel'], ['CBA 05', 'Dark Grey Blue', '#fff', 'Matt', 'Enamel'], ['CBA 06', 'Light Olive', '#fff', 'Matt', 'Enamel'], ['CBA 06', 'Light Olive', '#fff', 'Matt', 'Enamel'], ['CBA 07', 'Pale Cream Interior', '#fff', 'Matt', 'Enamel'], ['CBB 01', 'PC10', '#fff', 'Matt', 'Enamel'], ['CBB 02', 'PC12', '#fff', 'Matt', 'Enamel'], ['CBB 03', 'V84', '#fff', 'Matt', 'Enamel'], ['CBB 04', 'Clear Doped Linen', '#fff', 'Matt', 'Enamel'], ['CBC 01', 'BSC381C/627 Light Aircraft Grey', '#fff', 'Matt', 'Enamel'], ['CBC 02', 'BS4800/10B21 Hemp', '#fff', 'Matt', 'Enamel'], ['CBC 03', 'BSC381C/450 Dark Earth', '#fff', 'Matt', 'Enamel'], ['CBC 04', 'BSC381C/641 Dark Green', '#fff', 'Matt', 'Enamel'], ['CBC 05', 'BS4800/18B21 Barley Grey', '#fff', 'Matt', 'Enamel'], ['CBC 06', 'BSC381C/637 Medium Sea Grey', '#fff', 'Matt', 'Enamel'], ['CBC 07', 'BSC381C/638 Dark Sea Grey', '#fff', 'Matt', 'Enamel'], ['CBC 08', 'BSC381C/640 Extra Dark Sea Grey', '#fff', 'Matt', 'Enamel'], ['CBC 09', 'Pale Ident Red 1\ufeff', '#fff', 'Matt', 'Enamel'], ['CBC 10', 'Pale Ident Red 2', '#fff', 'Matt', 'Enamel'], ['CBC 11', 'Pale Ident Blue 1', '#fff', 'Matt', 'Enamel'], ['CBC 12', 'Pale Ident Blue 2', '#fff', 'Matt', 'Enamel'], ['CBC 13', 'BSC381C/210 Sky', '#fff', 'Matt', 'Enamel'], ['CBC 14', 'BSC381C/285 N.A.T.O. Green', '#fff', 'Matt', 'Enamel'], ['CBC 15', 'BSC381C/298 Olive Green (RN)', '#fff', 'Matt', 'Enamel'], ['CBC 16', 'BSC381C/105 Oxford Blue', '#fff', 'Matt', 'Enamel'], ['CBC 17', 'BSC381C/537 Signal Red', '#fff', 'Matt', 'Enamel'], ['CBC 18', 'BSC381C/633 RAF Blue Grey', '#fff', 'Matt', 'Enamel'], ['CBC 19', 'BSC381C/636 PRU Blue', '#fff', 'Matt', 'Enamel'], ['CBC 20', 'Pale ID Red 3', '#fff', 'Matt', 'Enamel'], ['CBC 21', 'Pale ID Blue 3', '#fff', 'Matt', 'Enamel'], ['CBC 22', 'BSC381C/361 Light Stone', '#fff', 'Matt', 'Enamel'], ['CBC 23', 'BSC381C/356 Golden Yellow', '#fff', 'Matt', 'Enamel'], ['CBC 24', 'BSC381C/108 ID Bright Blue', '#fff', 'Matt', 'Enamel'], ['CBC 25', 'BSC381C/632 Dark Admiralty Grey', '#fff', 'Matt', 'Enamel'], ['CBC 26', 'BSC381C/697 Light Admiralty Grey', '#fff', 'Matt', 'Enamel'], ['CBC 27', 'BSC381C/631 Light Grey', '#fff', 'Matt', 'Enamel'], ['CBC 28', 'BSC381C/110 Roundel Blue', '#fff', 'Matt', 'Enamel'], ['CBC 29', 'BSC381C/360 Deep Buff', '#fff', 'Matt', 'Enamel'], ['CCA 01', 'Boeing Grey', '#fff', 'Matt', 'Enamel'], ['CF 01', 'Vert Fonce', '#fff', 'Matt', 'Enamel'], ['CF 02', 'Vert', '#fff', 'Matt', 'Enamel'], ['CF 03', 'Ombre Calcin├⌐e', '#fff', 'Matt', 'Enamel'], ['CF 04', 'Gris Bleu Fonce', '#fff', 'Matt', 'Enamel'], ['CF 05', 'Gris Bleu Clair', '#fff', 'Matt', 'Enamel'], ['CF 06', 'Gris Bleu Ciel', '#fff', 'Matt', 'Enamel'], ['CF 07', 'Bleu Ciel', '#fff', 'Matt', 'Enamel'], ['CF 08', 'Terre de Sienne', '#fff', 'Matt', 'Enamel'], ['CF 09', 'Sienne Naturelle', '#fff', 'Matt', 'Enamel'], ['CF 10', 'Kaki', '#fff', 'Matt', 'Enamel'], ['CF 11', 'Vert Tableau', '#fff', 'Matt', 'Enamel'], ['CF 12', 'Noir Bleute', '#fff', 'Matt', 'Enamel'], ['CF 13', 'Noir', '#fff', 'Matt', 'Enamel'], ['CF 14', 'Emailite Vert', '#fff', 'Matt', 'Enamel'], ['CF 15', 'Vert Fonce 2', '#fff', 'Matt', 'Enamel'], ['CF 16', 'Chocolat', '#fff', 'Matt', 'Enamel'], ['CF 17', 'Brun', '#fff', 'Matt', 'Enamel'], ['CF 18', 'Bleu de Nuit', '#fff', 'Matt', 'Enamel'], ['CF 19', 'Gris Vert Clair', '#fff', 'Matt', 'Enamel'], ['CF 20', 'Gris Clair', '#fff', 'Matt', 'Enamel'], ['CF 21', 'Gris Fonce', '#fff', 'Matt', 'Enamel'], ['CF 22', 'Vert Fonce 3', '#fff', 'Matt', 'Enamel'], ['CF 23', 'Brun Sienne', '#fff', 'Matt', 'Enamel'], ['CF 24', 'Enduit Jaune', '#fff', 'Matt', 'Enamel'], ['CF 25', 'Argent', '#fff', 'Metallic', 'Enamel'], ['CF 26', 'Jaune Insignes', '#fff', 'Matt', 'Enamel'], ['CF 27', 'Rouge Insignes', '#fff', 'Matt', 'Enamel'], ['CF 28', 'Blanc Insignes', '#fff', 'Matt', 'Enamel'], ['CF 29', 'Bleu Insignes', '#fff', 'Matt', 'Enamel'], ['CF 30', 'Bleu de Mirage', '#fff', 'Matt', 'Enamel'], ['CFI 01', 'Grey Green', '#fff', 'Matt', 'Enamel'], ['CFI 02', 'Dark Olive Green', '#fff', 'Matt', 'Enamel'], ['CFI 03', 'Light Olive Green', '#fff', 'Matt', 'Enamel'], ['CFI 04', 'Black', '#fff', 'Matt', 'Enamel'], ['CFI 05', 'Light Blue', '#fff', 'Matt', 'Enamel'], ['CFI 06', 'Light Grey', '#fff', 'Matt', 'Enamel'], ['CFI 07', 'Very Light Grey', '#fff', 'Matt', 'Enamel'], ['CFI 08', 'BS381C/437 Dark Drab', '#fff', 'Matt', 'Enamel'], ['CFI 09', 'BS381C/222 Lt. Bronze Green', '#fff', 'Matt', 'Enamel'], ['CG 01', 'RLM 01 Silber', '#fff', 'Metallic', 'Enamel'], ['CG 02', 'RLM 02 Grau', '#fff', 'Matt', 'Enamel'], ['CG 03', 'RLM 04 Gelb', '#fff', 'Matt', 'Enamel'], ['CG 04', 'RLM 23 Rot', '#fff', 'Matt', 'Enamel'], ['CG 05', 'RLM 24 Dunkelblau', '#fff', 'Matt', 'Enamel'], ['CG 06', 'RLM 25 Gr├╝n', '#fff', 'Matt', 'Enamel'], ['CG 07', 'RLM 28 Weinrot', '#fff', 'Matt', 'Enamel'], ['CG 08', 'RLM 61 Dunkelbraun', '#fff', 'Matt', 'Enamel'], ['CG 09', 'RLM 62 Gr├╝n', '#fff', 'Matt', 'Enamel'], ['CG 10', 'RLM 63 Grau', '#fff', 'Matt', 'Enamel'], ['CG 11', 'RLM 65 Hellblau', '#fff', 'Matt', 'Enamel'], ['CG 12', 'RLM 66 Schwarzgrau', '#fff', 'Matt', 'Enamel'], ['CG 13', 'RLM 70 Schwarzgr├╝n', '#fff', 'Matt', 'Enamel'], ['CG 14', 'RLM 71 Dunkelgr├╝n', '#fff', 'Matt', 'Enamel'], ['CG 15', 'RLM 72 Gr├╝n', '#fff', 'Matt', 'Enamel'], ['CG 16', 'RLM 73 Gr├╝n', '#fff', 'Matt', 'Enamel'], ['CG 17', 'RLM 74 Graugr├╝n\ufeff', '#fff', 'Matt', 'Enamel'], ['CG 18', 'RLM 75 Grauviolett', '#fff', 'Matt', 'Enamel'], ['CG 19', 'RLM 76 Hellgrau', '#fff', 'Matt', 'Enamel'], ['CG 20', 'RLM 78 Himmelblau', '#fff', 'Matt', 'Enamel'], ['CG 21', 'RLM 79 Sandgelb', '#fff', 'Matt', 'Enamel'], ['CG 22', 'RLM 79a Sandbraun', '#fff', 'Matt', 'Enamel'], ['CG 23', 'RLM 80 Olivgr├╝n', '#fff', 'Matt', 'Enamel'], ['CG 24', 'RLM 80a Mittelbraun', '#fff', 'Matt', 'Enamel'], ['CG 25', 'RLM 81 Braunviolett', '#fff', 'Matt', 'Enamel'], ['CG 26', 'RLM 82 Dunkelgr├╝n (actually 83)', '#fff', 'Matt', 'Enamel'], ['CG 27', 'RLM 83 Hellgr├╝n (actually 82)', '#fff', 'Matt', 'Enamel'], ['CG 28', 'RLM 05 Elfenbein', '#fff', 'Matt', 'Enamel'], ['CG 29', 'RLM 21 Wei├ƒ', '#fff', 'Matt', 'Enamel'], ['CG 30', 'RLM 22 Schwarz', '#fff', 'Matt', 'Enamel'], ['CG 31', 'RLM 26 Braun', '#fff', 'Matt', 'Enamel'], ['CG 32', 'RLM 27 Gelb', '#fff', 'Matt', 'Enamel'], ['CG 33', 'RLM 77 Hellgrau', '#fff', 'Matt', 'Enamel'], ['CG 34', 'RLM 09/99 Gelbgr├╝n', '#fff', 'Matt', 'Enamel'], ['CG 35', 'RLM 69 Lichtichfarbe', '#fff', 'Matt', 'Enamel'], ['CG 36', 'RLM 41 Grau', '#fff', 'Matt', 'Enamel'], ['CGA 01', 'German Gre\ufeffy', '#fff', 'Matt', 'Enamel'], ['CGA 02', 'German Green', '#fff', 'Matt', 'Enamel'], ['CGA 03', 'Dark Red Brown', '#fff', 'Matt', 'Enamel'], ['CGA 04', 'Panzer Grey', '#fff', 'Matt', 'Enamel'], ['CGA 05', 'Earth', '#fff', 'Matt', 'Enamel'], ['CGA 06', 'Desert \ufeffYello\ufeffw\ufeff', '#fff', 'Matt', 'Enamel'], ['CGA 07', 'Dark Green\ufeff', '#fff', 'Matt', 'Enamel'], ['CGA 08', 'Grey Green', '#fff', 'Matt', 'Enamel'], ['CGA 09', 'Africa Yellow', '#fff', 'Matt', 'Enamel'], ['CGA 10', 'Gre\ufeffen Overspr\ufeff\ufeffay', '#fff', 'Matt', 'Enamel'], ['CGA 11', 'Dark Yellow', '#fff', 'Matt', 'Enamel'], ['CGA 12', 'Red\ufeff B\ufeffro\ufeffw\ufeff\ufeff\ufeff\ufeffn\ufeff', '#fff', 'Matt', 'Enamel'], ['CGC 01', 'RAL 9001 Silbergrau', '#fff', 'Matt', 'Enamel'], ['CGC 02', 'RAL 6014 Grun', '#fff', 'Matt', 'Enamel'], ['CGC 03', 'RAL 7012 Grau', '#fff', 'Matt', 'Enamel'], ['CGC 04', 'RAL 7001 Grau', '#fff', 'Matt', 'Enamel'], ['CGC 05', 'RAL 7009 Grungrau', '#fff', 'Matt', 'Enamel'], ['CGC 06', 'RAL 7030 Steingrau', '#fff', 'Matt', 'Enamel'], ['CGC 07', 'RAL 7037 Staubgrau', '#fff', 'Matt', 'Enamel'], ['CGC 08', 'RAL 7039 Quartzgrau', '#fff', 'Matt', 'Enamel'], ['CI 04', 'Giallo Mimetico 2', '#fff', 'Matt', 'Enamel'], ['CI 05', 'Giallo Mimetico 3', '#fff', 'Matt', 'Enamel'], ['CIS 01', 'FS34064 Dark Green', '#fff', 'Matt', 'Enamel'], ['CIS 02', 'FS33434 Sand Yellow', '#fff', 'Matt', 'Enamel'], ['CIS 03', 'FS35177 Light Mediterranean Blue', '#fff', 'Matt', 'Enamel'], ['CIS 04', 'FS37038 Black', '#fff', 'Matt', 'Enamel'], ['CIS 05', 'FS37722 White', '#fff', 'Matt', 'Enamel'], ['CIS 06', 'FS31302 Red', '#fff', 'Matt', 'Enamel'], ['CIS 07', 'FS35056 Insignia Blue', '#fff', 'Matt', 'Enamel'], ['CIS 08', 'FS34227 Light Green', '#fff', 'Matt', 'Enamel'], ['CIS 09', 'FS35622 Light Blue', '#fff', 'Matt', 'Enamel'], ['CIS 10', 'FS34424 Light Grey/Green', '#fff', 'Matt', 'Enamel'], ['CIS 11', 'FS32246 Orange', '#fff', 'Matt', 'Enamel'], ['CIS 12', 'FS37178 Aluminium', '#fff', 'Metallic', 'Enamel'], ['CIS 13', 'FS30219 Light Earth', '#fff', 'Matt', 'Enamel'], ['CIS 14', 'FS33531 Light Stone', '#fff', 'Matt', 'Enamel'], ['CIS 15', 'FS36375 Light Compass Grey', '#fff', 'Matt', 'Enamel'], ['CISA 02', 'FS30\ufeff3\ufeff\ufeff72\ufeff Sand Gray \ufeff', '#fff', 'Matt', 'Enamel'], ['CISA 03', 'FS34424 Gray Green', '#fff', 'Matt', 'Enamel'], ['CPR 01', 'Grey Etch Primer', '#fff', 'Matt', 'Enamel'], ['CR 04', 'Coach Crimson', '#fff', 'Matt', 'Enamel'], ['CR 07', 'Steam Loco Green', '#fff', 'Matt', 'Enamel'], ['CR 09', 'Early Bauxite', '#fff', 'Matt', 'Enamel'], ['CR 12', 'Rail Red', '#fff', 'Matt', 'Enamel'], ['CR 16', 'Root Grey', '#fff', 'Matt', 'Enamel'], ['CR 17', 'Light Grey Diesel Stripe', '#fff', 'Matt', 'Enamel'], ['CR 18', 'Yellow Green', '#fff', 'Matt', 'Enamel'], ['CR 19', 'Sherwood Green', '#fff', 'Matt', 'Enamel'], ['CR 20', 'Freight Crimson', '#fff', 'Matt', 'Enamel'], ['CR 21', 'Warning Panel Yellow', '#fff', 'Matt', 'Enamel'], ['CR 22', 'ScotRail Dark Grey', '#fff', 'Matt', 'Enamel'], ['CR 26', 'ScotRail Lining Blue', '#fff', 'Matt', 'Enamel'], ['CR 28', 'Deep Olive Green', '#fff', 'Matt', 'Enamel'], ['CR 34', 'Light Brown', '#fff', 'Matt', 'Enamel'], ['CR 55', 'Freight Red Oxide', '#fff', 'Matt', 'Enamel'], ['CR 56', 'LNER Coach Teak', '#fff', 'Matt', 'Enamel'], ['CR 61', 'SR Dark Olive\ufeff', '#fff', 'Matt', 'Enamel'], ['CR 62', 'Light Olive SR', '#fff', 'Matt', 'Enamel'], ['CR 63', 'SR Malachite Green', '#fff', 'Matt', 'Enamel'], ['CR 71', 'Adams Pea Green (LSWR)', '#fff', 'Matt', 'Enamel'], ['CR 72', 'Drummond Green', '#fff', 'Matt', 'Enamel'], ['CR 73', 'LSWR Coach Salmon', '#fff', 'Matt', 'Enamel'], ['CR 91', 'Deep Lake', '#fff', 'Matt', 'Enamel'], ['CR 94', 'Caledonian Loco Blue', '#fff', 'Matt', 'Enamel'], ['CR 105', 'Pullman Cream', '#fff', 'Matt', 'Enamel'], ['CR 120', 'Prussian Blue', '#fff', 'Matt', 'Enamel'], ['CR 134', 'LSE Light Brown', '#fff', 'Matt', 'Enamel'], ['CR 135', 'LSE Dark Brown', '#fff', 'Matt', 'Enamel'], ['CRS 05', 'Signal Red D', '#fff', 'Matt', 'Enamel'], ['CRS 07', 'Buffer Beam Vermillion', '#fff', 'Matt', 'Enamel'], ['CRS 11', 'Track Colour', '#fff', 'Matt', 'Enamel'], ['CRS 12', 'New Sleeper Grey', '#fff', 'Matt', 'Enamel'], ['CSE 01', 'Black', '#fff', 'Satin', 'Enamel'], ['CSE 02', 'White', '#fff', 'Satin', 'Enamel'], ['CSE 03', 'Polyurethane Varnish', '#fff', 'Varnish', 'Enamel'], ['CSF 01', 'Gold', '#fff', 'Metallic', 'Enamel'], ['CSF 02', 'Silver', '#fff', 'Metallic', 'Enamel'], ['CSF 03', 'Bronze', '#fff', 'Metallic', 'Enamel'], ['CSF 04', 'Copper', '#fff', 'Metallic', 'Enamel'], ['CSF 05', 'Aluminium', '#fff', 'Metallic', 'Enamel'], ['CSF 06', 'Duralumin', '#fff', 'Metallic', 'Enamel'], ['CSF 07', 'Rust', '#fff', 'Matt', 'Enamel'], ['CSF 08', 'Concrete', '#fff', 'Matt', 'Enamel'], ['CSF 09', 'Flesh', '#fff', 'Matt', 'Enamel'], ['CSF 10', 'Tyre Black', '#fff', 'Matt', 'Enamel'], ['CSF 11', 'Gunmetal', '#fff', 'Metallic', 'Enamel'], ['CSF 12', 'Metallic Green', '#fff', 'Metallic', 'Enamel'], ['CSF 13', 'Metallic Red', '#fff', 'Metallic', 'Enamel'], ['CSF 14', 'Metallic Blue', '#fff', 'Matt', 'Enamel'], ['CSF 15', 'Steel (Natural)', '#fff', 'Metallic', 'Enamel'], ['CSF 16', 'Steel (Oily)', '#fff', 'Metallic', 'Enamel'], ['CSF 17', 'Brass', '#fff', 'Metallic', 'Enamel'], ['CSF 18', 'Bridge Concrete', '#fff', 'Matt', 'Enamel'], ['CSF 26', 'Fluorescent Clear Protect', '#fff', 'Fluo', 'Enamel'], ['CSG 01', 'White', '#fff', 'Gloss', 'Enamel'], ['CSG 02', 'Black', '#fff', 'Gloss', 'Enamel'], ['CSG 03', 'Extra Dark Grey', '#fff', 'Gloss', 'Enamel'], ['CSG 04', 'Dark Grey', '#fff', 'Gloss', 'Enamel'], ['CSG 05', 'Medium Grey', '#fff', 'Gloss', 'Enamel'], ['CSG 06', 'Light Grey', '#fff', 'Gloss', 'Enamel'], ['CSG 07', 'Dark Green', '#fff', 'Gloss', 'Enamel'], ['CSG 08', 'Bright Green', '#fff', 'Gloss', 'Enamel'], ['CSG 09', 'Sky Green', '#fff', 'Gloss', 'Enamel'], ['CSG 10', 'Dark Brown', '#fff', 'Gloss', 'Enamel'], ['CSG 11', 'Light Brown', '#fff', 'Gloss', 'Enamel'], ['CSG 12', 'Biscuit', '#fff', 'Gloss', 'Enamel'], ['CSG 13', 'Stone', '#fff', 'Gloss', 'Enamel'], ['CSG 14', 'Light Blue', '#fff', 'Gloss', 'Enamel'], ['CSG 15', 'Yellow', '#fff', 'Gloss', 'Enamel'], ['CSG 16', 'Cream', '#fff', 'Gloss', 'Enamel'], ['CSG 17', 'Lime Green', '#fff', 'Gloss', 'Enamel'], ['CSG 18', 'Bright Red', '#fff', 'Gloss', 'Enamel'], ['CSG 19', 'Orange', '#fff', 'Gloss', 'Enamel'], ['CSG 23', 'Mid Blue', '#fff', 'Gloss', 'Enamel'], ['CSM 01', 'Black', '#fff', 'Matt', 'Enamel'], ['CSM 02', 'White', '#fff', 'Matt', 'Enamel'], ['CSM 03', 'Light Grey', '#fff', 'Matt', 'Enamel'], ['CSM 04', 'Slate', '#fff', 'Matt', 'Enamel'], ['CSM 05', 'Field Grey', '#fff', 'Matt', 'Enamel'], ['CSM 06', 'Dark Grey', '#fff', 'Matt', 'Enamel'], ['CSM 07', 'Olive Drab', '#fff', 'Matt', 'Enamel'], ['CSM 08', 'Scarlet', '#fff', 'Matt', 'Enamel'], ['CSM 09', 'Apricot', '#fff', 'Matt', 'Enamel'], ['CSM 10', 'San\ufeffd\ufeff', '#fff', 'Matt', 'Enamel'], ['CSM 11', 'Brick Red', '#fff', 'Matt', 'Enamel'], ['CSM 12', 'Khaki', '#fff', 'Matt', 'Enamel'], ['CSM 13', 'Ochre', '#fff', 'Matt', 'Enamel'], ['CSM 14', 'Dark Green', '#fff', 'Matt', 'Enamel'], ['CSM 15', 'Blue Green', '#fff', 'Matt', 'Enamel'], ['CSM 16', 'Grass Green', '#fff', 'Matt', 'Enamel'], ['CSM 17', 'Blue Grey', '#fff', 'Matt', 'Enamel'], ['CSM 18', 'Cerulean Blue', '#fff', 'Matt', 'Enamel'], ['CSM 19', 'Dark Blue Grey', '#fff', 'Matt', 'Enamel'], ['CSM 20', 'Cobalt Blue', '#fff', 'Matt', 'Enamel'], ['CSM 21', 'Midnight Blue', '#fff', 'Matt', 'Enamel'], ['CSM 22', 'Ultramarine', '#fff', 'Matt', 'Enamel'], ['CSM 23', 'Polyurethane Varnish', '#fff', 'Varnish', 'Enamel'], ['CSW 01', 'Morkgron 326M', '#fff', 'Matt', 'Enamel'], ['CSW 02', 'Ljusgron 322M', '#fff', 'Matt', 'Enamel'], ['CSW 03', 'Brun 507M', '#fff', 'Matt', 'Enamel'], ['CSW 04', 'Svart 093M', '#fff', 'Matt', 'Enamel'], ['CSW 05', 'Blagra 058M', '#fff', 'Matt', 'Enamel'], ['PSF 10', 'RAL 5012 Lichtblau', '#fff', 'Matt', 'Enamel'], ['PSF 11', 'RAL 7000 Fehrgrau', '#fff', 'Matt', 'Enamel']], 'CreateFX': [['Blue', 'Testors', '#fff', 'Gloss', 'Enamel'], ['79303', 'FX Oil & Grease Stain', '#fff', 'Gloss', 'Enamel'], ['79305', 'FX Concrete Stain', '#fff', 'Matt', 'Enamel'], ['79306', 'Mud Stain', '#fff', 'Matt', 'Enamel'], ['79307', 'FX Natural Stain', '#fff', 'Matt', 'Enamel'], ['79308', 'FX Rust #1 Stain', '#fff', 'Gloss', 'Enamel'], ['79309', 'FX Brown Stain', '#fff', None, 'Enamel'], ['79310', 'FX Driftwood Stain', '#fff', None, 'Enamel'], ['79313', 'FX Rust #2 Stain', '#fff', 'Gloss', 'Enamel'], ['282215', 'FX Mud Stain E/F', '#fff', 'Gloss', 'Enamel'], ['282216', 'FX Natural Stain E/F', '#fff', 'Gloss', 'Enamel'], ['79300', 'FX Gray Stain', '#fff', 'Matt', 'Enamel'], ['79301', 'FX Winter Stain', '#fff', 'Matt', 'Enamel'], ['79302', 'Wet Effect Stain', '#fff', 'Matt', 'Enamel'], ['79304', 'FX Green Stain', '#fff', 'Matt', 'Enamel'], ['79305', 'FX Concrete Stain', '#fff', 'Matt', 'Enamel'], ['79311', 'Dark Gray Stain', '#fff', 'Matt', 'Enamel'], ['79312', 'Black Stain', '#fff', 'Matt', 'Enamel'], ['79313', 'FX Rust #2 Stain', '#fff', None, 'Enamel'], ['FX Aluminum', 'Testors', '#fff', 'Metallic', 'Enamel'], ['FX Green', 'Testors', '#fff', 'Gloss', 'Enamel'], ['FX Steel', 'Testors', '#fff', 'Metallic', 'Enamel'], ['Yellow', 'Testors', '#fff', 'Gloss', 'Enamel'], ['79407', 'FX Olive Green Wash', '#fff', 'Matt', 'Acrylic'], ['79408', 'FX Driftwood Wash', '#fff', 'Matt', 'Acrylic'], ['79409', 'FX Oak Wash', '#fff', 'Matt', 'Acrylic'], ['79410', 'FX Pine Wash', '#fff', 'Matt', 'Acrylic'], ['79413', 'FX Black Wash', '#fff', 'Matt', 'Acrylic'], ['79400', 'FX Teak Wash', '#fff', 'Matt', 'Acrylic'], ['79406', 'Mahogany Wash', '#fff', 'Matt', 'Acrylic'], ['79412', 'Blue Wash', '#fff', 'Matt', 'Acrylic']], 'Createx Airbrush Colors': [['5102', 'Violet', None, 'Matt', 'Acrylic'], ['5103', 'Red Violet', None, 'Matt', 'Acrylic'], ['5104', 'Caribbean Blue', None, 'Matt', 'Acrylic'], ['5106', 'Brite Blue', None, 'Matt', 'Acrylic'], ['5107', 'Ultramarine Blue', None, 'Matt', 'Acrylic'], ['5108', 'Deep Blue', None, 'Matt', 'Acrylic'], ['5109', 'Transparent Brite Green', None, 'Matt', 'Acrylic'], ['5110', 'Forest Green', None, 'Matt', 'Acrylic'], ['5110', 'Aqua', None, 'Matt', 'Acrylic'], ['5112', 'Turquoise', None, 'Matt', 'Acrylic'], ['5113', 'Sunrise Yellow', None, 'Matt', 'Acrylic'], ['5114', 'Brite Yellow', None, 'Matt', 'Acrylic'], ['5115', 'Leaf Green', None, 'Matt', 'Acrylic'], ['5116', 'Tropical Green', None, 'Matt', 'Acrylic'], ['5117', 'Brite Red', None, 'Matt', 'Acrylic'], ['5118', 'Sunset Red', None, 'Matt', 'Acrylic'], ['5119', 'Orange', None, 'Matt', 'Acrylic'], ['5121', 'Flamingo Pink', None, 'Matt', 'Acrylic'], ['5122', 'Fuchsia', None, 'Matt', 'Acrylic'], ['5123', 'Burgundy', None, 'Matt', 'Acrylic'], ['5124', 'Deep Red', None, 'Matt', 'Acrylic'], ['5125', 'Peach', None, 'Matt', 'Acrylic'], ['5126', 'Sand', None, 'Matt', 'Acrylic'], ['5127', 'Light Brown', None, 'Matt', 'Acrylic'], ['5128', 'Dark Brown', None, 'Matt', 'Acrylic'], ['5129', 'Medium Gray', None, 'Matt', 'Acrylic'], ['5131', 'White', None, 'Matt', 'Acrylic'], ['5132', 'Black', None, 'Matt', 'Acrylic'], ['5133', 'Canary Yellow', None, 'Matt', 'Acrylic'], ['5134', 'Maui Blue', None, 'Matt', 'Acrylic'], ['5135', 'Purple', None, 'Matt', 'Acrylic'], ['5136', 'Red Oxide', None, 'Matt', 'Acrylic'], ['5137', 'Crimson', None, 'Matt', 'Acrylic'], ['5138', 'Carmine', None, 'Matt', 'Acrylic'], ['5201', 'Blue', None, 'Matt', 'Acrylic'], ['5202', 'Purple', None, 'Matt', 'Acrylic'], ['5203', 'Lilac', None, 'Matt', 'Acrylic'], ['5204', 'Yellow', None, 'Matt', 'Acrylic'], ['5205', 'Light Green', None, 'Matt', 'Acrylic'], ['5206', 'Aqua', None, 'Matt', 'Acrylic'], ['5207', 'Sky Blue', None, 'Matt', 'Acrylic'], ['5208', 'Coral', None, 'Matt', 'Acrylic'], ['5210', 'Red', None, 'Matt', 'Acrylic'], ['5211', 'Black', None, 'Matt', 'Acrylic'], ['5212', 'White', None, 'Matt', 'Acrylic'], ['5301', 'Purple', None, 'Pearl', 'Acrylic'], ['5302', 'Magenta', None, 'Pearl', 'Acrylic'], ['5303', 'Turquoise', None, 'Pearl', 'Acrylic'], ['5304', 'Blue', None, 'Pearl', 'Acrylic'], ['5305', 'Green', None, 'Pearl', 'Acrylic'], ['5306', 'Copper', None, 'Pearl', 'Acrylic'], ['5307', 'Satin Gold', None, 'Matt', 'Acrylic'], ['5308', 'Silver', None, 'Pearl', 'Acrylic'], ['5309', 'Red', None, 'Pearl', 'Acrylic'], ['5310', 'White', None, 'Pearl', 'Acrylic'], ['5311', 'Pineapple', None, 'Pearl', 'Acrylic'], ['5312', 'Tangerine', None, 'Pearl', 'Acrylic'], ['5313', 'Lime', None, 'Textured', 'Acrylic'], ['5314', 'Plum', None, 'Pearl', 'Acrylic'], ['5315', 'Black', None, 'Pearl', 'Acrylic'], ['5316', 'Platinum', None, 'Pearl', 'Acrylic'], ['5317', 'Lime Ice', None, 'Pearl', 'Acrylic'], ['5401', 'Violet', None, 'Fluo', 'Acrylic'], ['5402', 'Raspberry', None, 'Fluo', 'Acrylic'], ['5403', 'Blue', None, 'Fluo', 'Acrylic'], ['5404', 'Green', None, 'Matt', 'Acrylic'], ['5405', 'Yellow', None, 'Fluo', 'Acrylic'], ['5406', 'Magenta', None, 'Fluo', 'Acrylic'], ['5407', 'Hot Pink', None, 'Fluo', 'Acrylic'], ['5408', 'Red', None, 'Fluo', 'Acrylic'], ['5409', 'Orange', None, 'Fluo', 'Acrylic'], ['5410', 'Sunburst', None, 'Fluo', 'Acrylic'], ['5501', 'Irid Red', None, 'Iridescent', 'Acrylic'], ['5502', 'Irid Scarlet', None, 'Iridescent', 'Acrylic'], ['5503', 'Irid Yellow', None, 'Iridescent', 'Acrylic'], ['5504', 'Irid Turquoise', None, 'Iridescent', 'Acrylic'], ['5505', 'Irid Electric Blue', None, 'Iridescent', 'Acrylic'], ['5506', 'Irid Violet', None, 'Iridescent', 'Acrylic'], ['5507', 'Irid Green', None, 'Iridescent', 'Acrylic'], ['5508', 'Irid Fuchsia', None, 'Iridescent', 'Acrylic'], ['5601', 'Transparent Base', None, 'Matt', 'Acrylic'], ['5602', 'Opaque Base', None, 'Matt', 'Acrylic'], ['5603', 'Matt Top Coat', None, 'Varnish', 'Acrylic'], ['5604', 'Gloss Top Coat', None, 'Varnish', 'Acrylic'], ['4207', 'Semi-Opaque Deep Red', '#960000', 'Gloss', 'Acrylic'], ['4331', 'Metallic White (Coarse)', '#fff', 'Gloss', 'Acrylic']], 'Createx Colors': [['4008', 'Createx 4008 Airbrush Paint Cleaner/Restorer', None, 'Cleaners', None], ['W302', 'Pearl Yellow', '#fff', 'Gloss', 'Enamel'], ['4004', 'Transparent Base', '#fff', 'Matt', 'Acrylic'], ['4655', 'Marine Blue Candy2O Auto-Air Colors', '#fff', 'Gloss', 'Acrylic'], ['4258', 'Createx Auto-Air Colors Gloss Black 4258 Custom Airbrush', None, 'Gloss', 'Acrylic'], ['White', 'Auto Borne Sealer', '#fff', 'Matt', 'Acrylic'], ['4012', 'High Performance Reducer', '#fff', None, 'Acrylic'], ['4030', 'Mix Additive Balancing Clear', '#fff', None, 'Acrylic'], ['W002', 'Black', '#fff', 'Matt', 'Acrylic'], ['W003', 'Yellow', '#fff', 'Matt', 'Acrylic'], ['W005', 'Red', '#fff', 'Matt', 'Acrylic'], ['W007', 'Blue', '#fff', 'Matt', 'Acrylic'], ['W030', 'Opaque White', '#fff', 'Matt', 'Acrylic'], ['4104', 'Createx Auto-air Quicksilver Chrome 4104', None, 'Metallic', 'Acrylic'], ['W302', 'Pearl Yellow', '#fff', 'Gloss', 'Acrylic'], ['W302', 'Pearl Yellow', '#fff', 'Gloss', 'Acrylic'], ['0011', 'Wicked Golden Yellow', '#fff', 'Gloss', 'Acrylic'], ['0100', 'Wicked Reducer', '#fff', 'Matt', 'Acrylic'], ['4011', '4011 Reducer Water-Based', None, 'Thinners', 'Acrylic'], ['4013', '4013 Reducer Water-Based', None, 'Thinners', 'Acrylic'], ['4050', 'UVLS Clear', None, 'Varnish', 'Acrylic'], ['5109', 'Brite Green - Transparent', None, 'Gloss', 'Acrylic'], ['5117', 'Brite Red - Transparent', None, 'Gloss', 'Acrylic'], ['5607', 'Retarder', '#fff', 'Retarders', 'Acrylic'], ['5620', 'Clear Coat Gloss', '#fff', 'Gloss', 'Acrylic'], ['W004', 'Wicked Orange', '#fff', 'Matt', 'Acrylic'], ['W005', 'Wicked Red', '#fff', 'Matt', 'Acrylic'], ['W007', 'Wicked Blue', '#fff', 'Matt', 'Acrylic'], ['W030', 'Wicked Opaque White', '#fff', 'Matt', 'Acrylic'], ['W305', 'Pearl Lime Green', '#fff', 'Matt', 'Acrylic'], ['4011', '4011 Reducer Water-Based', None, 'Thinners', 'Acrylic'], ['4013', '4013 Reducer Water-Based', None, 'Thinners', 'Acrylic'], ['4011', '4011 Reducer Water-Based', None, 'Thinners', 'Acrylic'], ['4013', '4013 Reducer Water-Based', None, 'Thinners', 'Acrylic'], ['4011', '4011 Reducer Water-Based', None, 'Thinners', 'Acrylic'], ['4013', '4013 Reducer Water-Based', None, 'Thinners', 'Acrylic'], ['4011', '4011 Reducer Water-Based', None, 'Thinners', 'Acrylic'], ['4013', '4013 Reducer Water-Based', None, 'Thinners', 'Acrylic'], ['4020', '4020 Automotive Reducer', None, 'Thinners', None], ['4020', '4020 Reducer', None, 'Thinners', None], ['4020', '4020 Automotive Reducer', None, 'Thinners', None], ['4020', '4020 Automotive Reducer', None, 'Thinners', None], ['4020', '4020 Automotive Reducer', None, 'Thinners', None]], 'Createx Wicked': [['4004', 'Transparent Base', None, 'Matt', 'Acrylic'], ['W001', 'White', None, 'Matt', 'Acrylic'], ['W002', 'Black', '#0c0c0e', 'Matt', 'Acrylic'], ['W003', 'Yellow', '#f0c306', 'Matt', 'Acrylic'], ['W004', 'Orange', '#e9451f', 'Matt', 'Acrylic'], ['W004', 'Red', None, 'Matt', 'Acrylic'], ['W005', 'Violet', None, 'Matt', 'Acrylic'], ['W007', 'Blue', None, 'Matt', 'Acrylic'], ['W008', 'Deep Blue', None, 'Matt', 'Acrylic'], ['W009', 'Phthalo Green', None, 'Matt', 'Acrylic'], ['W010', 'Brown', None, 'Matt', 'Acrylic'], ['W011', 'Golden Yellow', None, 'Matt', 'Acrylic'], ['W012', 'Red Oxide', None, 'Matt', 'Acrylic'], ['W013', 'Laguna Blue', None, 'Matt', 'Acrylic'], ['W014', 'Grey', None, 'Matt', 'Acrylic'], ['W015', 'Crimson', None, 'Matt', 'Acrylic'], ['W016', 'Apple Green', None, 'Matt', 'Acrylic'], ['W017', 'Gloss White', None, 'Gloss', 'Acrylic'], ['W018', 'Gloss Black', None, 'Gloss', 'Acrylic'], ['W019', 'Fluorescent Aqua', None, 'Fluo', 'Acrylic'], ['W020', 'Fluorescent Purple', None, 'Fluo', 'Acrylic'], ['W021', 'Fluorescent Raspberry', None, 'Matt', 'Acrylic'], ['W022', 'Fluorescent Red', None, 'Fluo', 'Acrylic'], ['W023', 'Fluorescent Green', None, 'Fluo', 'Acrylic'], ['W024', 'Fluorescent Yellow', None, 'Fluo', 'Acrylic'], ['W025', 'Fluorescent Sunburst', None, 'Fluo', 'Acrylic'], ['W026', 'Fluorescent Pink', None, 'Matt', 'Acrylic'], ['W027', 'Fluorescent Orange', None, 'Fluo', 'Acrylic'], ['W028', 'Fluorescent Blue', None, 'Fluo', 'Acrylic'], ['W029', 'Fluorescent Magenta', None, 'Fluo', 'Acrylic'], ['W030', 'Opaque White', None, 'Matt', 'Acrylic'], ['W031', 'Opaque Jet Black', None, 'Matt', 'Acrylic'], ['W050', 'Detail White', None, 'Matt', 'Acrylic'], ['W051', 'Detail Black', None, 'Matt', 'Acrylic'], ['W052', 'Detail Yellow', None, 'Matt', 'Acrylic'], ['W053', 'Detail Scarlet', None, 'Matt', 'Acrylic'], ['W054', 'Detail Orange', None, 'Matt', 'Acrylic'], ['W055', 'Detail Violet', None, 'Matt', 'Acrylic'], ['W056', 'Detail Red Violet', None, 'Matt', 'Acrylic'], ['W057', 'Detail Blue Violet', None, 'Matt', 'Acrylic'], ['W058', 'Detail Blue Green', None, 'Matt', 'Acrylic'], ['W059', 'Detail Moss Green', None, 'Matt', 'Acrylic'], ['W060', 'Detail Viridian', None, 'Matt', 'Acrylic'], ['W061', 'Detail Cobalt Blue', None, 'Matt', 'Acrylic'], ['W062', 'Detail Cerulean Blue', None, 'Matt', 'Acrylic'], ['W063', 'Detail Carmine', None, 'Matt', 'Acrylic'], ['W064', 'Detail Magenta', None, 'Matt', 'Acrylic'], ['W065', 'Detail Yellow Ochre', None, 'Matt', 'Acrylic'], ['W066', 'Detail Burnt Orange', None, 'Matt', 'Acrylic'], ['W067', 'Detail Raw Sienna', None, 'Matt', 'Acrylic'], ['W068', 'Detail Raw Umber', None, 'Matt', 'Acrylic'], ['W069', 'Detail Burnt Umber', None, 'Matt', 'Acrylic'], ['W070', 'Detail Sepia', None, 'Matt', 'Acrylic'], ['W071', 'Detail Paynes Grey', None, 'Matt', 'Acrylic'], ['W072', 'Detail Smoke Black', None, 'Matt', 'Acrylic'], ['W073', 'Detail Fleshtone', None, 'Matt', 'Acrylic'], ['W074', 'Detail Burnt Sienna', None, 'Matt', 'Acrylic'], ['W075', 'Detail Black Magenta', None, 'Matt', 'Acrylic'], ['W080', 'Opaque Hansa Yellow', None, 'Matt', 'Acrylic'], ['W081', 'Opaque Bismuth Vanadate Yellow', None, 'Matt', 'Acrylic'], ['W082', 'Opaque Pyrrole Orange', None, 'Matt', 'Acrylic'], ['W083', 'Opaque Pyrrole Red', None, 'Matt', 'Acrylic'], ['W084', 'Opaque Phthalo Green', None, 'Matt', 'Acrylic'], ['W085', 'Opaque Limelight Green', None, 'Matt', 'Acrylic'], ['W086', 'Opaque Phthalo Blue', None, 'Matt', 'Acrylic'], ['W087', 'Opaque Daylight Blue', None, 'Matt', 'Acrylic'], ['W088', 'Opaque Dioxazine Purple', None, 'Matt', 'Acrylic'], ['W089', 'Opaque Cream', None, 'Matt', 'Acrylic'], ['W210', 'UV Glow Base', None, 'Fluo', 'Acrylic'], ['W300', 'Pearl Black', None, 'Pearl', 'Acrylic'], ['W301', 'Pearl White', None, 'Pearl', 'Acrylic'], ['W302', 'Pearl Yellow', None, 'Pearl', 'Acrylic'], ['W303', 'Pearl Red', None, 'Pearl', 'Acrylic'], ['W304', 'Pearl Blue', None, 'Pearl', 'Acrylic'], ['W305', 'Pearl Lime Green', None, 'Pearl', 'Acrylic'], ['W306', 'Pearl Orange', None, 'Pearl', 'Acrylic'], ['W307', 'Pearl Plum', None, 'Pearl', 'Acrylic'], ['W308', 'Pearl Green', None, 'Pearl', 'Acrylic'], ['W309', 'Pearl Teal', None, 'Pearl', 'Acrylic'], ['W310', 'Pearl Magenta', None, 'Pearl', 'Acrylic'], ['W311', 'Pearl Purple', None, 'Pearl', 'Acrylic'], ['W312', 'Pearl Silver', None, 'Pearl', 'Acrylic'], ['W313', 'Pearl Gold', None, 'Pearl', 'Acrylic'], ['W350', 'Metallic Gold', None, 'Metallic', 'Acrylic'], ['W351', 'Metallic Silver', None, 'Metallic', 'Acrylic'], ['W352', 'Metallic Platinum', None, 'Metallic', 'Acrylic'], ['W353', 'Metallic Fastback Green', None, 'Metallic', 'Acrylic'], ['W354', 'Aluminum Medium', None, 'Metallic', 'Acrylic'], ['W355', 'Aluminum Fine', None, 'Metallic', 'Acrylic'], ['W356', 'Aluminum Coarse', None, 'Metallic', 'Acrylic'], ['W357', 'Quicksilver', None, 'Metallic', 'Acrylic'], ['W358', 'Gold Chrome', None, 'Metallic', 'Acrylic'], ['W359', 'Metallic Charcoal', None, 'Metallic', 'Acrylic'], ['W360', 'Metallic White Fine', None, 'Metallic', 'Acrylic'], ['W361', 'Metallic White Coarse', None, 'Metallic', 'Acrylic'], ['W362', 'Metallic Bronze', None, 'Metallic', 'Acrylic'], ['W363', 'Metallic Copper', None, 'Metallic', 'Acrylic'], ['W364', 'Metallic Blue Silver', None, 'Metallic', 'Acrylic'], ['W365', 'Metallic Burnt Orange', None, 'Metallic', 'Acrylic'], ['W366', 'Metallic Midnight Blue', None, 'Metallic', 'Acrylic'], ['W367', 'Metallic Elegance', None, 'Metallic', 'Acrylic'], ['W368', 'Metallic Charcoal Viola', None, 'Metallic', 'Acrylic'], ['W369', 'Metallic Pewter', None, 'Metallic', 'Acrylic'], ['W370', 'Metallic Light Brown', None, 'Metallic', 'Acrylic'], ['W371', 'Metallic Dark Brown', None, 'Metallic', 'Acrylic'], ['W372', 'Metallic Rose', None, 'Metallic', 'Acrylic'], ['W373', 'Metallic Actress Gold', None, 'Metallic', 'Acrylic'], ['W381', 'Pearl Brite Blue', None, 'Pearl', 'Acrylic'], ['W382', 'Pearl Electric Blue', None, 'Pearl', 'Acrylic'], ['W383', 'Pearl Electric Purple', None, 'Pearl', 'Acrylic'], ['W400', 'Hi-Lite Gold', None, 'Pearl', 'Acrylic'], ['W401', 'Hi-Lite Orange', None, 'Pearl', 'Acrylic'], ['W402', 'Hi-Lite Red', None, 'Pearl', 'Acrylic'], ['W403', 'Hi-Lite Green', None, 'Pearl', 'Acrylic'], ['W404', 'Hi-Lite Blue', None, 'Pearl', 'Acrylic'], ['W405', 'Hi-Lite Purple', None, 'Pearl', 'Acrylic'], ['W420', 'Hot Rod Sparkle White', None, 'Pearl', 'Acrylic'], ['W421', 'Hot Rod Sparkle Spectrum', None, 'Pearl', 'Acrylic'], ['W422', 'Hot Rod Sparkle Gold', None, 'Pearl', 'Acrylic'], ['W423', 'Hot Rod Sparkle Blue', None, 'Pearl', 'Acrylic'], ['W424', 'Hot Rod Sparkle Green', None, 'Pearl', 'Acrylic'], ['W425', 'Hot Rod Sparkle Red', None, 'Pearl', 'Acrylic'], ['W426', 'Hot Rod Sparkle Purple', None, 'Pearl', 'Acrylic'], ['W440', 'Cosmic Sparkle Silver', None, 'Pearl', 'Acrylic'], ['W441', 'Cosmic Sparkle Gold', None, 'Pearl', 'Acrylic'], ['W442', 'Cosmic Sparkle Red', None, 'Pearl', 'Acrylic'], ['W443', 'Cosmic Sparkle Copper', None, 'Pearl', 'Acrylic'], ['W444', 'Cosmic Sparkle Blue', None, 'Pearl', 'Acrylic'], ['W445', 'Cosmic Sparkle Green', None, 'Pearl', 'Acrylic'], ['W446', 'Cosmic Sparkle Autumn Red', None, 'Pearl', 'Acrylic'], ['W450', 'Flair Tint Violet', None, 'Pearl', 'Acrylic'], ['W451', 'Flair Teal Purple', None, 'Pearl', 'Acrylic'], ['W452', 'Flair Blue Copper', None, 'Pearl', 'Acrylic'], ['W453', 'Flair Silver Spectrum', None, 'Pearl', 'Acrylic'], ['W454', 'Flair Blue Violet', None, 'Pearl', 'Acrylic'], ['W455', 'Flair Blue Magenta', None, 'Pearl', 'Acrylic'], ['W456', 'Flair Fuchsia Gold', None, 'Pearl', 'Acrylic'], ['W457', 'Flair Blue Turquoise', None, 'Pearl', 'Acrylic'], ['W458', 'Flair Green Blue', None, 'Pearl', 'Acrylic'], ['W459', 'Flair Lemon Yellow', None, 'Pearl', 'Acrylic'], ['5620', 'Gloss Clear Coat', None, 'Varnish', 'Acrylic'], ['5621', 'Satin Clear Coat', None, 'Varnish', 'Acrylic'], ['5622', 'Matte Clear Coat', None, 'Varnish', 'Acrylic'], ['0031', 'Createx Wicked Colors W031 Jet Black 16oz.', None, 'Matt', 'Acrylic'], ['W076', 'Detail Universal Flesh Tone', None, 'Matt', 'Acrylic'], ['W212', 'Transparent Glow In The Dark Base', None, 'Fluo', 'Acrylic']], 'Culture Hustle': [['Mirror', '', None, 'Metallic', 'Enamel'], ['Gold', '', None, 'Metallic', 'Acrylic'], ['Silver', '', None, 'Metallic', 'Acrylic'], ['Black 2.0', '', None, 'Matt', 'Acrylic'], ['Black 3.0', '', None, 'Matt', 'Acrylic']], 'D.O.A. Paints and Pigments': [['none', 'Aluminium', '#fff', 'Metallic', 'Acrylic'], ['none', 'Beaton cooper', '#fff', 'Metallic', 'Acrylic'], ['none', 'British army 1936-1945 dark tarmac n┬░4', '#fff', 'Matt', 'Acrylic'], ['none', 'British army 1936-1945 darkgreen G4', '#fff', 'Matt', 'Acrylic'], ['none', 'British army 1936-1945 Khaki green G3', '#fff', 'Matt', 'Acrylic'], ['none', 'British army 1936-1945 Light green G5', '#fff', 'Matt', 'Acrylic'], ['none', 'British army 1936-1945 Light mud', '#fff', 'Matt', 'Acrylic'], ['none', 'British army 1936-1945 scc no 14  blue black', '#fff', 'Matt', 'Acrylic'], ['none', 'British army 1936-1945 scc no 1a dark brown', '#fff', 'Matt', 'Acrylic'], ['none', 'British army 1936-1945 scc no 2 Brown', '#fff', 'Matt', 'Acrylic'], ['none', 'British army 1936-1945 BSC no.64 Portland stone', '#fff', 'Matt', 'Acrylic'], ['none', 'British Deep bronze green no 24', '#fff', 'Matt', 'Acrylic'], ['none', 'British gulf light stone', '#fff', 'Matt', 'Acrylic'], ['none', 'German dark yellow Dunkelgelb ral 7028', '#fff', 'Matt', 'Acrylic'], ['none', 'German Grungrau ral 7033', '#fff', 'Matt', 'Acrylic'], ['none', 'German olive green olivregrun ral 6003', '#fff', 'Matt', 'Acrylic'], ['none', 'German red primer ral 8012', '#fff', 'Matt', 'Acrylic'], ['none', 'Israeli sand gray post 1982', '#fff', 'Matt', 'Acrylic'], ['none', 'Israeli sand gray pre 1982', '#fff', 'Matt', 'Acrylic'], ['none', 'N.A.T.O. black', '#fff', 'Matt', 'Acrylic'], ['none', 'N.A.T.O. green', '#fff', 'Matt', 'Acrylic'], ['none', 'Reed green ral 6013', '#fff', 'Matt', 'Acrylic'], ['none', 'Rubber', '#fff', 'Matt', 'Acrylic'], ['none', 'Sand yellow ral 1002', '#fff', 'Matt', 'Acrylic'], ['none', 'Track brown', '#fff', 'Matt', 'Acrylic'], ['none', 'Tyre black', '#fff', 'Matt', 'Acrylic'], ['none', 'U.S. Marine and army gulf armor', '#fff', 'Matt', 'Acrylic'], ['none', 'Winter white wash', '#fff', 'Matt', 'Acrylic'], ['none', 'Tyre black highlight', '#fff', 'Matt', 'Acrylic'], ['none', 'German red brown Rotbraun Ral 1817', '#fff', 'Matt', 'Acrylic'], ['none', 'German panzer grey Schwarzgrau Ral 7021', '#fff', 'Matt', 'Acrylic'], ['none', 'British camouflage desert Caunter scheme slate', '#fff', 'Matt', 'Acrylic'], ['none', 'British camouflage desert Caunter scheme Silver grey', '#fff', 'Matt', 'Acrylic'], ['none', 'British camouflage desert Caunter scheme light stone', '#fff', 'Matt', 'Acrylic'], ['none', 'Concrete', '#fff', 'Matt', None], ['none', 'Damp earth', '#fff', 'Matt', None], ['none', 'Dark earth', '#fff', 'Matt', None], ['none', 'Dark rust', '#fff', 'Matt', None], ['none', 'Dirt brown', '#fff', 'Matt', None], ['none', 'Earth pigment', '#fff', 'Matt', None], ['none', 'Light sand', '#fff', 'Matt', None], ['none', 'Red earth', '#fff', 'Matt', None], ['none', 'Rust', '#fff', 'Matt', None], ['none', 'Sand dust', '#fff', 'Matt', None], ['none', 'Slate grey', '#fff', 'Matt', None], ['none', 'Stone green', '#fff', 'Matt', None]], 'Daco': [['PA-01', 'Thinner', '#fff', 'Thinners', 'Enamel'], ['PA-03', 'FA-49 Blue Falcon Blue', '#fff', 'Matt', 'Enamel'], ['PA-04', 'AT-11 BatBird Grey', '#fff', 'Matt', 'Enamel'], ['PA-05', 'FA-18 Red Falcon Red', '#fff', 'Matt', 'Enamel'], ['PA-08', 'Sabena Medium Blue', '#fff', 'Matt', 'Enamel'], ['PA-09', 'Seaking Orange', '#fff', 'Matt', 'Enamel'], ['PA-10', 'Seaking Stone Brown', '#fff', 'Matt', 'Enamel'], ['PA-11', 'Seaking Olive Green', '#fff', 'Matt', 'Enamel'], ['PA-12', 'Sabena Dark Blue', '#fff', 'Matt', 'Enamel'], ['PA-13', 'Boeing Grey', '#fff', 'Matt', 'Enamel'], ['PA-14', 'Sabena very light grey-blue', '#fff', 'Matt', 'Enamel'], ['PA-15', 'Fiber Green Starfighter Nose Cone', '#fff', 'Matt', 'Enamel'], ['PA-16', 'NATO Camouflage Dark Green', '#fff', 'Matt', 'Enamel'], ['PA-17', 'NATO Camouflage Dark Grey', '#fff', 'Matt', 'Enamel'], ['PA-18', 'NATO Camouflage PRU Blue', '#fff', 'Matt', 'Enamel'], ['PA-19', 'Vietnam Camouflage Dark Green', '#fff', 'Matt', 'Enamel'], ['PA-20', 'Vietnam Camouflage Light Green', '#fff', 'Matt', 'Enamel'], ['PA-21', 'Vietnam Camouflage Tan Brown', '#fff', 'Matt', 'Enamel'], ['PA-22', 'Vietnam Camouflage Light Grey', '#fff', 'Matt', 'Enamel'], ['PA-23', 'C-130H Hercules Light Grey', '#fff', 'Matt', 'Enamel'], ['PA-24', 'Belgian Navy Heli Dark Blue', '#fff', 'Matt', 'Enamel'], ['PA-25', 'RAF Camouflage Dark Green', '#fff', 'Matt', 'Enamel'], ['PA-26', 'RAF Camouflage Dark Grey', '#fff', 'Matt', 'Enamel'], ['PA-27', 'CityBird Green', '#fff', 'Matt', 'Enamel'], ['PA-28', 'Western Pacific Peach', '#fff', 'Matt', 'Enamel'], ['PA-29', 'Western Pacific Maroon red', '#fff', 'Matt', 'Enamel'], ['PA-30', 'Western Pacific Medium Blue', '#fff', 'Matt', 'Enamel'], ['PA-31', 'Western Pacific Dark Blue', '#fff', 'Matt', 'Enamel'], ['PA-32', 'Western Pacific Yellow', '#fff', 'Matt', 'Enamel'], ['PA-33', 'Western Pacific Red', '#fff', 'Matt', 'Enamel'], ['PA-34', 'Western Pacific Ochre', '#fff', 'Matt', 'Enamel'], ['PA-35', 'Western Pacific Purple', '#fff', 'Matt', 'Enamel'], ['PA-36', 'TNT Express Light Orange', '#fff', 'Matt', 'Enamel'], ['PA-37', 'TNT Express Medium Orange', '#fff', 'Matt', 'Enamel'], ['PA-38', 'Sabena Dark Blue', '#fff', 'Matt', 'Enamel'], ['PA-39', 'Western Pacific Gold', '#fff', 'Matt', 'Enamel'], ['PA-40', 'Airliner Wing Grey', '#fff', 'Matt', 'Enamel'], ['PA-41', 'Pearlescent effect Varnish', '#fff', 'Varnish', 'Enamel']], 'Daler Rowney': [['028', 'Black', '#fff', 'Satin', 'Acrylic'], ['223', 'Burnt Umber', '#6c3f16', 'Satin', 'Acrylic'], ['663', 'Yellow Ocre', '#c49419', 'Satin', 'Acrylic'], ['667', 'Sienna', '#c18a3b', 'Satin', 'Acrylic'], [None, None, '#383b4b', None, 'Acrylic'], [None, None, '#f3f4f7', None, 'Acrylic'], [None, None, '#c0c0c0', None, 'Acrylic'], ['145', 'Turquoise Ink', '#fff', 'Satin', 'Acrylic'], ['151', 'Marine Blue', '#fff', 'Matt', 'Acrylic'], ['251', 'Sepia', '#7e4242', 'Satin', 'Acrylic'], ['517', 'Flame Red', '#ef3f42', 'Satin', 'Acrylic']], 'DBI Authentics': [['CA 01', 'ANA 613 Olive Drab\ufeff', '#fff', 'Matt', 'Enamel'], ['CA 02', 'ANA 613 Olive Drab (Faded)', '#fff', 'Matt', 'Enamel'], ['CA 03', 'ANA 612 Mediu\ufeffm Green (PBY Green)', '#fff', 'Matt', 'Enamel'], ['CA 04', 'ANA 611 Interior Gre\ufeffe\ufeffn\ufeff/Light Green', '#fff', 'Matt', 'Enamel'], ['CA 05', 'ANA 615 Middle Stone', '#fff', 'Matt', 'Enamel'], ['CA 06', 'ANA 616 Sand/Desert Sand', '#fff', 'Matt', 'Enamel'], ['CA 07', 'ANA 617 Dark Earth/Field Drab', '#fff', 'Matt', 'Enamel'], ['CA 08', 'ANA 621 Dark Gull Grey', '#fff', 'Matt', 'Enamel'], ['CA 09', 'ANA 602 Light Gull Grey', '#fff', 'Matt', 'Enamel'], ['CA 10', 'ANA 513 Engine Grey', '#fff', 'Gloss', 'Enamel'], ['CA 11', 'ANA 607 Non Specular Sea Blue', '#fff', 'Matt', 'Enamel'], ['CA 12', 'ANA 606 Semi Gloss Sea Blue', '#fff', 'Satin', 'Enamel'], ['CA 13', 'ANA 623 Gloss Sea Blue', '#fff', 'Gloss', 'Enamel'], ['CA 14', 'ANA 608 Intermediate Blue', '#fff', 'Matt', 'Enamel'], ['CA 15', 'ANA 609 Azure Blue', '#fff', 'Matt', 'Enamel'], ['CA 16', 'Neutral Grey 43', '#fff', 'Matt', 'Enamel'], ['CA 17', 'ANA 603 Blue Grey', '#fff', 'Matt', 'Enamel'], ['CA 18', 'PBY Blue', '#fff', 'Matt', 'Enamel'], ['CA 19', 'PBY Grey', '#fff', 'Matt', 'Enamel'], ['CA 20', 'ANA 508 International Orange', '#fff', 'Matt', 'Enamel'], ['CA 21', 'Zinc Chromate Yellow', '#fff', 'Matt', 'Enamel'], ['CA 22', 'ANA 614 Ident Yellow', '#fff', 'Matt', 'Enamel'], ['CA 23', 'ANA 605 Insignia Blue', '#fff', 'Matt', 'Enamel'], ['CA 24', 'ANA 618 Insignia Red', '#fff', 'Matt', 'Enamel'], ['CA 25', 'ANA 601 Insignia White', '#fff', 'Matt', 'Enamel'], ['CA 26', 'Light Grey\ufeff', '#fff', 'Matt', 'Enamel'], ['CAA 01', 'FS37875 White', '#fff', 'Matt', 'Enamel'], ['CAA 02', 'FS30279 Desert Sand', '#fff', 'Matt', 'Enamel'], ['CAA 03', 'FS30277 Sand', '#fff', 'Matt', 'Enamel'], ['CAA 04', 'FS30257 Earth Yellow', '#fff', 'Matt', 'Enamel'], ['CAA 05', 'FS30117 Earth Red', '#fff', 'Matt', 'Enamel'], ['CAA 06', 'FS30118 Field Drab', '#fff', 'Matt', 'Enamel'], ['CAA 07', 'FS34087 Olive Drab', '#fff', 'Matt', 'Enamel'], ['CAA 08', 'FS34151 Light Green', '#fff', 'Matt', 'Enamel'], ['CAA 09', 'FS30099 Earth Brown', '#fff', 'Matt', 'Enamel'], ['CAA 10', 'FS34102 Dark Green', '#fff', 'Matt', 'Enamel'], ['CAA 11', 'FS34079 Forest Green', '#fff', 'Matt', 'Enamel'], ['CAA 12', 'FS37038 Black', '#fff', 'Matt', 'Enamel'], ['CAC 01', 'FS36440 Light Gull Grey', '#fff', 'Matt', 'Enamel'], ['CAC 02', 'FS34079 Forest Green', '#fff', 'Matt', 'Enamel'], ['CAC 03', 'FS36320 Dark Com\ufeffpass Grey', '#fff', 'Matt', 'Enamel'], ['CAC 04', 'FS36\ufeff375 Light \ufeffCompass Gre\ufeffy', '#fff', 'Matt', 'Enamel'], ['CAC 05', 'FS34102 G\ufeffreen Olive Drab', '#fff', 'Matt', 'Enamel'], ['CAC 06', 'FS30219 Tan', '#fff', 'Matt', 'Enamel'], ['CAC 07', 'FS36622 Light Grey', '#fff', 'Matt', 'Enamel'], ['CAC 08', 'FS34159 Blue Green', '#fff', 'Matt', 'Enamel'], ['CAC 09', 'FS24201 Tan', '#fff', 'Satin', 'Enamel'], ['CAC 10', 'FS30140 Brown', '#fff', 'Matt', 'Enamel'], ['CAC 11', 'FS2\ufeff\ufeff0400 Tan', '#fff', 'Satin', 'Enamel'], ['CAC 12', 'FS37875 White', '#fff', 'Matt', 'Enamel'], ['CAC 13', 'FS35450 Air Superiority Blue', '#fff', 'Matt', 'Enamel'], ['CAC 14', 'FS360\ufeff81 Dark Grey\ufeff\ufeff', '#fff', 'Matt', 'Enamel'], ['CAC 15', 'FS36473 A/C Gray/COIN Gray/ADC Gray', '#fff', 'Matt', 'Enamel'], ['CAC 16', 'FS36118 Gunship Grey', '#fff', 'Matt', 'Enamel'], ['CAC 17', 'FS363\ufeff07 \ufeffLight Grey', '#fff', 'Matt', 'Enamel'], ['CAC 18', 'FS36251 Grey', '#fff', 'Matt', 'Enamel'], ['CAC 19', 'FS35237 Blue', '#fff', 'Matt', 'Enamel'], ['CAC 20', 'FS\ufeff35\ufeff414 Blue', '#fff', 'Matt', 'Enamel'], ['CAC 21', 'FS35622 Pale Blue\ufeff', '#fff', 'Matt', 'Enamel'], ['CAC 22', 'Blue', '#fff', 'Matt', 'Enamel'], ['CAC 23', 'FS33531 Tan', '#fff', 'Matt', 'Enamel'], ['CAC 24', 'FS33613 Radome Tan', '#fff', 'Matt', 'Enamel'], ['CAC 25', 'FS34097 Marine Field Green', '#fff', 'Matt', 'Enamel'], ['CAC 26', 'FS15050 Blue Angels Blue', '#fff', 'Matt', 'Enamel'], ['CAC 27', 'FS34258 Pale Green', '#fff', 'Matt', 'Enamel'], ['CAC 28', 'FS36270 Neutral Grey', '#fff', 'Matt', 'Enamel'], ['CAC 29', 'FS36492 Light Grey', '#fff', 'Matt', 'Enamel'], ['CAC 30', 'FS34227 Light Green', '#fff', 'Matt', 'Enamel'], ['CAC 31', 'FS35526 Grey', '#fff', 'Matt', 'Enamel'], ['CAC 32', 'FS34092 Dark Green', '#fff', 'Matt', 'Enamel'], ['CAC 33', 'FS34087 Olive Drab', '#fff', 'Matt', 'Enamel'], ['CAC 34', 'FS36495 Light Grey', '#fff', 'Matt', 'Enamel'], ['CAC 35', 'FS13655 Blue Angels Yellow', '#fff', 'Matt', 'Enamel'], ['CAC 36', 'FS35042 SR-71 Blue-Black', '#fff', 'Matt', 'Enamel'], ['CB 01', 'Light Earth', '#fff', 'Matt', 'Enamel'], ['CB 02', 'Light Green', '#fff', 'Matt', 'Enamel'], ['CB 03', 'Dark Earth', '#fff', 'Matt', 'Enamel'], ['CB 04', 'Dark Green', '#fff', 'Matt', 'Enamel'], ['CB 05', 'Ocean Grey', '#fff', 'Matt', 'Enamel'], ['CB 06', 'Medium Sea\ufeff\ufeff\ufeff Grey', '#fff', 'Matt', 'Enamel'], ['CB 07', '\ufeffD\ufeffark \ufeffSea Gre\ufeffy', '#fff', 'Matt', 'Enamel'], ['CB 08', 'Extra Dark Sea Grey', '#fff', 'Matt', 'Enamel'], ['CB 09', 'Light Slate Grey', '#fff', 'Matt', 'Enamel'], ['CB 10', 'Dark Slate Grey', '#fff', 'Matt', 'Enamel'], ['CB 11', 'Dark Sea Green', '#fff', 'Matt', 'Enamel'], ['CB 12', 'Extra Dark Sea Green', '#fff', 'Matt', 'Enamel'], ['CB 13', 'Sky Type S', '#fff', 'Matt', 'Enamel'], ['CB 14', 'Sky Grey', '#fff', 'Matt', 'Enamel'], ['CB 15', 'Sky Blue', '#fff', 'Matt', 'Enamel'], ['CB 16', 'Deep Sky', '#fff', 'Matt', 'Enamel'], ['CB 17', 'Azure Blue', '#fff', 'Matt', 'Enamel'], ['CB 18', 'Light Mediterranean Blue\ufeff', '#fff', 'Matt', 'Enamel'], ['CB 19', 'Dark Mediterranean Blue\ufeff', '#fff', 'Matt', 'Enamel'], ['CB 20', 'PRU Blue', '#fff', 'Matt', 'Enamel'], ['CB 21', 'PRU Mauve', '#fff', 'Matt', 'Enamel'], ['CB 22', 'Middle Stone', '#fff', 'Matt', 'Enamel'], ['CB 23', 'Cockpit Green', '#fff', 'Matt', 'Enamel'], ['CB 24', 'NIVO', '#fff', 'Matt', 'Enamel'], ['CB 25', 'Sea Blue', '#fff', 'Matt', 'Enamel'], ['CB 26', 'Night', '#fff', 'Matt', 'Enamel'], ['CB 27', 'Ident Yellow', '#fff', 'Matt', 'Enamel'], ['CB 28', 'Ident Green', '#fff', 'Matt', 'Enamel'], ['CB 29', 'Bright Ident Red', '#fff', 'Matt', 'Enamel'], ['CB 30', 'Bright Ident Blue', '#fff', 'Matt', 'Enamel'], ['CB 31', 'D\ufeffull Ident Red', '#fff', 'Matt', 'Enamel'], ['CB 32', 'Dull Ident Blu\ufeffe', '#fff', 'Matt', 'Enamel'], ['CB 33', 'PRU Pink', '#fff', 'Matt', 'Enamel'], ['CB 34', 'Supermarine Grey', '#fff', 'Matt', 'Enamel'], ['CBA 01', 'Dark Green', '#fff', 'Matt', 'Enamel'], ['CBA 02', 'Desert Tan', '#fff', 'Matt', 'Enamel'], ['CBA 03', 'Dull Blue', '#fff', 'Matt', 'Enamel'], ['CBA 04', 'Dark Earth', '#fff', 'Matt', 'Enamel'], ['CBA 05', 'Dark Grey Blue', '#fff', 'Matt', 'Enamel'], ['CBA 06', 'Light Olive', '#fff', 'Matt', 'Enamel'], ['CBA 06', 'Light Olive', '#fff', 'Matt', 'Enamel'], ['CBA 07', 'Pale Cream Interior', '#fff', 'Matt', 'Enamel'], ['CBB 01', 'PC10', '#fff', 'Matt', 'Enamel'], ['CBB 02', 'PC12', '#fff', 'Matt', 'Enamel'], ['CBB 03', 'V84', '#fff', 'Matt', 'Enamel'], ['CBB 04', 'Clear Doped Linen', '#fff', 'Matt', 'Enamel'], ['CBC 01', 'BSC381C/627 Light Aircraft Grey', '#fff', 'Matt', 'Enamel'], ['CBC 02', 'BS4800/10B21 Hemp', '#fff', 'Matt', 'Enamel'], ['CBC 03', 'BSC381C/450 Dark Earth', '#fff', 'Matt', 'Enamel'], ['CBC 04', 'BSC381C/641 Dark Green', '#fff', 'Matt', 'Enamel'], ['CBC 05', 'BS4800/18B21 Barley Grey', '#fff', 'Matt', 'Enamel'], ['CBC 06', 'BSC381C/637 Medium Sea Grey', '#fff', 'Matt', 'Enamel'], ['CBC 07', 'BSC381C/638 Dark Sea Grey', '#fff', 'Matt', 'Enamel'], ['CBC 08', 'BSC381C/640 Extra Dark Sea Grey', '#fff', 'Matt', 'Enamel'], ['CBC 09', 'Pale Ident Red 1\ufeff', '#fff', 'Matt', 'Enamel'], ['CBC 10', 'Pale Ident Red 2', '#fff', 'Matt', 'Enamel'], ['CBC 11', 'Pale Ident Blue 1', '#fff', 'Matt', 'Enamel'], ['CBC 12', 'Pale Ident Blue 2', '#fff', 'Matt', 'Enamel'], ['CBC 13', 'BSC381C/210 Sky', '#fff', 'Matt', 'Enamel'], ['CBC 14', 'BSC381C/285 N.A.T.O. Green', '#fff', 'Matt', 'Enamel'], ['CBC 15', 'BSC381C/298 Olive Green (RN)', '#fff', 'Matt', 'Enamel'], ['CBC 16', 'BSC381C/105 Oxford Blue', '#fff', 'Matt', 'Enamel'], ['CBC 17', 'BSC381C/537 Signal Red', '#fff', 'Matt', 'Enamel'], ['CBC 18', 'BSC381C/633 RAF Blue Grey', '#fff', 'Matt', 'Enamel'], ['CBC 19', 'BSC381C/636 PRU Blue', '#fff', 'Matt', 'Enamel'], ['CBC 20', 'Pale ID Red 3', '#fff', 'Matt', 'Enamel'], ['CBC 21', 'Pale ID Blue 3', '#fff', 'Matt', 'Enamel'], ['CBC 22', 'BSC381C/361 Light Stone', '#fff', 'Matt', 'Enamel'], ['CBC 23', 'BSC381C/356 Golden Yellow', '#fff', 'Matt', 'Enamel'], ['CBC 24', 'BSC381C/108 ID Bright Blue', '#fff', 'Matt', 'Enamel'], ['CBC 25', 'BSC381C/632 Dark Admiralty Grey', '#fff', 'Matt', 'Enamel'], ['CBC 26', 'BSC381C/697 Light Admiralty Grey', '#fff', 'Matt', 'Enamel'], ['CBC 27', 'BSC381C/631 Light Grey', '#fff', 'Matt', 'Enamel'], ['CBC 28', 'BSC381C/110 Roundel Blue', '#fff', 'Matt', 'Enamel'], ['CBC 29', 'BSC381C/360 Deep Buff', '#fff', 'Matt', 'Enamel'], ['CCA 01', 'Boeing Grey', '#fff', 'Matt', 'Enamel'], ['CF 01', 'Vert Fonce', '#fff', 'Matt', 'Enamel'], ['CF 02', 'Vert', '#fff', 'Matt', 'Enamel'], ['CF 03', 'Ombre Calcin├⌐e', '#fff', 'Matt', 'Enamel'], ['CF 04', 'Gris Bleu Fonce', '#fff', 'Matt', 'Enamel'], ['CF 05', 'Gris Bleu Clair', '#fff', 'Matt', 'Enamel'], ['CF 06', 'Gris Bleu Ciel', '#fff', 'Matt', 'Enamel'], ['CF 07', 'Bleu Ciel', '#fff', 'Matt', 'Enamel'], ['CF 08', 'Terre de Sienne', '#fff', 'Matt', 'Enamel'], ['CF 09', 'Sienne Naturelle', '#fff', 'Matt', 'Enamel'], ['CF 10', 'Kaki', '#fff', 'Matt', 'Enamel'], ['CF 11', 'Vert Tableau', '#fff', 'Matt', 'Enamel'], ['CF 12', 'Noir Bleute', '#fff', 'Matt', 'Enamel'], ['CF 13', 'Noir', '#fff', 'Matt', 'Enamel'], ['CF 14', 'Emailite Vert', '#fff', 'Matt', 'Enamel'], ['CF 15', 'Vert Fonce 2', '#fff', 'Matt', 'Enamel'], ['CF 16', 'Chocolat', '#fff', 'Matt', 'Enamel'], ['CF 17', 'Brun', '#fff', 'Matt', 'Enamel'], ['CF 18', 'Bleu de Nuit', '#fff', 'Matt', 'Enamel'], ['CF 19', 'Gris Vert Clair', '#fff', 'Matt', 'Enamel'], ['CF 20', 'Gris Clair', '#fff', 'Matt', 'Enamel'], ['CF 21', 'Gris Fonce', '#fff', 'Matt', 'Enamel'], ['CF 22', 'Vert Fonce 3', '#fff', 'Matt', 'Enamel'], ['CF 23', 'Brun Sienne', '#fff', 'Matt', 'Enamel'], ['CF 24', 'Enduit Jaune', '#fff', 'Matt', 'Enamel'], ['CF 25', 'Argent', '#fff', 'Metallic', 'Enamel'], ['CF 26', 'Jaune Insignes', '#fff', 'Matt', 'Enamel'], ['CF 27', 'Rouge Insignes', '#fff', 'Matt', 'Enamel'], ['CF 28', 'Blanc Insignes', '#fff', 'Matt', 'Enamel'], ['CF 29', 'Bleu Insignes', '#fff', 'Matt', 'Enamel'], ['CF 30', 'Bleu de Mirage', '#fff', 'Matt', 'Enamel'], ['CFI 01', 'Grey Green', '#fff', 'Matt', 'Enamel'], ['CFI 02', 'Dark Olive Green', '#fff', 'Matt', 'Enamel'], ['CFI 03', 'Light Olive Green', '#fff', 'Matt', 'Enamel'], ['CFI 04', 'Black', '#fff', 'Matt', 'Enamel'], ['CFI 05', 'Light Blue', '#fff', 'Matt', 'Enamel'], ['CFI 06', 'Light Grey', '#fff', 'Matt', 'Enamel'], ['CFI 07', 'Very Light Grey', '#fff', 'Matt', 'Enamel'], ['CFI 08', 'BS381C/437 Dark Drab', '#fff', 'Matt', 'Enamel'], ['CFI 09', 'BS381C/222 Lt. Bronze Green', '#fff', 'Matt', 'Enamel'], ['CG 01', 'RLM 01 Silber', '#fff', 'Metallic', 'Enamel'], ['CG 02', 'RLM 02 Grau', '#fff', 'Matt', 'Enamel'], ['CG 03', 'RLM 04 Gelb', '#fff', 'Matt', 'Enamel'], ['CG 04', 'RLM 23 Rot', '#fff', 'Matt', 'Enamel'], ['CG 05', 'RLM 24 Dunkelblau', '#fff', 'Matt', 'Enamel'], ['CG 06', 'RLM 25 Gr├╝n', '#fff', 'Matt', 'Enamel'], ['CG 07', 'RLM 28 Weinrot', '#fff', 'Matt', 'Enamel'], ['CG 08', 'RLM 61 Dunkelbraun', '#fff', 'Matt', 'Enamel'], ['CG 09', 'RLM 62 Gr├╝n', '#fff', 'Matt', 'Enamel'], ['CG 10', 'RLM 63 Grau', '#fff', 'Matt', 'Enamel'], ['CG 11', 'RLM 65 Hellblau', '#fff', 'Matt', 'Enamel'], ['CG 12', 'RLM 66 Schwarzgrau', '#fff', 'Matt', 'Enamel'], ['CG 13', 'RLM 70 Schwarzgr├╝n', '#fff', 'Matt', 'Enamel'], ['CG 14', 'RLM 71 Dunkelgr├╝n', '#fff', 'Matt', 'Enamel'], ['CG 15', 'RLM 72 Gr├╝n', '#fff', 'Matt', 'Enamel'], ['CG 16', 'RLM 73 Gr├╝n', '#fff', 'Matt', 'Enamel'], ['CG 17', 'RLM 74 Graugr├╝n\ufeff', '#fff', 'Matt', 'Enamel'], ['CG 18', 'RLM 75 Grauviolett', '#fff', 'Matt', 'Enamel'], ['CG 19', 'RLM 76 Hellgrau', '#fff', 'Matt', 'Enamel'], ['CG 20', 'RLM 78 Himmelblau', '#fff', 'Matt', 'Enamel'], ['CG 21', 'RLM 79 Sandgelb', '#fff', 'Matt', 'Enamel'], ['CG 22', 'RLM 79a Sandbraun', '#fff', 'Matt', 'Enamel'], ['CG 23', 'RLM 80 Olivgr├╝n', '#fff', 'Matt', 'Enamel'], ['CG 24', 'RLM 80a Mittelbraun', '#fff', 'Matt', 'Enamel'], ['CG 25', 'RLM 81 Braunviolett', '#fff', 'Matt', 'Enamel'], ['CG 26', 'RLM 82 Dunkelgr├╝n (actually 83)', '#fff', 'Matt', 'Enamel'], ['CG 27', 'RLM 83 Hellgr├╝n (actually 82)', '#fff', 'Matt', 'Enamel'], ['CG 28', 'RLM 05 Elfenbein', '#fff', 'Matt', 'Enamel'], ['CG 29', 'RLM 21 Wei├ƒ', '#fff', 'Matt', 'Enamel'], ['CG 30', 'RLM 22 Schwarz', '#fff', 'Matt', 'Enamel'], ['CG 31', 'RLM 26 Braun', '#fff', 'Matt', 'Enamel'], ['CG 32', 'RLM 27 Gelb', '#fff', 'Matt', 'Enamel'], ['CG 33', 'RLM 77 Hellgrau', '#fff', 'Matt', 'Enamel'], ['CG 34', 'RLM 09/99 Gelbgr├╝n', '#fff', 'Matt', 'Enamel'], ['CG 35', 'RLM 69 Lichtichfarbe', '#fff', 'Matt', 'Enamel'], ['CG 36', 'RLM 41 Grau', '#fff', 'Matt', 'Enamel'], ['CGA 01', 'German Gre\ufeffy', '#fff', 'Matt', 'Enamel'], ['CGA 02', 'German Green', '#fff', 'Matt', 'Enamel'], ['CGA 03', 'Dark Red Brown', '#fff', 'Matt', 'Enamel'], ['CGA 04', 'Panzer Grey', '#fff', 'Matt', 'Enamel'], ['CGA 05', 'Earth', '#fff', 'Matt', 'Enamel'], ['CGA 06', 'Desert \ufeffYello\ufeffw\ufeff', '#fff', 'Matt', 'Enamel'], ['CGA 07', 'Dark Green\ufeff', '#fff', 'Matt', 'Enamel'], ['CGA 08', 'Grey Green', '#fff', 'Matt', 'Enamel'], ['CGA 09', 'Africa Yellow', '#fff', 'Matt', 'Enamel'], ['CGA 10', 'Gre\ufeffen Overspr\ufeff\ufeffay', '#fff', 'Matt', 'Enamel'], ['CGA 11', 'Dark Yellow', '#fff', 'Matt', 'Enamel'], ['CGA 12', 'Red\ufeff B\ufeffro\ufeffw\ufeff\ufeff\ufeff\ufeffn\ufeff', '#fff', 'Matt', 'Enamel'], ['CGC 01', 'RAL 9001 Silbergrau', '#fff', 'Matt', 'Enamel'], ['CGC 02', 'RAL 6014 Grun', '#fff', 'Matt', 'Enamel'], ['CGC 03', 'RAL 7012 Grau', '#fff', 'Matt', 'Enamel'], ['CGC 04', 'RAL 7001 Grau', '#fff', 'Matt', 'Enamel'], ['CGC 05', 'RAL 7009 Grungrau', '#fff', 'Matt', 'Enamel'], ['CGC 06', 'RAL 7030 Steingrau', '#fff', 'Matt', 'Enamel'], ['CGC 07', 'RAL 7037 Staubgrau', '#fff', 'Matt', 'Enamel'], ['CGC 08', 'RAL 7039 Quartzgrau', '#fff', 'Matt', 'Enamel'], ['CI 01', 'Alluminio', '#fff', 'Matt', 'Enamel'], ['CI 02', 'Grigio Mimetico', '#fff', 'Matt', 'Enamel'], ['CI 03', 'Giallo Mimetico 1', '#fff', 'Matt', 'Enamel'], ['CI 04', 'Giallo Mimetico 2', '#fff', 'Matt', 'Enamel'], ['CI 05', 'Giallo Mimetico 3', '#fff', 'Matt', 'Enamel'], ['CI 06', 'Giallo Mimetico 4', '#fff', 'Matt', 'Enamel'], ['CI 07', 'Marrone Mi\ufeffmetico 1', '#fff', 'Matt', 'Enamel'], ['CI 08', 'M\ufeff\ufeff\ufeffarrone Mimetico 2', '#fff', 'Matt', 'Enamel'], ['CI 09', 'Marrone Mimetico 53193', '#fff', 'Matt', 'Enamel'], ['CI 10', 'Verde Mimetico 1', '#fff', 'Matt', 'Enamel'], ['CI 11', 'Verde Mimetico 2', '#fff', 'Matt', 'Enamel'], ['CI 12', 'Verde \ufeffMim\ufeff\ufeffe\ufefftico 3', '#fff', 'Matt', 'Enamel'], ['CI 13', 'Verde Mimetico 53193', '#fff', 'Matt', 'Enamel'], ['CI 14', 'Grigio Azzurro Chiaro 1', '#fff', 'Matt', 'Enamel'], ['CI 15', 'Verde Oliva Scuro 2', '#fff', 'Matt', 'Enamel'], ['CI 16', 'Verde Oliva Scuro 3', '#fff', 'Matt', 'Enamel'], ['CI 17', 'Nocchiola Chiaro 4', '#fff', 'Matt', 'Enamel'], ['CI 18', 'Bi\ufeffanco Avorio 5', '#fff', 'Matt', 'Enamel'], ['CI 19', 'Bianco Neve 6', '#fff', 'Matt', 'Enamel'], ['CI 20', 'Verde Anticorrosione', '#fff', 'Matt', 'Enamel'], ['CI 21', 'Bruno Mimetico', '#fff', 'Matt', 'Enamel'], ['CIS 01', 'FS34064 Dark Green', '#fff', 'Matt', 'Enamel'], ['CIS 02', 'FS33434 Sand Yellow', '#fff', 'Matt', 'Enamel'], ['CIS 03', 'FS35177 Light Mediterranean Blue', '#fff', 'Matt', 'Enamel'], ['CIS 04', 'FS37038 Black', '#fff', 'Matt', 'Enamel'], ['CIS 05', 'FS37722 White', '#fff', 'Matt', 'Enamel'], ['CIS 06', 'FS31302 Red', '#fff', 'Matt', 'Enamel'], ['CIS 07', 'FS35056 Insignia Blue', '#fff', 'Matt', 'Enamel'], ['CIS 08', 'FS34227 Light Green', '#fff', 'Matt', 'Enamel'], ['CIS 09', 'FS35622 Light Blue', '#fff', 'Matt', 'Enamel'], ['CIS 10', 'FS34424 Light Grey/Green', '#fff', 'Matt', 'Enamel'], ['CIS 11', 'FS32246 Orange', '#fff', 'Matt', 'Enamel'], ['CIS 12', 'FS37178 Aluminium', '#fff', 'Metallic', 'Enamel'], ['CIS 13', 'FS30219 Light Earth', '#fff', 'Matt', 'Enamel'], ['CIS 14', 'FS33531 Light Stone', '#fff', 'Matt', 'Enamel'], ['CIS 15', 'FS36375 Light Compass Grey', '#fff', 'Matt', 'Enamel'], ['CISA 01', 'FS35045 Dark Blue', '#fff', 'Matt', 'Enamel'], ['CISA 02', 'FS30\ufeff3\ufeff\ufeff72\ufeff Sand Gray \ufeff', '#fff', 'Matt', 'Enamel'], ['CISA 03', 'FS34424 Gray Green', '#fff', 'Matt', 'Enamel'], ['CPR 01', 'Grey Etch Primer', '#fff', 'Matt', 'Enamel'], ['CR 01', 'Rail Blue', '#fff', 'Matt', 'Enamel'], ['CR 02', 'Rail Grey', '#fff', 'Matt', 'Enamel'], ['CR 03', 'Coach Crea\ufeffm', '#fff', 'Matt', 'Enamel'], ['CR 04', 'Coach Crimson (Carmine)', '#fff', 'Matt', 'Enamel'], ['CR 05', 'Maroon', '#fff', 'Matt', 'Enamel'], ['CR 06', 'M. U. Green', '#fff', 'Matt', 'Enamel'], ['CR 07', 'Steam Loco Green', '#fff', 'Matt', 'Enamel'], ['CR 09', 'Early Bauxite', '#fff', 'Matt', 'Enamel'], ['CR 10', 'Late Bauxite', '#fff', 'Matt', 'Enamel'], ['CR 11', 'Early Freight Grey', '#fff', 'Matt', 'Enamel'], ['CR 12', 'Rail Red', '#fff', 'Matt', 'Enamel'], ['CR 13', 'Frame Brown', '#fff', 'Matt', 'Enamel'], ['CR 14', 'Roof Grey (Maroon Coaches)', '#fff', 'Matt', 'Enamel'], ['CR 15', 'Roof Grey (Vans & Coaches)', '#fff', 'Matt', 'Enamel'], ['CR 16', 'Roof Grey (Diesels)', '#fff', 'Matt', 'Enamel'], ['CR 17', 'Light Grey (Diesel Stripes)', '#fff', 'Matt', 'Enamel'], ['CR 18', 'Yellow Green (Diesel Skirts)', '#fff', 'Matt', 'Enamel'], ['CR 19', 'Sherwood Green (Diesel Stripes)', '#fff', 'Matt', 'Enamel'], ['CR 20', 'Freight Crimson', '#fff', 'Matt', 'Enamel'], ['CR 21', 'Warning Panel Yellow', '#fff', 'Matt', 'Enamel'], ['CR 22', 'Inter City/ScotRail Dark Grey', '#fff', 'Matt', 'Enamel'], ['CR 23', 'Inter City/ScotRail Light Grey', '#fff', 'Matt', 'Enamel'], ['CR 24', 'Inter City/ScotRail Lining Red', '#fff', 'Matt', 'Enamel'], ['CR 25', 'Inter City/ScotRail Lining White', '#fff', 'Matt', 'Enamel'], ['CR 26', 'ScotRail Lining Blue', '#fff', 'Matt', 'Enamel'], ['CR 27', 'Rail Freight Grey', '#fff', 'Matt', 'Enamel'], ['CR 28', 'Deep Olive Green', '#fff', 'Matt', 'Enamel'], ['CR 29', 'Diesel Loco Green', '#fff', 'Matt', 'Enamel'], ['CR 34', 'Light Brown', '#fff', 'Matt', 'Enamel'], ['CR 42', 'LMS Maroon', '#fff', 'Matt', 'Enamel'], ['CR 55', 'Freight Red Oxide', '#fff', 'Matt', 'Enamel'], ['CR 56', 'LNER Coach Teak', '#fff', 'Matt', 'Enamel'], ['CR 61', 'SR Dark Olive\ufeff', '#fff', 'Matt', 'Enamel'], ['CR 62', 'Light Olive SR', '#fff', 'Matt', 'Enamel'], ['CR 63', 'SR Malachite Green', '#fff', 'Matt', 'Enamel'], ['CR 71', 'Adams Pea Green (LSWR)', '#fff', 'Matt', 'Enamel'], ['CR 72', 'Drummond Green', '#fff', 'Matt', 'Enamel'], ['CR 73', 'LSWR Coach Salmon', '#fff', 'Matt', 'Enamel'], ['CR 91', 'Deep Lake', '#fff', 'Matt', 'Enamel'], ['CR 94', 'Caledonian Loco Blue', '#fff', 'Matt', 'Enamel'], ['CR 105', 'Pullman Cream', '#fff', 'Matt', 'Enamel'], ['CR 120', 'Prussian Blue', '#fff', 'Matt', 'Enamel'], ['CR 134', 'LSE Light Brown', '#fff', 'Matt', 'Enamel'], ['CR 135', 'LSE Dark Brown', '#fff', 'Matt', 'Enamel'], ['CRS 01', 'Locomotive Black (Eggshell)', '#fff', 'Matt', 'Enamel'], ['CRS 05', 'Signal Red D', '#fff', 'Matt', 'Enamel'], ['CRS 06', 'Locomotive Smoke Box Black', '#fff', 'Matt', 'Enamel'], ['CRS 07', 'Buffer Beam Vermillion', '#fff', 'Matt', 'Enamel'], ['CRS 11', 'Track Colour', '#fff', 'Matt', 'Enamel'], ['CRS 12', 'New Sleeper Grey', '#fff', 'Matt', 'Enamel'], ['CSE 01', 'Black', '#fff', 'Satin', 'Enamel'], ['CSE 02', 'White', '#fff', 'Satin', 'Enamel'], ['CSE 03', 'Polyurethane Varnish', '#fff', 'Varnish', 'Enamel'], ['CSF 01', 'Gold', '#fff', 'Metallic', 'Enamel'], ['CSF 02', 'Silver', '#fff', 'Metallic', 'Enamel'], ['CSF 03', 'Bronze', '#fff', 'Metallic', 'Enamel'], ['CSF 04', 'Copper', '#fff', 'Metallic', 'Enamel'], ['CSF 05', 'Aluminium', '#fff', 'Metallic', 'Enamel'], ['CSF 06', 'Duralumin', '#fff', 'Metallic', 'Enamel'], ['CSF 07', 'Rust', '#fff', 'Matt', 'Enamel'], ['CSF 08', 'Concrete', '#fff', 'Matt', 'Enamel'], ['CSF 09', 'Flesh', '#fff', 'Matt', 'Enamel'], ['CSF 10', 'Tyre Black', '#fff', 'Matt', 'Enamel'], ['CSF 11', 'Gunmetal', '#fff', 'Metallic', 'Enamel'], ['CSF 12', 'Metallic Green', '#fff', 'Metallic', 'Enamel'], ['CSF 13', 'Metallic Red', '#fff', 'Metallic', 'Enamel'], ['CSF 14', 'Metallic Blue', '#fff', 'Matt', 'Enamel'], ['CSF 15', 'Steel (Natural)', '#fff', 'Metallic', 'Enamel'], ['CSF 16', 'Steel (Oily)', '#fff', 'Metallic', 'Enamel'], ['CSF 17', 'Brass', '#fff', 'Metallic', 'Enamel'], ['CSF 18', 'Bridge Concrete', '#fff', 'Matt', 'Enamel'], ['CSF 26', 'Fluorescent Clear Protect', '#fff', 'Fluo', 'Enamel'], ['CSG 01', 'White', '#fff', 'Gloss', 'Enamel'], ['CSG 02', 'Black', '#fff', 'Gloss', 'Enamel'], ['CSG 03', 'Extra Dark Grey', '#fff', 'Gloss', 'Enamel'], ['CSG 04', 'Dark Grey', '#fff', 'Gloss', 'Enamel'], ['CSG 05', 'Medium Grey', '#fff', 'Gloss', 'Enamel'], ['CSG 06', 'Light Grey', '#fff', 'Gloss', 'Enamel'], ['CSG 07', 'Dark Green', '#fff', 'Gloss', 'Enamel'], ['CSG 08', 'Bright Green', '#fff', 'Gloss', 'Enamel'], ['CSG 09', 'Sky Green', '#fff', 'Gloss', 'Enamel'], ['CSG 10', 'Dark Brown', '#fff', 'Gloss', 'Enamel'], ['CSG 11', 'Light Brown', '#fff', 'Gloss', 'Enamel'], ['CSG 12', 'Biscuit', '#fff', 'Gloss', 'Enamel'], ['CSG 13', 'Stone', '#fff', 'Gloss', 'Enamel'], ['CSG 14', 'Light Blue', '#fff', 'Gloss', 'Enamel'], ['CSG 15', 'Yellow', '#fff', 'Gloss', 'Enamel'], ['CSG 16', 'Cream', '#fff', 'Gloss', 'Enamel'], ['CSG 17', 'Lime Green', '#fff', 'Gloss', 'Enamel'], ['CSG 18', 'Bright Red', '#fff', 'Gloss', 'Enamel'], ['CSG 19', 'Orange', '#fff', 'Gloss', 'Enamel'], ['CSG 23', 'Mid Blue', '#fff', 'Gloss', 'Enamel'], ['CSM 01', 'Black', '#fff', 'Matt', 'Enamel'], ['CSM 02', 'White', '#fff', 'Matt', 'Enamel'], ['CSM 03', 'Light Grey', '#fff', 'Matt', 'Enamel'], ['CSM 04', 'Slate', '#fff', 'Matt', 'Enamel'], ['CSM 05', 'Field Grey', '#fff', 'Matt', 'Enamel'], ['CSM 06', 'Dark Grey', '#fff', 'Matt', 'Enamel'], ['CSM 07', 'Olive Drab', '#fff', 'Matt', 'Enamel'], ['CSM 08', 'Scarlet', '#fff', 'Matt', 'Enamel'], ['CSM 09', 'Apricot', '#fff', 'Matt', 'Enamel'], ['CSM 10', 'San\ufeffd\ufeff', '#fff', 'Matt', 'Enamel'], ['CSM 11', 'Brick Red', '#fff', 'Matt', 'Enamel'], ['CSM 12', 'Khaki', '#fff', 'Matt', 'Enamel'], ['CSM 13', 'Stone', '#fff', 'Matt', 'Enamel'], ['CSM 14', 'Dark Green', '#fff', 'Matt', 'Enamel'], ['CSM 15', 'Blue Green', '#fff', 'Matt', 'Enamel'], ['CSM 16', 'Grass Green', '#fff', 'Matt', 'Enamel'], ['CSM 17', 'Blue Grey', '#fff', 'Matt', 'Enamel'], ['CSM 18', 'Cerulean Blue', '#fff', 'Matt', 'Enamel'], ['CSM 19', 'Dark Blue Grey', '#fff', 'Matt', 'Enamel'], ['CSM 20', 'Cobalt Blue', '#fff', 'Matt', 'Enamel'], ['CSM 21', 'Midnight Blue', '#fff', 'Matt', 'Enamel'], ['CSM 22', 'Ultramarine', '#fff', 'Matt', 'Enamel'], ['CSM 23', 'Polyurethane Varnish', '#fff', 'Varnish', 'Enamel'], ['CSW 01', 'Morkgron 326M', '#fff', 'Matt', 'Enamel'], ['CSW 02', 'Ljusgron 322M', '#fff', 'Matt', 'Enamel'], ['CSW 03', 'Brun 507M', '#fff', 'Matt', 'Enamel'], ['CSW 04', 'Svart 093M', '#fff', 'Matt', 'Enamel'], ['CSW 05', 'Blagra 058M', '#fff', 'Matt', 'Enamel'], ['PSF 10', 'RAL 5012 Lichtblau', '#fff', 'Matt', 'Enamel'], ['PSF 11', 'RAL 7000 Fehrgrau', '#fff', 'Matt', 'Enamel']], 'Decoart': [['DA01', 'Snow White (Titanium)', '#fff', 'Matt', 'Acrylic'], ['DA036', 'True Blue', '#fff', 'Matt', 'Acrylic'], ['DA051', 'Leaf Green', '#fff', 'Matt', 'Acrylic'], ['DA067', 'Lamp (Ebony) Black', None, 'Matt', 'Acrylic'], ['DA129', 'True Red', None, 'Matt', 'Acrylic'], ['DA200', 'Primary Blue', None, 'Matt', 'Acrylic'], ['DA225', 'Ultramarine Blue', '#fff', 'Matt', 'Acrylic'], ['DA227', 'Bright Yellow', None, 'Matt', 'Acrylic'], ['DA229', 'Jack-O-Lantern Orange', None, 'Matt', 'Acrylic'], ['DA230', 'Festive Green', '#fff', 'Matt', 'Acrylic'], ['DA238', 'Canyon Orangename', '#fff', 'Matt', 'Acrylic'], ['DA270', 'Ocean Blue', '#fff', 'Matt', 'Acrylic'], ['DA275', 'Sour Apple', '#fff', 'Matt', 'Acrylic'], ['DA329', 'Bright Salmon', '#fff', 'Matt', 'Acrylic'], ['DA357', 'Thicket', None, 'Matt', 'Acrylic'], ['DA359', 'Morning Mist', '#fff', 'Matt', 'Acrylic'], ['DA372', 'Green Lagoon', '#fff', 'Matt', 'Acrylic'], ['DA550', 'Silver', None, 'Metallic', 'Acrylic'], ['DCA01', 'White', '#fff', 'Matt', 'Acrylic'], ['DCA47', 'Black', '#fff', 'Matt', 'Acrylic']], 'Design Master': [['125', 'Wild Rose', '#fff', 'Gloss', 'Enamel'], ['240', '24KT Pure Gold', '#fff', 'Satin', 'Enamel'], ['626', 'Glossy White', '#fff', 'Gloss', 'Enamel'], ['714', 'Holiday Red', '#fff', 'Gloss', 'Enamel']], 'Different Scales': [['DS-009', 'Ivory', '#fff', 'Matt', 'Acrylic'], ['DS-010', 'Flesh', '#fff', 'Matt', 'Acrylic'], ['DS-101', 'Aluminum', '#fff', 'Metallic', 'Acrylic'], ['DS-103', 'Gun Metal', '#fff', 'Metallic', 'Acrylic'], ['DS-104', 'Copper', '#fff', 'Metallic', 'Acrylic'], ['DS-106', 'Bronze', '#fff', 'Metallic', 'Acrylic'], ['DS-107', 'Rusty Metal', '#fff', 'Metallic', 'Acrylic'], ['DS-203', 'Dark Wood', '#fff', 'Matt', 'Acrylic'], ['DS-301', 'Rubber', '#fff', 'Matt', 'Acrylic'], ['DS-1101', 'Filter Universal Light', '#fff', 'Matt', 'Acrylic'], ['DS-1102', 'Filter Universal Dark', '#fff', 'Matt', 'Acrylic'], ['DS-1103', 'Filter for Desert Camouflage', '#fff', 'Matt', 'Acrylic'], ['DS-1202', 'Wash for Aviation Models', '#fff', 'Matt', 'Acrylic'], ['DS-1301', 'Weathering Fuel Drips', '#fff', 'Matt', 'Acrylic'], ['DS-1302', 'Weathering Drips of Rain', '#fff', 'Matt', 'Acrylic'], ['DS-2001', 'Chrome Supermetallic', '#fff', 'Metallic', 'Acrylic'], ['709', 'Dark Dirt', '#fff', 'Matt', None], ['710', 'Dry Dirt', '#fff', 'Matt', None], ['711', 'Worn Rubber', '#fff', 'Matt', None], ['715', 'Bright Steel', '#fff', 'Matt', None], ['DS-401', 'Blue', '#fff', 'Satin', None], ['DS-402', 'Green', '#fff', 'Satin', None], ['DS-405', 'Yellow', '#fff', 'Satin', None]], 'Drooling Bulldog': [['9G', 'Prussian Blue', '#fff', 'Matt', None], ['AD251', 'RAF Blue', '#fff', 'Matt', None], ['AD252', 'RAF Red', '#fff', 'Matt', None], ['AL0CA', 'Metallic aluminium', '#fff', 'Matt', None], ['CM4G', 'Caput mortuum', '#fff', 'Matt', None], ['CT7G', 'Chromoxid green', '#fff', 'Matt', None], ['K3G', 'Kraplak (Rose Madder )', '#fff', 'Matt', None], ['KC8G', 'Kadmium-chromoxid', '#fff', 'Matt', None], ['KY5G', 'Cadmium Yellow Medium', '#fff', 'Matt', None], ['LB1CA', 'Furnace Black', '#fff', 'Matt', None], ['LB1CA', 'Zinc White', '#fff', 'Matt', None], ['MS39G', 'German Purpur', '#fff', 'Matt', None], ['MS72G', 'Bla├ƒgr├╝n', '#fff', 'Matt', None], ['MS76G', 'Olivgr├╝n', '#fff', 'Matt', None], ['MS392G', 'Mauve', '#fff', 'Matt', None], ['MS762G', 'Grauesgr├╝n', '#fff', 'Matt', None], ['U6G', 'Raw umber', '#fff', 'Matt', None]], 'DRY Colors': [[None, None, '#000000', 'Matt', 'Enamel'], ['1571', 'Green Flat', '#82c59c', 'Matt', None], [None, None, '#ffffff', 'Satin', None], [None, None, '#ffffff', 'Metallic', None], [None, None, '#78140f', 'Matt', None], ['Chromo', 'Cromo', '#b1b2ac', 'Matt', None], ['Cromo', '', '#fff', 'Matt', None], ['Red Fluor Senna', 'Red Fluor Panigale Senna', '#fc3205', 'Matt', None], [None, None, '#d2d3d4', 'Matt', None], [None, None, '#ffffff', None, None], [None, None, '#d2d3d4', 'Matt', None], [None, None, '#ffffff', 'Varnish', None]], 'Dupli-Color': [['0000', 'BKA', '#fff', 'Matt', 'Enamel'], ['******', '(unknown) Metallic Gold (Dupli-Color)', '#fff', 'Metallic', 'Enamel'], ['38-01555?', 'Toyota Super White (Dupli-Color)', '#fff', 'Gloss', 'Enamel'], ['88-80503', 'Nissan Orange Mist(M)cc (Dupli-Color)', '#fff', 'Metallic', 'Enamel'], ['CS101?', 'Chrome (Dupli-Color)', '#fff', 'Metallic', 'Enamel'], ['DSFM317', 'Elec.Currant Red', '#fff', 'Metallic', 'Enamel'], ['DSFM340', 'Royal Blue CC (Dupli-Color)', '#fff', 'Metallic', 'Enamel'], ['EDSCC400', 'Deep Cranberry Pearl (Dupli-Color)', '#fff', 'Metallic', 'Enamel'], ['EDSGM***', 'Dark Cherry Metallic (Dupli-Color)', '#fff', 'Metallic', 'Enamel'], ['BCC0410', 'Bright Silver Metallic (Dupli-Color)', '#fff', 'Metallic', 'Enamel'], ['BFM0344', 'Toreador Red Metallic (Dupli-Color)', '#fff', 'Metallic', 'Enamel'], ['J2853', 'Flat Black (Quick Color)', '#fff', 'Matt', 'Enamel'], ['DE1618', 'Detroit Diesel Alpine Green', '#fff', 'Gloss', 'Enamel'], ['T125', 'Clear Top Coat (Dupli-Color)', '#fff', 'Gloss', 'Enamel'], ['519', 'White', '#ffffff', 'Matt', 'Acrylic'], ['62.051', 'Steel', '#fff', 'Metallic', 'Acrylic'], ['Ultimate Primer', 'Ultimate Products', '#000000', 'Matt', 'Acrylic'], ['2700', 'Spraymate', '#fff', 'Matt', 'Acrylic'], ['1580', 'Flat Dark Tan', '#fff', 'Matt', 'Acrylic'], ['8552', 'Golden High Flow Acrylics', '#fff', 'Matt', 'Acrylic'], ['SP4195', 'Blue Realistic Water', '#fff', None, 'Acrylic'], ['DAP1699', 'Primer Sealer', '#9da4a8', 'Matt', None], ['DAP1700', '2 in 1 Primer', '#b2b3b7', 'Matt', None], ['FP101', 'Gray Filler Primer', '#9fa3a6', 'Matt', None], ['HVP109', 'Medium Gray', '#8a989b', 'Matt', None], ['SD 01', 'Dark Rust', '#fff', 'Matt', None], ['SD 05', 'Dark Earth', '#fff', 'Matt', None], ['BGM0530', 'Light Tarnished Silver Metallic', '#acb0b1', 'Metallic', None], ['HWP106', 'Wheel Matte Clear Coat', None, 'Matt', None]], 'E7 Auto Color': [['AC-01', 'Soul Red', '#fff', 'Gloss', None], ['AC-02', 'Royal Blue', '#fff', 'Gloss', None], ['AC-03', 'Sports Car Orange', '#fff', 'Gloss', None], ['AC-04', 'Ferrari Red', '#fff', 'Gloss', None], ['AC-05', 'Shadow Blue', '#fff', 'Gloss', None]], 'E7 Basic Color': [['B-01', 'Flat Base', '#ffffff', 'Matt', None], ['B-02', 'Red Madder', '#ff2c33', 'Gloss', None], ['B-03', 'Orange', '#ff5e1a', 'Gloss', None], ['B-04', 'Palatinate Blue', '#006dbf', 'Gloss', None], ['B-05', 'Sand Green', '#526547', 'Gloss', None], ['B-06', 'Lemon Yellow', '#fff200', 'Gloss', None], ['B-07', 'Lavender', '#7c63b4', 'Gloss', None], ['B-08', 'Ultra Blue', '#335ac3', 'Gloss', None], ['B-09', 'Forest Green', '#516448', 'Gloss', None], ['B-10', 'Ocra Yellow', '#f7b048', 'Gloss', None], ['B-11', 'Ultramarine', '#7c53ce', 'Gloss', None], ['B-12', 'Midnight Blue', '#fff', 'Gloss', None], ['B-13', 'Indigo', '#fff', 'Gloss', None], ['B-14', 'Light Grey Cold', '#fff', 'Gloss', None], ['B-15', 'Dark Grey Cold', '#fff', 'Gloss', None], ['B-16', 'Light Grey Warm', '#fff', 'Gloss', None], ['B-17', 'Dark Grey Warm', '#fff', 'Gloss', None], ['B-19', 'Mecha White', '#fff', 'Gloss', None], ['B-20', 'Light Frame Grey', '#fff', 'Gloss', None], ['B-21', 'Dark Frame Grey', '#fff', 'Gloss', None], ['XL-03', 'Clear Gloss', '#fff', 'Gloss', None], ['XL-04', 'Gloss White', '#fff', 'Gloss', None], ['XL-05', 'Gloss Black', '#fff', 'Gloss', None]], 'E7 Chameleon': [['CM-01', 'Chameleon Rainbow', '#fff', 'Metallic', None], ['CM-02', 'Chameleon Brown+Purple+Blue', '#fff', 'Metallic', None], ['CM-03', 'Chameleon Purple+Blue+Green', '#fff', 'Metallic', None], ['CM-04', 'Chameleon Purple+Blue', '#fff', 'Metallic', None], ['CM-05', 'Chameleon Gold+Green', '#fff', 'Metallic', None], ['CM-06', 'Chameleon Orange+Purple', '#fff', 'Metallic', None], ['CM-07', 'Chameleon Green+Purple', '#fff', 'Metallic', None], ['CM-08', 'Phantom Blue', '#fff', 'Metallic', None]], 'E7 Clear Paints': [['CL-01', 'Clear Red', '#fff', None, None], ['CL-02', 'Clear Blue', '#fff', None, None], ['CL-03', 'Clear Light Blue', '#fff', None, None], ['CL-04', 'Clear Purple', '#fff', None, None], ['CL-05', 'Clear Green', '#fff', None, None], ['CL-06', 'Clear Pink', '#fff', None, None], ['CL-07', 'Clear Yellow', '#fff', None, None], ['CL-08', 'Clear Cherry Red', '#fff', None, None], ['CL-09', 'Clear Orange', '#fff', None, None], ['CL-10', 'Clear Black', '#fff', None, None], ['CL-11', 'Clear Black Blue', '#fff', None, None]], 'E7 Crystal': [['CR-02', 'Crystal Purple', '#fff', 'Gloss', None], ['50', 'Crystal Blue', '#fff', 'Gloss', None], ['52', 'Crystal Red', '#fff', 'Gloss', None], ['53', 'Crystal Green', '#fff', 'Gloss', None], ['54', 'Crystal Yellow', '#fff', 'Gloss', None], ['55', 'Crystal White', '#fff', 'Gloss', None]], 'E7 Metallic Paints': [['M-01', 'Silver', '#fff', 'Metallic', None], ['M-02', 'Bright Silver', '#fff', 'Metallic', None], ['M-03', 'Pearl Gold', '#fff', 'Metallic', None], ['M-04', 'Gold', '#fff', 'Metallic', None], ['M-05', 'Red Gold', '#fff', 'Metallic', None], ['M-06', 'Green Gold', '#fff', 'Metallic', None], ['M-07', 'Gun Metal (Cold)', '#fff', 'Metallic', None], ['M-08', 'Gun Metal (Warm)', '#fff', 'Metallic', None], ['M-09', 'Copper', '#fff', 'Metallic', None], ['M-10', 'Star Gold', '#fff', 'Metallic', None], ['M-11', 'Champagne Gold', '#fff', 'Metallic', None], ['M-12', 'Rose Gold', '#fff', 'Metallic', None], ['S-02', 'Chrome Sealer', '#fff', None, None], ['S-09', 'Shine Chrome', '#fff', 'Gloss', None]], "Finisher's": [['FI091', 'Urethane clear GP1 mini / Urethane, Hardener, Thinner', None, 'Paint sets', None], ['FI098', 'Lacquer paste thinner', None, 'Thinners', None], [None, None, None, 'Matt', None], [None, None, None, 'Matt', None], [None, None, None, 'Matt', None], ['FI001', 'Foundation White', None, 'Matt', None], ['FI002', 'Foundation Pink', None, 'Matt', None], ['FI003', 'Foundation Blue', None, 'Matt', None], ['FI004', 'Foundation Cream', None, 'Matt', None], ['FI005', 'Foundation Grey', None, 'Matt', None], ['FI006', 'Pure White', None, 'Gloss', None], ['FI007', 'Pure Black', None, 'Gloss', None], ['FI008', 'Pure Yellow', None, 'Gloss', None], ['FI009', 'Pure Blue', None, 'Gloss', None], ['FI010', 'Pure Green', None, 'Gloss', None], ['FI011', 'Pure Orange', None, 'Gloss', None], ['FI012', 'Bright Red', None, 'Gloss', None], ['FI013', 'Pure Red', None, 'Gloss', None], ['FI014', 'Rich Red (late 80ΓÇÖs to early 90ΓÇÖs Ferrari Formula one)', None, 'Gloss', None], ['FI015', 'Silk Red (80ΓÇÖs Ferrari, F40, F365, 80/90ΓÇÖs Leman team color)', None, 'Gloss', None], ['FI016', 'Deep Red (It is very close to Alfa Romeo red)', None, 'Gloss', None], ['FI017', 'Ivory White (60ΓÇÖs car, Honda F1 cars)', None, 'Gloss', None], ['FI018', 'Lemon Yellow', None, 'Gloss', None], ['FI019', 'Deep Yellow', None, 'Gloss', None], ['FI020', 'Medium Yellow (For Lotus 99T)', None, 'Gloss', None], ['FI021', 'Yellow Green (Yellowish green, depict F1 Jordan 191 green)', None, 'Gloss', None], ['FI022', 'Sky blue (for Mild Seven Benetton, light blue)', None, 'Gloss', None], ['FI023', 'Formula French Blue (for F-1 Matra, Ligier)', None, 'Gloss', None], ['FI024', 'Blue Purple (in the middle of blue and purple)', None, 'Gloss', None], ['FI025', 'Blz Blue (for F-1 Benetton, dark blue)', None, 'Gloss', None], ['FI026', 'Bright Blue', None, 'Gloss', None], ['FI027', 'Brilliant Green', None, 'Gloss', None], ['FI028', 'Light Gun Metal', None, 'Metallic', None], ['FI029', 'West Black (for McLaren MP4/13)', None, 'Metallic', None], ['FI030', 'Semi gloss black', None, 'Satin', None], ['FI031', 'Carbon black matt', None, 'Matt', None], ['FI032', 'Fine Silver', None, 'Metallic', None], ['FI033', 'CLK Silver (Germany, Mercedes Silver)', None, 'Metallic', None], ['FI034', 'Gulf Blue (For Porsche 917 Ford GT40)', None, 'Gloss', None], ['FI035', 'Cerulean Blue (For F1 Layton House & Sauber Petronas green)', None, 'Gloss', None], ['FI036', 'Blue Black (For F-1 Lotus 78, 79, 97, 98)', None, 'Gloss', None], ['FI037', 'Super Fine Cobalt', None, 'Gloss', None], ['FI038', 'Super Deep Blue', None, 'Gloss', None], ['FI039', 'Super Fine Green', None, 'Gloss', None], ['FI040', 'Super Shell White', None, 'Gloss', None], ['FI041', 'Brown', None, 'Gloss', None], ['FI042', 'Chocolate', None, 'Gloss', None], ['FI043', 'Peppermint', None, 'Gloss', None], ['FI044', 'Lavender', None, 'Gloss', None], ['FI045', 'Salmon Pink (old French car such as Citroen and Renault)', None, 'Gloss', None], ['FI046', 'Purple (suitable for sports car like Porsche, Lamborghini)', None, 'Gloss', None], ['FI047', 'Brabham Blue (for F-1 Brabham BT 50, 52)', None, 'Gloss', None], ['FI048', 'Yoshimura Red (for Yoshimura motorcycle team)', None, 'Gloss', None], ['FI049', '21Purple (Suitable for Yamaha YZR bike)', None, 'Gloss', None], ['FI050', 'Genesis Blue (For bike, Yamaha YZR)', None, 'Gloss', None], ['FI051', 'Ninja Purple', None, 'Gloss', None], ['FI052', 'Rossi Blue (for Yamaha YZR bike)', None, 'Metallic', None], ['FI053', 'Engine Blue (for exhaust pipe)', None, 'Metallic', None], ['FI054', 'Chrome Silver (best result by painted on pure black)', None, 'Metallic', None], ['FI055', 'Jaguar Green (for F-1 Jaguar racing)', None, 'Metallic', None], ['FI056', 'Jaguar Purple (For Le Mans Jaguar XJR-14)', None, 'Gloss', None], ['FI057', 'Red Gold (suitable for BBS wheel)', None, 'Metallic', None], ['FI058', 'Blue Gold (suitable for F-1 Jordan 196)', None, 'Metallic', None], ['FI059', 'Silver Pearl Liquid', None, 'Gloss', None], ['FI060', 'Gold Pearl Liquid', None, 'Gloss', None], ['FI061', 'Seaside Blue (for Nissan Skyline R34)', None, 'Metallic', None], ['FI062', 'Sparkling Blue (for Subaru Impreza WRC 1994)', None, 'Metallic', None], ['FI063', 'AP Blue (suitable for F-1 Prost Grand Prix)', None, 'Metallic', None], ['FI064', 'Prost Blue (suitable for F-1 Prost Grand Prix for AP04)', None, 'Metallic', None], ['FI065', 'Wolf Blue (For F-1 Wolf WR1)', None, 'Gloss', None], ['FI066', 'Formula Green (For F-1 Benetton B 192)', None, 'Gloss', None], ['FI067', 'Maroon', None, 'Gloss', None], ['FI068', 'Greenish Blue (For Honda NSR Repsol Team)', None, 'Metallic', None], ['FI069', 'Pacific Blue (suitable for Subaru Impreza WRC 1995 onward)', None, 'Metallic', None], ['FI070', 'Pearl White', None, 'Gloss', None], ['FI071', 'Pearl Green', None, 'Gloss', None], ['FI072', 'Pearl Blue', None, 'Gloss', None], ['FI073', 'Pearl Pink', None, 'Gloss', None], ['FI074', 'Shields Silver', None, 'Metallic', None], ['FI075', 'Clear Red (for taillight)', None, 'Gloss', None], ['FI076', 'Clear Orange (for signal light)', None, 'Gloss', None], ['FI077', 'Clear Black (for smoke effects)', None, 'Gloss', None], ['FI078', 'Lumi Red (for F-1 Ferrari 2003GA)', None, 'Fluo', None], ['FI079', 'Lumi Orange (for F-1 McLaren M23)', None, 'Fluo', None], ['FI080', 'Mica Red (For F-1 Ferrari 2007)', None, 'Metallic', None], ['FI081', 'Metallic Red (for F-1 Ferrari 2008, F60)', None, 'Metallic', None], ['FI082', 'Formula Chrome (for F-1 McLaren MP4/21, MP 4/22)', None, 'Metallic', None], ['FI099', 'Super Flat Coat', None, 'Matt', None], ['FI113', 'Cobra Blue (for Ford 1965ΓÇÖs Shelby Cobra 427)', None, 'Metallic', None], ['FI114', "Camel Gray (Color suitable for 80's - 90's civilian cars)", None, 'Matt', None], ['FI115', "Blue Gray (Suitable for 80' - 90's civilian cars)", None, 'Matt', None], ['FI116', 'Pink Gray (For vintage street car 60ΓÇÖs-80ΓÇÖs,Limited release)', None, 'Gloss', None], ['FI116', "Pink Gray (Suitable for 80's -90's civilian cars)", None, 'Matt', None], ['FI092', 'Urethane Thinner', None, 'Thinners', None], ['FI087A', 'Auto Clear', None, 'Gloss', None], ['FI103', 'Acril prasuf white (Primer surfacer 80ml)', None, 'Matt', None], ['FI104', 'Acril prasuf gray (Primer surfacer 80ml)', None, 'Matt', None], ['FI117', 'Foundation Pink L size', None, 'Matt', None], ['FI093', 'Pure Thinner', None, 'Thinners', None], ['FI095', 'Multi Primer', None, 'Matt', None], ['FI102', 'Foundation White L size', None, 'Matt', None], ['FI106', 'Resin cleaner', None, 'Cleaners', None], ['FI094', 'Pure Thinner L', None, 'Thinners', None], ['FI083', 'MP4 Red (For McLaren MP 4/4, Fluorescent red)', None, 'Paint sets', None], ['FI084', 'Formula Red (For Ferrari F2000, F2001)', None, 'Paint sets', None], ['FI085', 'Imperial Red (F-1 Lotus 79, Fuji Speedway)', None, 'Paint sets', None], ['FI101', 'Super Gloss Coat', None, 'Paint sets', None], ['FI087', 'Auto Clear with thinner set', None, 'Paint sets', None], ['FI100', 'Super Flat Coat Set (with 15ml gloss adjuster)', None, 'Paint sets', None], ['FI086', 'Italian Red Set (Bright red to deep red 5 color set)', None, 'Paint sets', None], ['FI089', 'Urethane Clear GP1 /Urethane 80ml Hardener 10ml Thinner 50ml', None, 'Paint sets', None], ['FI090', 'Urethane Clear GP2 / Urethane 80m Hardener 40ml Thinner 50ml', None, 'Paint sets', None]], 'Fire Scale Colors': [['FSA034', 'Varnish Matt Brush', None, 'Matt', 'Acrylic'], ['FSA035', 'Varnish Satin Brush', None, 'Satin', 'Acrylic'], ['FSA036', 'Varnish Gloss Brush', None, None, 'Acrylic'], ['FCM012', 'Light Gray', None, 'Matt', None], ['FCM013', 'Flat White', None, 'Matt', None], ['FCM014', 'Basalt Gray', None, 'Matt', None], ['FCM015', 'Blue Grey', None, 'Matt', None], ['FCM016', 'Black Olive', None, 'Matt', None], ['FCM017', 'Anthracite', None, 'Matt', None], ['FCM018', 'Desert Yellow', None, 'Matt', None], ['FCM019', 'Dark Grey', None, 'Matt', None], ['FCM020', 'Flat Brown', None, 'Matt', None], ['FCM021', 'Flat Dark Yellow', None, 'Matt', None], ['FCM022', 'Clay brown', None, 'Matt', None], ['FCM025', 'Dunkelgrau', None, 'Matt', None], ['FCM026', 'Metal Flat Steel', None, 'Matt', None], ['FCM027', 'White', None, 'Matt', None], ['FCM029', 'Sky Grey', None, 'Matt', None], ['FCM030', 'Agressor Blue', None, 'Matt', None], ['FCM031', 'Agressor Grey', None, 'Matt', None], ['FCM033', 'Middlestone', None, 'Matt', None], ['FCM034', 'Olive Drab', None, 'Matt', None], ['FCM035', 'Panzergrau', None, 'Matt', None], ['FCM036', 'Dark Yellow', None, 'Matt', None], ['FCM037', 'Rotbraun', None, 'Matt', None], ['FCM038', 'Intermediate Blue', None, 'Matt', None], ['FCM040', 'Raf Medium Sea Gray', None, 'Matt', None], ['FCM041', 'Intermediate Blue', None, 'Matt', None], ['FCM042', 'Raf Middlestone', None, 'Matt', None], ['FCM043', 'Raf Dark Sea Gray', None, 'Matt', None], ['FCM044', 'RAF Dark Green', None, 'Matt', None], ['FCM046', 'RAF Sky Blue', None, 'Matt', None], ['FCM049', 'RAF Dark Earth', None, 'Matt', None], ['FCM050', 'Medium Green USA', None, 'Matt', None], ['FCM051', 'USAAF Olive Drab 41', None, 'Matt', None], ['FCM052', 'Blue Angels Yellow', None, 'Matt', None], ['FCM053', 'Flat Black', None, 'Matt', None], ['FCM054', 'RAF Azure Blue', None, 'Matt', None], ['FCM055', 'Black Nato', None, 'Matt', None], ['FSC001', 'Black', '#000000', 'Matt', None], ['FSC002', 'White', '#ffffff', 'Matt', None], ['FSC003', 'Grey', '#cccccc', 'Matt', None], ['FSC004', 'Blue', '#1b193e', 'Matt', None], ['FSC005', 'Green', '#63a939', 'Matt', None], ['FSC006', 'Orange', '#dc3407', 'Matt', None], ['FSC007', 'Red', '#970907', 'Matt', None], ['FSC008', 'Yellow', '#faee26', 'Matt', None], ['FSC009', 'Cosmic Rose', '#af787d', 'Metallic', None], ['FSC010', 'RAL 1016 Emerg. Colors', '#ede400', 'Matt', None], ['FSC011', 'Aluminium', '#c3ccd5', 'Metallic', None], ['FSC012', 'Signal Blue', '#033373', 'Matt', None], ['FSC013', 'Grey Primer', '#cccccc', 'Matt', None], ['FSC014', 'White Primer', '#ffffff', 'Matt', None], ['FSC015', 'Fluo Green', '#04d64f', 'Fluo', None], ['FSC016', 'Fluo Orange', '#ff6c02', 'Fluo', None], ['FSC017', 'Fluo Red', '#ff0103', 'Fluo', None], ['FSC018', 'Fluo Yellow', '#ebfa0b', 'Fluo', None], ['FSC019', 'Jagermeister Team', None, 'Matt', None], ['FSC020', 'Dark Blue LM5X', '#01172c', 'Metallic', None], ['FSC021', 'Dove Blue (VW)', '#43565c', 'Matt', None], ['FSC022', 'Hellrose', None, 'Matt', None], ['FSC023', 'Ferrari SF70H', '#ff1d11', 'Matt', None], ['FSC024', 'Rosso Corsa', '#ff1d11', 'Satin', None], ['FSC025', 'RAL 3000 Emerg. Colors', None, 'Matt', None], ['FSC026', 'Deep Magenta Metal', None, 'Pearl', None], ['FSC027', 'Thinner', None, 'Thinners', None], ['FSC028', 'Giallo Modena', None, 'Matt', None], ['FSC029', 'Aston Martin 007', None, 'Metallic', None], ['FSC030', 'Lucifer Red (Lamborghini Aventador)', '#fff', 'Matt', None], ['FSC031', 'Red Velocity (Pagani Huayra)', None, 'Pearl', None], ['FSC032', 'BMW 2002 Tii', None, 'Matt', None], ['FSC033', 'BMW 2002 Turbo', None, 'Matt', None], ['FSC034', 'Honda NSX (2015)', None, 'Pearl', None], ['FSC035', 'Scania R730 Black', None, 'Matt', None], ['FSC036', 'Alfa Romeo 33', None, 'Matt', None], ['FSC037', 'Gold', '#fff', 'Matt', None], ['FSC038', 'Mercedes Actros', None, 'Metallic', None], ['FSC039', 'Mercedes AMG GT3', None, 'Metallic', None], ['FSC040', 'Dark Rubber', None, 'Matt', None], ['FSC041', 'Scania R730 Pearl Beige', None, 'Metallic', None], ['FSC042', 'Ford Gt Le Mans RED', '#fff', 'Matt', None], ['FSC042', 'Lotus Honda 99T', None, 'Matt', None], ['FSC043', 'Ford GT Lemans Blue 16-17', None, 'Matt', None], ['FSC044', 'Ford GT Lemans Red 16-17', None, 'Matt', None], ['FSC044', 'Ford GT Lemans Red 16-17', None, 'Matt', None], ['FSC045', 'Bastos Team', None, 'Matt', None], ['FSC046', 'Prugna Metal', None, 'Metallic', None], ['FSC047', 'Blue Sera', None, 'Metallic', None], ['FSC048', 'Green 340X', None, 'Pearl', None], ['FSC049', 'Blue Subaru', None, 'Pearl', None], ['FSC050', 'Chrome', None, 'Matt', None], ['FSC051', 'Dark Grey Primer', None, 'Matt', None], ['FSC052', 'Green Turquoise', None, 'Pearl', None], ['FSC053', 'Gulf Blue', None, 'Matt', None], ['FSC054', 'Orange Gulf', None, 'Matt', None], ['FSC055', 'Ferrari 516C', None, 'Pearl', None], ['FSC056', 'Rothmans Team', None, 'Matt', None], ['FSC057', 'Mercedes 300SL Silver', None, 'Metallic', None], ['FSC058', 'BMW 507', None, 'Matt', None], ['FSC058', 'BMW 507', None, 'Matt', None], ['FSC059', 'Ford GT Lemans 2018 Blue', None, 'Metallic', None], ['FSC060', 'Ford GT Lemans 2018 Red', None, 'Metallic', None], ['FSC061', 'Ford GT Lemans - White', None, 'Matt', None], ['FSC062', 'Orange Fluo Repsol', None, 'Matt', None], ['FSC063', 'Kawasaki Green', None, 'Matt', None], ['FSC064', 'Polizei Green', None, 'Matt', None], ['FSC065', 'Repsol orange', None, 'Matt', None], ['FSC066', 'Black Repsol', None, 'Matt', None], ['FSC067', 'Martini Team Light Blue', None, 'Matt', None], ['FSC068', 'Martini Team Dark Blue', None, 'Matt', None], ['FSC069', 'Martini Team Red', None, 'Matt', None], ['FSC070', 'Dove Gray', None, 'Matt', None], ['FSC071', 'Light Gray', None, 'Matt', None], ['FSC072', 'Golden Brown Design', None, 'Matt', None], ['FSC073', 'Graphite M', None, 'Matt', None], ['FSC074', 'Beige Design', None, 'Matt', None], ['FSC075', 'Clay Brown Design', None, 'Matt', None], ['FSC076', 'White Pearl', None, 'Pearl', None], ['FSC077', 'Orange pearl', None, 'Pearl', None], ['FSC078', 'Veshia Blue', None, 'Pearl', None], ['FSC079', 'Old English White', None, 'Matt', None], ['FSC080', 'Black Pearl', None, 'Pearl', None], ['FSC081', 'Turquoise blue', None, 'Matt', None], ['FSC083', 'Citroen DS3 WRC Red Bull - Blue', None, 'Matt', None], ['FSC084', 'Citroen DS3 WRC Red Bull - Yellow', None, 'Matt', None], ['FSC085', 'Citroen DS3 WRC Red Bull - RED', None, 'Matt', None], ['FSC087', 'White Repsol', None, 'Matt', None], ['FSC088', 'Red Repsol', None, 'Matt', None], ['FSC089', 'Honda NSR Turquoise Blue', None, 'Metallic', None], ['FSC090', 'Honda RCV11V Yellow', None, 'Matt', None], ['FSC091', 'Yamaha R1 Spiderman Red', None, 'Matt', None], ['FSC092', 'Yamaha R1 Spiderman Blue', None, 'Metallic', None], ['FSC093', 'Subaru 555 93/95', None, 'Matt', None], ['FSC094', 'Blu Siren Lamborgini', None, 'Metallic', None], ['FSC095', 'National Safety Yellow', None, 'Matt', None], ['FSC096', 'Subaru Wheels Gold', None, 'Metallic', None], ['FSC097', 'Cadbury Purple Pearl', None, 'Metallic', None], ['FSC098', 'Sinister Blue Harley Davidson', None, 'Metallic', None], ['FSC099', 'Green pin', None, 'Metallic', None], ['FSC100', 'Blu Pozzi', None, 'Pearl', None], ['FSC101', 'Bianco Canopus Lamborghini', None, 'Pearl', None], ['FSC102', 'Malaga Rot', None, 'Matt', None], ['FSC103', 'Almond Green Aston Martim', None, 'Pearl', None], ['FSC104', 'Black Gloss', None, 'Gloss', None], ['FSC105', 'White Gloss', None, 'Gloss', None], ['FSC106', 'Ruby Red', None, 'Matt', None], ['FSC107', 'Pink Primer', None, 'Matt', None], ['FSC108', 'Porsche Palladium Metalic', None, 'Metallic', None], ['FSC110', 'Azzuro Nuvola Color', None, 'Metallic', None], ['FSC111', 'Aqua Marine Green', None, 'Matt', None], ['FSC112', 'Black Onyx', None, 'Pearl', None], ['FSC113', 'Stars Silver', None, 'Metallic', None], ['FSC114', 'Satin Silver Porsche 911 RSR', None, 'Satin', None], ['FSC115', 'Midnight Blue', None, 'Pearl', None], ['FSC116', 'Black obsidian', None, 'Pearl', None], ['FSC117', 'Terracotta Design', None, 'Matt', None], ['FSC119', 'White Silver Mini Cooper', None, 'Metallic', None], ['FSC120', 'Orange Sunshine', None, 'Metallic', None], ['FSC121', 'Grigio Titanio Ferrari', None, 'Metallic', None], ['FSC122', 'Green Racing Lotus F1', None, 'Matt', None], ['FSC123', 'Pastel Green Land Rover', None, 'Matt', None], ['FSC124', 'Alpine White Land Rover', None, 'Matt', None], ['FSC125', 'Bronze Green Land Rover', None, 'Matt', None], ['FSC126', 'Limestone Land Rover', None, 'Matt', None], ['FSC127', 'Pearl Blue Eagle T1G', None, 'Metallic', None], ['FSC128', 'UPS Brown', None, 'Matt', None], ['FSC129', 'Mini Cooper Dark Gray', None, 'Metallic', None], ['FSC130', 'Leyton House Aquamarine Blue', None, 'Matt', None], ['FSC131', 'Red Leather Design', None, 'Matt', None], ['FSC132', 'White Leather Design', None, 'Matt', None], ['FSC133', 'Porsche Saffron Yellow', None, 'Matt', None], ['FSC134', 'Camel Trophy 94/97', None, 'Matt', None], ['FSC135', 'Land Rover Bahama Gold', None, 'Matt', None], ['FSC136', 'Damask Metallic', None, 'Metallic', None], ['FSC137', 'Mini Cooper Hot Chocolate', None, 'Metallic', None], ['FSC138', 'Mclaren MP4 (Marlboro) Red', None, 'Matt', None], ['FSC139', 'Mclaren MP4 White', None, 'Matt', None], ['FSC141', 'Emerg Colors Aircraft - Red', None, 'Matt', None], ['FSC142', 'Emerg Colors Aircraft - Yellow', None, 'Matt', None], ['FSC143', 'Clear Red', None, 'Matt', None], ['FSC144', 'Clear Orange', None, 'Matt', None], ['FSC145', 'Clear Blue', None, 'Matt', None], ['FSC146', 'Clear Green', None, 'Matt', None], ['FSC147', 'Clear Yellow', None, 'Matt', None], ['FSC149', 'Snowcrest White', None, 'Matt', None], ['FSC150', "Racing Red 1970's Nissan 240Z", None, 'Matt', None], ['FSC151', 'Bentley Blower 4.5 Liter 1930 Green Paint', None, 'Matt', None], ['FSC152', 'MG Metro 6R4 Computervision Blue', None, 'Matt', None], ['FSC153', 'MG Metro 6R4 Computervision White', None, 'Matt', None], ['FSC154', 'Falken Blue Team', None, 'Matt', None], ['FSC155', 'Falken Green Team', None, 'Matt', None], ['FSC156', 'Monte Carlo 1996 Blue - Peugeot 306 Maxi', None, 'Matt', None], ['FSC157', 'Monte Carlo 1996 White - Peugeot 306 Maxi', None, 'Matt', None], ['FSC158', 'Peugeot 306 Maxi - Silver Team', None, 'Metallic', None], ['FSC159', 'Giallo Evros Lamborghini', None, 'Matt', None], ['FSC160', 'Nardo Grey Audi', None, 'Matt', None], ['FSC161', 'Golden Yellow Metallic', None, 'Metallic', None], ['FSC162', 'Black Semi Gloss', None, 'Matt', None], ['FSC163', 'Peugeot 206 WRC Malboro Red', None, 'Matt', None], ['FSC164', 'Dark Blue WRC Volkswagen Polo', None, 'Metallic', None], ['FSC165', 'Peugeot 206 WRC Malboro Red', None, 'Matt', None], ['FSC166', '91 Malboro Red Toyota Celica', None, 'Matt', None], ['FSC167', 'Volt Racing Ford Mustang', None, 'Matt', None], ['FSC168', 'GT4 German Gray Ford Mustang', None, 'Matt', None], ['FSC169', 'GT4 Oxford White Ford Mustang', None, 'Matt', None], ['FSC170', 'Subaru Impreza 90/91', None, 'Matt', None], ['FSC171', 'Blazing Red Mini Cooper', None, 'Matt', None], ['FSC172', 'Calsonic Team Blue', None, 'Matt', None], ['FSC173', 'Camel Yellow BMW', None, 'Matt', None], ['FSC174', 'Jaune Faro Peugeot', None, 'Pearl', None], ['FSC175', 'Tamny Metalic 2 Ford', None, 'Metallic', None], ['FSC176', 'Blu Italia Fiat', None, 'Metallic', None], ['FSC177', 'Ford Mustang GT4 Multimatic Motorsports Gray', None, 'Matt', None], ['FSC178', 'Ford Mustang GT4 Multimatic Motorsports Blue', None, 'Matt', None], ['FSC179', 'Blue Bali Porsche', None, 'Matt', None], ['FSC180', 'Red Acura curve', None, 'Matt', None], ['FSC181', 'Beige Antique Renault', None, 'Metallic', None], ['FSC182', 'Ford WR1 F1 Gold', None, 'Metallic', None], ['FSC183', 'Ford WR1 F1 Midnight blue', None, 'Metallic', None], ['FSC184', 'John Player Special Black', None, 'Matt', None], ['FSC185', 'Kevlar Color', None, 'Matt', None], ['FSC186', 'Light Yellow Porsche', None, 'Matt', None], ['FSC187', 'Yellow Melon', None, 'Matt', None], ['FSC188', 'Diamond White Eagles Space 1999', None, 'Matt', None], ['FSC189', 'Fiat 131 Abarth Markku Alena - Blue', None, 'Matt', None], ['FSC190', 'Fiat 131 Abarth Markku Alena - Yellow', None, 'Matt', None], ['FSC191', 'Renault 5 Turbo Rally - Black', None, 'Matt', None], ['FSC192', 'Renault 5 Turbo Rally - Yellow', None, 'Matt', None], ['FSC193', 'Jaguar XJS TWR British Green', None, 'Matt', None], ['FSC194', 'Championship White Honda Type R', None, 'Metallic', None], ['FSC196', 'Black Amber Scania Truck', None, 'Metallic', None], ['FSC197', 'Fire Black Mclaren', None, 'Metallic', None], ['FSC198', 'Hyundai i20 WRC Performance Blue', None, 'Matt', None], ['FSC199', 'Hyundai i20 WRC Racing Red', None, 'Matt', None], ['FSC201', 'Arancio Borealis Lamborghini', None, 'Metallic', None], ['FSC202', 'Stone Blue Hyundai', None, 'Metallic', None], ['FSC203', 'Dark Blue Sauber Mercedes C9', None, 'Matt', None], ['FSC204', 'Chili Red Mini', None, 'Matt', None], ['FSC205', 'Ferrari 250 GTO UDT Laystall', None, 'Matt', None], ['FSC206', 'Nassau Blue Chevrolet Corvette', None, 'Metallic', None], ['FSC207', 'Kouros Blue Sauber C9', None, 'Matt', None], ['FSC208', 'Poly Silver DMC Delorean', None, 'Metallic', None], ['FSC209', 'Ford Focus RS WRC Blue', None, 'Matt', None], ['FSC210', 'Ford Focus RS WRC Green', None, 'Matt', None], ['FSC211', 'Green John Deere', None, 'Matt', None], ['FSC212', 'Pink Pig Porsche 911 GT3', None, 'Matt', None], ['FSC213', 'Volcano Orange Mclaren', None, 'Matt', None], ['FSC214', 'Mlllenium Jade Nissan', None, 'Metallic', None], ['FSC215', 'Quartz Blue BMW', None, 'Metallic', None], ['FSC216', 'Aluminum Grade Mercedes', None, 'Metallic', None], ['FSC217', 'Yellow Daffodil', None, 'Matt', None], ['FSC218', 'Carmine Red Porche', None, 'Matt', None], ['FSC219', 'Mercedes Travertin Beige', None, 'Metallic', None], ['FSC219', 'Sky Blue Lamborghini', None, 'Matt', None], ['FSC221', 'Land Rover Montpellier', None, 'Metallic', None], ['FSC222', 'ADAC Yellow', None, 'Matt', None], ['FSC223', 'Brabhan BT60B Pink', None, 'Matt', None], ['FSC224', 'Brabhan BT60B Light Blue', None, 'Matt', None], ['FSC225', 'Brabhan BT60B Dark Blue', None, 'Matt', None], ['FSC227', 'Ascot Gray BMW', None, 'Metallic', None], ['FSC228', 'Mistubishi Lancer Evo Passion Red', None, 'Matt', None], ['FSC230', 'Blue Ford Escort RS Cosworth', None, 'Matt', None], ['FSC231', 'Yellow Ford Escort RS Cosworth', None, 'Matt', None], ['FSC232', 'Montana Green Volkswagen', None, 'Metallic', None], ['FSC233', 'Pearl Gray Volkswagen', None, 'Metallic', None], ['FSC234', 'Baltic Blue BMW', None, 'Metallic', None], ['FSC235', 'Windsor blue Volkswagen', None, 'Metallic', None], ['FSC236', 'Noir Etoile Renault', None, 'Metallic', None], ['FSC237', 'Jaune Sirius Renault', None, 'Metallic', None], ['FSC238', 'Papaya Orange Spark McLaren', None, 'Metallic', None], ['FSC239', 'Volvo Truck White Opel', None, 'Matt', None], ['FSC247', 'Ford Fiesta WRC Monte Carlo 2020 - Blue', None, 'Matt', None], ['FSC248', 'Ford Fiesta WRC Monte Carlo 2020 - White', None, 'Matt', None], ['FSC249', 'Selenit Gray Magno Mercedes', None, 'Metallic', None], ['FSC251', 'Albert Blue Porsche', None, 'Matt', None], ['FSC252', 'Metallic Blue Porsche', None, 'Metallic', None], ['FSC253', 'Gris Tungsten Renault', None, 'Metallic', None], ['FSC254', 'Olympic Blue Ford', None, 'Matt', None], ['FSC255', 'AX6 Red Nissan', None, 'Metallic', None], ['FSC256', 'Nissan Fairlady 240Z Maroon', None, 'Metallic', None], ['FSC257', 'Mineral Gray BMW', None, 'Metallic', None], ['FSC258', 'Citroen Blue Regatta', None, 'Metallic', None], ['FSC259', 'Team Grifone Rally Beige. Met', None, 'Metallic', None], ['FSC260', 'Citroen C3 WRC 2017/2018 - Metalic Gray', None, 'Metallic', None], ['FSC261', 'Citroen C3 WRC 2017/2018 - Red', None, 'Matt', None], ['FSC262', 'Citroen C3 WRC 2017/2018 - White', None, 'Matt', None], ['FSC263', 'Suzuki GSX-RR 2020 Triton Blue', None, 'Metallic', None], ['FSC264', 'Suzuki GSX-RR 2020 Mystic Silver', None, 'Metallic', None], ['FSC265', 'Oasis Green Talbot', None, 'Matt', None], ['FSC266', 'Sunset Orange Mitsubishi', None, 'Metallic', None], ['FSC267', 'Anthra Citroen', None, 'Metallic', None], ['FSC268', 'Merlin Met. AUDI', None, 'Metallic', None], ['FSC269', 'Volvo Java Cappuccino', None, 'Metallic', None], ['FSC270', 'Titan Silver Volvo', None, 'Metallic', None], ['FSC271', 'Blue 95 Scania', None, 'Matt', None], ['FSC272', 'Red Ruby Pearl Scania', None, 'Pearl', None], ['FSC273', 'Ebony Black Scania', None, 'Matt', None], ['FSC274', 'BLU DI BLU Fiat Abarth', None, 'Metallic', None], ['FSC275', 'Grigio Titanio Fiat Abarth', None, 'Metallic', None], ['FSC276', 'Ebony Black Scania', None, 'Matt', None], ['FSC277', 'Blu America Ferrari', None, 'Matt', None], ['FSC278', 'Argento Nurburgring Ferrari', None, 'Metallic', None], ['FSC279', 'Violet Purple Yamaha', None, 'Matt', None], ['FSC280', 'Apple Red Pearl Hyundai', None, 'Pearl', None], ['FSC281', 'Greyish Brown Mitsubishi', None, 'Matt', None], ['FSC282', 'B2K Nudie Brown Subaru', None, 'Matt', None], ['FSC283', 'Ferrari F1 87/88C', None, 'Matt', None], ['FSC284', 'Graphite Gray Mid Season - Mclaren MP4/30', None, 'Matt', None], ['FSC285', 'Kawasaki ZZR Green Met.', None, 'Metallic', None], ['FSC286', 'Yamaha YZF 750 Rose', None, 'Matt', None], ['FSC287', 'Black Primer', None, 'Matt', None], ['FSC288', 'Wasabi Color Porsche', None, 'Matt', None], ['FSC289', 'NSR 250 Shell Advance Honda - Red', None, 'Matt', None], ['FSC290', 'NSR 250 Shell Advance Honda - Yellow', None, 'Matt', None], ['FSC291', 'NSR 250 Shell Advance Honda - White', None, 'Matt', None], ['FSC292', 'Giallo Maggio Lamborghini', None, 'Metallic', None], ['FSC293', 'Porsche Arctic Silver', None, 'Metallic', None], ['FSC294', 'Porsche Guard Red', None, 'Matt', None], ['FSC295', 'Lime Green 1995 - Mitsubishi Eclipse Fast Furious', None, 'Matt', None], ['FSC296', 'Renault de Alpine A110 - Blue', None, 'Metallic', None], ['FSC297', 'Sunset Orange 9K5 Lexus', None, 'Pearl', None], ['FSC298', 'Dark Knight Volvo', None, 'Metallic', None], ['FSC299', 'Velocity Red Mica Magda', None, 'Metallic', None], ['FSC300', 'Acid Green 2M8 Porsche', None, 'Matt', None], ['FSC301', 'Apha Tauri DTM Ferrari Blue', None, 'Matt', None], ['FSC302', 'Guardia Civil Green', None, 'Matt', None], ['FSC303', '4078 Brilliant White DAF Truck', None, 'Matt', None], ['FSC304', 'Blu Ocean Masserati', None, 'Metallic', None], ['FSC306', 'Viper Gruen Porsche', None, 'Matt', None], ['FSC307', 'Ford T 1926 Maroon', None, 'Matt', None], ['FSC308', 'National Police Department Spain - Blue', None, 'Matt', None], ['FSC309', 'Snapper Rocks Blue Bmw', None, 'Matt', None], ['FSC311', 'Bleu Cristal Citroen', None, 'Matt', None], ['FSC312', 'Navarra Blue Audi Rs6', None, 'Matt', None], ['FSC313', 'LC3Y BORDEAUX VOLKSWAGEN', None, 'Matt', None], ['VFC003', 'Matte Varnish 1K', None, 'Matt', None], ['VFC004', 'Satin Varnish 1K', None, 'Satin', None], ['VFC005', 'Gloss Varnish 1K', None, 'Gloss', None], ['FSC013', 'Grey Primer', '#fff', 'Matt', None], ['FSC014', 'White Primer', '#fff', 'Matt', None], ['FSC106', 'Ruby Red', None, 'Matt', None], ['FSC138', 'McLaren MP4/4 1988 Red', None, 'Matt', None], ['FSC272', 'Red Ruby Pearl Scania', None, 'Pearl', None], ['FSC377', 'Rosso 75 Anniversary Ferrari', None, 'Matt', None], ['FCM001', 'Black', None, 'Matt', None], ['FCM002', 'White Insignia', None, 'Matt', None], ['FCM003', 'Orange', None, 'Matt', None], ['FCM004', 'Olive Green', None, 'Matt', None], ['FCM005', 'Nato Brown', None, 'Matt', None], ['FCM006', 'Golden Brown', None, 'Matt', None], ['FCM007', 'Red Signal', None, 'Matt', None], ['FCM008', 'Yellow Olive', None, 'Matt', None], ['FCM009', 'Moss Green', None, 'Matt', None], ['FCM010', 'Oxid Red', None, 'Matt', None], ['FCM011', 'Dove Gray', None, 'Matt', None], ['FCM056', 'Metalic Gray', None, 'Matt', None], ['FCM059', 'International Orange Aerospace', None, 'Matt', None], ['FCM061', 'Flat Sea Green', None, 'Matt', None], ['FSC118', 'Chameleon Red/Blue', None, None, None], ['SFC001', 'Scania R730 colors Set', None, None, None], ['SFC002', 'Gulf Team set', None, None, None], ['SFC003', 'Emergency Aircraft colors Set', None, None, None], ['SFC007', 'Chrome Set', None, None, None], ['SFC009', 'McLaren MP4 Set', None, None, None], ['SFC012', 'MG Metro 6R4 Computervision Set Colors', None, None, None], ['SFC013', 'Falken Set Colors Team', None, None, None], ['SFC014', 'Fiat 131 Abarth Markku Alen 1977 - Set Colors', None, None, None], ['SFC015', 'Ford Focus RS WRC - Set Colors', None, None, None], ['SFC016', 'Ford WR1 F1 - Set Colors', None, None, None], ['SFC018', 'Suzuki GSX-RR 2020 Set Color', None, None, None], ['SFC004', 'Ford GT Le Mans 2018 Set', None, None, None], ['SFC005', 'Ford GT Lemans Sep 16-17', None, None, None], ['SFC006', 'Martini Team Colors Set', None, None, None], ['SFC008', 'Red Racing Set', None, None, None], ['SFC017', 'Citroen C3 WRC 2017/2018 - Set Color', None, None, None], ['SFC020', 'NSR 250 Shell Advance Honda - Set Colors', None, None, None], ['VFC001', 'Matt Varnish 2K', None, None, None], ['VFC002', 'Clear Gloss 2K', None, None, None], ['VFC006', 'Satin Varnish 2K', None, None, None]], 'Floquil': [['F110009', 'Primer (gray)', '#fff', 'Matt', 'Enamel'], [None, None, '#fff', 'Matt', 'Enamel'], [None, None, '#fff', 'Matt', 'Enamel'], [None, None, '#fff', 'Matt', 'Enamel'], ['04', 'German Yellow', '#fff', 'Matt', 'Enamel'], ['6E7B83', 'BRITISH EXTRA DARK SEA GREY (MILITARY COLORS)', '#fff', 'Matt', 'Enamel'], ['8B9191', 'BRITISH SEA GREY (MILITARY COLORS)', '#fff', 'Matt', 'Enamel'], ['65', 'German Light Blue', '#fff', 'Matt', 'Enamel'], ['70', 'German Black Green', '#fff', 'Matt', 'Enamel'], ['030395', 'Confederate Gray (Military Colors)', '#fff', 'Matt', 'Enamel'], ['300026', 'Scarlet', '#fff', 'Matt', 'Enamel'], ['300040', 'Green', '#fff', 'Matt', 'Enamel'], ['300205', 'Neutral Gray FS36270', '#fff', 'Matt', 'Enamel'], ['300208', 'Dark Ghost Gray FS36320', '#fff', 'Matt', 'Enamel'], ['303056', 'Orange (Military Colors)', '#fff', 'Matt', 'Enamel'], ['303069', 'French White (Military Colors)', '#fff', 'Matt', 'Enamel'], ['303080', 'Imperial German Infantry Blue (Military Colors)', '#fff', 'Matt', 'Enamel'], ['303101', 'German Field Gray (Military Colors)', '#fff', 'Matt', 'Enamel'], ['303103', 'U.S. Field Gray (Military Colors)', '#fff', 'Matt', 'Enamel'], ['303106', 'U.S. Brown Drab (Military Colors)', '#fff', 'Matt', 'Enamel'], ['303137', 'French Chestnut', '#fff', 'Matt', 'Enamel'], ['303145', 'British Dark Earth (Military Colors)', '#fff', 'Matt', 'Enamel'], ['303151', 'British Sea Grey Medium (Military Colors) RAF', '#fff', 'Matt', 'Enamel'], ['303187', 'U.S. Interior Green A/N 611 (Military Colors)', '#fff', 'Matt', 'Enamel'], ['303247', 'German Dark Gray (74) RLM 74 (Military Colors)', '#fff', 'Matt', 'Enamel'], ['303261', 'German Green (73) RLM 73 (Military Colors)', '#fff', 'Matt', 'Enamel'], ['303265', 'German Dark Green (Military Colors)', '#fff', 'Matt', 'Enamel'], ['303339', 'U.S. Dark Green FS34079', '#fff', 'Matt', 'Enamel'], ['303343', 'U.S. Green FS34102', '#fff', 'Matt', 'Enamel'], ['303345', 'U.S. Tan FS 30219', '#fff', 'Matt', 'Enamel'], ['303390', 'Old Concrete (Military Colors)', '#fff', 'Matt', 'Enamel'], ['303392', 'Oily Black (Military Colors)', '#fff', 'Satin', 'Enamel'], ['500724', 'Medium Blue', '#fff', 'Matt', 'Enamel'], ['F303166', 'U.S. Insignia White A/N 610 (Military Colors)', '#fff', 'Matt', 'Enamel'], ['F303245', 'German Light Blue (65) RLM 65 Hellblau (Military Colors)', '#fff', 'Matt', 'Enamel'], ['FS30051', 'NATO Tricolor Brown', '#fff', 'Matt', 'Enamel'], ['FS34094', 'NATO Tricolor Green', '#fff', 'Matt', 'Enamel'], ['FS36300', 'Israeli Gray', '#fff', 'Matt', 'Enamel'], ['FS37030', 'NATO Tricolor Black', '#fff', 'Matt', 'Enamel'], ['FS303178', 'USN Blue Gray', '#fff', 'Matt', 'Enamel'], ['FS303517', 'RAF Extra Dark Sea Grey', '#fff', 'Matt', 'Enamel'], ['M149', 'Light Gray Blue', '#fff', 'Matt', 'Enamel'], ['RLM 72', 'German Green', '#fff', 'Matt', 'Enamel'], ['M76', 'Khaki', '#fff', 'Matt', 'Enamel'], ['M108', 'Gun Metal', '#fff', 'Matt', 'Enamel'], ['130016', 'INST. WEATHER', '#fff', None, 'Enamel'], ['303253', 'German Sand Yellow', '#fff', 'Matt', 'Enamel'], ['M53', 'Prussian Blue', '#fff', 'Matt', 'Enamel'], ['M106', 'Bronze', '#fff', 'Matt', 'Enamel'], ['M186', 'Dark Earth AN617', '#fff', 'Matt', 'Enamel'], ['F110601', 'ZINC CHROM. PRIMER (RED)', '#fff', 'Matt', 'Enamel'], ['F110653', 'OIL AND GREASE', '#fff', 'Matt', 'Enamel'], ['303164', 'British Interior Grey-Green', '#fff', 'Matt', 'Enamel'], ['110008', 'Barrier Thinner', '#fff', 'Thinners', 'Enamel'], ['110010', 'Engine Black', '#fff', 'Matt', 'Enamel'], ['110019', 'Barrier (for Polystyrene)', '#fff', 'Matt', 'Enamel'], ['110065', 'Signal Red', '#fff', 'Matt', 'Enamel'], ['110106', 'Antique Bronze', '#fff', 'Metallic', 'Enamel'], ['110168', 'UP Light Orange', '#fff', 'Matt', 'Enamel'], ['110178', 'ATSF Yellow', '#fff', 'Matt', 'Enamel'], ['110182', 'Hunter Green', '#fff', 'Matt', 'Enamel'], ['110184', 'Tuscan Red', '#fff', 'Matt', 'Enamel'], ['110186', 'Oxide Red', '#fff', 'Matt', 'Enamel'], ['110262', 'CNW Green', '#fff', 'Gloss', 'Enamel'], ['818542 Marine Colors', 'Maritime Blue A/N 501', '#fff', 'Matt', 'Enamel'], ['818590', 'Pale Blue Gray 5-P (Marine Colors) approx FS36440', '#fff', 'Matt', 'Enamel'], ['818604', 'Refectance Reducer', '#fff', 'Matt', 'Enamel'], ['818610', 'Black Boottopping (Marine Colors)', '#fff', 'Gloss', 'Enamel'], ['818612 Marine Colors', 'Red Boot Topping', '#fff', 'Matt', 'Enamel'], ['818620', 'Quarter Master Brown FS 1005', '#fff', 'Matt', 'Enamel'], ['818622', 'Navy Brown #41 A/N 510', '#fff', 'Matt', 'Enamel'], ['818626 Marine Colors', 'Panama Buff A/N 507', '#fff', 'Matt', 'Enamel'], ['818630', 'Navy White #30 A/N 511 (Marine Colors)', '#fff', 'Gloss', 'Enamel'], ['818634 Marine Colors', 'Coast Guard Orange A/N 508', '#fff', 'Matt', 'Enamel'], ['818636', 'Marine Corps Green FS1415 (Marine Colors)', '#fff', 'Gloss', 'Enamel'], ['818640 Marine Colors', 'Navy Medium Gray FS1615', '#fff', 'Matt', 'Enamel'], ['818644', 'Navy Lt. Blue (Marine Colors)', '#fff', 'Gloss', 'Enamel'], ['818646', 'Navy Dark Gray #21 A/N 13', '#fff', 'Matt', 'Enamel'], ['818650', 'Navy Light Gray FS1650 (Marine Colors) approx FS16440', '#fff', 'Gloss', 'Enamel'], ['818692', 'Bulwarks Red (Marine Colors)', '#fff', 'Gloss', 'Enamel'], ['818696', 'Veridigris (Marine Colors)', '#fff', 'Gloss', 'Enamel'], ['F110001', 'Thinner & Brush Cleaner', '#fff', 'Cleaners', 'Enamel'], ['F110002', 'Retarder', '#fff', 'Retarders', 'Enamel'], ['F110003', 'Hi-Gloss', '#fff', 'Gloss', 'Enamel'], ['F110004', 'Crystal Cote', '#fff', None, 'Enamel'], ['F110005', 'Glaze', '#fff', None, 'Enamel'], ['F110006', 'Dust', '#fff', 'Matt', 'Enamel'], ['F110007', 'Rail Brown', '#fff', 'Matt', 'Enamel'], ['F110010', 'Engine Black', '#fff', 'Matt', 'Enamel'], ['F110011', 'Reefer White', '#fff', 'Matt', 'Enamel'], ['F110012', 'Reefer Gray', '#fff', 'Matt', 'Enamel'], ['F110013', 'Grimy Black', '#fff', 'Matt', 'Enamel'], ['F110014', 'Railroad Tie Brown', '#fff', 'Matt', 'Enamel'], ['F110015', 'Flat Finish', '#fff', 'Matt', 'Enamel'], ['F110015', 'Flat Finish', '#fff', 'Matt', 'Enamel'], ['F110016', 'Aged Concrete', '#fff', 'Matt', 'Enamel'], ['F110017', 'Weathered Black', '#fff', 'Matt', 'Enamel'], ['F110020', 'Caboose Red', '#fff', 'Matt', 'Enamel'], ['F110023', 'Flesh', '#fff', 'Matt', 'Enamel'], ['F110025', 'TuscanRed', '#fff', 'Matt', 'Enamel'], ['F110030', 'Reefer Orange', '#fff', 'Matt', 'Enamel'], ['F110031', 'Reefer Yellow', '#fff', 'Matt', 'Enamel'], ['F110034', 'Brunswick Green', '#fff', 'Matt', 'Enamel'], ['F110040', 'Dark Green', '#fff', 'Matt', 'Enamel'], ['F110044', 'Depot Olive', '#fff', 'Matt', 'Enamel'], ['F110045', 'Pullman Green', '#fff', 'Matt', 'Enamel'], ['F110048', 'Coach Green', '#fff', 'Matt', 'Enamel'], ['F110050', 'Dark Blue', '#fff', 'Matt', 'Enamel'], ['F110051', 'Light Blue', '#fff', 'Matt', 'Enamel'], ['F110056', 'GN Big Sky Blue', '#fff', 'Matt', 'Enamel'], ['f110058', 'conrail blue', '#fff', 'Matt', 'Enamel'], ['F110070', 'Roof Brown', '#fff', 'Matt', 'Enamel'], ['F110073', 'Rust', '#fff', 'Matt', 'Enamel'], ['F110074', 'Boxcar Red', '#fff', 'Matt', 'Enamel'], ['F110081', 'Earth', '#fff', 'Matt', 'Enamel'], ['F110082', 'Concrete', '#fff', 'Matt', 'Enamel'], ['F110083', 'Mud', '#fff', 'Matt', 'Enamel'], ['F110084', 'Foundation', '#fff', 'Matt', 'Enamel'], ['F110085', 'Antique White', '#fff', 'Matt', 'Enamel'], ['F110086', 'Grime', '#fff', 'Matt', 'Enamel'], ['F110087', 'Depot Buff', '#fff', 'Matt', 'Enamel'], ['F110088', 'Caboose', '#fff', 'Matt', 'Enamel'], ['F110100', 'Old Silver', '#fff', 'Metallic', 'Enamel'], ['F110101', 'Bright Silver', '#fff', 'Metallic', 'Enamel'], ['F110103', 'Bright Gold', '#fff', 'Metallic', 'Enamel'], ['F110104', 'Brass', '#fff', 'Metallic', 'Enamel'], ['F110105', 'Copper', '#fff', 'Metallic', 'Enamel'], ['F110108', 'Gun Metal', '#fff', 'Metallic', 'Enamel'], ['F110119', 'Graphite', '#fff', 'Metallic', 'Enamel'], ['F110130', 'SP Lettering Gray', '#fff', 'Matt', 'Enamel'], ['F110131', 'SP Lark Light Gray', '#fff', 'Matt', 'Enamel'], ['F110132', 'SP Lark Dark Gray', '#fff', 'Matt', 'Enamel'], ['F110133', 'SP Armour Yellow', '#fff', 'Matt', 'Enamel'], ['F110134', 'SP Daylight Orange', '#fff', 'Matt', 'Enamel'], ['F110136', 'SP Scarlet', '#fff', 'Matt', 'Enamel'], ['F110144', 'Platinum Mist', '#fff', 'Metallic', 'Enamel'], ['F110166', 'UP Armour Yellow', '#fff', 'Matt', 'Enamel'], ['F110167', 'UP Harbor Mist Gray', '#fff', 'Matt', 'Enamel'], ['F110174', 'Southern Green', '#fff', 'Matt', 'Enamel'], ['F110175', 'Southern Freight Car Brown', '#fff', 'Matt', 'Enamel'], ['F110176', 'ATSF Red', '#fff', 'Matt', 'Enamel'], ['F110177', 'ATSF Blue', '#fff', 'Matt', 'Enamel'], ['F110183', 'Reading Green', '#fff', 'Matt', 'Enamel'], ['F110260', 'CNW Yellow', '#fff', 'Gloss', 'Enamel'], ['F110280', 'Wisconsin Central Gold', '#fff', 'Matt', 'Enamel'], ['f110282', 'wisc cntrl maroon', '#fff', 'Matt', 'Enamel'], ['F110320', 'M.K.T Green', '#fff', 'Matt', 'Enamel'], ['F110330', 'New York Central Jade Green', '#fff', 'Matt', 'Enamel'], ['F110356', 'CSX Yellow (GLS)', '#fff', 'Matt', 'Enamel'], ['F110601', 'Zinc Chromate Primer', '#fff', 'Matt', 'Enamel'], ['F818592', 'Light Gray 5-L (Marine Colors)', '#fff', 'Matt', 'Enamel'], ['F818594', 'Haze Gray 5-H (Marine Colors) approx FS36251', '#fff', 'Matt', 'Enamel'], ['F818602', 'Dull Black 13 (Marine Colors)', '#fff', 'Matt', 'Enamel'], ['F818605', 'Haze Green 5-HG (Marine Colors) approx FS34257', '#fff', 'Matt', 'Enamel'], ['F818616', 'Deck Green A/N 503 (Marine Colors)', '#fff', 'Gloss', 'Enamel'], ['F818640', 'Navy Blue A/N 502 (Marine Colors)', '#fff', 'Gloss', 'Enamel'], ['F818646', 'Navy Dark Gray #21 A/N 513 (Marine Colors)', '#fff', 'Gloss', 'Enamel'], ['F818648', 'Navy Medium Gray FS1615 (Marine Colors) approx FS 16132', '#fff', 'Gloss', 'Enamel'], ['F818652', 'Battleship Gray (Marine Colors) approx FS 16820', '#fff', 'Gloss', 'Enamel'], ['F818654', 'Bright Silver (Marine Colors)', '#fff', 'Metallic', 'Enamel'], ['F818686', 'Slate Gray (Marine Colors) approx FS16493', '#fff', 'Gloss', 'Enamel'], ['F818700', 'Deck Gray (Marine Colors)', '#fff', 'Matt', 'Enamel'], ['F1100012', 'Reefer Gray', '#fff', 'Matt', 'Enamel'], ['F1100014', 'Railroad Tie Brown', '#fff', 'Matt', 'Enamel'], ['F1100033', 'Railbox Yellow', '#fff', 'Matt', 'Enamel'], ['F1100056', 'GN Big Sky Blue', '#fff', 'Matt', 'Enamel'], ['FL-818624', 'Navy Buff #22 FS 1750', '#fff', 'Matt', 'Enamel'], ['FL-818632', 'Coast Guard Red A/N 509', '#fff', 'Matt', 'Enamel'], ['FL-818638', 'Sea Blue A/N 623', '#fff', 'Matt', 'Enamel'], ['R35', 'Burlington Northern Green', '#fff', 'Matt', 'Enamel'], ['R41', 'Light Green', '#fff', 'Matt', 'Enamel'], ['R135', 'SP Daylight Red', '#fff', 'Matt', 'Enamel'], ['R148', 'Bar Blue', '#fff', 'Matt', 'Enamel'], ['R152', 'B&O Royal Blue', '#fff', 'Matt', 'Enamel'], ['R152', 'B & O Royal Blue', '#fff', 'Matt', 'Enamel'], ['RR2', 'Retarder', '#fff', 'Retarders', 'Enamel'], ['RR7', 'Aqua Cote', '#fff', 'Matt', 'Enamel'], ['RR34', 'Brunswick Green', '#fff', 'Matt', 'Enamel'], ['RR37', 'Penn Central Green', '#fff', 'Matt', 'Enamel'], ['RR38', 'GN Gray Green', '#fff', 'Matt', 'Enamel'], ['RR47', 'Jade Green', '#fff', 'Matt', 'Enamel'], ['RR48', 'Coach Green', '#fff', 'Matt', 'Enamel'], ['RR50', 'Dark Blue', '#fff', 'Matt', 'Enamel'], ['RR57', 'C&O Enchantment Blue', '#fff', 'Matt', 'Enamel'], ['RR64', 'Maroon', '#fff', 'Matt', 'Enamel'], ['RR140', 'Gloss Black', '#fff', 'Gloss', 'Enamel'], ['RR141', 'Semi-Gloss Black', '#fff', 'Satin', 'Enamel'], ['RR142', 'Amtrak Blue', '#fff', 'Matt', 'Enamel'], ['RR143', 'AMTRAK Red', '#fff', 'Matt', 'Enamel'], ['RR143', 'SP Armour Yellow', '#fff', 'Matt', 'Enamel'], ['RR147', 'MEC Harvest Yellow', '#fff', 'Matt', 'Enamel'], ['RR150', 'D&H Gray', '#fff', 'Matt', 'Enamel'], ['RR160', 'Rock Island Maroon', '#fff', 'Matt', 'Enamel'], ['RR164', 'Weyerhauser Green', '#fff', 'Matt', 'Enamel'], ['RR172', 'D&RGW Orange', '#fff', 'Matt', 'Enamel'], ['RR173', 'D&RGW Yellow', '#fff', 'Matt', 'Enamel'], ['S120', 'Driftwood', '#fff', 'Matt', 'Enamel'], ['S123', 'Oak', '#fff', 'Matt', 'Enamel'], ['S124', 'Maple', '#fff', 'Matt', 'Enamel'], ['S126', 'Walnut', '#fff', 'Matt', 'Enamel'], ['S128', 'Teak', '#fff', 'Matt', 'Enamel'], ['4350?', 'Tawny Beige (The House of Miniatures X-Acto)', '#fff', 'Matt', 'Enamel'], ['4350?', 'Parchment (The House of Miniatures X-Acto)', '#fff', 'Matt', 'Enamel'], ['43501', 'Pale Gold (The House of Miniatures X-Acto)', '#fff', 'Matt', 'Enamel'], ['43502', 'Peach (The House of Miniatures X-Acto)', '#fff', 'Matt', 'Enamel'], ['43506', 'Tidewater Blue (The House of Miniatures X-Acto)', '#fff', 'Matt', 'Enamel'], ['F120011', 'Reefer White', '#fff', 'Matt', 'Enamel'], ['110178', 'ATSF Yellow', '#fff', 'Matt', 'Acrylic'], ['F11072', 'Driftwood', '#fff', 'Matt', None], ['F110044', 'Depot Olive', '#fff', 'Matt', None], ['F110252', 'CP Gray', '#fff', 'Matt', None], ['818616', 'Deck Green A/N 503 Marine Colors', '#fff', 'Gloss', None], ['818696', 'Verdigris Marine Colors', '#fff', 'Gloss', None], ['F85', 'Anitique White Flo-Paque', '#fff', 'Matt', None]], 'Flory Washes': [['FMW001', 'Black', '#fff', 'Matt', 'Acrylic'], ['FMW002', 'Dark Dirt', '#fff', 'Matt', 'Acrylic'], ['FMW003', 'Light', '#fff', 'Matt', 'Acrylic'], ['FMW004', 'Brown', '#fff', 'Matt', 'Acrylic'], ['FMW005', 'Sand', '#fff', 'Matt', 'Acrylic'], ['FMW006', 'Rust', '#fff', 'Matt', 'Acrylic'], ['FMW007', 'Concrete (Gray)', '#fff', 'Matt', 'Acrylic'], ['FMW008', 'Grime', '#fff', 'Matt', 'Acrylic'], ['FMW009', 'Dust', '#fff', 'Matt', 'Acrylic']], 'Focus for Modelers': [['F-1001', 'Charcoal Neutral Leather', None, None, None], ['F-1002', 'Charcoal Red Leather', None, None, None], ['F-1003', 'Charcoal Green Leather', None, None, None], ['F-1004', 'Charcoal Blue Leather', None, None, None], ['F-1005', 'Charcoal Orange Leather', None, None, None], ['F-1006', 'Ghost White Leather', None, None, None], ['F-1007', 'Anthracite Gray Alcantara', None, None, None], ['F-1008', 'Beige Tradizione Leather', None, None, None], ['F-1009', 'Rosso Ferrari Leather', None, None, None], ['F-1010', 'Light Cream Leather', None, None, None], ['F-1011', 'Ascot Brown Leather', None, None, None], ['F-1012', 'Adriatic Blue Leather', None, None, None], ['f-1013', 'British Racing Green Leather', None, None, None], ['F-1014', 'Chocolate Brown Leather', None, None, None], ['f-1015', 'Marrone Cuoio Leather', None, None, None], ['F-1016', 'Sparco Blue Fabric', None, None, None], ['F-1017', 'Iroko Brown Leather', None, None, None], ['F-1018', 'Dark Beluga Carpet', None, None, None], ['F-1019', 'Camel Tan Carpet', None, None, None], ['F-1020', 'Ash Gray Carpet', None, None, None], ['F-1021', 'Recaro Red Fabric', None, None, None], ['F-1022', 'Blu Sterling Leather', None, None, None], ['F-1023', 'Revent├│n Camel Alcantara', None, None, None], ['F-1024', 'Italian Red Alcantara', None, None, None], ['F-1025', 'OMP Black Fabric', None, None, None], ['F-1026', 'OMP Black Fabric', None, None, None], ['F-1027', 'Grigio Tortora Leather', None, None, None], ['F-1028', 'Nero Pantera Alcantara', None, None, None], ['F-1029', 'Natural Terracotta Leather', None, None, None], ['F-1030', 'Manila Cream Leather', None, None, None], ['F-1031', 'Cobalt Blue Alcantara', None, None, None], ['F-1032', 'Can Can Red Leather', None, None, None], ['F-1033', 'Sassy Green Alcantara', None, None, None], ['F-1034', 'Exuberance Orange Leather', None, None, None], ['F-1035', 'Marengo Gray Fabric', None, None, None], ['F-1036', 'Celebrity Red Carpet', None, None, None]], 'Folkart': [[None, None, '#fff', 'Matt', 'Acrylic'], ['660', 'Metallic Pure Gold', '#bb9f4c', 'Metallic', 'Acrylic'], ['663', 'Solid Bronze', '#cb7c31', 'Metallic', 'Acrylic'], ['664', 'Copper', '#cd6b2e', 'Metallic', 'Acrylic'], ['4667', 'Faded Jade', '#c6d89f', 'Matt', 'Acrylic'], ['425E', 'Medium Gray', '#fff', 'Matt', 'Acrylic'], ['480', 'Titanium White', None, 'Matt', 'Acrylic'], ['945', 'Maple Syrup', '#fff', 'Matt', 'Acrylic'], ['4034', 'Silver Sterling', '#fff', 'Matt', 'Acrylic'], ['4624', 'Boulder', '#fff', 'Matt', 'Acrylic'], ['6463', 'Pale Gray', None, 'Matt', 'Acrylic'], ['6498', 'Cocoa', '#fff', 'Matt', 'Acrylic'], ['99255', 'Dijon', '#fff', 'Matt', 'Acrylic'], ['99256', 'Smoky Jade', '#fff', 'Matt', 'Acrylic']], 'Formula P3': [['93011', 'Flesh Wash', '#bc987e', 'Matt', 'Acrylic'], ['93106', 'Mixing Medium', '#fff', 'Retarders', 'Acrylic'], ['PIP 93035', 'Iosan Green', '#fff', 'Matt', 'Acrylic'], ['PIP 93037', 'Traitor Green', '#fff', 'Matt', 'Acrylic'], ['PIP 93038', 'Wurm Green', '#fff', 'Matt', 'Acrylic'], ['PIP 93075', 'Cold Steel', '#fff', 'Matt', 'Acrylic'], ['PIP 93149', 'Eldritch', '#fff', 'Matt', 'Acrylic'], ['PIP 93172', 'Boiler Black', '#fff', 'Matt', 'Acrylic']], 'Frame Arms Girl': [['FG-01', 'Plastic Fresh', '#e4d3bf', 'Satin', None], ['FG-02', 'Base Fresh', '#e2c6c3', 'Satin', None], ['FG-03', 'Shadow Fresh', '#dca799', 'Satin', None], ['FG-04', 'Armor Gray', '#7d8592', 'Satin', None], ['FG-05', 'Inner Black', '#0f0f0f', 'Satin', None]], 'FREAKflex': [['13-101', 'Body Bag Black', '#fff', 'Matt', 'Acrylic'], ['13-102', 'Turned Ghost White', '#fff', 'Matt', 'Acrylic']], 'Future': [['clear', 'S C Johnson Pledge Future Floor Care Multi Surface Finish', None, 'Varnish', 'Acrylic'], ['746860', 'Pledge Floor Gloss', '#fff', 'Varnish', 'Acrylic']], 'GAIA COLOR EX SERIES': [['EX-01', 'Ex-White', '#fff', 'Gloss', None], ['EX-02', 'Ex-Black', '#fff', 'Gloss', None], ['EX-03', 'Ex-Clear', '#fff', 'Gloss', None], ['EX-04', 'Ex-Flat Clear', '#fff', 'Matt', None], ['EX-05', 'Ex-Flat White', '#fff', 'Matt', None], ['EX-06', 'Ex-Flat Black', '#fff', 'Matt', None], ['EX-07', 'Ex-Silver', None, 'Metallic', None], ['EX-08', 'Ex-Gold', '#fff', 'Metallic', None], ['EX-09', 'Ex-Semi-Gloss Clear', '#fff', 'Satin', None], ['EX-10', 'Ex-Flat Clear Premium', '#fff', 'Matt', None]], 'Gaia-Colour Series': [['T-10s', 'Gaianotes T-10s Brush Krillin (Clean & Rinse) 250ml', '#fff', 'Cleaners', 'Acrylic'], ['001', 'Pure White', '#fff', 'Gloss', None], ['002', 'Pure Black', '#fff', 'Gloss', None], ['003', 'Bright Red', '#fff', 'Gloss', None], ['004', 'Ultra Blue', '#fff', 'Gloss', None], ['005', 'Sunshine Yellow', '#fff', 'Gloss', None], ['007', 'Clear', '#fff', 'Gloss', None], ['008', 'Flat clear', '#fff', 'Matt', None], ['009', 'Bright silver', None, 'Matt', None], ['011', 'Flat White', '#fff', 'Matt', None], ['012', 'Flat Black', '#fff', 'Matt', None], ['013', 'Billisian Green', '#fff', 'Gloss', None], ['014', 'Natural Brown', '#fff', 'Gloss', None], ['015', 'Pure Orange', '#fff', 'Gloss', None], ['016', 'Brilliant Pink', '#fff', 'Gloss', None], ['017', 'Purple Violet', '#fff', 'Gloss', None], ['018', 'Emerald Green', '#fff', 'Gloss', None], ['019', 'Lavender', '#fff', 'Gloss', None], ['020', 'Gunmetal', '#fff', 'Metallic', None], ['021', 'Semi-gloss white', '#fff', 'Satin', None], ['024', 'Cobalt Blue', '#fff', 'Gloss', None], ['025', 'Orange Yellow', '#fff', 'Gloss', None], ['028', 'Stone Green', '#fff', 'Satin', None], ['030', 'Semi gloss clear', '#fff', 'Satin', None], ['032', 'Ultimate Black Gloss', '#fff', 'Gloss', None], ['041', 'Clear Red', '#fff', 'Gloss', None], ['042', 'Clear orange', '#fff', None, None], ['043', 'Clear Black', '#fff', None, None], ['044', 'Clear Blue', '#fff', 'Gloss', None], ['045', 'Clear Yellow', '#fff', None, None], ['046', 'Clear Brown', '#fff', 'Gloss', None], ['047', 'Clear Purple', '#fff', 'Gloss', None], ['050', 'Clear White', '#fff', 'Gloss', None], ['051', 'Notes Flesh', '#fff', 'Gloss', None], ['054', 'Notes Flesh Orange', '#fff', 'Gloss', None], ['061', 'Midnight Blue', '#fff', 'Gloss', None], ['062', 'Medium Blue', '#fff', 'Satin', None], ['063', 'Blue Grey', '#fff', 'Gloss', None], ['072', 'Neutral Grey II', '#fff', 'Gloss', None], ['073', 'Neutral Grey III', '#fff', 'Gloss', None], ['075', 'Neutral Grey V', '#fff', 'Gloss', None], ['108', 'Florescent Blue Green', '#fff', 'Gloss', None], ['121', 'Star Bright Silver', '#fff', 'Metallic', None], ['122', 'Star Bright Gold', '#fff', 'Metallic', None], ['123', 'Star Bright Duralumin', '#fff', 'Metallic', None], ['124', 'Star Bright Brass', '#fff', 'Metallic', None], ['125', 'Star Bright Iron', '#fff', 'Metallic', None], ['131', 'Pearl Silver', '#fff', 'Pearl', None], ['136', 'Prism Magenta Gold', '#fff', 'Pearl', None], ['203', 'Red-Brown', '#fff', None, None], ['205', 'Yellow Brown', None, 'Matt', None], ['206', 'Grey Green', None, 'Matt', None], ['207', 'Brown', None, 'Matt', None], ['208', 'Grey', None, 'Matt', None], ['GP-04', 'Premium Glass Pearl', '#fff', 'Pearl', None], ['GP-09', 'Premium Prism Blue Black', '#fff', 'Iridescent', None], ['Ex-01', 'EX-White', '#fff', 'Gloss', None], ['Ex-02', 'EX-Black', '#fff', 'Gloss', None], ['Ex-03', 'Ex-Clear', '#fff', 'Gloss', None], ['Ex-07', 'EX-Silver', '#fff', 'Metallic', None], ['GS-01 GRAY', 'SURFACER EVO', None, 'Matt', None], ['GS-03', 'Surfacer Evo Black', None, 'Matt', None], ['GS-04', 'Surfacer Evo Oxide Red', None, 'Matt', None], ['GS-06', 'Surfacer Evo Silver', '#fff', 'Metallic', None], ['T-08s', 'Gaianotes T-08s retarder MAX 250ml', '#fff', 'Thinners', None], ['T-01m', 'Gaianotes T-01m Gaia Color Thinner 500ml', '#fff', 'Thinners', None], ['T-09m', 'Gaianotes T-09m Metallic Master (500ml)', '#fff', 'Thinners', None], ['T-01h', 'Gaia Colour Thinner', '#fff', 'Thinners', None], ['T-04h', 'Gaianotes T-04h Tool Wash 1000ml', '#fff', 'Cleaners', None]], 'Gloy': [['01', 'Ivory', '#fff', 'Gloss', 'Enamel'], ['02', 'Pale Grey', '#fff', 'Gloss', 'Enamel'], ['03', 'Grey', '#fff', 'Gloss', 'Enamel'], ['04', 'Dark Grey', '#fff', 'Gloss', 'Enamel'], ['05', 'Bright Poppy Red', '#fff', 'Gloss', 'Enamel'], ['06', 'Scarlet', '#fff', 'Gloss', 'Enamel'], ['07', 'Crimson', '#fff', 'Gloss', 'Enamel'], ['08', 'Maroon', '#fff', 'Gloss', 'Enamel'], ['09', 'Orange', '#fff', 'Gloss', 'Enamel'], ['10', 'Yellow', '#fff', 'Gloss', 'Enamel'], ['11', 'Mustard', '#fff', 'Gloss', 'Enamel'], ['12', 'Biscuit', '#fff', 'Gloss', 'Enamel'], ['13', 'Stone', '#fff', 'Gloss', 'Enamel'], ['14', 'Buff', '#fff', 'Gloss', 'Enamel'], ['15', 'Purple', '#fff', 'Gloss', 'Enamel'], ['16', 'Cerise', '#fff', 'Gloss', 'Enamel'], ['17', 'Lime G\ufeffreen', '#fff', 'Gloss', 'Enamel'], ['18', 'Foliage Green', '#fff', 'Gloss', 'Enamel'], ['19', 'Dark Green', '#fff', 'Gloss', 'Enamel'], ['20', 'Tan', '#fff', 'Gloss', 'Enamel'], ['21', 'Service Brown', '#fff', 'Gloss', 'Enamel'], ['22', 'Light Blue', '#fff', 'Gloss', 'Enamel'], ['23', 'Mid Blue', '#fff', 'Gloss', 'Enamel'], ['24', 'French Blue', '#fff', 'Gloss', 'Enamel'], ['25', 'Dark Blue', '#fff', 'Gloss', 'Enamel'], ['26', 'Silver', '#fff', 'Metallic', 'Enamel'], ['27', 'Gun Metal', '#fff', 'Metallic', 'Enamel'], ['28', 'Gold', '#fff', 'Metallic', 'Enamel'], ['29', 'Brass', '#fff', 'Metallic', 'Enamel'], ['30', 'Copper', '#fff', 'Metallic', 'Enamel'], ['31', 'Bronze', '#fff', 'Metallic', 'Enamel'], ['32', 'Metallic G\ufeffreen', '#fff', 'Metallic', 'Enamel'], ['33', 'Metallic Red', '#fff', 'Metallic', 'Enamel'], ['34', 'Metallic Blue', '#fff', 'Metallic', 'Enamel'], ['35', 'Gloss Polyurethane', '#fff', 'Gloss', 'Enamel'], ['36', 'Matt Polyurethane', '#fff', 'Matt', 'Enamel'], ['37', 'Gloss Black', '#fff', 'Gloss', 'Enamel'], ['38', 'Gloss White', '#fff', 'Gloss', 'Enamel'], ['39', 'Matt Black', '#fff', 'Matt', 'Enamel'], ['40', 'Matt White', '#fff', 'Matt', 'Enamel'], ['41', 'Light Grey', '#fff', 'Matt', 'Enamel'], ['42', 'Slate', '#fff', 'Matt', 'Enamel'], ['43', 'Field Grey', '#fff', 'Matt', 'Enamel'], ['44', 'Dark Grey', '#fff', 'Matt', 'Enamel'], ['45', 'Olive Drab', '#fff', 'Matt', 'Enamel'], ['46', 'Scarlet', '#fff', 'Matt', 'Enamel'], ['47', 'Apricot', '#fff', 'Matt', 'Enamel'], ['48', 'Sand', '#fff', 'Matt', 'Enamel'], ['49', 'Brick Red', '#fff', 'Matt', 'Enamel'], ['50', 'Khaki', '#fff', 'Matt', 'Enamel'], ['51', 'Ochre', '#fff', 'Matt', 'Enamel'], ['52', 'Dark Green', '#fff', 'Matt', 'Enamel'], ['53', 'Blue Green', '#fff', 'Matt', 'Enamel'], ['54', 'Grass Green', '#fff', 'Matt', 'Enamel'], ['55', 'Blue Grey', '#fff', 'Matt', 'Enamel'], ['56', 'Cerulean Blue', '#fff', 'Matt', 'Enamel'], ['57', 'Dark Blue Grey', '#fff', 'Matt', 'Enamel'], ['58', 'Cobalt Blue', '#fff', 'Matt', 'Enamel'], ['59', 'Midnight Blue', '#fff', 'Matt', 'Enamel'], ['60', 'Ultramarine', '#fff', 'Matt', 'Enamel'], ['61', 'Matt Aluminium', '#fff', 'Metallic', 'Enamel'], ['62', 'Dark Earth', '#fff', 'Matt', 'Enamel'], ['63', 'Matt Yellow', '#fff', 'Matt', 'Enamel'], ['A301', 'RAF Dark Green', '#fff', 'Matt', 'Enamel'], ['A302', 'RAF Dark Earth', '#fff', 'Matt', 'Enamel'], ['A303', 'RAF Sky', '#fff', 'Matt', 'Enamel'], ['A304', 'RAF Medium Sea Grey', '#fff', 'Matt', 'Enamel'], ['A305', 'RAF Dark Slate Grey', '#fff', 'Matt', 'Enamel'], ['A306', 'RAF Extra Dark Sea Grey', '#fff', 'Matt', 'Enamel'], ['A307', 'RAF Sky Grey', '#fff', 'Matt', 'Enamel'], ['A308', 'RAF Yellow', '#fff', 'Matt', 'Enamel'], ['A309', 'PRU Blue', '#fff', 'Matt', 'Enamel'], ['A310', 'Ocean Grey', '#fff', 'Matt', 'Enamel'], ['A311', 'RAF Azure Blue', '#fff', 'Matt', 'Enamel'], ['A312', 'RAF Middle Stone', '#fff', 'Matt', 'Enamel'], ['A313', 'RAF Ident Red (dull)', '#fff', 'Matt', 'Enamel'], ['A314', 'RAF Ident Blue (dull)', '#fff', 'Matt', 'Enamel'], ['A315', 'RAF Ident Red (bright)', '#fff', 'Matt', 'Enamel'], ['A316', 'RAF Ident Blue (bright)', '#fff', 'Matt', 'Enamel'], ['A317', 'RAF Grey Green (internal)', '#fff', 'Matt', 'Enamel'], ['A318', 'RAF NIVO', '#fff', 'Matt', 'Enamel'], ['A319', 'USAF Dark Olive Drab No. 41', '#fff', 'Matt', 'Enamel'], ['A320', 'USAF Olive Drab ANA613', '#fff', 'Matt', 'Enamel'], ['A321', 'USAF Medium Green ANA612', '#fff', 'Matt', 'Enamel'], ['A322', 'USAF Neutral Gray No. 43', '#fff', 'Matt', 'Enamel'], ['A323', 'USAF Light Gray', '#fff', 'Matt', 'Enamel'], ['A324', 'USAF Chromate Yellow (internal)', '#fff', 'Matt', 'Enamel'], ['A325', 'USN Light Gray (pre-war) ANA620', '#fff', 'Matt', 'Enamel'], ['A326', '\ufeffUSN Blue Gray ANA603', '#fff', 'Matt', 'Enamel'], ['A327', 'USN Intermediate Blue ANA608', '#fff', 'Matt', 'Enamel'], ['A328', 'USN Non Specular Sea Blue ANA607', '#fff', 'Matt', 'Enamel'], ['A329', 'USN Semi Gloss Sea Blue ANA606', '#fff', 'Satin', 'Enamel'], ['A330', 'USN Glossy Sea Blue ANA623', '#fff', 'Gloss', 'Enamel'], ['A331', 'USN Light Gull Gray ANA620', '#fff', 'Matt', 'Enamel'], ['A332', 'USN Dark Gull Gray ANA621', '#fff', 'Matt', 'Enamel'], ['A333', 'USAF Sand ANA616', '#fff', 'Matt', 'Enamel'], ['A334', 'USAF Desert Drab ANA628', '#fff', 'Matt', 'Enamel'], ['A335', 'USAF Azure Blue ANA609', '#fff', 'Matt', 'Enamel'], ['A336', 'USAF Interior Green ANA611', '#fff', 'Matt', 'Enamel'], ['A337', 'USAF Insignia Yellow ANA614', '#fff', 'Matt', 'Enamel'], ['A338', 'USAF Insignia Red ANA619', '#fff', 'Matt', 'Enamel'], ['A339', 'USAF Insignia Blue ANA605', '#fff', 'Matt', 'Enamel'], ['A340', 'Luftwaffe RLM 70 Schwartzgrun', '#fff', 'Matt', 'Enamel'], ['A341', 'Luftwaffe RLM 71 Dunkelgrun', '#fff', 'Matt', 'Enamel'], ['A342', 'Luftwaffe RLM 65 Hellblau', '#fff', 'Matt', 'Enamel'], ['A343', 'Luftwaffe RLM 02 Grau', '#fff', 'Matt', 'Enamel'], ['A344', 'Luftwaffe RLM 72 Grun', '#fff', 'Matt', 'Enamel'], ['A345', 'Luftwaffe RLM 73 Grun', '#fff', 'Matt', 'Enamel'], ['A346', 'Luftwaffe RLM 74 Dunkelgrau', '#fff', 'Matt', 'Enamel'], ['A347', 'Luftwaffe RLM 75 Mittelgrau', '#fff', 'Matt', 'Enamel'], ['A348', 'Luftwaffe RLM 76 Hellgrau', '#fff', 'Matt', 'Enamel'], ['A349', 'Luftwaffe RLM 79a Sandbraun', '#fff', 'Matt', 'Enamel'], ['A350', 'Luftwaffe RLM 79 Sandgelb', '#fff', 'Matt', 'Enamel'], ['A351', 'Luftwaffe RLM 78 Himmelblau', '#fff', 'Matt', 'Enamel'], ['A352', 'Luftwaffe RLM 80 Olivgrun', '#fff', 'Matt', 'Enamel'], ['A353', 'Luftwaffe RLM 28 Weinrot', '#fff', 'Matt', 'Enamel'], ['A354', 'Luftwaffe RLM 04 Gelb', '#fff', 'Matt', 'Enamel'], ['A355', 'Luftwaffe RLM 62 Grun', '#fff', 'Matt', 'Enamel'], ['A356', 'Luftwaffe RLM 61 Dunkelbraun', '#fff', 'Matt', 'Enamel'], ['A357', 'Luftwaffe RLM 63 Hellgrau', '#fff', 'Matt', 'Enamel'], ['A358', 'Luftwaffe RLM 23 Rot', '#fff', 'Matt', 'Enamel'], ['A359', 'Luftwaffe RLM 25 Hellgru\ufeffn', '#fff', 'Matt', 'Enamel'], ['A360', 'Luftwaffe RLM 24 Dunkelblau', '#fff', 'Matt', 'Enamel'], ['A361', 'Airframe White', '#fff', 'Matt', 'Enamel'], ['A362', 'Airframe Black', '#fff', 'Matt', 'Enamel'], ['A363', 'Duralumin', '#fff', 'Matt', 'Enamel'], ['R201', 'G.W.R. Loco Green', '#fff', 'Matt', 'Enamel'], ['R202', 'G.W.R. Coach Stock Cream', '#fff', 'Matt', 'Enamel'], ['R203', 'G.W.R. Coach Stock Windsor Brown', '#fff', 'Matt', 'Enamel'], ['R204', 'G.W.R. Freight Stock Grey', '#fff', 'Matt', 'Enamel'], ['R205', 'G.W.R. Loco Indian Red', '#fff', 'Matt', 'Enamel'], ['R206', 'G.W.R. Roof White', '#fff', 'Matt', 'Enamel'], ['R207', 'L.M.S. Crimson Lake', '#fff', 'Matt', 'Enamel'], ['R208', 'L.M.S. Maroon', '#fff', 'Matt', 'Enamel'], ['R209', 'L.M.S. Freight Stock Grey', '#fff', 'Matt', 'Enamel'], ['R210', 'L.M.S. Freight Stock Dark Grey', '#fff', 'Matt', 'Enamel'], ['R211', 'L.M.S. Freight Stock Bauxite', '#fff', 'Matt', 'Enamel'], ['R212', 'L.M.S. Loco Black', '#fff', 'Matt', 'Enamel'], ['R213', 'L.N.E.R. Darlington Loco Green', '#fff', 'Matt', 'Enamel'], ['R214', 'L.N.E.R. Doncaster Loco Green', '#fff', 'Matt', 'Enamel'], ['R215', 'L.N.E.R. Coach Teak', '#fff', 'Matt', 'Enamel'], ['R216', 'L.N.E.R. Freight Stock Grey', '#fff', 'Matt', 'Enamel'], ['R217', 'L.N.E.R. Loco Garter Blue', '#fff', 'Matt', 'Enamel'], ['R218', 'L.N.E.R. Freight Red Oxide', '#fff', 'Matt', 'Enamel'], ['R219', 'S.R. Dark Olive Green', '#fff', 'Matt', 'Enamel'], ['R220', 'S.R. Light Olive Green', '#fff', 'Matt', 'Enamel'], ['R221', 'S.R. Loco Malachite Gteen', '#fff', 'Matt', 'Enamel'], ['R222', 'S.R. Freight Stock Brown', '#fff', 'Matt', 'Enamel'], ['R223', 'S.R. Freight Stock Stone', '#fff', 'Matt', 'Enamel'], ['R224', 'S.R. Brake Van End Red', '#fff', 'Matt', 'Enamel'], ['R225', 'L.N.W.R Chocolate Lake', '#fff', 'Matt', 'Enamel'], ['R226', 'L.N.W.R. Coach White', '#fff', 'Matt', 'Enamel'], ['R227', 'C.R. Deep Lake', '#fff', 'Matt', 'Enamel'], ['R228', 'C.R. Coach White', '#fff', 'Matt', 'Enamel'], ['R229', 'L.N.W.R. Loco Black', '#fff', 'Matt', 'Enamel'], ['R230', 'C.R. Loco Blue', '#fff', 'Matt', 'Enamel'], ['R231', 'B.R. Coach Cream', '#fff', 'Matt', 'Enamel'], ['R232', 'B.R. Coach Crimson 1950-57', '#fff', 'Matt', 'Enamel'], ['R233', 'B.R. M.U. Stock Cream', '#fff', 'Matt', 'Enamel'], ['R234', 'B.R. Coach Crimson post 1957', '#fff', 'Matt', 'Enamel'], ['R235', 'B.R. Rail Grey', '#fff', 'Matt', 'Enamel'], ['R236', 'B.R. Rail Blue', '#fff', 'Matt', 'Enamel'], ['R237', 'G.E.R. Loco Blue', '#fff', 'Matt', 'Enamel'], ['R238', 'Smoke Box Black', '#fff', 'Matt', 'Enamel'], ['R239', 'Buffer Beam Vermilion', '#fff', 'Matt', 'Enamel'], ['R240', 'Roof Grey', '#fff', 'Matt', 'Enamel'], ['R241', 'S.E.C.R. Brunswick Green', '#fff', 'Matt', 'Enamel'], ['R242', 'Brilliant Lake', '#fff', 'Matt', 'Enamel'], ['R243', 'Signal Red', '#fff', 'Matt', 'Enamel'], ['R244', 'Signal Yellow', '#fff', 'Matt', 'Enamel'], ['R245', 'Black', '#fff', 'Matt', 'Enamel'], ['R246', 'White', '#fff', 'Matt', 'Enamel'], ['R247', 'Lining Orange', '#fff', 'Matt', 'Enamel'], ['R248', 'Lining Yellow', '#fff', 'Matt', 'Enamel'], ['R249', 'Copper', '#fff', 'Matt', 'Enamel'], ['R250', 'Brass', '#fff', 'Matt', 'Enamel'], ['R251', 'Polished Steel', '#fff', 'Matt', 'Enamel'], ['R252', 'Oily Steel', '#fff', 'Matt', 'Enamel'], ['R253', 'Unpainted Steel', '#fff', 'Matt', 'Enamel'], ['R254', 'Aluminium Alloy', '#fff', 'Matt', 'Enamel'], ['R255', 'Earth Road Red', '#fff', 'Matt', 'Enamel'], ['R256', 'Rail Colour', '#fff', 'Matt', 'Enamel'], ['R257', 'Sleeper Brown', '#fff', 'Matt', 'Enamel'], ['R258', 'Underframe Dirt', '#fff', 'Matt', 'Enamel'], ['R259', 'B.R. Frame Red-Brown', '#fff', 'Matt', 'Enamel'], ['R260', 'B.R. Rail Red', '#fff', 'Matt', 'Enamel'], ['R261', 'Lining Gold', '#fff', 'Matt', 'Enamel'], ['R262', 'Pullman Cream', '#fff', 'Matt', 'Enamel'], ['R263', 'Pullman Umber', '#fff', 'Matt', 'Enamel'], ['R264', 'Grey Etch Primer', '#fff', 'Matt', 'Enamel']], 'Gravity Colors': [['GC-311', 'GRAVITY COLORS PROTECTIVE SYNTHETIC WAX', None, None, None], ['GC-314', 'Chrome Paint Sealer', None, 'Varnish', 'Acrylic'], ['GC-101', 'Anthracite Black', '#000000', 'Satin', None], ['GC-102', 'Titanium White', None, 'Satin', None], ['GC-107', 'Ferrari Rosso Corsa', None, 'Satin', None], ['GC-116', 'Kawasaki Lime Green', None, 'Satin', None], ['GC-117', 'J├ñgermeister Orange', None, 'Satin', None], ['GC-126', 'Richard Petty Blue', None, 'Satin', None], ['GC-128', 'Calsonic Blue', None, 'Satin', None], ['GC-133', 'Ford School Bus Yellow', None, 'Satin', None], ['GC-134', 'Fluorescent Green', None, 'Satin', None], ['GC-139', 'Porsche Acid Green', None, 'Satin', None], ['GC-152', 'Chevrolet Velocity Yellow', None, 'Satin', None], ['GC-154', 'Pontiac Orbit Orange', None, 'Satin', None], ['GC-162', 'Chevrolet Roman Red', None, 'Satin', None], ['GC-191', 'Ducati Rosso 301', None, 'Satin', None], ['GC-197', 'Ford Royal Maroon', None, 'Satin', None], ['GC-203', 'RB F1 Pearl Blue', None, 'Satin', None], ['GC-205', 'Subaru WRX Blue', None, 'Satin', None], ['GC-211', 'Lamborghini Arancio Atlas', None, 'Satin', None], ['GC-212', 'Lamborghini Giallo Midas', None, 'Satin', None], ['GC-213', 'Mercedes Alubeam Silver', None, 'Satin', None], ['GC-243', 'Porsche Basalt Black', None, 'Satin', None], ['GC-252', 'Eleanor Pepper Gray', None, 'Satin', None], ['GC-259', 'Chrysler Sublime Green', None, 'Satin', None], ['GC-265', 'Nissan Bayside Blue', None, 'Satin', None], ['GC-270', 'AMG Le Mans Red', None, 'Satin', None], ['GC-276', 'Pontiac Autumn Bronze', None, 'Satin', None], ['GC-279', 'Porsche Flying Lizard Orange', None, 'Satin', None], ['GC-282', 'Lamborghini Verde Mantis', None, 'Satin', None], ['GC-303', 'Light Surface Primer', None, 'Matt', None], ['GC-304', 'Dark Surface Primer', None, 'Matt', None], ['GC-1103', 'Ferrari Avorio', None, 'Satin', None], ['GC-1104', 'Ferrari Rosso Chiaro', None, 'Satin', None], ['GC-1105', 'Pagani Giallo Pastello', None, 'Satin', None], ['GC-1139', 'Ford Wimbledon White', None, 'Satin', None], ['GC-1165', 'Pennzoil Solid Yellow', None, 'Satin', None], ['GC-1171', 'Porsche Mint Green', None, 'Matt', None], ['GC-1172', 'Opel Solar Yellow', None, 'Matt', None], ['GC-1173', 'Alitalia Green', None, 'Matt', None], ['GC-1174', 'Alitalia Red', None, 'Matt', None], ['GC-1175', 'Caterpillar Yellow', None, 'Matt', None], ['GC-1176', 'Magirus Flame Red', None, 'Matt', None], ['GC-1177', 'Lotus Martini Racing Green', None, 'Matt', None], ['GC-1178', 'Ford Diamond White', None, 'Matt', None], ['GC-1179', 'Ford Olympic Blue', None, 'Matt', None], ['GC-1180', 'Coca Cola Red', None, 'Matt', None], ['GC-1181', 'Dodge Destroyer Gray', None, 'Matt', None], ['GC-1182', 'BMC Spruce Green', None, 'Satin', None], ['GC-1183', 'Calberson Yellow', None, 'Matt', None], ['GC-1184', 'Calberson Red', None, 'Matt', None], ['GC-1185', 'Aston Martin Lime Green', None, 'Matt', None], ['GC-1186', 'Ford Rangoon Red', None, 'Matt', None], ['GC-1187', 'Mercedes Benz China Blue', None, 'Matt', None], ['GC-1188', 'Alfa Romeo Rosso Amaranto', None, 'Matt', None], ['GC-1189', 'Ford Grabber Lime', None, 'Matt', None], ['GC-1190', 'Lamborghini Verde Turbine', None, 'Matt', None], ['GC-1191', 'Dodge Header Orange', None, 'Matt', None], ['GC-1192', 'Ferrari Rosso Vinaccia', None, 'Matt', None], ['GC-1193', 'Lamborghini Verde Miura', None, 'Matt', None], ['GC-1194', 'Lamborghini Arancia Miura', None, 'Matt', None], ['GC-1195', 'Porsche Sepia Brown', None, 'Matt', None], ['GC-1196', 'Porsche Sand Beige', None, 'Matt', None], ['GC-1197', 'Land Rover Pastel Green', None, 'Matt', None], ['GC-1198', 'Land Rover Limestone Beige', None, 'Matt', None], ['GC-1199', 'Ford Grabber Green', None, 'Matt', None], ['GC-1200', 'Ford Hawaiian Blue', None, 'Satin', None], ['GC-1201', 'Porsche Psychedelic Violet', None, 'Matt', None], ['GC-1202', 'Land Rover Camel Yellow', None, 'Matt', None], ['GC-1203', 'Evangelion Racing Purple', None, 'Matt', None], ['GC-1204', 'Land Rover Ascot Green', None, 'Matt', None], ['GC-1205', 'Land Rover Mid Welsh Grey', None, 'Matt', None], ['GC-1206', 'Land Rover Sand Brown', None, 'Matt', None], ['GC-1207', 'Land Rover Marine Blue', None, 'Matt', None], ['GC-1208', 'Mitsubishi Dandelion Yellow', None, 'Matt', None], ['GC-1209', 'Porsche Olive Green', None, 'Matt', None], ['GC-1210', 'Ferrari Grigio Medio', None, 'Matt', None], ['GC-1211', 'Lamborghini Rosso Siviglia', None, 'Matt', None], ['GC-1212', 'Bugatti Blue Mono', None, 'Matt', None], ['GC-1213', 'Ford Twister Orange', None, 'Matt', None], ['GC-1214', 'Lamborghini Grigio Vulcano', None, 'Matt', None], ['GC-1215', 'McLaren Lark Pink', None, 'Matt', None], ['GC-1216', 'Peugeot Pioneer Blue', None, 'Satin', None], ['GC-1217', 'Ferrari Rosso Barchetta', None, 'Matt', None], ['GC-1218', 'Honda Spoon Sports Yellow', None, 'Matt', None], ['GC-1219', 'Honda Spoon Sports Blue', None, 'Matt', None], ['GC-1220', 'Porsche Esso Team Red', None, 'Matt', None], ['GC-1221', 'Porsche Esso Team Blue', None, 'Matt', None], ['GC-1222', 'Audi Brilliant Red', None, 'Matt', None], ['GC-1223', 'BMC British Racing Green', None, 'Matt', None], ['GC-1224', 'BMC Clipper Blue', None, 'Matt', None], ['GC-1225', 'BMC Tartan Red', None, 'Matt', None], ['GC-1226', 'BMC Old English White', None, 'Matt', None], ['GC-1227', 'Porsche Python Green', None, 'Matt', None], ['GC-1228', 'Porsche Ultraviolet', None, 'Matt', None], ['GC-1229', 'BMW Laguna Seca Blue', None, 'Matt', None], ['GC-1230', 'BMC Damask Red', None, 'Matt', None], ['GC-1231', 'Chevrolet Daytona Yellow', None, 'Matt', None], ['GC-1232', 'Volkswagen Panama Beige', None, 'Satin', None], ['GC-1233', 'Lancia Verde Chiaro', None, 'Matt', None], ['GC-1234', 'Lamborghini Giallo Fly', None, 'Matt', None], ['GC-1235', 'Brabham Racing Green', None, 'Matt', None], ['GC-1236', 'Ford Cordoba Gray', None, 'Matt', None], ['GC-1237', 'Toyota Prominence Red', None, 'Satin', None], ['GC-1238', 'Toyota Lightning Yellow', None, 'Satin', None], ['GC-1239', 'Honda Estrella Galicia Blue', None, 'Matt', None], ['GC-1240', 'Dodge Viper Red', None, 'Matt', None], ['GC-1241', 'Dodge Viper Race Yellow', None, 'Matt', None], ['GC-1242', 'Sauber AEG Dark Blue', None, 'Satin', None], ['GC-1243', 'BMW Alpine White II', None, 'Matt', None], ['GC-1244', 'Ferrari Rosso Dino', None, 'Matt', None], ['GC-1245', 'Fluorescent Blue', None, 'Matt', None], ['GC-1246', 'Mitsubishi Innsbruck White', None, 'Matt', None], ['GC-1247', 'Williams Winfield Red', None, 'Satin', None], ['GC-1248', 'Aston Martin Gulf Blue', None, 'Matt', None], ['GC-1249', 'Kawasaki Ninja Lime Green', None, 'Matt', None], ['GC-1250', 'Walter Wolf Racing Dark Blue', None, 'Satin', None], ['GC-1251', 'MG Diamond White', None, 'Matt', None], ['GC-1252', 'Computervision Blue', None, 'Matt', None], ['GC-1253', 'Jaune Bi├¿re 33 Export', None, 'Matt', None], ['GC-1254', 'Rouge Bi├¿re 33 Export', None, 'Satin', None], ['GC-1255', 'Nardo Gray', None, 'Matt', None], ['GC-1256', 'Repsol Solid Orange', None, 'Satin', None], ['GC-1257', 'Repsol Solid Red', None, 'Satin', None], ['GC-1258', 'Repsol Light Fluorescent Orange', None, 'Satin', None], ['GC-1259', 'Lamborghini Blu Glauco', None, 'Matt', None], ['GC-1260', 'Deutsche Post DHL Yellow', None, 'Matt', None], ['GC-1261', 'Honda Fighting Red', None, 'Matt', None], ['GC-1262', 'Honda Seychell Night Blue', None, 'Matt', None], ['GC-1263', 'Honda Wistaria Blue', None, 'Matt', None], ['GC-1264', 'Honda Ross White', None, 'Matt', None], ['GC-1265', 'Bugatti Type 35 Strong Blue', None, 'Matt', None], ['GC-1266', 'John Deere Green', None, 'Matt', None], ['GC-1267', 'John Deere Yellow', None, 'Matt', None], ['GC-1268', 'Lancia Bianco Reale', None, 'Matt', None], ['GC-1269', 'Ferrari Verde Abetone', None, 'Matt', None], ['GC-1270', 'Porsche Bali Blue', None, 'Matt', None], ['GC-1271', 'Lancia Bianco Saratoga', None, 'Matt', None], ['GC-1272', 'Porsche Oslo Blue', None, 'Matt', None], ['GC-1273', 'Ford Grabber Orange', None, 'Matt', None], ['GC-1274', 'Porsche Smyrna Green', None, 'Matt', None], ['GC-1275', 'Porsche Solid Slate Gray', None, 'Matt', None], ['GC-1276', 'Volkswagen Dove Blue', None, 'Satin', None], ['GC-1278', 'Ferrari Bianco Avus', None, 'Matt', None], ['GC-1279', 'Lamborghini Bianco Polo Park', None, 'Matt', None], ['GC-1280', 'Peugeot Bleu Santorin', None, 'Matt', None], ['GC-1281', 'Peugeot Blanc Banquise', None, 'Matt', None], ['GC-1282', 'Audi Montaplast Green', None, 'Matt', None], ['GC-1283', 'Mustang ModSpace Cobalt Blue', None, 'Matt', None], ['GC-1284', 'Mustang ModSpace Pale Blue', None, 'Matt', None], ['GC-1285', 'BMW Alpine White III', None, 'Matt', None], ['GC-1286', 'AMG GT3 Black Falcon Blue', None, 'Matt', None], ['GC-1287', 'Chevrolet Seamist Green', None, 'Matt', None], ['GC-1288', 'Fiat Rosso Grand Prix', None, 'Matt', None], ['GC-1289', 'Audi Ibis White', None, 'Matt', None], ['GC-1290', 'Audi Montaplast Dark Green', None, 'Matt', None], ['GC-1291', 'Mercedes Arctic White', None, 'Matt', None], ['GC-1292', 'AMC Big Bad Blue', None, 'Matt', None], ['GC-1293', 'AMC Big Bad Orange', None, 'Matt', None], ['GC-1294', 'AMC Big Bad Green', None, 'Matt', None], ['GC-1295', 'AMC Matador Red', None, 'Matt', None], ['GC-1296', 'Volkswagen Light Gray', None, 'Satin', None], ['GC-1297', 'Volkswagen Sealing Wax Red', None, 'Satin', None], ['GC-1298', 'Honda Banana Yellow', None, 'Matt', None], ['GC-1299', 'Volvo Vit White', None, 'Satin', None], ['GC-1300', 'Ferrari Azzurro Dino', None, 'Matt', None], ['GC-1301', 'Mazda Racing Orange', None, 'Matt', None], ['GC-1302', 'Mercedes Magma Red', None, 'Matt', None], ['GC-1303', 'Chevrolet Rapid Blue', None, 'Matt', None], ['GC-1304', 'Toyota GT-One Radiant Red', None, 'Satin', None], ['GC-1305', 'Audi Satin Black', None, 'Matt', None], ['GC-1306', 'Cadillac Daphne Blue', None, 'Matt', None], ['GC-1307', 'BMW Bright Red', None, 'Matt', None], ['GC-1308', 'Audi Glut Orange', None, 'Matt', None], ['GC-1309', 'Ford Oxford White', None, 'Matt', None], ['GC-1310', 'Hitachi Orange', None, 'Matt', None], ['GC-1311', 'Volkswagen Pale Blue', None, 'Satin', None], ['GC-1312', 'Volkswagen Turquoise', None, 'Satin', None], ['GC-1313', 'UPS Dark Brown', None, 'Satin', None], ['GC-1314', 'Subaru Cool Gray Khaki', None, 'Satin', None], ['GC-1315', 'Ford Competition Orange', None, 'Matt', None], ['GC-1316', 'McLaren Marlboro Lights Yellow', None, 'Matt', None], ['GC-1317', 'Toyota Gazoo Red', None, 'Satin', None], ['GC-1318', 'BMW Dakar Yellow', None, 'Matt', None], ['GC-1319', 'Nissan BG8 Bluish Black', None, 'Matt', None], ['GC-1320', 'Chevrolet Red Hot', None, 'Matt', None], ['GC-1321', 'Olio Fiat Blu Scuro', None, 'Matt', None], ['GC-1322', 'Olio Fiat Giallo Cromo', None, 'Matt', None], ['GC-1323', 'BMW Inka Orange', None, 'Matt', None], ['GC-1324', 'BWT Light Pink', None, 'Matt', None], ['GC-1325', 'Dodge Stinger Yellow', None, 'Matt', None], ['GC-1326', 'Benetton F1 Green', None, 'Satin', None], ['GC-1327', 'Benetton F1 Yellow', None, 'Satin', None], ['GC-1328', 'Benetton F1 Blue', None, 'Satin', None], ['GC-1329', 'Benetton F1 Red', None, 'Satin', None], ['GC-1330', 'WynnΓÇÖs Solid Purple', None, 'Satin', None], ['GC-1331', 'WynnΓÇÖs Solid Magenta', None, 'Satin', None], ['GC-1332', 'WynnΓÇÖs Solid Orange', None, 'Satin', None], ['GC-1333', 'Porsche Signal Yellow', None, 'Matt', None], ['GC-1334', 'Porsche Maritime Blue', None, 'Satin', None], ['GC-1335', 'Chevrolet Sunfire Yellow', None, 'Matt', None], ['GC-1336', 'Jordan 191 Dark Green', None, 'Matt', None], ['GC-1337', 'Jordan 191 Light Green', None, 'Matt', None], ['GC-1338', 'Jordan 191 Blue', None, 'Matt', None], ['GC-1339', 'Falken Green', None, 'Matt', None], ['GC-1340', 'Falken Blue', None, 'Matt', None], ['GC-1341', 'Audi Platypus Orange', None, 'Matt', None], ['GC-1342', 'BMW Turner Motorsports Dark Blue', None, 'Matt', None], ['GC-1343', 'Honda Sunlight Yellow II', None, 'Matt', None], ['GC-1344', 'Honda Milano Red', None, 'Matt', None], ['GC-1345', 'Chevrolet Adobe Beige', None, 'Matt', None], ['GC-1346', 'Ford Fiesta WRC 2018 Matte Blue', None, 'Matt', None], ['GC-1347', 'Ford Fiesta WRC 2020 Macaw Blue', None, 'Matt', None], ['GC-1348', 'BMW Golf Yellow', None, 'Matt', None], ['GC-1349', 'Seat Ocre / Fiat Giallo Positano', None, 'Satin', None], ['GC-1350', 'Yamaha Tech 21 Dark Blue', None, 'Satin', None], ['GC-1351', 'Yamaha Tech 21 Light Blue', None, 'Satin', None], ['GC-1352', 'MG Mineral Blue', None, 'Matt', None], ['GC-1353', 'AMG Zakspeed ProMarkt Yellow', None, 'Matt', None], ['GC-1354', 'Volkswagen Brilliant Orange', None, 'Satin', None], ['GC-1355', 'Volkswagen Java Green', None, 'Satin', None], ['GC-1356', 'Volkswagen Yukon Yellow', None, 'Satin', None], ['GC-1357', 'Volkswagen Miami Blue', None, 'Satin', None], ['GC-1358', 'BMW Turner Motorsport Yellow', '#f7bb04', 'Matt', None], ['GC-1359', 'Toleman Blue', None, 'Satin', None], ['GC-1360', 'Nissan Grand Prix Maroon', None, 'Matt', None], ['GC-1361', 'Porsche Jade Green', None, 'Matt', None], ['GC-1362', 'Porsche Arrow Blue', None, 'Matt', None], ['GC-1363', 'Porsche Fashion Gray', None, 'Matt', None], ['GC-1364', 'J├ñgermeister Emerald Green', None, 'Matt', None], ['GC-1365', 'Volkswagen Mars Red', None, 'Satin', None], ['GC-1366', 'Yamaha Faraway Blue', None, 'Satin', None], ['GC-1367', 'Land Rover Bahama Gold', None, 'Matt', None], ['GC-1368', 'Porsche Linden Green', None, 'Matt', None], ['GC-1369', 'Porsche Lilac Flieder', None, 'Matt', None], ['GC-1370', 'Porsche Irish Green', None, 'Matt', None], ['GC-1371', 'Porsche Fraise Strawberry', None, 'Matt', None], ['GC-1372', 'Porsche Auratium Green', None, 'Matt', None], ['GC-1373', 'Porsche Aubergine Eggplant', None, 'Matt', None], ['GC-1374', 'Porsche Viper Green', None, 'Matt', None], ['GC-1375', 'Porsche Ossi Blue', None, 'Matt', None], ['GC-1376', 'Porsche Ruby Stone Red', None, 'Matt', None], ['GC-1377', 'Mann Filter Yellow', None, 'Matt', None], ['GC-1378', 'Mercedes Original Teile Blue', None, 'Matt', None], ['GC-1379', 'Porsche Light Green', None, 'Matt', None], ['GC-1380', 'Citro├½n C3 WRC Bright Red', None, 'Matt', None], ['GC-1381', 'Porsche Grand Prix White', None, 'Matt', None], ['GC-1382', 'Porsche Acid Blue', None, 'Matt', None], ['GC-1383', 'Ferrari Verde Germoglio', None, 'Matt', None], ['GC-1384', 'Porsche Light Yellow', None, 'Matt', None], ['GC-1385', 'Porsche Speedway Green', None, 'Matt', None], ['GC-1386', 'Porsche Orange 156', None, 'Matt', None], ['GC-1387', 'Porsche Bahama Yellow', None, 'Matt', None], ['GC-1388', 'Porsche Birch Green', None, 'Matt', None], ['GC-1389', 'Porsche Brilliant Black', None, 'Satin', None], ['GC-1390', 'Porsche Bluten Yellow', None, 'Matt', None], ['GC-1391', 'Porsche Lime Green', None, 'Matt', None], ['GC-1392', 'Porsche Speed Yellow', None, 'Satin', None], ['GC-1393', 'Porsche Gulf Blue', None, 'Matt', None], ['GC-1394', 'Porsche Gulf Orange', None, 'Matt', None], ['GC-1395', 'Dodge TorRed', None, 'Satin', None], ['GC-1396', 'Dodge Spinnaker White', None, 'Satin', None], ['GC-1397', 'Plymouth Scorch Red', None, 'Satin', None], ['GC-1398', 'Ford Raven Black', None, 'Satin', None], ['GC-1399', 'Chevrolet Indian Ivory', None, 'Pearl', None], ['GC-1400', 'Aston Martin Pacific Blue', None, 'Satin', None], ['GC-1401', 'BMW Sao Paulo Yellow', None, 'Satin', None], ['GC-1402', 'Jeep Firecracker Red', None, 'Satin', None], ['GC-1403', 'Porsche Aetna Blue', None, 'Satin', None], ['GC-1404', 'Chevrolet Victory Red', None, 'Satin', None], ['GC-1405', 'Chevrolet Colonial Cream', None, 'Satin', None], ['GC-1406', 'Lamborghini Rosso Mimir', None, 'Satin', None], ['GC-1407', 'Lamborghini Verde Aries', None, 'Satin', None], ['GC-1408', 'Lamborghini Bianco Isis', None, 'Matt', None], ['GC-1409', 'Ford Pagoda Green', None, 'Satin', None], ['GC-1410', 'Ford Navaho Beige', None, 'Satin', None], ['GC-1411', 'Ford Sea Foam Green', None, 'Gloss', None], ['GC-1412', 'Buick Saturn Yellow', None, 'Gloss', None], ['GC-1413', 'Ford New Lime', None, 'Gloss', None], ['GC-1418', 'Porsche Shark Blue', None, 'Matt', None], ['GC-1426', 'BMW Racing Red', None, 'Matt', None], ['GC-1427', 'Shell Yellow', None, 'Matt', None], ['GC-1428', 'Shell Red', None, 'Matt', None], ['GC-1429', 'Telef├│nica Lime Green', None, 'Matt', None], ['GC-1472', 'FedEx White', None, 'Satin', None], ['GC-1473', 'Fedex Purple', None, 'Matt', None], ['GC-1483', 'Valvoline Red', None, 'Matt', None], ['GC-2100', 'McLaren Mauvine Blue', None, 'Pearl', None], ['GC-2101', 'Chevrolet Nightfall Gray', None, 'Pearl', None], ['GC-2103', 'Ferrari Rosso Rubino', None, 'Metallic', None], ['GC-2104', 'Ferrari Blu Abu Dhabi', None, 'Pearl', None], ['GC-2105', 'AMG Selenit Grau', None, 'Satin', None], ['GC-2106', 'Pagani Verde Pampa', None, 'Pearl', None], ['GC-2107', 'Pagani Blu Midnight', None, 'Pearl', None], ['GC-2108', 'McLaren Mantis Green', None, 'Pearl', None], ['GC-2110', 'Jaguar Ecurie Ecosse Blue', None, 'Metallic', None], ['GC-2111', 'Honda Nord Gray', None, 'Metallic', None], ['GC-2112', 'Ferrari Marrone Metallizzato', None, 'Metallic', None], ['GC-2113', 'Chevrolet Mecom Blue', None, 'Metallic', None], ['GC-2115', 'McLaren Gulf Pearl Blue', None, 'Pearl', None], ['GC-2116', 'Aston Martin Stirling Green', None, 'Satin', None], ['GC-2117', 'Nissan Katsura Orange', None, 'Pearl', None], ['GC-2118', 'Ferrari Blu Corsa', None, 'Pearl', None], ['GC-2119', 'Bentley EXP Speed 8 Green', None, 'Satin', None], ['GC-2121', 'Telef├│nica Movistar Pearl Blue', None, 'Pearl', None], ['GC-2122', 'Honda Takata Green Effect', None, 'Metallic', None], ['GC-2123', 'BMW Austin Yellow', None, 'Satin', None], ['GC-2124', 'Lamborghini Rosso Mars', None, 'Pearl', None], ['GC-2125', 'Chameleon Green to Violet', None, 'Pearl', None], ['GC-2126', 'Chameleon Red to Orange', None, 'Pearl', None], ['GC-2127', 'Chameleon Blue to Violet', None, 'Pearl', None], ['GC-2128', 'Chameleon Green To Copper', None, 'Pearl', None], ['GC-2129', 'Chameleon Cyan To Purple', None, 'Pearl', None], ['GC-2130', 'Chameleon Green to Purple', None, 'Pearl', None], ['GC-2131', 'Chameleon Blue to Red', None, 'Pearl', None], ['GC-2132', 'Ford Liquid Blue', None, 'Pearl', None], ['GC-2133', 'Chrysler Turbine Bronze', None, 'Metallic', None], ['GC-2134', 'Nissan RAY Iridium Blue', None, 'Pearl', None], ['GC-2136', 'Nissan LS1 Reddish Purple', None, 'Pearl', None], ['GC-2137', 'Jaguar F1 Racing Team Green', None, 'Pearl', None], ['GC-2138', 'Dodge High Octane Red', None, 'Pearl', None], ['GC-2139', 'Dodge Gunmetal', None, 'Matt', None], ['GC-2140', 'Dodge B5 Electric Blue', None, 'Pearl', None], ['GC-2141', 'Porsche Amethyst Purple', None, 'Pearl', None], ['GC-2142', 'Porsche Golden Yellow', None, 'Pearl', None], ['GC-2143', 'Porsche Ristretto Brown', None, 'Pearl', None], ['GC-2144', 'Porsche Graphite Blue', None, 'Pearl', None], ['GC-2146', 'Ford Kona Blue', None, 'Pearl', None], ['GC-2147', 'Ford Liquid Gray', None, 'Metallic', None], ['GC-2148', 'Ford Shadow Black', None, 'Pearl', None], ['GC-2149', 'Chevrolet Le Mans Blue', None, 'Metallic', None], ['GC-2151', 'Ford Gotta Have It Green', None, 'Pearl', None], ['GC-2152', 'Ford Lime Gold', None, 'Metallic', None], ['GC-2153', 'Yamaha Bluish Silver', None, 'Metallic', None], ['GC-2154', 'Yamaha Deep Purplish Blue', None, 'Pearl', None], ['GC-2155', 'Jaguar Silverstone Green', None, 'Pearl', None], ['GC-2156', 'Ford Brittany Blue', None, 'Metallic', None], ['GC-2157', 'Chevrolet Black Rose', None, 'Pearl', None], ['GC-2159', 'Porsche Mamba Green', None, 'Pearl', None], ['GC-2160', 'BMW Daytona Violet', None, 'Satin', None], ['GC-2161', 'Lamborghini Rosso Granata', None, 'Metallic', None], ['GC-2162', 'Aston Martin Silver Birch', None, 'Satin', None], ['GC-2163', 'Gauloises Pearl Blue', None, 'Pearl', None], ['GC-2164', 'Ferrari Rosso Fiorano', None, 'Pearl', None], ['GC-2165', 'Ford GT Midnight Blue', None, 'Pearl', None], ['GC-2166', 'Porsche Carrara Metallic White', None, 'Metallic', None], ['GC-2167', 'Yamaha Extreme Yellow', None, 'Pearl', None], ['GC-2169', 'Honda Midori Green', None, 'Pearl', None], ['GC-2170', 'Ford Lighting Blue', None, 'Pearl', None], ['GC-2172', 'BMW Frozen Sunburst Gold', None, 'Pearl', None], ['GC-2176', 'Porsche Aventurine Green', None, 'Pearl', None], ['GC-2177', 'Suzuki Triton Blue', None, 'Pearl', None], ['GC-2179', 'Williams BMW Pearl White', None, 'Pearl', None], ['GC-2180', 'Williams BMW Pearl Blue', None, 'Pearl', None], ['GC-2181', 'Chevrolet Sierra Gold', None, 'Metallic', None], ['GC-2182', 'WynnΓÇÖs Pearl Purple', None, 'Pearl', None], ['GC-2183', 'McLaren Aurora Blue', None, 'Pearl', None], ['GC-2184', 'Porsche Arena Red', None, 'Pearl', None], ['GC-2185', 'Lamborghini Verde Ermes', None, 'Pearl', None], ['GC-2186', 'Honda Repsol Pearl Horn Blue', None, 'Pearl', None], ['GC-2187', 'Mitsubishi Electric Blue', None, 'Pearl', None], ['GC-2188', 'Ford Performance Blue', None, 'Pearl', None], ['GC-2189', 'Porsche Gentian Blue', None, 'Pearl', None], ['GC-2190', 'Lamborghini Blu Grifo', None, 'Pearl', None], ['GC-2191', 'Ford Bright Highland Green', None, 'Pearl', None], ['GC-2192', 'Lamborghini Bronze', None, 'Matt', None], ['GC-2193', 'Lamborghini Verde Draco', None, 'Pearl', None], ['GC-2194', 'Lamborghini Viola Aletheia', None, 'Pearl', None], ['GC-2195', 'Lamborghini Verde Alceo', None, 'Pearl', None], ['GC-2196', 'Chameleon Holographic Rainbow', None, 'Pearl', None], ['GC-2197', 'Ferrari Blu Elettrico', None, 'Pearl', None], ['GC-2199', 'Porsche Lago Green', None, 'Metallic', None], ['GC-2201', 'Chevrolet Autumn Gold', None, 'Metallic', None], ['GC-2202', 'Ford Acapulco Blue', None, 'Metallic', None], ['GC-2203', 'Porsche Silver', None, 'Metallic', None], ['GC-2204', 'Porsche Aquamarine Blue', None, 'Metallic', None], ['GC-2205', 'Porsche Platin Effect', None, 'Metallic', None], ['GC-2206', 'McLaren Fistral Blue', None, 'Pearl', None], ['GC-2207', 'Ferrari Grigio Ghisa', None, 'Metallic', None], ['GC-2208', 'BMW Ametrin Metallic', None, 'Satin', None], ['GC-2209', 'Aston Martin Golden Saffron', None, 'Satin', None], ['GC-2210', 'Porsche Adria Blue', None, 'Metallic', None], ['GC-2211', 'Chevrolet Classic Copper', None, 'Metallic', None], ['GC-2212', 'McLaren Lantana Purple', None, 'Pearl', None], ['GC-2213', 'Ferrari Verde Francesca', None, 'Pearl', None], ['GC-2214', 'McLaren Davidoff Pearl Brown', None, 'Pearl', None], ['GC-2215', 'Yamaha Team Fiat Pearl White', None, 'Pearl', None], ['GC-2216', 'Yamaha Team Fiat Pearl Blue', None, 'Pearl', None], ['GC-2218', 'Ferrari Grigio Silverstone', None, 'Metallic', None], ['GC-2220', 'Lamborghini Viola Ophelia', None, 'Pearl', None], ['GC-2222', 'Audi Ice Silver', None, 'Metallic', None], ['GC-2223', 'Lamborghini Rosso Targa', None, 'Pearl', None], ['GC-2224', 'Porsche/Honda Repsol Blue Green', None, 'Metallic', None], ['GC-2225', 'Pontiac Chesterfield Brown', None, 'Metallic', None], ['GC-2226', 'Porsche Copper Brown', None, 'Metallic', None], ['GC-2227', 'Chevrolet Burgundy Mist', None, 'Metallic', None], ['GC-2228', 'Ford Dark Moss Green', None, 'Metallic', None], ['GC-2229', 'Aston Martin Viridian Green', None, 'Satin', None], ['GC-2230', 'Mazda Polymetal Gray', None, 'Pearl', None], ['GC-2232', 'Ferrari Azzurro California', None, 'Metallic', None], ['GC-2233', 'Chevrolet Fawn Beige', None, 'Metallic', None], ['GC-2234', 'Lamborghini Oro Helios', None, 'Metallic', None], ['GC-2235', 'Lamborghini Verde Hydra', None, 'Pearl', None], ['GC-2237', 'Toyota Deep Blue Metallic', None, 'Pearl', None], ['GC-2238', 'Toyota Matte Storm Gray', None, 'Metallic', None], ['GC-2239', 'Honda Estrella Galicia Silver', None, 'Metallic', None], ['GC-2240', 'Dodge Snakeskin Green', None, 'Pearl', None], ['GC-2241', 'Dodge Viper Blue', None, 'Pearl', None], ['GC-2242', 'Sauber Brilliant Silver', None, 'Metallic', None], ['GC-2243', 'Ferrari Nero Stellato', None, 'Pearl', None], ['GC-2244', 'Lamborghini Blu Caelum', None, 'Pearl', None], ['GC-2245', 'Ferrari Argento Nurburgring', None, 'Metallic', None], ['GC-2246', 'Ford Nitrous Blue', None, 'Pearl', None], ['GC-2248', 'Ferrari Grigio Abu Dhabi', None, 'Metallic', None], ['GC-2249', 'Chevrolet Zeus Bronze', None, 'Pearl', None], ['GC-2250', 'Porsche Yachting Blue', None, 'Pearl', None], ['GC-2251', 'Lamborghini Grigio Lynx', None, 'Pearl', None], ['GC-2252', 'Lamborghini Blu Aegir', None, 'Pearl', None], ['GC-2253', 'BMW Dravit Gray', None, 'Pearl', None], ['GC-2254', 'BMW Sonic Speed Blue', None, 'Pearl', None], ['GC-2255', 'Ford Kandy Gold', None, 'Metallic', None], ['GC-2256', 'Lamborghini Grigio Telesto', None, 'Pearl', None], ['GC-2257', 'Lamborghini Viola Mithras', None, 'Pearl', None], ['GC-2258', 'Lamborghini Nero Pegaso', None, 'Pearl', None], ['GC-2259', 'Lamborghini Azzurro Thetys', None, 'Metallic', None], ['GC-2260', 'Ford Indian Fire Red', None, 'Metallic', None], ['GC-2261', 'Honda Pearl Crystal White', None, 'Pearl', None], ['GC-2262', 'Honda Ocean Metallic Champagne', None, 'Metallic', None], ['GC-2266', 'Chevrolet Shadow Gray Metallic', None, 'Metallic', None], ['GC-2268', 'Toyota Royal Sapphire Blue', None, 'Pearl', None], ['GC-2269', 'Ferrari Canna di Fuccile', None, 'Metallic', None], ['GC-2270', 'Cadillac Lake Placid Blue', None, 'Metallic', None], ['GC-2271', 'Ferrari Rosso California', None, 'Pearl', None], ['GC-2272', 'Lamborghini Blu Sirena', None, 'Pearl', None], ['GC-2273', 'Ford Grabber Green Metallic', None, 'Metallic', None], ['GC-2274', 'Porsche Tobacco Metallic', None, 'Metallic', None], ['GC-2275', 'Porsche Metallic Slate Gray', None, 'Metallic', None], ['GC-2276', 'Chevrolet Elkhart Lake Blue', None, 'Pearl', None], ['GC-2278', 'Porsche Nordic Gold', None, 'Pearl', None], ['GC-2279', 'Ford Ingot Silver', None, 'Metallic', None], ['GC-2280', 'Chevrolet Accelerate Yellow', None, 'Metallic', None], ['GC-2281', 'Peugeot Quartz Gray', None, 'Metallic', None], ['GC-2282', 'Ferrari Oro per Cerchi', None, 'Metallic', None], ['GC-2283', 'Ferrari Argento per Cerchi', None, 'Metallic', None], ['GC-2284', 'Ferrari Croma Grigio Corsa', None, 'Metallic', None], ['GC-2285', 'Ford SVT Performance Blue', None, 'Pearl', None], ['GC-2286', 'Chevrolet Evening Orchid', None, 'Metallic', None], ['GC-2287', 'Chevrolet Neptune Green', None, 'Metallic', None], ['GC-2288', 'Plymouth Ivy Green', None, 'Metallic', None], ['GC-2289', 'Ferrari Bianco Fuji', None, 'Pearl', None], ['GC-2290', 'AMG Graphit Gray Magno', None, 'Pearl', None], ['GC-2291', 'Dodge Viper Emerald Green', None, 'Pearl', None], ['GC-2292', 'Porsche Sterling Silver', None, 'Metallic', None], ['GC-2293', 'Porsche Aurum Wheel', None, 'Metallic', None], ['GC-2294', 'Porsche Steel Gray', None, 'Metallic', None], ['GC-2295', 'AMC Fresh Plum Purple', None, 'Metallic', None], ['GC-2296', 'Honda Fireblade Pearl Blue', None, 'Pearl', None], ['GC-2297', 'Honda Matte Ballistic Black', None, 'Metallic', None], ['GC-2298', 'Honda Nebula Red', None, 'Pearl', None], ['GC-2301', 'Honda NSX Brooklands Green', None, 'Pearl', None], ['GC-2302', 'Honda Pearl Shining Black', None, 'Pearl', None], ['GC-2303', 'Lamborghini Verde Gea', None, 'Pearl', None], ['GC-2304', 'Chevrolet Palomar Red', None, 'Metallic', None], ['GC-2305', 'Ferrari Blu NART', None, 'Metallic', None], ['GC-2306', 'Lamborghini Bronzo Hypnos', None, 'Metallic', None], ['GC-2307', 'Lamborghini Balloon White', None, 'Pearl', None], ['GC-2308', 'Chevrolet Mosport Green', None, 'Metallic', None], ['GC-2309', 'Porsche Graphite Brown', None, 'Metallic', None], ['GC-2310', 'Porsche Ruby Red', None, 'Metallic', None], ['GC-2311', 'Porsche Silver Metallic', None, 'Metallic', None], ['GC-2314', 'Chevrolet Dusk Pearl Poly', None, 'Metallic', None], ['GC-2315', 'Nissan Nismo Anniversary Matte Bronze', None, 'Metallic', None], ['GC-2316', 'BMW Donington Gray Metallic', None, 'Metallic', None], ['GC-2317', 'Nissan KH2 Gun Gray Metallic', None, 'Metallic', None], ['GC-2318', 'Lamborghini Rosso Letto', None, 'Pearl', None], ['GC-2319', 'Ford Black Jade', None, 'Metallic', None], ['GC-2320', 'McLaren Victory Gray', None, 'Pearl', None], ['GC-2324', 'BMW Calypso Red Metallic', None, 'Metallic', None], ['GC-2325', 'Volkswagen Marathon Blue', None, 'Metallic', None], ['GC-2326', 'BMW Sapphire Blue', None, 'Metallic', None], ['GC-2327', 'Honda Repsol Pearl Empire Blue', None, 'Pearl', None], ['GC-2328', 'Ducati Grigio Senna', None, 'Pearl', None], ['GC-2329', 'AMG Battlefield 1 Orange', None, 'Satin', None], ['GC-2330', 'McLaren Vega Blue', None, 'Pearl', None], ['GC-2331', 'McLaren Storm Gray', None, 'Pearl', None], ['GC-2332', 'Plymouth Tawny Gold', None, 'Metallic', None], ['GC-2334', 'Aston Martin Casino Royale Gray', None, 'Metallic', None], ['GC-2335', 'Audi Misano Red', None, 'Satin', None], ['GC-2336', 'Audi Kemora Gray', None, 'Satin', None], ['GC-2337', 'Bugatti Vision Pearl Bleu Clair', None, 'Pearl', None], ['GC-2338', 'Bugatti Vision Pearl Bleu Fonce', None, 'Pearl', None], ['GC-2339', 'Walter Wolf Racing Gold', None, 'Metallic', None], ['GC-2341', 'McLaren Cerulean Blue', None, 'Pearl', None], ['GC-2342', 'Nissan Stealth Gray', None, 'Pearl', None], ['GC-2343', 'Honda Boost Blue', None, 'Pearl', None], ['GC-2344', 'Honda Sonic Gray', None, 'Pearl', None], ['GC-2345', 'Ford Dynasty Green', None, 'Metallic', None], ['GC-2346', 'Ferrari Jewel Green', None, 'Pearl', None], ['GC-2347', 'Porsche Viola Metallic', None, 'Pearl', None], ['GC-2349', 'Lexus LFA Pearl Brown', None, 'Pearl', None], ['GC-2350', 'Ferrari Verde Masoni Opaco', None, 'Pearl', None], ['GC-2351', 'Nissan Le Mans Sunset Orange', None, 'Pearl', None], ['GC-2352', 'Ferrari Blu Tour de France', None, 'Pearl', None], ['GC-2353', 'AMG Tabac Sonax Pearl Green', None, 'Satin', None], ['GC-2354', 'Chameleon Anthracite to Pink', None, 'Pearl', None], ['GC-2355', 'Chameleon Gold to Purple', None, 'Pearl', None], ['GC-2356', 'Porsche Oak Green', None, 'Pearl', None], ['GC-2357', 'Ford Gulfstream Aqua', None, 'Metallic', None], ['GC-2358', 'AMG Petronas Pearl Evergreen', None, 'Metallic', None], ['GC-2359', 'Audi Teak Brown', None, 'Satin', None], ['GC-2361', 'McLaren Ueno Clinic Pearl Black', None, 'Pearl', None], ['GC-2362', 'McLaren Ueno Clinic Gunmetal', None, 'Metallic', None], ['GC-2363', 'Dodge B3 Light Blue', None, 'Metallic', None], ['GC-2364', 'Ferrari Grigio Alloy', None, 'Metallic', None], ['GC-2366', 'Pontiac Lucerne Blue', None, 'Metallic', None], ['GC-2367', 'Chevrolet Marlboro Maroon', None, 'Metallic', None], ['GC-2368', 'Chevrolet Donnybrooke Green', None, 'Metallic', None], ['GC-2369', 'Chevrolet Pennant Blue', None, 'Metallic', None], ['GC-2370', 'Chevrolet Honduras Maroon', None, 'Metallic', None], ['GC-2372', 'Aston Martin Minotaur Green', None, 'Satin', None], ['GC-2373', 'Aston Martin Braemar Blue', None, 'Satin', None], ['GC-2374', 'Aston Martin Lightning Silver', None, 'Metallic', None], ['GC-2375', 'Ferrari Blu Sera', None, 'Metallic', None], ['GC-2377', 'Suzuki Mystic Silver', None, 'Metallic', None], ['GC-2378', 'Subaru Deep Blue', None, 'Pearl', None], ['GC-2379', 'Lamborghini Grigio Titans', None, 'Metallic', None], ['GC-2380', 'Citro├½n C3 WRC Matte Graphite', None, 'Metallic', None], ['GC-2381', 'Porsche Gold Metallic', None, 'Metallic', None], ['GC-2382', 'BMW Dolphin Gray', None, 'Metallic', None], ['GC-2383', 'Ferrari Blu Chiaro', None, 'Metallic', None], ['GC-2384', 'Ferrari Nero Daytona', None, 'Metallic', None], ['GC-2385', 'Ferrari Verde Pino', None, 'Metallic', None], ['GC-2386', 'Porsche Zenith Blue', None, 'Pearl', None], ['GC-2387', 'Porsche Lime Gold', None, 'Metallic', None], ['GC-2388', 'Ferrari Blu Swaters', None, 'Pearl', None], ['GC-2389', 'Alfa Romeo Nero Vulcano', None, 'Satin', None], ['GC-2390', 'Alfa Romeo Blu Anodizzato', None, 'Satin', None], ['GC-2391', 'Alfa Romeo Verde Montreal', None, 'Satin', None], ['GC-2392', 'Alfa Romeo Misano Blu', None, 'Satin', None], ['GC-2394', 'Alfa Romeo Bianco Trofeo', None, 'Satin', None], ['GC-2395', 'Suzuki Pearl Deep Blue', None, 'Pearl', None], ['GC-2396', 'Suzuki Sonic Silver', None, 'Metallic', None], ['GC-2397', 'Ducati Azzurro 350', None, 'Metallic', None], ['GC-2398', 'Ducati Grigio Metallizzato', None, 'Metallic', None], ['GC-2399', 'BMW Valencia Orange', None, 'Pearl', None], ['GC-2400', 'Aston Martin California Sage', None, 'Metallic', None], ['GC-2401', 'Jeep PunkΓÇÖn Orange', None, 'Pearl', None], ['GC-2402', 'Jeep Bikini Blue', None, 'Pearl', None], ['GC-2403', 'Ferrari Viola Hong Kong', None, 'Pearl', None], ['GC-2404', 'Ferrari Grigio Titanio', None, 'Metallic', None], ['GC-2405', 'Mazda Snowflake White', None, 'Pearl', None], ['GC-2406', 'Dodge F8 Green', None, 'Pearl', None], ['GC-2407', 'Aston Martin Ceramic Blue', None, 'Metallic', None], ['GC-2408', 'Ford Vintage Burgundy', None, 'Metallic', None], ['GC-2409', 'Aston Martin Ocellus Teal', None, 'Pearl', None], ['GC-2410', 'Toyota Horizon Blue', None, 'Pearl', None], ['GC-2411', 'Lamborghini Grigio Avalon', None, 'Gloss', None], ['GC-2412', 'Ferrari Azzurro Hyperion', None, 'Gloss', None], ['GC-2413', 'Lamborghini Grigio Antares', None, 'Gloss', None], ['GC-2425', 'BMW Racing Blue', None, 'Pearl', None], ['GC-2426', 'Chevrolet Elkhart Green', None, 'Metallic', None], ['GC-2427', 'Aston Martin Racing Green', None, 'Metallic', None], ['GC-2428', 'Porsche Palisander Metallic', None, 'Metallic', None], ['GC-2429', 'Lamborghini Verde Hector', None, 'Matt', None], ['GC-2437', 'AMG Designo Mystic Blue', None, 'Matt', None], ['GC-2443', 'Audi Tactical Green', None, 'Satin', None], ['GC-1435', 'Honda NR Red', None, 'Matt', None], ['GC-103', 'Ferrari Giallo Modena', None, 'Satin', None], ['GC-104', 'Citro├½n Rouge Vallelunga', None, 'Satin', None], ['GC-105', 'Citro├½n RB Blue Sapphire', None, 'Satin', None], ['GC-106', 'RB F1 Yellow', None, 'Satin', None], ['GC-108', '60`s & 70`s Gulf Blue', None, 'Satin', None], ['GC-109', 'Gulf Orange', None, 'Satin', None], ['GC-110', 'Marlboro Fluorescent Red', None, 'Satin', None], ['GC-111', 'Bentley British Racing Green', None, 'Satin', None], ['GC-112', 'Telef├│nica Blue', None, 'Satin', None], ['GC-113', 'Lotus British Racing Green', None, 'Satin', None], ['GC-114', 'Ferrari Rosso Scuderia', None, 'Satin', None], ['GC-115', 'Tyrell Blue', None, 'Satin', None], ['GC-118', 'Vaillant Green', None, 'Satin', None], ['GC-119', 'Tire Gray', None, 'Satin', None], ['GC-120', 'Mercedes Fire Engine Red', None, 'Satin', None], ['GC-121', 'Mercedes-Benz Ivory', None, 'Satin', None], ['GC-122', 'Fluorescent Yellow', None, 'Satin', None], ['GC-123', 'Chrysler Green Go', None, 'Satin', None], ['GC-124', 'Chrysler Panther Pink', None, 'Satin', None], ['GC-125', 'Chrysler Top Banana', None, 'Satin', None], ['GC-127', 'Fluorescent Orange', None, 'Satin', None], ['GC-129', 'McLaren Orange', None, 'Satin', None], ['GC-130', 'Porsche Guards Red', None, 'Satin', None], ['GC-131', 'Ford Grabber Blue', None, 'Satin', None], ['GC-132', 'Butternut Yellow', None, 'Satin', None], ['GC-135', "Williams Labatt's Blue", None, 'Satin', None], ['GC-136', 'Williams Camel Yellow', None, 'Satin', None], ['GC-137', 'Fluorescent Pink', None, 'Satin', None], ['GC-138', 'Porsche Carrara White', None, 'Satin', None], ['GC-140', 'Porsche Schwarzgrau', None, 'Satin', None], ['GC-141', 'Porsche Racing Yellow', None, 'Satin', None], ['GC-142', 'Porsche Light Pink', None, 'Satin', None], ['GC-143', 'Ford Torino Bright Red', None, 'Satin', None], ['GC-144', 'Volkswagen Pacific Blue', None, 'Satin', None], ['GC-145', 'Herbie Volkswagen Perlweiss', None, 'Satin', None], ['GC-146', 'Williams Racing Blue', None, 'Satin', None], ['GC-147', 'Williams Racing Yellow', None, 'Satin', None], ['GC-148', 'Ford Poppy Red', None, 'Satin', None], ['GC-149', 'Porsche Voodoo Blue', None, 'Satin', None], ['GC-150', 'National Fire Safety Lime Yellow', None, 'Satin', None], ['GC-151', 'Williams Racing Team Blue', None, 'Satin', None], ['GC-153', 'Lamborghini Celeste / Tiffany Blue', None, 'Satin', None], ['GC-155', 'Pontiac Carousel Red / Hugger Orange', None, 'Satin', None], ['GC-156', 'Lotus Camel Yellow', None, 'Satin', None], ['GC-157', 'Lamborghini Turchese Lagoon', None, 'Satin', None], ['GC-158', 'Mitsubishi Passion Red', None, 'Satin', None], ['GC-159', 'Corvette Panama Yellow', None, 'Satin', None], ['GC-160', 'Volkswagen Pure White', None, 'Satin', None], ['GC-161', 'Subaru 555 Blue', None, 'Satin', None], ['GC-163', 'Mazda Sunflower Yellow', None, 'Satin', None], ['GC-164', 'Porsche / Honda Rothmans Blue', None, 'Satin', None], ['GC-165', 'Porsche Sport Classic Gray', None, 'Satin', None], ['GC-166', 'Porsche Graphite Gray', None, 'Satin', None], ['GC-167', 'Cadillac Mountain Laurel Pink', None, 'Satin', None], ['GC-168', 'Repsol Light Fluorescent Red', None, 'Satin', None], ['GC-169', 'Repsol Light Fluorescent Orange', None, 'Satin', None], ['GC-170', 'Rosso Maserati', None, 'Satin', None], ['GC-171', 'Mazda Charge Racing Team Green', None, 'Satin', None], ['GC-172', 'Citroen Jaune Mimosa', None, 'Satin', None], ['GC-173', 'Jaguar Carmen Red', None, 'Satin', None], ['GC-174', 'Volkswagen Arctic Blue', None, 'Satin', None], ['GC-175', 'Bugatti Tank Marine Blue', None, 'Satin', None], ['GC-176', 'Bugatti Tank Sky Blue', None, 'Satin', None], ['GC-177', 'Citro├½n Vert Tibesti', None, 'Satin', None], ['GC-178', 'Sunoco Blue', None, 'Satin', None], ['GC-179', 'Sunoco Yellow', None, 'Satin', None], ['GC-180', 'Ford Race Red', None, 'Satin', None], ['GC-181', 'Porsche Mexico Blue', None, 'Satin', None], ['GC-182', 'Eleanor Medium Bright Yellow', None, 'Satin', None], ['GC-183', 'Rosso Alfa Romeo', None, 'Satin', None], ['GC-184', 'Corvette C7.R Racing Yell-O', None, 'Satin', None], ['GC-185', 'Ford GT Mulsanne Blue', None, 'Satin', None], ['GC-186', 'Ford GT Arnage Red', None, 'Satin', None], ['GC-187', 'Jaguar British Racing Green', None, 'Satin', None], ['GC-188', 'Ferrari Rosso Formule 1', None, 'Satin', None], ['GC-189', 'Citro├½n Vert Montana', None, 'Satin', None], ['GC-190', 'Chrysler Bahama Yellow', None, 'Satin', None], ['GC-192', 'Chrysler Citron Yella', None, 'Satin', None], ['GC-193', 'BMW M Style Blue', None, 'Satin', None], ['GC-194', 'BMW M Style Purple', None, 'Satin', None], ['GC-195', 'BMW M Style Red', None, 'Satin', None], ['GC-196', 'BRP/Ferrari Pistachio Green', None, 'Satin', None], ['GC-198', 'David Piper Green', None, 'Satin', None], ['GC-199', 'Early Marlboro Red', None, 'Satin', None], ['GC-201', 'Alcoa Aluminium', None, 'Satin', None], ['GC-202', 'Porsche Pearl Silverstone', None, 'Satin', None], ['GC-204', 'Aston Martin Almond Green', None, 'Satin', None], ['GC-206', 'Carbon Graffiti', None, 'Satin', None], ['GC-207', 'BBS Gold', None, 'Satin', None], ['GC-208', '┼ákoda Rally Green', None, 'Satin', None], ['GC-209', 'Mercedes Crystal Palladium', None, 'Satin', None], ['GC-210', 'Ferrari Rosso F1', None, 'Satin', None], ['GC-215', 'Ford Guardsman Blue', None, 'Satin', None], ['GC-216', 'Hemi Orange', None, 'Satin', None], ['GC-217', 'Ferrari Rosso Metallizzato', None, 'Satin', None], ['GC-218', 'Daimler Silver', None, 'Satin', None], ['GC-219', 'Synergy Green', None, 'Satin', None], ['GC-220', 'BMW Protonic Blue', None, 'Satin', None], ['GC-221', 'BMW Ionic Silver', None, 'Satin', None], ['GC-222', 'BMW Kristallweiss', None, 'Satin', None], ['GC-223', 'BMW Sophistograu', None, 'Satin', None], ['GC-224', 'Plum Crazy Pearl Purple', None, 'Satin', None], ['GC-225', 'Bullitt Highland Green', None, 'Satin', None], ['GC-226', 'Aston Martin Silver Fox', None, 'Satin', None], ['GC-228', 'BMW Frozen Gray', None, 'Satin', None], ['GC-229', 'BMW Frozen Blue', None, 'Satin', None], ['GC-230', 'Lamborghini Revent├│n Gray', None, 'Satin', None], ['GC-232', 'Lamborghini Blu Hera', None, 'Satin', None], ['GC-233', 'Chrysler Surf Blue', None, 'Satin', None], ['GC-234', 'Brembo Titanium Gold', None, 'Satin', None], ['GC-235', 'Mclaren West Black Effect', None, 'Satin', None], ['GC-236', 'Mclaren West Brilliant Silver', None, 'Satin', None], ['GC-237', 'Eagle Gurney Blue', None, 'Satin', None], ['GC-238', 'Porsche Meteor Gray', None, 'Satin', None], ['GC-239', 'Porsche Sapphire Blue', None, 'Satin', None], ['GC-240', 'O.Z. Gunmetal', None, 'Satin', None], ['GC-241', 'Porsche Rhodium Silver', None, 'Satin', None], ['GC-242', 'Porsche Dark Blue', None, 'Satin', None], ['GC-244', 'Porsche Liquid Metal Silver', None, 'Satin', None], ['GC-245', 'Porsche Liquid Metal Chromblau', None, 'Satin', None], ['GC-246', 'Lamborghini Grigio Thalasso', None, 'Satin', None], ['GC-249', 'Mercedes Brilliant Zircon Silver', None, 'Satin', None], ['GC-250', 'McLaren Honda Graphite Effect', None, 'Satin', None], ['GC-253', 'Eleanor Metallic Black', None, 'Satin', None], ['GC-254', 'Nissan Chrome Silver', None, 'Satin', None], ['GC-255', 'Mercedes Ice Blue', None, 'Satin', None], ['GC-256', 'Lamborghini Marrone Apus', None, 'Satin', None], ['GC-257', 'Toyota Hot Lava Orange', None, 'Satin', None], ['GC-258', 'Nissan LAC Purple', None, 'Satin', None], ['GC-260', 'Volkswagen Atlantic Blue', None, 'Satin', None], ['GC-261', 'Volkswagen Rising Blue', None, 'Satin', None], ['GC-262', 'Nissan LP2 Midnight Purple', None, 'Satin', None], ['GC-263', 'Nissan Millennium Jade', None, 'Satin', None], ['GC-264', 'Nissan LV4 Midnight Purple II', None, 'Satin', None], ['GC-266', 'Chrysler Mango Tango', None, 'Satin', None], ['GC-267', 'Aston Martin Quantum Silver', None, 'Satin', None], ['GC-268', 'Ford Deep Impact Blue', None, 'Satin', None], ['GC-269', 'Pontiac Verdoro Green', None, 'Satin', None], ['GC-272', 'Jaguar Racing Jasper Green', None, 'Satin', None], ['GC-273', 'Lamborghini Nero Nemesis', None, 'Satin', None], ['GC-274', 'BMW i Blue', None, 'Satin', None], ['GC-277', 'Dodge Furious Fusion', None, 'Satin', None], ['GC-278', 'Dodge Green With Envy', None, 'Satin', None], ['GC-280', 'Porsche Flying Lizard Dark Blue', None, 'Satin', None], ['GC-281', 'Porsche Flying Lizard Light Blue', None, 'Satin', None], ['GC-283', 'General Motors Dark Cherry', None, 'Satin', None], ['GC-284', 'Lotus Essex Blue', None, 'Satin', None], ['GC-285', 'Lamborghini Bianco Canopus', None, 'Satin', None], ['GC-287', 'General Motors Rally Green', None, 'Satin', None], ['GC-288', 'Ford Viking Blue', None, 'Satin', None], ['GC-290', 'Lamborghini Marrone Alcestis', None, 'Satin', None], ['GC-292', 'Kawasaki Golden Blazed Green', None, 'Satin', None], ['GC-295', 'Chrysler Go Man, Go!', None, 'Satin', None], ['GC-296', 'Renault Alpine Blue', None, 'Satin', None], ['GC-297', 'AMG Green Hell Magno', None, 'Satin', None], ['GC-298', 'Ford Magnetic Gray', None, 'Satin', None], ['GC-305', 'Acrylic Thinner', None, 'Thinners', None], ['GC-307', 'Single Stage Gloss Clear', None, 'Varnish', None], ['GC-1100', 'Ferrari Blu Scozia', None, 'Satin', None], ['GC-1101', 'Yamaha Competition Yellow', None, 'Satin', None], ['GC-1102', 'Ferrari Rosso Mugello', None, 'Satin', None], ['GC-1106', 'Hyundai N Performance Blue', None, 'Satin', None], ['GC-1107', 'Lotus Gold Leaf White', None, 'Satin', None], ['GC-1108', 'Lotus Gold Leaf Red', None, 'Satin', None], ['GC-1109', 'Porsche Riviera Blue', None, 'Satin', None], ['GC-1110', 'Honda Championship White', None, 'Satin', None], ['GC-1111', 'BMW Colorado Orange', None, 'Satin', None], ['GC-1112', 'Chevrolet Millennium Yellow', None, 'Satin', None], ['GC-1113', 'BMW Mint Green', None, 'Satin', None], ['GC-1114', 'Chevrolet Torch Red', None, 'Satin', None], ['GC-1115', 'Volkswagen Apple Green', None, 'Satin', None], ['GC-1116', 'Ferrari Giallo Fly', None, 'Satin', None], ['GC-1117', 'Jaguar Silk Cut Purple', None, 'Satin', None], ['GC-1118', 'Leyton House Aquamarine Blue', None, 'Satin', None], ['GC-1119', 'Honda Raybrig Blue Purple', None, 'Satin', None], ['GC-1120', 'BMC Signal Red', None, 'Satin', None], ['GC-1121', 'BMC Snowberry White', None, 'Satin', None], ['GC-1122', 'Martini Racing Dark Blue', None, 'Satin', None], ['GC-1123', 'Martini Racing Light Blue', None, 'Satin', None], ['GC-1124', 'Martini Racing Red', None, 'Satin', None], ['GC-1125', 'Citro├½n Vert Bambou', None, 'Satin', None], ['GC-1126', 'Renault Jaune Tournesol', None, 'Satin', None], ['GC-1127', 'Renault Gordini Bleu France', None, 'Satin', None], ['GC-1128', 'Porsche Lava Orange', None, 'Satin', None], ['GC-1129', 'Porsche Signal Green', None, 'Satin', None], ['GC-1130', 'Citro├½n Bleu Celeste', None, 'Satin', None], ['GC-1131', 'Porsche Ruby Stone Red', None, 'Satin', None], ['GC-1132', 'Peugeot Jaune Camel', None, 'Satin', None], ['GC-1133', 'Lamborghini Celeste Phoebe', None, 'Satin', None], ['GC-1134', 'Alfa Romeo Rosso Alfetta', None, 'Satin', None], ['GC-1135', 'Ford Frozen White', None, 'Satin', None], ['GC-1136', 'Ford Triple Yellow', None, 'Satin', None], ['GC-1137', 'Fiat Grigio Abarth', None, 'Satin', None], ['GC-1138', 'Ferrari Grigio Scuro', None, 'Satin', None], ['GC-1140', 'Ferrari Rosso 70 Anni', None, 'Satin', None], ['GC-1141', 'Porsche Lizard Green', None, 'Satin', None], ['GC-1142', 'Porsche Miami Blue', None, 'Satin', None], ['GC-1143', 'Porsche Carmine Red', None, 'Satin', None], ['GC-1144', 'Porsche Crayon Gray', None, 'Satin', None], ['GC-1145', 'Porsche Salzburg Team Red', None, 'Satin', None], ['GC-1146', 'Ford Powder Blue', None, 'Satin', None], ['GC-1147', 'Ford Marigold Orange', None, 'Satin', None], ['GC-1148', 'Ford Lead Foot Gray', None, 'Satin', None], ['GC-1149', 'Ford Colorado Red', None, 'Satin', None], ['GC-1150', 'Audi Alpinweiss', None, 'Satin', None], ['GC-1151', 'Renault Jaune Formule 1', None, 'Satin', None], ['GC-1152', 'Renault Bleu Clair Formule 1', None, 'Satin', None], ['GC-1153', 'Renault Bleu Fonce Formule 1', None, 'Satin', None], ['GC-1154', 'Lamborghini Azzurro Polizia', None, 'Satin', None], ['GC-1155', 'Toyota Super White', None, 'Satin', None], ['GC-1156', 'Lucky Strike Red', None, 'Satin', None], ['GC-1157', 'Lucky Strike Olive', None, 'Satin', None], ['GC-1158', 'Lucky Strike White', None, 'Satin', None], ['GC-1159', 'Ford Spinel Green', None, 'Satin', None], ['GC-1160', 'Ducati Rosso Anniversario', None, 'Satin', None], ['GC-1161', 'Ducati Bianco White', None, 'Satin', None], ['GC-1162', 'Ligier Bleu Sport', None, 'Satin', None], ['GC-1163', 'Quaker State Green', None, 'Satin', None], ['GC-1164', 'BMW Chamonix White', None, 'Satin', None], ['GC-1166', 'Brabham Parmalat Blue', None, 'Satin', None], ['GC-1167', 'Brabham Parmalat White', None, 'Satin', None], ['GC-1168', 'Datsun Cherry Red', None, 'Satin', None], ['GC-1169', 'Williams Saudia Green', None, 'Satin', None], ['GC-1170', 'Gauloises Solid Blue', None, 'Satin', None], ['GC-214', 'Ferrari Rosso Fuoco', None, None, None], ['GC-227', 'McLaren Chrome Effect', None, None, None], ['GC-227', 'McLaren Chrome Effect', None, None, None], ['GC-231', 'Lamborghini Giallo Maggio', None, None, None], ['GC-247', 'Lamborghini Verde Itaca', None, None, None], ['GC-248', 'Lamborghini Arancio Argos', None, None, None], ['GC-251', 'Mazda Soul Red', None, None, None], ['GC-251', 'Mazda Soul Red', None, None, None], ['GC-271', 'Honda Candy Aleutian Blue', None, None, None], ['GC-275', 'AMG Solarbeam Yellow', None, None, None], ['GC-286', 'Honda Valancia Red', None, None, None], ['GC-289', 'Honda Nouvelle Blue', None, None, None], ['GC-291', 'Ford Ruby Red', None, None, None], ['GC-293', 'Lamborghini Blu Cepheus', None, None, None], ['GC-294', 'Ferrari Rosso Scuderia/F1', None, None, None], ['GC-299', 'McLaren Volcano Orange', None, None, None], ['GC-2102', 'Ferrari Giallo Triplo Strato', None, None, None], ['GC-2109', 'Pagani Rosso Dubai', None, None, None], ['GC-2114', 'Lamborghini Rosso Bia', None, None, None], ['GC-2120', 'Lamborghini Giallo Orion', None, None, None], ['GC-2135', 'Ford Orange Fury', None, None, None], ['GC-2145', 'Porsche Saffron Yellow', None, None, None], ['GC-2150', 'Lamborghini Viola Parsifae', None, None, None], ['GC-2158', 'Honda Indy Yellow', None, None, None], ['GC-2168', 'Lamborghini Blu Nethus', None, None, None], ['GC-2171', 'Ford Liquid Red', None, None, None], ['GC-2173', 'Ferrari Rosso Corsa Metallizzato', None, None, None], ['GC-2174', 'Lamborghini Verde Arthemis', None, None, None], ['GC-2175', 'Ferrari Rosso Portofino', None, None, None], ['GC-2178', 'McLaren Ventura Orange', None, None, None], ['GC-2198', 'McLaren Volcano Yellow', None, None, None], ['GC-2200', 'McLaren Volcano Red', None, None, None], ['GC-2217', 'Carbon Fiber Basecoat Box Set', None, None, None], ['GC-2219', 'Ferrari Rosso Maranello', None, None, None], ['GC-2221', 'Lamborghini Oro Adonis', None, None, None], ['GC-2231', 'Pennzoil Pearl Yellow', None, None, None], ['GC-2236', 'McLaren Tarocco Orange', None, None, None], ['GC-2247', 'Ferrari Rosso Monza', None, None, None], ['GC-2263', 'Lamborghini Verde Selvans', None, None, None], ['GC-2264', 'Ford Lucid Red', None, None, None], ['GC-2265', 'Lamborghini Giallo Tenerife', None, None, None], ['GC-2267', 'Ferrari Rosso Berlinetta', None, None, None], ['GC-2299', 'Chevrolet Sebring Orange', None, None, None], ['GC-2300', 'Ferrari Rosso Angelo', None, None, None], ['GC-2312', 'Porsche Perlglanz Weiss', None, None, None], ['GC-2313', 'Nissan LX0 Midnight Purple III', None, None, None], ['GC-2321', 'Lamborghini Rosso Efesto', None, None, None], ['GC-2322', 'Nissan QX1 White Pearl', None, None, None], ['GC-2323', 'McLaren Orange Azores', None, None, None], ['GC-2333', 'McLaren Mira Orange', None, None, None], ['GC-2340', 'Porsche Cherry Pearl Red', None, None, None], ['GC-2348', 'Lexus LFA Pearl Red', None, None, None], ['GC-2360', 'Lamborghini Arancio Xanto', None, None, None], ['GC-2365', 'Nissan KAB Super Silver', None, None, None], ['GC-2371', 'Aston Martin Lime Essence', None, None, None], ['GC-2376', 'Lamborghini Arancio Borealis', None, None, None], ['GC-2393', 'Alfa Romeo Rosso Competizione', None, None, None], ['GC-1277', 'Honda Grand Prix Red', None, None, None], ['GC-2277', 'Ferrari Rosso Magma', None, None, None], ['GC-306', 'Gloss Clear Box Set', None, None, None]], 'Green Stuff World': [[None, None, None, 'Cleaners', 'Acrylic'], ['1656', 'Spider Serum', None, 'Textured', 'Acrylic'], ['2100', 'Conductive Paint (with silver)', None, 'Matt', 'Acrylic'], ['1552', 'Chameleon Cobalt Blue', None, 'Metallic', 'Acrylic'], ['1553', 'Chameleon Mystic Gold', None, 'Metallic', 'Acrylic'], ['1554', 'Chameleon Storm Surge Green', None, 'Metallic', 'Acrylic'], ['1555', 'Chameleon Toxic Purple', None, 'Metallic', 'Acrylic'], ['1556', 'Chameleon Tropical Green', None, 'Metallic', 'Acrylic'], ['1557', 'Chameleon Psychotic Illusions', None, 'Metallic', 'Acrylic'], ['1558', 'Chameleon Nebula Copper', None, 'Metallic', 'Acrylic'], ['1559', 'Chameleon Celestial Azure', None, 'Metallic', 'Acrylic'], ['1606', 'Chameleon Burning Gold', None, 'Metallic', 'Acrylic'], ['1607', 'Chameleon Martian Green', None, 'Metallic', 'Acrylic'], ['1608', 'Chameleon Red Goblin', None, 'Metallic', 'Acrylic'], ['1609', 'Chameleon Emerald Getaway', None, 'Metallic', 'Acrylic'], ['1671', 'Chameleon Royal Burgundy', None, 'Metallic', 'Acrylic'], ['1672', 'Chameleon Pinky Blue', None, 'Metallic', 'Acrylic'], ['1673', 'Color shift metal holographic 2', None, 'Metallic', 'Acrylic'], ['1674', 'Chameleon Evil Forest', None, 'Metallic', 'Acrylic'], ['1700', 'Fluor Lime', None, 'Fluo', 'Acrylic'], ['1701', 'Fluor Yellow', None, 'Fluo', 'Acrylic'], ['1702', 'Fluor Yellorange', None, 'Fluo', 'Acrylic'], ['1703', 'Fluor Orange', None, 'Fluo', 'Acrylic'], ['1704', 'Fluor Red', None, 'Fluo', 'Acrylic'], ['1705', 'Fluor Rose', None, 'Fluo', 'Acrylic'], ['1706', 'Fluor Violet', None, 'Fluo', 'Acrylic'], ['1707', 'Fluor Blue', None, 'Fluo', 'Acrylic'], ['1709', 'Blood Effect Coagulated Blood', None, 'Matt', 'Acrylic'], ['1710', 'Wash Ink Atramentum Black', None, 'Matt', 'Acrylic'], ['1711', 'Wash Ink Blush Red', None, 'Matt', 'Acrylic'], ['1712', 'Wash Ink Aether Blue', None, 'Matt', 'Acrylic'], ['1713', 'Wash Ink Pecatum Flesh', None, 'Matt', 'Acrylic'], ['1714', 'Wash Ink Vicious Purple', None, 'Matt', 'Acrylic'], ['1715', 'Wash Ink Moss Green', None, 'Matt', 'Acrylic'], ['1716', 'Wash Ink Andalusian Earth', None, 'Matt', 'Acrylic'], ['1717', 'Wash Ink Ancient Sepia', None, 'Matt', 'Acrylic'], ['1718', 'Blood Effect True Blood', None, 'Matt', 'Acrylic'], ['1720', 'Intensity Ink Swamp Brown', None, 'Matt', 'Acrylic'], ['1721', 'Intensity Ink Crimson Magenta', None, 'Matt', 'Acrylic'], ['1722', 'Intensity Ink Viridis Green', None, 'Matt', 'Acrylic'], ['1723', 'Intensity Ink Hydromiel Yellow', None, 'Matt', 'Acrylic'], ['1724', 'Intensity Ink Phoenix Orange', None, 'Matt', 'Acrylic'], ['1725', 'Intensity Ink Sanguinem Red', None, 'Matt', 'Acrylic'], ['1726', 'Candy Ink Amber Orange', None, 'Gloss', 'Acrylic'], ['1727', 'Chameleon Solar Anomalie', None, 'Metallic', 'Acrylic'], ['1728', 'Chameleon Darth Blue', None, 'Metallic', 'Acrylic'], ['1729', 'Chameleon Borealis Green', None, 'Metallic', 'Acrylic'], ['1730', 'Intensity Ink Opulentus Black', None, 'Matt', 'Acrylic'], ['1731', 'Intensity Ink Sacra Purple', None, 'Matt', 'Acrylic'], ['1732', 'Intensity Ink Tenebris Blue', None, 'Matt', 'Acrylic'], ['1733', 'Intensity Ink Gorgon Dark Green', None, 'Matt', 'Acrylic'], ['1734', 'Intensity Ink Walnut Brown', None, 'Matt', 'Acrylic'], ['1735', 'Intensity Ink Sepia Vetus', None, 'Matt', 'Acrylic'], ['1737', 'Candy Ink Jade Green', None, 'Gloss', 'Acrylic'], ['1738', 'Candy Ink Amethyst Purple', None, 'Gloss', 'Acrylic'], ['1739', 'Candy Ink Saphire Blue', None, 'Gloss', 'Acrylic'], ['1744', 'Gloss Varnish', None, 'Matt', 'Acrylic'], ['1746', 'Master Medium', None, None, 'Acrylic'], ['1755', 'Candy InkTiger Eye Brown', None, 'Gloss', 'Acrylic'], ['1756', 'Candy Ink Ruby Red', None, 'Gloss', 'Acrylic'], ['1757', 'Candy Ink Quartz Magenta', None, 'Gloss', 'Acrylic'], ['1759', 'Candy Ink Citrine Yellow', None, 'Gloss', 'Acrylic'], ['1760', 'Fluor White', None, 'Fluo', 'Acrylic'], ['1776', 'Fluor Turquoise', None, 'Fluo', 'Acrylic'], ['1778', 'Nuclear White', None, 'Matt', 'Acrylic'], ['1779', 'Black Stallion', None, 'Matt', 'Acrylic'], ['1780', 'Banana Split', None, 'Matt', 'Acrylic'], ['1781', 'Cyber Yellow', None, 'Matt', 'Acrylic'], ['1782', 'Go Mango', None, 'Matt', 'Acrylic'], ['1783', 'Mustard Yellow', None, 'Matt', 'Acrylic'], ['1784', 'Flaming Orange', None, 'Matt', 'Acrylic'], ['1785', 'Ember Orange', None, 'Matt', 'Acrylic'], ['1786', 'Hellfire Red', None, 'Matt', 'Acrylic'], ['1787', 'Cutthroat Red', None, 'Matt', 'Acrylic'], ['1788', 'Majin Pink', None, 'Matt', 'Acrylic'], ['1789', 'Sangria Red', None, 'Matt', 'Acrylic'], ['1790', 'Liche Purple', None, 'Matt', 'Acrylic'], ['1791', 'Abyss Blue', None, 'Matt', 'Acrylic'], ['1792', 'Marine Blue', None, 'Matt', 'Acrylic'], ['1793', 'Summersea Blue', None, 'Matt', 'Acrylic'], ['1794', 'Zima Blue', None, 'Matt', 'Acrylic'], ['1795', 'Tropical Turquoise', None, 'Matt', 'Acrylic'], ['1796', 'Kraken Green', None, 'Matt', 'Acrylic'], ['1797', 'Forest Green', None, 'Matt', 'Acrylic'], ['1798', 'Hunter Green', None, 'Matt', 'Acrylic'], ['1799', 'Warcry Green', None, 'Matt', 'Acrylic'], ['1800', 'Camouflage Green', None, 'Matt', 'Acrylic'], ['1820', 'Flubber Green', None, 'Matt', 'Acrylic'], ['1821', 'Olivegrove Green', None, 'Matt', 'Acrylic'], ['1822', 'Zombie Flesh', None, 'Matt', 'Acrylic'], ['1823', 'Sun-Bleached Bone', None, 'Matt', 'Acrylic'], ['1824', 'Komodo Khaki', None, 'Matt', 'Acrylic'], ['1825', 'Peach Flesh', None, 'Matt', 'Acrylic'], ['1826', 'Dwarven Flesh', None, 'Matt', 'Acrylic'], ['1827', 'Blushing Flesh', None, 'Matt', 'Acrylic'], ['1828', 'Ochre Desert', None, 'Matt', 'Acrylic'], ['1829', 'Leather Brown', None, 'Matt', 'Acrylic'], ['1830', 'Foxhide Brown', None, 'Matt', 'Acrylic'], ['1831', 'Choco Brown', None, 'Matt', 'Acrylic'], ['1832', 'Redwood Brown', None, 'Matt', 'Acrylic'], ['1833', 'Bestial Brown', None, 'Matt', 'Acrylic'], ['1834', 'Quicksand Brown', None, 'Matt', 'Acrylic'], ['1835', 'Wolven Grey', None, 'Matt', 'Acrylic'], ['1836', 'BlueGrey Dusk', None, 'Matt', 'Acrylic'], ['1837', 'Moonstone Grey', None, 'Matt', 'Acrylic'], ['1838', 'Slate Grey', None, 'Matt', 'Acrylic'], ['1839', 'Lollipop Magenta', None, 'Matt', 'Acrylic'], ['1840', 'Mirage Blue', None, 'Matt', 'Acrylic'], ['1841', 'Dark Umber', None, 'Matt', 'Acrylic'], ['1842', 'Steel Grey', None, 'Matt', 'Acrylic'], ['1843', 'Ivory Tusk', None, 'Matt', 'Acrylic'], ['1844', 'Pale Flesh', None, 'Matt', 'Acrylic'], ['1845', 'Elven Flesh', None, 'Matt', 'Acrylic'], ['1846', 'Imperium Blue', None, 'Matt', 'Acrylic'], ['1847', 'Malefic Purple', None, 'Matt', 'Acrylic'], ['1848', 'Military Green', None, 'Matt', 'Acrylic'], ['1849', 'Field Green-Grey', None, 'Matt', 'Acrylic'], ['1850', 'Rocket Green', None, 'Matt', 'Acrylic'], ['1851', 'Gangrene', None, 'Matt', 'Acrylic'], ['1852', 'Scorched Wood', None, 'Matt', 'Acrylic'], ['1853', 'Overlord Olive', None, 'Matt', 'Acrylic'], ['1854', 'Dark Beige', None, 'Matt', 'Acrylic'], ['1855', 'English Field Brown', None, 'Matt', 'Acrylic'], ['1856', 'Coyote Brown', None, 'Matt', 'Acrylic'], ['1857', 'Desert Camo', None, 'Matt', 'Acrylic'], ['1858', 'Yellow Brown Ops', None, 'Matt', 'Acrylic'], ['1859', 'Valkyrie Yellow', None, 'Matt', 'Acrylic'], ['1860', 'Metallic Gunmetal Grey', None, 'Metallic', 'Acrylic'], ['1861', 'Metallic Quicksilver', None, 'Metallic', 'Acrylic'], ['1862', 'Metallic Anthrax Metal', None, 'Metallic', 'Acrylic'], ['1863', 'Metallic Mystic White', None, 'Metallic', 'Acrylic'], ['1864', 'Metallic Sharkfin Blue', None, 'Metallic', 'Acrylic'], ['1865', 'Metallic Tinmetal Grey', None, 'Metallic', 'Acrylic'], ['1866', 'Metallic Dark Elder Bronze', None, 'Metallic', 'Acrylic'], ['1867', 'Metallic Gladius Bronze', None, 'Metallic', 'Acrylic'], ['1868', 'Metallic Steampunk Copper', None, 'Metallic', 'Acrylic'], ['1869', 'Metallic Shiny Gold', None, 'Metallic', 'Acrylic'], ['1870', 'Metallic El Dorado', None, 'Metallic', 'Acrylic'], ['1871', 'Metallic Antique Gold', None, 'Metallic', 'Acrylic'], ['1872', 'Metallic Neptunus Blue', None, 'Metallic', 'Acrylic'], ['1873', 'Metallic Sirenscale Green', None, 'Metallic', 'Acrylic'], ['1874', 'Metallic Caesar Red', None, 'Metallic', 'Acrylic'], ['1875', 'Metallic Persian Violet', None, 'Metallic', 'Acrylic'], ['1876', 'Metallic Aqua Turquoise', None, 'Metallic', 'Acrylic'], ['1877', 'Metallic Orchid Purple', None, 'Metallic', 'Acrylic'], ['1878', 'Satin Varnish', None, 'Varnish', 'Acrylic'], ['1882', 'Barrel Grey', None, 'Matt', 'Acrylic'], ['1883', 'Gengis Khaki', None, 'Matt', 'Acrylic'], ['1884', 'Sandstorm', None, 'Matt', 'Acrylic'], ['1885', 'Deck Grey', None, 'Matt', 'Acrylic'], ['1886', 'Prussian Green', None, 'Matt', 'Acrylic'], ['1887', 'Olive-Brown Ops', None, 'Matt', 'Acrylic'], ['1889', 'Chiping Medium Chipping & Scratches', None, 'Textured', 'Acrylic'], ['1890', 'Blood Effect Ork Blood', None, 'Matt', 'Acrylic'], ['2117', 'Liquid Frost', None, 'Textured', 'Acrylic'], ['2290', 'Liquid Pigments Verdigris', None, 'Matt', 'Acrylic'], ['2327', 'Brush Soap Cleaner and Preserver', None, 'Cleaners', 'Acrylic'], ['2398', 'Bile Effect', None, 'Matt', 'Acrylic'], ['2399', 'Vomit Effect', None, 'Matt', 'Acrylic'], ['2454', 'Chrome Metal Paint', None, 'Metallic', 'Acrylic'], ['2455', 'Chrome Metal Paint - Airbrush', None, 'Metallic', 'Acrylic'], ['2577', 'Black Chrome Paint Airbrush', '#323232', 'Metallic', 'Acrylic'], ['2582', 'Metal Filters Blue Interference', None, 'Metallic', 'Acrylic'], ['2583', 'Metal Filters Purple Interference', None, 'Metallic', 'Acrylic'], ['2584', 'Metal Filters Turqouise Interference', None, 'Metallic', 'Acrylic'], ['2585', 'Metal Filters Green Interference', None, 'Metallic', 'Acrylic'], ['2586', 'Metal Filters Gold Interference', None, 'Metallic', 'Acrylic'], ['2587', 'Metal Filters Red Inteference', None, 'Metallic', 'Acrylic'], ['2639', 'Maxx Matt Varnish Ultramate', None, 'Varnish', 'Acrylic'], ['3207', 'Fang White', None, 'Matt', 'Acrylic'], ['3208', 'Vanilla Drop', None, 'Matt', 'Acrylic'], ['3209', 'Parchment', None, 'Matt', 'Acrylic'], ['3210', 'Golden Cream', None, 'Matt', 'Acrylic'], ['3211', 'Temple Ochre', None, 'Matt', 'Acrylic'], ['3212', 'Tiger Brown', None, 'Matt', 'Acrylic'], ['3213', 'Arrakis Brown', None, 'Matt', 'Acrylic'], ['3214', 'Faded Orange', None, 'Matt', 'Acrylic'], ['3215', 'Dusty Rose', None, 'Matt', 'Acrylic'], ['3216', 'Flesh Rose', None, 'Matt', 'Acrylic'], ['3217', 'Red Truth', None, 'Matt', 'Acrylic'], ['3218', 'Carnage Red', None, 'Matt', 'Acrylic'], ['3219', 'Brown Skin', None, 'Matt', 'Acrylic'], ['3220', 'Wonka Violet', None, 'Matt', 'Acrylic'], ['3221', 'Phanton Violet', None, 'Matt', 'Acrylic'], ['3222', 'Chancellor Blue', None, 'Matt', 'Acrylic'], ['3223', 'Prussian Blue', None, 'Matt', 'Acrylic'], ['3224', 'Ultramar Blue', None, 'Matt', 'Acrylic'], ['3225', 'Lapislazuli', None, 'Matt', 'Acrylic'], ['3226', 'Smoked Blue', None, 'Matt', 'Acrylic'], ['3227', 'Artic Blue', None, 'Matt', 'Acrylic'], ['3228', 'Grey Teal', None, 'Matt', 'Acrylic'], ['3229', 'Viridian Green', None, 'Matt', 'Acrylic'], ['3230', 'Rotten Green', None, 'Matt', 'Acrylic'], ['3231', 'Canary Green', None, 'Matt', 'Acrylic'], ['3232', 'Yoda Green', None, 'Matt', 'Acrylic'], ['3233', 'Blackroot Grey', None, 'Matt', 'Acrylic'], ['3234', 'Ranger Green', None, 'Matt', 'Acrylic'], ['3235', 'Starship Grey', None, 'Matt', 'Acrylic'], ['3236', 'Lilac Purple', None, 'Matt', 'Acrylic'], ['3237', 'Mint Twister', None, 'Matt', 'Acrylic'], ['3238', 'Bluebird Grey', None, 'Matt', 'Acrylic'], ['3239', 'Arachnid Green', None, 'Matt', 'Acrylic'], ['3240', 'Moon Mist', None, 'Matt', 'Acrylic'], ['3259', 'Whitecap Beige', None, 'Matt', 'Acrylic'], ['3690', 'Bronze Chrome Metal', None, 'Metallic', 'Acrylic'], ['3691', 'Gold Chrome Metal', None, 'Metallic', 'Acrylic'], ['3692', 'Antique Gold Chrome Metal', None, 'Metallic', 'Acrylic'], ['3693', 'Tinplate Chrome Metal', None, 'Metallic', 'Acrylic'], ['3694', 'Copper Chrome Metal', None, 'Metallic', 'Acrylic'], ['1753', 'Mud Effect Medium', None, 'Textured', 'Acrylic'], ['1754', 'Pigment Fixer', None, 'Matt', 'Acrylic'], ['2185', 'Splash Gel Water Effect', None, 'Gloss', 'Acrylic'], ['2776', 'Rust Textures Red Oxide Rust', None, 'Textured', 'Acrylic'], ['2777', 'Rust Textures Light Oxide Rust', None, 'Matt', 'Acrylic'], ['2778', 'Rust Textures Medium Oxide Rust', None, 'Textured', 'Acrylic'], ['2779', 'Rust Textures Dark Oxide Rust', None, 'Textured', 'Acrylic'], ['2780', 'Earth Textures Light Earth', None, 'Textured', 'Acrylic'], ['2781', 'Earth Textures Middle Earth', None, 'Textured', 'Acrylic'], ['2782', 'Earth Textures Orange Earth', None, 'Textured', 'Acrylic'], ['2783', 'Earth Textures Dark Earth', None, 'Textured', 'Acrylic'], ['2784', 'Mud Textures Black Mud', None, 'Textured', 'Acrylic'], ['2785', 'Mud Textures Swamp Mud', None, 'Textured', 'Acrylic'], ['2786', 'Mud Textures Green Mud', None, 'Textured', 'Acrylic'], ['2787', 'Mud Textures Dark Brown Mud', None, 'Textured', 'Acrylic'], ['2788', 'Splash Mud Textures Green', None, 'Textured', 'Acrylic'], ['2789', 'Splash Mud Textures Medium Brown', None, 'Textured', 'Acrylic'], ['2790', 'Splash Mud Textures Dark Brown', None, 'Textured', 'Acrylic'], ['2791', 'Splash Mud Textures Grey', None, 'Textured', 'Acrylic'], ['2792', 'Sand Textures Dessert Sand', None, 'Textured', 'Acrylic'], ['2793', 'Sand Textures Beach Sand', None, 'Textured', 'Acrylic'], ['2794', 'Ground Textures Asphalt', None, 'Textured', 'Acrylic'], ['2795', 'Snow Textures', None, 'Textured', 'Acrylic'], ['3153', 'Splash Gel Flaming Orange', None, 'Textured', 'Acrylic'], ['3154', 'Splash Gel Flaming Yellow', None, 'Textured', 'Acrylic'], ['3155', 'Splash Gel Flaming Red', None, 'Textured', 'Acrylic'], ['3156', 'Splash Gel Flaming Green', None, 'Textured', 'Acrylic'], ['3157', 'Splash Gel Flaming Blue', None, 'Textured', 'Acrylic'], ['3251', 'Splash Gel Spectral Green', None, 'Textured', 'Acrylic'], ['3252', 'Splash Gel Spectral Blue', None, 'Textured', 'Acrylic'], ['1717', 'Crackle Paint Martian Earth', None, 'Textured', 'Acrylic'], ['1718', 'Crackle Paint Badlands', None, 'Textured', 'Acrylic'], ['1719', 'Crackle Paint Mojave Mudcrack', None, 'Textured', 'Acrylic'], ['1719', 'Airbrush Cleaner', None, 'Cleaners', 'Acrylic'], ['1740', 'Matt Surface Primer Black', None, 'Matt', 'Acrylic'], ['1741', 'Matt Surface Primer White', None, 'Matt', 'Acrylic'], ['1742', 'Matt Surface Primer Grey', None, 'Matt', 'Acrylic'], ['1743', 'Gloss Surface Primer Black', None, 'Gloss', 'Acrylic'], ['1879', 'Satin Varnish', None, 'Varnish', 'Acrylic'], ['1880', 'Airbrush Retarder', None, 'Retarders', 'Acrylic'], ['1881', 'Matt Surface Primer Green', None, 'Matt', 'Acrylic'], ['1888', 'Matt Surface Primer Red', None, 'Matt', 'Acrylic'], ['2411', 'Master Medium', None, None, 'Acrylic'], ['2640', 'Maxx Matt Varnish Ultramate', None, 'Varnish', 'Acrylic'], ['2887', 'Gloss Varnish', None, 'Varnish', 'Acrylic'], ['3481', 'Dipping Ink Papyrus Dip', None, 'Matt', 'Acrylic'], ['3482', 'Dipping Ink Misted Yellow Dip', None, 'Matt', 'Acrylic'], ['3483', 'Dipping Ink Radiant Orange Dip', None, 'Matt', 'Acrylic'], ['3484', 'Dipping Ink Red Cloak Dip', None, 'Matt', 'Acrylic'], ['3485', 'Dipping Ink Garnet Purple Dip', None, 'Matt', 'Acrylic'], ['3486', 'Dipping Ink Glorious Magenta Dip', None, 'Matt', 'Acrylic'], ['3487', 'Dipping Ink Black Shadow Dip', None, 'Matt', 'Acrylic'], ['3488', 'Dipping Ink Cool Blue Dip', None, 'Matt', 'Acrylic'], ['3489', 'Dipping Ink Dusty Blue Dip', None, 'Matt', 'Acrylic'], ['3490', 'Dipping Ink Zombie Dip', None, 'Matt', 'Acrylic'], ['3491', 'Dipping Ink Elfwood Brown Dip', None, 'Matt', 'Acrylic'], ['3492', 'Dipping Ink Skeleton Brown Dip', None, 'Matt', 'Acrylic'], ['3493', 'Dipping Ink Green Ghost Dip', None, 'Matt', 'Acrylic'], ['3494', 'Dipping Ink Hulky Green Dip', None, 'Matt', 'Acrylic'], ['3495', 'Dipping Ink Ork Flesh Dip', None, 'Matt', 'Acrylic'], ['3496', 'Dipping Ink Azure Dip', None, 'Matt', 'Acrylic'], ['3497', 'Dipping Ink Indigo Blue Dip', None, 'Matt', 'Acrylic'], ['3498', 'Dipping Ink Nightshade Purple Dip', None, 'Matt', 'Acrylic'], ['3499', 'Dipping Ink Amberglow Dip', None, 'Matt', 'Acrylic'], ['3500', 'Dipping Ink Limelight Dip', None, 'Matt', 'Acrylic'], ['3501', 'Dipping Ink Acid Green Dip', None, 'Matt', 'Acrylic'], ['3502', 'Dipping Ink Turqoise Ghost Ship Dip', None, 'Matt', 'Acrylic'], ['3503', 'Dipping Ink Goth Skin Dip', None, 'Matt', 'Acrylic'], ['3504', 'Dipping Ink Burgundy Dip', None, 'Matt', 'Acrylic'], ['3550', 'Surface Primer Cream', None, 'Matt', 'Acrylic'], ['2101', 'Airbrush Cleaner', None, 'Cleaners', 'Acrylic'], ['2102', 'Acrylic Thinner', None, 'Thinners', 'Acrylic'], ['3144', 'Water effect Gel - Deep Blue', None, 'Textured', 'Acrylic'], ['3145', 'Water effect Gel - Light Blue', None, 'Textured', 'Acrylic'], ['3146', 'Water effect Gel - Turquoise', None, 'Textured', 'Acrylic'], ['3147', 'Water effect Gel - Light Green', None, 'Textured', 'Acrylic'], ['3148', 'Water effect Gel - Dark Green', None, 'Textured', 'Acrylic'], ['3149', 'Water effect Gel - Transparent', None, 'Textured', 'Acrylic'], [None, None, None, 'Matt', 'Acrylic'], ['2211', 'Chameleon Cobalt Blue', None, 'Metallic', 'Acrylic'], ['2212', 'Chameleon Toxic Purple', None, 'Metallic', 'Acrylic'], ['2213', 'Chameleon Psychotic Illusions', None, 'Metallic', 'Acrylic'], ['2214', 'Chameleon Burning Gold', None, 'Metallic', 'Acrylic'], ['2215', 'Chameleon Nebula Copper', None, 'Metallic', 'Acrylic'], ['2216', 'Chameleon Emerald Getaway', None, 'Metallic', 'Acrylic'], ['2217', 'Chameleon Borealis Green', None, 'Metallic', 'Acrylic'], ['2218', 'Chameleon Storm Surge Green', None, 'Metallic', 'Acrylic'], ['2219', 'Chameleon Solar Anomalie', None, 'Metallic', 'Acrylic'], ['2220', 'Chameleon Darth Blue', None, 'Metallic', 'Acrylic'], ['2221', 'Chameleon Red Goblin', None, 'Metallic', 'Acrylic'], ['2222', 'Chameleon Pinky Blue', None, 'Metallic', 'Acrylic'], ['2229', 'Spray Primer White', None, 'Matt', 'Acrylic'], ['2230', 'Spray Primer Black', None, 'Matt', 'Acrylic'], ['2231', 'Spray Primer Grey', None, 'Matt', 'Acrylic'], ['2232', 'Spray Primer Rust red', None, 'Matt', 'Acrylic'], ['2234', 'Spray Primer Black', None, 'Gloss', 'Acrylic'], ['2235', 'Gloss Varnish', None, 'Varnish', 'Acrylic'], ['2236', 'Matt Varnish', None, 'Varnish', 'Acrylic'], ['2240', 'Spray Primer Ochre', None, 'Matt', 'Acrylic'], ['2286', 'Liquid Pigments Orange Rust', None, 'Matt', None], ['2287', 'Liquid Pigments Light Rust', None, 'Matt', None], ['2288', 'Liquid Pigments Medium Rust', None, 'Matt', None], ['2289', 'Liquid Pigments Dark Rust', None, 'Matt', None], ['2291', 'Liquid Pigments Turquoise Oxide', None, 'Matt', None], ['2292', 'Liquid Pigments Dessert Earth', None, 'Matt', None], ['2293', 'Liquid Pigments Ochre Earth', None, 'Matt', None], ['2294', 'Liquid Pigments Light Earth', None, 'Matt', None], ['2295', 'Liquid Pigments Medium Earth', None, 'Matt', None], ['2296', 'Liquid Pigments Dark Earth', None, 'Matt', None], ['2297', 'Liquid Pigments Burnt Earth', None, 'Matt', None], ['2298', 'Liquid Pigments Black Soot', None, 'Matt', None], ['2299', 'Liquid Pigments White Dust', None, 'Matt', None], ['2300', 'Liquid Pigments Dark Industrial Dust', None, 'Matt', None], ['2301', 'Liquid Pigments Industrial Dust', None, 'Matt', None], ['2302', 'Liquid Pigments Dark Green Dust', None, 'Matt', None], ['2303', 'Liquid Pigments Light Green Dust', None, 'Matt', None], ['1373', 'Black Steel', None, 'Matt', None], ['1761', 'Dark Red Oxide', None, 'Matt', None], ['1762', 'Medium Red Oxide', None, 'Matt', None], ['1763', 'Yellow Ochre', None, 'Matt', None], ['1764', 'Light Orange Oxide', None, 'Matt', None], ['1765', 'Burnt Umber', None, 'Matt', None], ['1766', 'Dark Brown Earth', '#2b140b', 'Matt', None], ['1767', 'Middle Earth', None, 'Matt', None], ['1768', 'Light Brown Earth', None, 'Matt', None], ['1769', 'Natural Green', None, 'Matt', None], ['1770', 'Wild Moss', None, 'Matt', None], ['1771', 'Titanium White', None, 'Matt', None], ['1772', 'Anthracite Black', None, 'Matt', None], ['1777', 'Fluor Turquoise', None, 'Fluo', None], ['2364', 'Fluor Green Lime', None, 'Fluo', None], ['2365', 'Fluor Light Orange', None, 'Fluo', None], ['2366', 'Fluor Yellow', None, 'Fluo', None], ['2367', 'Fluor Orange', None, 'Fluo', None], ['2368', 'Fluor Pink', None, 'Fluo', None], ['2369', 'Fluor Red Orange', None, 'Fluo', None], ['2370', 'Fluor Purple', None, 'Fluo', None], ['2371', 'Fluor Blue', None, 'Fluo', None], ['2372', 'Fluor Dark Red', None, 'Fluo', None], ['2373', 'Black Steel', '#fff', 'Metallic', None], ['2377', 'Fluor White', None, 'Fluo', None], ['2378', 'Fluor Magenta', None, 'Fluo', None], ['2407', 'Glow in the Dark Reality Yellow Gren', None, 'Matt', None], ['2408', 'Soul Green', None, 'Matt', None], ['2409', 'Glow in the Dark Mind Turquoise', None, 'Matt', None], ['2432', 'Glow in the Dark Space Blue', None, 'Matt', None], ['2433', 'Glow in the Dark Time Orange', None, 'Matt', None], ['2434', 'Pure Metal Pigments BRONZE', None, 'Metallic', None], ['2435', 'Pure Metal Pigments GOLD', None, 'Metallic', None], ['2436', 'Pure Metal Pigments ANTIQUE GOLD', None, 'Matt', None], ['2437', 'Pure Metal Pigments COPPER', None, 'Metallic', None], ['2486', 'Antique Gold', '#fff', 'Metallic', None], [None, None, '##fff', None, None], [None, None, '##fff', None, None], [None, None, '##fff', None, None], [None, None, '##fff', None, None], [None, None, '##fff', None, None], [None, None, '##fff', None, None], [None, None, '##fff', None, None], [None, None, '##fff', None, None], [None, None, '##fff', None, None], [None, None, '##fff', None, None], [None, None, '##fff', None, None], [None, None, '##fff', None, None], [None, None, '##fff', None, None], [None, None, '##fff', None, None], [None, None, '##fff', None, None], [None, None, '##fff', None, None], [None, None, '##fff', None, None], [None, None, '##fff', None, None], [None, None, '##fff', None, None], [None, None, '##fff', None, None], [None, None, '##fff', None, None], [None, None, '##fff', None, None], [None, None, '##fff', None, None], [None, None, '##fff', None, None], [None, None, '##fff', None, None], [None, None, '##fff', None, None], [None, None, '##fff', None, None], [None, None, '##fff', None, None], [None, None, '##fff', None, None], [None, None, '##fff', None, None], [None, None, '##fff', None, None], [None, None, '##fff', None, None]], 'Gundam Markers': [[None, None, None, 'Paint sets', 'Enamel'], ['GM501', 'Gundam Marker Clear Gloss', None, 'Varnish', 'Enamel'], ['GM502', 'Gundam Marker Clear Matte', None, 'Varnish', 'Enamel'], ['GMS-127', 'Gundam Marker MSV Set', None, 'Paint sets', 'Enamel'], ['GM402 ', 'Real Touch Marker Gray 2', '#fff', None, 'Enamel'], ['GM02', 'Grey', '#fff', 'Matt', 'Enamel'], ['GM13', 'Mechanical Gray', '#fff', 'Matt', 'Enamel'], ['200', 'Gray liner', None, 'Matt', 'Acrylic'], ['AMS-100C', 'Gundam Marker SD World Sangoku Soketsuden Set', None, 'Paint sets', 'Acrylic'], ['GM03', 'Brown liner', None, 'Matt', 'Acrylic'], ['GM05', 'Gundam Silver', '#e1e1e2', 'Metallic', 'Acrylic'], ['GM20', 'Black', '#000000', 'Matt', 'Acrylic'], ['GM40', 'SEED Red', '#fff', 'Gloss', 'Acrylic'], ['GM41', 'SEED Yellow', '#fff', 'Gloss', 'Acrylic'], ['GM42', 'SEED White', '#fff', 'Gloss', 'Acrylic'], ['GM43', 'SEED Blue', '#fff', 'Gloss', 'Acrylic'], ['GM45', 'SEED Dark Blue', '#fff', 'Gloss', 'Acrylic'], [None, None, '#fff', 'Gloss', 'Acrylic'], [None, None, '#fff', 'Metallic', 'Acrylic'], [None, None, '#fff', 'Metallic', 'Acrylic'], [None, None, '#fff', 'Metallic', 'Acrylic'], [None, None, '#fff', 'Metallic', 'Acrylic'], [None, None, '#fff', 'Metallic', 'Acrylic'], ['GM300', 'Gundam Marker Remover', '#fff', None, 'Acrylic'], ['GM400', 'Blurring Pen', '#fff', None, 'Acrylic'], ['GM406', 'Real Touch Gray 3', '#fff', 'Gloss', 'Acrylic'], ['GM407', 'Real Touch Brown 1', '#fff', 'Gloss', 'Acrylic'], ['GM408', 'Real Touch Green 1', '#fff', 'Gloss', 'Acrylic'], ['GM409', 'Real Touch Yellow 1', '#fff', 'Gloss', 'Acrylic'], ['GM410', 'Real Touch Pink 1', '#fff', 'Gloss', 'Acrylic'], ['XGM100', 'Gundam Plated Silver EX', None, 'Metallic', 'Acrylic'], ['GM01', 'Black', '#fff', 'Gloss', 'Acrylic'], ['GM05', 'Silver', '#fff', 'Metallic', 'Acrylic'], ['5 colours', 'Gundam Marker Set', '#fff', None, None], ['GMS108', 'Zeon Set Zaku (6 pcs)', None, None, None], ['GMS110', 'Ultra Fine Set (6 pcs)', None, None, None], ['GMS112', 'Real Touch Marker Set #01 (6 pcs)', '##fff', None, None], ['GMS113', 'Real Touch Marker Set #02 (6 pcs)', '##fff', None, None], ['GMS114', 'Seed Destiny Yellow Ver Set (6 pcs)', None, None, None], ['GMS122', 'Pouring Inking Pen Set (6 pcs)', '##fff', None, None], ['GMS124', 'Gundam Advanced Marker Set (6 pcs)', None, None, None], ['GMS105', 'Basic set (6 pcs)', None, None, None], ['GMS109', 'Seed Basic Set (6 pcs)', '##fff', None, None], ['GMS121', 'Gundam Metallic Marker Set (6 pcs)', None, None, None], ['N/A', 'Basic Set', None, None, None]], 'Halfords': [['155773', 'Chrome', None, 'Metallic', 'Enamel'], ['252044', 'Camouflage Spray Paint - Green', None, 'Matt', 'Acrylic'], ['252069', 'Camouflage Spray Paint - Khaki', None, 'Matt', 'Acrylic'], ['373993', 'Peugeot Diablo Red', None, 'Pearl', 'Acrylic'], ['451583', 'Matt Black', None, 'Matt', 'Acrylic']], 'Halfords Primer': [['155674', 'Enamel Spray Paint Red Primer', '#fff', 'Matt', 'Enamel'], ['155708', 'Enamel White Primer', '#fff', 'Matt', 'Enamel'], ['451542', 'Primer GREY (Bare Metal)', '#737478', 'Matt', 'Acrylic'], ['451567', 'Primer WHITE', '#fff', 'Matt', 'Acrylic'], ['451591', 'Filler Primer', '#f4c551', 'Matt', 'Acrylic'], ['451609', 'Primer RED', '#fff', 'Matt', 'Acrylic'], ['456848', 'Plastic Filler Primer Yellow', '#f4c55c', 'Matt', 'Acrylic'], ['456855', 'Plastic Primer GREY', '#6f7478', 'Matt', 'Acrylic'], ['456863', 'Plastic Primer', '#fff', 'Matt', 'Acrylic'], ['456871', 'Plastic Primer RED', '#fff', 'Matt', 'Acrylic'], ['473116', 'Primer GREY', '#737478', 'Matt', 'Acrylic'], ['473124', 'Primer WHITE', '#fff', 'Matt', 'Acrylic'], ['708776', 'Filler Primer', '#f4c551', 'Matt', 'Acrylic']], 'Hataka Hobby Blue Line': [['B001', 'Dark Sea Blue (FS15042, ANA 623)', '#202238', 'Gloss', 'Acrylic'], ['B002', 'Polish Heli Dark Green', '#3d4a30', 'Matt', 'Acrylic'], ['B003', 'Silver (Metallic)', '#b2babd', 'Metallic', 'Acrylic'], ['B004', 'US Olive Drab (FS34087)', '#544936', 'Matt', 'Acrylic'], ['B005', 'Sky Blue (FS35466)', '#9bcded', 'Matt', 'Acrylic'], ['B006', 'Semi-Gloss Sea Blue (FS25042, ANA 606)', '#292f39', 'Satin', 'Acrylic'], ['B007', 'Grey-Violet (RLM75)', '#606163', 'Matt', 'Acrylic'], ['B008', 'Brown-Violet (RLM 81)', '#584238', 'Matt', 'Acrylic'], ['B009', 'Dark Earth (FS30118)', '#615337', 'Matt', 'Acrylic'], ['B010', 'Dark Polish Khaki', '#554639', 'Matt', 'Acrylic'], ['B011', 'Light Polish Khaki', '#625335', 'Matt', 'Acrylic'], ['B012', 'Dark Tan (FS30219)', '#8d6f4b', 'Matt', 'Acrylic'], ['B013', 'Mid Stone (FS30266)', '#a5833c', 'Matt', 'Acrylic'], ['B014', 'Sand-Yellow (RLM79a)', '#bca66f', 'Matt', 'Acrylic'], ['B015', 'Black-Green (RLM70)', '#242a20', 'Matt', 'Acrylic'], ['B016', 'Dark Green (FS34079)', '#464937', 'Matt', 'Acrylic'], ['B017', 'Dark Green (RLM71)', '#323b2b', 'Matt', 'Acrylic'], ['B018', 'US Olive Drab (late) (ANA 613)', '#655d3f', 'Matt', 'Acrylic'], ['B019', 'Medium Green 42', '#2c4535', 'Matt', 'Acrylic'], ['B020', 'Light Green (RLM 82)', '#677b4b', 'Matt', 'Acrylic'], ['B021', 'Medium Green (FS34102)', '#4c5537', 'Matt', 'Acrylic'], ['B022', 'Dark Green (RLM 83)', '#323b2b', 'Matt', 'Acrylic'], ['B023', 'Grey (RLM02)', '#5f695e', 'Matt', 'Acrylic'], ['B024', 'P.R. Pink', '#f8d9cd', 'Matt', 'Acrylic'], ['B025', 'Interior Grey-Green (FS34226)', '#6e816f', 'Matt', 'Acrylic'], ['B026', 'Sky type S (FS34672)', '#cadcaa', 'Matt', 'Acrylic'], ['B027', 'Intermediate Blue (FS35164, ANA 608)', '#596a76', 'Matt', 'Acrylic'], ['B028', 'Azure Blue (FS35231)', '#6882aa', 'Matt', 'Acrylic'], ['B029', 'Light Blue (RLM 65)', '#819c9b', 'Matt', 'Acrylic'], ['B030', 'European I grey (FS36081)', '#494d4e', 'Matt', 'Acrylic'], ['B031', 'Gunship grey (FS36118, ANA 603)', '#515662', 'Matt', 'Acrylic'], ['B032', 'Ocean Grey (FS36152)', '#5f656c', 'Matt', 'Acrylic'], ['B033', 'Neutral Grey 43', '#69717b', 'Matt', 'Acrylic'], ['B034', 'Medium Sea Grey (FS36270)', '#a0aaaa', 'Matt', 'Acrylic'], ['B035', 'Dark Ghost Grey (FS36320)', '#8c969f', 'Matt', 'Acrylic'], ['B036', 'Polish Light Blue-Grey', '#859899', 'Matt', 'Acrylic'], ['B037', 'Light Ghost Grey (FS36375)', '#9fa6af', 'Matt', 'Acrylic'], ['B038', 'Light Blue (RLM76)', '#97a5a4', 'Matt', 'Acrylic'], ['B039', 'Camouflage Grey (FS36622)', '#ceccbc', 'Matt', 'Acrylic'], ['B040', 'Black-Grey (RLM 66)', '#222127', 'Matt', 'Acrylic'], ['B041', 'Night Black (FS37038)', '#2a2628', 'Matt', 'Acrylic'], ['B042', 'P.R. Blue', '#365572', 'Matt', 'Acrylic'], ['B043', 'Insignia White (FS37875, ANA 601)', '#fffce8', 'Matt', 'Acrylic'], ['B044', 'Dark Gull Grey (FS36231, ANA 621)', '#787b81', 'Matt', 'Acrylic'], ['B045', 'Air Defence Grey (FS16473, ANA 512)', '#9faaa8', 'Gloss', 'Acrylic'], ['B046', 'Medium Grey (FS35237)', '#76848d', 'Matt', 'Acrylic'], ['B047', 'Soviet Cockpit Blue-Green', '#55bbae', 'Matt', 'Acrylic'], ['B048', 'Light Gull Grey (FS36440, ANA 620)', '#b1b3a3', 'Matt', 'Acrylic'], ['B049', 'Insignia White (FS17875, ANA 511)', '#f6f9ed', 'Gloss', 'Acrylic'], ['B050', 'Light Grey (FS36495)', '#cfd5d2', 'Matt', 'Acrylic'], ['B051', 'Camotint Green', '#adc08e', 'Matt', 'Acrylic'], ['B052', 'Green Drab (FS34086)', '#434130', 'Matt', 'Acrylic'], ['B053', 'Olive-Green (RLM 80)', '#3e4436', 'Matt', 'Acrylic'], ['B054', 'Grey (FS36270)', '#7f838a', 'Matt', 'Acrylic'], ['B055', 'Royal Blue', '#212138', 'Matt', 'Acrylic'], ['B056', 'European I Green (FS34092, ANA 612)', '#2f4435', 'Matt', 'Acrylic'], ['B057', 'Beige', '#d6ceba', 'Matt', 'Acrylic'], ['B058', 'Have Glass Grey (FS36170)', '#746f6d', 'Matt', 'Acrylic'], ['B059', 'USMC Field Green (FS34095, ANA 627, RAL 6003)', '#3c4a31', 'Matt', 'Acrylic'], ['B060', 'USMC Sand', '#ecdba7', 'Matt', 'Acrylic'], ['B061', 'Seaplane Grey (FS26081, ANA 625)', '#494e4e', 'Satin', 'Acrylic'], ['B062', 'International Orange (FS12197, ANA 508)', '#c73418', 'Gloss', 'Acrylic'], ['B063', 'Vert Fonc├⌐', '#45644b', 'Matt', 'Acrylic'], ['B064', 'Khaki Green No. 3 (G3)', '#606343', 'Matt', 'Acrylic'], ['B065', 'US Army Olive Drab', '#52493e', 'Matt', 'Acrylic'], ['B066', 'Insignia Yellow (FS33538)', '#eeb600', 'Matt', 'Acrylic'], ['B067', 'US Army Helicopter Drab (FS34031)', '#453d38', 'Matt', 'Acrylic'], ['B068', 'US Army Desert Sand (FS30279, ANA 616)', '#ad9076', 'Matt', 'Acrylic'], ['B069', 'Woodland Desert Sage (FS34201)', '#817856', 'Matt', 'Acrylic'], ['B070', 'AMT-12 Dark Grey', '#44474c', 'Matt', 'Acrylic'], ['B071', 'AMT-11 Blue Grey', '#76848c', 'Matt', 'Acrylic'], ['B072', 'AMT-7 Greyish Blue', '#98b7d4', 'Matt', 'Acrylic'], ['B073', 'AMT-4 Camouflage Green', '#505635', 'Matt', 'Acrylic'], ['B074', 'A-21m Light Greyish Brown', '#a6a38b', 'Matt', 'Acrylic'], ['B075', 'Dark Green No. 4 (G4)', '#4d4d3e', 'Matt', 'Acrylic'], ['B076', 'S.C.C. No. 2 Khaki Brown', '#794f35', 'Matt', 'Acrylic'], ['B077', 'S.C.C. No. 1A Dark Brown', '#402d27', 'Matt', 'Acrylic'], ['B078', 'Aluminum', '#bec2c4', 'Metallic', 'Acrylic'], ['B079', 'Brun Fonc├⌐', '#50382a', 'Matt', 'Acrylic'], ['B080', 'Vert', '#497e4b', 'Matt', 'Acrylic'], ['B081', 'Terre de Sienne', '#7d5840', 'Matt', 'Acrylic'], ['B082', 'Gris Bleu Fonc├⌐', '#8c969e', 'Matt', 'Acrylic'], ['B083', 'Gris Blue Clair', '#a4bec4', 'Matt', 'Acrylic'], ['B084', 'Kaki Fran├ºais', '#817856', 'Matt', 'Acrylic'], ['B085', 'Polish AFV Khaki Green', '#54562c', 'Matt', 'Acrylic'], ['B086', 'Polish AFV Greyish Sand', '#bba66f', 'Matt', 'Acrylic'], ['B087', 'Polish AFV Dark Brown', '#50382a', 'Matt', 'Acrylic'], ['B088', 'Polish AFV Green', '#6e816e', 'Matt', 'Acrylic'], ['B089', 'German Camouflage Grey (RAL 7050 F9)', '#797264', 'Matt', 'Acrylic'], ['B090', 'Sand (FS33531)', '#d4ba9f', 'Matt', 'Acrylic'], ['B091', 'Pale green (FS34227)', '#6b8c60', 'Matt', 'Acrylic'], ['B092', 'Duck Egg Blue (FS35622)', '#d4e0d4', 'Matt', 'Acrylic'], ['B093', 'Green (FS34258)', '#768343', 'Matt', 'Acrylic'], ['B094', 'Vert Olive', '#7e784c', 'Matt', 'Acrylic'], ['B095', 'Gris Bleu Clair', '#b8d2ee', 'Matt', 'Acrylic'], ['B096', 'Gris Clair Neutre', '#dfe1e3', 'Matt', 'Acrylic'], ['B097', 'Jaune dΓÇÖocre', '#e4b364', 'Matt', 'Acrylic'], ['B098', 'Terre dΓÇÖombre', '#773e31', 'Matt', 'Acrylic'], ['B099', 'Gris Vert', '#54574c', 'Matt', 'Acrylic'], ['B100', 'Jet Black (RAL 9005)', '#181613', 'Matt', 'Acrylic'], ['B101', 'Traffic White (RAL 9016)', '#fbfcfc', 'Matt', 'Acrylic'], ['B102', 'Signal Blue (RAL 5005)', '#21376c', 'Matt', 'Acrylic'], ['B103', 'Traffic Red (RAL 3020)', '#b71c1a', 'Matt', 'Acrylic'], ['B104', 'Traffic Yellow (RAL 1023)', '#fbd300', 'Matt', 'Acrylic'], ['B105', 'Luminous Yellow (RAL 1026)', '#efe519', 'Fluo', 'Acrylic'], ['B106', 'Gunmetal', '#2b3539', 'Metallic', 'Acrylic'], ['B107', 'Signal Yellow (RAL 1003)', '#f2b900', 'Matt', 'Acrylic'], ['B110', 'S.C.C. No. 15 Olive Drab', '#514936', 'Matt', 'Acrylic'], ['B111', 'Warsaw Pact Green Base', '#3f4539', 'Matt', 'Acrylic'], ['B112', 'Warsaw Pact Green Shadow', '#525744', 'Matt', 'Acrylic'], ['B113', 'Warsaw Pact Yellow Green', '#5e6441', 'Matt', 'Acrylic'], ['B114', 'Warsaw Pact Torrid Green', '#797f52', 'Matt', 'Acrylic'], ['B115', 'Warsaw Pact Bright Green', '#6b7648', 'Matt', 'Acrylic'], ['B116', 'Warsaw Pact Fresh Green', '#526c39', 'Matt', 'Acrylic'], ['B117', 'Braun', '#603a2c', 'Matt', 'Acrylic'], ['B118', 'Gelb/Beige', '#c9a566', 'Matt', 'Acrylic'], ['B119', 'Khaki/Grun', '#635e2e', 'Matt', 'Acrylic'], ['B120', 'Grau', '#d8d4c8', 'Matt', 'Acrylic'], ['B121', 'Jaune Sahara', '#fbebb7', 'Matt', 'Acrylic'], ['B122', 'Vert IR OTAN (0211)', '#696650', 'Matt', 'Acrylic'], ['B123', 'Brun Terre IR', '#7c633d', 'Matt', 'Acrylic'], ['B124', 'Vert Fonc├⌐ IR', '#29612b', 'Matt', 'Acrylic'], ['B125', 'NATO Black (FS37030, AN44)', '#2b2729', 'Matt', 'Acrylic'], ['B126', 'Sable Des├⌐rt IR', '#ceac60', 'Matt', 'Acrylic'], ['B127', 'AE-9 Light grey', '#e0e1e7', 'Matt', 'Acrylic'], ['B128', 'A II Green (protective)', '#3c3c1f', 'Matt', 'Acrylic'], ['B129', 'A II Light Blue', '#83a6ac', 'Matt', 'Acrylic'], ['B130', 'Mahogany Brown (RAL 8016)', '#533022', 'Matt', 'Acrylic'], ['B131', 'Brown Red (RAL 3011)', '#7d2421', 'Matt', 'Acrylic'], ['B132', 'Flame Red (RAL 3000)', '#a72317', 'Matt', 'Acrylic'], ['B133', 'Signal Orange (RAL 2010)', '#cf5719', 'Matt', 'Acrylic'], ['B134', 'Maize Yellow (RAL 1006)', '#dd9307', 'Matt', 'Acrylic'], ['B135', 'Yellow (light) rust', '#f3ac00', 'Matt', 'Acrylic'], ['B136', 'Pucara Pale Green', '#adc08d', 'Matt', 'Acrylic'], ['B137', 'Pucara Light Tan', '#c4a690', 'Matt', 'Acrylic'], ['B138', 'Pucara Medium Blue', '#73c4d7', 'Matt', 'Acrylic'], ['B139', 'Semi-matt Aluminium', '#bdc2c3', 'Matt', 'Acrylic'], ['B140', 'BS Extra Dark Sea Grey (BS381C:640)', '#52565b', 'Matt', 'Acrylic'], ['B141', 'BS Medium Sea Grey (BSC381C:637)', '#929698', 'Matt', 'Acrylic'], ['B142', 'Camouflage (Barley) Grey (BS381C:626)', '#9fa3a3', 'Matt', 'Acrylic'], ['B143', 'BS Dark Green (BS381C:641)', '#524d38', 'Matt', 'Acrylic'], ['B144', 'BS Dark Sea Grey (BS381C:638)', '#6e6e75', 'Matt', 'Acrylic'], ['B145', 'RAF Blue-Grey (BS381C:633)', '#373e43', 'Matt', 'Acrylic'], ['B146', 'BS Olive Drab (BS381C:298)', '#5a5443', 'Matt', 'Acrylic'], ['B147', 'Chocolate Brown (RAL 8017)', '#422f28', 'Matt', 'Acrylic'], ['B148', 'Vermilion (RAL 2002)', '#be3119', 'Matt', 'Acrylic'], ['B149', 'Concrete Grey (RAL 7023)', '#838277', 'Matt', 'Acrylic'], ['B150', 'Blue-Green (FS35414)', '#85a7a3', 'Matt', 'Acrylic'], ['B151', 'Grey Olive (RAL 6006)', '#596346', 'Matt', 'Acrylic'], ['B152', 'NATO Green (FS34094)', '#49543e', 'Matt', 'Acrylic'], ['B153', 'Mk-7 Temporary White', '#fdfefd', 'Matt', 'Acrylic'], ['B154', 'White Grey (FS36628)', '#d9dcd4', 'Matt', 'Acrylic'], ['B155', 'Air Superiority Blue (FS35450)', '#98b5d3', 'Matt', 'Acrylic'], ['B156', 'Aggressor Blue (FS35109)', '#375572', 'Matt', 'Acrylic'], ['B157', 'Aggressor Grey (FS36251)', '#7c827d', 'Matt', 'Acrylic'], ['B158', 'Mod Eagle Grey (FS36176)', '#646d79', 'Matt', 'Acrylic'], ['B159', 'Camouflage Black (FS37030)', '#2a2628', 'Matt', 'Acrylic'], ['B160', 'Pale Brown (FS30140)', '#7d5840', 'Matt', 'Acrylic'], ['B161', 'Polizei / SS Gr├╝n Base', '#296769', 'Matt', 'Acrylic'], ['B162', 'Polizei / SS Gr├╝n Shadow', '#3f8376', 'Matt', 'Acrylic'], ['B163', 'Polizei / SS Gr├╝n Flash', '#8ab4b3', 'Matt', 'Acrylic'], ['B164', 'Panzer Dunkelgrau Base', '#45474d', 'Matt', 'Acrylic'], ['B165', 'Panzer Dunkelgrau Shadow', '#b2babc', 'Matt', 'Acrylic'], ['B166', 'Panzer Dunkelgrau Flash', '#4a4434', 'Matt', 'Acrylic'], ['B167', 'Light Grey (RLM 63)', '#a3a0ac', 'Matt', 'Acrylic'], ['B168', 'Dark Brown (RLM 61)', '#413730', 'Matt', 'Acrylic'], ['B169', 'Green (RLM 62)', '#494631', 'Matt', 'Acrylic'], ['B170', 'Reed Green (RAL 6013)', '#837a58', 'Matt', 'Acrylic'], ['B171', 'Grey-Blue (RAL 5008)', '#343c45', 'Matt', 'Acrylic'], ['B172', 'Medium Brown (FS30215)', '#89623a', 'Matt', 'Acrylic'], ['B173', 'Silk Grey (RAL 7044)', '#bebaae', 'Matt', 'Acrylic'], ['B174', 'Brown Primer Shadow', '#524538', 'Matt', 'Acrylic'], ['B175', 'Red Dope (Red Primer)', '#933d3e', 'Matt', 'Acrylic'], ['B176', 'Red Primer Base', '#846b4d', 'Matt', 'Acrylic'], ['B177', 'Red Primer Torrid', '#9d8046', 'Matt', 'Acrylic'], ['B178', '1945 Dunkelgelb Base', '#5c583f', 'Matt', 'Acrylic'], ['B179', '1945 Dunkelgelb Flash', '#e6d4a2', 'Matt', 'Acrylic'], ['B180', '1945 Resedagr├╝n Base', '#404737', 'Matt', 'Acrylic'], ['B181', '1945 Resedagr├╝n Flash', '#809b70', 'Matt', 'Acrylic'], ['B182', '1945 Rotbraun Base', '#64332c', 'Matt', 'Acrylic'], ['B183', '1945 Rotbraun Flash', '#b44442', 'Matt', 'Acrylic'], ['B184', 'Interior Buff', '#e6e0d1', 'Matt', 'Acrylic'], ['B185', 'Gearbox Green', '#557f33', 'Matt', 'Acrylic'], ['B186', 'Leather Brown (FS33275)', '#6d3e24', 'Matt', 'Acrylic'], ['B187', 'Tan (FS20400)', '#ca9f5e', 'Matt', 'Acrylic'], ['B188', 'NATO Brown (FS30051, AN33)', '#624d41', 'Matt', 'Acrylic'], ['B189', 'Silver grey (RAL 7001)', '#9ca1a7', 'Matt', 'Acrylic'], ['B190', 'White Aluminium (RAL 9006)', '#a3a1a1', 'Matt', 'Acrylic'], ['B191', 'Light Grey (RAL 7035)', '#d1d1ce', 'Matt', 'Acrylic'], ['B192', 'Basalt Grey (RAL 7012)', '#5f6161', 'Matt', 'Acrylic'], ['B193', 'Yellow Olive (RAL 6014)', '#4e4536', 'Matt', 'Acrylic'], ['B194', 'Luminous Orange (RAL 2005)', '#ea5420', 'Fluo', 'Acrylic'], ['B195', 'WW2 Hungarian Brown Base', '#5f4431', 'Matt', 'Acrylic'], ['B196', 'WW2 Hungarian Green Base', '#486747', 'Matt', 'Acrylic'], ['B197', 'WW2 Hungarian Sand Base', '#e2bf7d', 'Matt', 'Acrylic'], ['B198', 'WW2 Hungarian Brown Flash', '#6a5129', 'Matt', 'Acrylic'], ['B199', 'WW2 Hungarian Green Flash', '#5c8c52', 'Matt', 'Acrylic'], ['B200', 'WW2 Hungarian Sand Flash', '#efddb9', 'Matt', 'Acrylic'], ['B201', 'Voodoo Grey (FS16515, ANA 512)', '#c1c3c1', 'Matt', 'Acrylic'], ['B202', 'BS Dark Slate Grey (BS381C:634)', '#6a6753', 'Matt', 'Acrylic'], ['B203', 'Sky Grey (FS35463)', '#bcbdbe', 'Matt', 'Acrylic'], ['B204', 'BS Deep Buff (BS381C:360)', '#b88042', 'Matt', 'Acrylic'], ['B205', 'BS Light Admiralty Grey (BS381C:697)', '#b4c3c0', 'Matt', 'Acrylic'], ['B206', 'BS Dark Earth (BS381C:450)', '#7d6344', 'Matt', 'Acrylic'], ['B207', 'BS PRU Blue (BS381C:636)', '#5c737d', 'Matt', 'Acrylic'], ['B208', 'Desert Beige (RAL 1001)', '#cdb083', 'Matt', 'Acrylic'], ['B209', 'Field Drab (FS30118, ANA 617)', '#6b5834', 'Matt', 'Acrylic'], ['B210', 'Sand Brown (FS30277)', '#9d8e69', 'Matt', 'Acrylic'], ['B211', 'Interior Green (FS34151, ANA 611)', '#576525', 'Matt', 'Acrylic'], ['B212', 'Earth Yellow (FS30257)', '#b68d4b', 'Matt', 'Acrylic'], ['B213', 'Earth Red (FS30117)', '#78553f', 'Matt', 'Acrylic'], ['B214', 'BS Dark Camouflage Grey (BS381C:629)', '#7a7d83', 'Matt', 'Acrylic'], ['B215', 'BS NATO (IRR) Green (BS381C:285)', '#5f5a4a', 'Matt', 'Acrylic'], ['B216', 'BS Lichen Green (BS4800/12B.25)', '#716e59', 'Matt', 'Acrylic'], ['B217', 'BS Light Aircraft Grey (BS381C:627)', '#bab8b0', 'Matt', 'Acrylic'], ['B218', 'Blue Grey (FS35189)', '#6f818a', 'Matt', 'Acrylic'], ['B219', 'Insignia Red (FS31136)', '#921b15', 'Matt', 'Acrylic'], ['B220', 'True Blue (FS15102, ANA 501)', '#174278', 'Matt', 'Acrylic'], ['B221', 'Willow Green (FS14187, ANA 503)', '#357530', 'Matt', 'Acrylic'], ['B222', 'Lemon Yellow (FS13655, ANA 505)', '#f1c900', 'Gloss', 'Acrylic'], ['B223', 'Pigeon Blue (RAL 5014)', '#6d7e9a', 'Matt', 'Acrylic'], ['B224', 'Black Grey (RAL 7021)', '#383836', 'Matt', 'Acrylic'], ['B225', 'Green Grey (RAL 7009)', '#646359', 'Matt', 'Acrylic'], ['B226', 'Black Green (RAL 6012)', '#37413c', 'Matt', 'Acrylic'], ['B227', 'Dark Green-Blue', '#007890', 'Matt', 'Acrylic'], ['B228', 'Medium Green-Blue', '#19a7c1', 'Matt', 'Acrylic'], ['B229', 'Light Green-Blue', '#7ccdea', 'Matt', 'Acrylic'], ['B230', 'Dark grey (FS36076)', '#585963', 'Matt', 'Acrylic'], ['B231', 'Fog Grey (FS36293)', '#989a9a', 'Matt', 'Acrylic'], ['B232', 'Extra Dark Green (FS34064)', '#59564a', 'Matt', 'Acrylic'], ['B233', 'Stone Grey (RAL 7030)', '#9e998f', 'Matt', 'Acrylic'], ['B234', 'Sky Grey-Green (FS34424, ANA 610)', '#abb498', 'Matt', 'Acrylic'], ['B235', 'Dark Blue-Grey (FS36099)', '#484e56', 'Matt', 'Acrylic'], ['B236', 'BS Olive Green (BS381C:220)', '#5c6042', 'Matt', 'Acrylic'], ['B237', 'BS Light Stone (BS381C:361)', '#cbaa79', 'Matt', 'Acrylic'], ['B238', 'Desert Tan (FS33446)', '#bcaa7d', 'Matt', 'Acrylic'], ['B239', 'Seafoam Green (FS24533)', '#b3c492', 'Matt', 'Acrylic'], ['B240', 'IJA Khaki (Khaki-iro)', '#ab8435', 'Matt', 'Acrylic'], ['B241', 'IJA Tea Brown (Cha-iro)', '#7a532d', 'Matt', 'Acrylic'], ['B242', 'IJA Olive Green (Midori-iro)', '#394c22', 'Matt', 'Acrylic'], ['B243', 'IJA Parched Grass (Karekusa-iro)', '#a19345', 'Matt', 'Acrylic'], ['B244', 'Dunkelgelb (RAL 840R-7028)', '#a79879', 'Matt', 'Acrylic'], ['B245', 'Kentt├ñvihre├ñ (TM1474/76)', '#49543e', 'Matt', 'Acrylic'], ['B246', 'Dark Moss Green (FS14077, AN11)', '#3a4437', 'Gloss', 'Acrylic'], ['B247', 'Vaaleanvihre├ñ (AN22)', '#4d5538', 'Matt', 'Acrylic'], ['B248', 'Quartz grey (RAL 7039)', '#787065', 'Matt', 'Acrylic'], ['B249', 'Dusty Grey (RAL 7037)', '#888683', 'Matt', 'Acrylic'], ['B250', 'Dunkelgelb (RAL 840R-7028 Ausgabe 1944)', '#a79548', 'Matt', 'Acrylic'], ['B251', '4BO Protective Green', '#4f512a', 'Matt', 'Acrylic'], ['B252', 'Military Dark Earth', '#876b54', 'Matt', 'Acrylic'], ['B253', 'MRG Stone', '#c6b587', 'Matt', 'Acrylic'], ['B254', 'Buffalo Green', '#5e583f', 'Matt', 'Acrylic'], ['B255', 'Bright Blue (FS25183)', '#2866a4', 'Satin', 'Acrylic'], ['B256', 'Earth Brown (FS30099)', '#665241', 'Matt', 'Acrylic'], ['B257', 'Uniform Brown (FS30145)', '#7c633d', 'Matt', 'Acrylic'], ['B258', 'Stone Yellow (FS33448)', '#bca770', 'Matt', 'Acrylic'], ['B259', 'Yellow Ochre (FS33434)', '#cba21c', 'Matt', 'Acrylic'], ['B260', 'Greyish Green (FS24112)', '#5b665a', 'Matt', 'Acrylic'], ['B261', 'Greyish Sand (FS20227)', '#a28977', 'Matt', 'Acrylic'], ['B262', 'BS Camouflage Beige "Hemp" (BS381C:389)', '#cec0a1', 'Matt', 'Acrylic'], ['B263', 'Atlantic Grey (FS36187)', '#6c7775', 'Matt', 'Acrylic'], ['B264', 'Pearl Grey (FS36493)', '#bac1b8', 'Matt', 'Acrylic'], ['B265', 'Neutral Grey (FS36173)', '#6a717b', 'Matt', 'Acrylic'], ['B266', 'Bulkhead Grey (FS36307)', '#96998d', 'Matt', 'Acrylic'], ['B267', 'Cloud Grey (FS36280)', '#8b8b88', 'Matt', 'Acrylic'], ['B268', 'Luminous Red (RAL 3024)', '#e52824', 'Fluo', 'Acrylic'], ['B269', 'Sulphur Yellow (RAL 1016)', '#ecde17', 'Matt', 'Acrylic'], ['B270', 'Pearl Opal green (RAL 6036)', '#0c5849', 'Matt', 'Acrylic'], ['B271', 'BS Deep Bronze green (BS381C:224)', '#4d4e40', 'Matt', 'Acrylic'], ['B272', 'Ultramarine Blue (RAL 5002)', '#223876', 'Matt', 'Acrylic'], ['B273', 'Graphite Grey (RAL 7024)', '#464950', 'Matt', 'Acrylic'], ['B274', 'Cobalt Blue (RAL 5013)', '#272f50', 'Matt', 'Acrylic'], ['B275', 'BS Golden Yellow (BS381C:356)', '#f1a800', 'Matt', 'Acrylic'], ['B276', 'BS Signal Red (BS381C:537)', '#ba362d', 'Matt', 'Acrylic'], ['B277', 'Roundel Blue (FS35044)', '#434670', 'Matt', 'Acrylic'], ['B278', 'Sand Beige (RAL 1039 F9)', '#af9b70', 'Matt', 'Acrylic'], ['B279', 'Grey Beige (RAL 1040 F9)', '#a1884b', 'Matt', 'Acrylic'], ['B280', 'Sand Brown (RAL 8031 F9)', '#937454', 'Matt', 'Acrylic'], ['B281', 'Light Olive (RAL 6040 F9)', '#666443', 'Matt', 'Acrylic'], ['B282', 'Dutch Demo Orange (light)', '#ed7e1e', 'Matt', 'Acrylic'], ['B283', 'Dark Grey-Blue', '#375572', 'Matt', 'Acrylic'], ['B284', 'UN Blue (FS35250)', '#58a3ce', 'Matt', 'Acrylic'], ['B285', 'Faded Blue-Grey (FS25530)', '#c1cbca', 'Satin', 'Acrylic'], ['B286', 'Danish Green (SK/80)', '#5c6437', 'Matt', 'Acrylic'], ['B287', 'Grey Beige (RAL 1019)', '#ab957c', 'Matt', 'Acrylic'], ['B288', 'Fawn Brown (RAL 8007)', '#764a29', 'Matt', 'Acrylic'], ['B289', 'Fir Green (RAL 6009)', '#303a2c', 'Matt', 'Acrylic'], ['B290', 'BS Lemon Yellow (BS381C:355)', '#edb500', 'Matt', 'Acrylic'], ['B291', 'BS Cherry Red (BS381C:538)', '#a23434', 'Matt', 'Acrylic'], ['B292', 'BS Oxford Blue (BS381C:105)', '#3f425a', 'Matt', 'Acrylic'], ['B293', 'Extra Light Blue (FS25550)', '#d1dee2', 'Satin', 'Acrylic'], ['B294', 'Mustard', '#786035', 'Matt', 'Acrylic'], ['B295', 'Medium Tan (FS33522)', '#ccb99c', 'Matt', 'Acrylic'], ['B296', 'Faded Eggplant Grey', '#8d919e', 'Matt', 'Acrylic'], ['B297', 'Erdgelb (RAL 840R-8002)', '#ba6f39', 'Matt', 'Acrylic'], ['B298', 'Grun (RAL 840R-6007)', '#464d32', 'Matt', 'Acrylic'], ['B299', 'Braun (RAL840R-8010)', '#6c573f', 'Matt', 'Acrylic'], ['B300', 'Anthracite Grey (RAL 7016)', '#3f4144', 'Matt', 'Acrylic'], ['B301', 'Dark Olive Green (FS34096)', '#484d39', 'Matt', 'Acrylic'], ['B302', 'Gripen Grey (FS36373)', '#9ea2a3', 'Matt', 'Acrylic'], ['B303', 'Green Brown (RAL 8000)', '#8f6e38', 'Matt', 'Acrylic'], ['B304', 'Khaki Grey (RAL 7008)', '#7c633a', 'Matt', 'Acrylic'], ['B305', 'Afrika Braun (RAL840R-8020)', '#bf9161', 'Matt', 'Acrylic'], ['B306', 'Afrika Grau (RAL840R-7027)', '#b08c5d', 'Matt', 'Acrylic'], ['B307', 'Cream (RAL 9001)', '#ede7da', 'Matt', 'Acrylic'], ['B308', 'BS Middle Brown (BS381C:411)', '#7b553c', 'Matt', 'Acrylic'], ['B309', 'Grass Green (RAL 6010)', '#4b7031', 'Matt', 'Acrylic'], ['B310', 'Dunkelgelb nach Muster', '#c0a227', 'Matt', 'Acrylic'], ['B311', 'Green (RLM72)', '#333520', 'Matt', 'Acrylic'], ['B312', 'Green (RLM73)', '#192719', 'Matt', 'Acrylic'], ['B313', 'Grey-Green (RLM74)', '#404239', 'Matt', 'Acrylic'], ['B314', 'Light Blue (RLM78)', '#90a7a9', 'Matt', 'Acrylic'], ['B315', 'Forest Green (FS34127)', '#55572c', 'Matt', 'Acrylic'], ['B316', 'ZO Protective Green', '#715e3b', 'Matt', 'Acrylic'], ['B317', 'Dark Brown 6K', '#6f4534', 'Matt', 'Acrylic'], ['B318', 'Sand 7K', '#a57c39', 'Matt', 'Acrylic'], ['B319', 'Light Sea Blue (FS25200)', '#63b8d1', 'Matt', 'Acrylic'], ['B320', 'Medium sea Blue', '#3c9bc6', 'Matt', 'Acrylic'], ['B321', 'Extra Light sea Blue', '#cae4f4', 'Matt', 'Acrylic'], ['B322', 'RAF Anti-flash White', '#f7f7f1', 'Matt', 'Acrylic'], ['B323', 'Sand Grey (FS30372)', '#ae9e80', 'Matt', 'Acrylic'], ['B324', 'Swedish Dk Green (326M)', '#2b3829', 'Matt', 'Acrylic'], ['B325', 'Swedish Lt Green (322M)', '#4d6145', 'Matt', 'Acrylic'], ['B326', 'BS Mid Bronze Green (BS381C:223)', '#4e563c', 'Matt', 'Acrylic'], ['B327', 'Radome green', '#205e20', 'Matt', 'Acrylic'], ['B328', 'Pale Blue', '#b6dae5', 'Matt', 'Acrylic'], ['B501', '507A RN Dark Grey', '#434e59', 'Matt', 'Acrylic'], ['B502', '507B RN Medium Grey', '#727f8a', 'Matt', 'Acrylic'], ['B503', '507C RN Light Grey', '#c8cbd0', 'Matt', 'Acrylic'], ['B504', 'B5 RN Dark Blue-Grey', '#727f8a', 'Matt', 'Acrylic'], ['B505', 'B6 RN Medium Blue', '#a1bfd0', 'Matt', 'Acrylic'], ['B506', 'MS1 RN Blue-Black', '#27303b', 'Matt', 'Acrylic'], ['B507', 'MS2 RN Dark Grey', '#656668', 'Matt', 'Acrylic'], ['B508', 'MS3 RN Medium Green-Grey', '#9fb0ac', 'Matt', 'Acrylic'], ['B509', 'MS4 RN Light Grey (Warm)', '#b3b5a5', 'Matt', 'Acrylic'], ['B510', 'MS4A RN Light Grey-Green', '#b9c7ba', 'Matt', 'Acrylic'], ['B511', 'RN Western Approaches Blue', '#d1e2e5', 'Matt', 'Acrylic'], ['B512', 'RN Western Approaches Green', '#5cac87', 'Matt', 'Acrylic'], ['B513', 'G5 RN Extra Dark Grey', '#393a42', 'Matt', 'Acrylic'], ['B514', 'G10 RN Dark Grey', '#5c616a', 'Matt', 'Acrylic'], ['B515', 'G20 RN Medium Green-Grey', '#747358', 'Matt', 'Acrylic'], ['B516', 'G45 RN Light Grey (Warm)', '#bcb9a7', 'Matt', 'Acrylic'], ['B517', 'B15 RN Dark Grey-Blue', '#3b576a', 'Matt', 'Acrylic'], ['B518', 'B20 RN Medium Grey-Blue', '#586b70', 'Matt', 'Acrylic'], ['B519', 'B30 RN Medium Green-Blue', '#9d9e8e', 'Matt', 'Acrylic'], ['B520', 'B55 RN Light Green-Blue', '#c5bfb5', 'Matt', 'Acrylic'], ['B521', 'PB10 RN Deep Blue', '#1d335c', 'Matt', 'Acrylic'], ['B522', 'Semtex (early WW2)', '#eae7d4', 'Matt', 'Acrylic'], ['B523', 'Semtex (late WW2)', '#215636', 'Matt', 'Acrylic'], ['B524', 'Corticene', '#985d3c', 'Matt', 'Acrylic'], ['B525', 'RN Antifouling Red', '#a4403a', 'Matt', 'Acrylic'], ['B526', 'RN Light Mountbatten Pink', '#7b6263', 'Matt', 'Acrylic'], ['B527', 'RN Dark Mountbatten Pink', '#675558', 'Matt', 'Acrylic'], ['B528', 'RN White', '#fdfcf8', 'Matt', 'Acrylic'], ['B701', 'Blue Grey (RAL 7031)', '#5d686c', 'Matt', 'Acrylic'], ['B702', 'Yellow Green (RAL 6018)', '#5a9a39', 'Matt', 'Acrylic'], ['B703', 'Mint Green (RAL 6029)', '#00713d', 'Matt', 'Acrylic'], ['B704', 'Pure Orange (RAL 2004)', '#de5306', 'Matt', 'Acrylic'], ['B705', 'Bright Orange (RAL 2008)', '#e76b21', 'Matt', 'Acrylic'], ['B706', 'Pastel Green (RAL 6019)', '#b6ceac', 'Matt', 'Acrylic'], ['B707', 'Colza yellow (RAL 1021)', '#eeb700', 'Matt', 'Acrylic'], ['B708', 'Moss Green (RAL 6005)', '#104232', 'Matt', 'Acrylic'], ['B709', 'Light Green (RAL 6027)', '#80bab5', 'Matt', 'Acrylic'], ['B710', 'Gentian Blue ( RAL 5010)', '#004d7b', 'Matt', 'Acrylic'], ['B711', 'Dark Blue', '#003562', 'Matt', 'Acrylic'], ['B712', 'Bright Green', '#9bcd2a', 'Matt', 'Acrylic'], ['B713', 'Traffic Grey (RAL 7042)', '#8d9190', 'Matt', 'Acrylic'], ['B901', 'Mecha Black-Grey', '#242a20', 'Matt', 'Acrylic'], ['B902', 'Mecha Red Oxide', '#e52323', 'Matt', 'Acrylic'], ['B903', 'Mecha Metallic Blue', '#3e5eab', 'Matt', 'Acrylic'], ['B904', 'Mecha Grey Base', '#809a99', 'Matt', 'Acrylic'], ['B905', 'Mecha Grey Shadow', '#c4cdca', 'Matt', 'Acrylic'], ['B906', 'Mecha Green Base', '#296328', 'Matt', 'Acrylic'], ['HTK-BS01', 'Polish Air Force paint set', '#625335', None, None], ['HTK-BS02', 'Early Luftwaffe paint set', '#819c9b', None, None], ['HTK-BS08', 'African Campaign', '#6882aa', None, None], ['HTK-BS11', 'Early WW2 Polish Army paint set', '#54562c', None, None], ['HTK-BS03', 'Late Luftwaffe paint set', '#222127', None, None], ['HTK-BS07', 'Royal Air Force paint set', '#615337', None, None], ['HTK-BS09', 'USAF Paint Set (Vietnam war-era)', '#9faaa8', None, None], ['HTK-BS12', 'Israeli AF paint set (1970ΓÇÖs desert colours)', '#8d6f4b', None, None], ['HTK-BS16', 'Early WW2 French Air Force paint set', '#7d5840', None, None], ['HTK-BS17', 'Modern Polish Air Force paint set vol.1', '#7f838a', None, None], ['HTK-BS18', 'US Navy and USMC ΓÇ₧high-vizΓÇ¥ Paint Set', '#2a2628', None, None], ['HTK-BS20', 'Late WW2 Soviet Air Force paint set', '#2a2628', None, None], ['HTK-BS22', 'British AFV paint set (WW2 European colours)', '#2a2628', None, None], ['HTK-BS23', 'RAF Photo Reconnaissance Units Paint Set', '#6e816f', None, None], ['HTK-BS32', 'Luftwaffe "Legion Condor" Paint set', '#819c9b', None, None], ['HTK-BS33', 'Early WW2 Soviet Air Force paint set', '#2a2628', None, None], ['HTK-BS04.2', 'US Army Air Force paint set', '#69717b', None, None], ['HTK-BS46', 'Polish Navy / Air Force TS-11 paint set', '#9fa6af', None, None], ['HTK-BS47', 'Polish Air Force Su-22M4 paint set', '#bec2c4', None, None], ['HTK-BS49', 'RAF Coastal Command & RN FAA paint set', '#6e816f', None, None], ['HTK-BS53', 'Early US Navy & USMC paint set', '#bec2c4', None, None], ['HTK-BS54', 'Early USN & USMC Section Colours paint set', '#2a2628', None, None], ['HTK-BS06.2', 'Luftwaffe in Africa Paint Set', '#bca66f', None, None], ['HTK-BS85', 'Modern Royal Air Force paint set vol. 4', '#fbfcfc', None, None], ['HTK-BS86', 'Ultimate Su-33 ΓÇ₧Flanker-DΓÇ¥ paint set', '#bec2c4', None, None], ['HTK-BS90', 'German AFV in Africa paint set', '#8f6e38', None, None], ['HTK-BS94', 'Late WW2 German AFV paint set', '#fdfefd', None, None], ['HTK-BS95', 'WW2 Soviet AFV paint set', '#fdfefd', None, None], ['HTK-BS104', 'Early Su-27S/P/UB ΓÇ₧Flanker-B/CΓÇ¥ paint set', '#97a5a4', None, None], ['HTK-BS27', 'Falklands Conflict paint set vol. 1', '#464937', None, None], ['HTK-BS44', 'USAF, USN & USMC paint set (modern greys)', '#787b81', None, None], ['HTK-BS52', 'Modern Royal Air Force Paint set vol. 1', '#929698', None, None], ['HTK-BS62', 'Israeli Air Force paint set (modern jets)', '#9fa6af', None, None], ['HTK-BS69', 'WW2 Imperial Japanese Army AFV paint set', '#413730', None, None], ['HTK-BS70', 'Modern Royal Air Force Paint set vol. 3', '#b2babd', None, None], ['HTK-BS73', 'Modern Royal Air Force paint set vol. 2', '#b2babd', None, None], ['HTK-BS77', 'Modern British Army & RAF AFV paint set', '#fdfefd', None, None], ['HTK-BS87', 'British AAC Helicopters paint set', '#929698', None, None], ['HTK-BS88', 'Early WW2 German AFV paint set', '#fdfefd', None, None], ['HTK-BS97', 'Modern Royal Air Force paint set vol. 5', '#b2babd', None, None], ['HTK-BS98', 'British SAR Service paint set vol. 1', '#929698', None, None], ['HTK-BS100', 'Scale modelling basic colours set', '#b2babd', None, None], ['HTK-BS102', 'RAF Bomber Command paint set', '#615337', None, None], ['HTK-BS110', 'Mid-War Luftwaffe Paint Set (Blue Line)', '#819c9b', None, None]], 'Hataka Hobby Orange Line': [['B058-10ml', 'Have Glass Grey (FS36170)', '#746f6d', 'Matt', 'Acrylic'], ['D006', 'Red', None, None, 'Acrylic'], ['W001', 'Light Grey Wash', '#c6cfcc', None, 'Acrylic'], ['W002', 'Brown-Red wash', '#732323', None, 'Acrylic'], ['XP02', 'Paint Exfoliation Activator', '#fff', None, 'Acrylic'], ['XP07', 'Matt Lacquer Clear Coat', None, 'Matt', None], ['XP08', 'Satin Lacquer Clear Coat', None, 'Satin', None], ['XP09', 'Gloss Lacquer Clear Coat', None, 'Gloss', None], ['XP07', 'Matt Lacquer Clear Coat', None, 'Matt', None], ['XP08', 'Satin Lacquer Clear Coat', None, 'Satin', None], ['XP09', 'Gloss Lacquer Clear Coat', None, 'Gloss', None], ['XP03', 'Lacquer Thinner', None, 'Thinners', None], ['C001', 'Dark Sea Blue (FS15042, ANA 623)', '#3f464a', 'Gloss', None], ['C002', 'Polish Heli Dark Green', '#3d4a30', 'Matt', None], ['C003', 'Silver', '#b2babc', 'Metallic', None], ['C003', 'Silver', '#b2babd', 'Metallic', None], ['C004', 'US Olive Drab (early)', '#4b4535', 'Matt', None], ['C005', 'Sky Blue (FS35466)', '#9bcded', 'Matt', None], ['C006', 'Semi-Gloss Sea Blue (FS25042, ANA 606)', '#292f39', 'Satin', None], ['C007', 'Grey-Violet (RLM75)', '#606163', 'Matt', None], ['C008', 'Brown-Violet (RLM 81)', '#584238', 'Matt', None], ['C009', 'Dark Earth', '#615336', 'Matt', None], ['C010', 'Dark Polish Khaki', '#55473a', 'Matt', None], ['C011', 'Light Polish Khaki', '#5f5134', 'Matt', None], ['C012', 'Dark Tan (FS30219, ANA 628)', '#8f7460', 'Matt', None], ['C013', 'Mid Stone', '#9d8046', 'Matt', None], ['C014', 'Sand-Yellow (RLM79a)', '#b2a173', 'Matt', None], ['C015', 'Black-Green (RLM70)', '#242a20', 'Matt', None], ['C016', 'Dark Green (FS34079, ANA 631)', '#535548', 'Matt', None], ['C017', 'Dark Green (RLM71)', '#343b2b', 'Matt', None], ['C018', 'US Olive Drab (Late, ANA 613)', '#5c583f', 'Matt', None], ['C019', 'Medium Green 42', '#254134', 'Matt', None], ['C020', 'Light Green (RLM 82)', '#677b4b', 'Matt', None], ['C021', 'Medium Green (FS34102)', '#575b45', 'Matt', None], ['C022', 'Dark Green (RLM 83)', '#323b2b', 'Matt', None], ['C023', 'Grey (RLM02)', '#5e685f', 'Matt', None], ['C024', 'P.R. Pink', '#f8d9cd', 'Matt', None], ['C025', 'Interior Grey-Green', '#6f806e', 'Matt', None], ['C026', 'Sky "Type S"', '#cadcaa', 'Matt', None], ['C027', 'Intermediate Blue (FS35164, ANA 608)', '#63727f', 'Matt', None], ['C028', 'Azure Blue', '#6580ab', 'Matt', None], ['C029', 'Light Blue (RLM 65)', '#809a99', 'Matt', None], ['C030', 'European I Grey (FS36081)', '#494d4e', 'Matt', None], ['C031', 'Gunship Grey (FS36118, ANA 603)', '#5c6169', 'Matt', None], ['C032', 'Ocean Grey', '#5f656c', 'Matt', None], ['C033', 'Neutral Grey 43', '#656f78', 'Matt', None], ['C034', 'Medium Sea Grey', '#a0aaaa', 'Matt', None], ['C035', 'Dark Ghost Grey (FS36320)', '#818b8d', 'Matt', None], ['C036', 'Light Blue-Grey', '#849698', 'Matt', None], ['C037', 'Light Ghost Grey (FS36375)', '#9ca5ab', 'Matt', None], ['C038', 'Light Blue (RLM76)', '#97a5a4', 'Matt', None], ['C039', 'Camouflage Grey (FS36622)', '#c2c1b4', 'Matt', None], ['C039', 'Camouflage Grey (FS36622)', '#c2c1b4', 'Matt', None], ['C040', 'Black-Grey (RLM 66)', '#585a4f', 'Matt', None], ['C041', 'Night Black (FS37038, ANA 604)', '#373838', 'Matt', None], ['C042', 'P.R. Blue', '#365572', 'Matt', None], ['C043', 'Insignia White (FS37875, ANA 601)', '#fffce8', 'Matt', None], ['C044', 'Dark Gull Grey (FS36231, ANA 621)', '#7f8487', 'Matt', None], ['C045', 'Air Defence Grey (FS16473, ANA512)', '#a1aba7', 'Gloss', None], ['C046', 'Medium Grey (FS35237)', '#7b888e', 'Matt', None], ['C047', 'Soviet Cockpit Blue-Green', '#3dcbb5', 'Matt', None], ['C048', 'Light Gull Grey (FS36440, ANA 620)', '#adada3', 'Matt', None], ['C049', 'Insignia White', '#e6e8dc', 'Matt', None], ['C050', 'Light Grey FS36495', '#c3c8c7', 'Matt', None], ['C051', 'Camotint Green', '#adc08e', 'Matt', None], ['C052', 'Green Drab (FS34086)', '#55544b', 'Matt', None], ['C053', 'Olive-Green (RLM 80)', '#3e4436', 'Matt', None], ['C054', 'Grey (FS36270)', '#767e85', 'Matt', None], ['C055', 'Royal Blue', '#212138', 'Matt', None], ['C056', 'European I Green (FS34092, ANA 612)', '#495951', 'Matt', None], ['C057', 'Beige', '#ccc6b4', 'Matt', None], ['C058', 'Have Glass Grey (FS36170)', '#6d6c6b', 'Matt', None], ['C059', 'Field Green (FS34095, ANA 627, RAL 6003)', '#3d4a30', 'Matt', None], ['C060', 'USMC Sand', '#e5d3a1', 'Matt', None], ['C061', 'Seaplane Grey (FS26081, ANA 625)', '#595c5c', 'Satin', None], ['C062', 'International Orange (FS12197)', '#bf4e3b', 'Gloss', None], ['C063', 'Vert Fonce', '#40624c', 'Matt', None], ['C064', 'Khaki Green No.3 (G3)', '#5a5e43', 'Matt', None], ['C065', 'US Army Olive Drab', '#52493e', 'Matt', None], ['C066', 'Insignia Yellow (FS33538, ANA 506)', '#eeb600', 'Matt', None], ['C067', 'US Army Helicopter Drab (FS34031)', '#453d38', 'Matt', None], ['C068', 'US Army Desert Sand (FS30279, ANA 616)', '#ad9076', 'Matt', None], ['C069', 'Woodland Desert Sage (FS34201)', '#817856', 'Matt', None], ['C070', 'AMT-12 Dark Grey', '#44474c', 'Matt', None], ['C071', 'AMT-11 Blue Grey', '#76848c', 'Matt', None], ['C072', 'AMT-7 Greyish Blue', '#98b7d4', 'Matt', None], ['C073', 'AMT-4 Camouflage Green', '#505635', 'Matt', None], ['C074', 'A-21m Light Greyish Brown', '#a6a38b', 'Matt', None], ['C075', 'Dark Green No. 4 (G4)', '#4d4d3e', 'Matt', None], ['C076', 'S.C.C. No. 2 Khaki Brown', '#794f35', 'Matt', None], ['C077', 'S.C.C. No. 1A Dark Brown', '#402d27', 'Matt', None], ['C078', 'Aluminium', '#bec2c4', 'Satin', None], ['C079', 'Brun Fonc├⌐', '#50382a', 'Matt', None], ['C080', 'Vert', '#497e4b', 'Matt', None], ['C081', 'Terre de Sienne', '#7d5840', 'Matt', None], ['C082', 'Gris Bleu Fonc├⌐', '#8c969e', 'Matt', None], ['C083', 'Gris Blue Clair', '#a4bec4', 'Matt', None], ['C084', 'Kaki Fran├ºais', '#817856', 'Matt', None], ['C085', 'Polish AFV Khaki Green', '#54562c', 'Matt', None], ['C086', 'Polish AFV Greyish Sand', '#bba66f', 'Matt', None], ['C087', 'Polish AFV Dark Brown', '#50382a', 'Matt', None], ['C088', 'Polish AFV Green', '#6e816e', 'Matt', None], ['C089', 'German Camouflage Grey RAL 7050 F9', '#6d6b60', 'Matt', None], ['C090', 'Sand (FS33531)', '#c7b49e', 'Matt', None], ['C091', 'Pale green (FS34227)', '#6b8c60', 'Matt', None], ['C092', 'Duck Egg Blue (FS35622)', '#d4e0d4', 'Matt', None], ['C093', 'Green (FS34258)', '#768343', 'Matt', None], ['C094', 'Vert Olive', '#7e784c', 'Matt', None], ['C095', 'Gris Bleu Clair', '#b8d2ee', 'Matt', None], ['C096', 'Gris Clair Neutre', '#dfe1e3', 'Matt', None], ['C097', 'Jaune dΓÇÖocre', '#e4b364', 'Matt', None], ['C098', 'Terre dΓÇÖombre', '#773e31', 'Matt', None], ['C099', 'Gris Vert', '#54574c', 'Matt', None], ['C100', 'Jet Black (RAL 9005)', '#181613', 'Matt', None], ['C101', 'Traffic White (RAL 9016)', '#fbfcfc', 'Matt', None], ['C102', 'Signal Blue (RAL 5005)', '#21376c', 'Matt', None], ['C103', 'Traffic Red (RAL 3020)', '#b71c1a', 'Matt', None], ['C104', 'Traffic Yellow (RAL 1023)', '#fbd300', 'Matt', None], ['C105', 'Luminous Yellow (RAL 1026)', '#efe519', 'Fluo', None], ['C106', 'Gunmetal', '#2b3539', 'Matt', None], ['C107', 'Signal Yellow (RAL 1003)', '#f2b900', 'Matt', None], ['C110', 'S.C.C. No. 15 Olive Drab', '#514936', 'Matt', None], ['C111', 'Warsaw Pact Green Base', '#3f4539', 'Matt', None], ['C112', 'Warsaw Pact Green Shadow', '#525744', 'Matt', None], ['C113', 'Warsaw Pact Yellow Green', '#5e6441', 'Matt', None], ['C114', 'Warsaw Pact Torrid Green', '#797f52', 'Matt', None], ['C115', 'Warsaw Pact Bright Green', '#6b7648', 'Matt', None], ['C116', 'Warsaw Pact Fresh Green', '#526c39', 'Matt', None], ['C117', 'Braun', '#603a2c', 'Matt', None], ['C118', 'Gelb/Beige', '#c9a566', 'Matt', None], ['C119', 'Khaki/Grun', '#635e2e', 'Matt', None], ['C120', 'Grau', '#d8d4c8', 'Matt', None], ['C121', 'Jaune Sahara', '#fbebb7', 'Matt', None], ['C122', 'Vert IR OTAN (0211)', '#696650', 'Matt', None], ['C123', 'Brun Terre IR', '#7c633d', 'Matt', None], ['C124', 'Vert Fonc├⌐ IR', '#29612b', 'Matt', None], ['C125', 'NATO Black (FS37030)', '#363738', 'Matt', None], ['C126', 'Sable Des├⌐rt IR', '#ceac60', 'Matt', None], ['C127', 'AE-9 Light grey', '#e0e1e7', 'Matt', None], ['C128', 'A II Green (protective)', '#3c3c1f', 'Matt', None], ['C129', 'A II Light Blue', '#83a6ac', 'Matt', None], ['C130', 'Mahogany Brown (RAL 8016)', '#533022', 'Matt', None], ['C131', 'Brown Red (RAL 3011)', '#7d2421', 'Matt', None], ['C132', 'Flame Red (RAL 3000)', '#a42821', 'Matt', None], ['C133', 'Signal Orange (RAL 2010)', '#cf5719', 'Matt', None], ['C134', 'Maize Yellow (RAL 1006)', '#dd9307', 'Matt', None], ['C135', 'Yellow (light) rust', '#f3ac00', 'Matt', None], ['C136', 'Pucara Pale Green', '#adc08d', 'Matt', None], ['C137', 'Pucara Light Tan', '#c4a690', 'Matt', None], ['C138', 'Pucara Medium Blue', '#73c4d7', 'Matt', None], ['C139', 'Semi-matt Aluminium', '#bdc2c3', 'Matt', None], ['C140', 'BS Extra Dark Sea Grey (BS381C:640)', '#52565b', 'Matt', None], ['C141', 'BS Medium Sea Grey (BS381C:637)', '#899194', 'Matt', None], ['C142', 'Camouflage (Barley) Grey (BS381C:626)', '#9fa3a3', 'Matt', None], ['C143', 'C143 BS Dark Green (BS381C:641)', '#484837', 'Matt', None], ['C144', 'BS Dark Sea Grey (BS381C:638)', '#686c71', 'Matt', None], ['C145', 'RAF Blue-Grey (BS381C:633)', '#303b40', 'Matt', None], ['C146', 'BS Olive Drab (BS381C:298)', '#5a5443', 'Matt', None], ['C147', 'Chocolate Brown (RAL 8017)', '#422f28', 'Matt', None], ['C148', 'Vermilion (RAL 2002)', '#be3119', 'Matt', None], ['C149', 'Concrete Grey (RAL 7023)', '#838277', 'Matt', None], ['C150', 'Blue-Green (FS35414)', '#87a4a1', 'Matt', None], ['C151', 'Grey Olive (RAL 6006)', '#596245', 'Matt', None], ['C152', 'NATO Green (FS34094)', '#49543e', 'Matt', None], ['C154', 'White Grey (FS36628)', '#cdd4cb', 'Matt', None], ['C155', 'Air Superiority Blue (FS35450)', '#8aadcb', 'Matt', None], ['C156', 'Aggressor Blue (FS35109)', '#375572', 'Matt', None], ['C157', 'Aggressor Grey (FS36251)', '#7c827d', 'Matt', None], ['C158', 'Mod Eagle Grey (FS36176)', '#646d79', 'Matt', None], ['C159', 'Camouflage Black (FS37030)', '#2a2628', 'Matt', None], ['C160', 'Pale Brown (FS30140)', '#7d5840', 'Matt', None], ['C161', 'Polizei / SS Gr├╝n Base', '#296769', 'Matt', None], ['C162', 'Polizei / SS Gr├╝n Shadow', '#3f8376', 'Matt', None], ['C163', 'Polizei / SS Gr├╝n Flash', '#8ab4b3', 'Matt', None], ['C164', 'Panzer Dunkelgrau Base', '#45474d', 'Matt', None], ['C165', 'Panzer Dunkelgrau Shadow', '#b2babc', 'Matt', None], ['C166', 'Panzer Dunkelgrau Flash', '#4a4434', 'Matt', None], ['C167', 'Light Grey (RLM 63)', '#a3a0ac', 'Matt', None], ['C168', 'Dark Brown (RLM 61)', '#413730', 'Matt', None], ['C169', 'Green (RLM 62)', '#494631', 'Matt', None], ['C170', 'Reed Green (RAL 6013)', '#837a58', 'Matt', None], ['C171', 'Grey-Blue (RAL 5008)', '#343c45', 'Matt', None], ['C172', 'Medium Brown (FS30215)', '#89623a', 'Matt', None], ['C173', 'Silk Grey (RAL 7044)', '#bebaae', 'Matt', None], ['C174', 'Brown Primer Shadow', '#524538', 'Matt', None], ['C175', 'Red Dope (Red Primer)', '#933d3e', 'Matt', None], ['C176', 'Red Primer Base', '#846b4d', 'Matt', None], ['C177', 'Red Primer Torrid', '#9d8046', 'Matt', None], ['C178', '1945 Dunkelgelb Base', '#5c583f', 'Matt', None], ['C179', '1945 Dunkelgelb Flash', '#e6d4a2', 'Matt', None], ['C180', '1945 Resedagr├╝n Base', '#404737', 'Matt', None], ['C181', '1945 Resedagr├╝n Flash', '#809b70', 'Matt', None], ['C182', '1945 Rotbraun Base', '#64332c', 'Matt', None], ['C183', '1945 Rotbraun Flash', '#b44442', 'Matt', None], ['C184', 'Interior Buff', '#e6e0d1', 'Matt', None], ['C185', 'Gearbox Green', '#557f33', 'Matt', None], ['C186', 'Leather Brown', '#6d3e24', 'Matt', None], ['C187', 'Tan (FS20400)', '#c69d77', 'Satin', None], ['C188', 'NATO Brown (FS30051, AN33)', '#624d41', 'Matt', None], ['C189', 'Silver grey (RAL 7001)', '#9ca1a7', 'Matt', None], ['C190', 'White Aluminium (RAL 9006)', '#a3a1a1', 'Matt', None], ['C191', 'Light Grey (RAL 7035)', '#d1d1ce', 'Matt', None], ['C192', 'Basalt Grey (RAL 7012)', '#5f6161', 'Matt', None], ['C193', 'Yellow Olive (RAL 6014)', '#4e4536', 'Matt', None], ['C194', 'Luminous Orange (RAL 2005)', '#ea5420', 'Fluo', None], ['C195', 'WW2 Hungarian Brown Base', '#5f4431', 'Matt', None], ['C196', 'WW2 Hungarian Green Base', '#486747', 'Matt', None], ['C197', 'WW2 Hungarian Sand Base', '#e2bf7d', 'Matt', None], ['C198', 'WW2 Hungarian Brown Flash', '#6a5129', 'Matt', None], ['C199', 'WW2 Hungarian Green Flash', '#5c8c52', 'Matt', None], ['C200', 'WW2 Hungarian Sand Flash', '#efddb9', 'Matt', None], ['C201', 'Voodoo Grey (FS16515, ANA 512)', '#c1c3c1', 'Matt', None], ['C202', 'BS Dark Slate Grey (BS381C:634)', '#626353', 'Matt', None], ['C203', 'Sky Grey (FS35463)', '#9fa7a9', 'Matt', None], ['C204', 'BS Deep Buff (BS381C:360)', '#b88042', 'Matt', None], ['C205', 'BS Light Admiralty Grey (BS381C:697)', '#b4c3c0', 'Matt', None], ['C206', 'BS Dark Earth (BS381C:450)', '#7d6344', 'Matt', None], ['C207', 'BS PRU Blue (BS381C:636)', '#526a75', 'Matt', None], ['C208', 'Desert Beige (RAL 1001)', '#cdb083', 'Matt', None], ['C209', 'Field Drab (FS30118, ANA 617)', '#6b5834', 'Matt', None], ['C210', 'Sand Brown (FS30277)', '#9d8e69', 'Matt', None], ['C211', 'Interior Green (FS34151, ANA 611)', '#576525', 'Matt', None], ['C212', 'Earth Yellow (FS30257)', '#b68d4b', 'Matt', None], ['C213', 'Earth Red (FS30117)', '#78553f', 'Matt', None], ['C214', 'BS Dark Camouflage Grey (BS381C:629)', '#7a7d83', 'Matt', None], ['C215', 'BS NATO (IRR) Green (BS381C:285)', '#5f5a4a', 'Matt', None], ['C216', 'BS Lichen Green (BS4800/12B.25)', '#716e59', 'Matt', None], ['C217', 'BS Light Aircraft Grey (BS381C:627)', '#b0b1aa', 'Matt', None], ['C218', 'Blue Grey (FS35189)', '#6f818a', 'Matt', None], ['C219', 'Insignia Red (FS11136, ANA 509)', '#921b15', 'Matt', None], ['C220', 'True Blue (FS15102, ANA 501)', '#174278', 'Matt', None], ['C221', 'Willow Green (FS14187, ANA 503)', '#357530', 'Matt', None], ['C222', 'Lemon Yellow (FS13655, ANA 505)', '#f1c900', 'Gloss', None], ['C223', 'Pigeon Blue (RAL 5014)', '#6d7e9a', 'Matt', None], ['C224', 'Black Grey (RAL 7021)', '#303234', 'Matt', None], ['C225', 'Green Grey (RAL 7009)', '#5c6058', 'Matt', None], ['C226', 'Black Green (RAL 6012)', '#37413c', 'Matt', None], ['C227', 'Dark Green-Blue', '#007890', 'Matt', None], ['C228', 'Medium Green-Blue', '#19a7c1', 'Matt', None], ['C229', 'Light Green-Blue', '#7ccdea', 'Matt', None], ['C230', 'Dark grey (FS36076)', '#585963', 'Matt', None], ['C231', 'Fog Grey (FS36293)', '#989a9a', 'Matt', None], ['C232', 'Extra Dark Green (FS34064)', '#59564a', 'Matt', None], ['C233', 'Stone Grey (RAL 7030)', '#918e85', 'Matt', None], ['C234', 'Sky Grey-Green (FS34424)', '#a9ad95', 'Matt', None], ['C235', 'Dark Blue-Grey (FS36099)', '#484e56', 'Matt', None], ['C236', 'BS Olive Green (BS381C:220)', '#5c6042', 'Matt', None], ['C237', 'BS Light Stone (BS381C:361)', '#be9e73', 'Matt', None], ['C238', 'Desert Tan (FS33446)', '#bcaa7d', 'Matt', None], ['C239', 'Seafoam Green (FS24533)', '#b3c492', 'Matt', None], ['C240', 'IJA Khaki (Khaki-iro)', '#ab8435', 'Matt', None], ['C241', 'IJA Tea Brown (Cha-iro)', '#7a532d', 'Matt', None], ['C242', 'IJA Olive Green (Midori-iro)', '#394c22', 'Matt', None], ['C243', 'IJA Parched Grass (Karekusa-iro)', '#a19345', 'Matt', None], ['C244', 'Dunkelgelb (RAL840R-7028)', '#a79879', 'Matt', None], ['C245', 'Kentt├ñvihre├ñ (TM1474/76)', '#49543e', 'Matt', None], ['C246', 'Dark Moss Green (FS14077, AN11)', '#3a4437', 'Gloss', None], ['C247', 'Vaaleanvihre├ñ (AN22)', '#4d5538', 'Matt', None], ['C248', 'Quartz grey (RAL 7039)', '#787065', 'Matt', None], ['C249', 'Dusty Grey (RAL 7037)', '#888683', 'Matt', None], ['C250', 'Dunkelgelb (RAL840R-7028 Ausgabe 1944)', '#a79548', 'Matt', None], ['C251', '4BO Protective Green', '#4f512a', 'Matt', None], ['C252', 'Military Dark Earth', '#876b54', 'Matt', None], ['C253', 'MRG Stone', '#c6b587', 'Matt', None], ['C254', 'Buffalo Green', '#5e583f', 'Matt', None], ['C255', 'Bright Blue (FS25183)', '#2866a4', 'Satin', None], ['C256', 'Earth Brown (FS30099)', '#665241', 'Matt', None], ['C257', 'Uniform Brown (FS30145)', '#7c633d', 'Matt', None], ['C258', 'Stone Yellow (FS33448)', '#bca770', 'Matt', None], ['C259', 'Yellow Ochre (FS33434)', '#cba21c', 'Matt', None], ['C260', 'Greyish Green (FS24112)', '#5b665a', 'Matt', None], ['C261', 'Greyish Sand (FS20227)', '#a28977', 'Matt', None], ['C262', 'BS Camouflage Beige (BS381C:389)', '#9e9680', 'Matt', None], ['C263', 'Atlantic Grey (FS36187)', '#6c7775', 'Matt', None], ['C264', 'Pearl Grey (FS36493)', '#bac1b8', 'Matt', None], ['C265', 'Neutral Grey (FS36173)', '#6a717b', 'Matt', None], ['C266', 'Bulkhead Grey (FS36307)', '#96998d', 'Matt', None], ['C267', 'Cloud Grey (FS36280)', '#898d8b', 'Matt', None], ['C268', 'Luminous Red (RAL 3024)', '#e52824', 'Fluo', None], ['C269', 'Sulphur Yellow (RAL 1016)', '#ecde17', 'Matt', None], ['C270', 'Pearl Opal green (RAL 6036)', '#0c5849', 'Matt', None], ['C271', 'BS Deep Bronze Green (BS381C:224)', '#45493e', 'Matt', None], ['C272', 'Ultramarine Blue (RAL 5002)', '#223876', 'Matt', None], ['C273', 'Graphite Grey (RAL 7024)', '#464950', 'Matt', None], ['C274', 'Cobalt Blue (RAL 5013)', '#272f50', 'Matt', None], ['C275', 'BS Golden Yellow (BS381C:356)', '#f2a600', 'Matt', None], ['C276', 'BS Signal Red (BS381C:537)', '#ba362d', 'Matt', None], ['C277', 'BS Roundel Blue (BS381C:110)', '#434670', 'Matt', None], ['C278', 'Sand Beige (RAL 1039 F9)', '#af9b70', 'Matt', None], ['C279', 'Grey Beige (RAL 1040 F9)', '#a1884b', 'Matt', None], ['C280', 'Sand Brown (RAL 8031 F9)', '#937454', 'Matt', None], ['C281', 'Light Olive (RAL 6040, F9)', '#666443', 'Matt', None], ['C282', 'Dutch Demo Orange (light)', '#ed7e1e', 'Matt', None], ['C283', 'Dark Grey-Blue', '#375572', 'Matt', None], ['C284', 'UN Blue (FS35250)', '#58a3ce', 'Matt', None], ['C285', 'Faded Blue-Grey (FS25530)', '#c1cbca', 'Satin', None], ['C286', 'Danish Green (SK/80)', '#5c6437', 'Matt', None], ['C287', 'Grey Beige (RAL 1019)', '#ab957c', 'Matt', None], ['C288', 'Fawn Brown (RAL 8007)', '#764a29', 'Matt', None], ['C289', 'Fir Green (RAL 6009)', '#303a2c', 'Matt', None], ['C290', 'BS Lemon Yellow (BS381C:355)', '#edb500', 'Matt', None], ['C291', 'BS Cherry Red (BS381C:538)', '#a23434', 'Matt', None], ['C292', 'BS Oxford Blue (BS381C:105)', '#3f425a', 'Matt', None], ['C293', 'Extra Light Blue (FS25550)', '#d1dee2', 'Satin', None], ['C294', 'Mustard', '#786035', 'Matt', None], ['C295', 'Medium Tan (FS33522)', '#ccb99c', 'Matt', None], ['C296', 'Faded Eggplant Grey', '#8d919e', 'Matt', None], ['C297', 'Erdgelb (RAL840R-8002)', '#ba6f39', 'Matt', None], ['C298', 'Grun (RAL840R-6007)', '#464d32', 'Matt', None], ['C299', 'Braun (RAL840R-8010)', '#6c573f', 'Matt', None], ['C300', 'Anthracite Grey (RAL 7016)', '#3f4144', 'Matt', None], ['C301', 'Dark Olive Green (FS34096)', '#484d39', 'Matt', None], ['C302', 'Gripen Grey (FS36373)', '#9ea2a3', 'Matt', None], ['C303', 'Green Brown (RAL 8000)', '#8f6e38', 'Matt', None], ['C304', 'Khaki Grey (RAL 7008)', '#7c633a', 'Matt', None], ['C305', 'Afrika Braun (RAL840R-8020)', '#bf9161', 'Matt', None], ['C306', 'Afrika Grau (RAL840R-7027)', '#b08c5d', 'Matt', None], ['C307', 'Cream (RAL 9001)', '#ede7da', 'Matt', None], ['C308', 'BS Middle Brown (BS381C:411)', '#7b553c', 'Matt', None], ['C309', 'Grass Green (RAL 6010)', '#4b7031', 'Matt', None], ['C310', 'Dunkelgelb nach Muster', '#c0a227', 'Matt', None], ['C311', 'Green (RLM72)', '#333520', 'Matt', None], ['C312', 'Green (RLM73)', '#192719', 'Matt', None], ['C313', 'Grey-Green (RLM74)', '#404239', 'Matt', None], ['C313', 'Grey-Green (RLM74)', '#404239', 'Matt', None], ['C314', 'Light Blue (RLM78)', '#90a7a9', 'Matt', None], ['C315', 'Forest Green (FS34127)', '#55572c', 'Matt', None], ['C316', 'ZO Protective Green', '#715e3b', 'Matt', None], ['C317', 'Dark Brown 6K', '#6f4534', 'Matt', None], ['C318', 'Sand 7K', '#a57c39', 'Matt', None], ['C319', 'Light Sea Blue (FS25200)', '#63b8d1', 'Matt', None], ['C320', 'Medium sea Blue', '#3c9bc6', 'Matt', None], ['C321', 'Extra Light sea Blue', '#cae4f4', 'Matt', None], ['C322', 'RAF Anti-flash White', '#f7f7f1', 'Matt', None], ['C323', 'Sand Grey (FS30372)', '#ae9e80', 'Matt', None], ['C324', 'Swedish Dk Green (326M)', '#2b3829', 'Matt', None], ['C325', 'Swedish Lt Green (322M)', '#4d6145', 'Matt', None], ['C326', 'BS Mid Bronze Green (BS381C:223)', '#4e563c', 'Matt', None], ['C327', 'Radome green', '#205e20', 'Satin', None], ['C328', 'Pale Blue', '#b6dae5', 'Satin', None], ['C332', 'Turquoise Blue (RAL 5018)', '#1b8a8c', 'Matt', None], ['C333', 'Dull Red (FS30109, ANA618)', '#814d44', 'Matt', None], ['C334', 'Signal Grey (RAL 7004, FS26295)', '#9a9a9a', 'Matt', None], ['C335', 'Mouse Grey (RAL 7005)', '#6c6e6b', 'Matt', None], ['C336', 'Deep Ocean Blue (FS25045)', '#3e4b53', 'Satin', None], ['C337', 'Green Blue (RAL 5001)', '#1d4c64', 'Matt', None], ['C501', '507A RN Dark Grey', '#434e59', 'Matt', None], ['C502', '507B RN Medium Grey', '#727f8a', 'Matt', None], ['C503', '507C RN Light Grey', '#c8cbd0', 'Matt', None], ['C504', 'B5 RN Dark Blue-Grey', '#727f8a', 'Matt', None], ['C505', 'B6 RN Medium Blue', '#a1bfd0', 'Matt', None], ['C506', 'MS1 RN Blue-Black', '#27303b', 'Matt', None], ['C507', 'MS2 RN Dark Grey', '#656668', 'Matt', None], ['C508', 'MS3 RN Medium Green-Grey', '#9fb0ac', 'Matt', None], ['C509', 'MS4 RN Light Grey (Warm)', '#b3b5a5', 'Matt', None], ['C510', 'MS4A RN Light Grey-Green', '#b9c7ba', 'Matt', None], ['C511', 'RN Western Approaches Blue', '#d1e2e5', 'Matt', None], ['C512', 'RN Western Approaches Green', '#5cac87', 'Matt', None], ['C513', 'G5 RN Extra Dark Grey', '#393a42', 'Matt', None], ['C514', 'G10 RN Dark Grey', '#5c616a', 'Matt', None], ['C515', 'G20 RN Medium Green-Grey', '#747358', 'Matt', None], ['C516', 'G45 RN Light Grey (Warm)', '#bcb9a7', 'Matt', None], ['C517', 'B15 RN Dark Grey-Blue', '#3b576a', 'Matt', None], ['C518', 'B20 RN Medium Grey-Blue', '#586b70', 'Matt', None], ['C519', 'B30 RN Medium Green-Blue', '#9d9e8e', 'Matt', None], ['C520', 'B55 RN Light Green-Blue', '#c5bfb5', 'Matt', None], ['C521', 'PB10 RN Deep Blue', '#1d335c', 'Matt', None], ['C522', 'Semtex (early WW2)', '#eae7d4', 'Matt', None], ['C523', 'Semtex (late WW2)', '#215636', 'Matt', None], ['C524', 'Corticene', '#985d3c', 'Matt', None], ['C525', 'RN Antifouling Red', '#a4403a', 'Matt', None], ['C526', 'RN Light Mountbatten Pink', '#7b6263', 'Matt', None], ['C527', 'RN Dark Mountbatten Pink', '#675558', 'Matt', None], ['C528', 'RN White', '#fdfcf8', 'Matt', None], ['C701', 'Blue Grey (RAL 7031)', '#5d686c', 'Matt', None], ['C702', 'Yellow Green (RAL 6018)', '#5a9a39', 'Matt', None], ['C703', 'Mint Green (RAL 6029)', '#00713d', 'Matt', None], ['C704', 'Pure Orange (RAL 2004)', '#de5306', 'Matt', None], ['C705', 'Bright Orange (RAL 2008)', '#e76b21', 'Matt', None], ['C706', 'Pastel Green (RAL 6019)', '#b6ceac', 'Matt', None], ['C707', 'Colza yellow (RAL 1021)', '#eeb700', 'Matt', None], ['C708', 'Moss Green (RAL 6005)', '#104232', 'Matt', None], ['C709', 'Light Green (RAL 6027)', '#80bab5', 'Matt', None], ['C710', 'Gentian Blue (RAL 5010)', '#004d7b', 'Matt', None], ['C711', 'Dark Blue', '#003562', 'Matt', None], ['C712', 'Bright Green', '#9bcd2a', 'Matt', None], ['C713', 'Traffic Grey (RAL 7042)', '#8d9190', 'Matt', None], ['C901', 'Mecha Black-Grey', '#242a20', 'Matt', None], ['C902', 'Mecha Red Oxide', '#e52323', 'Matt', None], ['C903', 'Mecha Metallic Blue', '#3e5eab', 'Matt', None], ['C904', 'Mecha Grey Base', '#809a99', 'Matt', None], ['C905', 'Mecha Grey Shadow', '#c4cdca', 'Matt', None], ['C906', 'Mecha Green Base', '#296328', 'Matt', None], ['HTK-BS10', 'USAF Paint Set (ΓÇ£EuropeanΓÇ¥ Camouflage)', '#515662', None, None], ['HTK-BS34', 'Israeli Air Force Paint Set (Early Period)', '#bec2c4', None, None], ['HTK-BS37', 'World War 2 AFV Interior Colours Paint Set', '#bec2c4', None, None], ['HTK-BS58', 'Ultimate SU-34 "Fullback" Paint Set', '#fbfcfc', None, None], ['HTK-BS83', 'Ultimate Su-33 "Flanker-D" Paint Set', '#fbfcfc', None, None], ['HTK-BS105', 'MiG-29A/UB 4-colour scheme', '#464937', None, None], ['HTK-BS114', 'Israeli Defence Forces AFV paint set', '#655d3f', None, None], ['HTK-BS115', 'RAF Sout-East Asia Paint Set', None, None, None], ['HTK-DS01', 'Basic Miniature Painting Colours Vol.1', None, None, None], ['HTK-DS02', 'Basic Miniature Painting Colours Vol.2', None, None, None], ['HTK-CS01', 'Polish Air Force Paint Set - September 1939', '#b2babd', None, None], ['HTK-CS02', 'Early Luftwaffe Paint Set', '#242a20', None, None], ['HTK-CS08', 'RAF in Africa paint set', '#615336', None, None], ['HTK-CS11', 'Early WW2 Polish Army paint set', '#54562c', None, None], ['HTK-CS79', 'Air Ambulance (HEMS) paint set vol. 2', '#eeb700', None, None], ['HTK-CS03', 'Late Luftwaffe Paint Set', '#585a4f', None, None], ['HTK-CS07', 'Royal Air Force paint set', '#615336', None, None], ['HTK-CS09', 'USAF Paint set (Vietnam war era)', '#535548', None, None], ['HTK-CS10', 'USAF Paint Set (European Camouflage)', '#535548', None, None], ['HTK-CS12', 'Israeli AF paint set (1970ΓÇÖs desert colours)', '#c7b49e', None, None], ['HTK-CS16', 'Early WW2 French Air Force paint set', '#7d5840', None, None], ['HTK-CS17', 'Modern Polish Air Force paint set vol.1', '#767e85', None, None], ['HTK-CS18', 'US Navy and USMC ΓÇ₧high-vizΓÇ¥ Paint Set', '#373838', None, None], ['HTK-CS19', 'US Army Helicopter paint set', '#373838', None, None], ['HTK-CS20', 'Late WW2 Soviet Air Force paint set', '#373838', None, None], ['HTK-CS22', 'British AFV paint set (WW2 European colours)', '#373838', None, None], ['HTK-CS23', 'RAF Photo Reconnaissance Units paint set', '#6f806e', None, None], ['HTK-CS25', 'Modern French Army paint set', '#363738', None, None], ['HTK-CS30', 'USAF Aggressor Squadron paint set vol. 2', '#8aadcb', None, None], ['HTK-CS32', 'Luftwaffe ΓÇ₧Legion CondorΓÇ¥ paint set', '#585a4f', None, None], ['HTK-CS34', 'Israeli Air Force paint set (early period)', '#bec2c4', None, None], ['HTK-CS04.2', 'US Army Air Force paint set', '#5c6169', None, None], ['HTK-CS43', 'Ultimate USAF F-15 paint set (all variants)', '#8aadcb', None, None], ['HTK-CS46', 'Polish Navy / Air Force TS-11 paint set', '#373838', None, None], ['HTK-CS47', 'Polish Air Force Su-22M4 paint set', '#87a4a1', None, None], ['HTK-CS49', 'RAF Coastal Command & RN FAA paint set', '#6f806e', None, None], ['HTK-CS50', 'South African Air Force paint set vol. 1', '#686c71', None, None], ['HTK-CS05.2', 'Late US Navy paint set', '#63727f', None, None], ['HTK-CS53', 'Early US Navy & USMC paint set', '#c3c8c7', None, None], ['HTK-CS54', 'Early USN & USMC Section Colours paint set', '#373838', None, None], ['HTK-CS58', 'Ultimate Su-34 ΓÇ₧FullbackΓÇ¥ paint set', '#fbfcfc', None, None], ['HTK-CS61', 'Modern Luftwaffe paint set vol.3', '#818b8d', None, None], ['HTK-CS06.2', 'Luftwaffe in Africa Paint Set', '#585a4f', None, None], ['HTK-CS65', 'Modern Finnish Army AFV paint set', '#363738', None, None], ['HTK-CS74', 'Modern Brazilian AF paint set vol.1', '#9fa7a9', None, None], ['HTK-CS78', 'Modern Brazilian AF paint set vol.2', '#818b8d', None, None], ['HTK-CS83', 'Ultimate Su-33 ΓÇ₧Flanker-DΓÇ¥ paint set', '#fbfcfc', None, None], ['HTK-CS84', 'Modern Danish Army AFV paint set', '#363738', None, None], ['HTK-CS85', 'Modern Royal Air Force Paint set vol. 4', '#fbfcfc', None, None], ['HTK-CS89', 'Modern Czech AF paint set vol.1', '#767e85', None, None], ['HTK-CS90', 'German AFV in Africa paint set', '#8f6e38', None, None], ['HTK-CS91', 'Modern Romanian AF paint set vol. 1', '#767e85', None, None], ['HTK-CS93', 'Modern North Korean AF paint set', '#adada3', None, None], ['HTK-CS95', 'WW2 Soviet AFV paint set', '#fdfefd', None, None], ['HTK-CS103', 'WW2 Italian Air Force Paint set vol. 1', '#55544b', None, None], ['HTK-CS104', 'Early Su-27S/P/UB ΓÇ₧Flanker-B/CΓÇ¥ paint set', '#97a5a4', None, None], ['HTK-CS105', 'MiG-29A/UB 4-colour scheme paint set', '#535548', None, None], ['HTK-CS106', 'WW2 Italian AFV paint set', '#495951', None, None], ['HTK-CS107', 'WW2 Dutch AF paint set vol. 1', '#a6a38b', None, None], ['HTK-CS109', 'Ukrainian AF paint set vol. 2 (Grey Pixel)', '#adada3', None, None], ['HTK-CS112', 'Modern Ukrainian Army AFV', '#535548', None, None], ['HTK-CS113', 'Modern RN Fleet Air Arm paint set vol. 1', '#686c71', None, None], ['HTK-CS114', 'Israeli Defence Forces AFV Set', '#5c583f', None, None], ['HTK-CS14', 'US Marine Corps Helicopters paint set', '#373838', None, None], ['HTK-CS21', 'Early WW2 French Army paint set', '#ccc6b4', None, None], ['HTK-CS27', 'Falklands Conflict paint set vol. 1', '#535548', None, None], ['HTK-CS28', 'Falklands Conflict paint set vol. 2', '#686c71', None, None], ['HTK-CS29', 'USAF Aggressor Squadron paint set vol. 1', '#cdd4cb', None, None], ['HTK-CS33', 'Early WW2 Soviet Air Force paint set', '#373838', None, None], ['HTK-CS44', 'USAF, USN & USMC paint set (modern greys)', '#767e85', None, None], ['HTK-CS48', 'Modern Luftwaffe paint set vol.1', '#bec2c4', None, None], ['HTK-CS51', 'US Army paint set (MERDC camouflage)', '#535548', None, None], ['HTK-CS52', 'Modern Royal Air Force Paint set vol. 1', '#57564a', None, None], ['HTK-CS55', 'Modern Luftwaffe paint set vol. 2', '#535548', None, None], ['HTK-CS56', 'Modern Portugese AF paint set Vol.1', '#535548', None, None], ['HTK-CS59', 'Modern Belgian AF paint set vol. 1', '#8f7460', None, None], ['HTK-CS60', 'Modern Portugese AF paint set Vol.2', '#767e85', None, None], ['HTK-CS62', 'Israeli Air Force Paint Set (Modern Jets)', '#818b8d', None, None], ['HTK-CS63', 'USMC AV-8 paint set (early schemes)', '#fdfefd', None, None], ['HTK-CS64', 'Modern Belgian AF paint set vol. 2', '#767e85', None, None], ['HTK-CS66', 'Modern Luftwaffe paint set vol.4', '#c7c8c4', None, None], ['HTK-CS67', 'Modern US Army and USMC AFV paint set', '#535548', None, None], ['HTK-CS68', 'Modern Hellenic AF paint set Vol.1', '#735440', None, None], ['HTK-CS69', 'WW2 Imperial Japanese Army AFV paint set', '#413730', None, None], ['HTK-CS70', 'Modern Royal Air Force Paint set vol. 3', '#b2babd', None, None], ['HTK-CS71', 'Israeli Air Force paint set (modern rotors)', '#8f7460', None, None], ['HTK-CS72', 'Modern Polish Army AFV paint set', '#c7b49e', None, None], ['HTK-CS73', 'Modern Royal Air Force paint set vol. 2', '#b2babd', None, None], ['HTK-CS75', 'Modern Hellenic AF paint set Vol. 2', '#767e85', None, None], ['HTK-CS76', 'Air Ambulance (HEMS) paint vol. 1', '#a42821', None, None], ['HTK-CS77', 'Modern British Army & RAF AFV paint set', '#45493e', None, None], ['HTK-CS80', 'Royal Netherlands AF paint set vol. 1', '#363738', None, None], ['HTK-CS81', 'Modern German Army AFV paint set', '#363738', None, None], ['HTK-CS82', 'Royal Netherlands AF paint set vol. 2', '#767e85', None, None], ['HTK-CS86', 'Russian AF Helicopters paint set vol. 1', '#8aadcb', None, None], ['HTK-CS87', 'British AAC Helicopters paint set', '#686c71', None, None], ['HTK-CS88', 'Early WW2 German AFV paint set', '#596245', None, None], ['HTK-CS92', 'South African Army paint set', '#be9e73', None, None], ['HTK-CS94', 'Late WW2 German AFV paint set', '#fdfefd', None, None], ['HTK-CS96', 'Ukrainian AF paint set vol. 1 (Blue Pixel)', '#b71c1a', None, None], ['HTK-CS97', 'Modern Royal Air Force paint set vol. 5', '#b2babd', None, None], ['HTK-CS98', 'British SAR Service paint set vol.1', '#686c71', None, None], ['HTK-CS99', 'US Army paint set (MASSTER & DUALTEX)', '#535548', None, None], ['HTK-CS100', 'Scale modelling basic colours set', '#b2babd', None, None], ['HTK-CS101', 'Modern Swedish AF paint set vol. 1', '#363738', None, None], ['HTK-CS102', 'RAF Bomber Command paint set', '#615336', None, None], ['HTK-CS108', 'Modern Australian Army AFV paint set', '#373838', None, None], ['HTK-CS110', 'Mid-War Luftwaffe Paint Set', None, None, None]], 'Hataka Hobby Red Line': [['A330', 'Zinc Chromate Primer', '#ffff00', 'Matt', 'Acrylic'], ['A001', 'Dark Sea Blue (FS15042, ANA 623)', '#202238', 'Gloss', 'Acrylic'], ['A002', 'Polish Heli Dark Green', '#3d4a30', 'Matt', 'Acrylic'], ['A003', 'Silver (Metallic)', '#b2babd', 'Metallic', 'Acrylic'], ['A004', 'US Olive Drab (early)', '#544936', 'Matt', 'Acrylic'], ['A005', 'Sky Blue (FS35466)', '#9bcded', 'Matt', 'Acrylic'], ['A006', 'Semi-Gloss Sea Blue (FS25042, ANA 606)', '#292f39', 'Satin', 'Acrylic'], ['A007', 'Grey-Violet (RLM75)', '#606163', 'Matt', 'Acrylic'], ['A008', 'Brown-Violet (RLM 81)', '#584238', 'Matt', 'Acrylic'], ['A009', 'Dark Earth', '#615337', 'Matt', 'Acrylic'], ['A010', 'Dark Polish Khaki', '#554639', 'Matt', 'Acrylic'], ['A011', 'Light Polish Khaki', '#625335', 'Matt', 'Acrylic'], ['A012', 'Dark Tan (FS30219, ANA 628)', '#8d6f4b', 'Matt', 'Acrylic'], ['A013', 'Mid Stone', '#a5833c', 'Matt', 'Acrylic'], ['A014', 'Sand-Yellow (RLM79a)', '#bca66f', 'Matt', 'Acrylic'], ['A015', 'Black-Green (RLM70)', '#242a20', 'Matt', 'Acrylic'], ['A016', 'Dark Green (FS34079, ANA 631)', '#464937', 'Matt', 'Acrylic'], ['A017', 'Dark Green (RLM71)', '#323b2b', 'Matt', 'Acrylic'], ['A018', 'US Olive Drab (late) (ANA 613)', '#655d3f', 'Matt', 'Acrylic'], ['A019', 'Medium Green 42', '#2c4535', 'Matt', 'Acrylic'], ['A020', 'Light Green (RLM 82)', '#677b4b', 'Matt', 'Acrylic'], ['A021', 'Medium Green (FS34102)', '#4c5537', 'Matt', 'Acrylic'], ['A022', 'Dark Green (RLM 83)', '#323b2b', 'Matt', 'Acrylic'], ['A023', 'Grey (RLM02)', '#5f695e', 'Matt', 'Acrylic'], ['A024', 'P.R. Pink', '#f8d9cd', 'Matt', 'Acrylic'], ['A025', 'Interior Grey-Green', '#6e816f', 'Matt', 'Acrylic'], ['A026', 'Sky "Type S"', '#cadcaa', 'Matt', 'Acrylic'], ['A027', 'Intermediate Blue (FS35164, ANA 608)', '#596a76', 'Matt', 'Acrylic'], ['A028', 'Azure Blue', '#6882aa', 'Matt', 'Acrylic'], ['A029', 'Light Blue (RLM 65)', '#819c9b', 'Matt', 'Acrylic'], ['A030', 'European I grey (FS36081)', '#494d4e', 'Matt', 'Acrylic'], ['A031', 'Gunship grey (FS36118, ANA 603)', '#515662', 'Matt', 'Acrylic'], ['A032', 'Ocean Grey', '#5f656c', 'Matt', 'Acrylic'], ['A033', 'Neutral Grey 43', '#69717b', 'Matt', 'Acrylic'], ['A034', 'Medium Sea Grey', '#a0aaaa', 'Matt', 'Acrylic'], ['A035', 'Dark Ghost Grey (FS36320)', '#8c969f', 'Matt', 'Acrylic'], ['A036', 'Light Blue-Grey', '#859899', 'Matt', 'Acrylic'], ['A037', 'Light Ghost Grey (FS36375)', '#9fa6af', 'Matt', 'Acrylic'], ['A038', 'Light Blue (RLM76)', '#97a5a4', 'Matt', 'Acrylic'], ['A039', 'Camouflage Grey (FS36622)', '#ceccbc', 'Matt', 'Acrylic'], ['A040', 'Black-Grey (RLM 66)', '#222127', 'Matt', 'Acrylic'], ['A041', 'Night Black (FS37038, ANA 631)', '#2a2628', 'Matt', 'Acrylic'], ['A042', 'P.R. Blue', '#365572', 'Matt', 'Acrylic'], ['A043', 'Insignia White (FS37875, ANA 601)', '#fffce8', 'Matt', 'Acrylic'], ['A045', 'Air Defence Grey (FS16473, ANA 512)', '#9faaa8', 'Gloss', 'Acrylic'], ['A046', 'Medium Grey (FS35237)', '#76848d', 'Matt', 'Acrylic'], ['A047', 'Soviet Cockpit Blue-Green', '#55bbae', 'Matt', 'Acrylic'], ['A048', 'Light Gull Grey (FS36440, ANA 620)', '#b1b3a3', 'Matt', 'Acrylic'], ['A049', 'Insignia White (FS17875, ANA 511)', '#f6f9ed', 'Gloss', 'Acrylic'], ['A050', 'Light Grey (FS36495)', '#cfd5d2', 'Matt', 'Acrylic'], ['A051', 'Camotint Green', '#adc08e', 'Matt', 'Acrylic'], ['A052', 'Green Drab (FS34086)', '#434130', 'Matt', 'Acrylic'], ['A053', 'Olive-Green (RLM 80)', '#3e4436', 'Matt', 'Acrylic'], ['A054', 'Grey (FS36270)', '#7f838a', 'Matt', 'Acrylic'], ['A055', 'Royal Blue', '#212138', 'Matt', 'Acrylic'], ['A056', 'European I Green (FS34092, ANA 612)', '#2f4435', 'Matt', 'Acrylic'], ['A057', 'Beige', '#d6ceba', 'Matt', 'Acrylic'], ['A058', 'Have Glass Grey (FS36170)', '#746f6d', 'Matt', 'Acrylic'], ['A059', 'USMC Field Green (FS34095, ANA 627, RAL 6003)', '#3c4a31', 'Matt', 'Acrylic'], ['A060', 'USMC Sand', '#ecdba7', 'Matt', 'Acrylic'], ['A061', 'Seaplane Grey (FS26081, ANA 625)', '#494e4e', 'Satin', 'Acrylic'], ['A062', 'International Orange (FS12197, ANA 508)', '#c73418', 'Gloss', 'Acrylic'], ['A063', 'Vert Fonc├⌐', '#45644b', 'Matt', 'Acrylic'], ['A064', 'Khaki Green No. 3 (G3)', '#606343', 'Matt', 'Acrylic'], ['A065', 'US Army Olive Drab', '#52493e', 'Matt', 'Acrylic'], ['A066', 'Insignia Yellow (FS13538, ANA 506)', '#eeb600', 'Gloss', 'Acrylic'], ['A067', 'US Army Helicopter Drab (FS34031)', '#453d38', 'Matt', 'Acrylic'], ['A068', 'US Army Desert Sand (FS30279, ANA 616)', '#ad9076', 'Matt', 'Acrylic'], ['A069', 'Woodland Desert Sage (FS34201)', '#817856', 'Matt', 'Acrylic'], ['A070', 'AMT-12 Dark Grey', '#44474c', 'Matt', 'Acrylic'], ['A071', 'AMT-11 Blue Grey', '#76848c', 'Matt', 'Acrylic'], ['A072', 'AMT-7 Greyish Blue', '#7ba9b6', 'Matt', 'Acrylic'], ['A073', 'AMT-4 Camouflage Green', '#505635', 'Matt', 'Acrylic'], ['A074', 'A-21m Light Greyish Brown', '#a6a38b', 'Matt', 'Acrylic'], ['A075', 'Dark Green No. 4 (G4)', '#4d4d3e', 'Matt', 'Acrylic'], ['A076', 'S.C.C. No. 2 Khaki Brown', '#794f35', 'Matt', 'Acrylic'], ['A077', 'S.C.C. No. 1A Dark Brown', '#402d27', 'Matt', 'Acrylic'], ['A078', 'Aluminum', '#bec2c4', 'Metallic', 'Acrylic'], ['A079', 'Brun Fonc├⌐', '#50382a', 'Matt', 'Acrylic'], ['A080', 'Vert', '#497e4b', 'Matt', 'Acrylic'], ['A081', 'Terre de Sienne', '#7d5840', 'Matt', 'Acrylic'], ['A082', 'Gris Bleu Fonc├⌐', '#8c969e', 'Matt', 'Acrylic'], ['A083', 'Gris Blue Clair', '#a4bec4', 'Matt', 'Acrylic'], ['A084', 'Kaki Fran├ºais', '#817856', 'Matt', 'Acrylic'], ['A085', 'Polish AFV Khaki Green', '#54562c', 'Matt', 'Acrylic'], ['A086', 'Polish AFV Greyish Sand', '#bba66f', 'Matt', 'Acrylic'], ['A087', 'Polish AFV Dark Brown', '#50382a', 'Matt', 'Acrylic'], ['A088', 'Polish AFV Green', '#6e816e', 'Matt', 'Acrylic'], ['A089', 'German Camouflage Grey (RAL 7050 F9)', '#797264', 'Matt', 'Acrylic'], ['A090', 'Sand (FS33531)', '#d4ba9f', 'Matt', 'Acrylic'], ['A091', 'Pale green (FS34227)', '#6b8c60', 'Matt', 'Acrylic'], ['A092', 'Duck Egg Blue (FS35622)', '#d4e0d4', 'Matt', 'Acrylic'], ['A093', 'Green (FS34258)', '#768343', 'Matt', 'Acrylic'], ['A094', 'Vert Olive', '#7e784c', 'Matt', 'Acrylic'], ['A095', 'Gris Bleu Clair', '#b8d2ee', 'Matt', 'Acrylic'], ['A096', 'Gris Clair Neutre', '#dfe1e3', 'Matt', 'Acrylic'], ['A097', 'Jaune dΓÇÖocre', '#e4b364', 'Matt', 'Acrylic'], ['A098', 'Terre dΓÇÖombre', '#773e31', 'Matt', 'Acrylic'], ['A099', 'Gris Vert', '#54574c', 'Matt', 'Acrylic'], ['A100', 'Jet Black (RAL 9005)', '#181613', 'Matt', 'Acrylic'], ['A101', 'Traffic White (RAL 9016)', '#fbfcfc', 'Matt', 'Acrylic'], ['A102', 'Signal Blue (RAL 5005)', '#21376c', 'Matt', 'Acrylic'], ['A103', 'Traffic Red (RAL 3020)', '#b71c1a', 'Matt', 'Acrylic'], ['A104', 'Traffic Yellow (RAL 1023)', '#fbd300', 'Matt', 'Acrylic'], ['A105', 'Luminous Yellow (RAL 1026)', '#efe519', 'Fluo', 'Acrylic'], ['A106', 'Gunmetal', '#2b3539', 'Matt', 'Acrylic'], ['A107', 'Signal Yellow (RAL 1003)', '#f2b900', 'Matt', 'Acrylic'], ['A110', 'S.C.C. No. 15 Olive Drab', '#514936', 'Matt', 'Acrylic'], ['A111', 'Warsaw Pact Green Base', '#3f4539', 'Matt', 'Acrylic'], ['A112', 'Warsaw Pact Green Shadow', '#525744', 'Matt', 'Acrylic'], ['A113', 'Warsaw Pact Yellow Green', '#5e6441', 'Matt', 'Acrylic'], ['A114', 'Warsaw Pact Torrid Green', '#797f52', 'Matt', 'Acrylic'], ['A115', 'Warsaw Pact Bright Green', '#6b7648', 'Matt', 'Acrylic'], ['A116', 'Warsaw Pact Fresh Green', '#526c39', 'Matt', 'Acrylic'], ['A117', 'Braun', '#603a2c', 'Matt', 'Acrylic'], ['A118', 'Gelb/Beige', '#c9a566', 'Matt', 'Acrylic'], ['A119', 'Khaki/Grun', '#635e2e', 'Matt', 'Acrylic'], ['A120', 'Grau', '#d8d4c8', 'Matt', 'Acrylic'], ['A121', 'Sand Yellow', '#fbebb7', 'Matt', 'Acrylic'], ['A122', 'Vert IR OTAN (0211)', '#696650', 'Matt', 'Acrylic'], ['A123', 'Brun Terre IR', '#7c633d', 'Matt', 'Acrylic'], ['A124', 'Vert Fonc├⌐ IR', '#29612b', 'Matt', 'Acrylic'], ['A125', 'NATO Black (FS37030, AN44)', '#2b2729', 'Matt', 'Acrylic'], ['A126', 'Sable Des├⌐rt IR', '#ceac60', 'Matt', 'Acrylic'], ['A127', 'AE-9 Light grey', '#e0e1e7', 'Matt', 'Acrylic'], ['A128', 'A II Green (protective)', '#3c3c1f', 'Matt', 'Acrylic'], ['A129', 'A II Light Blue', '#83a6ac', 'Matt', 'Acrylic'], ['A130', 'Mahogany Brown (RAL 8016)', '#533022', 'Matt', 'Acrylic'], ['A131', 'Brown Red (RAL 3011)', '#7d2421', 'Matt', 'Acrylic'], ['A132', 'Flame Red (RAL 3000)', '#a72317', 'Matt', 'Acrylic'], ['A133', 'Signal Orange (RAL 2010)', '#cf5719', 'Matt', 'Acrylic'], ['A134', 'Maize Yellow (RAL 1006)', '#dd9307', 'Matt', 'Acrylic'], ['A135', 'Yellow (light) rust', '#f3ac00', 'Matt', 'Acrylic'], ['A136', 'Pucara Pale Green', '#adc08d', 'Matt', 'Acrylic'], ['A137', 'Pucara Light Tan', '#c4a690', 'Matt', 'Acrylic'], ['A138', 'Pucara Medium Blue', '#73c4d7', 'Matt', 'Acrylic'], ['A139', 'Semi-matt Aluminium', '#bdc2c3', 'Matt', 'Acrylic'], ['A140', 'BS Extra Dark Sea Grey (BS381C:640)', '#52565b', 'Matt', 'Acrylic'], ['A141', 'BS Medium Sea Grey (BSC381C:637)', '#929698', 'Matt', 'Acrylic'], ['A142', 'Camouflage (Barley) Grey (BS381C:626)', '#9fa3a3', 'Matt', 'Acrylic'], ['A143', 'BS Dark Green (BS381C:641)', '#524d38', 'Matt', 'Acrylic'], ['A144', 'BS Dark Sea Grey (BS381C:638)', '#6e6e75', 'Matt', 'Acrylic'], ['A145', 'RAF Blue-Grey (BS381C:633)', '#373e43', 'Matt', 'Acrylic'], ['A146', 'BS Olive Drab (BS381C:298)', '#5a5443', 'Matt', 'Acrylic'], ['A147', 'Chocolate Brown (RAL 8017)', '#422f28', 'Matt', 'Acrylic'], ['A148', 'Vermilion (RAL 2002)', '#be3119', 'Matt', 'Acrylic'], ['A149', 'Concrete Grey (RAL 7023)', '#838277', 'Matt', 'Acrylic'], ['A150', 'Blue-Green (FS35414)', '#85a7a3', 'Matt', 'Acrylic'], ['A151', 'Grey Olive (RAL 6006)', '#596346', 'Matt', 'Acrylic'], ['A152', 'NATO Green (FS34094)', '#49543e', 'Matt', 'Acrylic'], ['A153', 'Mk-7 Temporary White', '#fdfefd', 'Matt', 'Acrylic'], ['A154', 'White Grey (FS36628)', '#d9dcd4', 'Matt', 'Acrylic'], ['A155', 'Air Superiority Blue (FS35450)', '#98b5d3', 'Matt', 'Acrylic'], ['A156', 'Aggressor Blue (FS35109)', '#375572', 'Matt', 'Acrylic'], ['A157', 'Aggressor Grey (FS36251)', '#7c827d', 'Matt', 'Acrylic'], ['A158', 'Mod Eagle Grey (FS36176)', '#646d79', 'Matt', 'Acrylic'], ['A159', 'Camouflage Black (FS37030)', '#2a2628', 'Matt', 'Acrylic'], ['A160', 'Pale Brown (FS30140)', '#7d5840', 'Matt', 'Acrylic'], ['A161', 'Polizei / SS Gr├╝n Base', '#296769', 'Matt', 'Acrylic'], ['A162', 'Polizei / SS Gr├╝n Shadow', '#3f8376', 'Matt', 'Acrylic'], ['A163', 'Polizei / SS Gr├╝n Flash', '#8ab4b3', 'Matt', 'Acrylic'], ['A164', 'Panzer Dunkelgrau Base', '#45474d', 'Matt', 'Acrylic'], ['A165', 'Panzer Dunkelgrau Shadow', '#b2babc', 'Matt', 'Acrylic'], ['A166', 'Panzer Dunkelgrau Flash', '#4a4434', 'Matt', 'Acrylic'], ['A167', 'Light Grey (RLM 63)', '#a3a0ac', 'Matt', 'Acrylic'], ['A168', 'Dark Brown (RLM 61)', '#413730', 'Matt', 'Acrylic'], ['A169', 'Green (RLM 62)', '#494631', 'Matt', 'Acrylic'], ['A170', 'Reed Green (RAL 6013)', '#837a58', 'Matt', 'Acrylic'], ['A171', 'Grey-Blue (RAL 5008)', '#343c45', 'Matt', 'Acrylic'], ['A172', 'Medium Brown (FS30215)', '#89623a', 'Matt', 'Acrylic'], ['A173', 'Silk Grey (RAL 7044)', '#bebaae', 'Matt', 'Acrylic'], ['A174', 'Brown Primer Shadow', '#524538', 'Matt', 'Acrylic'], ['A175', 'Red Dope (Red Primer)', '#933d3e', 'Matt', 'Acrylic'], ['A176', 'Red Primer Base', '#846b4d', 'Matt', 'Acrylic'], ['A177', 'Red Primer Torrid', '#9d8046', 'Matt', 'Acrylic'], ['A178', '1945 Dunkelgelb Base', '#5c583f', 'Matt', 'Acrylic'], ['A179', '1945 Dunkelgelb Flash', '#e6d4a2', 'Matt', 'Acrylic'], ['A180', '1945 Resedagr├╝n Base', '#404737', 'Matt', 'Acrylic'], ['A181', '1945 Resedagr├╝n Flash', '#809b70', 'Matt', 'Acrylic'], ['A182', '1945 Rotbraun Base', '#64332c', 'Matt', 'Acrylic'], ['A183', '1945 Rotbraun Flash', '#b44442', 'Matt', 'Acrylic'], ['A184', 'Interior Buff', '#e6e0d1', 'Matt', 'Acrylic'], ['A185', 'Gearbox Green', '#557f33', 'Matt', 'Acrylic'], ['A186', 'Leather Brown', '#6d3e24', 'Matt', 'Acrylic'], ['A187', 'Tan (FS20400)', '#ca9f5e', 'Matt', 'Acrylic'], ['A188', 'NATO Brown (FS30051, AN33)', '#624d41', 'Matt', 'Acrylic'], ['A189', 'Silver grey (RAL 7001)', '#9ca1a7', 'Matt', 'Acrylic'], ['A190', 'White Aluminium (RAL 9006)', '#a3a1a1', 'Matt', 'Acrylic'], ['A191', 'Light Grey (RAL 7035)', '#d1d1ce', 'Matt', 'Acrylic'], ['A192', 'Basalt Grey (RAL 7012)', '#5f6161', 'Matt', 'Acrylic'], ['A193', 'Yellow Olive (RAL 6014)', '#4e4536', 'Matt', 'Acrylic'], ['A194', 'Luminous Orange (RAL 2005)', '#ea5420', 'Fluo', 'Acrylic'], ['A195', 'WW2 Hungarian Brown Base', '#5f4431', 'Matt', 'Acrylic'], ['A196', 'WW2 Hungarian Green Base', '#486747', 'Matt', 'Acrylic'], ['A197', 'WW2 Hungarian Sand Base', '#e2bf7d', 'Matt', 'Acrylic'], ['A198', 'WW2 Hungarian Brown Flash', '#6a5129', 'Matt', 'Acrylic'], ['A199', 'WW2 Hungarian Green Flash', '#5c8c52', 'Matt', 'Acrylic'], ['A200', 'WW2 Hungarian Sand Flash', '#efddb9', 'Matt', 'Acrylic'], ['A201', 'Voodoo Grey (FS16515, ANA 512)', '#c1c3c1', 'Matt', 'Acrylic'], ['A202', 'BS Dark Slate Grey (BS381C:634)', '#6a6753', 'Matt', 'Acrylic'], ['A203', 'Sky Grey (FS35463)', '#bcbdbe', 'Matt', 'Acrylic'], ['A204', 'BS Deep Buff (BS381C:360)', '#b88042', 'Matt', 'Acrylic'], ['A205', 'BS Light Admiralty Grey (BS381C:697)', '#b4c3c0', 'Matt', 'Acrylic'], ['A206', 'BS Dark Earth (BS381C:450)', '#7d6344', 'Matt', 'Acrylic'], ['A207', 'BS PRU Blue (BS381C:636)', '#5c737d', 'Matt', 'Acrylic'], ['A208', 'Desert Beige (RAL 1001)', '#cdb083', 'Matt', 'Acrylic'], ['A209', 'Field Drab (FS30118, ANA 617)', '#6b5834', 'Matt', 'Acrylic'], ['A210', 'Sand Brown (FS30277)', '#9d8e69', 'Matt', 'Acrylic'], ['A211', 'Interior Green (FS34151, ANA 611)', '#576525', 'Matt', 'Acrylic'], ['A212', 'Earth Yellow (FS30257)', '#b68d4b', 'Matt', 'Acrylic'], ['A213', 'Earth Red (FS30117)', '#78553f', 'Matt', 'Acrylic'], ['A214', 'BS Dark Camouflage Grey (BS381C:629)', '#7a7d83', 'Matt', 'Acrylic'], ['A215', 'BS NATO (IRR) Green (BS381C:285)', '#5f5a4a', 'Matt', 'Acrylic'], ['A216', 'BS Lichen Green (BS4800/12B.25)', '#716e59', 'Matt', 'Acrylic'], ['A217', 'BS Light Aircraft Grey (BS381C:627)', '#bab8b0', 'Matt', 'Acrylic'], ['A218', 'Blue Grey (FS35189)', '#6f818a', 'Matt', 'Acrylic'], ['A219', 'Insignia Red (FS11136, ANA 509)', '#921b15', 'Matt', 'Acrylic'], ['A220', 'True Blue (FS15102, ANA 501)', '#174278', 'Matt', 'Acrylic'], ['A221', 'Willow Green (FS14187, ANA 503)', '#357530', 'Matt', 'Acrylic'], ['A222', 'Lemon Yellow (FS13655, ANA 505)', '#f1c900', 'Gloss', 'Acrylic'], ['A223', 'Pigeon Blue (RAL 5014)', '#6d7e9a', 'Matt', 'Acrylic'], ['A224', 'Black Grey (RAL 7021)', '#383836', 'Matt', 'Acrylic'], ['A225', 'Green Grey (RAL 7009)', '#646359', 'Matt', 'Acrylic'], ['A226', 'Black Green (RAL 6012)', '#37413c', 'Matt', 'Acrylic'], ['A227', 'Dark Green-Blue', '#007890', 'Matt', 'Acrylic'], ['A228', 'Medium Green-Blue', '#19a7c1', 'Matt', 'Acrylic'], ['A229', 'Light Green-Blue', '#7ccdea', 'Matt', 'Acrylic'], ['A230', 'Dark grey (FS36076)', '#585963', 'Matt', 'Acrylic'], ['A231', 'Fog Grey (FS36293)', '#989a9a', 'Matt', 'Acrylic'], ['A232', 'Extra Dark Green (FS34064)', '#59564a', 'Matt', 'Acrylic'], ['A233', 'Stone Grey (RAL 7030)', '#9e998f', 'Matt', 'Acrylic'], ['A234', 'Sky Grey-Green (FS34424, ANA 610)', '#abb498', 'Matt', 'Acrylic'], ['A235', 'Dark Blue-Grey (FS36099)', '#484e56', 'Matt', 'Acrylic'], ['A236', 'BS Olive Green (BS381C:220)', '#5c6042', 'Matt', 'Acrylic'], ['A237', 'BS Light Stone (BS381C:361)', '#cbaa79', 'Matt', 'Acrylic'], ['A238', 'Desert Tan (FS33446)', '#bcaa7d', 'Matt', 'Acrylic'], ['A239', 'Seafoam Green (FS24533)', '#b3c492', 'Matt', 'Acrylic'], ['A240', 'IJA Khaki (Khaki-iro)', '#ab8435', 'Matt', 'Acrylic'], ['A241', 'IJA Tea Brown (Cha-iro)', '#7a532d', 'Matt', 'Acrylic'], ['A242', 'IJA Olive Green (Midori-iro)', '#394c22', 'Matt', 'Acrylic'], ['A243', 'IJA Parched Grass (Karekusa-iro)', '#a19345', 'Matt', 'Acrylic'], ['A244', 'Dunkelgelb (RAL 840R- 7028)', '#a79879', 'Matt', 'Acrylic'], ['A245', 'Kentt├ñvihre├ñ (TM1474/76)', '#49543e', 'Matt', 'Acrylic'], ['A246', 'Dark Moss Green (FS14077, AN11)', '#3a4437', 'Gloss', 'Acrylic'], ['A247', 'Vaaleanvihre├ñ (AN22)', '#4d5538', 'Matt', 'Acrylic'], ['A248', 'Quartz grey (RAL 7039)', '#787065', 'Matt', 'Acrylic'], ['A249', 'Dusty Grey (RAL 7037)', '#888683', 'Matt', 'Acrylic'], ['A250', 'Dunkelgelb (RAL 840R-7028 Ausgabe 1944)', '#a79548', 'Matt', 'Acrylic'], ['A251', '4BO Protective Green', '#4f512a', 'Matt', 'Acrylic'], ['A252', 'Military Dark Earth', '#876b54', 'Matt', 'Acrylic'], ['A253', 'MRG Stone', '#c6b587', 'Matt', 'Acrylic'], ['A254', 'Buffalo Green', '#5e583f', 'Matt', 'Acrylic'], ['A255', 'Bright Blue (FS25183)', '#2866a4', 'Satin', 'Acrylic'], ['A256', 'Earth Brown (FS30099)', '#665241', 'Matt', 'Acrylic'], ['A257', 'Uniform Brown (FS30145)', '#7c633d', 'Matt', 'Acrylic'], ['A258', 'Stone Yellow (FS33448)', '#bca770', 'Matt', 'Acrylic'], ['A259', 'Yellow Ochre (FS33434)', '#cba21c', 'Matt', 'Acrylic'], ['A260', 'Greyish Green (FS24112)', '#5b665a', 'Matt', 'Acrylic'], ['A261', 'Greyish Sand (FS20227)', '#a28977', 'Matt', 'Acrylic'], ['A262', 'BS Camouflage Beige "Hemp" (BS381C:389)', '#cec0a1', 'Matt', 'Acrylic'], ['A263', 'Atlantic Grey (FS36187)', '#6c7775', 'Matt', 'Acrylic'], ['A264', 'Pearl Grey (FS36493)', '#bac1b8', 'Matt', 'Acrylic'], ['A265', 'Neutral Grey (FS36173)', '#6a717b', 'Matt', 'Acrylic'], ['A266', 'Bulkhead Grey (FS36307)', '#96998d', 'Matt', 'Acrylic'], ['A267', 'Cloud Grey (FS36280)', '#8b8b88', 'Matt', 'Acrylic'], ['A268', 'Luminous Red (RAL 3024)', '#e52824', 'Fluo', 'Acrylic'], ['A269', 'Sulphur Yellow (RAL 1016)', '#ecde17', 'Matt', 'Acrylic'], ['A270', 'Pearl Opal green (RAL 6036)', '#0c5849', 'Matt', 'Acrylic'], ['A271', 'BS Deep Bronze green (BS381C:224)', '#4d4e40', 'Matt', 'Acrylic'], ['A272', 'Ultramarine Blue (RAL 5002)', '#223876', 'Matt', 'Acrylic'], ['A273', 'Graphite Grey (RAL 7024)', '#464950', 'Matt', 'Acrylic'], ['A274', 'Cobalt Blue (RAL 5013)', '#272f50', 'Matt', 'Acrylic'], ['A275', 'BS Golden Yellow (BS381C:356)', '#f1a800', 'Matt', 'Acrylic'], ['A276', 'BS Signal Red (BS381C:537)', '#ba362d', 'Matt', 'Acrylic'], ['A277', 'BS Roundel Blue (BS381C:110)', '#434670', 'Matt', 'Acrylic'], ['A278', 'Sand Beige (RAL 1039 F9)', '#af9b70', 'Matt', 'Acrylic'], ['A279', 'Grey Beige (RAL 1040 F9)', '#a1884b', 'Matt', 'Acrylic'], ['A280', 'Sand Brown (RAL 8031 F9)', '#937454', 'Matt', 'Acrylic'], ['A281', 'Light Olive (RAL 6040, F9)', '#666443', 'Matt', 'Acrylic'], ['A282', 'Dutch Demo Orange (light)', '#ed7e1e', 'Matt', 'Acrylic'], ['A283', 'Dark Grey-Blue', '#375572', 'Matt', 'Acrylic'], ['A284', 'UN Blue (FS35250)', '#58a3ce', 'Matt', 'Acrylic'], ['A285', 'Faded Blue-Grey (FS25530)', '#c1cbca', 'Satin', 'Acrylic'], ['A286', 'Danish Green (SK/80)', '#5c6437', 'Matt', 'Acrylic'], ['A287', 'Grey Beige (RAL 1019)', '#ab957c', 'Matt', 'Acrylic'], ['A288', 'Fawn Brown (RAL 8007)', '#764a29', 'Matt', 'Acrylic'], ['A289', 'Fir Green (RAL 6009)', '#303a2c', 'Matt', 'Acrylic'], ['A290', 'BS Lemon Yellow (BS381C:355)', '#edb500', 'Matt', 'Acrylic'], ['A291', 'BS Cherry Red (BS381C:538)', '#a23434', 'Matt', 'Acrylic'], ['A292', 'BS Oxford Blue (BS381C:105)', '#3f425a', 'Matt', 'Acrylic'], ['A293', 'Extra Light Blue (FS25550)', '#d1dee2', 'Satin', 'Acrylic'], ['A294', 'Mustard', '#786035', 'Matt', 'Acrylic'], ['A295', 'Medium Tan (FS33522)', '#ccb99c', 'Matt', 'Acrylic'], ['A296', 'Faded Eggplant Grey', '#8d919e', 'Matt', 'Acrylic'], ['A297', 'Erdgelb (RAL 840R-8002)', '#ba6f39', 'Matt', 'Acrylic'], ['A298', 'Grun (RAL 840R-6007)', '#464d32', 'Matt', 'Acrylic'], ['A299', 'Braun (RAL 840R-8010)', '#6c573f', 'Matt', 'Acrylic'], ['A300', 'Anthracite Grey (RAL 7016)', '#3f4144', 'Matt', 'Acrylic'], ['A301', 'Dark Olive Green (FS34096)', '#484d39', 'Matt', 'Acrylic'], ['A302', 'Gripen Grey (FS36373)', '#9ea2a3', 'Matt', 'Acrylic'], ['A303', 'Green Brown (RAL 8000)', '#8f6e38', 'Matt', 'Acrylic'], ['A304', 'Khaki Grey (RAL 7008)', '#7c633a', 'Matt', 'Acrylic'], ['A305', 'Afrika Braun (RAL 840R-8020)', '#bf9161', 'Matt', 'Acrylic'], ['A306', 'Afrika Grau (RAL 840R-7027)', '#b08c5d', 'Matt', 'Acrylic'], ['A307', 'Cream (RAL 9001)', '#ede7da', 'Matt', 'Acrylic'], ['A308', 'BS Middle Brown (BS381C:411)', '#7b553c', 'Matt', 'Acrylic'], ['A309', 'Grass Green (RAL 6010)', '#4b7031', 'Matt', 'Acrylic'], ['A310', 'Dunkelgelb nach Muster', '#c0a227', 'Matt', 'Acrylic'], ['A311', 'Green (RLM72)', '#333520', 'Matt', 'Acrylic'], ['A312', 'Green (RLM73)', '#192719', 'Matt', 'Acrylic'], ['A313', 'Grey-Green (RLM74)', '#404239', 'Matt', 'Acrylic'], ['A314', 'Light Blue (RLM78)', '#90a7a9', 'Matt', 'Acrylic'], ['A315', 'Forest Green (FS34127)', '#55572c', 'Matt', 'Acrylic'], ['A316', 'ZO Protective Green', '#715e3b', 'Matt', 'Acrylic'], ['A317', 'Dark Brown 6K', '#6f4534', 'Matt', 'Acrylic'], ['A318', 'Sand 7K', '#a57c39', 'Matt', 'Acrylic'], ['A319', 'Light Sea Blue (FS25200)', '#63b8d1', 'Matt', 'Acrylic'], ['A320', 'Medium sea Blue', '#3c9bc6', 'Matt', 'Acrylic'], ['A321', 'Extra Light sea Blue', '#cae4f4', 'Matt', 'Acrylic'], ['A322', 'RAF Anti-flash White', '#f7f7f1', 'Matt', 'Acrylic'], ['A323', 'Sand Grey (FS30372)', '#ae9e80', 'Matt', 'Acrylic'], ['A324', 'Swedish Dk Green (326M)', '#2b3829', 'Matt', 'Acrylic'], ['A325', 'Swedish Lt Green (322M)', '#4d6145', 'Matt', 'Acrylic'], ['A326', 'BS Mid Bronze Green (BS381C:223)', '#4e563c', 'Matt', 'Acrylic'], ['A327', 'Radome Green', '#205e20', 'Matt', 'Acrylic'], ['A328', 'Pale Blue', '#b6dae5', 'Matt', 'Acrylic'], ['A332', 'Turquoise Blue (RAL 5018)', '#1b8b8c', 'Matt', 'Acrylic'], ['A333', 'Dull Red (FS30109, ANA618)', '#804d44', 'Matt', 'Acrylic'], ['A334', 'Signal Grey (RAL 7004, FS26295)', '#9a9a9a', 'Matt', 'Acrylic'], ['A335', 'Mouse Grey (RAL 7005)', '#6b6d6a', 'Matt', 'Acrylic'], ['A338', 'Leaf Green (RAL 6002)', '#325928', 'Matt', 'Acrylic'], ['A501', '507A RN Dark Grey', '#434e59', 'Matt', 'Acrylic'], ['A502', '507B RN Medium Grey', '#727f8a', 'Matt', 'Acrylic'], ['A503', '507C RN Light Grey', '#c8cbd0', 'Matt', 'Acrylic'], ['A504', 'B5 RN Dark Blue-Grey', '#727f8a', 'Matt', 'Acrylic'], ['A505', 'B6 RN Medium Blue', '#a1bfd0', 'Matt', 'Acrylic'], ['A506', 'MS1 RN Blue-Black', '#27303b', 'Matt', 'Acrylic'], ['A507', 'MS2 RN Dark Grey', '#656668', 'Matt', 'Acrylic'], ['A508', 'MS3 RN Medium Green-Grey', '#9fb0ac', 'Matt', 'Acrylic'], ['A509', 'MS4 RN Light Grey (Warm)', '#b3b5a5', 'Matt', 'Acrylic'], ['A510', 'MS4A RN Light Grey-Green', '#b9c7ba', 'Matt', 'Acrylic'], ['A511', 'RN Western Approaches Blue', '#d1e2e5', 'Matt', 'Acrylic'], ['A512', 'RN Western Approaches Green', '#5cac87', 'Matt', 'Acrylic'], ['A513', 'G5 RN Extra Dark Grey', '#393a42', 'Matt', 'Acrylic'], ['A514', 'G10 RN Dark Grey', '#5c616a', 'Matt', 'Acrylic'], ['A515', 'G20 RN Medium Green-Grey', '#747358', 'Matt', 'Acrylic'], ['A516', 'G45 RN Light Grey (Warm)', '#bcb9a7', 'Matt', 'Acrylic'], ['A517', 'B15 RN Dark Grey-Blue', '#3b576a', 'Matt', 'Acrylic'], ['A518', 'B20 RN Medium Grey-Blue', '#586b70', 'Matt', 'Acrylic'], ['A519', 'B30 RN Medium Green-Blue', '#9d9e8e', 'Matt', 'Acrylic'], ['A520', 'B55 RN Light Green-Blue', '#c5bfb5', 'Matt', 'Acrylic'], ['A521', 'PB10 RN Deep Blue', '#1d335c', 'Matt', 'Acrylic'], ['A522', 'Semtex (early WW2)', '#eae7d4', 'Matt', 'Acrylic'], ['A523', 'Semtex (late WW2)', '#215636', 'Matt', 'Acrylic'], ['A524', 'Corticene', '#985d3c', 'Matt', 'Acrylic'], ['A525', 'RN Antifouling Red', '#a4403a', 'Matt', 'Acrylic'], ['A526', 'RN Light Mountbatten Pink', '#7b6263', 'Matt', 'Acrylic'], ['A527', 'RN Dark Mountbatten Pink', '#675558', 'Matt', 'Acrylic'], ['A528', 'RN White', '#fdfcf8', 'Matt', 'Acrylic'], ['A701', 'Blue Grey (RAL 7031)', '#5d686c', 'Matt', 'Acrylic'], ['A702', 'Yellow Green (RAL 6018)', '#5a9a39', 'Matt', 'Acrylic'], ['A703', 'Mint Green (RAL 6029)', '#00713d', 'Matt', 'Acrylic'], ['A704', 'Pure Orange (RAL 2004)', '#de5306', 'Matt', 'Acrylic'], ['A705', 'Bright Orange (RAL 2008)', '#e76b21', 'Matt', 'Acrylic'], ['A706', 'Pastel Green (RAL 6019)', '#b6ceac', 'Matt', 'Acrylic'], ['A707', 'Colza yellow (RAL 1021)', '#eeb700', 'Matt', 'Acrylic'], ['A708', 'Moss Green (RAL 6005)', '#104232', 'Matt', 'Acrylic'], ['A709', 'Light Green (RAL 6027)', '#80bab5', 'Matt', 'Acrylic'], ['A710', 'Gentian Blue ( RAL 5010)', '#004d7b', 'Matt', 'Acrylic'], ['A711', 'Dark Blue', '#003562', 'Matt', 'Acrylic'], ['A712', 'Bright Green', '#9bcd2a', 'Matt', 'Acrylic'], ['A713', 'Traffic Grey (RAL 7042)', '#8d9190', 'Matt', 'Acrylic'], ['A901', 'Mecha Black-Grey', '#242a20', 'Matt', 'Acrylic'], ['A902', 'Mecha Red Oxide', '#e52323', 'Matt', 'Acrylic'], ['A903', 'Mecha Metallic Blue', '#3e5eab', 'Matt', 'Acrylic'], ['A904', 'Mecha Grey Base', '#809a99', 'Matt', 'Acrylic'], ['A905', 'Mecha Grey Shadow', '#c4cdca', 'Matt', 'Acrylic'], ['A906', 'Mecha Green Base', '#296328', 'Matt', 'Acrylic'], ['A907', 'Mecha Green Flash', None, 'Matt', 'Acrylic'], ['XP01', 'Acrylic Thinner for Brush & Airbrush', None, 'Thinners', 'Acrylic'], ['HTK-AS111', 'Yak-38 Forger', None, None, None], ['HTK-AS01', 'Polish Air Force Paint Set', '#625335', None, None], ['HTK-AS02', 'Acrylic Early Luftwaffe Paint Set', '#819c9b', None, None], ['HTK-AS04', 'US Army Air Force paint set', '#69717b', None, None], ['HTK-AS05', 'Late US Navy Paint Set', '#292f39', None, None], ['HTK-AS06', 'Luftwaffe in Africa Paint Set', '#819c9b', None, None], ['HTK-AS08', 'RAF in Africa paint set', '#6882aa', None, None], ['HTK-AS11', 'Early WW2 Polish Army paint set', '#54562c', None, None], ['HTK-AS38', 'German AFV Winter Camo | 2 in 1', '#fdfefd', None, None], ['HTK-AS79', 'Air Ambulance (HEMS) paint vol. 2', '#eeb700', None, None], ['HTK-AS03', 'Late Luftwaffe Paint Set', '#222127', None, None], ['HTK-AS07', 'Hataka Royal Air Force Paint Set', '#615337', None, None], ['HTK-AS09', 'USAF  Vietnam War  Camouflage 1960s-70s', '#9faaa8', None, None], ['HTK-AS10', 'USAF Paint Set (European Camouflage)', '#515662', None, None], ['HTK-AS12', 'Israeli AF paint set (1970ΓÇÖs desert colours)', '#8d6f4b', None, None], ['HTK-AS16', 'Early WW2 French Air Force paint set', '#7d5840', None, None], ['HTK-AS17', 'Modern Polish Air Force Paint Set Vol. 1', '#7f838a', None, None], ['HTK-AS18', 'US Navy and USMC ΓÇ₧high-vizΓÇ¥ Paint Set', '#2a2628', None, None], ['HTK-AS19', 'US Army Helicopters Paint Set', '#2a2628', None, None], ['HTK-AS20', 'Late WW2 Soviet Air Force Paint Set', '#2a2628', None, None], ['HTK-AS22', 'British AFV paint set (WW2 European colours)', '#2a2628', None, None], ['HTK-AS23', 'RAF Photo Reconnaissance Units paint set', '#6e816f', None, None], ['HTK-AS24', 'Warsaw Pact AFV | panel lighting set', '#6b7648', None, None], ['HTK-AS25', 'Modern French Army paint set', '#29612b', None, None], ['HTK-AS26', 'Corrosion & rust | weathering effects set', '#a72317', None, None], ['HTK-AS30', 'USAF Aggressor Squadron paint set vol. 2', '#7f838a', None, None], ['HTK-AS31', 'Early WW2 German AFV | panel lighting set', '#45474d', None, None], ['HTK-AS32', 'Luftwaffe ΓÇ₧Legion CondorΓÇ¥ paint set', '#819c9b', None, None], ['HTK-AS34', 'Israeli Air Force paint set (early period)', '#bec2c4', None, None], ['HTK-AS35', 'German ΓÇ₧Red PrimerΓÇ¥ AFV | panel lighting set', '#fbfcfc', None, None], ['HTK-AS36', '1945 WW2 German AFV | panel lighting set', '#5c583f', None, None], ['HTK-AS37', 'WW2 AFV Interior Colours paint set', '#bec2c4', None, None], ['HTK-AS39', 'WW2 Hungarian AFV - Panel Lighting Set', '#486747', None, None], ['HTK-AS40', 'Polish Railways locomotives paint set vol. 1', '#181613', None, None], ['HTK-AS42', 'Polish Railways locomotives paint set vol. 2', '#f2b900', None, None], ['HTK-AS04.2', 'US Army Air Force paint set', '#69717b', None, None], ['HTK-AS43', 'Ultimate USAF F-15 paint set (all variants)', '#515662', None, None], ['HTK-AS45', 'Brick buildings & ruins | diorama paint set', '#7d2421', None, None], ['HTK-AS46', 'Polish Navy / Air Force TS-11 paint set', '#9fa6af', None, None], ['HTK-AS46', 'Polish Navy / Air Force TS-11 Paint Set', '#9fa6af', None, None], ['HTK-AS47', 'Polish Air Force Su-22M4 paint set', '#bec2c4', None, None], ['HTK-AS49', 'RAF Coastal Command & RN FAA Paint Set', '#6e816f', None, None], ['HTK-AS50', 'South African Air Force paint set vol. 1', '#6e6e75', None, None], ['HTK-AS05.2', 'Late US Navy paint set', '#596a76', None, None], ['HTK-AS53', 'Early US Navy & USMC paint set', '#bec2c4', None, None], ['HTK-AS54', 'Early USN & USMC Section Colours paint set', '#2a2628', None, None], ['HTK-AS57', 'Polish Railways locomotives paint set vol. 3', '#181613', None, None], ['HTK-AS58', 'Ultimate Su-34 ΓÇ₧FullbackΓÇ¥ paint set', '#fbfcfc', None, None], ['HTK-AS61', 'Modern Luftwaffe paint set vol.3', '#9fa6af', None, None], ['HTK-AS06.2', 'Lufwaffe in Africa paint set', '#bca66f', None, None], ['HTK-AS65', 'Modern Finnish Army AFV Paint Set', '#624d41', None, None], ['HTK-AS74', 'Modern Brazilian AF paint set vol.1', '#9faaa8', None, None], ['HTK-AS78', 'Modern Brazilian AF paint set vol.2', '#596a76', None, None], ['HTK-AS83', 'Ultimate Su-33 "Flanker-DΓÇ¥ paint set', '#fbfcfc', None, None], ['HTK-AS84', 'Modern Danish Army AFV Paint Set', '#49543e', None, None], ['HTK-AS85', 'Modern Royal Air Force Paint set vol. 4', '#fbfcfc', None, None], ['HTK-AS89', 'Modern Czech AF paint set vol.1', '#7f838a', None, None], ['HTK-AS90', 'German AFV in Africa paint set', '#8f6e38', None, None], ['HTK-AS91', 'Modern Romanian AF paint set vol. 1', '#7f838a', None, None], ['HTK-AS93', 'Modern North Korean AF paint set', '#b1b3a3', None, None], ['HTK-AS93D', 'Modern North Korean AF paint set (Lim.Ed. with 1/72 decals)', '#b1b3a3', None, None], ['HTK-AS94', 'Late WW2 German AFV paint set', '#fdfefd', None, None], ['HTK-AS95', 'WW2 Soviet AFV paint set', '#fdfefd', None, None], ['HTK-AS103', 'WW2 italian Air Force paint set vol.1', '#606163', None, None], ['HTK-AS104', 'Early SU-27s/P/UB "Flanker-B/C"', '#97a5a4', None, None], ['HTK-AS105', 'MiG-29A/UB ΓÇ₧Fulcrum-A/BΓÇ¥ 4-colour scheme paint set', '#464937', None, None], ['HTK-AS106', 'WW2 Italian AFV paint set', '#a5833c', None, None], ['HTK-AS107', 'WW2 DUTCH AF PAINT SET VOL. 1', '#a6a38b', None, None], ['HTK-AS109', 'Ukrainian AF paint set vol. 2 (Grey Pixel)', '#b1b3a3', None, None], ['HTK-AS112', 'Modern Ukrainian Army AFV Paint Set', '#464937', None, None], ['HTK-AS113', 'Modern RN Fleet Air Arm paint set vol. 1', '#cadcaa', None, None], ['HTK-AS14', 'US Marine Corps Helicopters', '#9fa6af', None, None], ['HTK-AS15', 'Swiss Air Force Paint Set (WW2 period)', '#819c9b', None, None], ['HTK-AS21', 'Early WW2 French Army paint set', '#d6ceba', None, None], ['HTK-AS27', 'Falklands Conflict paint set vol. 1', '#464937', None, None], ['HTK-AS28', 'Falklands Conflict paint set vol. 2', '#52565b', None, None], ['HTK-AS29', 'USAF Aggressor Squadron paint set vol. 1', '#787b81', None, None], ['HTK-AS33', 'Early WW2 Soviet Air Force paint set', '#2a2628', None, None], ['HTK-AS41', 'Combat Mechas & Robots paint set', '#fbd300', None, None], ['HTK-AS41', 'Combat Mechas & Robots paint set', '#fbd300', None, None], ['HTK-AS44', "USAF, USN & USMC (Modern Greys 1970's to current)", '#787b81', None, None], ['HTK-AS48', 'Modern Luftwaffe paint set vol.1', '#bec2c4', None, None], ['HTK-AS51', 'US Army paint set (MERDC camouflage)', '#464937', None, None], ['HTK-AS52', 'Modern Royal Air Force Paint Set Vol. 1', '#929698', None, None], ['HTK-AS55', 'Modern Luftwaffe paint set vol. 2', '#464937', None, None], ['HTK-AS56', 'Modern Portugese AF paint set Vol.1', '#9faaa8', None, None], ['HTK-AS59', 'Modern Belgian AF paint set vol. 1', '#8d6f4b', None, None], ['HTK-AS60', 'Modern Portugese AF paint set Vol.2', '#7f838a', None, None], ['HTK-AS62', 'Israeli Air Force Paint Set (Modern Jets)', '#9fa6af', None, None], ['HTK-AS63', 'USMC AV-8 paint set (early schemes)', '#515662', None, None], ['HTK-AS64', 'Modern Belgian AF paint set vol. 2', '#7f838a', None, None], ['HTK-AS66', 'Modern Luftwaffe paint set vol.4', '#181613', None, None], ['HTK-AS67', 'Modern US Army and USMC AFV Paint Set', '#464937', None, None], ['HTK-AS68', 'Modern Hellenic AF paint set Vol.1', '#464937', None, None], ['HTK-AS69', 'WW2 Imperial Japanese Army AFV Paint Set', '#413730', None, None], ['HTK-AS70', 'Modern Royal Air Force Paint Set Vol.3', '#b2babd', None, None], ['HTK-AS71', 'Israeli Air Force paint set (modern rotors)', '#8d6f4b', None, None], ['HTK-AS72', 'Modern Polish Army AFV Paint Set', '#d4ba9f', None, None], ['HTK-AS73', 'Modern Royal Air Force paint set vol. 2', '#b2babd', None, None], ['HTK-AS75', 'Modern Hellenic AF paint set Vol.2', '#596a76', None, None], ['HTK-AS76', 'Air Ambulance (HEMS) paint vol. 1', '#fbfcfc', None, None], ['HTK-AS77', 'Modern British Army & RAF AFV Paint Set', '#fdfefd', None, None], ['HTK-AS80', 'Royal Netherlands AF Paint Set Vol.1', '#515662', None, None], ['HTK-AS81', 'Modern German Army AFV paint set', '#49543e', None, None], ['HTK-AS82', 'Royal Netherlands AF Paint Set Vol.2', '#7f838a', None, None], ['HTK-AS86', 'Russian AF Helicopters paint set vol. 1', '#98b5d3', None, None], ['HTK-AS87', 'British AAC Helicopter', '#929698', None, None], ['HTK-AS88', 'Early WW2 German AFV paint set', '#fdfefd', None, None], ['HTK-AS92', 'South African Army paint set', '#cbaa79', None, None], ['HTK-AS96', 'Ukrainian AF paint set vol. 1 (Blue Pixel)', '#b71c1a', None, None], ['HTK-AS97', 'Modern Royal Air Force paint set vol. 5', '#b2babd', None, None], ['HTK-AS98', 'British SAR Service paint set vol.1', '#929698', None, None], ['HTK-AS99', 'US Army paint set (MASSTER & DUALTEX)', '#464937', None, None], ['HTK-AS100', 'Scale modelling basic colours set', '#b2babd', None, None], ['HTK-AS101', 'Modern Swedish AF paint set vol.1', '#819c9b', None, None], ['HTK-AS102', 'RAF Bomber Command paint set', '#615337', None, None], ['HTK-AS108', 'Modern Australian Army AFV paint set', '#2a2628', None, None], ['HTK-AS110', 'Mid-War Luftwaffe Paint Set (Red Line)', '#819c9b', None, None]], 'Heller Acrylic': [['002', 'Vert emeraude brilliant (Gloss Emerald)', '#4a5d2c', 'Gloss', 'Acrylic'], ['003', 'Vert Brunswick brilliant (Gloss Brunswick Green)', '#1f5631', 'Gloss', 'Acrylic'], ['005', 'Gris fonce brilliant (Gloss Dark Admiralty)', '#686e76', 'Gloss', 'Acrylic'], ['009', 'Marron clair brilliant (Gloss Tan)', '#a06e44', 'Matt', 'Acrylic'], ['010', 'Marron armee brilliant (Gloss Service Brown)', '#6c5447', 'Gloss', 'Acrylic'], ['011', 'Argent (Silver)', '#acadb0', 'Metallic', 'Acrylic'], ['012', 'Cuivre Jaune (Copper)', '#865336', 'Metallic', 'Acrylic'], ['14', 'Bleu de France (ROI) brilliant (Gloss French Blue)', '#0f7bb3', 'Gloss', 'Acrylic'], ['15', 'Bleu brilliant (Gloss Midnight Blue)', '#1d3263', 'Gloss', 'Acrylic'], ['016', 'Or (Gold)', '#d4af37', 'Metallic', 'Acrylic'], ['18', 'Orange (Gloss Orange)', '#df603a', 'Gloss', 'Acrylic'], ['019', 'Rouge vif brilliant (Gloss Bright Red)', '#cb3539', 'Gloss', 'Acrylic'], ['020', 'Bordeaux brilliant (Gloss Crimson)', '#910029', 'Gloss', 'Acrylic'], ['021', 'Noir brilliant (Gloss Black)', '#231f20', 'Gloss', 'Acrylic'], ['022', 'Blanc brilliant (Gloss White)', '#f3efee', 'Gloss', 'Acrylic'], ['24', 'Jaune entrainement mat (Matt Trainer Yellow)', '#fecc14', 'Matt', 'Acrylic'], ['024', 'Jaune Entrainement Mat', '#edd064', 'Matt', 'Acrylic'], ['25', 'Bleu mat (Matt Blue)', '#334685', 'Matt', 'Acrylic'], ['027', 'Gris mer mat (Matt Sea Grey)', '#a4a895', 'Matt', 'Acrylic'], ['29', 'Terre foncee mate (Matt Dark Earth)', '#ab8957', 'Matt', 'Acrylic'], ['030', 'Vert fonce mat (Matt Dark Green)', '#505d2a', 'Matt', 'Acrylic'], ['033', 'Noir mat (Matt Black)', '#333231', 'Matt', 'Acrylic'], ['034', 'Blanc mat (Matt White)', '#ffffff', 'Matt', 'Acrylic'], ['35', 'Vernis brilliant (Gloss Varnish)', '#ffffff', 'Varnish', 'Acrylic'], ['40', 'Gris pale brilliant (Gloss Pale Grey)', '#9fa0a4', 'Gloss', 'Acrylic'], ['41', 'Ivoire brilliant (Gloss Ivory)', '#f4eaca', 'Gloss', 'Acrylic'], ['49', 'Vernis mat (Matt Varnish)', '#ffffff', 'Varnish', 'Acrylic'], ['52', 'Bleu baltique metallique (Baltic Blue)', '#326394', 'Metallic', 'Acrylic'], ['053', 'Gris metallique (Grey)', '#a9aaad', 'Metallic', 'Acrylic'], ['056', 'Aluminium (Aluminium)', '#acadb0', 'Metallic', 'Acrylic'], ['060', 'Ecarlate mat (Matt Scarlet)', '#f05352', 'Matt', 'Acrylic'], ['61', 'Chair mat (Matt Flesh)', '#f2cea9', 'Matt', 'Acrylic'], ['062', 'Cuir mat (Matt Leather)', '#653303', 'Matt', 'Acrylic'], ['63', 'Sable mat (Matt Sand)', '#d2aa6d', 'Matt', 'Acrylic'], ['064', 'Gris clair mat (Matt Light Grey)', '#bbbbaf', 'Matt', 'Acrylic'], ['65', 'Bleu avion mat (Matt Aircraft Blue)', '#b1c8b2', 'Matt', 'Acrylic'], ['66', 'Gris-brun olive mat (Matt Olive Drab)', '#625f34', 'Matt', 'Acrylic'], ['69', 'Jaune brilliant (Gloss Yellow)', '#f7d100', 'Gloss', 'Acrylic'], ['71', 'Chene satine (Satin Oak)', '#ead2ac', 'Satin', 'Acrylic'], ['073', 'Lie de vin mat (Matt Wine)', '#954a50', 'Matt', 'Acrylic'], ['077', 'Bleu marine mat (Matt Navy Blue)', '#545e6d', 'Matt', 'Acrylic'], ['080', 'Vert pre mat (Matt Grass Green)', '#005b40', 'Matt', 'Acrylic'], ['81', 'Jaune pale mat (Matt Pale Yellow)', '#d5ba57', 'Matt', 'Acrylic'], ['085', 'Noir de charbon satine (Satin Coal Black)', '#34302f', 'Satin', 'Acrylic'], ['086', 'Olive clair mat (Matt Light Olive)', '#4e5b2d', 'Matt', 'Acrylic'], ['87', 'Gris acier mat (Matt Steel Grey)', '#7b9095', 'Matt', 'Acrylic'], ['89', 'Bleu moyen mat (Matt Middle Blue)', '#4398bc', 'Matt', 'Acrylic'], ['90', 'Vert beige mat (Matt Beige Green)', '#d1e7b8', 'Matt', 'Acrylic'], ['91', 'Vert noir mat (Matt Black Green)', '#5a7149', 'Matt', 'Acrylic'], ['092', 'Gris fer mat (Matt Iron Grey)', '#52595d', 'Matt', 'Acrylic'], ['093', 'Jaune desert mat (Matt Desert Yellow)', '#c7914c', 'Matt', 'Acrylic'], ['96', 'Bleu raf mat (Matt RAF Blue)', '#65829a', 'Matt', 'Acrylic'], ['098', 'Chocolat mat (Matt Chocolate)', '#714e3c', 'Matt', 'Acrylic'], ['99', 'Jaune citron mat (Matt Lemon)', '#f7e309', 'Matt', 'Acrylic'], ['101', 'Vert moyen mat (Matt Mid Green)', '#4b7759', 'Matt', 'Acrylic'], ['102', 'Vert armee mat (Matt Army Green)', '#5c7661', 'Matt', 'Acrylic'], ['103', 'Cream Matt', None, 'Matt', 'Acrylic'], ['106', 'Gris ocean mat (Matt Ocean Grey)', '#6c6a5f', 'Matt', 'Acrylic'], ['110', 'Bois naturel mat (Matt Natural Wood)', '#906c5b', 'Matt', 'Acrylic'], ['113', 'Rouille mat (Matt Rust)', '#813b08', 'Matt', 'Acrylic'], ['116', 'Vert fonce us mat (Matt US Dark Green)', '#4e5b2d', 'Matt', 'Acrylic'], ['119', 'Terre clair mat (Matt Light Earth)', '#ab6f53', 'Matt', 'Acrylic'], ['127', 'Gris fantome us satine (Satin US Ghost Grey)', '#c9cacc', 'Satin', 'Acrylic'], ['130', 'Satin White', None, 'Matt', 'Acrylic'], ['186', 'Brun (Matt Brown)', '#7d5e4f', 'Matt', 'Acrylic'], ['321', 'Rouge transparent (Clear Red)', '#bf3126', None, 'Acrylic'], ['322', 'Orange transparent (Clear Orange)', '#df6030', None, 'Acrylic'], ['325', 'Vert transparent (Clear Green)', '#5f9148', None, 'Acrylic'], ['9400', 'Colour Set Military', '#505d2a', None, None], ['9401', 'Colour Set Civil Aircraft', '#acadb0', None, None], ['9402', 'Colour Set Military Aircraft', '#acadb0', None, None], ['9403', 'Colour Set Sports Car', '#acadb0', None, None], ['9404', 'Colour Set Oldtimer', '#acadb0', None, None], ['9405', 'Colour Set Navy', '#a4a895', None, None], ['9406', 'Colour Set Sailing Ships', '#865336', None, None]], 'HOMA Acrylic': [['AG101', 'White', '#ffffff', 'Gloss', 'Acrylic'], ['AG102', 'Black', '#121212', 'Gloss', 'Acrylic'], ['AG103', 'Yellow', '#f8ec00', 'Gloss', 'Acrylic'], ['AG104', 'Red', '#e3402d', 'Gloss', 'Acrylic'], ['AG105', 'Bright Green', '#7ad925', 'Gloss', 'Acrylic'], ['AG106', 'Green', '#1c8f44', 'Gloss', 'Acrylic'], ['AG107', 'Blue', '#0e78c2', 'Gloss', 'Acrylic'], ['AG108', 'Brown', '#924519', 'Gloss', 'Acrylic'], ['AG111', 'Light Grey', '#e0dfdb', 'Gloss', 'Acrylic'], ['AG122', 'Gull Grey', '#b2b4a7', 'Gloss', 'Acrylic'], ['AG127', 'Dark Sea Grey', '#69696b', 'Gloss', 'Acrylic'], ['AG130', 'Insignia Yellow', '#eebb00', 'Gloss', 'Acrylic'], ['AG136', 'Orange', '#ff8f05', 'Gloss', 'Acrylic'], ['AG140', 'Scarlet', '#fe5b22', 'Gloss', 'Acrylic'], ['AG142', 'Dark Red', '#b7041a', 'Gloss', 'Acrylic'], ['AG160', 'Dark Green', '#456117', 'Gloss', 'Acrylic'], ['AG172', 'Blue', '#04afc3', 'Gloss', 'Acrylic'], ['AG174', 'Dark Blue', '#064475', 'Gloss', 'Acrylic'], ['AG175', 'Dark Sea Blue', '#044a48', 'Gloss', 'Acrylic'], ['AM01', 'White', '#ffffff', 'Matt', 'Acrylic'], ['AM02', 'Black', '#121212', 'Matt', 'Acrylic'], ['AM03', 'Yellow', '#f8ec00', 'Matt', 'Acrylic'], ['AM04', 'Red', '#e34041', 'Matt', 'Acrylic'], ['AM05', 'Bright Green', '#7ad925', 'Matt', 'Acrylic'], ['AM06', 'Green', '#1c8f44', 'Matt', 'Acrylic'], ['AM07', 'Blue', '#0e78c2', 'Matt', 'Acrylic'], ['AM08', 'Brown', '#924519', 'Matt', 'Acrylic'], ['AM10', 'Sky White', '#e6fde3', 'Matt', 'Acrylic'], ['AM11', 'Light Grey', '#e0dfdb', 'Matt', 'Acrylic'], ['AM12', 'Light Aircraft Grey', '#cad2c3', 'Matt', 'Acrylic'], ['AM13', 'Grey', '#9f9c95', 'Matt', 'Acrylic'], ['AM14', 'Light Ghost Grey', '#c2cfc8', 'Matt', 'Acrylic'], ['AM15', 'Dark Ghost Grey', '#939681', 'Matt', 'Acrylic'], ['AM16', 'Green-Grey', '#a1a572', 'Matt', 'Acrylic'], ['AM17', 'Sand Grey', '#e3d5a6', 'Matt', 'Acrylic'], ['AM18', 'Stone Grey', '#b4a085', 'Matt', 'Acrylic'], ['AM19', 'Beige', '#dfdcbc', 'Matt', 'Acrylic'], ['AM20', 'Sky', '#e2e9c8', 'Matt', 'Acrylic'], ['AM21', 'Light Blue Grey', '#c1e1e0', 'Matt', 'Acrylic'], ['AM22', 'Gull Grey', '#b2b4a7', 'Matt', 'Acrylic'], ['AM23', 'Ocean Grey', '#87897e', 'Matt', 'Acrylic'], ['AM24', 'Violet Grey', '#b3b6bf', 'Matt', 'Acrylic'], ['AM25', 'Field Grey', '#748269', 'Matt', 'Acrylic'], ['AM26', 'Gunship Grey', '#777777', 'Matt', 'Acrylic'], ['AM27', 'Dark Sea Grey', '#69696b', 'Matt', 'Acrylic'], ['AM28', 'Dark Slate Grey', '#817e47', 'Matt', 'Acrylic'], ['AM30', 'Insignia Yellow', '#eebb00', 'Matt', 'Acrylic'], ['AM31', 'Flesh', '#ecc486', 'Matt', 'Acrylic'], ['AM32', 'Desert Pink', '#dd9469', 'Matt', 'Acrylic'], ['AM33', 'Light Sand', '#ebca85', 'Matt', 'Acrylic'], ['AM34', 'Dark Sand', '#ddb343', 'Matt', 'Acrylic'], ['AM35', 'Sand Brown', '#dc953d', 'Matt', 'Acrylic'], ['AM36', 'Orange', '#ff8f05', 'Matt', 'Acrylic'], ['AM37', 'Air Linen', '#f1e27d', 'Matt', 'Acrylic'], ['AM38', 'Light Wood', '#f3e09e', 'Matt', 'Acrylic'], ['AM39', 'Wood Brown', '#9f7b3d', 'Matt', 'Acrylic'], ['AM40', 'Scarlet', '#fe5b22', 'Matt', 'Acrylic'], ['AM41', 'Guards Red', '#d41855', 'Matt', 'Acrylic'], ['AM42', 'Dark Red', '#b7041a', 'Matt', 'Acrylic'], ['AM50', 'Khaki', '#b3951d', 'Matt', 'Acrylic'], ['AM51', 'Light Green', '#aad07d', 'Matt', 'Acrylic'], ['AM52', 'Protection Green', '#969715', 'Matt', 'Acrylic'], ['AM53', 'Medium Green', '#73972b', 'Matt', 'Acrylic'], ['AM54', 'Light Olive Green', '#978313', 'Matt', 'Acrylic'], ['AM55', 'Field Green', '#527318', 'Matt', 'Acrylic'], ['AM56', 'Uniform Green', '#518861', 'Matt', 'Acrylic'], ['AM57', 'Blue Green', '#049e86', 'Matt', 'Acrylic'], ['AM58', 'Interior Green', '#b7a908', 'Matt', 'Acrylic'], ['AM59', 'RLM Dark Green', '#72762c', 'Matt', 'Acrylic'], ['AM60', 'Dark Green', '#456117', 'Matt', 'Acrylic'], ['AM61', 'European Green', '#0d5629', 'Matt', 'Acrylic'], ['AM62', 'Olive Green', '#6b7020', 'Matt', 'Acrylic'], ['AM63', 'Olive Drab', '#776324', 'Matt', 'Acrylic'], ['AM64', 'Black Green', '#484e34', 'Matt', 'Acrylic'], ['AM65', 'US Dark Green', '#574c16', 'Matt', 'Acrylic'], ['AM70', 'Light Blue', '#a5e8e1', 'Matt', 'Acrylic'], ['AM71', 'Azure Blue', '#81b6c6', 'Matt', 'Acrylic'], ['AM72', 'Blue', '#1ca7be', 'Matt', 'Acrylic'], ['AM73', 'Grey Blue', '#839798', 'Matt', 'Acrylic'], ['AM74', 'Dark Blue', '#064475', 'Matt', 'Acrylic'], ['AM75', 'Dark Sea Blue', '#044a48', 'Matt', 'Acrylic'], ['AM76', 'Violet', '#8562c0', 'Matt', 'Acrylic'], ['AM80', 'Light Brown', '#ce8453', 'Matt', 'Acrylic'], ['AM81', 'Light Earth', '#cb9529', 'Matt', 'Acrylic'], ['AM82', 'Dark Earth', '#926d15', 'Matt', 'Acrylic'], ['AM83', 'Military Brown', '#955821', 'Matt', 'Acrylic'], ['AM84', 'Dark Brown', '#654222', 'Matt', 'Acrylic'], ['AM85', 'Violet Brown', '#8b5346', 'Matt', 'Acrylic'], ['AM86', 'Rubber', '#454344', 'Matt', 'Acrylic'], ['AM87', 'Tarpaulin', '#9c7c43', 'Matt', 'Acrylic'], ['AMT09', 'Silver', '#dfddde', 'Metallic', 'Acrylic'], ['AMT90', 'Aluminium', '#dbd5c9', 'Metallic', 'Acrylic'], ['AMT91', 'Steel', '#c6c6c8', 'Metallic', 'Acrylic'], ['AMT92', 'Gloss Metal', '#e2eceb', 'Metallic', 'Acrylic'], ['AMT93', 'Gun Metal', '#5e5d5b', 'Metallic', 'Acrylic'], ['AMT94', 'Rust', '#a26239', 'Metallic', 'Acrylic'], ['AMT95', 'Gold', '#f2cb70', 'Metallic', 'Acrylic'], ['AMT96', 'Brass', '#e5e279', 'Metallic', 'Acrylic'], ['AMT97', 'Bronze', '#a37f5d', 'Metallic', 'Acrylic'], ['AMT98', 'Copper', '#dd7e48', 'Metallic', 'Acrylic'], ['AMT99', 'Burnt Metal', '#d2ccda', 'Metallic', 'Acrylic'], ['AMT904', 'Red', '#e3402d', 'Metallic', 'Acrylic'], ['AMT906', 'Green', '#1c8f44', 'Metallic', 'Acrylic'], ['AMT907', 'Blue', '#0e78c2', 'Metallic', 'Acrylic'], ['Primer Acrylic', 'Light Gray Primer', '#fff', 'Matt', 'Acrylic'], ['AM 77', 'Instrument Blue', '#fff', 'Matt', 'Acrylic'], ['AMt94', 'Rust', '#fff', 'Matt', 'Acrylic'], ['AMt99', 'Burn Metal', '#fff', 'Metallic', 'Acrylic'], ['205', 'Yellow Varnish', '#fff', 'Varnish', None], ['207', 'Red Varnish', '#fff', 'Varnish', None]], 'Humbrol': [['056', 'Aluminium', '#c9d1d9', 'Metallic', 'Enamel'], ['001', 'Grey Primer', '#565e58', 'Matt', 'Enamel'], ['002', 'Emerald FS14110', '#09813c', 'Gloss', 'Enamel'], ['003', 'Brunswick Green', '#144624', 'Gloss', 'Enamel'], ['005', 'Dark Admiralty Grey', '#6c7078', 'Gloss', 'Enamel'], ['006', 'Pale Cream', '#fff', 'Satin', 'Enamel'], ['007', 'Light Buff', '#f2be3e', 'Gloss', 'Enamel'], ['008', 'Yellow', '#fff', 'Gloss', 'Enamel'], ['009', 'Tan', '#a65f2b', 'Gloss', 'Enamel'], ['010', 'Service Brown', '#463a2f', 'Gloss', 'Enamel'], ['011', 'Silver FS17178', '#d8d8da', 'Metallic', 'Enamel'], ['012', 'Copper', '#9a632a', 'Metallic', 'Enamel'], ['014', 'French Blue', '#0c5ca4', 'Gloss', 'Enamel'], ['015', 'Midnight Blue', '#163363', 'Gloss', 'Enamel'], ['016', 'Gold', '#dcae1e', 'Metallic', 'Enamel'], ['018', 'Orange (FS12473)', '#eb6721', 'Gloss', 'Enamel'], ['019', 'Red FS11302', '#da1925', 'Gloss', 'Enamel'], ['020', 'Crimson', '#920b24', 'Gloss', 'Enamel'], ['021', 'Black', '#1d1a1b', 'Gloss', 'Enamel'], ['022', 'White', '#f5f2f1', 'Gloss', 'Enamel'], ['023', 'Duck Egg Blue', '#cee9d7', 'Matt', 'Enamel'], ['024', 'Trainer Yellow FS33538', '#fabf35', 'Matt', 'Enamel'], ['025', 'Blue', '#1a3c81', 'Matt', 'Enamel'], ['026', 'Khaki FS30277', '#976a27', 'Matt', 'Enamel'], ['027', 'Sea Grey FS36231', '#565b56', 'Matt', 'Enamel'], ['028', 'Camouflage Grey', '#c4c3ba', 'Matt', 'Enamel'], ['029', 'Dark Earth FS30219', '#7b6248', 'Matt', 'Enamel'], ['030', 'Dark Green FS34096', '#176a4a', 'Matt', 'Enamel'], ['031', 'Slate Grey', '#596060', 'Matt', 'Enamel'], ['032', 'Dark Grey', '#42494f', 'Matt', 'Enamel'], ['033', 'Black FS37038', '#1e1e1c', 'Matt', 'Enamel'], ['034', 'White FS37875', '#ffffff', 'Matt', 'Enamel'], ['035', 'Gloss Varnish', '#ffffff', 'Varnish', 'Enamel'], ['036', 'Pastel Green', '#bddb81', 'Matt', 'Enamel'], ['037', 'Bright Green', '#60c42d', 'Matt', 'Enamel'], ['038', 'Lime', '#72a736', 'Gloss', 'Enamel'], ['040', 'Pale Grey', '#a3a3a6', 'Gloss', 'Enamel'], ['041', 'Ivory', '#f5efc1', 'Gloss', 'Enamel'], ['042', 'Pastel Violet', '#caa5cd', 'Matt', 'Enamel'], ['044', 'Pastel Blue', '#a6c9dc', 'Matt', 'Enamel'], ['045', 'Dark Pink', '#fff', 'Gloss', 'Enamel'], ['046', 'Orange', '#e86718', 'Matt', 'Enamel'], ['046*', 'Clover (1965-1973*)', '#fff', 'Gloss', 'Enamel'], ['047', 'Sea Blue (FS15200)', '#5db3dc', 'Gloss', 'Enamel'], ['048', 'Mediterranean Blue', '#2f8bb1', 'Gloss', 'Enamel'], ['049', 'Varnish', '#fcffff', 'Varnish', 'Enamel'], ['050', 'Green Mist', '#0d965d', 'Metallic', 'Enamel'], ['051', 'Sunset Red', '#bf1f59', 'Metallic', 'Enamel'], ['052', 'Baltic Blue', '#1267a8', 'Metallic', 'Enamel'], ['053', 'Gunmetal FS17200', '#363120', 'Metallic', 'Enamel'], ['053', 'Gunmetal', '#363120', 'Metallic', 'Enamel'], ['054', 'Brass', '#dd9215', 'Metallic', 'Enamel'], ['055', 'Bronze', '#a35510', 'Metallic', 'Enamel'], ['056', 'Aluminum', '#c9d1d9', 'Metallic', 'Enamel'], ['057', 'Pastel Pink', '#eeadb2', 'Matt', 'Enamel'], ['058', 'Magenta', '#ba4d99', 'Matt', 'Enamel'], ['060', 'Scarlet (FS31105)', '#c52023', 'Matt', 'Enamel'], ['061', 'Flesh', '#ed8e5a', 'Matt', 'Enamel'], ['061', 'Flesh', '#ed8e5a', 'Matt', 'Enamel'], ['062', 'Leather FS33275', '#aa5931', 'Matt', 'Enamel'], ['063', 'Sand', '#cf9b5b', 'Matt', 'Enamel'], ['064', 'Light Grey', '#a9aaa9', 'Matt', 'Enamel'], ['065', 'Aircraft Blue / Polish Light Blue-Grey', '#b7d2c9', 'Matt', 'Enamel'], ['066', 'Olive Drab', '#404842', 'Matt', 'Enamel'], ['067', 'Tank Grey', '#304045', 'Matt', 'Enamel'], ['068', 'Purple', '#230f4a', 'Gloss', 'Enamel'], ['069', 'Yellow', '#fdd901', 'Gloss', 'Enamel'], ['070', 'Brick Red', '#90543a', 'Matt', 'Enamel'], ['071', 'Oak', '#edd7af', 'Satin', 'Enamel'], ['072', 'Khaki Drill', '#a38f7b', 'Matt', 'Enamel'], ['073', 'Wine', '#964c54', 'Matt', 'Enamel'], ['074', 'Linen', '#fde07c', 'Matt', 'Enamel'], ['075', 'Bronze Green', '#535a51', 'Matt', 'Enamel'], ['076', 'Uniform Green (FS34108)', '#4d6d57', 'Matt', 'Enamel'], ['077', 'Navy Blue', '#526171', 'Matt', 'Enamel'], ['078', 'Cockpit Green FS34226', '#37573e', 'Matt', 'Enamel'], ['079', 'Blue Grey', '#676670', 'Matt', 'Enamel'], ['080', 'Grass Green', '#566f4b', 'Matt', 'Enamel'], ['081', 'Zinc Chromate Yellow Primer', '#d9bd37', 'Matt', 'Enamel'], ['082', 'Orange Lining', '#dd6135', 'Matt', 'Enamel'], ['083', 'Ochre', '#c2a143', 'Matt', 'Enamel'], ['084', 'Kaki', '#b08b5c', 'Matt', 'Enamel'], ['085', 'Coal Black', '#171513', 'Satin', 'Enamel'], ['086', 'Light Olive Matt', '#636344', 'Matt', 'Enamel'], ['087', 'Steel Grey', '#819398', 'Matt', 'Enamel'], ['088', 'Deck Green', '#576e32', 'Matt', 'Enamel'], ['089', 'Middle Blue', '#3f97bb', 'Matt', 'Enamel'], ['090', 'Beige Green', '#dcecc5', 'Matt', 'Enamel'], ['091', 'Black Green', '#122116', 'Matt', 'Enamel'], ['092', 'Iron Grey', '#52595d', 'Matt', 'Enamel'], ['093', 'Desert Yellow (FS 30266)', '#c09555', 'Matt', 'Enamel'], ['094', 'Brown Yellow (FS 30257)', '#c99d6f', 'Matt', 'Enamel'], ['095', 'Concrete', '#e2e1e0', 'Matt', 'Enamel'], ['096', 'RAF Blue', '#617691', 'Matt', 'Enamel'], ['097', 'Eggshell', '#d5d0c8', 'Matt', 'Enamel'], ['098', 'Chocolate (FS30099)', '#745542', 'Matt', 'Enamel'], ['099', 'jaune citron', '#f7e20b', 'Matt', 'Enamel'], ['100', 'Red Brown', '#c14c36', 'Matt', 'Enamel'], ['101', 'Mid Green FS34230', '#4a7b5c', 'Matt', 'Enamel'], ['102', 'Army Green (FS 34102)', '#62745a', 'Matt', 'Enamel'], ['103', 'Cream', '#e9d18a', 'Matt', 'Enamel'], ['104', 'Oxford Blue', '#1d4766', 'Matt', 'Enamel'], ['105', 'Marine Green (FS 34097)', '#697153', 'Matt', 'Enamel'], ['106', 'Ocean Grey', '#6d7169', 'Matt', 'Enamel'], ['107', 'WWI Purple', '#fff', 'Matt', 'Enamel'], ['108', 'WWI Green', '#fff', 'Matt', 'Enamel'], ['109', 'WWI Blue', '#4d7faa', 'Matt', 'Enamel'], ['110', 'Natural Wood', '#996f53', 'Matt', 'Enamel'], ['111', 'Uniform Grey', '#4f5455', 'Matt', 'Enamel'], ['112', 'Tarmac', '#40515d', 'Matt', 'Enamel'], ['113', 'Rust', '#a0614a', 'Matt', 'Enamel'], ['114', 'Russian Green', '#34483f', 'Satin', 'Enamel'], ['115', 'Russian Blue', '#759c97', 'Matt', 'Enamel'], ['116', 'US Dark Green (FS34079)', '#3a5943', 'Matt', 'Enamel'], ['117', 'US Light Green (FS34102)', '#4f6341', 'Matt', 'Enamel'], ['118', 'US Tan (FS30219)', '#aa8262', 'Matt', 'Enamel'], ['119', 'Light Earth', '#aa7358', 'Matt', 'Enamel'], ['120', 'Light Green (FS34227)', '#066439', 'Matt', 'Enamel'], ['121', 'Pale Stone (FS33531)', '#ddcb9d', 'Matt', 'Enamel'], ['122', 'Israeli Light Blue', '#ced8cd', 'Matt', 'Enamel'], ['122', 'Pale Blue (FS35622)', '#ced8cd', 'Matt', 'Enamel'], ['123', 'Extra Dark Sea Grey (BS381C:640)', '#656e75', 'Satin', 'Enamel'], ['124', 'Petrol Blue', '#3d5a64', 'Matt', 'Enamel'], ['125', 'US Dark Grey (FS26118)', '#5b6368', 'Satin', 'Enamel'], ['125', 'US Dark Grey', '#5b6368', 'Satin', 'Enamel'], ['126', 'US Medium Grey (FS26270)', '#8b908e', 'Satin', 'Enamel'], ['127', 'US Ghost Grey (FS26375)', '#b0c0ca', 'Satin', 'Enamel'], ['128', 'US Compass Grey FS26320', '#92aec0', 'Satin', 'Enamel'], ['129', 'US Gull Grey (FS26440)', '#a5a9a6', 'Satin', 'Enamel'], ['130', 'White', '#f8f5f4', 'Satin', 'Enamel'], ['131', 'Mid Green', '#2c8731', 'Satin', 'Enamel'], ['132', 'Red', '#d34d33', 'Satin', 'Enamel'], ['133', 'Brown', '#820e21', 'Satin', 'Enamel'], ['134', 'Blue', '#214289', 'Satin', 'Enamel'], ['135', 'Varnish', '#fff', 'Varnish', 'Enamel'], ['140', 'Gull Grey (FS36231)', '#89959a', 'Matt', 'Enamel'], ['141', 'Light Sea Grey', '#9fa099', 'Matt', 'Enamel'], ['142', 'Field Drab', '#7c694e', 'Matt', 'Enamel'], ['144', 'Intermediate Blue (FS35164)', '#627384', 'Matt', 'Enamel'], ['145', 'Medium Grey (FS35237)', '#6a7179', 'Matt', 'Enamel'], ['146', 'Aircraft Grey', '#a7a5ad', 'Gloss', 'Enamel'], ['147', 'Light Grey (FS36495)', '#cecfd1', 'Matt', 'Enamel'], ['148', 'Radome Tan (FS33613)', '#fdda9c', 'Matt', 'Enamel'], ['149', 'Dark Green (FS34092)', '#325330', 'Matt', 'Enamel'], ['150', 'Forest Green (FS34127)', '#575f2d', 'Matt', 'Enamel'], ['151', 'Interior Green', '#737627', 'Matt', 'Enamel'], ['153', 'Insignia Red (FS31136)', '#b3181e', 'Matt', 'Enamel'], ['154', 'Insignia Yellow FS33538', '#f8b309', 'Matt', 'Enamel'], ['155', 'Olive Drab FS34087', '#52572b', 'Matt', 'Enamel'], ['156', 'Dark Camouflage Grey', '#707577', 'Satin', 'Enamel'], ['157', 'Mediterranean Blue (FS35240)', '#4c7b9b', 'Matt', 'Enamel'], ['158', 'Interior Green', '#747150', 'Matt', 'Enamel'], ['159', 'Khaki Drab', '#4b532e', 'Matt', 'Enamel'], ['160', 'German Cam Red Brown', '#5f3219', 'Matt', 'Enamel'], ['160', 'German Camouflage Red Brown', '#5f3219', 'Matt', 'Enamel'], ['161', 'US Marine Corps Green', '#1f563c', 'Matt', 'Enamel'], ['162', 'Surface Grey', '#949181', 'Matt', 'Enamel'], ['163', 'Dark Green (BS381C:241)', '#33341c', 'Satin', 'Enamel'], ['164', 'Dark Sea Grey (BS381C:638)', '#6d747a', 'Satin', 'Enamel'], ['165', 'Medium Sea Grey', '#9ca0a6', 'Satin', 'Enamel'], ['166', 'Light Aircraft Grey (BS381C:627)', '#a6a7ab', 'Satin', 'Enamel'], ['167', 'RAF Barley Grey (BS381C:626)', '#9ca3a0', 'Satin', 'Enamel'], ['168', 'Hemp', '#b6aa83', 'Satin', 'Enamel'], ['169', 'Yellow Facing', '#fcb857', 'Matt', 'Enamel'], ['170', 'Brown Bestial', '#663300', 'Matt', 'Enamel'], ['171', 'Antique Bronze', '#996a51', 'Metallic', 'Enamel'], ['172', 'Green', '#114432', 'Satin', 'Enamel'], ['173', 'Track Colour', '#473937', 'Matt', 'Enamel'], ['174', 'Signal Red', '#d92f20', 'Satin', 'Enamel'], ['174', 'Signal Red (BS381C:537)', '#d92f20', 'Satin', 'Enamel'], ['175', 'Hellgrau 76', '#a4b2a3', 'Matt', 'Enamel'], ['176', 'Neutral Grey', '#7e848b', 'Matt', 'Enamel'], ['177', 'Hull Red', '#bb2026', 'Satin', 'Enamel'], ['178', 'British Scarlet', '#d55a3b', 'Matt', 'Enamel'], ['179', 'French Artillery Green', '#53603e', 'Matt', 'Enamel'], ['180', 'Red Leather', '#6a2b26', 'Matt', 'Enamel'], ['181', 'Sea Blue', '#475252', 'Gloss', 'Enamel'], ['182', 'Black Grey', '#303234', 'Satin', 'Enamel'], ['183', 'Grey FS 16440', '#b6b6ae', 'Satin', 'Enamel'], ['184', 'Freight Stock Grey', '#434447', 'Matt', 'Enamel'], ['186', 'Brown', '#815a46', 'Matt', 'Enamel'], ['187', 'Dark Stone', '#6b5010', 'Matt', 'Enamel'], ['188', 'Chrome Yellow', '#dbad03', 'Gloss', 'Enamel'], ['189', 'Insignia Blue', '#32435a', 'Matt', 'Enamel'], ['190', 'Blue Angel Blue', '#26748b', 'Gloss', 'Enamel'], ['191', 'Chrome Silver', '#dfe7ed', 'Metallic', 'Enamel'], ['192', 'Blaze Matt', '#fff', 'Fluo', 'Enamel'], ['193', 'Blaze Gloss', '#fff', 'Fluo', 'Enamel'], ['194', 'Saturn Yellow Gloss', '#ffff00', 'Fluo', 'Enamel'], ['195', 'Dark Green', '#004b1b', 'Satin', 'Enamel'], ['196', 'Light Grey', '#dadbdd', 'Satin', 'Enamel'], ['197', 'Lufthansa Yellow RAL 1028', '#ff9c00', 'Matt', 'Enamel'], ['198', 'Lufthansa Blue RAL 5022', '#2b2c5a', 'Matt', 'Enamel'], ['200', 'Pink', '#eda9ae', 'Gloss', 'Enamel'], ['201', 'Metallic Black', '#0e0a0a', 'Metallic', 'Enamel'], ['202', 'Aurora Pink Matt', '#ff00ff', 'Fluo', 'Enamel'], ['203', 'Signal Green Matt', '#58af47', 'Fluo', 'Enamel'], ['204', 'Saturn Yellow Matt', '#ffff00', 'Fluo', 'Enamel'], ['205', 'Fire Orange Matt', '#e6292c', 'Fluo', 'Enamel'], ['206', 'Base White', '#fff', 'Fluo', 'Enamel'], ['207', 'Aurora Pink Gloss', '#ff00ff', 'Fluo', 'Enamel'], ['208', 'Signal Green Gloss', '#53af42', 'Fluo', 'Enamel'], ['209', 'Fire Orange Gloss', '#ea2023', 'Fluo', 'Enamel'], ['220', 'Italian Red', '#c51519', 'Gloss', 'Enamel'], ['221', 'Garter Blue', '#006993', 'Satin', 'Enamel'], ['222', 'Moonlight Blue', '#0c4993', 'Metallic', 'Enamel'], ['224', 'Dark Slate Grey', '#706e67', 'Matt', 'Enamel'], ['225', 'Middle Stone', '#b9895a', 'Matt', 'Enamel'], ['226', 'Interior Green', '#79724d', 'Matt', 'Enamel'], ['230', 'PRU Blue', '#135465', 'Matt', 'Enamel'], ['234', 'Dark Flesh', '#9e6827', 'Matt', 'Enamel'], ['237', 'Desert Tan', '#b7a889', 'Matt', 'Enamel'], ['238', 'Arrow Red', '#d60832', 'Gloss', 'Enamel'], ['239', 'British Racing Green', '#003737', 'Gloss', 'Enamel'], ['240', 'RLM 02 Grau', '#89886d', 'Matt', 'Enamel'], ['241', 'RLM 70 Schwarzgr├╝n', '#3e4b2d', 'Matt', 'Enamel'], ['242', 'RLM 71 Dunkelgrun', '#5b5b4c', 'Matt', 'Enamel'], ['243', 'RLM 72 Grun', '#42494b', 'Matt', 'Enamel'], ['244', 'RLM 73 Grun', '#435b57', 'Matt', 'Enamel'], ['245', 'RLM 74 Graugrun', '#4d5550', 'Matt', 'Enamel'], ['246', 'RLM 75 Grauviolett', '#6d6e6b', 'Matt', 'Enamel'], ['247', 'RLM 76 Lichtblau', '#c0cac6', 'Matt', 'Enamel'], ['248', 'RLM 78 Himmelblau', '#93adaa', 'Matt', 'Enamel'], ['249', 'RLM 79 Sandgelb', '#a68d4c', 'Matt', 'Enamel'], ['250', 'Desert Sand', '#d6b28c', 'Matt', 'Enamel'], ['251', 'RLM 81 Dunkelbraun', '#4f4347', 'Matt', 'Enamel'], ['252', 'Olivgrun', '#51664a', 'Matt', 'Enamel'], ['252', 'RLM 82 Olivgrun', '#51664a', 'Matt', 'Enamel'], ['253', 'RLM 83 Dunkelgrun', '#505042', 'Matt', 'Enamel'], ['255', 'Dark Earth', '#ab8957', 'Matt', 'Enamel'], ['1321', 'Clear Red', '#bf3126', None, 'Enamel'], ['1322', 'Clear Colour Orange', '#ffa500', None, 'Enamel'], ['1325', 'Clear Green', '#5f9148', None, 'Enamel'], ['8191', 'Satin Bronze Metalcote', '#9c5221', 'Metallic', 'Enamel'], ['27001', 'Aluminium Metalcote', '#cfd6da', 'Metallic', 'Enamel'], ['27002', 'Polished Aluminium Metalcote', '#cbd4da', 'Metallic', 'Enamel'], ['27003', 'Metalcote - Polished Steel', '#afc1cb', 'Metallic', 'Enamel'], ['27003', 'Metalcote - Polished Steel', '#afc1cb', 'Metallic', 'Enamel'], ['27004', 'Gunmetal Metalcote', '#5a5944', 'Metallic', 'Enamel'], ['27006', 'Satin Gold ( Metalcote)', '#d6ab25', 'Satin', 'Enamel'], ['27006', 'Gold Metalcote', '#d6ab25', 'Satin', 'Enamel'], ['AC5401', 'Satin Cote', '#fff', 'Satin', 'Enamel'], ['AC5401', 'Satin Cote', '#fff', 'Satin', 'Enamel'], ['AC5501', 'Gloss Cote', '#fff', 'Gloss', 'Enamel'], ['AC5601', 'Matt Cote', '#fff', 'Matt', 'Enamel'], ['AC7435', 'Clear Cote', '#fff', None, 'Enamel'], ['AC7501', 'Enamel Thinners', None, 'Thinners', 'Enamel'], ['AV0201', 'Black Wash', '#000000', 'Gloss', 'Enamel'], ['AV0202', 'White Wash', '#fff', 'Gloss', 'Enamel'], ['AV0203', 'Dark Green Wash', '#fff', 'Gloss', 'Enamel'], ['AV0204', 'Dark Grey Wash', '#464e51', 'Gloss', 'Enamel'], ['AV0205', 'Dark Brown Wash', '#fff', 'Gloss', 'Enamel'], ['AV0206', 'Blue Grey Wash', '#69606a', 'Matt', 'Enamel'], ['AV0207', 'Sand Wash', '#fff', 'Gloss', 'Enamel'], ['AV0208', 'Dust Wash', '#fff', 'Matt', 'Enamel'], ['AV0209', 'Oil Stain Wash', '#020101', 'Gloss', 'Enamel'], ['AV0210', 'Rust Wash', '#d2814e', 'Gloss', 'Enamel'], ['AX5601', 'Matt Cote', '#fff', 'Matt', 'Enamel'], [None, None, '#fff', None, 'Enamel'], ['001', 'Grey Primer', '#565e58', 'Matt', 'Enamel'], ['002', 'Emerald', '#09813c', 'Gloss', 'Enamel'], ['003', 'Brunswick Green', '#144624', 'Gloss', 'Enamel'], ['011', 'Silver FS17178', '#d8d8da', 'Metallic', 'Enamel'], ['014', 'French Blue', '#0c5ca4', 'Gloss', 'Enamel'], ['015', 'Midnight Blue', '#163363', 'Gloss', 'Enamel'], ['016', 'Gold', '#dcae1e', 'Metallic', 'Enamel'], ['018', 'Orange', '#eb6721', 'Gloss', 'Enamel'], ['019', 'Red FS11302', '#da1925', 'Gloss', 'Enamel'], ['020', 'Crimson', '#920b24', 'Gloss', 'Enamel'], ['021', 'Black', '#1d1a1b', 'Gloss', 'Enamel'], ['022', 'White', '#f5f2f1', 'Gloss', 'Enamel'], ['033', 'Black FS37038', '#1e1e1c', 'Matt', 'Enamel'], ['034', 'White FS37875', '#ffffff', 'Matt', 'Enamel'], ['035', 'Varnish', '#fff', 'Varnish', 'Enamel'], ['069', 'Yellow', '#fdd901', 'Gloss', 'Enamel'], ['171', 'Antique Bronze', '#996a51', 'Metallic', 'Enamel'], ['AC7430', 'Enamel Thinners', None, 'Thinners', 'Enamel'], ['019', 'Red FS11302', '#da1925', 'Gloss', 'Enamel'], ['035', 'Varnish', '#fff', 'Varnish', 'Enamel'], ['27002', 'Metalcote - Polished Aluminium', '#cfd1d2', 'Metallic', 'Enamel'], [None, None, '#fff', 'Thinners', 'Enamel'], ['HB 16', 'Clear Doped Linen', '#fff', 'Matt', 'Enamel'], ['Art Oil', 'Orange', '#fff', 'Gloss', 'Enamel'], ['Art Oil', 'Liquid Silver', '#fff', 'Metallic', 'Enamel'], ['Art Oil', 'Maroon', '#fff', 'Gloss', 'Enamel'], ['Art Oil', 'Yellow', '#fff', 'Gloss', 'Enamel'], ['Art Oil', 'Light Blue', '#fff', 'Gloss', 'Enamel'], ['MATT', 'Blue', '#fff', 'Matt', 'Enamel'], ['MATT', 'Grey Green', '#fff', 'Matt', 'Enamel'], ['One Hour', 'Green', '#fff', 'Gloss', 'Enamel'], ['One Hour', 'Grey', '#fff', 'Gloss', 'Enamel'], ['One Hour', 'Brown', '#fff', 'Gloss', 'Enamel'], ['One Hour', 'Sky', '#fff', 'Gloss', 'Enamel'], ['033', 'Black FS37038', '#1e1e1c', 'Matt', 'Acrylic'], ['117', 'US Light Green', '#4f6341', 'Matt', 'Acrylic'], ['164', 'Dark Sea Grey', '#6d747a', 'Satin', 'Acrylic'], ['003', 'Brunswick Green', '#144624', 'Gloss', 'Acrylic'], ['010', 'Service Brown', '#463a2f', 'Gloss', 'Acrylic'], ['011', 'Silver FS17178', '#d8d8da', 'Metallic', 'Acrylic'], ['014', 'French Blue', '#0c5ca4', 'Gloss', 'Acrylic'], ['015', 'Midnight Blue', '#163363', 'Gloss', 'Acrylic'], ['016', 'Gold', '#dcae1e', 'Metallic', 'Acrylic'], ['018', 'Orange', '#eb6721', 'Gloss', 'Acrylic'], ['019', 'Red FS11302', '#da1925', 'Gloss', 'Acrylic'], ['021', 'Black', '#1d1a1b', 'Gloss', 'Acrylic'], ['022', 'White', '#f5f2f1', 'Gloss', 'Acrylic'], ['023', 'Duck Egg Blue', '#cee9d7', 'Matt', 'Acrylic'], ['024', 'Trainer Yellow FS33538', '#fabf35', 'Matt', 'Acrylic'], ['025', 'Blue', '#1a3c81', 'Matt', 'Acrylic'], ['026', 'Khaki FS30277', '#976a27', 'Matt', 'Acrylic'], ['027', 'Sea Grey FS36231', '#565b56', 'Matt', 'Acrylic'], ['029', 'Dark Earth FS30219', '#7b6248', 'Matt', 'Acrylic'], ['030', 'Dark Green FS34096', '#176a4a', 'Matt', 'Acrylic'], ['031', 'Slate Grey', '#596060', 'Matt', 'Acrylic'], ['033', 'Black FS37038', '#1e1e1c', 'Matt', 'Acrylic'], ['034', 'White FS37875', '#ffffff', 'Matt', 'Acrylic'], ['035', 'Varnish', '#fff', 'Varnish', 'Acrylic'], ['053', 'Gunmetal FS17200', '#363120', 'Metallic', 'Acrylic'], ['056', 'Aluminium', '#c9d1d9', 'Metallic', 'Acrylic'], ['060', 'Scarlet', '#c52023', 'Matt', 'Acrylic'], ['064', 'Light Grey', '#a9aaa9', 'Matt', 'Acrylic'], ['065', 'Aircraft Blue', '#b7d2c9', 'Matt', 'Acrylic'], ['069', 'Yellow', '#fdd901', 'Gloss', 'Acrylic'], ['070', 'Brick Red', '#90543a', 'Matt', 'Acrylic'], ['079', 'Blue Grey', '#676670', 'Matt', 'Acrylic'], ['081', 'Pale Yellow', '#d9bd37', 'Matt', 'Acrylic'], ['083', 'Ochre', '#c2a143', 'Matt', 'Acrylic'], ['085', 'Coal Black', '#171513', 'Satin', 'Acrylic'], ['086', 'Light Olive', '#636344', 'Matt', 'Acrylic'], ['089', 'Middle Blue', '#3f97bb', 'Matt', 'Acrylic'], ['090', 'Beige Green', '#dcecc5', 'Matt', 'Acrylic'], ['091', 'Black Green', '#122116', 'Matt', 'Acrylic'], ['093', 'Desert Yellow', '#c09555', 'Matt', 'Acrylic'], ['094', 'Brown Yellow', '#c99d6f', 'Matt', 'Acrylic'], ['102', 'Army Green', '#62745a', 'Matt', 'Acrylic'], ['103', 'Cream', '#e9d18a', 'Matt', 'Acrylic'], ['106', 'Ocean Grey', '#6d7169', 'Matt', 'Acrylic'], ['110', 'Natural Wood', '#996f53', 'Matt', 'Acrylic'], ['117', 'US Light Green', '#4f6341', 'Matt', 'Acrylic'], ['119', 'US Light Earth', '#aa7358', 'Matt', 'Acrylic'], ['121', 'Pale Stone', '#ddcb9d', 'Matt', 'Acrylic'], ['123', 'Extra Dark Sea Grey', '#656e75', 'Satin', 'Acrylic'], ['125', 'US Dark Grey', '#5b6368', 'Satin', 'Acrylic'], ['127', 'US Ghost Grey', '#b0c0ca', 'Satin', 'Acrylic'], ['128', 'US Compass Grey FS26320', '#92aec0', 'Satin', 'Acrylic'], ['129', 'US Gull Grey', '#a5a9a6', 'Satin', 'Acrylic'], ['130', 'White', '#f8f5f4', 'Satin', 'Acrylic'], ['145', 'Matt Medium Gray', '#6a7179', 'Matt', 'Acrylic'], ['155', 'Olive Drab FS34087', '#52572b', 'Matt', 'Acrylic'], ['156', 'Dark Camouflarge Grey', '#707577', 'Satin', 'Acrylic'], ['157', 'Azure Blue', '#4c7b9b', 'Matt', 'Acrylic'], ['159', 'Khaki Drab', '#4b532e', 'Matt', 'Acrylic'], ['163', 'Dark Green', '#33341c', 'Matt', 'Acrylic'], ['164', 'Dark Sea Grey', '#6d747a', 'Satin', 'Acrylic'], ['165', 'Medium Sea Grey', '#9ca0a6', 'Satin', 'Acrylic'], ['166', 'Light Aircraft Grey', '#a6a7ab', 'Satin', 'Acrylic'], ['167', 'RAF Barley Grey', '#9ca3a0', 'Satin', 'Acrylic'], ['171', 'Matt Antique Bronze', '#996a51', 'Metallic', 'Acrylic'], ['176', 'Neutral Grey', '#7e848b', 'Matt', 'Acrylic'], ['209', 'Fire Orange Gloss', '#ea2023', 'Fluo', 'Acrylic'], ['222', 'Moonlight Blue', '#0c4993', 'Metallic', 'Acrylic'], ['230', 'PRU Blue', '#135465', 'Matt', 'Acrylic'], ['255', 'Dark Earth', '#ab8957', 'Matt', 'Acrylic'], ['001', 'Grey primer', '#565e58', 'Matt', 'Acrylic'], ['002', 'Emerald FS14110', '#09813c', 'Gloss', 'Acrylic'], ['003', 'Brunswick Green', '#144624', 'Gloss', 'Acrylic'], ['009', 'Tan', '#a65f2b', 'Gloss', 'Acrylic'], ['010', 'Service Brown', '#463a2f', 'Gloss', 'Acrylic'], ['011', 'Silver FS17178', '#d8d8da', 'Metallic', 'Acrylic'], ['012', 'Copper', '#9a632a', 'Metallic', 'Acrylic'], ['014', 'French Blue', '#0c5ca4', 'Gloss', 'Acrylic'], ['014', 'Gloss French Blue', '#0c5ca4', 'Gloss', 'Acrylic'], ['015', 'Midnight Blue', '#163363', 'Gloss', 'Acrylic'], ['016', 'Gold', '#dcae1e', 'Metallic', 'Acrylic'], ['018', 'Orange', '#eb6721', 'Gloss', 'Acrylic'], ['019', 'Red FS11302', '#da1925', 'Gloss', 'Acrylic'], ['020', 'Crimson', '#920b24', 'Gloss', 'Acrylic'], ['021', 'Black', '#1d1a1b', 'Gloss', 'Acrylic'], ['022', 'White', '#f5f2f1', 'Gloss', 'Acrylic'], ['024', 'Trainer Yellow FS33538', '#fabf35', 'Matt', 'Acrylic'], ['025', 'Blue', '#1a3c81', 'Matt', 'Acrylic'], ['026', 'Khaki FS30277', '#976a27', 'Matt', 'Acrylic'], ['027', 'Sea Grey FS36231', '#565b56', 'Matt', 'Acrylic'], ['028', 'Camouflage Grey', '#c4c3ba', 'Matt', 'Acrylic'], ['029', 'Dark Earth FS30219', '#7b6248', 'Matt', 'Acrylic'], ['030', 'Dark Green FS34096', '#176a4a', 'Matt', 'Acrylic'], ['031', 'Slate Grey', '#596060', 'Matt', 'Acrylic'], ['034', 'White FS37875', '#ffffff', 'Matt', 'Acrylic'], ['035', 'Varnish', '#fff', 'Varnish', 'Acrylic'], ['038', 'Lime', '#72a736', 'Gloss', 'Acrylic'], ['040', 'Pale Grey', '#a3a3a6', 'Gloss', 'Acrylic'], ['040', 'Pale Grey', '#a3a3a6', 'Gloss', 'Acrylic'], ['041', 'Ivory', '#f5efc1', 'Gloss', 'Acrylic'], ['047', 'Sea Blue', '#5db3dc', 'Gloss', 'Acrylic'], ['049', 'Varnish', '#fff', 'Varnish', 'Acrylic'], ['052', 'Baltic Blue', '#1267a8', 'Metallic', 'Acrylic'], ['053', 'Gunmetal FS17200', '#363120', 'Metallic', 'Acrylic'], ['056', 'Aluminium', '#c9d1d9', 'Metallic', 'Acrylic'], ['060', 'Scarlet', '#c52023', 'Matt', 'Acrylic'], ['061', 'Flesh', '#ed8e5a', 'Matt', 'Acrylic'], ['062', 'Leather FS33275', '#aa5931', 'Matt', 'Acrylic'], ['063', 'Sand', '#cf9b5b', 'Matt', 'Acrylic'], ['064', 'Light Grey', '#a9aaa9', 'Matt', 'Acrylic'], ['065', 'Aircraft Blue', '#b7d2c9', 'Matt', 'Acrylic'], ['066', 'Olive Drab', '#404842', 'Matt', 'Acrylic'], ['067', 'Tank Grey', '#304045', 'Matt', 'Acrylic'], ['069', 'Yellow', '#fdd901', 'Gloss', 'Acrylic'], ['070', 'Brick Red', '#90543a', 'Matt', 'Acrylic'], ['071', 'Oak', '#edd7af', 'Satin', 'Acrylic'], ['077', 'Navy Blue', '#526171', 'Matt', 'Acrylic'], ['078', 'Cockpit Green FS34226', '#37573e', 'Matt', 'Acrylic'], ['078', 'Cockpit Green FS34226', '#37573e', 'Matt', 'Acrylic'], ['079', 'Blue Grey', '#676670', 'Matt', 'Acrylic'], ['080', 'Grass Green', '#566f4b', 'Matt', 'Acrylic'], ['081', 'Pale Yellow', '#d9bd37', 'Matt', 'Acrylic'], ['083', 'Ochre', '#c2a143', 'Matt', 'Acrylic'], ['085', 'Coal Black', '#171513', 'Satin', 'Acrylic'], ['086', 'Light Olive', '#636344', 'Matt', 'Acrylic'], ['087', 'Steel Grey', '#819398', 'Matt', 'Acrylic'], ['088', 'Deck Green', '#576e32', 'Matt', 'Acrylic'], ['090', 'Beige Green', '#dcecc5', 'Matt', 'Acrylic'], ['090', 'Beige Green', '#dcecc5', 'Matt', 'Acrylic'], ['091', 'Black Green', '#122116', 'Matt', 'Acrylic'], ['093', 'Desert Yellow', '#c09555', 'Matt', 'Acrylic'], ['099', 'Lemon', '#f7e20b', 'Matt', 'Acrylic'], ['102', 'Army Green', '#62745a', 'Matt', 'Acrylic'], ['103', 'Cream', '#e9d18a', 'Matt', 'Acrylic'], ['104', 'Oxford Blue', '#1d4766', 'Matt', 'Acrylic'], ['106', 'Ocean Grey', '#6d7169', 'Matt', 'Acrylic'], ['110', 'Natural Wood', '#996f53', 'Matt', 'Acrylic'], ['116', 'US Dark Green', '#3a5943', 'Matt', 'Acrylic'], ['117', 'US Light Green', '#4f6341', 'Matt', 'Acrylic'], ['118', 'US Tan', '#aa8262', 'Matt', 'Acrylic'], ['123', 'Extra Dark Sea Grey', '#656e75', 'Satin', 'Acrylic'], ['125', 'US Dark Grey', '#5b6368', None, 'Acrylic'], ['126', 'US Medium Grey', '#8b908e', 'Satin', 'Acrylic'], ['127', 'US Ghost Grey', '#b0c0ca', 'Satin', 'Acrylic'], ['128', 'US Compass Grey FS26320', '#92aec0', 'Satin', 'Acrylic'], ['129', 'US Gull Grey', '#a5a9a6', 'Satin', 'Acrylic'], ['130', 'White', '#f8f5f4', 'Satin', 'Acrylic'], ['135', 'Varnish', '#fff', 'Varnish', 'Acrylic'], ['154', 'Insignia Yellow FS33538', '#f8b309', 'Matt', 'Acrylic'], ['155', 'Olive Drab FS34087', '#52572b', 'Matt', 'Acrylic'], ['156', 'Dark Camouflage Grey', '#707577', 'Satin', 'Acrylic'], ['163', 'Dark Green', '#33341c', 'Satin', 'Acrylic'], ['164', 'Dark Sea Grey', '#6d747a', 'Satin', 'Acrylic'], ['165', 'Medium Sea Grey', '#9ca0a6', 'Satin', 'Acrylic'], ['166', 'Light Aircraft Grey', '#a6a7ab', 'Satin', 'Acrylic'], ['167', 'RAF Barley Grey', '#9ca3a0', 'Satin', 'Acrylic'], ['168', 'Hemp', '#b6aa83', 'Satin', 'Acrylic'], ['171', 'Antique Bronze', '#996a51', 'Metallic', 'Acrylic'], ['191', 'Chrome Silver', '#dfe7ed', 'Metallic', 'Acrylic'], ['195', 'Dark Green', '#004b1b', 'Satin', 'Acrylic'], ['196', 'Light Grey', '#dadbdd', 'Satin', 'Acrylic'], ['209', 'Fire Orange Gloss', '#ea2023', 'Fluo', 'Acrylic'], ['220', 'Italian Red', '#c51519', 'Gloss', 'Acrylic'], ['220', 'Italian Red', '#c51519', 'Gloss', 'Acrylic'], ['222', 'Moonlight Blue', '#0c4993', 'Metallic', 'Acrylic'], ['224', 'Dark Slate Grey', '#706e67', 'Matt', 'Acrylic'], ['225', 'Middle Stone', '#b9895a', 'Matt', 'Acrylic'], ['226', 'Interior Green', '#79724d', 'Matt', 'Acrylic'], ['230', 'PRU Blue', '#135465', 'Matt', 'Acrylic'], ['237', 'Desert Tan', '#b7a889', 'Matt', 'Acrylic'], ['238', 'Arrow Red', '#d60832', 'Gloss', 'Acrylic'], ['239', 'British Racing Green', '#003737', 'Gloss', 'Acrylic'], ['5024', 'Yellow', '#fff', 'Matt', 'Acrylic'], ['5046', 'Orange', '#fff', 'Matt', 'Acrylic'], ['5222', 'Clear Gloss', '#fff', 'Gloss', 'Acrylic'], ['001', 'Grey Primer', '#565e58', 'Matt', 'Acrylic'], ['002', 'Emerald FS14110', '#09813c', 'Gloss', 'Acrylic'], ['011', 'Silver FS17178', '#d8d8da', 'Metallic', 'Acrylic'], ['014', 'French Blue', '#0c5ca4', 'Gloss', 'Acrylic'], ['015', 'Midnight Blue', '#163363', 'Gloss', 'Acrylic'], ['016', 'Gold', '#dcae1e', 'Metallic', 'Acrylic'], ['018', 'Orange', '#eb6721', 'Gloss', 'Acrylic'], ['019', 'Red FS11302', '#da1925', 'Gloss', 'Acrylic'], ['021', 'Black', '#1d1a1b', 'Gloss', 'Acrylic'], ['022', 'White', '#f5f2f1', 'Gloss', 'Acrylic'], ['023', 'Duck Egg Blue', '#cee9d7', 'Matt', 'Acrylic'], ['024', 'Trainer Yellow FS33538', '#fabf35', 'Matt', 'Acrylic'], ['025', 'Blue', '#1a3c81', 'Matt', 'Acrylic'], ['025', 'Blue', '#1a3c81', 'Matt', 'Acrylic'], ['026', 'Khaki FS30277', '#976a27', 'Matt', 'Acrylic'], ['026', 'Khaki FS30277', '#976a27', 'Matt', 'Acrylic'], ['027', 'Sea Grey FS36231', '#565b56', 'Matt', 'Acrylic'], ['028', 'Camouflage Grey', '#c4c3ba', 'Matt', 'Acrylic'], ['029', 'Dark Earth FS30219', '#7b6248', 'Matt', 'Acrylic'], ['029', 'Dark Earth FS30219', '#7b6248', 'Matt', 'Acrylic'], ['031', 'Slate Grey', '#596060', 'Matt', 'Acrylic'], ['032', 'Dark Grey', '#42494f', 'Matt', 'Acrylic'], ['033', 'Black FS37038', '#1e1e1c', 'Matt', 'Acrylic'], ['033', 'Black FS37038', '#1e1e1c', 'Matt', 'Acrylic'], ['034', 'White FS37875', '#ffffff', 'Matt', 'Acrylic'], ['035', 'Gloss Varnish', None, 'Varnish', 'Acrylic'], ['037', 'Bright Green', '#60c42d', 'Matt', 'Acrylic'], ['041', 'Ivory', '#f5efc1', 'Gloss', 'Acrylic'], ['042', 'Violet', '#caa5cd', 'Matt', 'Acrylic'], ['044', 'Pastel Blue', '#a6c9dc', 'Matt', 'Acrylic'], ['048', 'Mediterranean Blue', '#2f8bb1', 'Gloss', 'Acrylic'], ['049', 'Enamel Varnish', '#fff', 'Matt', 'Acrylic'], ['052', 'Baltic Blue', '#1267a8', 'Metallic', 'Acrylic'], ['053', 'Gunmetal FS17200', '#363120', 'Metallic', 'Acrylic'], ['054', 'Brass', '#dd9215', 'Metallic', 'Acrylic'], ['055', 'Bronze', '#a35510', 'Metallic', 'Acrylic'], ['056', 'Aluminium', '#c9d1d9', 'Metallic', 'Acrylic'], ['057', 'Pink', '#eeadb2', 'Matt', 'Acrylic'], ['060', 'Scarlet', '#c52023', 'Matt', 'Acrylic'], ['061', 'Flesh', '#ed8e5a', 'Matt', 'Acrylic'], ['062', 'Leather FS33275', '#aa5931', 'Matt', 'Acrylic'], ['062', 'Leather FS33275', '#aa5931', 'Matt', 'Acrylic'], ['063', 'Sand', '#cf9b5b', 'Matt', 'Acrylic'], ['064', 'Light Grey', '#a9aaa9', 'Matt', 'Acrylic'], ['065', 'Aircraft Blue', '#b7d2c9', 'Matt', 'Acrylic'], ['069', 'Yellow', '#fdd901', 'Gloss', 'Acrylic'], ['070', 'Brick Red', '#90543a', 'Matt', 'Acrylic'], ['071', 'Oak', '#edd7af', 'Satin', 'Acrylic'], ['072', 'Khaki Drill', '#a38f7b', 'Matt', 'Acrylic'], ['075', 'Bronze Green', '#535a51', 'Matt', 'Acrylic'], ['078', 'Cockpit Green FS34226', '#37573e', 'Matt', 'Acrylic'], ['079', 'Blue Grey', '#676670', 'Matt', 'Acrylic'], ['080', 'Grass Green', '#566f4b', 'Matt', 'Acrylic'], ['081', 'Pale Yellow', '#d9bd37', 'Matt', 'Acrylic'], ['081', 'Pale Yellow Matt', '#d9bd37', 'Matt', 'Acrylic'], ['083', 'Ochre', '#c2a143', 'Matt', 'Acrylic'], ['085', 'Coal Black', '#171513', 'Satin', 'Acrylic'], ['086', 'Light Olive', '#636344', 'Matt', 'Acrylic'], ['088', 'Deck Green', '#576e32', 'Matt', 'Acrylic'], ['089', 'Middle Blue', '#3f97bb', 'Matt', 'Acrylic'], ['090', 'Beige Green', '#dcecc5', 'Matt', 'Acrylic'], ['093', 'Desert Yellow', '#c09555', 'Matt', 'Acrylic'], ['094', 'Brown Yellow', '#c99d6f', 'Matt', 'Acrylic'], ['096', 'RAF Blue', '#617691', 'Matt', 'Acrylic'], ['096', 'RAF Blue', '#617691', 'Matt', 'Acrylic'], ['099', 'Lemon', '#f7e20b', 'Matt', 'Acrylic'], ['100', 'Red Brown', '#c14c36', 'Matt', 'Acrylic'], ['101', 'Mid Green FS34230', '#4a7b5c', 'Matt', 'Acrylic'], ['102', 'Army Green', '#62745a', 'Matt', 'Acrylic'], ['103', 'Cream', '#e9d18a', 'Matt', 'Acrylic'], ['109', 'Light Blue', '#4d7faa', 'Matt', 'Acrylic'], ['110', 'Natural Wood', '#996f53', 'Matt', 'Acrylic'], ['113', 'Rust', '#a0614a', 'Matt', 'Acrylic'], ['113', 'Rust', '#a0614a', 'Matt', 'Acrylic'], ['116', 'US Dark Green', '#3a5943', 'Matt', 'Acrylic'], ['116', 'US Dark Green', '#fff', 'Matt', 'Acrylic'], ['117', 'US Light Green', '#4f6341', 'Matt', 'Acrylic'], ['118', 'US Tan', '#aa8262', 'Matt', 'Acrylic'], ['128', 'US Compass Grey FS26320', '#92aec0', 'Satin', 'Acrylic'], ['130', 'White', '#f8f5f4', 'Satin', 'Acrylic'], ['140', 'Gull Grey', '#89959a', 'Matt', 'Acrylic'], ['149', '149 Dark Green - Matt', '#325330', 'Matt', 'Acrylic'], ['150', 'Forest Green', '#575f2d', 'Matt', 'Acrylic'], ['153', 'Insignia Red', '#b3181e', 'Matt', 'Acrylic'], ['154', 'Insignia Yellow FS33538', '#f8b309', 'Matt', 'Acrylic'], ['155', 'Olive Drab FS34087', '#52572b', 'Matt', 'Acrylic'], ['155', 'Olive Drab FS34087', '#52572b', 'Matt', 'Acrylic'], ['156', 'Dark Camouflage Grey', '#707577', 'Satin', 'Acrylic'], ['157', 'Azure Blue', '#4c7b9b', 'Matt', 'Acrylic'], ['160', 'German Camouflage Red Brown', '#5f3219', 'Matt', 'Acrylic'], ['160', 'German Camo Red Brown', '#5f3219', 'Matt', 'Acrylic'], ['163', 'Dark Green', '#33341c', 'Satin', 'Acrylic'], ['164', 'Dark Sea Grey', '#6d747a', 'Matt', 'Acrylic'], ['165', 'Medium Sea Grey', '#9ca0a6', 'Matt', 'Acrylic'], ['166', 'Light Aircraft Grey', '#a6a7ab', 'Satin', 'Acrylic'], ['171', 'Antique Bronze', '#996a51', 'Metallic', 'Acrylic'], ['186', 'Brown', '#815a46', 'Matt', 'Acrylic'], ['191', 'Chrome Silver', '#dfe7ed', 'Metallic', 'Acrylic'], ['209', 'Fire Orange', '#ea2023', 'Gloss', 'Acrylic'], ['225', 'Middle Stone', '#b9895a', 'Matt', 'Acrylic'], ['226', 'Interior Green', '#79724d', 'Matt', 'Acrylic'], ['230', 'PRU Blue', '#135465', 'Matt', 'Acrylic'], ['238', 'Arrow Red', '#d60832', 'Gloss', 'Acrylic'], ['239', 'British Racing Green', '#003737', 'Gloss', 'Acrylic'], ['240', 'RLM 02 Grau', '#89886d', 'Matt', 'Acrylic'], ['241', 'RLM 70 Schwarzgrun', '#3e4b2d', 'Matt', 'Acrylic'], ['242', 'RLM 71 Dunkelgrun', '#5b5b4c', 'Matt', 'Acrylic'], ['243', 'RLM 72 Grun', '#42494b', 'Matt', 'Acrylic'], ['244', 'RLM 73 Grun', '#435b57', 'Matt', 'Acrylic'], ['245', 'RLM 74 Graugrun', '#4d5550', 'Matt', 'Acrylic'], ['246', 'RLM 75 Grauviolett', '#6d6e6b', 'Matt', 'Acrylic'], ['247', 'RLM 76 Lichtblau', '#c0cac6', 'Matt', 'Acrylic'], ['248', 'RLM 78 Himmelblau', '#93adaa', 'Matt', 'Acrylic'], ['249', 'RLM 79 Sandgelb', '#a68d4c', 'Matt', 'Acrylic'], ['251', 'RLM 81 Dunkelbraun', '#4f4347', 'Matt', 'Acrylic'], ['252', 'RLM 82 Olivgrun', '#51664a', 'Matt', 'Acrylic'], ['253', 'RLM 83 Dunkelgrun', '#505042', 'Matt', 'Acrylic'], ['015', 'Midnight Blue', '#163363', 'Gloss', 'Acrylic'], ['022', 'White', '#f5f2f1', 'Gloss', 'Acrylic'], ['053', 'Gunmetal FS17200', '#363120', 'Metallic', 'Acrylic'], ['063', 'Sand', '#cf9b5b', 'Matt', 'Acrylic'], ['AC7431', 'Clear Gloss Varnish', '#ffffff', 'Varnish', 'Acrylic'], ['AC7433', 'Acrylic Thinners', None, 'Thinners', 'Acrylic'], ['AC7434', 'Clear Matt Varnish', '#fff', 'Varnish', 'Acrylic'], ['001', 'Grey Primer', '#565e58', 'Matt', 'Acrylic'], ['003', 'Brunswick Green', '#144624', 'Gloss', 'Acrylic'], ['011', 'Silver FS17178', '#d8d8da', 'Metallic', 'Acrylic'], ['014', 'French Blue', '#0c5ca4', 'Gloss', 'Acrylic'], ['021', 'Black Gloss', '#1d1a1b', 'Gloss', 'Acrylic'], ['022', 'White Gloss', '#f5f2f1', 'Gloss', 'Acrylic'], ['030', 'Dark Green FS34096', '#176a4a', 'Matt', 'Acrylic'], ['033', 'Black FS37038', '#1e1e1c', 'Matt', 'Acrylic'], ['034', 'White FS37875', '#ffffff', 'Matt', 'Acrylic'], ['035', 'Varnish', '#fff', 'Varnish', 'Acrylic'], ['049', 'Acrylic Varnish', '#ffffff', 'Varnish', 'Acrylic'], ['056', 'Aluminium', '#c9d1d9', 'Metallic', 'Acrylic'], ['063', 'Sand', '#cf9b5b', 'Matt', 'Acrylic'], ['064', 'Light Grey', '#a9aaa9', 'Matt', 'Acrylic'], ['067', 'Tank Grey', '#304045', 'Matt', 'Acrylic'], ['069', 'Yellow', '#fdd901', 'Gloss', 'Acrylic'], ['080', 'Grass Green', '#566f4b', 'Matt', 'Acrylic'], ['155', 'Olive Drab FS34087', '#52572b', 'Matt', 'Acrylic'], ['165', 'Mid Sea Grey', '#9ca0a6', 'Satin', 'Acrylic'], ['191', 'Chrome Silver', '#dfe7ed', 'Metallic', 'Acrylic'], ['239', 'British Racing Green', '#003737', 'Gloss', 'Acrylic'], ['AD6135', 'Varnish', '#fff', 'Varnish', 'Acrylic'], ['AD7700', 'Glass Etch White', '#fff', 'Matt', 'Acrylic'], ['AV0001', 'Weathering Powder Black', '#020202', 'Matt', None], ['AV0002', 'Weathering Powder White', '#fff', 'Matt', None], ['AV0003', 'Weathering Powder Sand', '#d2aa6d', 'Matt', None], ['AV0004', 'Weathering Powder Smoke', '#fff', 'Matt', None], ['AV0005', 'Weathering Powder Chrome Oxide Green', '#fff', 'Matt', None], ['AV0006', 'Weathering Powder Iron Oxide', '#fff', 'Matt', None], ['AV0007', 'Weathering Powder - Dark Earth', '#57471e', 'Matt', None], ['AV0008', 'Weathering Powder Rust', '#813b08', 'Matt', None], ['DB9061', 'NHS Charities Together Rainbow Colour Set', '#ed8e5a', None, None]], 'Humbrol Acrylic Rail': [['RC401', 'Dirty Black', '#fff', 'Matt', 'Acrylic'], ['RC402', 'Matt Rust', '#fff', 'Matt', 'Acrylic'], ['RC403', 'Crimson Lake', '#fff', 'Matt', 'Acrylic'], ['RC404', 'Garter Blue', '#fff', 'Matt', 'Acrylic'], ['RC405', 'GWR/BR Green', '#fff', 'Matt', 'Acrylic'], ['RC406', 'Buffer Beam Red', '#fff', 'Matt', 'Acrylic'], ['RC407', 'BR Yellow', '#fff', 'Matt', 'Acrylic'], ['RC408', 'Apple Green', '#fff', 'Matt', 'Acrylic'], ['RC409', 'Malachite Green', '#fff', 'Matt', 'Acrylic'], ['RC410', 'Maunsell Green', '#fff', 'Matt', 'Acrylic'], ['RC411', 'Diesel Blue', '#fff', 'Matt', 'Acrylic'], ['RC412', 'BR Coach Roof Grey', '#fff', 'Matt', 'Acrylic'], ['RC413', 'Engineers Grey', '#fff', 'Matt', 'Acrylic'], ['RC414', 'Executive Dark Grey', '#fff', 'Matt', 'Acrylic'], ['RC415', 'Pullman Umber Brown', '#fff', 'Matt', 'Acrylic'], ['RC416', 'Pullman Cream', '#fff', 'Matt', 'Acrylic'], ['RC417', 'Coach Roof Off-White', '#fff', 'Matt', 'Acrylic'], ['RC418', 'EWS Red', '#fff', 'Matt', 'Acrylic'], ['RC419', 'EWS Yellow', '#fff', 'Matt', 'Acrylic'], ['RC420', 'Orange Lining', '#fff', 'Matt', 'Acrylic'], ['RC421', 'Virgin Red', '#fff', 'Matt', 'Acrylic'], ['RC422', 'Intercity Grey', '#fff', 'Matt', 'Acrylic'], ['RC423', 'Carmine', '#fff', 'Matt', 'Acrylic'], ['RC424', 'BR Cream', '#fff', 'Matt', 'Acrylic']], 'Humbrol Authentic Colours': [['HF3', 'dark earth', '#fff', 'Matt', 'Enamel'], ['HB01', 'Dark Green', '#1a6949', 'Matt', 'Enamel'], ['HB02', 'Dark Earth', '#7c614e', 'Matt', 'Enamel'], ['HB03', 'Ocean Grey', '#666f54', 'Matt', 'Enamel'], ['HB04', 'Duck Egg Blue', '#cae8c9', 'Matt', 'Enamel'], ['HB05', 'Sky Type S', '#d9e8bf', 'Matt', 'Enamel'], ['HB06', 'Sea Grey Medium', '#999ca2', 'Matt', 'Enamel'], ['HB07', 'Extra Dark Sea Grey', '#505654', 'Matt', 'Enamel'], ['HB08', 'Dark Slate Grey', '#637054', 'Matt', 'Enamel'], ['HB09', 'Sea Blue Gloss', '#474a4e', 'Gloss', 'Enamel'], ['HB10', 'Night Black', '#231f20', 'Matt', 'Enamel'], ['HB11', 'Underside White', '#f3efee', 'Matt', 'Enamel'], ['HB12', 'Midstone', '#6a5320', 'Matt', 'Enamel'], ['HB13', 'Azure Blue', '#065b7e', 'Matt', 'Enamel'], ['HB14', 'Airframe Silver', '#cfd1d2', 'Metallic', 'Enamel'], ['HB15', 'RFC Green', '#616352', 'Matt', 'Enamel'], ['HB16', 'Clear Doped Linen', '#fdd549', 'Matt', 'Enamel'], ['HC01', 'Fitting Copper', '#9f6326', 'Metallic', 'Enamel'], ['HC02', 'Hull Black', '#0a0607', 'Satin', 'Enamel'], ['HC03', 'Sail White', '#f3efee', 'Satin', 'Enamel'], ['HC04', 'Deck Plank', '#d2c5b4', 'Matt', 'Enamel'], ['HC05', 'Mast Oak', '#edd8ae', 'Satin', 'Enamel'], ['HC06', 'Marker Yellow', '#f7d100', 'Matt', 'Enamel'], ['HD01', 'Aircraft Grey Green', '#32523b', 'Matt', 'Enamel'], ['HD02', 'Bright Green', '#fff', 'Matt', 'Enamel'], ['HD03', 'Night Blue', '#fff', 'Matt', 'Enamel'], ['HD04', 'Zinc Chromate Primer', '#dabe31', 'Satin', 'Enamel'], ['HD05', 'Interior Green ANA 611', '#717048', 'Matt', 'Enamel'], ['HF01', 'Khaki', '#fff', 'Matt', 'Enamel'], ['HF02', 'Vert (Green)', '#fff', 'Matt', 'Enamel'], ['HF03', 'Terre Fonce (Dark Earth)', '#57471e', 'Matt', 'Enamel'], ['HF04', 'Gris Bleu Clair (Light Blue Grey)', '#fff', 'Matt', 'Enamel'], ['HF05', 'Gris Bleu Fonce (Dark Blue Grey)', '#69606a', 'Matt', 'Enamel'], ['HF06', 'Chocolat (Chocolate)', '#714e3c', 'Matt', 'Enamel'], ['HG01', 'Schwarzgr├╝n', '#0d1514', 'Matt', 'Enamel'], ['HG02', 'Dunkelgrun 71 (Dark Green)', '#1a6949', 'Matt', 'Enamel'], ['HG03', 'RLM 76 Hellgrau', '#bfd5d4', 'Matt', 'Enamel'], ['HG04', 'RLM 74 Dunkelgrau', '#505654', 'Matt', 'Enamel'], ['HG05', 'Hellblau 65 (Light Blue)', '#b7d6d0', 'Matt', 'Enamel'], ['HG06', 'RLM 02 Grau', '#7f816c', 'Matt', 'Enamel'], ['HG07', 'German Pale Yellow', '#c89c6f', 'Matt', 'Enamel'], ['HG08', 'German Green', '#1a6949', 'Matt', 'Enamel'], ['HG09', 'German Purple', '#fff', 'Matt', 'Enamel'], ['HG10', 'German Light Blue', '#5b7fac', 'Matt', 'Enamel'], ['HG11', 'RLM 75 Mittelgrau', '#676b6b', 'Matt', 'Enamel'], ['HG12', 'Sandbraun RLM 79', '#9f924e', 'Matt', 'Enamel'], ['HG13', 'RLM 78 Himmelblau', '#8ea8a9', 'Matt', 'Enamel'], ['HG14', 'RLM 80 Olivegr├╝n', '#282b1a', 'Matt', 'Enamel'], ['HG15', 'RLM 61 Brown', '#3c3333', 'Matt', 'Enamel'], ['HG16', 'Braunviolett RLM 81', '#4a4146', 'Matt', 'Enamel'], ['HG17', 'RLM 82 Dunkelgr├╝n', '#4f533a', 'Matt', 'Enamel'], ['HI01', 'Mottle Green', '#637054', 'Matt', 'Enamel'], ['HI02', 'Upper Green', '#fff', 'Matt', 'Enamel'], ['HI03', 'Overall Green', '#fff', 'Matt', 'Enamel'], ['HI04', 'Sand', '#fff', 'Matt', 'Enamel'], ['HI05', 'Grey', '#fff', 'Matt', 'Enamel'], ['HI06', 'Insignia White', '#f3efee', 'Matt', 'Enamel'], ['HJ01', 'Green N1', '#fff', 'Matt', 'Enamel'], ['HJ02', 'Grey A/N2', '#fff', 'Matt', 'Enamel'], ['HJ03', 'A.3 Green', '#fff', 'Matt', 'Enamel'], ['HJ04', 'N.9 Mauve', '#fff', 'Matt', 'Enamel'], ['HJ05', 'N.17 Brown', '#926549', 'Matt', 'Enamel'], ['HJ06', 'Silver A.6', '#cfd1d2', 'Metallic', 'Enamel'], ['HM01', '8th Army Desert Yellow', '#bf9352', 'Matt', 'Enamel'], ['HM02', 'Africa Korps Desert Yellow', '#d39651', 'Matt', 'Enamel'], ['HM03', 'U.S. Olive Drab', '#394044', 'Matt', 'Enamel'], ['HM04', 'German Panzer Grey', '#24383f', 'Matt', 'Enamel'], ['HM5', 'Field Blue', '#fff', 'Matt', 'Enamel'], ['HM 5', 'Field Blue', '#fff', 'Matt', 'Enamel'], ['HM05', 'Field Blue', '#2b2c5a', 'Matt', 'Enamel'], ['HM06', 'Field Grey', '#4f5455', 'Matt', 'Enamel'], ['HM07', 'Khaki Drab', '#4c4e26', 'Matt', 'Enamel'], ['HM08', 'Khaki Drill', '#a28d79', 'Matt', 'Enamel'], ['HM09', 'Scarlet (Red)', '#fff', 'Matt', 'Enamel'], ['HM10', 'Navy Blue', '#fff', 'Matt', 'Enamel'], ['HM11', 'Black', '#231f20', 'Matt', 'Enamel'], ['HM12', 'Dark Blue', '#fff', 'Matt', 'Enamel'], ['HM13', 'Dark Green', '#fff', 'Matt', 'Enamel'], ['HM14', 'Crimson', '#901824', 'Matt', 'Enamel'], ['HM15', 'Flesh', '#ee8e5a', 'Matt', 'Enamel'], ['HM16', 'White', '#f3efee', 'Matt', 'Enamel'], ['HM17', 'Gunmetal', '#2a2b1b', 'Metallic', 'Enamel'], ['HM18', 'Brass', '#de9227', 'Metallic', 'Enamel'], ['HM19', 'Dark Wood', '#fff', 'Matt', 'Enamel'], ['HM20', 'Silver Plate', '#cfd1d2', 'Metallic', 'Enamel'], ['HM21', 'Leather', '#a85631', 'Matt', 'Enamel'], ['HN01', 'Light Grey', '#83949a', 'Matt', 'Enamel'], ['HN02', 'Dark Grey', '#505654', 'Matt', 'Enamel'], ['HN03', 'Deck Green', '#55692f', 'Matt', 'Enamel'], ['HN04', 'Deck Bleached Teak', '#fff', 'Matt', 'Enamel'], ['HN05', 'Hull Red', '#fff', 'Matt', 'Enamel'], ['HN06', 'Black', '#231f20', 'Matt', 'Enamel'], ['HP01', 'German Overall Sand', '#b49634', 'Matt', 'Enamel'], ['HP02', 'German Camouflaged Red Brown', '#592f17', 'Matt', 'Enamel'], ['HP03', 'German Camouflaged Medium Green', '#675c40', 'Matt', 'Enamel'], ['HP04', 'British Army Deep Bronze Green', '#56564c', 'Matt', 'Enamel'], ['HP05', 'U.S. Marine Corps Green', '#1f563c', 'Matt', 'Enamel'], ['HR101', 'LNER Loco Green', '#32ab38', 'Matt', 'Enamel'], ['HR102', 'GWR Coach Stock Chocolate', '#fff', 'Matt', 'Enamel'], ['HR103', 'Lining Cream GWR, LMS', '#fff', 'Matt', 'Enamel'], ['HR104', 'GWR Standard Loco Green, BR Green', '#114432', 'Matt', 'Enamel'], ['HR105', 'GWR Freight Stock Grey', '#fff', 'Matt', 'Enamel'], ['HR106', 'SR Green Malachite Green', '#006f51', 'Matt', 'Enamel'], ['HR107', 'LMS Wagon Grey', '#fff', 'Matt', 'Enamel'], ['HR108', 'LMS Maroon BR Loco-Hauled Stock Maroon', '#fff', 'Matt', 'Enamel'], ['HR109', 'B.R. Roof Paint Lead', '#fff', 'Matt', 'Enamel'], ['HR110', 'LNER Red Oxide, GWR Indian Red, BR Freight Stock Red Bauxit', '#801322', 'Matt', 'Enamel'], ['HR111', 'B.R. Freight Stock Grey', '#fff', 'Matt', 'Enamel'], ['HR112', 'B.R. Interior Paint Stone', '#fff', 'Matt', 'Enamel'], ['HR113', 'SR Stock Green (Post War), BR Multi-Stock Unit Green', '#fff', 'Matt', 'Enamel'], ['HR114', 'BR Coach Stock Cream', '#ffeebc', 'Matt', 'Enamel'], ['HR115', 'BR Loco-Hauled Stock Yellow Lining', '#ffd457', 'Matt', 'Enamel'], ['HR116', 'LMS Crimson Lake, BR Coach Stock Crimson', '#642200', 'Matt', 'Enamel'], ['HR117', 'GE Blue', '#fff', 'Matt', 'Enamel'], ['HR118', 'LNER Garter Blue', '#006993', 'Matt', 'Enamel'], ['HR119', 'Track Colour', '#443736', 'Matt', 'Enamel'], ['HR120', 'Signal Yellow', '#f7e309', 'Matt', 'Enamel'], ['HR121', 'Signal Red', '#d63827', 'Matt', 'Enamel'], ['HR122', 'CPR Yellow', '#fff', 'Matt', 'Enamel'], ['HR123', 'CPR Tuscan Red', '#fff', 'Matt', 'Enamel'], ['HR124', 'CPR Grey', '#fff', 'Matt', 'Enamel'], ['HR125', 'CPR Yellow', '#fff', 'Matt', 'Enamel'], ['HR126', 'CPR Green', '#fff', 'Matt', 'Enamel'], ['HR127', 'Black', '#231f20', 'Matt', 'Enamel'], ['HR128', 'White', '#f3efee', 'Matt', 'Enamel'], ['HR129', 'Silver', '#cfd1d2', 'Metallic', 'Enamel'], ['HR130', 'Gold', '#d6ab25', 'Metallic', 'Enamel'], ['HR131', 'Copper', '#9c6326', 'Matt', 'Enamel'], ['HR132', 'BR Orange Lining', '#de6133', 'Matt', 'Enamel'], ['HR133', 'BR Deltic Blue', '#fff', 'Matt', 'Enamel'], ['HR134', 'SNCF Green', '#fff', 'Matt', 'Enamel'], ['HR135', 'BR Blue', '#004f5a', 'Matt', 'Enamel'], ['HR136', 'BR Grey', '#bcbab2', 'Matt', 'Enamel'], ['HR137', 'BR Red', '#d44f31', 'Matt', 'Enamel'], ['HR140', 'SR Olive Green', '#fff', 'Matt', 'Enamel'], ['HR142', 'SR Wagon Brown', '#fff', 'Matt', 'Enamel'], ['HR143', 'LNER Brown', '#543019', 'Matt', 'Enamel'], ['HR144', 'L.M.S. Coach Red', '#fff', 'Matt', 'Enamel'], ['HR145', 'Dirty Black', '#0a0607', 'Matt', 'Enamel'], ['HR146', 'Purpurrot RAL 3004', '#691b23', 'Matt', 'Enamel'], ['HR147', 'DB Kobaltblau RAL 5013', '#223053', 'Matt', 'Enamel'], ['HR148', 'DB Chromoxydgrun RAL 6020', '#12361b', 'Matt', 'Enamel'], ['HR149', 'DB Umbragrau RAL 7022', '#4c4a44', 'Matt', 'Enamel'], ['HR150', 'DB Rotbraun RAL 8012', '#64332b', 'Matt', 'Enamel'], ['HR151', 'DB Tiefschwarz RAL 9005', '#0a0607', 'Matt', 'Enamel'], ['HR152', 'DB Schwarzgrau RAL 7021', '#303234', 'Matt', 'Enamel'], ['HR153', 'DB Erdbeerrot RAL 3018', '#c43e4a', 'Matt', 'Enamel'], ['HR154', 'DB Kieselgrau RAL 7032', '#b4b0a1', 'Matt', 'Enamel'], ['HR155', 'DB Grunblau RAL 5001', '#1d4c64', 'Matt', 'Enamel'], ['HR156', 'DB Blutorange RAL 2002', '#bc3823', 'Matt', 'Enamel'], ['HR157', 'DB Altes Metall', '#fff', 'Matt', 'Enamel'], ['HS202', 'Concrete', '#fff', 'Matt', 'Enamel'], ['HS205', 'Foliage', '#fff', 'Matt', 'Enamel'], ['HS206', 'Grass Green', '#666f48', 'Matt', 'Enamel'], ['HS209', 'Tarmac', '#40515d', 'Matt', 'Enamel'], ['HS215', 'Track Colour', '#443736', 'Matt', 'Enamel'], ['HS216', 'Rust', '#a86959', 'Matt', 'Enamel'], ['HS217', 'Steel', '#bfc9d2', 'Metallic', 'Enamel'], ['HS220', 'Signal Yellow', '#f7e309', 'Matt', 'Enamel'], ['HS221', 'Signal Red', '#d63827', 'Matt', 'Enamel'], ['HS228', 'White', '#f3efee', 'Matt', 'Enamel'], ['HS230', 'Brass', '#de9227', 'Metallic', 'Enamel'], ['HS231', 'Copper', '#9c6326', 'Metallic', 'Enamel'], ['HT01', 'Topside Green', '#355546', 'Matt', 'Enamel'], ['HT02', 'Underside Blue', '#065b7e', 'Matt', 'Enamel'], ['HT03', 'Surface Grey', '#9da3a3', 'Matt', 'Enamel'], ['HT04', 'Subframe Grey', '#8d979c', 'Matt', 'Enamel'], ['HT05', 'Marker Red', '#d63827', 'Matt', 'Enamel'], ['HT06', 'Insignia Yellow', '#f7e309', 'Matt', 'Enamel'], ['HU01', 'Medium Green 42', '#565b27', 'Matt', 'Enamel'], ['HU02', 'Olive Drab 41', '#394044', 'Matt', 'Enamel'], ['HU3', 'Neutral Grey 43', '#7f848a', 'Matt', 'Enamel'], ['HU03', 'Neutral Grey 43', '#7e848b', 'Matt', 'Enamel'], ['HU04', 'Non Specular Sea Blue', '#474a4e', 'Matt', 'Enamel'], ['HU05', 'Intermediate Blue', '#64728d', 'Matt', 'Enamel'], ['HU06', 'Light Grey', '#999ca2', 'Matt', 'Enamel'], ['HU7', 'Green FS34079', '#595c4e', 'Matt', 'Enamel'], ['HU07', 'Green FS34079', '#355546', 'Matt', 'Enamel'], ['HU8', 'Green FS34102', '#636750', 'Matt', 'Enamel'], ['HU08', 'Green FS34102', '#4f6346', 'Matt', 'Enamel'], ['HU9', 'Tan FS30219', '#a1836c', 'Matt', 'Enamel'], ['HU09', 'Tan FS30219', '#aa7c5d', 'Matt', 'Enamel'], ['HU10', 'Grey FS36622', '#d4d0c7', 'Matt', 'Enamel'], ['HU10', 'Grey FS36622', '#d5d0c8', 'Matt', 'Enamel'], ['HU11', 'Airframe White', '#f3efee', 'Matt', 'Enamel'], ['HU12', 'Night Black', '#231f20', 'Matt', 'Enamel'], ['HU13', 'Azure Blue ANA 609', '#65707f', 'Matt', 'Enamel'], ['HU14', 'Blue FS35414', '#9eb3af', 'Matt', 'Enamel'], ['HU15', 'Blue FS35109', '#457284', 'Matt', 'Enamel'], ['HU16', 'Blue FS35164', '#65707f', 'Matt', 'Enamel'], ['HU17', 'Green FS34258', '#929465', 'Matt', 'Enamel'], ['HU18', 'Brown FS30118', '#7c694e', 'Matt', 'Enamel'], ['HU19', 'Blue FS35237', '#6a6f77', 'Matt', 'Enamel'], ['HU20', 'Grey FS36251', '#8f908f', 'Matt', 'Enamel'], ['HU21', 'Grey FS36307', '#9fa099', 'Matt', 'Enamel'], ['HU22', 'Blue Grey ANA 603', '#565d62', 'Matt', 'Enamel'], ['HU23', 'Semi-gloss Sea Blue ANA 606', '#474a4e', 'Satin', 'Enamel'], ['HU24', 'Glossy sea Blue ANA 623', '#474a4e', 'Gloss', 'Enamel'], ['HU25', 'Dark Gull Grey FS36231', '#8d979c', 'Matt', 'Enamel'], ['HV03', 'Matt Varnish', '#ffffff', 'Varnish', 'Enamel'], ['HX 1', 'Dark Green', '#fff', 'Matt', 'Enamel'], ['HX01', 'Dark Green', '#1c1d14', 'Satin', 'Enamel'], ['HX 2', 'Dark Sea Grey', '#fff', 'Matt', 'Enamel'], ['HX02', 'Dark Sea Grey', '#70757c', 'Matt', 'Enamel'], ['HX03', 'PRU Blue', '#fff', 'Matt', 'Enamel'], ['HX04', 'Sea Grey Medium', '#9ba2aa', 'Matt', 'Enamel'], ['HX05', 'Light Aircraft Grey', '#a1a5aa', 'Matt', 'Enamel'], ['HX06', 'Extra Dark Sea Grey', '#666c74', 'Matt', 'Enamel'], ['HX07', 'Barley Grey', '#999ca2', 'Matt', 'Enamel'], ['HX08', 'Hemp', '#c7be9f', 'Matt', 'Enamel'], ['IAF1', 'Earth FS30219', '#ab6f53', 'Matt', 'Enamel'], ['IAF2', 'Green FS34227', '#106037', 'Matt', 'Enamel'], ['IAF3', 'Middlestone FS33531', '#dfcb9b', 'Matt', 'Enamel'], ['IAF4', 'Pale Blue FS35622', '#ced8cd', 'Matt', 'Enamel'], ['MC01', 'British Scarlet', '#ba2025', 'Matt', 'Enamel'], ['MC02', 'Yellow Facings', '#fff', 'Matt', 'Enamel'], ['MC03', 'Rifle Green', '#4e6952', 'Matt', 'Enamel'], ['MC04', 'British Grey', '#999ca2', 'Matt', 'Enamel'], ['MC05', 'British Crimson', '#954a50', 'Matt', 'Enamel'], ['MC06', 'Brown Bess', '#fff', 'Matt', 'Enamel'], ['MC07', 'Dragoon Green', '#4b7759', 'Matt', 'Enamel'], ['MC08', 'French Blue', '#164260', 'Matt', 'Enamel'], ['MC09', 'Sky Blue', '#4398bc', 'Matt', 'Enamel'], ['MC10', 'Polish Crimson', '#901824', 'Matt', 'Enamel'], ['MC11', 'Orange Facings', '#de6133', 'Matt', 'Enamel'], ['MC12', 'Prussian Dragoon Blue', '#5b7fac', 'Matt', 'Enamel'], ['MC13', 'White', '#f3efee', 'Matt', 'Enamel'], ['MC14', 'Black', '#231f20', 'Matt', 'Enamel'], ['MC15', 'Flesh', '#ee8e5a', 'Matt', 'Enamel'], ['MC16', 'Gold', '#d6ab1f', 'Metallic', 'Enamel'], ['MC17', 'Silver', '#cfd1d2', 'Metallic', 'Enamel'], ['MC18', 'Brass', '#de9227', 'Metallic', 'Enamel'], ['MC19', 'Antique Bronze', '#986549', 'Metallic', 'Enamel'], ['MC20', 'British Equipment Grey', '#666f54', 'Matt', 'Enamel'], ['MC21', 'MC21 French artillery green', '#fff', 'Matt', 'Enamel'], ['MC21', 'French Artillery Green', '#fff', 'Matt', 'Enamel'], ['MC22', 'Chestnut Brown', '#a86959', 'Matt', 'Enamel'], ['MC23', 'Gunmetal', '#2a2b1b', 'Metallic', 'Enamel'], ['MC24', 'Natural Wood', '#926549', 'Matt', 'Enamel'], ['MC25', 'Unbleached Linen', '#e9d187', 'Matt', 'Enamel'], ['MC26', 'Royal Purple', '#240e48', 'Matt', 'Enamel'], ['MC27', 'Hardened Leather', '#a85631', 'Matt', 'Enamel'], ['MC28', 'Green Leather', '#666f48', 'Matt', 'Enamel'], ['MC29', 'Red Leather', '#fff', 'Matt', 'Enamel'], ['MC30', 'Unbleached wool', '#fff', 'Matt', 'Enamel'], ['RAL 7009', '', '#5c6058', 'Matt', 'Enamel'], ['RAL 7012', '', '#585d5e', 'Matt', 'Enamel'], ['RAL 7030', '', '#918e85', 'Matt', 'Enamel'], ['RAL 7035', '', '#c5c7c4', 'Matt', 'Enamel'], ['RAL 7037', '', '#7a7b7a', 'Matt', 'Enamel'], ['RAL 7039', '', '#6a665e', 'Matt', 'Enamel'], ['SW01', 'Light Green 322M', '#4f6346', 'Matt', 'Enamel'], ['SW02', 'Dark Olive Green 326M', '#1f563c', 'Matt', 'Enamel'], ['SW03', 'Night Black 093M', '#231f20', 'Matt', 'Enamel'], ['SW04', 'Brown 507M', '#aa7c5d', 'Matt', 'Enamel'], ['SW05', 'Blue Grey 058M', '#8d8f8e', 'Matt', 'Enamel'], ['USM1', 'Marine Field Green FS34097', '#0c6f54', 'Matt', 'Enamel'], ['USN1', 'Dark Grey FS36118', '#565d62', 'Matt', 'Enamel'], ['USN2', 'Medium Grey FS36270', '#fff', 'Matt', 'Enamel'], ['USN2', 'Medium Grey FS36270', '#8d8f8e', 'Matt', 'Enamel'], ['USN3', 'Light Compass Ghost Grey FS36375', '#adbfca', 'Matt', 'Enamel'], ['USN4', 'Dark Compass Grey FS36320', '#8facbe', 'Matt', 'Enamel'], ['USN4', 'Dark Compass Grey FS36320', '#fff', 'Matt', 'Enamel'], ['USN5', 'Light Gull Grey FS36440', '#9da3a3', 'Matt', 'Enamel'], ['USN6', 'White FS37875', '#f3efee', 'Matt', 'Enamel']], 'ICM': [[None, None, '#fff', None, 'Enamel'], ['1001', 'White', '#ffffff', 'Matt', 'Acrylic'], ['1002', 'Black', '#000000', 'Matt', 'Acrylic'], ['1003', 'Deep Yellow', '#f5cb08', 'Matt', 'Acrylic'], ['1004', 'Intense Pink', '#c987b5', 'Matt', 'Acrylic'], ['1005', 'Deep Purple', '#8c607e', 'Matt', 'Acrylic'], ['1006', 'Deep Orange', '#dc4c24', 'Matt', 'Acrylic'], ['1007', 'Deep Red', '#a33736', 'Matt', 'Acrylic'], ['1008', 'Deep Brown', '#77472b', 'Matt', 'Acrylic'], ['1009', 'Deep Green', '#02833f', 'Matt', 'Acrylic'], ['1010', 'Deep Blue', '#3569a7', 'Matt', 'Acrylic'], ['1011', 'Clear Red', '#9d302b', 'Gloss', 'Acrylic'], ['1012', 'Clear Blue', '#24509a', 'Gloss', 'Acrylic'], ['1013', 'Clear Smoke', '#474041', 'Gloss', 'Acrylic'], ['1014', 'Clear Green', '#48782d', 'Gloss', 'Acrylic'], ['1015', 'Clear Yellow', '#dbb216', 'Gloss', 'Acrylic'], ['1016', 'Clear Orange', '#b75c2f', 'Gloss', 'Acrylic'], ['1017', 'Gold', '#ffd700', 'Metallic', 'Acrylic'], ['1018', 'Brass', '#b5a642', 'Metallic', 'Acrylic'], ['1019', 'Rusty Brass', '#ce7b32', 'Metallic', 'Acrylic'], ['1020', 'Bronze', '#cd7f32', 'Metallic', 'Acrylic'], ['1021', 'Copper', '#b87333', 'Metallic', 'Acrylic'], ['1022', 'Burnt Tin', '#5f4031', 'Metallic', 'Acrylic'], ['1023', 'Aluminium', '#8a9096', 'Metallic', 'Acrylic'], ['1024', 'Silver', '#c0c0c0', 'Metallic', 'Acrylic'], ['1025', 'Natural Steel', '#8a8287', 'Metallic', 'Acrylic'], ['1026', 'Oily Steel', '#99aaaa', 'Metallic', 'Acrylic'], ['1027', 'Gunmetal', '#2c3539', 'Metallic', 'Acrylic'], ['1028', 'Off White', '#dce5e4', 'Matt', 'Acrylic'], ['1029', 'White Grey', '#d8dad9', 'Matt', 'Acrylic'], ['1030', 'Ivory', '#f5e9bd', 'Matt', 'Acrylic'], ['1031', 'Warm Grey', '#aca59c', 'Matt', 'Acrylic'], ['1032', 'Blue Grey', '#5d6a76', 'Matt', 'Acrylic'], ['1033', 'Sky Grey', '#a5a7a8', 'Matt', 'Acrylic'], ['1034', 'Dark Sea Grey', '#8f9092', 'Matt', 'Acrylic'], ['1035', 'Grey-Green', '#9b9680', 'Matt', 'Acrylic'], ['1036', 'Neutral Grey', '#858f98', 'Matt', 'Acrylic'], ['1037', 'Dark Grey', '#4f575c', 'Matt', 'Acrylic'], ['1038', 'German Grey', '#25282b', 'Matt', 'Acrylic'], ['1039', 'Rubber Black', '#363432', 'Matt', 'Acrylic'], ['1040', 'Beige', '#e2bc83', 'Matt', 'Acrylic'], ['1041', 'Buff', '#d6bc8d', 'Matt', 'Acrylic'], ['1042', 'Pale Sand', '#d2bf95', 'Matt', 'Acrylic'], ['1043', 'Light Flesh', '#ebdbd8', 'Matt', 'Acrylic'], ['1044', 'Basic Skin Tone', '#eac2b1', 'Matt', 'Acrylic'], ['1045', 'Medium Orange', '#ff784d', 'Matt', 'Acrylic'], ['1046', 'Blood Red', '#d91e27', 'Matt', 'Acrylic'], ['1047', 'Matt Red', '#af2f2c', 'Matt', 'Acrylic'], ['1048', 'Wine Red', '#63342a', 'Matt', 'Acrylic'], ['1049', 'Medium Rust', '#b75c2f', 'Matt', 'Acrylic'], ['1050', 'Saddle Brown', '#916a57', 'Matt', 'Acrylic'], ['1051', 'Dark Rust', '#775142', 'Matt', 'Acrylic'], ['1052', 'Hull Red', '#5a3624', 'Matt', 'Acrylic'], ['1053', 'Leather Brown', '#493b29', 'Matt', 'Acrylic'], ['1054', 'Chocolate (chipping)', '#6c5e4b', 'Matt', 'Acrylic'], ['1055', 'Deck Tan', '#c6c0b6', 'Matt', 'Acrylic'], ['1056', 'Light Earth', '#d0ad94', 'Matt', 'Acrylic'], ['1057', 'Ochre', '#b88322', 'Matt', 'Acrylic'], ['1058', 'Tan Earth', '#977653', 'Matt', 'Acrylic'], ['1059', 'Green Ochre', '#c9ac7a', 'Matt', 'Acrylic'], ['1060', 'Middle Stone', '#9f893c', 'Matt', 'Acrylic'], ['1061', 'Green-Brown', '#997826', 'Matt', 'Acrylic'], ['1062', 'British Khaki', '#7e6523', 'Matt', 'Acrylic'], ['1063', 'Green Grey', '#d8d3bf', 'Matt', 'Acrylic'], ['1064', 'Lime Green', '#8ca71d', 'Matt', 'Acrylic'], ['1065', 'Interior Yellow Green', '#c0aa2f', 'Matt', 'Acrylic'], ['1066', 'Grass Green', '#6a9529', 'Matt', 'Acrylic'], ['1067', 'Dark Green', '#006400', 'Matt', 'Acrylic'], ['1068', 'Olive Green', '#5f6b21', 'Matt', 'Acrylic'], ['1069', 'Extra Dark Green', '#55574c', 'Matt', 'Acrylic'], ['1070', 'German Field Grey', '#524b2b', 'Matt', 'Acrylic'], ['1071', 'Camouflage Green', '#63583a', 'Matt', 'Acrylic'], ['1072', 'US Dark Green', '#594d30', 'Matt', 'Acrylic'], ['1073', 'Russian Green', '#585834', 'Matt', 'Acrylic'], ['1074', 'Pale Blue', '#a6bab7', 'Matt', 'Acrylic'], ['1075', 'Grey-Blue', '#5f849c', 'Matt', 'Acrylic'], ['1076', 'Deep Sky Blue', '#00bfff', 'Matt', 'Acrylic'], ['1077', 'Dark Blue', '#00008b', 'Matt', 'Acrylic'], ['2001', 'Matt Varnish', '#fcffff', 'Varnish', 'Acrylic'], ['2002', 'Satin Varnish', '#fcffff', 'Varnish', 'Acrylic'], ['2003', 'Gloss Varnish', '#fcffff', 'Varnish', 'Acrylic'], ['2004', 'Gray Primer', None, 'Matt', 'Acrylic'], ['2005', 'Black Primer', None, 'Matt', 'Acrylic'], ['2006', 'Dark Yellow Primer', None, 'Matt', 'Acrylic'], ['2007', 'Russian Green Primer', None, 'Matt', 'Acrylic'], ['2008', 'Olive Drab Primer', None, 'Matt', 'Acrylic'], ['2009', 'White Primer', None, 'Matt', 'Acrylic'], ['2010', 'Acrylic Thinner', None, 'Thinners', 'Acrylic'], ['3001', 'AH-1G Cobra', '#dc4c24', None, None], ['3003', 'Marder I', '#2c3539', None, None], ['3005', 'G7107 & other WWII US Vehicles', '#000000', None, None], ['3006', 'Soviet AFV', '#ffffff', None, None], ['3007', 'Invader B-26K', '#000000', None, None], ['3008', 'OV-10A Bronco', '#000000', None, None], ['3009', 'Laffly V15T', '#2c3539', None, None], ['3010', 'Basic Acrylic Colors', '#ffffff', None, None], ['3011', 'Soviet Trucks', '#9d302b', None, None], ['3012', 'USAAF Pilots (1944-1945)', '#000000', None, None], ['3013', 'American Civil War Union Infantry', '#ffd700', None, None], ['3014', 'WWII German Aviation', '#f5cb08', None, None], ['3019', 'US Cargo Trucks', '#ffffff', None, None], ['3021', 'WWII Japanese Aviation for 72203', '#8a9096', None, None], ['3027', 'The Ghost of Kyiv', '#dce5e4', None, None], ['3029', 'Ships of the Kriegsmarine', '#9d302b', None, None], ['3031', 'Fire Trucks', '#24509a', None, None], ['3034', 'American Civil War Confederate infantry', '#cd7f32', None, None], ['3043', 'WWI & WWII Weapons and equipment', '#000000', None, None], ['3049', 'Wehrmacht Afrika Korps', '#25282b', None, None], ['3050', 'WWII British Royal Navy Aviation', '#5f4031', None, None], ['3051', 'WWI US Vehicles', '#000000', None, None], ['3052', 'WWII Military vehicles of Britain', '#dce5e4', None, None], ['3053', 'WWII German U-boats', '#9d302b', None, None], ['3004', 'Palette of 80 colors', '#ffffff', None, None]], 'Italeri Acrylic Paint': [['4301AP', 'Flat Interior Grey green', '#325e2f', 'Matt', 'Acrylic'], ['4302AP', 'Flat Orange', '#e84925', 'Matt', 'Acrylic'], ['4303AP', 'Flat Dark Earth', '#7a5936', 'Matt', 'Acrylic'], ['4304AP', 'Flat Middle Stone', '#a87f48', 'Matt', 'Acrylic'], ['4305AP', 'Flat Light Brown FS30219', '#a1836c', 'Matt', 'Acrylic'], ['4306AP', 'Flat Medium Brown (FS 30111)', '#4c2a21', 'Matt', 'Acrylic'], ['4307AP', 'Flat Medium Blue', '#0058a9', 'Matt', 'Acrylic'], ['4308AP', 'Flat Azure Blue', '#4385c5', 'Matt', 'Acrylic'], ['4309AP', 'Flat Light Green FS34230', '#599d5a', 'Matt', 'Acrylic'], ['4311AP', 'Flat Dark Slate Grey FS34096', '#616352', 'Matt', 'Acrylic'], ['4312AP', 'Flat Extra Dark Sea Grey', '#353f3a', 'Matt', 'Acrylic'], ['4313AP', 'Flat Medium Sea Grey', '#8e9493', 'Matt', 'Acrylic'], ['4314AP', 'Flat Medium Green (I)', '#4b6553', 'Matt', 'Acrylic'], ['4315AP', 'Flat Olive Drab', '#575c44', 'Matt', 'Acrylic'], ['4390AP', 'Flat Light Flesh', '#f5ca86', 'Matt', 'Acrylic'], ['4601AP', 'Flat Skin Tone Tint Base - Light', '#e7bea7', 'Matt', 'Acrylic'], ['4603AP', 'Flat Skin Tone Warm Tint', '#cb9565', 'Matt', 'Acrylic'], ['4604AP', 'Flat Non Specular Sea Blue', '#0d3b5c', 'Matt', 'Acrylic'], ['4605AP', 'Gloss Red FS11302', '#cd4f3a', 'Gloss', 'Acrylic'], ['4606AP', 'Flat Red', '#d11f24', 'Matt', 'Acrylic'], ['4632AP', 'Flat Guards Red', '#dd3036', 'Matt', 'Acrylic'], ['4639AP', 'Flat Non Specular Interm. Blue', '#6b7c84', 'Matt', 'Acrylic'], ['4640AP', 'Flat Marrone Mimetico 1', '#814d44', 'Matt', 'Acrylic'], ['4641AP', 'Flat Marrone Mimetico 2', '#6e5b42', 'Matt', 'Acrylic'], ['4642AP', 'Gloss Yellow', '#f9b000', 'Gloss', 'Acrylic'], ['4643AP', 'Flat Nocciola Chiaro FS30219', '#a1836c', 'Matt', 'Acrylic'], ['4644AP', 'Flat Bruno Mimetico', '#79604f', 'Matt', 'Acrylic'], ['4645AP', 'Flat Giallo Mimetico 3', '#cd994e', 'Matt', 'Acrylic'], ['4646AP', 'Flat Giallo Mimetico 4', '#a28153', 'Matt', 'Acrylic'], ['4650AP', 'Gloss Light Blue', '#3cbce4', 'Gloss', 'Acrylic'], ['4659AP', 'Gloss French Blue', '#005dad', 'Gloss', 'Acrylic'], ['4669AP', 'Gloss Green', '#0c603c', 'Gloss', 'Acrylic'], ['4671AP', 'Gloss Gold', '#b6a164', 'Gloss', 'Acrylic'], ['4672AP', 'Gloss Brass', '#be8d53', 'Gloss', 'Acrylic'], ['4673AP', 'Flat Wood', '#bd8d4b', 'Matt', 'Acrylic'], ['4674AP', 'Flat Leather', '#73332b', 'Matt', 'Acrylic'], ['4675AP', 'Flat Rust', '#814d44', 'Matt', 'Acrylic'], ['4677AP', 'Flat Aluminum', '#a0a7b1', 'Matt', 'Acrylic'], ['4678AP', 'Gloss Silver FS17178', '#9b9d9f', 'Gloss', 'Acrylic'], ['4679AP', 'Flat Steel', '#9b9d9f', 'Matt', 'Acrylic'], ['4681AP', 'Flat Gun Metal', '#a09f9f', 'Matt', 'Acrylic'], ['4682AP', 'Gloss Orange', '#f66838', 'Gloss', 'Acrylic'], ['4687AP', 'Gloss (Blue Angels) Blue', '#214061', 'Gloss', 'Acrylic'], ['4695AP', 'Gloss Black', '#34302f', 'Gloss', 'Acrylic'], ['4696AP', 'Gloss White', '#fafafa', 'Gloss', 'Acrylic'], ['4707AP', 'Flat Earth Red', '#7e5e4f', 'Matt', 'Acrylic'], ['4708AP', 'Flat Field Drab', '#6e5b42', 'Matt', 'Acrylic'], ['4709AP', 'Flat Dark Tan FS30219', '#a1836c', 'Matt', 'Acrylic'], ['4711AP', 'Flat Armor Sand FS30277', '#a6977d', 'Matt', 'Acrylic'], ['4714AP', 'Flat Insignia Red', '#b2122c', 'Matt', 'Acrylic'], ['4720AP', 'Flat Sand', '#c3ac80', 'Matt', 'Acrylic'], ['4721AP', 'Flat Insignia Yellow FS33538', '#ffb700', 'Matt', 'Acrylic'], ['4723AP', 'Flat Verde Mimetico 2', '#495951', 'Matt', 'Acrylic'], ['4726AP', 'Flat Dark Green', '#595c4e', 'Matt', 'Acrylic'], ['4728AP', 'Flat Olive Drab US Army', '#433d25', 'Matt', 'Acrylic'], ['4729AP', 'Flat Euro I Dark Green', '#495951', 'Matt', 'Acrylic'], ['4734AP', 'Flat Medium Green (II)', '#496446', 'Matt', 'Acrylic'], ['4736AP', 'Flat Interior Green', '#705a2b', 'Matt', 'Acrylic'], ['4739AP', 'Flat Pale Green', '#64a879', 'Matt', 'Acrylic'], ['4746AP', 'Flat Medium Gray', '#8a9a96', 'Matt', 'Acrylic'], ['4752AP', 'Flat Gunship Gray', '#5c6169', 'Matt', 'Acrylic'], ['4754AP', 'Flat Dark Gray', '#647676', 'Matt', 'Acrylic'], ['4755AP', 'Flat Dark Gull Gray FS36231', '#888b8d', 'Matt', 'Acrylic'], ['4761AP', 'Flat Dark Ghost Gray', '#7f8d9b', 'Matt', 'Acrylic'], ['4762AP', 'Flat Light Ghost Gray', '#97a6b1', 'Matt', 'Acrylic'], ['4763AP', 'Flat Gull Gray', '#c2c1b4', 'Matt', 'Acrylic'], ['4765AP', 'Flat Light Gray', '#f1f1f3', 'Matt', 'Acrylic'], ['4766AP', 'Flat Non Specular Blue Grey', '#3d6066', 'Matt', 'Acrylic'], ['4768AP', 'Flat Black FS37038', '#424243', 'Matt', 'Acrylic'], ['4769AP', 'Flat White FS37875', '#f2f1ea', 'Matt', 'Acrylic'], ['4770AP', 'Grau RLM 02', '#655b41', 'Matt', 'Acrylic'], ['4778AP', 'Hellblau RLM 65', '#8ab7b2', 'Matt', 'Acrylic'], ['4780AP', 'Schwarzgr├╝n RLM 70', '#143031', 'Matt', 'Acrylic'], ['4781AP', 'Dunkelgr├╝n RLM 71', '#374532', 'Matt', 'Acrylic'], ['4784AP', 'Graugr├╝n RLM 74', '#323a3d', 'Matt', 'Acrylic'], ['4785AP', 'Grauviolett RLM 75 FS36231', '#888b8d', 'Matt', 'Acrylic'], ['4786AP', 'Lichtblau RLM 76', '#c8d4d2', 'Matt', 'Acrylic'], ['4789AP', 'Sandgelb RLM 79', '#ba7855', 'Matt', 'Acrylic'], ['4795AP', 'Flat Panzer Schwarzgrau RAL 7021', '#2f3234', 'Matt', 'Acrylic'], ['4796AP', 'Flat Panzer Dunkelgelb 1943', '#a3924b', 'Matt', 'Acrylic'], ['4797AP', 'Flat Panzer Schokobraun RAL 8017', '#3f2929', 'Matt', 'Acrylic'], ['4798AP', 'Flat Panzer Olivgr├╝n 1943', '#004822', 'Matt', 'Acrylic'], ['4807AP', 'Flat Russian Armor Green', '#405348', 'Matt', 'Acrylic'], ['4812AP', 'Flat US Army/Marines Gulf Armor Sand', '#bc7a48', 'Matt', 'Acrylic'], ['4842AP', 'Flat Olive Drab Ana 613', '#3f4430', 'Matt', 'Acrylic'], ['4846AP', 'Flat Dark Earth Ana 617 FS30140', '#886b58', 'Matt', 'Acrylic'], ['4852AP', 'Flat Military Green', '#585137', 'Matt', 'Acrylic'], ['4854AP', 'Flat Ocean Grey', '#74797c', 'Matt', 'Acrylic'], ['4855AP', 'Flat Italian Interior Green', '#a7ba9a', 'Matt', 'Acrylic'], ['4856AP', "Flat Sky Type's", '#b9c998', 'Matt', 'Acrylic'], ['4857AP', 'flat green 383 FS34094', '#384939', 'Matt', 'Acrylic'], ['4858AP', 'FLAT BROWN', '#4a4338', 'Matt', 'Acrylic'], ['4859AP', 'Fl. Desert Tan FS 33446', '#af936e', 'Matt', 'Acrylic'], ['4860AP', 'Flat Sandgelb RAL 1002', '#dba859', 'Matt', 'Acrylic'], ['4861AP', 'Flat Rubber (FS 26081)', '#3b3f42', 'Matt', 'Acrylic'], ['4862AP', 'Flat Green', '#636750', 'Matt', 'Acrylic'], ['4951AP', 'WASH Dark Brown', '#7c5f27', 'Matt', 'Acrylic'], ['4952AP', 'WASH Black', '#12110d', 'Matt', 'Acrylic'], ['4953AP', 'WASH Oiled Earth', '#8d6d54', 'Matt', 'Acrylic'], ['4954AP', 'WASH Rust', '#89342d', 'Matt', 'Acrylic'], ['4955AP', 'WASH Grey', '#6a7a79', 'Matt', 'Acrylic'], ['4956AP', 'WASH Dark Green', '#445340', 'Matt', 'Acrylic'], ['4636AP', 'Flat Clear Acryl', '#fff', 'Matt', 'Acrylic'], ['4637AP', 'Semigloss Clear Acryl', '#ffffff', 'Satin', 'Acrylic'], ['4638AP', 'Gloss Clear Acryl', '#fff', 'Gloss', 'Acrylic'], ['5049AP', 'Thinner', '#fff', 'Thinners', 'Acrylic'], [None, None, None, 'Paint sets', 'Acrylic'], [None, None, '#325e2f', None, None], [None, None, '#7a5936', None, None], ['440AP', 'WWII Military Allied Army', '#4b6553', None, None], ['445AP', 'D-DAY Aircraft', '#7a5936', None, None], ['RLM65 RLM70 RLM71 RLM74 RLM75 RLM76', 'WWII Luftwaffe aircraft', '#8ab7b2', None, None]], 'Jim Scale': [['01.357', 'NC-1200 "Aged"', '#fff', 'Matt', 'Acrylic'], ['01.358', 'NC-1200 "Faded"', '#fff', 'Matt', 'Acrylic'], ['03.271', 'Dunkelgrau washable (RAL7021)', '#373839', 'Matt', 'Acrylic']], 'JPS Modell': [['150-052', 'RFC Doped Fabric', '#fff', 'Satin', 'Acrylic'], ['RAL 8000', 'Gr├╝nbraun', '#fff', 'Satin', 'Acrylic'], ['099-013', '707 Boeing Gray', '#e1e4d3', 'Satin', 'Acrylic'], [None, None, '#fff', 'Satin', 'Acrylic'], ['0-0', 'Klarlack', '#fff', 'Satin', 'Acrylic'], ['BS 2660:4-049', 'Hemp', '#fff', 'Satin', 'Acrylic'], ['Dunkelgelb II', '', '#fff', 'Satin', 'Acrylic'], ['FS20260', 'Tan', '#fff', 'Satin', 'Acrylic'], ['FS20450', 'Night Tan', '#fff', 'Satin', 'Acrylic'], ['FS30118', 'Field Drab', '#fff', 'Satin', 'Acrylic'], ['FS30140', 'Brown Special', '#fff', 'Satin', 'Acrylic'], ['FS33531', 'Middlestone', '#fff', 'Satin', 'Acrylic'], ['FS33711', 'Sand', '#fff', 'Satin', 'Acrylic'], ['FS33711', 'Sand', '#fff', 'Satin', 'Acrylic'], ['FS34092', 'Dark Green', '#fff', 'Satin', 'Acrylic'], ['FS34095', 'Field Green', '#fff', 'Satin', 'Acrylic'], ['FS35042', 'Sea Blue', '#fff', 'Satin', 'Acrylic'], ['FS35109', 'Dark Blue', '#fff', 'Satin', 'Acrylic'], ['FS35231', 'Azure Blue', '#fff', 'Satin', 'Acrylic'], ['FS35414', 'Blue', '#fff', 'Satin', 'Acrylic'], ['FS36081', 'Dark Gunship Grey', '#fff', 'Satin', 'Acrylic'], ['Marrone Mimetico I', 'Camouflage Tan', '#fff', 'Satin', 'Acrylic'], ['Marrone Mimetico II', 'Camouflage Tan', '#fff', 'Satin', 'Acrylic'], ['Nocciola Chiaro II', 'Light Chestnut', '#fff', 'Satin', 'Acrylic'], ['RAL 1018', 'Zinkgelb', '#fff', 'Satin', 'Acrylic'], ['RAL 6012', 'Schwarzgr├╝n', '#fff', 'Satin', 'Acrylic'], ['RAL 7001', 'Silbergrau', '#fff', 'Satin', 'Acrylic'], ['RAL 7027', 'Gr├╝ngrau', '#fff', 'Satin', 'Acrylic'], ['RAL 7028', 'Dunkelgelb I', '#fff', 'Satin', 'Acrylic'], ['RAL 7039', 'Quartzgrau', '#fff', 'Satin', 'Acrylic'], ['RAL 8002', 'Signalbraun', '#fff', 'Satin', 'Acrylic'], ['RAL 8017', 'Schokoladenbraun', '#fff', 'Satin', 'Acrylic'], ['RLM 02', 'Grau', '#fff', 'Satin', 'Acrylic'], ['RLM 62', 'Green', '#fff', 'Satin', 'Acrylic'], ['RLM 63', 'Lichtgrau', '#fff', 'Satin', 'Acrylic'], ['RLM 65', 'Hellblau', '#fff', 'Satin', 'Acrylic'], ['RLM 65A', 'Graublau', '#fff', 'Satin', 'Acrylic'], ['RLM 66', 'Schwarzgrau', '#fff', 'Satin', 'Acrylic'], ['RLM 70', 'Schwarzgr├╝n', '#fff', 'Satin', 'Acrylic'], ['RLM 71', 'Gr├╝n', '#fff', 'Satin', 'Acrylic'], ['RLM 72', 'Gr├╝n', '#fff', 'Satin', 'Acrylic'], ['RLM 74', 'Dunkelgrau', '#fff', 'Satin', 'Acrylic'], ['RLM 75', 'Mittelgrau', '#fff', 'Satin', 'Acrylic'], ['RLM 76', 'Hellblau', '#fff', 'Satin', 'Acrylic'], ['RLM 79', 'Sandgelb', '#fff', 'Satin', 'Acrylic'], ['RLM 79a', 'Sandbraun', '#fff', 'Satin', 'Acrylic'], ['RLM 80', 'Olivgr├╝n', '#fff', 'Satin', 'Acrylic'], ['RLM 81', 'Braunviolett', '#fff', 'Satin', 'Acrylic'], ['RLM 82', 'Dunkelgr├╝n', '#fff', 'Satin', 'Acrylic'], ['RLM 83', 'Gr├╝n', '#fff', 'Satin', 'Acrylic'], ['RLM 84', 'Blaugrau', '#fff', 'Satin', 'Acrylic'], ['Verde Olivia Scuro II', 'Dark Olive Green', '#fff', 'Satin', 'Acrylic'], ['W├╝stengrau', '', '#fff', 'Satin', 'Acrylic'], ['130-061', 'Umtarnfarbe GRAUBEIGE', '#fff', 'Satin', 'Acrylic'], ['130-062', 'Umtarnfarbe SANDBEIGE', '#fff', 'Satin', 'Acrylic'], ['130-063', 'Umtarnfarbe SANDBRAUN', '#fff', 'Satin', 'Acrylic'], ['130-064', 'Umtarnfarbe HELLOLIV', '#fff', 'Satin', 'Acrylic'], ['130-065', 'Umtarnfarbe TARNGRAU', '#fff', 'Satin', 'Acrylic'], ['150-050', 'P.G. 10E Dark Khaki', '#e3cba7', 'Satin', 'Acrylic'], ['169-001', '058M Bl├Ñgr├Ñ', '#fff', 'Matt', 'Acrylic'], ['169-004', '325M Olivgr├╢n', '#fff', 'Matt', 'Acrylic'], ['169-006', '328M M├╢rk Olivgr├╢n', '#fff', 'Matt', 'Acrylic'], ['169-007', '438M M├╢rkbl├Ñ', '#fff', 'Matt', 'Acrylic'], ['169-009', '032M Gr├Ñ', '#fff', 'Matt', 'Acrylic'], ['169-010', '033M M├╢rkgr├Ñ', '#fff', 'Matt', 'Acrylic'], ['199-001', 'Klarlack Glanz', '#fff', 'Gloss', 'Acrylic'], ['5-H', 'Haze Gray', '#fff', 'Satin', 'Acrylic'], ['5-N', 'Navy Gray', '#fff', 'Satin', 'Acrylic'], ['20-B', 'Deck Blue', '#fff', 'Satin', 'Acrylic'], ['5-0', 'Ocean Gray', '#fff', 'Satin', 'Acrylic'], ['CR 002', 'RLM 04 Gelb', '#fff', 'Satin', 'Acrylic'], ['FS35042', 'Sea Blue', '#fff', 'Satin', 'Acrylic'], ['RAL 6003', 'Olivgr├╝n', '#fff', 'Satin', 'Acrylic'], ['RAL 7008', 'Khakigrau', '#fff', 'Satin', 'Acrylic'], ['RAL 7021', 'Schwarzgrau', '#fff', 'Satin', 'Acrylic'], ['RAL 7028', '', '#fff', 'Satin', 'Acrylic'], ['RAL 8020', 'Sandgelb', '#fff', 'Satin', 'Acrylic'], ['RLM 65', 'Hellblau', '#fff', 'Satin', 'Acrylic'], ['RLM 70', 'Schwarzgr├╝n', '#fff', 'Satin', 'Acrylic'], ['RLM 71', 'Gr├╝n', '#fff', 'Satin', 'Acrylic'], ['RLM 76', 'Hellgrau', '#fff', 'Satin', 'Acrylic'], ['RLM 81', 'Braunviolet', '#fff', 'Satin', 'Acrylic'], ['V01720-1', 'Verd├╝nnung', '#fff', None, 'Acrylic']], 'K4 Weathering & Pigments': [['254', 'Bright/Brillo', '#fff', 'Matt', 'Enamel'], [None, None, '#fff', 'Matt', 'Acrylic'], [None, None, '#fff', 'Matt', 'Acrylic'], ['IMAC-01', 'Israeli Light Earth (FS 30219)', '#fff', 'Matt', 'Acrylic'], ['IMAC-02', 'Israeli Pale Stone (FS 33531)', '#fff', 'Matt', 'Acrylic'], ['IMAC-03', 'Israeli Sky Green (FS 34424)', '#fff', 'Matt', 'Acrylic'], ['IMAC-04', 'Israeli Light Grey (FS 36375)', '#fff', 'Matt', 'Acrylic'], ['IMAC-05', 'Israeli Light Green (FS 34227)', '#fff', 'Matt', 'Acrylic'], ['IMAC-06', 'Israeli Light Blue (FS 35622)', '#fff', 'Matt', 'Acrylic'], ['KC-203', 'ANA 607 Non-Specular Sea Blue', '#fff', 'Matt', 'Acrylic'], ['KC-204', 'ANA 608 Intermediate Blue', '#fff', 'Matt', 'Acrylic'], ['KC-216', 'M-485 Blue Grey', '#fff', 'Matt', 'Acrylic'], ['KC-217', 'M-495 Light Grey', '#fff', 'Matt', 'Acrylic'], ['KC-219', 'Zinc Chromate Primer', '#fff', 'Matt', 'Acrylic'], ['KC-220', 'Green Zinc Chromate Primer', '#fff', 'Matt', 'Acrylic'], ['KC-4006', 'Vert', '#fff', 'Matt', 'Acrylic'], ['KC-4007', 'Brun Mat', '#fff', 'Matt', 'Acrylic'], ['KC-4008', 'Khaki', '#fff', 'Matt', 'Acrylic'], ['KC-4009', 'Terre Fonce', '#fff', 'Matt', 'Acrylic'], ['KC-4010', 'Gris Bleu Founce', '#fff', 'Matt', 'Acrylic'], ['KC-4011', 'Gris Bleu Clair', '#fff', 'Matt', 'Acrylic'], ['UVAC-01', 'Viet Medium Green (FS 34102)', '#fff', 'Matt', 'Acrylic'], ['UVAC-02', 'Viet Dark Green (FS 34079)', '#fff', 'Matt', 'Acrylic'], ['UVAC-03', 'Viet Dark Tan (FS 30219)', '#fff', 'Matt', 'Acrylic'], ['UVAC-04', 'Viet Grey (FS 36622)', '#fff', 'Matt', 'Acrylic'], ['UVAC-05', 'Viet Night Black (FS 17038)', '#fff', 'Gloss', 'Acrylic'], ['UVAC-06', 'Viet Grey Interior Color (FS 36231)', '#fff', 'Matt', 'Acrylic'], [None, None, '#fff', None, None]], 'Kcolor Metallics': [['KM.S.CHR60', 'Chrome 60 Steel', None, 'Metallic', None]], 'Kilz': [['*', 'Yellow Bell (Kilz Casual Colors)', '#fff', 'Gloss', 'Enamel'], ['M4818', 'Grey primer (Kilz)', '#fff', 'Matt', 'Enamel'], ['L4004', 'Bright Yellow (CraftCote by Kilz)', '#fff', 'Gloss', 'Enamel']], 'KIMERA KOLORS': [[None, None, '#fff', None, 'Acrylic'], [None, None, '#fff', None, 'Acrylic'], [None, None, '#fff', None, 'Acrylic'], [None, None, '#fff', None, 'Acrylic'], [None, None, '#fff', None, 'Acrylic'], [None, None, '#fff', None, 'Acrylic'], [None, None, '#fff', None, 'Acrylic'], [None, None, '#fff', None, 'Acrylic'], [None, None, '#fff', None, 'Acrylic'], [None, None, '#fff', None, 'Acrylic'], [None, None, '#fff', None, 'Acrylic'], [None, None, '#fff', None, 'Acrylic'], ['KMP-028', 'TURQUOISE DEEP', '#fff', 'Matt', 'Acrylic'], ['KMS-013', 'DEEP RUSTO', '#fff', 'Matt', 'Acrylic'], ['KMS-014', 'BONE KHAKI', '#fff', 'Matt', 'Acrylic'], ['KMS-015', 'POISON GREEN', '#fff', 'Matt', 'Acrylic'], ['KMS-016', 'VIRIDIAN GRIM', '#fff', 'Matt', 'Acrylic'], ['KMS-017', 'DARK HONEY', '#fff', 'Matt', 'Acrylic'], ['KMS-018', 'DARKNESS', '#fff', 'Matt', 'Acrylic'], ['KMS-019', 'SALMON SKIN', '#fff', 'Matt', 'Acrylic'], ['KMS-020', 'PINK SKIN', '#fff', 'Matt', 'Acrylic'], ['KMS-021', 'FUCHSIA SKIN', '#fff', 'Matt', 'Acrylic'], ['KMS-022', 'BLUE BLACK', '#fff', 'Matt', 'Acrylic'], ['KMS-023', 'GOLD 79', '#fff', 'Matt', 'Acrylic'], ['KMS-024', 'SEA BLUE', '#fff', 'Matt', 'Acrylic'], ['KMS-025', 'TENEBROUS TEAL', '#fff', 'Matt', 'Acrylic'], ['KMS-026', 'PEACH SKIN', '#fff', 'Matt', 'Acrylic'], ['KMS-027', 'SHINY SKINTONE', '#fff', 'Matt', 'Acrylic'], ['KMS-028', 'UNDEAD SKINTONE', '#fff', 'Matt', 'Acrylic'], ['KMS-029', 'NATURE GREEN', '#fff', 'Matt', 'Acrylic'], ['PB29', 'Ultramarine Blue ΓÇô Transparent', '#fff', 'Matt', 'Acrylic'], ['PB36', 'Cobalt Bluegreen ΓÇô Transparent', '#fff', 'Matt', 'Acrylic'], ['PB15.2', 'Phthalo blue red shade', '#fff', 'Matt', 'Acrylic'], ['PB15.4', 'Phthalo blue green shade', '#fff', 'Matt', 'Acrylic'], ['PBK7', 'Satin Medium', '#fff', 'Varnish', 'Acrylic'], ['PBK7', 'Carbon Black', '#fff', 'Matt', 'Acrylic'], ['PBR11 Dark', 'Oxide Brown Dark', '#fff', 'Matt', 'Acrylic'], ['PBR11 Light', 'Oxide Brown Light', '#fff', 'Matt', 'Acrylic'], ['PBR11 Medium', 'Oxide Brown Medium', '#fff', 'Matt', 'Acrylic'], ['PBR24', 'Honey Moon Yellow', '#fff', 'Matt', 'Acrylic'], ['PBR25', 'Royal Brown ΓÇô Transparent', '#fff', 'Matt', 'Acrylic'], ['PBR48', 'Dark Ochre', '#fff', 'Matt', 'Acrylic'], ['PG7', 'Phtalo Green', '#fff', 'Matt', 'Acrylic'], ['PG17', 'Oxide Green', '#fff', 'Matt', 'Acrylic'], ['PO34', 'Orange', '#fff', 'Matt', 'Acrylic'], ['PR3', 'Toluidine Red', '#fff', 'Matt', 'Acrylic'], ['PR101', 'Mars Orange', '#fff', 'Matt', 'Acrylic'], ['PR122', 'Magenta', '#fff', 'Matt', 'Acrylic'], ['PR130', 'Red oxide', '#fff', 'Matt', 'Acrylic'], ['PR170', 'The Red', '#fff', 'Matt', 'Acrylic'], ['PR179', 'Alizarin Crimson - Transparent', '#fff', 'Matt', 'Acrylic'], ['PV19', 'Purple', '#fff', 'Matt', 'Acrylic'], ['PV23', 'Violet', '#fff', 'Matt', 'Acrylic'], ['PW6', 'The White', '#fff', 'Matt', 'Acrylic'], ['PY42', 'Yellow Oxide', '#fff', 'Matt', 'Acrylic'], ['PY83', 'Warm yellow', '#fff', 'Matt', 'Acrylic'], ['PY151', 'Cold yellow', '#fff', 'Matt', 'Acrylic'], ['PY170', 'Diarylide Yellow', '#fff', 'Matt', 'Acrylic'], ['PW6', 'Titanium White (Titanium Dioxide)', None, 'Matt', None], ['KM-PPS1', 'Base Set', None, None, None], ['KM-PPS2', 'Expansion Set 1', None, None, None], [None, None, '##fff', None, None], [None, None, '##fff', None, None], ['KM-SSFR1', 'Signature Blend FABRIZIO RUSSO THE DARK SIDE OF PAINT', '##fff', None, None], ['KM-SSRK1', 'Signature Blend ROBERT KARLSSON DARK FAIRY TALES', '##fff', None, None], ['KM-SSTE', 'Signature Blend TENEBRAE BUNDLE SET', '##fff', None, None]], 'Kolderstock': [['0001', 'Ivory black', None, 'Matt', 'Acrylic'], ['0011', 'Off-white', None, 'Matt', 'Acrylic'], ['0012', 'Ochre', None, 'Matt', 'Acrylic'], ['0013', 'Burnt ochre', None, 'Matt', 'Acrylic'], ['0014', 'Royal yellow', None, 'Matt', 'Acrylic'], ['0021', 'Dark red', None, 'Matt', 'Acrylic'], ['0022', 'Karmine red', None, 'Matt', 'Acrylic'], ['0023', 'Bright red', None, 'Matt', 'Acrylic'], ['0031', 'Medium Blue', None, 'Matt', 'Acrylic'], ['0032', 'Persian blue', None, 'Matt', 'Acrylic'], ['0033', 'Dark blue', None, 'Matt', 'Acrylic'], ['0034', 'Night blue', None, 'Matt', 'Acrylic'], ['0041', 'Dark green', None, 'Matt', 'Acrylic'], ['0042', 'Copper green', None, 'Matt', 'Acrylic'], ['0043', 'Copper green', None, 'Matt', 'Acrylic'], ['0044', 'Copper green', None, 'Matt', 'Acrylic'], ['0111', 'Lead white', None, 'Matt', 'Acrylic'], ['Batavia', 'Paint Set', None, 'Paint sets', 'Acrylic'], ['Duyfken', 'Paint Set', None, 'Paint sets', 'Acrylic'], ['Kolderstok', 'Paint Set', None, 'Paint sets', 'Acrylic'], ['M010', 'Gilding Gold', None, 'Metallic', 'Acrylic'], ['M020', 'Copper', None, 'Metallic', 'Acrylic'], ['M030', 'Silver', None, 'Metallic', 'Acrylic'], ['M040', 'Tin', None, 'Metallic', 'Acrylic'], ['P100', 'White surface primer', None, 'Matt', 'Acrylic'], ['Speel-jaght', 'Paint Set', None, 'Paint sets', 'Acrylic'], ['Statenjacht', 'Paint Set', None, 'Paint sets', 'Acrylic'], ['Willem Barentsz', 'Paint Set', None, 'Paint sets', 'Acrylic'], ['Zeven Provinci├½n', 'Paint Set', None, 'Paint sets', 'Acrylic']], 'Komboloi': [[None, None, '#c78f32', 'Matt', None], [None, None, None, 'Matt', None], [None, None, None, 'Matt', None], [None, None, None, 'Matt', None], [None, None, '#c78f32', 'Matt', None], [None, None, '#836f6a', 'Matt', None], ['RAL5012', 'LIGHT BLUE', '#2973b8', 'Matt', None], ['RAL5022', 'NIGHT BLUE', '#222d5a', 'Matt', None], ['RAL6003', 'OLIVGR├£N', '#3d452b', 'Matt', None], ['RAL6006', 'FELDGRAU', '#3c392e', 'Matt', None], ['RAL6011', 'RESEDAGR├£N', '#5e7d4f', 'Matt', None], ['RAL7047', 'GRIS TELE 4', '#d9d6db', 'Matt', None], ['RAL9021', 'NATO BLACK', '#242424', 'Matt', None], ['RLM04', 'GELB AMARILLO LUFTWAFFE', '#f7ac09', 'Matt', None]], 'Krylon': [['1318', 'Gray Primer', '#696969', 'Matt', 'Enamel'], ['1905', 'Colonial Blue', '#778a96', 'Gloss', 'Enamel'], ['1933', 'International Harvester Red', '#800500', 'Gloss', 'Enamel'], ['1934', 'John Deere Yellow', '#dbb700', 'Gloss', 'Enamel'], ['2520', 'Black, textured', '#fff', 'Textured', 'Enamel'], ['5530', 'Gloss Peekaboo Blue', '#a6c1df', 'Gloss', 'Enamel'], ['8813', 'Gloss Sky Blue', '#87b8d8', 'Gloss', 'Enamel'], ['51315', 'White Primer', '#fff', 'Matt', 'Enamel'], ['51318', 'Gray Primer', '#787b82', 'Matt', 'Enamel'], ['51601', 'ColorMaster Gloss Black', '#fff', 'Gloss', 'Enamel'], ['51613', 'Satin Black', '#fff', 'Satin', 'Enamel'], ['53529', 'Catalina Mist', '#bad7ce', 'Satin', 'Enamel'], ['53567', 'Gloss Seaweed', '#54764b', 'Gloss', 'Enamel'], ['69013', 'Gloss Light Blue', '#c0dff4', 'Gloss', 'Enamel'], ['K01314A07', 'Platinum Primer', '#6c747f', 'Matt', 'Enamel'], ['3455', 'White Primer', '#fff', 'Matt', 'Enamel'], ['2003', 'Jade Green', '#83b4a8', 'Satin', 'Acrylic'], ['2332', 'Fusion Sun Dried Tomato', '#d12722', 'Gloss', 'Acrylic'], ['2340', 'Espresso', '#5d352b', 'Gloss', 'Acrylic'], ['2623', 'Soft Yellow Current', '#ffe59b', 'Satin', 'Acrylic'], ['2723', 'Gloss Smoke Gray', '#999991', 'Gloss', 'Acrylic'], ['2750', 'Satin Spiced Amber', '#c97944', 'Satin', 'Acrylic'], ['2753', 'Satin White', '#f5f5f5', 'Satin', 'Acrylic'], ['2790', 'Metallic Black Stainless', '#0c0d11', 'Metallic', 'Acrylic'], ['5531', 'Gloss Pewter Gray', '#c7cfd2', 'Gloss', 'Acrylic'], ['5574', 'Satin Pimento', '#c51d25', 'Satin', 'Acrylic'], ['5575', 'Satin Pistachio', '#9db289', 'Satin', 'Acrylic'], ['5577', 'Satin White', '#f5f5f5', 'Satin', 'Acrylic'], ['9335', 'Satin Rainwater', '#b4d1e3', 'Satin', 'Acrylic'], ['51602', 'Flat Black', '#000000', 'Matt', 'Acrylic'], ['53503', 'Satin Burgundy', '#7d152e', 'Satin', 'Acrylic'], ['53520', 'Satin Pebble', '#c3bca9', 'Satin', 'Acrylic'], ['53562', 'Brown Boots', '#8d5c3e', 'Satin', 'Acrylic'], ['53566', 'Satin Leather Brown', '#564140', 'Satin', 'Acrylic'], ['3406', 'Gloss Banner Red', '#c92128', 'Gloss', 'Acrylic'], ['3421', 'Gloss Pumpkin Orange', '#ee6a06', 'Gloss', 'Acrylic'], ['3430', 'Flat Crystal Clear', None, 'Matt', 'Acrylic'], ['3439', 'Satin Burgundy', '#7d152e', 'Satin', 'Acrylic'], ['3442', 'Satin Italian Olive', '#4c5840', 'Satin', 'Acrylic'], ['3466', 'Satin Periwinkle', '#8996cf', 'Satin', 'Acrylic'], ['1303', 'Crystal Clear Acrylic', '#fff', 'Matt', 'Acrylic'], ['1305', 'UV-Resistant Clear', None, 'Gloss', 'Acrylic'], ['5562', 'Satin Crystal Clear', None, 'Satin', 'Acrylic'], ['2204', 'Brass Metallic', '#d0bf87', 'Metallic', None], ['3452', 'Brilliant Silver', '#d8d8d6', 'Metallic', None]], 'Lefranc Bourgeois Huile Fine': [['117', 'Laque Bitume Vibert', '#4e3d28', None, None], ['477', "Terre d'Ombre Brul├⌐e", '#32140e', None, None], ['481', 'Terre de Sienne Brul├⌐e', '#8d3031', None, None], ['008', 'Blanc de titane', '#fff', 'Matt', None], ['269', "Noir d'ivoire", '#fff', 'Matt', None], ['478', "Terre d'ombre naturelle", '#fff', 'Matt', None], ['481', 'Terre de Sienne Br├╗l├⌐e', '#fff', None, None], ['482', 'Terre de Sienne Naturelle', '#fff', None, None], ['483', 'Terre Verte', '#fff', 'Matt', None], ['604', 'Violet bleu', '#fff', 'Matt', None], ['696', 'Jaune de Cadmium Fonc├⌐ Imitation (Yellow Deep Hue)', '#fff', None, None], ['710', 'Argent Imitation', '#fff', None, None], ['769', 'Ocre rouge transparent', '#fff', 'Matt', None]], 'Life Colours': [['45000', 'RAL 5000 Violettblau seidenmatt', '#fff', 'Satin', 'Enamel'], ['45001', 'RAL 5001 Gr├╝nblau seidenmatt', '#fff', 'Satin', 'Enamel'], ['50005', 'RAL 5005 Signalblau seidenmatt', '#fff', 'Satin', 'Enamel'], ['50010', 'RAL 6010 Grasgr├╝n seidenmatt', '#fff', 'Satin', 'Enamel'], ['50011', 'Gelb seidenmatt', '#fff', 'Satin', 'Enamel'], ['50014', 'Orange seidenmatt', '#fff', 'Satin', 'Enamel'], ['50017', 'Ocker seidenmatt', '#fff', 'Satin', 'Enamel'], ['50020', 'Hautfarbe seidenmatt', '#fff', 'Satin', 'Enamel'], ['50021', 'Rot seidenmatt', '#fff', 'Satin', 'Enamel'], ['50030', 'Blau seidenmatt', '#fff', 'Satin', 'Enamel'], ['50032', 'Mittelblau seidenmatt', '#fff', 'Satin', 'Enamel'], ['50036', 'Dunkelblau seidenmatt', '#fff', 'Satin', 'Enamel'], ['50040', 'Gr├╝n seidenmatt', '#fff', 'Satin', 'Enamel'], ['50050', 'Braun seidenmatt', '#fff', 'Satin', 'Enamel'], ['50060', 'Wei├ƒ seidenmatt', '#fff', 'Satin', 'Enamel'], ['50065', 'Schwarz seidenmatt', '#fff', 'Satin', 'Enamel'], ['50076', 'Gold Hochglanz', '#fff', 'Gloss', 'Enamel'], ['50077', 'Messing alt Hochglanz', '#fff', 'Gloss', 'Enamel'], ['50078', 'Kupfer Hochglanz', '#fff', 'Gloss', 'Enamel'], ['50079', 'Silber Hochglanz', '#fff', 'Gloss', 'Enamel'], ['50301', 'Gelb Postauto Schweiz seidenmatt', '#fff', 'Satin', 'Enamel'], ['50302', 'MB 1238 Inkagelb seidenmatt', '#fff', 'Satin', 'Enamel'], ['50303', 'Grau A 30Sw/70W seidenmatt', '#fff', 'Satin', 'Enamel'], ['50304', 'Grau B 45Sw/55W seidenmatt', '#fff', 'Satin', 'Enamel'], ['50305', 'Grau C 70Sw/30W seidenmatt', '#fff', 'Satin', 'Enamel'], ['50306', 'Pantone 106c gelb seidenmatt', '#fff', 'Satin', 'Enamel'], ['50307', 'RAL Design 170 60 50 seidenmatt', '#fff', 'Satin', 'Enamel'], ['50308', 'Camelgelb seidenmatt', '#fff', 'Satin', 'Enamel'], ['50309', '├ûBB Railjet Rot seidenmatt', '#fff', 'Satin', 'Enamel'], ['50310', 'RAL Design 050 60 80 seidenmatt', '#fff', 'Satin', 'Enamel'], ['50311', 'RAL Design 220 30 10 seidenmatt', '#fff', 'Satin', 'Enamel'], ['50312', '2425 NVA Olivgr├╝n (TGL21196) seidenmatt', '#fff', 'Satin', 'Enamel'], ['50313', '├ûBB Hellgrau S 2502 seidenmatt', '#fff', 'Satin', 'Enamel'], ['50314', 'Liebherr Gelb seidenmatt', '#fff', 'Satin', 'Enamel'], ['50315', 'RAL Design 270 30 35 seidenmatt', '#fff', 'Satin', 'Enamel'], ['50316', 'Tramway Rot seidenmatt', '#fff', 'Satin', 'Enamel'], ['50317', 'DB 3538 Ochsenblut seidenmatt', '#fff', 'Satin', 'Enamel'], ['50318', '├ûBB Mittelgrau S 4502 seidenmatt', '#fff', 'Satin', 'Enamel'], ['50319', 'MB 5328 Standardblau seidenmatt', '#fff', 'Satin', 'Enamel'], ['50320', 'RAL 6100 Lemon green seidenmatt', '#fff', 'Satin', 'Enamel'], ['50321', 'Sped. Gartner Gr├╝n 2018 seidenmatt', '#fff', 'Satin', 'Enamel'], ['50322', 'DGzRS Decksgr├╝n seidenmatt', '#fff', 'Satin', 'Enamel'], ['50323', 'RAL Design 130 30 20 seidenmatt', '#fff', 'Satin', 'Enamel'], ['50324', 'MB 6277 Standardgr├╝n seidenmatt', '#fff', 'Satin', 'Enamel'], ['50325', '├ûBB Dunkelgrau S 6502 seidenmatt', '#fff', 'Satin', 'Enamel'], ['50326', 'Springtime Green seidenmatt', '#fff', 'Satin', 'Enamel'], ['50327', 'MB 7300 Alaskagrau seidenmatt', '#fff', 'Satin', 'Enamel'], ['50328', 'MB 7350 Novagrau seidenmatt', '#fff', 'Satin', 'Enamel'], ['50329', 'MB 7354 Argentitgrau seidenmatt', '#fff', 'Satin', 'Enamel'], ['50330', 'SBB Tannengr├╝n seidenmatt', '#fff', 'Satin', 'Enamel'], ['50331', 'LI 8100 Zillertalbahn-Braun seidenmatt', '#fff', 'Satin', 'Enamel'], ['50332', 'Grau S 3000-N seidenmatt', '#fff', 'Satin', 'Enamel'], ['50333', '"W├╝rttembergischer Bahnhof" seidenmatt', '#fff', 'Satin', 'Enamel'], ['50334', 'Claas Saatengr├╝n seidenmatt', '#fff', 'Satin', 'Enamel'], ['50335', 'Fendt Gr├╝n neu seidenmatt', '#fff', 'Satin', 'Enamel'], ['50336', 'Fendt Gr├╝n alt seidenmatt', '#fff', 'Satin', 'Enamel'], ['50337', 'John Deere Gr├╝n seidenmatt', '#fff', 'Satin', 'Enamel'], ['50338', 'Caterpillar Gelb seidenmatt', '#fff', 'Satin', 'Enamel'], ['50339', 'Volvo Grau SM neu seidenmatt', '#fff', 'Satin', 'Enamel'], ['50340', 'Freund K├╢ln hellgr├╝n seidenmatt', '#fff', 'Satin', 'Enamel'], ['50341', 'Freund K├╢ln Dunkelgr├╝n seidenmatt', '#fff', 'Satin', 'Enamel'], ['50342', 'Herzer Wien Grau seidenmatt', '#fff', 'Satin', 'Enamel'], ['50343', 'Sparkassen Hellblau seidenmatt', '#fff', 'Satin', 'Enamel'], ['50344', 'Mariazellerbahn Braun seidenmatt', '#fff', 'Satin', 'Enamel'], ['50345', 'Bahn Baden W├╝rttemberg Gelb seidenmatt', '#fff', 'Satin', 'Enamel'], ['50346', 'Liliput SVT 137 Violett seidenmatt', '#fff', 'Satin', 'Enamel'], ['50347', 'Cobalt Green seidenmatt', '#fff', 'Satin', 'Enamel'], ['50348', 'Krone Gr├╝n seidenmatt', '#fff', 'Satin', 'Enamel'], ['50349', 'MB 7187 LKW-Grau seidenmatt', '#fff', 'Satin', 'Enamel'], ['50350', 'Krone Beige seidenmatt', '#fff', 'Satin', 'Enamel'], ['50352', 'Alex Wagen Blau seidenmatt', '#fff', 'Satin', 'Enamel'], ['50353', '├ûBB CAT-Taurus Gr├╝n 0575 seidenmatt', '#fff', 'Satin', 'Enamel'], ['50354', '├ûBB CAT-Taurus Grau 5502 seidenmatt', '#fff', 'Satin', 'Enamel'], ['50355', 'DB Cargo 185 367 Blaugrau seidenmatt', '#fff', 'Satin', 'Enamel'], ['50356', 'DB Cargo 185 367 Blau seidenmatt', '#fff', 'Satin', 'Enamel'], ['50357', 'DRK Wasserwacht- Blau 2505040 seidenmatt', '#fff', 'Satin', 'Enamel'], ['50358', 'Belgische Stra├ƒenbahn Jaune primrose seidenmatt', '#fff', 'Satin', 'Enamel'], ['50359', 'MB 6426 Leguangr├╝n seidenmatt', '#fff', 'Satin', 'Enamel'], ['51000', 'RAL 1000 Gr├╝nbeige seidenmatt', '#fff', 'Satin', 'Enamel'], ['51005', 'RAL 1005 Honiggelb seidenmatt', '#fff', 'Satin', 'Enamel'], ['51006', 'RAL 1006 Maisgelb seidenmatt', '#fff', 'Satin', 'Enamel'], ['51007', 'RAL 1007 Narzissen-Chrom-Gelb seidenmatt', '#fff', 'Satin', 'Enamel'], ['51013', 'RAL 1013 Perlweiss seidenmatt', '#fff', 'Satin', 'Enamel'], ['51017', 'RAL 1017 Safrangelb seidenmatt', '#fff', 'Satin', 'Enamel'], ['51018', 'RAL 1018 Zinkgelb seidenmatt', '#fff', 'Satin', 'Enamel'], ['51019', 'RAL 1019 Graubeige seidenmatt', '#fff', 'Satin', 'Enamel'], ['51024', 'RAL 1024 Ockergelb seidenmatt', '#fff', 'Satin', 'Enamel'], ['51027', 'RAL 1027 Currygelb seidenmatt', '#fff', 'Satin', 'Enamel'], ['51028', 'RAL 1028 Melonengelb seidenmatt', '#fff', 'Satin', 'Enamel'], ['52000', 'RAL 2000 Gelborange seidenmatt', '#fff', 'Satin', 'Enamel'], ['52001', 'RAL 2001 Rotorange seidenmatt', '#fff', 'Satin', 'Enamel'], ['52002', 'RAL 2002 Blutorange seidenmatt', '#fff', 'Satin', 'Enamel'], ['52003', 'RAL 2003 Pastellorange seidenmatt', '#fff', 'Satin', 'Enamel'], ['52004', 'RAL 2004 Reinorange seidenmatt', '#fff', 'Satin', 'Enamel'], ['52005', 'RAL 2005 Leuchtorange seidenmatt', '#fff', 'Satin', 'Enamel'], ['52007', 'RAL 2007 Leuchthellorange seidenmatt', '#fff', 'Satin', 'Enamel'], ['52008', 'RAL 2008 Hellrotorange seidenmatt', '#fff', 'Satin', 'Enamel'], ['52009', 'RAL 2009 Verkehrsorange seidenmatt', '#fff', 'Satin', 'Enamel'], ['52010', 'RAL 2010 Signalorange seidenmatt', '#fff', 'Satin', 'Enamel'], ['52011', 'RAL 2011 Tieforange seidenmatt', '#fff', 'Satin', 'Enamel'], ['52012', 'RAL 2012 Lachsorange seidenmatt', '#fff', 'Satin', 'Enamel'], ['53000', 'RAL 3000 Feuerrot seidenmatt', '#fff', 'Satin', 'Enamel'], ['53001', 'RAL 3001 Signalrot seidenmatt', '#fff', 'Satin', 'Enamel'], ['53002', 'RAL 3002 Karminrot seidenmatt', '#fff', 'Satin', 'Enamel'], ['53003', 'RAL 3003 Rubinrot seidenmatt', '#fff', 'Satin', 'Enamel'], ['53004', 'RAL 3004 Purpurrot seidenmatt', '#fff', 'Satin', 'Enamel'], ['53004', 'RAL 3004 Purpurrot seidenmatt', '#fff', 'Satin', 'Enamel'], ['53005', 'RAL 3005 Weinrot seidenmatt', '#fff', 'Satin', 'Enamel'], ['53007', 'RAL 3007 Schwarzrot seidenmatt', '#fff', 'Satin', 'Enamel'], ['53009', 'RAL 3009 Oxidrot seidenmatt', '#fff', 'Satin', 'Enamel'], ['53011', 'RAL 3011 Braunrot seidenmatt', '#fff', 'Satin', 'Enamel'], ['53012', 'RAL 3012 Beigerot seidenmatt', '#fff', 'Satin', 'Enamel'], ['53013', 'RAL 3013 Tomatenrot seidenmatt', '#fff', 'Satin', 'Enamel'], ['53014', 'RAL 3014 Altrosa seidenmatt', '#fff', 'Satin', 'Enamel'], ['53015', 'RAL 3015 Hellrosa seidenmatt', '#fff', 'Satin', 'Enamel'], ['53016', 'RAL 3016 Korallenrot seidenmatt', '#fff', 'Satin', 'Enamel'], ['53017', 'RAL 3017 Ros├⌐ seidenmatt', '#fff', 'Satin', 'Enamel'], ['53018', 'RAL 3018 Erdbeerrot seidenmatt', '#fff', 'Satin', 'Enamel'], ['53020', 'RAL 3020 Verkehrsrot seidenmatt', '#fff', 'Satin', 'Enamel'], ['53022', 'RAL 3022 Lachsrot seidenmatt', '#fff', 'Satin', 'Enamel'], ['53024', 'RAL 3024 Leuchtrot seidenmatt', '#fff', 'Satin', 'Enamel'], ['53026', 'RAL 3026 Leuchthellrot seidenmatt', '#fff', 'Satin', 'Enamel'], ['53027', 'RAL 3027 Himbeerrot seidenmatt', '#fff', 'Satin', 'Enamel'], ['53028', 'RAL 3028 Reinrot seidenmatt', '#fff', 'Satin', 'Enamel'], ['53031', 'RAL 3031 Orientrot seidenmatt', '#fff', 'Satin', 'Enamel'], ['54000', 'RAL 4000 Violett seidenmatt', '#fff', 'Satin', 'Enamel'], ['54001', 'RAL 4001 Rotlila seidenmatt', '#fff', 'Satin', 'Enamel'], ['54002', 'RAL 4002 Rotviolett seidenmatt', '#fff', 'Satin', 'Enamel'], ['54003', 'RAL 4003 Erikaviolett seidenmatt', '#fff', 'Satin', 'Enamel'], ['54004', 'RAL 4004 Bordeauxviolett seidenmatt', '#fff', 'Satin', 'Enamel'], ['54005', 'RAL 4005 Blaulila seidenmatt', '#fff', 'Satin', 'Enamel'], ['54006', 'RAL 4006 Verkehrspurpur seidenmatt', '#fff', 'Satin', 'Enamel'], ['54007', 'RAL 4007 Purpurviolett seidenmatt', '#fff', 'Satin', 'Enamel'], ['54008', 'RAL 4008 Signalviolett seidenmatt', '#fff', 'Satin', 'Enamel'], ['54009', 'RAL 4009 Pastellviolett seidenmatt', '#fff', 'Satin', 'Enamel'], ['54010', 'RAL 4010 Telemagenta seidenmatt', '#fff', 'Satin', 'Enamel'], ['55002', 'RAL 5002 Ultramarinblau seidenmatt', '#fff', 'Satin', 'Enamel'], ['55003', 'RAL 5003 Saphirblau seidenmatt', '#fff', 'Satin', 'Enamel'], ['55004', 'RAL 5004 Schwarzblau seidenmatt', '#fff', 'Satin', 'Enamel'], ['55007', 'RAL 5007 Brillantblau seidenmatt', '#fff', 'Satin', 'Enamel'], ['55008', 'RAL 5008 Graublau seidenmatt', '#fff', 'Satin', 'Enamel'], ['55009', 'RAL 5009 Azurblau seidenmatt', '#fff', 'Satin', 'Enamel'], ['55010', 'RAL 5010 Enzianblau seidenmatt', '#fff', 'Satin', 'Enamel'], ['55011', 'RAL 5011 Stahlblau seidenmatt', '#fff', 'Satin', 'Enamel'], ['55012', 'RAL 5012 Lichtblau seidenmatt', '#fff', 'Satin', 'Enamel'], ['55013', 'RAL 5013 Kobaltblau seidenmatt', '#fff', 'Satin', 'Enamel'], ['55014', 'RAL 5014 Taubenblau seidenmatt', '#fff', 'Satin', 'Enamel'], ['55015', 'RAL 5015 Himmelblau seidenmatt', '#fff', 'Satin', 'Enamel'], ['55017', 'RAL 5017 Verkehrsblau seidenmatt', '#fff', 'Satin', 'Enamel'], ['55018', 'RAL 5018 T├╝rkisblau seidenmatt', '#fff', 'Satin', 'Enamel'], ['55019', 'RAL 5019 Capriblau seidenmatt', '#fff', 'Satin', 'Enamel'], ['55020', 'RAL 5020 Ozeanblau seidenmatt', '#fff', 'Satin', 'Enamel'], ['55021', 'RAL 5021 Wasserblau seidenmatt', '#fff', 'Satin', 'Enamel'], ['55022', 'RAL 5022 Nachtblau seidenmatt', '#fff', 'Satin', 'Enamel'], ['55023', 'RAL 5023 Fernblau seidenmatt', '#fff', 'Satin', 'Enamel'], ['55024', 'RAL 5024 Pastellblau seidenmatt', '#fff', 'Satin', 'Enamel'], ['56000', 'RAL 6000 Patinagr├╝n seidenmatt', '#fff', 'Satin', 'Enamel'], ['56001', 'RAL 6001 Smaragdgr├╝n seidenmatt', '#fff', 'Satin', 'Enamel'], ['56002', 'RAL 6002 Laubgr├╝n seidenmatt', '#fff', 'Satin', 'Enamel'], ['56003', 'RAL 6003 Olivgr├╝n seidenmatt', '#fff', 'Satin', 'Enamel'], ['56004', 'RAL 6004 Blaugr├╝n seidenmatt', '#fff', 'Satin', 'Enamel'], ['56005', 'RAL 6005 Moosgr├╝n seidenmatt', '#fff', 'Satin', 'Enamel'], ['56006', 'RAL 6006 Grauoliv seidenmatt', '#fff', 'Satin', 'Enamel'], ['56007', 'RAL 6007 Flaschengr├╝n seidenmatt', '#fff', 'Satin', 'Enamel'], ['56008', 'RAL 6008 Braungr├╝n seidenmatt', '#fff', 'Satin', 'Enamel'], ['56009', 'RAL 6009 Tannengr├╝n seidenmatt', '#fff', 'Satin', 'Enamel'], ['56011', 'RAL 6011 Resedagr├╝n seidenmatt', '#fff', 'Satin', 'Enamel'], ['56012', 'RAL 6012 Schwarzgr├╝n seidenmatt', '#fff', 'Satin', 'Enamel'], ['56013', 'RAL 6013 Schilfgr├╝n seidenmatt', '#fff', 'Satin', 'Enamel'], ['56014', 'RAL 6014 Gelboliv seidenmatt', '#fff', 'Satin', 'Enamel'], ['56015', 'RAL 6015 Schwarzoliv seidenmatt', '#fff', 'Satin', 'Enamel'], ['56016', 'RAL 6016 T├╝rkisgr├╝n seidenmatt', '#fff', 'Satin', 'Enamel'], ['56017', 'RAL 6017 Maigr├╝n seidenmatt', '#fff', 'Satin', 'Enamel'], ['56018', 'RAL 6018 Gelbgr├╝n seidenmatt', '#fff', 'Satin', 'Enamel'], ['56019', 'RAL 6019 Wei├ƒgr├╝n seidenmatt', '#fff', 'Satin', 'Enamel'], ['56020', 'RAL 6020 Chromoxidgr├╝n seidenmatt', '#fff', 'Satin', 'Enamel'], ['56021', 'RAL 6021 Blassgr├╝n seidenmatt', '#fff', 'Satin', 'Enamel'], ['56022', 'RAL 6022 Braunoliv seidenmatt', '#fff', 'Satin', 'Enamel'], ['56024', 'RAL 6024 Verkehrsgr├╝n seidenmatt', '#fff', 'Satin', 'Enamel'], ['56025', 'RAL 6025 Farngr├╝n seidenmatt', '#fff', 'Satin', 'Enamel'], ['56026', 'RAL 6026 Opalgr├╝n seidenmatt', '#fff', 'Satin', 'Enamel'], ['56027', 'RAL 6027 Lichtgr├╝n seidenmatt', '#fff', 'Satin', 'Enamel'], ['56028', 'RAL 6028 Kieferngr├╝n seidenmatt', '#fff', 'Satin', 'Enamel'], ['56029', 'RAL 6029 Minzgr├╝n seidenmatt', '#fff', 'Satin', 'Enamel'], ['56031', 'RAL 6031-F9 Bronzegr├╝n matt', '#fff', 'Matt', 'Enamel'], ['56032', 'RAL 6032 Signalgr├╝n seidenmatt', '#fff', 'Satin', 'Enamel'], ['56033', 'RAL 6033 Mintt├╝rkis seidenmatt', '#fff', 'Satin', 'Enamel'], ['56034', 'RAL 6034 Pastellt├╝rkis seidenmatt', '#fff', 'Satin', 'Enamel'], ['56037', 'RAL 6037 Reingr├╝n seidenmatt', '#fff', 'Satin', 'Enamel'], ['56038', 'RAL 6038 Leuchtgr├╝n seidenmatt', '#fff', 'Satin', 'Enamel'], ['56040', 'RAL 6040-F9 Helloliv matt', '#fff', 'Matt', 'Enamel'], ['57000', 'RAL 7000 Fehgrau seidenmatt', '#fff', 'Satin', 'Enamel'], ['57001', 'RAL 7001 Silbergrau seidenmatt', '#fff', 'Satin', 'Enamel'], ['57002', 'RAL 7002 Olivgrau seidenmatt', '#fff', 'Satin', 'Enamel'], ['57003', 'RAL 7003 Moosgrau seidenmatt', '#fff', 'Satin', 'Enamel'], ['57004', 'RAL 7004 Signalgrau seidenmatt', '#fff', 'Satin', 'Enamel'], ['57005', 'RAL 7005 Mausgrau seidenmatt', '#fff', 'Satin', 'Enamel'], ['57006', 'RAL 7006 Beigegrau seidenmatt', '#fff', 'Satin', 'Enamel'], ['57008', 'RAL 7008 Khakigrau seidenmatt', '#fff', 'Satin', 'Enamel'], ['57009', 'RAL 7009 Gr├╝ngrau seidenmatt1', '#fff', 'Satin', 'Enamel'], ['57010', 'RAL 7010 Zeltgrau seidenmatt', '#fff', 'Satin', 'Enamel'], ['57011', 'RAL 7011 Eisengrau seidenmatt', '#fff', 'Satin', 'Enamel'], ['57012', 'RAL 7012 Basaltgrau seidenmatt', '#fff', 'Satin', 'Enamel'], ['57013', 'RAL 7013 Braungrau seidenmatt', '#fff', 'Satin', 'Enamel'], ['57015', 'RAL 7015 Schiefergrau seidenmatt', '#fff', 'Satin', 'Enamel'], ['57016', 'RAL 7016 Anthrazitgrau seidenmatt', '#fff', 'Satin', 'Enamel'], ['57018', 'RAL 7018 Blaugrau(alt) seidenmatt', '#fff', 'Satin', 'Enamel'], ['57021', 'RAL 7021 Schwarzgrau seidenmatt', '#fff', 'Satin', 'Enamel'], ['57022', 'RAL 7022 Umbragrau seidenmatt', '#fff', 'Satin', 'Enamel'], ['57023', 'RAL 7023 Betongrau seidenmatt', '#fff', 'Satin', 'Enamel'], ['57024', 'RAL 7024 Graphitgrau seidenmatt', '#fff', 'Satin', 'Enamel'], ['57026', 'RAL 7026 Granitgrau seidenmatt', '#fff', 'Satin', 'Enamel'], ['57030', 'RAL 7030 Steingrau seidenmatt', '#fff', 'Satin', 'Enamel'], ['57031', 'RAL 7031 Blaugrau seidenmatt', '#fff', 'Satin', 'Enamel'], ['57032', 'RAL 7032 Kieselgrau seidenmatt', '#fff', 'Satin', 'Enamel'], ['57033', 'RAL 7033 Zementgrau seidenmatt', '#fff', 'Satin', 'Enamel'], ['57034', 'RAL 7034 Gelbgrau seidenmatt', '#fff', 'Satin', 'Enamel'], ['57035', 'RAL 7035 Lichtgrau seidenmatt', '#fff', 'Satin', 'Enamel'], ['57036', 'RAL 7036 Platingrau seidenmatt', '#fff', 'Satin', 'Enamel'], ['57037', 'RAL 7037 Staubgrau seidenmatt', '#fff', 'Satin', 'Enamel'], ['57038', 'RAL 7038 Achatgrau seidenmatt', '#fff', 'Satin', 'Enamel'], ['57039', 'RAL 7039 Quarzgrau seidenmatt', '#fff', 'Satin', 'Enamel'], ['57040', 'RAL 7040 Fenstergrau seidenmatt', '#fff', 'Satin', 'Enamel'], ['57042', 'RAL 7042 Verkehrsgrau A seidenmatt', '#fff', 'Satin', 'Enamel'], ['57043', 'RAL 7043 Verkehrsgrau B seidenmatt', '#fff', 'Satin', 'Enamel'], ['57044', 'RAL 7044 Seidengrau seidenmatt', '#fff', 'Satin', 'Enamel'], ['57045', 'RAL 7045 Telegrau 1 seidenmatt', '#fff', 'Satin', 'Enamel'], ['57046', 'RAL 7046 Telegrau 2 seidenmatt', '#fff', 'Satin', 'Enamel'], ['57047', 'RAL 7047 Telegrau 4 seidenmatt', '#fff', 'Satin', 'Enamel'], ['57050', 'RAL 7050-F9 Tarngrau matt', '#fff', 'Matt', 'Enamel'], ['58000', 'RAL 8000 Gr├╝nbraun seidenmatt', '#fff', 'Satin', 'Enamel'], ['58001', 'RAL 8001 Ockerbraun seidenmatt', '#fff', 'Satin', 'Enamel'], ['58002', 'RAL 8002 Signalbraun seidenmatt', '#fff', 'Satin', 'Enamel'], ['58003', 'RAL 8003 Lehmbraun seidenmatt', '#fff', 'Satin', 'Enamel'], ['58004', 'RAL 8004 Kupferbraun seidenmatt', '#fff', 'Satin', 'Enamel'], ['58007', 'RAL 8007 Rehbraun seidenmatt', '#fff', 'Satin', 'Enamel'], ['58008', 'RAL 8008 Olivbraun seidenmatt', '#fff', 'Satin', 'Enamel'], ['58011', 'RAL 8011 Nu├ƒbraun seidenmatt', '#fff', 'Satin', 'Enamel'], ['58012', 'RAL 8012 Rotbraun seidenmatt', '#fff', 'Satin', 'Enamel'], ['58014', 'RAL 8014 Sepiabraun seidenmatt', '#fff', 'Satin', 'Enamel'], ['58015', 'RAL 8015 Kastanienbraun seidenmatt', '#fff', 'Satin', 'Enamel'], ['58016', 'RAL 8016 Mahagonibraun seidenmatt', '#fff', 'Satin', 'Enamel'], ['58017', 'RAL 8017 Schokoladenbraun seidenmatt', '#fff', 'Satin', 'Enamel'], ['58019', 'RAL 8019 Graubraun seidenmatt', '#fff', 'Satin', 'Enamel'], ['58022', 'RAL 8022 Schwarzbraun seidenmatt', '#fff', 'Satin', 'Enamel'], ['58023', 'RAL 8023 Orangebraun seidenmatt', '#fff', 'Satin', 'Enamel'], ['58024', 'RAL 8024 Beigebraun seidenmatt', '#fff', 'Satin', 'Enamel'], ['58025', 'RAL 8025 Blassbraun seidenmatt', '#fff', 'Satin', 'Enamel'], ['58027', 'RAL 8027-F9 Lederbraun matt', '#fff', 'Matt', 'Enamel'], ['58028', 'RAL 8028 Terrabraun seidenmatt', '#fff', 'Satin', 'Enamel'], ['58031', 'RAL 8031-F9 Sandbraun matt', '#fff', 'Matt', 'Enamel'], ['59001', 'RAL 9001 Cremewei├ƒ seidenmatt', '#fff', 'Satin', 'Enamel'], ['59002', 'RAL 9002 Grauwei├ƒ seidenmatt', '#fff', 'Satin', 'Enamel'], ['59003', 'RAL 9003 Signalwei├ƒ seidenmatt', '#fff', 'Satin', 'Enamel'], ['59004', 'RAL 9004 Signalschwarz seidenmatt', '#fff', 'Satin', 'Enamel'], ['59005', 'RAL 9005 Tiefschwarz seidenmatt', '#fff', 'Satin', 'Enamel'], ['59006', 'RAL 9006 Wei├ƒaluminium gl├ñnzend', '#fff', 'Gloss', 'Enamel'], ['59007', 'RAL 9007 Graualuminium gl├ñnzend', '#fff', 'Gloss', 'Enamel'], ['59008', 'Dunkelgraualuminium DB703 gl├ñnzend', '#fff', 'Gloss', 'Enamel'], ['59010', 'RAL 9010 Reinwei├ƒ seidenmatt', '#fff', 'Satin', 'Enamel'], ['59011', 'RAL 9011 Graphitschwarz seidenmatt', '#fff', 'Satin', 'Enamel'], ['59016', 'RAL 9016 Verkehrswei├ƒ seidenmatt', '#fff', 'Satin', 'Enamel'], ['59017', 'RAL 9017 Verkehrsschwarz seidenmatt', '#fff', 'Satin', 'Enamel'], ['59018', 'RAL 9018 Papyruswei├ƒ seidenmatt', '#fff', 'Satin', 'Enamel'], ['59021', 'RAL 9021-F9 Teerschwarz matt', '#fff', 'Matt', 'Enamel'], ['61001', 'RAL 1001 Beige seidenmatt', '#fff', 'Satin', 'Enamel'], ['61002', 'RAL 1002 Sandgelb seidenmatt', '#fff', 'Satin', 'Enamel'], ['61003', 'RAL 1003 Signalgelb seidenmatt', '#fff', 'Satin', 'Enamel'], ['61004', 'RAL 1004 Goldlgelb seidenmatt', '#fff', 'Satin', 'Enamel'], ['61011', 'RAL 1011 Braunbeige seidenmatt', '#fff', 'Satin', 'Enamel'], ['61012', 'RAL 1012 Zitronengelb seidenmatt', '#fff', 'Satin', 'Enamel'], ['61014', 'RAL 1014 Elfenbein seidenmatt', '#fff', 'Satin', 'Enamel'], ['61015', 'RAL 1015 Hellelfenbein seidenmatt', '#fff', 'Satin', 'Enamel'], ['61016', 'RAL 1016 Schwefelgelb seidenmatt', '#fff', 'Satin', 'Enamel'], ['61020', 'RAL 1020 Olivegelb seidenmatt', '#fff', 'Satin', 'Enamel'], ['61021', 'RAL 1021 Rapsgelb seidenmatt', '#fff', 'Satin', 'Enamel'], ['61023', 'RAL 1023 Verkehrsgelb seidenmatt', '#fff', 'Satin', 'Enamel'], ['61026', 'RAL 1026 Leuchtgelb seidenmatt', '#fff', 'Satin', 'Enamel'], ['61032', 'RAL 1032 Ginstergelb seidenmatt', '#fff', 'Satin', 'Enamel'], ['61033', 'RAL 1033 Dahliengelb seidenmatt', '#fff', 'Satin', 'Enamel'], ['61034', 'RAL 1034 Pastellgelb seidenmatt', '#fff', 'Satin', 'Enamel'], ['61037', 'RAL 1037 Sonnengelb seidenmatt', '#fff', 'Satin', 'Enamel'], ['61039', 'RAL 1039-F9 Sandbeige matt', '#fff', 'Matt', 'Enamel'], ['61040', 'RAL 1040-F9 Lehmbeige matt', '#fff', 'Matt', 'Enamel'], ['70111', 'Gelb gl├ñnzend', '#fff', 'Gloss', 'Enamel'], ['70114', 'Orange gl├ñnzend', '#fff', 'Gloss', 'Enamel'], ['70117', 'Ocker gl├ñnzend', '#fff', 'Gloss', 'Enamel'], ['70120', 'Hautfarbe gl├ñnzend', '#fff', 'Gloss', 'Enamel'], ['70121', 'Rot gl├ñnzend', '#fff', 'Gloss', 'Enamel'], ['70130', 'Blau gl├ñnzend', '#fff', 'Gloss', 'Enamel'], ['70132', 'Mittelblau gl├ñnzend', '#fff', 'Gloss', 'Enamel'], ['70136', 'Dunkelblau gl├ñnzend', '#fff', 'Gloss', 'Enamel'], ['70140', 'Gr├╝n gl├ñnzend', '#fff', 'Gloss', 'Enamel'], ['70150', 'Braun gl├ñnzend', '#fff', 'Gloss', 'Enamel'], ['70160', 'Wei├ƒ gl├ñnzend', '#fff', 'Gloss', 'Enamel'], ['70165', 'Schwarz gl├ñnzend', '#fff', 'Gloss', 'Enamel'], ['70301', 'Gelb Postauto Schweiz gl├ñnzend', '#fff', 'Gloss', 'Enamel'], ['70302', 'MB 1238 Inkagelb gl├ñnzend', '#fff', 'Gloss', 'Enamel'], ['70303', 'Grau A 30Sw/70W gl├ñnzend', '#fff', 'Gloss', 'Enamel'], ['70304', 'Grau B 45Sw/55W gl├ñnzend', '#fff', 'Gloss', 'Enamel'], ['70305', 'Grau C 70Sw/30W gl├ñnzend', '#fff', 'Gloss', 'Enamel'], ['70306', 'Pantone 106c gelb gl├ñnzend', '#fff', 'Gloss', 'Enamel'], ['70307', 'RAL Design 170 60 50 gl├ñnzend', '#fff', 'Gloss', 'Enamel'], ['70308', 'Camelgelb gl├ñnzend', '#fff', 'Gloss', 'Enamel'], ['70309', '├ûBB Railjet Rot gl├ñnzend', '#fff', 'Gloss', 'Enamel'], ['70310', 'RAL Design 050 60 80 gl├ñnzend', '#fff', 'Gloss', 'Enamel'], ['70311', 'RAL Design 220 30 10 gl├ñnzend', '#fff', 'Gloss', 'Enamel'], ['70312', '2425 NVA- Olivgr├╝n (TGL21196) gl├ñnzend', '#fff', 'Gloss', 'Enamel'], ['70313', '├ûBB Hellgrau S 2502 gl├ñnzend', '#fff', 'Gloss', 'Enamel'], ['70314', 'Liebherr Gelb gl├ñnzend', '#fff', 'Gloss', 'Enamel'], ['70315', 'RAL Design 270 30 35 gl├ñnzend', '#fff', 'Gloss', 'Enamel'], ['70316', 'Tramway Rot gl├ñnzend', '#fff', 'Gloss', 'Enamel'], ['70317', 'DB 3538 Ochsenblut gl├ñnzend', '#fff', 'Gloss', 'Enamel'], ['70318', '├ûBB Mittelgrau S 4502 gl├ñnzend', '#fff', 'Gloss', 'Enamel'], ['70319', 'MB 5328 Standardblau gl├ñnzend', '#fff', 'Gloss', 'Enamel'], ['70320', 'RAL 6100 Lemon green gl├ñnzend', '#fff', 'Gloss', 'Enamel'], ['70321', 'Sped. Gartner Gr├╝n 2018 gl├ñnzend', '#fff', 'Gloss', 'Enamel'], ['70322', 'DGzRS Decksgr├╝n gl├ñnzend', '#fff', 'Gloss', 'Enamel'], ['70323', 'RAL Design 130 30 20 gl├ñnzend', '#fff', 'Gloss', 'Enamel'], ['70324', 'MB 6277 Standardgr├╝n gl├ñnzend', '#fff', 'Gloss', 'Enamel'], ['70325', '├ûBB Dunkelgrau S 6502 gl├ñnzend', '#fff', 'Gloss', 'Enamel'], ['70326', 'Springtime Green gl├ñnzend', '#fff', 'Gloss', 'Enamel'], ['70327', 'MB 77300 Alaskagrau gl├ñnzend', '#fff', 'Gloss', 'Enamel'], ['70328', 'MB 77350 Novagrau gl├ñnzend', '#fff', 'Gloss', 'Enamel'], ['70329', 'MB 77354 Argentitgrau gl├ñnzend', '#fff', 'Gloss', 'Enamel'], ['70330', 'SBB Tannengr├╝n gl├ñnzend', '#fff', 'Gloss', 'Enamel'], ['70331', 'LI 8100 Zillertalbahn-Braun gl├ñnzend', '#fff', 'Gloss', 'Enamel'], ['70332', 'Grau S 3000-N gl├ñnzend', '#fff', 'Gloss', 'Enamel'], ['70333', '"W├╝rttembergischer Bahnhof" gl├ñnzend', '#fff', 'Gloss', 'Enamel'], ['70334', 'Claas Saatengr├╝n gl├ñnzend', '#fff', 'Gloss', 'Enamel'], ['70335', 'Fendt Gr├╝n neu gl├ñnzend', '#fff', 'Gloss', 'Enamel'], ['70336', 'Fendt Gr├╝n alt gl├ñnzend', '#fff', 'Gloss', 'Enamel'], ['70337', 'John Deere Gr├╝n gl├ñnzend', '#fff', 'Gloss', 'Enamel'], ['70338', 'Caterpillar Gelb gl├ñnzend', '#fff', 'Gloss', 'Enamel'], ['70339', 'Volvo Grau SM neu gl├ñnzend', '#fff', 'Gloss', 'Enamel'], ['70340', 'Freund K├╢ln Hellgr├╝n gl├ñnzend', '#fff', 'Gloss', 'Enamel'], ['70341', 'Freund K├╢ln Dunkelgr├╝n gl├ñnzend', '#fff', 'Gloss', 'Enamel'], ['70342', 'Herzer Wien Grau gl├ñnzend', '#fff', 'Gloss', 'Enamel'], ['70343', 'Sparkassen Hellblau gl├ñnzend', '#fff', 'Gloss', 'Enamel'], ['70344', 'Mariazellerbahn Braun gl├ñnzend', '#fff', 'Gloss', 'Enamel'], ['70345', 'Bahn Baden W├╝rttemberg Gelb gl├ñnzend', '#fff', 'Gloss', 'Enamel'], ['70346', 'Liliput SVT 137 Violett gl├ñnzend', '#fff', 'Gloss', 'Enamel'], ['70347', 'Cobalt Green gl├ñnzend', '#fff', 'Gloss', 'Enamel'], ['70348', 'Krone Gr├╝n gl├ñnzend', '#fff', 'Gloss', 'Enamel'], ['70349', 'MB 7187 LKW-Grau gl├ñnzend', '#fff', 'Gloss', 'Enamel'], ['70350', 'Krone Beige gl├ñnzend', '#fff', 'Gloss', 'Enamel'], ['70352', 'Alex Wagen Blau gl├ñnzend', '#fff', 'Gloss', 'Enamel'], ['70353', '├ûBB CAT-Taurus Gr├╝n 0575 gl├ñnzend', '#fff', 'Gloss', 'Enamel'], ['70354', '├ûBB CAT-Taurus Grau 5502 gl├ñnzend', '#fff', 'Gloss', 'Enamel'], ['70355', 'DB Cargo 185 367 Blaugrau gl├ñnzend', '#fff', 'Gloss', 'Enamel'], ['70356', 'DB Cargo 185 367 Blau gl├ñnzend', '#fff', 'Gloss', 'Enamel'], ['70357', 'DRK Wasserwacht- Blau 2505040 gl├ñnzend', '#fff', 'Gloss', 'Enamel'], ['70358', 'Belgische Stra├ƒenbahn Jaune primrose gl├ñnzend', '#fff', 'Gloss', 'Enamel'], ['70359', 'MB 6426 Leguangr├╝n gl├ñnzend', '#fff', 'Gloss', 'Enamel'], ['71000', 'RAL 1000 Gr├╝nbeige gl├ñnzend', '#fff', 'Gloss', 'Enamel'], ['71001', 'RAL 1001 Beige gl├ñnzend', '#fff', 'Gloss', 'Enamel'], ['71002', 'RAL 1002 Sandgelb gl├ñnzend', '#fff', 'Gloss', 'Enamel'], ['71003', 'RAL 1003 Signalgelb gl├ñnzend', '#fff', 'Gloss', 'Enamel'], ['71004', 'RAL 1004 Goldlgelb gl├ñnzend', '#fff', 'Gloss', 'Enamel'], ['71005', 'RAL 1005 Honiggelb gl├ñnzend', '#fff', 'Gloss', 'Enamel'], ['71006', 'RAL 1006 Maisgelb gl├ñnzend', '#fff', 'Gloss', 'Enamel'], ['71007', 'RAL 1007 Narzissen-Chrom-Gelb gl├ñnzend', '#fff', 'Gloss', 'Enamel'], ['71011', 'RAL 1011 Braunbeige gl├ñnzend', '#fff', 'Gloss', 'Enamel'], ['71012', 'RAL 1012 Zitronengelb gl├ñnzend', '#fff', 'Gloss', 'Enamel'], ['71013', 'RAL 1013 Perlweiss gl├ñnzend', '#fff', 'Gloss', 'Enamel'], ['71014', 'RAL 1014 Elfenbein gl├ñnzend', '#fff', 'Gloss', 'Enamel'], ['71015', 'RAL 1015 Hellelfenbein gl├ñnzend', '#fff', 'Gloss', 'Enamel'], ['71016', 'RAL 1016 Schwefelgelb gl├ñnzend', '#fff', 'Gloss', 'Enamel'], ['71017', 'RAL 1017 Safrangelb gl├ñnzend', '#fff', 'Gloss', 'Enamel'], ['71018', 'RAL 1018 Zinkgelb gl├ñnzend', '#fff', 'Gloss', 'Enamel'], ['71019', 'RAL 1019 Graubeige gl├ñnzend', '#fff', 'Gloss', 'Enamel'], ['71020', 'RAL 1020 Olivegelb gl├ñnzend', '#fff', 'Gloss', 'Enamel'], ['71021', 'RAL 1021 Rapsgelb gl├ñnzend', '#fff', 'Gloss', 'Enamel'], ['71023', 'RAL 1023 Verkehrsgelb gl├ñnzend', '#fff', 'Gloss', 'Enamel'], ['71024', 'RAL 1024 Ockergelb gl├ñnzend', '#fff', 'Gloss', 'Enamel'], ['71027', 'RAL 1027 Currygelb gl├ñnzend', '#fff', 'Gloss', 'Enamel'], ['71028', 'RAL 1028 Melonengelb gl├ñnzend', '#fff', 'Gloss', 'Enamel'], ['71032', 'RAL 1032 Ginstergelb gl├ñnzend', '#fff', 'Gloss', 'Enamel'], ['71033', 'RAL 1033 Dahliengelb gl├ñnzend', '#fff', 'Gloss', 'Enamel'], ['71034', 'RAL 1034 Pastellgelb gl├ñnzend', '#fff', 'Gloss', 'Enamel'], ['71037', 'RAL 1037 Sonnengelb gl├ñnzend', '#fff', 'Gloss', 'Enamel'], ['72000', 'RAL 2000 Gelborange gl├ñnzend', '#fff', 'Gloss', 'Enamel'], ['72001', 'RAL 2001 Rotorange gl├ñnzend', '#fff', 'Gloss', 'Enamel'], ['72002', 'RAL 2002 Blutorange gl├ñnzend', '#fff', 'Gloss', 'Enamel'], ['72003', 'RAL 2003 Pastellorange gl├ñnzend', '#fff', 'Gloss', 'Enamel'], ['72004', 'RAL 2004 Reinorange gl├ñnzend', '#fff', 'Gloss', 'Enamel'], ['72008', 'RAL 2008 Hellrotsorange gl├ñnzend', '#fff', 'Gloss', 'Enamel'], ['72009', 'RAL 2009 Verkehrsorange gl├ñnzend', '#fff', 'Gloss', 'Enamel'], ['72010', 'RAL 2010 Signalorange gl├ñnzend', '#fff', 'Gloss', 'Enamel'], ['72011', 'RAL 2011 Tieforange gl├ñnzend', '#fff', 'Gloss', 'Enamel'], ['72012', 'RAL 2012 Lachsorange gl├ñnzend', '#fff', 'Gloss', 'Enamel'], ['73000', 'RAL 3000 Feuerrot gl├ñnzend', '#fff', 'Gloss', 'Enamel'], ['73001', 'RAL 3001 Signalrot gl├ñnzend', '#fff', 'Gloss', 'Enamel'], ['73002', 'RAL 3002 Karminrot gl├ñnzend', '#fff', 'Gloss', 'Enamel'], ['73003', 'RAL 3003 Rubinrot gl├ñnzend', '#fff', 'Gloss', 'Enamel'], ['73004', 'RAL 3004 Purpurrot gl├ñnzend', '#fff', 'Gloss', 'Enamel'], ['73005', 'RAL 3005 Weinrot gl├ñnzend', '#fff', 'Gloss', 'Enamel'], ['73007', 'RAL 3007 Schwarzrot gl├ñnzend', '#fff', 'Gloss', 'Enamel'], ['73009', 'RAL 3009 Oxidrot gl├ñnzend', '#fff', 'Gloss', 'Enamel'], ['73011', 'RAL 3011 Braunrot gl├ñnzend', '#fff', 'Gloss', 'Enamel'], ['73012', 'RAL 3012 Beigerot gl├ñnzend', '#fff', 'Gloss', 'Enamel'], ['73013', 'RAL 3013 Tomatenrot gl├ñnzend', '#fff', 'Gloss', 'Enamel'], ['73014', 'RAL 3014 Altrosa gl├ñnzend', '#fff', 'Gloss', 'Enamel'], ['73015', 'RAL 3015 Hellrosa gl├ñnzend', '#fff', 'Gloss', 'Enamel'], ['73016', 'RAL 3016 Korallenrot gl├ñnzend', '#fff', 'Gloss', 'Enamel'], ['73017', 'RAL 3017 Ros├⌐ gl├ñnzend', '#fff', 'Gloss', 'Enamel'], ['73018', 'RAL 3018 Erdbeerrot gl├ñnzend', '#fff', 'Gloss', 'Enamel'], ['73020', 'RAL 3020 Verkehrsrot gl├ñnzend', '#fff', 'Gloss', 'Enamel'], ['73022', 'RAL 3022 Lachsrot gl├ñnzend', '#fff', 'Gloss', 'Enamel'], ['73027', 'RAL 3027 Himbeerrot gl├ñnzend', '#fff', 'Gloss', 'Enamel'], ['73028', 'RAL 3028 Reinrot gl├ñnzend', '#fff', 'Gloss', 'Enamel'], ['73031', 'RAL 3031 Orientrot gl├ñnzend', '#fff', 'Gloss', 'Enamel'], ['74000', 'RAL 4000 Violett gl├ñnzend', '#fff', 'Gloss', 'Enamel'], ['74001', 'RAL 4001 Rotlila gl├ñnzend', '#fff', 'Gloss', 'Enamel'], ['74002', 'RAL 4002 Rotviolett gl├ñnzend', '#fff', 'Gloss', 'Enamel'], ['74003', 'RAL 4003 Erikaviolett gl├ñnzend', '#fff', 'Gloss', 'Enamel'], ['74004', 'RAL 4004 Bordeauxviolett gl├ñnzend', '#fff', 'Gloss', 'Enamel'], ['74005', 'RAL 4005 Blaulila gl├ñnzend', '#fff', 'Gloss', 'Enamel'], ['74006', 'RAL 4006 Verkehrspurpur gl├ñnzend', '#fff', 'Gloss', 'Enamel'], ['74007', 'RAL 4007 Purpurviolett gl├ñnzend', '#fff', 'Gloss', 'Enamel'], ['74009', 'RAL 4009 Pastellviolett gl├ñnzend', '#fff', 'Gloss', 'Enamel'], ['74010', 'RAL 4010 Telemagenta gl├ñnzend', '#fff', 'Gloss', 'Enamel'], ['75000', 'RAL 5000 Violettblau gl├ñnzend', '#fff', 'Gloss', 'Enamel'], ['75001', 'RAL 5001 Gr├╝nblau gl├ñnzend', '#fff', 'Gloss', 'Enamel'], ['75002', 'RAL 5002 Ultramarinblau gl├ñnzend', '#fff', 'Gloss', 'Enamel'], ['75003', 'RAL 5003 Saphirblau gl├ñnzend', '#fff', 'Gloss', 'Enamel'], ['75004', 'RAL 5004 Schwarzblau gl├ñnzend', '#fff', 'Gloss', 'Enamel'], ['75005', 'RAL 5005 Signalblau gl├ñnzend', '#fff', 'Gloss', 'Enamel'], ['75007', 'RAL 5007 Brillantblau gl├ñnzend', '#fff', 'Gloss', 'Enamel'], ['75008', 'RAL 5008 Graublau gl├ñnzend', '#fff', 'Satin', 'Enamel'], ['75008', 'RAL 4008 Signalviolett gl├ñnzend', '#fff', 'Gloss', 'Enamel'], ['75009', 'RAL 5009 Azurblau gl├ñnzend', '#fff', 'Gloss', 'Enamel'], ['75010', 'RAL 5010 Enzianblau gl├ñnzend', '#fff', 'Gloss', 'Enamel'], ['75011', 'RAL 5011 Stahlblau gl├ñnzen', '#fff', 'Gloss', 'Enamel'], ['75012', 'RAL 5012 Lichtblau gl├ñnzend', '#fff', 'Gloss', 'Enamel'], ['75013', 'RAL 5013 Kobaltblau gl├ñnzend', '#fff', 'Gloss', 'Enamel'], ['75014', 'RAL 5014 Taubenblau gl├ñnzend', '#fff', 'Gloss', 'Enamel'], ['75015', 'RAL 5015 Himmelblau gl├ñnzend', '#fff', 'Gloss', 'Enamel'], ['75017', 'RAL 5017 Verkehrsblau gl├ñnzend', '#fff', 'Gloss', 'Enamel'], ['75018', 'RAL 5018 T├╝rkisblau gl├ñnzend', '#fff', 'Gloss', 'Enamel'], ['75019', 'RAL 5019 Capriblau gl├ñnzend', '#fff', 'Gloss', 'Enamel'], ['75020', 'RAL 5020 Ozeanblau gl├ñnzend', '#fff', 'Gloss', 'Enamel'], ['75021', 'RAL 5021 Wasserblau gl├ñnzend', '#fff', 'Gloss', 'Enamel'], ['75022', 'RAL 5022 Nachtblau gl├ñnzend', '#fff', 'Gloss', 'Enamel'], ['75023', 'RAL 5023 Fernblau gl├ñnzend', '#fff', 'Gloss', 'Enamel'], ['75024', 'RAL 5024 Pastellblau gl├ñnzend', '#fff', 'Gloss', 'Enamel'], ['76000', 'RAL 6000 Patinagr├╝n gl├ñnzend', '#fff', 'Gloss', 'Enamel'], ['76001', 'RAL 6001 Smaragdgr├╝n gl├ñnzend', '#fff', 'Gloss', 'Enamel'], ['76002', 'RAL 6002 Laubgr├╝n gl├ñnzend', '#fff', 'Gloss', 'Enamel'], ['76003', 'RAL 6003 Olivgr├╝n gl├ñnzend', '#fff', 'Gloss', 'Enamel'], ['76004', 'RAL 6004 Blaugr├╝n gl├ñnzend', '#fff', 'Gloss', 'Enamel'], ['76005', 'RAL 6005 Moosgr├╝n gl├ñnzend', '#fff', 'Gloss', 'Enamel'], ['76006', 'RAL 6006 Grauoliv gl├ñnzend', '#fff', 'Gloss', 'Enamel'], ['76007', 'RAL 6007 Flaschengr├╝n gl├ñnzend', '#fff', 'Gloss', 'Enamel'], ['76008', 'RAL 6008 Braungr├╝n gl├ñnzend', '#fff', 'Gloss', 'Enamel'], ['76009', 'RAL 6009 Tannengr├╝n gl├ñnzend', '#fff', 'Gloss', 'Enamel'], ['76010', 'RAL 6010 Grasgr├╝n gl├ñnzend', '#fff', 'Gloss', 'Enamel'], ['76011', 'RAL 6011 Resedagr├╝n gl├ñnzen', '#fff', 'Gloss', 'Enamel'], ['76012', 'RAL 6012 Schwarzgr├╝n gl├ñnzend', '#fff', 'Gloss', 'Enamel'], ['76013', 'RAL 6013 Schilfgr├╝n gl├ñnzend', '#fff', 'Gloss', 'Enamel'], ['76014', 'RAL 6014 Gelboliv gl├ñnzend', '#fff', 'Gloss', 'Enamel'], ['76015', 'RAL 6015 Schwarzoliv gl├ñnzend', '#fff', 'Gloss', 'Enamel'], ['76016', 'RAL 6016 T├╝rkisgr├╝n gl├ñnzend', '#fff', 'Gloss', 'Enamel'], ['76017', 'RAL 6017 Maigr├╝n gl├ñnzend', '#fff', 'Gloss', 'Enamel'], ['76018', 'RAL 6018 Gelbgr├╝n gl├ñnzend', '#fff', 'Gloss', 'Enamel'], ['76019', 'RAL 6019 Wei├ƒgr├╝n gl├ñnzend', '#fff', 'Gloss', 'Enamel'], ['76020', 'RAL 6020 Chromoxidgr├╝n gl├ñnzend', '#fff', 'Gloss', 'Enamel'], ['76021', 'RAL 6021 Blassgr├╝n gl├ñnzend', '#fff', 'Gloss', 'Enamel'], ['76022', 'RAL 6022 Braunoliv gl├ñnzend', '#fff', 'Gloss', 'Enamel'], ['76024', 'RAL 6024 Verkehrsgr├╝n gl├ñnzend', '#fff', 'Gloss', 'Enamel'], ['76025', 'RAL 6025 Farngr├╝n gl├ñnzend', '#fff', 'Gloss', 'Enamel'], ['76026', 'RAL 6026 Opalgr├╝n gl├ñnzend', '#fff', 'Gloss', 'Enamel'], ['76027', 'RAL 6027 Lichtgr├╝n gl├ñnzend', '#fff', 'Gloss', 'Enamel'], ['76028', 'RAL 6028 Kieferngr├╝n gl├ñnzend', '#fff', 'Gloss', 'Enamel'], ['76029', 'RAL 6029 Minzgr├╝n gl├ñnzend', '#fff', 'Gloss', 'Enamel'], ['76031', 'RAL 6031 Bronzegr├╝n gl├ñnzend', '#fff', 'Gloss', 'Enamel'], ['76032', 'RAL 6032 Signalgr├╝n gl├ñnzend', '#fff', 'Gloss', 'Enamel'], ['76033', 'RAL 6033 Mintt├╝rkis gl├ñnzend', '#fff', 'Gloss', 'Enamel'], ['76034', 'RAL 6034 Pastellt├╝rkis gl├ñnzend', '#fff', 'Gloss', 'Enamel'], ['76037', 'RAL 6037 Reingr├╝n gl├ñnzend', '#fff', 'Satin', 'Enamel'], ['77000', 'RAL 7000 Fehgrau gl├ñnzend', '#fff', 'Gloss', 'Enamel'], ['77001', 'RAL 7001 Silbergrau gl├ñnzend', '#fff', 'Gloss', 'Enamel'], ['77002', 'RAL 7002 Olivgrau gl├ñnzend', '#fff', 'Gloss', 'Enamel'], ['77003', 'RAL 7003 Moosgrau gl├ñnzend', '#fff', 'Gloss', 'Enamel'], ['77004', 'RAL 7004 Signalgrau gl├ñnzend', '#fff', 'Gloss', 'Enamel'], ['77005', 'RAL 7005 Mausgrau gl├ñnzend', '#fff', 'Gloss', 'Enamel'], ['77006', 'RAL 7006 Beigegrau gl├ñnzend', '#fff', 'Gloss', 'Enamel'], ['77008', 'RAL 7008 Khakigrau gl├ñnzend', '#fff', 'Gloss', 'Enamel'], ['77009', 'RAL 7009 Gr├╝ngrau gl├ñnzend', '#fff', 'Gloss', 'Enamel'], ['77010', 'RAL 7010 Zeltgrau gl├ñnzend', '#fff', 'Gloss', 'Enamel'], ['77011', 'RAL 7011 Eisengrau gl├ñnzend', '#fff', 'Gloss', 'Enamel'], ['77012', 'RAL 7012 Basaltgrau gl├ñnzend', '#fff', 'Gloss', 'Enamel'], ['77013', 'RAL 7013 Braungrau gl├ñnzend', '#fff', 'Gloss', 'Enamel'], ['77015', 'RAL 7015 Schiefergrau gl├ñnzend', '#fff', 'Gloss', 'Enamel'], ['77016', 'RAL 7016 Anthrazitgrau gl├ñnzend', '#fff', 'Gloss', 'Enamel'], ['77018', 'RAL 7018 Blaugrau(alt) gl├ñnzend', '#fff', 'Gloss', 'Enamel'], ['77021', 'RAL 7021 Schwarzgrau gl├ñnzend', '#fff', 'Gloss', 'Enamel'], ['77022', 'RAL 7022 Umbragrau gl├ñnzend', '#fff', 'Gloss', 'Enamel'], ['77023', 'RAL 7023 Betongrau gl├ñnzend', '#fff', 'Gloss', 'Enamel'], ['77024', 'RAL 7024 Graphitgrau gl├ñnzend', '#fff', 'Gloss', 'Enamel'], ['77026', 'RAL 7026 Granitgrau gl├ñnzend', '#fff', 'Gloss', 'Enamel'], ['77030', 'RAL 7030 Steingrau gl├ñnzend', '#fff', 'Gloss', 'Enamel'], ['77031', 'RAL 7031 Blaugrau gl├ñnzend', '#fff', 'Gloss', 'Enamel'], ['77032', 'RAL 7032 Kieselgrau gl├ñnzend', '#fff', 'Gloss', 'Enamel'], ['77033', 'RAL 7033 Zementgrau gl├ñnzend', '#fff', 'Gloss', 'Enamel'], ['77034', 'RAL 7034 Gelbgrau gl├ñnzend', '#fff', 'Gloss', 'Enamel'], ['77035', 'RAL 7035 Lichtgrau gl├ñnzend', '#fff', 'Gloss', 'Enamel'], ['77036', 'RAL 7036 Platingrau gl├ñnzend', '#fff', 'Gloss', 'Enamel'], ['77037', 'RAL 7037 Staubgrau gl├ñnzend', '#fff', 'Gloss', 'Enamel'], ['77038', 'RAL 7038 Achatgrau gl├ñnzend', '#fff', 'Gloss', 'Enamel'], ['77039', 'RAL 7039 Quarzgrau gl├ñnzend', '#fff', 'Gloss', 'Enamel'], ['77040', 'RAL 7040 Fenstergrau gl├ñnzend', '#fff', 'Gloss', 'Enamel'], ['77042', 'RAL 7042 Verkehrsgrau A gl├ñnzend', '#fff', 'Gloss', 'Enamel'], ['77043', 'RAL 7043 Verkehrsgrau B gl├ñnzend', '#fff', 'Gloss', 'Enamel'], ['77044', 'RAL 7044 Seidengrau gl├ñnzend', '#fff', 'Gloss', 'Enamel'], ['77045', 'RAL 7045 Telegrau 1 gl├ñnzend', '#fff', 'Gloss', 'Enamel'], ['77046', 'RAL 7046 Telegrau 2 gl├ñnzend', '#fff', 'Gloss', 'Enamel'], ['77047', 'RAL 7047 Telegrau 4 gl├ñnzend', '#fff', 'Gloss', 'Enamel'], ['78000', 'RAL 8000 Gr├╝nbraun gl├ñnzend', '#fff', 'Gloss', 'Enamel'], ['78001', 'RAL 8001 Ockerbraun gl├ñnzend', '#fff', 'Gloss', 'Enamel'], ['78002', 'RAL 8002 Signalbraun gl├ñnzen', '#fff', 'Gloss', 'Enamel'], ['78003', 'RAL 8003 Lehmbraun gl├ñnzend', '#fff', 'Gloss', 'Enamel'], ['78004', 'RAL 8004 Kupferbraun gl├ñnzend', '#fff', 'Gloss', 'Enamel'], ['78007', 'RAL 8007 Rehbraun gl├ñnzend', '#fff', 'Gloss', 'Enamel'], ['78008', 'RAL 8008 Olivbraun gl├ñnzend', '#fff', 'Gloss', 'Enamel'], ['78011', 'RAL 8011 Nu├ƒbraun gl├ñnzend', '#fff', 'Gloss', 'Enamel'], ['78012', 'RAL 8012 Rotbraun gl├ñnzend', '#fff', 'Gloss', 'Enamel'], ['78014', 'RAL 8014 Sepiabraun gl├ñnzend', '#fff', 'Gloss', 'Enamel'], ['78015', 'RAL 8015 Kastanienbraun gl├ñnzend', '#fff', 'Gloss', 'Enamel'], ['78016', 'RAL 8016 Mahagonibraun gl├ñnzend', '#fff', 'Satin', 'Enamel'], ['78017', 'RAL 8017 Schokoladenbraun gl├ñnzend', '#fff', 'Gloss', 'Enamel'], ['78019', 'RAL 8019 Graubraun gl├ñnzend', '#fff', 'Gloss', 'Enamel'], ['78022', 'RAL 8022 Schwarzbraun gl├ñnzend', '#fff', 'Gloss', 'Enamel'], ['78023', 'RAL 8023 Orangebraun gl├ñnzend', '#fff', 'Gloss', 'Enamel'], ['78024', 'RAL 8024 Beigebraun gl├ñnzend', '#fff', 'Gloss', 'Enamel'], ['78025', 'RAL 8025 Blassbraun gl├ñnzend', '#fff', 'Gloss', 'Enamel'], ['78027', 'RAL 8027 Lederbraun gl├ñnzend', '#fff', 'Gloss', 'Enamel'], ['78028', 'RAL 8028 Terrabraun gl├ñnzend', '#fff', 'Gloss', 'Enamel'], ['78031', 'RAL 8031-F9 Sandbraun gl├ñnzend', '#fff', 'Gloss', 'Enamel'], ['79001', 'RAL 9001 Cremewei├ƒ gl├ñnzend', '#fff', 'Gloss', 'Enamel'], ['79002', 'RAL 9002 Grauwei├ƒ gl├ñnzend', '#fff', 'Gloss', 'Enamel'], ['79003', 'RAL 9003 Signalwei├ƒ gl├ñnzend', '#fff', 'Gloss', 'Enamel'], ['79004', 'RAL 9004 Signalschwarz gl├ñnzend', '#fff', 'Gloss', 'Enamel'], ['79005', 'RAL 9005 Tiefschwarz gl├ñnzend', '#fff', 'Gloss', 'Enamel'], ['79010', 'RAL 9010 Reinwei├ƒ gl├ñnzend', '#fff', 'Gloss', 'Enamel'], ['79011', 'RAL 9011 Graphitschwarz gl├ñnzend', '#fff', 'Gloss', 'Enamel'], ['79016', 'RAL 9016 Verkehrswei├ƒ gl├ñnzend', '#fff', 'Gloss', 'Enamel'], ['79017', 'RAL 9017 Verkehrsschwarz gl├ñnzend', '#fff', 'Gloss', 'Enamel'], ['79018', 'RAL 9018 Papyruswei├ƒ gl├ñnzend', '#fff', 'Gloss', 'Enamel'], ['79021', 'RAL 9021 Teerschwarz gl├ñnzend', '#fff', 'Gloss', 'Enamel'], ['79022', 'RAL 9022 Perlhellgrau gl├ñnzend', '#fff', 'Gloss', 'Enamel'], ['79023', 'RAL 9023 Perldunkelgrau gl├ñnzend', '#fff', 'Gloss', 'Enamel'], ['80080', 'Metallgrundierung in weiss matt / Metal primer', '#fff', 'Matt', 'Enamel'], ['50008', 'Spezialverd├╝nner "Life Colours"', '#fff', None, 'Enamel'], ['50009', 'Spezialverd├╝nner "Life Colours"', '#fff', None, 'Enamel'], ['51001', 'Spezialverd├╝nner "Life Colours"', '#fff', None, 'Enamel'], ['FS37769', 'Incinerated White', None, 'Matt', 'Acrylic']], 'Lifecolor': [[None, None, '#fff', 'Matt', 'Acrylic'], ['BC01', 'Panzer Dark Grey primer', '#fff', 'Matt', 'Acrylic'], ['BC02', 'Red Brown primer', '#fff', 'Matt', 'Acrylic'], ['BC03', 'Olive Drap Primer', '#fff', 'Matt', 'Acrylic'], ['BC04', 'Acrylic Primer White', '#fff', 'Matt', 'Acrylic'], ['BC05', 'Burned Base primer', '#fff', 'Matt', 'Acrylic'], ['BC 06', 'Panzer Yellow primer', '#fff', 'Matt', 'Acrylic'], ['FS13275', 'Gloss Ochre', '#fff', 'Gloss', 'Acrylic'], ['FS14066', 'Gloss Emerald Green', '#005b40', 'Gloss', 'Acrylic'], ['FS16152', 'Gloss Light Grey', '#727779', 'Gloss', 'Acrylic'], ['FS17178', 'Gloss Silver', '#989d9f', 'Gloss', 'Acrylic'], ['FS33070', 'Olive Drab', '#fff', 'Matt', 'Acrylic'], ['FS 33245', 'Matt Sand', '#fff', 'Matt', 'Acrylic'], ['LC 01', 'Matt White FS*37925', '#ffffff', 'Matt', 'Acrylic'], ['LC 02', 'Matt Black FS37038', '#333231', 'Matt', 'Acrylic'], ['LC 03', 'Matt Yellow FS33591', '#f7d100', 'Matt', 'Acrylic'], ['LC 04', 'Matt Dark Yellow', '#ffd34b', 'Matt', 'Acrylic'], ['LC 05', 'Matt Orange', '#ea723d', 'Matt', 'Acrylic'], ['LC 06', 'Matt Red', '#f05352', 'Matt', 'Acrylic'], ['LC 08', 'Matt Pale Blue FS35182', '#0080b0', 'Matt', 'Acrylic'], ['LC 09', 'Matt Light Blue FS35180', '#137abb', 'Matt', 'Acrylic'], ['LC 10', 'Matt Dark Blue', '#464e63', 'Matt', 'Acrylic'], ['LC 11', 'Matt Light Green', '#fff', 'Matt', 'Acrylic'], ['LC 12', 'Matt Dark Green', '#007a59', 'Matt', 'Acrylic'], ['LC 15', 'Matt Sand FS33245', '#b38c5e', 'Matt', 'Acrylic'], ['LC 16', 'Matt Raw Siena', '#673303', 'Matt', 'Acrylic'], ['LC 18', 'Matt Light Grey FS36300', '#8e999d', 'Matt', 'Acrylic'], ['LC 21', 'Matt Flesh', '#fedcb8', 'Matt', 'Acrylic'], ['LC 22', 'Matt Fluorescent Red', '#f33932', 'Matt', 'Acrylic'], ['LC 23', 'Matt Fluo Orange FS*38915', '#ff4b19', 'Fluo', 'Acrylic'], ['LC 24', 'Matt Natural Metal', '#9b9d9f', 'Metallic', 'Acrylic'], ['LC 25', 'Matt Gold FS37043', '#9f8b51', 'Matt', 'Acrylic'], ['LC 26', 'Matt Gun Metal FS*37200', '#a09f9f', 'Metallic', 'Acrylic'], ['LC 27', 'Matt Clear', '#fff', 'Matt', 'Acrylic'], ['LC 28', 'Matt Violet', '#fff', 'Matt', 'Acrylic'], ['LC 29', 'Fluo Yellow', '#ffff00', 'Fluo', 'Acrylic'], ['LC 32', 'Matt Rust 1', '#954a3b', 'Matt', 'Acrylic'], ['LC 33', 'Matt Phosphor', '#fff', 'Matt', 'Acrylic'], ['LC 34', 'Matt Royal Blue', '#214061', 'Matt', 'Acrylic'], ['LC 35', 'Matt French Blue', '#394f69', 'Matt', 'Acrylic'], ['LC 36', 'Matt Leather FS*33275', '#673303', 'Matt', 'Acrylic'], ['LC 37', 'Matt Burnt Umber', '#5f554d', 'Matt', 'Acrylic'], ['LC 38', 'Matt Rust 2', '#b66644', 'Matt', 'Acrylic'], ['LC 39', 'Matt Artillery Green', '#6d7e68', 'Matt', 'Acrylic'], ['LC 40', 'Matt Napoleonic Dragon Green', '#1f563b', 'Matt', 'Acrylic'], ['LC 41', 'Matt Flesh 2', '#fff', 'Matt', 'Acrylic'], ['LC 51', 'Gloss White', '#faf7f1', 'Gloss', 'Acrylic'], ['LC 52', 'Gloss Black', '#34302f', 'Gloss', 'Acrylic'], ['LC 53', 'Gloss Yellow FS13591', '#f7d100', 'Gloss', 'Acrylic'], ['LC 55', 'Gloss Orange', '#df6100', 'Gloss', 'Acrylic'], ['LC 56', 'Gloss Red FS11302', '#cd4f3a', 'Gloss', 'Acrylic'], ['LC 58', 'Gloss Pale Blue', '#009cc8', 'Gloss', 'Acrylic'], ['LC 60', 'Gloss Dark Blue', '#253273', 'Gloss', 'Acrylic'], ['LC 63', 'Gloss Emerald Green', '#005b40', 'Gloss', 'Acrylic'], ['LC 65', 'Gloss Tan', '#a66e44', 'Gloss', 'Acrylic'], ['LC 66', 'Gloss Raw Sienna', '#9c5047', 'Gloss', 'Acrylic'], ['LC 67', 'Gloss Brown - FS 10059', '#5d483e', 'Gloss', 'Acrylic'], ['LC 72', 'Satin Black', '#343130', 'Satin', 'Acrylic'], ['LC 73', 'Gloss Clear', '#fff', 'Gloss', 'Acrylic'], ['LC 75', 'Gloss Gold', '#c5a971', 'Metallic', 'Acrylic'], ['LC 76', 'Gloss Gun Metal', '#fff', 'Metallic', 'Acrylic'], ['LC 77', 'Gloss Satin Clear', '#fff', 'Satin', 'Acrylic'], ['LC 78', 'Gloss Copper', '#fff', 'Metallic', 'Acrylic'], ['LC-MS10', 'Easy 3 Uniform Colours: IDF Army', '#fff', 'Matt', 'Acrylic'], ['LFC 2140', 'Acrylic thickener', None, None, 'Acrylic'], ['MS 04', '3 Easy Soviet AFV 4BO Green', '#fff', 'Matt', 'Acrylic'], ['RAL 7008', 'Graugr├╝n', '#7f764c', 'Matt', 'Acrylic'], ['RAL 7016', 'Anthrazitgrau', '#485b51', 'Matt', 'Acrylic'], ['RAL 7016', 'German Panzer Anthrazitgrau', '#fff', 'Matt', 'Acrylic'], ['RAL 7021', 'Schwarzgrau', '#56594f', 'Matt', 'Acrylic'], ['RE', 'Liquid Pigments Remover', '#fff', None, 'Acrylic'], ['RLM 78', 'Hellblau', '#fff', 'Matt', 'Acrylic'], ['THL', 'Acrylic Thinner', '#fff', 'Thinners', 'Acrylic'], ['TSC 201', 'Medium', '#fff', None, 'Acrylic'], ['TSC 202', 'Sand', '#fff', None, 'Acrylic'], ['TSC 203', 'Earth', '#fff', None, 'Acrylic'], ['TSC 204', 'Grass', '#fff', None, 'Acrylic'], ['TSC 205', 'Rust 1', '#fff', None, 'Acrylic'], ['TSC 206', 'Rust 2', '#fff', None, 'Acrylic'], ['TSC 207', 'Oil', '#fff', None, 'Acrylic'], ['TSC 208', 'Smoke', '#fff', None, 'Acrylic'], ['TSC 209', 'Kerosene', '#fff', None, 'Acrylic'], ['TSC 210', 'Fuel', '#fff', None, 'Acrylic'], ['TSC 211', 'Burnt Brown', '#fff', None, 'Acrylic'], ['TSC 212', 'White Oxide', '#fff', None, 'Acrylic'], ['UA', 'Royal Air Force Battle of Britain', None, 'Paint sets', 'Acrylic'], ['UA 001', 'Dark Green FS34079', '#595c4e', 'Matt', 'Acrylic'], ['UA 002', 'Green', '#4e5b2d', 'Matt', 'Acrylic'], ['UA 003', 'Olive Drab 41 Weathered FS*34088', '#525034', 'Matt', 'Acrylic'], ['UA 004', 'Interior Green', '#737627', 'Matt', 'Acrylic'], ['UA 005', 'Olive Drab 41 FS34088', '#525034', 'Matt', 'Acrylic'], ['UA 006', 'Green FS34127', '#4f5c2e', 'Matt', 'Acrylic'], ['UA 008', 'Medium Green 42 FS34092', '#486441', 'Matt', 'Acrylic'], ['UA 015', 'Tan Vietnam FS30219', '#ab8957', 'Matt', 'Acrylic'], ['UA 016', 'Brown', '#80734f', 'Matt', 'Acrylic'], ['UA 019', 'Sand - FS 30277', '#a79656', 'Matt', 'Acrylic'], ['UA 020', 'Israeli Sandgrey 61-73 - FS 30372', '#b6a690', 'Matt', 'Acrylic'], ['UA 021', 'Light Grey - FS 36622', '#e8e7e0', 'Matt', 'Acrylic'], ['UA 022', 'Dark Grey - FS 36118', '#54646d', 'Matt', 'Acrylic'], ['UA 023', 'Grey - FS 36495', '#c6c5ca', 'Matt', 'Acrylic'], ['UA 025', 'FS 36440 Light Gull Grey', '#acaca4', 'Satin', 'Acrylic'], ['UA 026', 'Light Compass Ghost Grey FS 36375', '#929aad', 'Matt', 'Acrylic'], ['UA 027', 'Dark Compass Ghost Grey FS 36320', '#8c94a7', 'Matt', 'Acrylic'], ['UA 028', 'Grey - FS 36270', '#7a7f82', 'Matt', 'Acrylic'], ['UA 029', 'Grey - FS 36176', '#40474d', 'Matt', 'Acrylic'], ['UA 030', 'Dark Grey - FS 36081', '#5b5e5f', 'Matt', 'Acrylic'], ['UA 033', 'Dark Gull Gray - FS 36231', '#6f7571', 'Matt', 'Acrylic'], ['UA 034', 'Light Grey - FS 36251', '#6a6c6b', 'Matt', 'Acrylic'], ['UA 035', 'Israelisches Grau - FS 36134', '#676865', 'Matt', 'Acrylic'], ['UA 036', 'Grey Reflectance High Low - FS 36373', '#9ca2a2', 'Matt', 'Acrylic'], ['UA 037', 'FS 35450 Air Superiority Blue', '#89b2c5', 'Matt', 'Acrylic'], ['UA 038', 'Non Specular Bluegray - FS 35189', '#3c6a80', 'Matt', 'Acrylic'], ['UA 039', 'Tan - FS 34201', '#827962', 'Matt', 'Acrylic'], ['UA 040', 'PBY Blue - FS 34058', '#325250', 'Satin', 'Acrylic'], ['UA 041', 'Gloss Aircraft Gray - FS 16473', '#9faaa6', 'Gloss', 'Acrylic'], ['UA 042', 'Chrome Yellow - FS 13432', '#e59531', 'Matt', 'Acrylic'], ['UA 043', 'Grey FS 16515', '#bdc1be', 'Matt', 'Acrylic'], ['UA 044', 'Non Specular Sea Blue - FS 35042', '#2b525c', 'Satin', 'Acrylic'], ['UA 045', 'Non Specular Intermediate Blue - FS 35164 Battleship Grey', '#6d8087', 'Satin', 'Acrylic'], ['UA 046', 'Neutral Grey 43 - FS 36173', '#7f848a', 'Matt', 'Acrylic'], ['UA 047', 'Glossy Sea Blue - FS 15042', '#123a46', 'Gloss', 'Acrylic'], ['UA 051', 'Black Green RLM 70 - FS 34052', '#123f30', 'Matt', 'Acrylic'], ['UA 052', 'Dark Green RLM71 - FS 34079', '#41532a', 'Matt', 'Acrylic'], ['UA 053', 'Brown Violet RLM 81 - FS 34083', '#51653f', 'Matt', 'Acrylic'], ['UA 054', 'Green RLM 82 - FS 34096', '#616352', 'Matt', 'Acrylic'], ['UA 055', 'Bright Green  RLM 25 - FS 24115', '#007a59', 'Matt', 'Acrylic'], ['UA 059', 'Green RLM 62 - FS 34159', '#6f7d69', 'Matt', 'Acrylic'], ['UA 060', 'Green RLM 99 FS 34227', '#839c6f', 'Matt', 'Acrylic'], ['UA 061', 'Bright Blue RLM 65', '#a4bdc4', 'Matt', 'Acrylic'], ['UA 062', 'Bright Blue RLM78 FS *35414', '#95b5aa', 'Matt', 'Acrylic'], ['UA 071', 'Grey RLM 02 - FS 36165', '#7b7867', 'Matt', 'Acrylic'], ['UA 072', 'Grey RLM74 - FS 36081', '#334655', 'Matt', 'Acrylic'], ['UA 073', 'Grey RLM75', '#646b75', 'Matt', 'Acrylic'], ['UA 074', 'Light Blue RLM76 - FS 36473', '#b0b9a9', 'Matt', 'Acrylic'], ['UA 075', 'Grey RLM 75 - FS 36132', '#6f7172', 'Matt', 'Acrylic'], ['UA 077', 'German Fieldgrey - FS 34159', '#6f7d69', 'Matt', 'Acrylic'], ['UA 078', 'Dark Green - FS 34077', '#464e44', 'Matt', 'Acrylic'], ['UA 079', 'Barley Grey - FS 36314', '#b8bca6', 'Matt', 'Acrylic'], ['UA 080', 'Italian Mimetic Yellow 3 - FS 33434', '#e5bf43', 'Matt', 'Acrylic'], ['UA 081', 'Sand Yellow - FS 30257', '#c39b69', 'Matt', 'Acrylic'], ['UA 083', 'German Tank Brown - FS 34056', '#38433c', 'Matt', 'Acrylic'], ['UA 084', 'German Desert Yellow - FS 30400', '#d1a779', 'Matt', 'Acrylic'], ['UA 085', 'US Brown - FS 30140', '#81673b', 'Matt', 'Acrylic'], ['UA 086', 'Gloss Interior Green - FS 14108', '#426953', 'Gloss', 'Acrylic'], ['UA 087', 'US Tank Earth Brown - FS 30099', '#746252', 'Matt', 'Acrylic'], ['UA 088', 'Italian Mimetic Brown 2 - FS 30109', '#813b08', 'Matt', 'Acrylic'], ['UA 089', 'Desert Sand 49 - FS 30279', '#f4d8a9', 'Matt', 'Acrylic'], ['UA 090', 'Sand  - FS 33711', '#f0d8b0', 'Matt', 'Acrylic'], ['UA 091', 'Dark Green - FS 34079', '#41532a', 'Matt', 'Acrylic'], ['UA 092', 'Dark Earth - FS 30118', '#80734f', 'Matt', 'Acrylic'], ['UA 093', 'Ocean Grey - FS36187', '#697374', 'Matt', 'Acrylic'], ['UA 094', 'Medium Sea Grey - FS 36270', '#909089', 'Matt', 'Acrylic'], ['UA 095', 'Sky - FS 34424', '#bcd0a7', 'Matt', 'Acrylic'], ['UA 097', 'Middle Stone - FS 30266', '#a98e53', 'Matt', 'Acrylic'], ['UA 098', 'Azure Blue - FS 35231', '#7b9bba', 'Matt', 'Acrylic'], ['UA 099', 'Light Stone - FS 36400', '#d4cab0', 'Matt', 'Acrylic'], ['UA 106', 'Aermacchi green - FS 34086', '#514e33', 'Matt', 'Acrylic'], ['UA 107', 'Italian Sand,Light Stone - FS 33448', '#c3ac84', 'Matt', 'Acrylic'], ['UA 108', 'Dark Seagrey - FS 26152', '#727779', 'Satin', 'Acrylic'], ['UA 109', 'Gloss Extra Dark Sea Grey', '#656e62', 'Gloss', 'Acrylic'], ['UA 110', 'Italian Dark Green FS 14077', '#2d3a31', 'Matt', 'Acrylic'], ['UA 111', 'Italian Dark Olive Green 2 FS 34052', '#313729', 'Matt', 'Acrylic'], ['UA 112', 'italian Light Sand 4 - FS 30129', '#ab8957', 'Matt', 'Acrylic'], ['UA 113', 'Italian Light Bluegrey 1 - FS 36307', '#b7b7a5', 'Matt', 'Acrylic'], ['UA 115', 'Italian Mimetic Green 1 - FS 34258', '#839c6f', 'Matt', 'Acrylic'], ['UA 116', 'Italian Interior Green - FS 34558', '#b1d5af', 'Matt', 'Acrylic'], ['UA 117', 'Grey - FS 36329', '#98a6a7', 'Matt', 'Acrylic'], ['UA 119', 'Israeli Green - FS 34064', '#5e5c56', 'Matt', 'Acrylic'], ['UA 120', 'Light Green - FS 34233', '#829795', 'Matt', 'Acrylic'], ['UA 124', 'Japan Greygreen A5 FS *35414', '#b1c8b2', 'Matt', 'Acrylic'], ['UA 125', 'Japan Medium Brown A12', '#fff', 'Matt', 'Acrylic'], ['UA 126', 'Israeli Blue - FS 35177', '#65829a', 'Matt', 'Acrylic'], ['UA 132', 'Light Green RLM 83 - FS 34128', '#65735e', 'Matt', 'Acrylic'], ['UA 133', 'Dark Grey RLM 66', '#424437', 'Matt', 'Acrylic'], ['UA 134', 'Zinc Chrome Yellow - FS 33481', '#d5ba57', 'Matt', 'Acrylic'], ['UA 136', 'Japan Aotake Blue', '#fff', 'Matt', 'Acrylic'], ['UA 137', 'Sand Yellow RLM 79 - FS 30219', '#ab8957', 'Matt', 'Acrylic'], ['UA 138', 'Green RLM 80 VAR - FS 34098', '#6f6c4f', 'Matt', 'Acrylic'], ['UA 139', 'Bluegray - FS 35622', '#bcd7d6', 'Matt', 'Acrylic'], ['UA 140', 'Yellow RLM 04 FS 33538', '#fdbe19', 'Matt', 'Acrylic'], ['UA 141', 'French Bluegrey - FS 36473', '#b0b9a9', 'Matt', 'Acrylic'], ['UA 142', 'French Kaki - FS 34096', '#616352', 'Matt', 'Acrylic'], ['UA 143', 'French Brown - FS 30045', '#655551', 'Matt', 'Acrylic'], ['UA 144', 'French Sandgrey - FS 33448', '#c3ac84', 'Matt', 'Acrylic'], ['UA 145', 'French Bluegrey - FS 35237', '#899ea7', 'Matt', 'Acrylic'], ['UA 146', 'French Green - FS 34128', '#65735e', 'Matt', 'Acrylic'], ['UA 147', 'Blue Grey - FS 35189', '#fff', 'Matt', 'Acrylic'], ['UA 148', 'Insignia White FS 37875', '#fff', 'Matt', 'Acrylic'], ['UA 201', 'Gelbbraun RAL 8020', '#fedb97', 'Matt', 'Acrylic'], ['UA 202', 'Sandgrau RAL 7027', '#c1b396', 'Matt', 'Acrylic'], ['UA 203', 'Grunbraun/Gelbbraun RAL 8000', '#8a6a13', 'Matt', 'Acrylic'], ['UA 204', 'Dunkelgelb RAL 7028', '#8a7814', 'Matt', 'Acrylic'], ['UA 205', 'Rotbraun/Schokoladen Braun RAL 8017', '#5f3827', 'Matt', 'Acrylic'], ['UA 206', 'Olivgr├╝n RAL 6003', '#3d452d', 'Matt', 'Acrylic'], ['UA 207', 'RAL 7021 German Panzer', '#fff', 'Matt', 'Acrylic'], ['UA 209', 'Signalbraun RAL 8002', '#7d5710', 'Matt', 'Acrylic'], ['UA 210', 'Dunkelbraun RAL 7017', '#5c4c33', 'Matt', 'Acrylic'], ['UA 211', 'Rotbraun RAL 8012', '#782f0c', 'Matt', 'Acrylic'], ['UA 212', 'RAL 7008 Graugrun', '#fff', 'Matt', 'Acrylic'], ['UA 213', 'Grigio Verde Chiaro', '#fff', 'Matt', 'Acrylic'], ['UA 214', 'Grigio Verde Scuro', '#fff', 'Matt', 'Acrylic'], ['UA 215', 'Rosso Ruggine', '#fff', 'Matt', 'Acrylic'], ['UA 216', 'Verde Scuro', '#fff', 'Matt', 'Acrylic'], ['UA 217', 'Giallo Sabbia Chiaro', '#fff', 'Matt', 'Acrylic'], ['UA 218', 'Giallo Sabbia Scuro', '#fff', 'Matt', 'Acrylic'], ['UA 220', 'Olive Drab 319', '#fff', 'Matt', 'Acrylic'], ['UA 221', 'Khaki Olive Drab FS*34088', '#fff', 'Matt', 'Acrylic'], ['UA 222', 'Olive Drab FS34088', '#fff', 'Matt', 'Acrylic'], ['UA 223', 'Olive Drab faded type1', '#fff', 'Matt', 'Acrylic'], ['UA 224', 'Olive Drab faded type2', '#fff', 'Matt', 'Acrylic'], ['UA 225', 'Light Stone 61', '#fff', 'Matt', 'Acrylic'], ['UA 226', 'Terracotta 44', '#fff', 'Matt', 'Acrylic'], ['UA 227', 'Slate Grey 34', '#fff', 'Matt', 'Acrylic'], ['UA 228', 'Light Grey SilverGrey 28', '#fff', 'Matt', 'Acrylic'], ['UA 229', 'Portland Stone 64', '#fff', 'Matt', 'Acrylic'], ['UA 230', 'Desert Pink', '#fff', 'Matt', 'Acrylic'], ['UA 231', 'German Oxid Rot RAL 3009', '#663029', 'Matt', 'Acrylic'], ['UA 232', 'German Elfenbein RAL 1015', '#e3d3b5', 'Matt', 'Acrylic'], ['UA 233', 'Graugrun - RLM 74', '#5c6058', 'Matt', 'Acrylic'], ['UA 234', 'German Lichtblau RAL 5012', '#2e88b6', 'Matt', 'Acrylic'], ['UA 235', 'Italian Rosso Minio (RAL 2001)', '#b6481c', 'Matt', 'Acrylic'], ['UA 236', 'Italian Bianco Avorio', '#f1e9dc', 'Matt', 'Acrylic'], ['UA 237', 'Soviet Army Dark Olive (FS34102)', '#575b45', 'Matt', 'Acrylic'], ['UA 238', 'Soviet Army Dark Olive Var. (FS34096)', '#545647', 'Matt', 'Acrylic'], ['UA 239', 'Soviet Army 4BO Var. (FS34257)', '#8e8a69', 'Matt', 'Acrylic'], ['UA 240', 'Soviet Army 4BG Light Khaki (FS34259)', '#807235', 'Matt', 'Acrylic'], ['UA 241', 'Soviet Army 6K 6RP (FS30117)', '#7e5d4d', 'Matt', 'Acrylic'], ['UA 242', 'Soviet Army 7K Green Yellow (FS23578)', '#d4c2a0', 'Matt', 'Acrylic'], ['UA 243', 'Field Grey TY80001', '#fff', 'Matt', 'Acrylic'], ['UA 244', 'Harmaa N:o 1 Grey', '#fff', 'Matt', 'Acrylic'], ['UA 245', 'N:o 2 Moss Green', '#fff', 'Matt', 'Acrylic'], ['UA 246', 'N:o 3 Sand Brown', '#fff', 'Matt', 'Acrylic'], ['UA 247', 'Siniharmaa N:o 5 Blue Grey', '#fff', 'Matt', 'Acrylic'], ['UA 248', '4BO Russian Green', '#fff', 'Matt', 'Acrylic'], ['UA 249', 'Dunkelgelb Flashed Shade', '#fff', 'Matt', 'Acrylic'], ['UA 250', 'Dunkelgelb Ground Colour', '#fff', 'Satin', 'Acrylic'], ['UA 251', 'Dunkelgelb Deep Shade', '#fff', 'Matt', 'Acrylic'], ['UA 255', 'Olive Drab flashed shade', '#a89658', 'Matt', 'Acrylic'], ['UA 256', 'Olive Drab base colour', '#aeaa95', 'Matt', 'Acrylic'], ['UA 261', 'Exhaust Oil Effect', '#fff', 'Matt', 'Acrylic'], ['UA 262', 'Dirty Grease Effect', '#fff', 'Matt', 'Acrylic'], ['UA 263', 'Grease Effect', '#fff', 'Matt', 'Acrylic'], ['UA 301', 'Black FS37030', '#393a3a', 'Matt', 'Acrylic'], ['UA 302', 'Brown', '#5a4e46', 'Matt', 'Acrylic'], ['UA 303', 'Green', '#4f5545', 'Matt', 'Acrylic'], ['UA 304', 'Sand', '#9a8b72', 'Matt', 'Acrylic'], ['UA 305', 'Earth Yellow', '#b58b5d', 'Matt', 'Acrylic'], ['UA 306', 'Earth Red', '#7e5d4d', 'Matt', 'Acrylic'], ['UA 401', 'Tropical Tan 1', '#d0c075', 'Matt', 'Acrylic'], ['UA 402', 'Field Grey 1', '#7a8054', 'Matt', 'Acrylic'], ['UA 403', 'Field Grey 2', '#738577', 'Matt', 'Acrylic'], ['UA 404', 'Field Blue', '#497791', 'Matt', 'Acrylic'], ['UA 405', 'Brown Service Shirt', '#693f0f', 'Matt', 'Acrylic'], ['UA 406', 'Tropical Tan 2', '#cdb474', 'Matt', 'Acrylic'], ['UA 407', 'Panzer Uniform', '#070604', 'Matt', 'Acrylic'], ['UA 408', 'Light Brown', '#c38554', 'Matt', 'Acrylic'], ['UA 409', 'Dark Brown', '#773b19', 'Matt', 'Acrylic'], ['UA 410', 'Light Green', '#b9b061', 'Matt', 'Acrylic'], ['UA 411', 'Dark Green', '#76803b', 'Matt', 'Acrylic'], ['UA 412', 'Extra Dark Brown', '#663816', 'Matt', 'Acrylic'], ['UA 413', 'Khaki North Africa', '#eddebf', 'Matt', 'Acrylic'], ['UA 414', 'Tela Grigio Verde', '#5f6a27', 'Matt', 'Acrylic'], ['UA 415', 'Tuta Carrista', '#456f7f', 'Matt', 'Acrylic'], ['UA 416', 'Verde Telo Mimetico', '#898e4e', 'Matt', 'Acrylic'], ['UA 417', 'Kaki Telo Mimetico', '#ead49b', 'Matt', 'Acrylic'], ['UA 418', 'Marrone Telo Mimetico', '#953b23', 'Matt', 'Acrylic'], ['UA 419', 'Olive Drab/Light Mustard', '#a88319', 'Matt', 'Acrylic'], ['UA 420', 'HBT Dark Shade', '#5c5626', 'Matt', 'Acrylic'], ['UA 421', 'Olive Drab M1943', '#70693f', 'Matt', 'Acrylic'], ['UA 422', 'Wool Olive Drab M1943', '#614e24', 'Matt', 'Acrylic'], ['UA 423', 'Pink', '#d6a886', 'Matt', 'Acrylic'], ['UA 424', 'Chocolate Brown', '#603c24', 'Matt', 'Acrylic'], ['UA 425', 'Olive Drab Yellow Tone', '#dcbc57', 'Matt', 'Acrylic'], ['UA 426', 'Olive Drab Green Tone', '#c2aa3e', 'Matt', 'Acrylic'], ['UA 427', 'Olive Drab Green Tone', '#948832', 'Matt', 'Acrylic'], ['UA 428', 'Russet Brown', '#982417', 'Matt', 'Acrylic'], ['UA 429', 'Olive Drab Red Tone', '#d79d3c', 'Matt', 'Acrylic'], ['UA 430', 'HBT Light Shade', '#c5b158', 'Matt', 'Acrylic'], ['UA 431', 'Polish Uniform wz 36', '#fff', 'Matt', 'Acrylic'], ['UA 432', 'Polish Unifrom wz 19', '#fff', 'Matt', 'Acrylic'], ['UA 433', 'Helmet Dark green', '#fff', 'Matt', 'Acrylic'], ['UA 434', 'Equipment Light Khaki', '#fff', 'Matt', 'Acrylic'], ['UA 435', "Officer's Field Uniform", '#fff', 'Matt', 'Acrylic'], ['UA 436', 'Summer Uniform Linen', '#fff', 'Matt', 'Acrylic'], ['UA 437', 'Dark IDF Green', '#fff', 'Matt', 'Acrylic'], ['UA 438', 'IDF Army Medium Green', '#fff', 'Matt', 'Acrylic'], ['UA 439', 'Light IDF Green', '#fff', 'Matt', 'Acrylic'], ['UA 501', 'RLM70 Schwarzgr├╝n', '#313c2b', 'Matt', 'Acrylic'], ['UA 502', 'RLM71 Dunkelgr├╝n', '#3e5430', 'Matt', 'Acrylic'], ['UA 503', 'RLM 65 Hellblau', '#93b1ae', 'Matt', 'Acrylic'], ['UA 504', 'RLM02 Grau', '#93946a', 'Matt', 'Acrylic'], ['UA 505', 'RLM79 Sandgelb II', '#ba8238', 'Matt', 'Acrylic'], ['UA 506', 'RLM 80 Olivgr├╝n', '#1d5a38', 'Matt', 'Acrylic'], ['UA 507', 'RLM74 Graugr├╝n', '#555845', 'Matt', 'Acrylic'], ['UA 508', 'RLM75 Grauviolett', '#7d7475', 'Matt', 'Acrylic'], ['UA 509', 'RLM76 Lichtblau', '#c7d3cf', 'Matt', 'Acrylic'], ['UA 510', 'RLM 81 Braunviolett', '#5c532c', 'Matt', 'Acrylic'], ['UA 511', 'RLM 82 Hellgr├╝n', '#576029', 'Matt', 'Acrylic'], ['UA 512', 'RLM78 Hellblau', '#a8c2d9', 'Matt', 'Acrylic'], ['UA 513', 'RAAF Earth Brown FS 20099', '#fff', 'Matt', 'Acrylic'], ['UA 514', 'RAAF Foliage Green FS 24092', '#fff', 'Matt', 'Acrylic'], ['UA 515', 'RAAF Sky Blue FS 25550', '#d9e8eb', 'Matt', 'Acrylic'], ['UA 516', 'Dark Sea Grey FS 36118', '#fff', 'Matt', 'Acrylic'], ['UA 517', 'Dark Ocean Blue FS 35042', '#fff', 'Matt', 'Acrylic'], ['UA 518', 'Sky Blue Azure FS 35231', '#fff', 'Matt', 'Acrylic'], ['UA 519', 'RAF Dark Earth FS 30118', '#fff', 'Matt', 'Acrylic'], ['UA 520', 'RAF Dark Green FS 34092', '#fff', 'Matt', 'Acrylic'], ['UA 521', 'RAF Sky Grey FS36493', '#fff', 'Matt', 'Acrylic'], ['UA 522', 'Interior Green FS 24110', '#fff', 'Matt', 'Acrylic'], ['UA 523', 'US Olive Drab FS 34087', '#fff', 'Matt', 'Acrylic'], ['UA 524', 'US Neutral Grey FS 36173', '#fff', 'Matt', 'Acrylic'], ['UA 525', 'Grigio Azzurro Chiaro', '#fff', 'Matt', 'Acrylic'], ['UA 526', 'Nocciola 4', '#fff', 'Matt', 'Acrylic'], ['UA 527', 'Verde Oliva Scuro', '#fff', 'Matt', 'Acrylic'], ['UA 528', 'Giallo Mimetico 16', '#fff', 'Matt', 'Acrylic'], ['UA 529', 'nameNocciola Chiaro 4', '#fff', 'Matt', 'Acrylic'], ['UA 530', 'Verde Scuro Mimetico 39', '#fff', 'Matt', 'Acrylic'], ['UA 531', 'Dark Green FS 34079', '#fff', 'Matt', 'Acrylic'], ['UA 532', 'Dark Sea Grey FS 36118', '#4b5561', 'Matt', 'Acrylic'], ['UA 533', 'Desert Storm Sand', '#fff', 'Matt', 'Acrylic'], ['UA 534', 'Desert Storm Sand FS 33448', '#b3a173', 'Matt', 'Acrylic'], ['UA 535', 'Sky Grey FS 36280', '#fff', 'Matt', 'Acrylic'], ['UA 536', 'Tornado Interiors', '#fff', 'Matt', 'Acrylic'], ['UA 537', 'R.A.F. Dark Earth', '#fff', 'Matt', 'Acrylic'], ['UA 538', 'R.A.F. Dark Green', '#fff', 'Matt', 'Acrylic'], ['UA 539', 'R.A.F. Sky', '#fff', 'Matt', 'Acrylic'], ['UA 540', 'Oliivin vihrea Olive Green', '#fff', 'Matt', 'Acrylic'], ['UA 541', 'Vaalean harmaa Light grey', '#fff', 'Matt', 'Acrylic'], ['UA 542', 'Vaalean sininen Light blue', '#fff', 'Matt', 'Acrylic'], ['UA 543', 'Musta Black', '#fff', 'Matt', 'Acrylic'], ['UA 544', 'Keltainen Yellow', '#fff', 'Matt', 'Acrylic'], ['UA 545', 'Oranssi Orange', '#fff', 'Matt', 'Acrylic'], ['UA 546', 'Dark Green FS 34079', '#fff', 'Satin', 'Acrylic'], ['UA 547', 'Dark Earth FS 30118', '#fff', 'Satin', 'Acrylic'], ['UA 548', 'Light Green FS 34102', '#fff', 'Satin', 'Acrylic'], ['UA 549', 'Light Earth FS 30257', '#fff', 'Satin', 'Acrylic'], ['UA 550', 'Sky FS 34424', '#fff', 'Satin', 'Acrylic'], ['UA 551', 'Grey Green FS 34226', '#fff', 'Satin', 'Acrylic'], ['UA 566', 'German Pale Blue', None, 'Satin', 'Acrylic'], ['UA 567', 'German Mauve', None, 'Satin', 'Acrylic'], ['UA 568', 'German Red Brown', None, 'Satin', 'Acrylic'], ['UA 569', 'German Light Green', None, 'Satin', 'Acrylic'], ['UA 570', 'German Dark Green', None, 'Satin', 'Acrylic'], ['UA 571', 'German Light Grey Green', None, 'Satin', 'Acrylic'], ['UA 601', 'DKM 50 Hellgrau Silbergrau', '#fff', 'Matt', 'Acrylic'], ['UA 602', 'Dunkelgrau DKM', '#fff', 'Matt', 'Acrylic'], ['UA 603', 'Var. Hellgrau DKM', '#fff', 'Matt', 'Acrylic'], ['UA 604', 'Mittelgrau', '#fff', 'Matt', 'Acrylic'], ['UA 605', 'Dunkelgrau', '#fff', 'Matt', 'Acrylic'], ['UA 606', 'Schiffsbodenfarbe Rot5', '#fff', 'Matt', 'Acrylic'], ['UA 607', 'Schiffsbodenfarbe III Grau DKM 23', '#2f5a61', 'Matt', 'Acrylic'], ['UA 608', 'Schlickgrau 58', '#a4a79e', 'Matt', 'Acrylic'], ['UA 609', 'Blaugrau 58-1', '#657b79', 'Matt', 'Acrylic'], ['UA 610', 'Dunkelgrau 52', '#435060', 'Matt', 'Acrylic'], ['UA 611', 'Dunkelgrau 53', '#466a6a', 'Matt', 'Acrylic'], ['UA 612', 'Tf 99 Teerfirnis faded', '#917e43', None, 'Acrylic'], ['UA 613', 'Grigio Cenerino Chiaro', '#c9c1ac', 'Matt', 'Acrylic'], ['UA 614', 'Grigio Scuro', '#4e4035', 'Matt', 'Acrylic'], ['UA 615', 'Grigio Piombo Ponte', '#78746b', 'Matt', 'Acrylic'], ['UA 616', 'Rosso Mattone', '#c04631', 'Matt', 'Acrylic'], ['UA 617', 'Verde Scuro Antivegetativo', '#247147', 'Matt', 'Acrylic'], ['UA 618', 'Teac Wood (Legno Chiaro)', '#d9c797', 'Matt', 'Acrylic'], ['UA 619', 'Navy Gray', '#cbdac0', 'Matt', 'Acrylic'], ['UA 620', 'Light Gray', '#c1d1c6', 'Matt', 'Acrylic'], ['UA 621', 'Ocean Gray', '#739499', 'Matt', 'Acrylic'], ['UA 622', 'Dark Gray', '#3a4b47', 'Matt', 'Acrylic'], ['UA 623', 'Sea Blue', '#3f6165', 'Matt', 'Acrylic'], ['UA 624', 'Deck Blue', '#134e4d', 'Matt', 'Acrylic'], ['UA 625', 'Haze Grey 5H', '#babda8', 'Matt', 'Acrylic'], ['UA 626', 'Navy Blue 5N', '#2b4f4f', 'Matt', 'Acrylic'], ['UA 627', 'Light Grey 5P', '#e1eab2', 'Matt', 'Acrylic'], ['UA 628', 'Mahagony Stain', '#77532b', 'Matt', 'Acrylic'], ['UA 629', 'Flight Deck Blue 21', '#6c807e', 'Matt', 'Acrylic'], ['UA 630', 'Neutral Grey Haze', '#898c86', 'Matt', 'Acrylic'], ['UA 631', 'Royal Navy Admiralty Dark Grey 507A', '#fff', 'Satin', 'Acrylic'], ['UA 632', 'Royal Navy Admiralty Medium Grey 507B', '#fff', 'Satin', 'Acrylic'], ['UA 633', 'Royal Navy Admiralty Light Grey 507C', '#fff', 'Satin', 'Acrylic'], ['UA 634', 'Royal Navy Light Grey B20', '#fff', 'Satin', 'Acrylic'], ['UA 635', 'Royal Navy Medium Green-Grey MS3', '#fff', 'Satin', 'Acrylic'], ['UA 636', 'Royal Navy Dark Blue-Grey B5', '#fff', 'Satin', 'Acrylic'], ['UA 637', 'Hull Red', '#fff', 'Satin', 'Acrylic'], ['UA 638', 'W. A. Blue', '#fff', 'Satin', 'Acrylic'], ['UA 639', 'W.A. Green', '#fff', 'Satin', 'Acrylic'], ['UA 640', 'White', '#fff', 'Satin', 'Acrylic'], ['UA 641', 'Semtex Green', '#fff', 'Satin', 'Acrylic'], ['UA 642', 'Royal Navy Corticene', '#fff', 'Satin', 'Acrylic'], ['UA 643', 'Imperial Japan Navy Sasebo Grey', '#4c5659', 'Matt', 'Acrylic'], ['UA 644', 'Imperial Japan Navy Kure Grey', '#55686e', 'Matt', 'Acrylic'], ['UA 645', 'Imperial Japan Navy Yokosuka Grey', '#586162', 'Matt', 'Acrylic'], ['UA 646', 'Imperial Japan Navy Maizuru Grey', '#55686e', 'Matt', 'Acrylic'], ['UA 647', 'Imperial Japan Navy Linoleum Deck', '#784629', 'Matt', 'Acrylic'], ['UA 648', 'Imperial Japan Navy Antifouling Hull Red', '#b92e0f', 'Matt', 'Acrylic'], ['UA 649', 'Imperial Japan Navy Camo Green Type 1', '#0b4c2e', 'Matt', 'Acrylic'], ['UA 650', 'Imperial Japanese Navy Camo Green Type 2', '#4b7754', 'Matt', 'Acrylic'], ['UA 651', 'Imperial Japan Navy Beimatsu Deck Tan', '#deb668', 'Matt', 'Acrylic'], ['UA 652', 'Imperial Japanese Navy Hinoki Deck Tan', '#f6cc7b', 'Satin', 'Acrylic'], ['UA 653', 'Imperial Japanese Navy Camo Green Type 21', '#84ac82', 'Matt', 'Acrylic'], ['UA 654', 'Imperial Japan Navy Camo Green Type 22', '#bfcba7', 'Matt', 'Acrylic'], ['UA 701', 'Rust Dark Shadow', '#fff', 'Matt', 'Acrylic'], ['UA 702', 'Rust Base Color', '#954a3b', 'Matt', 'Acrylic'], ['UA 703', 'Rust Light Shadow 1', '#fff', 'Matt', 'Acrylic'], ['UA 704', 'Rust Light Shadow 2', '#fff', 'Matt', 'Acrylic'], ['UA 705', 'Dust Type 1', '#fff', 'Matt', 'Acrylic'], ['UA 706', 'Dust Type 2', '#f3e7d6', 'Matt', 'Acrylic'], ['UA 707', 'Flesh 2┬░ light', '#fff', 'Matt', 'Acrylic'], ['UA 708', 'Flesh 1┬░ light', '#fff', 'Matt', 'Acrylic'], ['UA 709', 'Flesh 1┬░ base', '#fff', 'Matt', 'Acrylic'], ['UA 710', 'Flesh 2┬░ base', '#fff', 'Matt', 'Acrylic'], ['UA 711', 'Flesh 1┬░ shadow', '#fff', 'Matt', 'Acrylic'], ['UA 712', 'Flesh 2┬░ shadow', '#fff', 'Matt', 'Acrylic'], ['UA 713', 'Wood Warm dark shade', '#fff', 'Matt', 'Acrylic'], ['UA 714', 'Wood Warm base color', '#fff', 'Matt', 'Acrylic'], ['UA 715', 'Wood Warm light shade', '#fff', 'Matt', 'Acrylic'], ['UA 716', 'Wood Warm light shade 2', '#fff', 'Matt', 'Acrylic'], ['UA 717', 'Wood Cold base color', '#fff', 'Matt', 'Acrylic'], ['UA 718', 'Wood Cold light shade', '#fff', 'Matt', 'Acrylic'], ['UA 719', 'Frame Dirt', '#fff', 'Matt', 'Acrylic'], ['UA 720', 'Track Dirt', '#fff', 'Matt', 'Acrylic'], ['UA 721', 'Sleeper Grime', '#fff', 'Matt', 'Acrylic'], ['UA 722', 'Roof Dirt', '#fff', 'Matt', 'Acrylic'], ['UA 723', 'Weathered Black', '#fff', 'Matt', 'Acrylic'], ['UA 724', 'Brake Dust', '#fff', 'Matt', 'Acrylic'], ['UA 725', 'Gun Blue Reflection', None, 'Matt', 'Acrylic'], ['UA 726', 'Gun Red Reflection', None, 'Matt', 'Acrylic'], ['UA 727', 'Gun Grey Reflection', None, 'Matt', 'Acrylic'], ['UA 728', 'Light Wooden Stock', None, 'Matt', 'Acrylic'], ['UA 729', 'Dark Wooden Stock', None, 'Matt', 'Acrylic'], ['UA 731', 'Dirty Black', '#312e27', 'Matt', 'Acrylic'], ['UA 732', 'Vulcanized Rubber', '#3c4647', 'Matt', 'Acrylic'], ['UA 733', 'Tyre Black', '#364147', 'Matt', 'Acrylic'], ['UA 734', 'Worn Black', '#312726', 'Matt', 'Acrylic'], ['UA 735', 'Deep Cockpit', '#141517', 'Matt', 'Acrylic'], ['UA 736', 'Burned Black', '#362828', 'Matt', 'Acrylic'], ['UA 737', 'worn brick', '#fff', 'Matt', 'Acrylic'], ['UA 738', 'deposited dust', '#fff', 'Matt', 'Acrylic'], ['UA 739', 'broken plaster', '#fff', 'Matt', 'Acrylic'], ['UA 746', 'Lime Green', '#fff', 'Matt', 'Acrylic'], ['UA 747', 'Dirty Green', '#fff', 'Matt', 'Acrylic'], ['UA 748', 'Brown Green', '#fff', 'Matt', 'Acrylic'], ['UA 749', 'Damp Green', '#fff', 'Matt', 'Acrylic'], ['UA 750', 'Damp Yellow', '#fff', 'Matt', 'Acrylic'], ['UA 751', 'Dark Mold', '#fff', 'Matt', 'Acrylic'], ['UA 752', 'Dark Umber Hemp', '#fff', 'Matt', 'Acrylic'], ['UA 753', 'Medium Brown Hemp', '#fff', 'Matt', 'Acrylic'], ['UA 754', 'Dirty Hemp', '#fff', 'Matt', 'Acrylic'], ['UA 755', 'Vorn Out Hemp', '#fff', 'Matt', 'Acrylic'], ['UA 756', 'Weathered Hemp', '#fff', 'Matt', 'Acrylic'], ['UA 757', 'Colorless Hemp', '#fff', 'Matt', 'Acrylic'], ['UA 763', 'Leather Warm Shadow', '#fff', 'Satin', 'Acrylic'], ['UA 764', 'Leather Brown Shade', '#fff', 'Matt', 'Acrylic'], ['UA 765', 'Leather Reddish Tone', '#fff', 'Matt', 'Acrylic'], ['UA 766', 'Leather Yellow-Ochre Tone', '#fff', 'Satin', 'Acrylic'], ['UA 767', 'Leather Cold Light Shade 1', '#fff', 'Matt', 'Acrylic'], ['UA 768', 'Leather Cold Light Shade 2', '#fff', 'Matt', 'Acrylic'], ['UA 774', 'Old Peeled Deck', '#fff', 'Matt', 'Acrylic'], ['UA 775', 'Old Lightened Wood', '#fff', 'Matt', 'Acrylic'], ['UA 776', 'Rough Light Grey', '#fff', 'Matt', 'Acrylic'], ['UA 777', 'Rough Light Brown', '#fff', 'Matt', 'Acrylic'], ['UA 778', 'Stripped Wood', '#fff', 'Matt', 'Acrylic'], ['UA 779', 'Wooden Grey Umber', '#fff', 'Matt', 'Acrylic'], ['UA 780', 'Blue Stone', '#fff', 'Matt', 'Acrylic'], ['UA 781', 'Brown Stone', '#fff', 'Matt', 'Acrylic'], ['UA 782', 'Dark Sand Stone', '#fff', 'Matt', 'Acrylic'], ['UA 783', 'Green Stone', '#fff', 'Matt', 'Acrylic'], ['UA 784', 'Reddish Stone', '#fff', 'Matt', 'Acrylic'], ['UA 785', 'Light Stone', '#fff', 'Matt', 'Acrylic'], ['UA 786', 'Polished Steel Modern Shell', '#fff', 'Matt', 'Acrylic'], ['UA 787', 'Laquered Steel Late WWII German Shell', '#fff', 'Matt', 'Acrylic'], ['UA 788', 'New Shell Brass Shade 1', '#fff', 'Matt', 'Acrylic'], ['UA 789', 'New Shell Brass Shade 2', '#fff', 'Matt', 'Acrylic'], ['UA 790', 'New Shell Brass Shade 3', '#fff', 'Matt', 'Acrylic'], ['UA 791', 'Spent Shell Burned Brass', '#fff', 'Matt', 'Acrylic'], ['UA 792', 'Polished Aluminium', '#fff', 'Matt', 'Acrylic'], ['UA 793', 'White Aluminium', '#fff', 'Matt', 'Acrylic'], ['UA 794', 'Dark Aluminium', '#fff', 'Matt', 'Acrylic'], ['UA 795', 'Steel', '#fff', 'Matt', 'Acrylic'], ['UA 796', 'Exhaust Jet', '#fff', 'Matt', 'Acrylic'], ['UA 797', 'Burnt Iron', '#fff', 'Matt', 'Acrylic'], ['UA 820', 'British Railways Signal Red', '#fff', 'Matt', 'Acrylic'], ['UA 829', 'British Railways Railfreight Red', '#fff', 'Matt', 'Acrylic'], ['UA 901', 'IDF Sandgrey 1', '#fff', 'Matt', 'Acrylic'], ['UA 904', 'Rubber track', '#fff', 'Matt', 'Acrylic'], ['UA 905', 'Intermediate Wear', '#fff', 'Matt', 'Acrylic'], ['UA 906', 'Old track', '#fff', 'Matt', 'Acrylic'], ['UA 907', 'Burned Rust', '#fff', 'Matt', 'Acrylic'], ['UA 908', 'Corroded Rust', '#fff', 'Matt', 'Acrylic'], ['UA 909', 'Streaking Rust', '#fff', 'Matt', 'Acrylic'], ['UA 7001', 'Weathered Steel', '#fff', 'Matt', 'Acrylic'], ['UA 7002', 'Framework Iron', '#fff', 'Matt', 'Acrylic'], ['UA 7003', 'Cast Iron', '#fff', 'Matt', 'Acrylic'], ['UA 7004', 'Piston Engine Block', '#fff', 'Matt', 'Acrylic'], ['UA 7005', 'Burned Pipes', '#fff', 'Matt', 'Acrylic'], ['UA 7006', 'Aged Copper', '#fff', 'Matt', 'Acrylic'], ['UA 7019', 'Light African Tone', '#c06b46', 'Matt', 'Acrylic'], ['UA 7020', 'Darker African Base', '#7d402b', 'Matt', 'Acrylic'], ['UA 7021', 'Dark African Tone', '#53372c', 'Matt', 'Acrylic'], ['UA 7022', 'Light Native Tone', '#c69062', 'Matt', 'Acrylic'], ['UA 7023', 'Native Warm Base', '#955d2d', 'Matt', 'Acrylic'], ['UA 7024', 'Dark Native Tone', '#5f3f26', 'Matt', 'Acrylic'], ['THL', 'Acrylic Thinner', '#fff', 'Thinners', 'Acrylic'], ['LP 04', 'Liquid Pigments Hulls & Wooden Decks', '#fff', 'Matt', None], ['LPW 01', 'Liquid Pigments Burnt Umber', '#fff', 'Matt', None], ['LPW 02', 'Liquid Pigments Black Umber', '#fff', 'Matt', None], ['LPW 03', 'Liquid Pigments Burned Olive Green', '#fff', 'Matt', None], ['LPW 04', 'Liquid Pigments Black Grey', '#fff', 'Matt', None], ['LPW 05', 'Liquid Pigments Colonial Dark Sand', '#fff', 'Matt', None], ['LPW 11', 'Liquid Pigments Rain Marks', '#fff', 'Matt', None], ['LPW 12', 'Liquid Pigments Road Dust', '#fff', 'Matt', None], ['LPW 13', 'Liquid Pigments Light Earth', '#fff', 'Matt', None], ['LPW 14', 'Liquid Pigments Dark Dust', '#fff', 'Matt', None], ['LPW 15', 'Liquid Pigments Soot', '#fff', 'Matt', None], ['LPW 16', 'Liquid Pigments Fouling Green', '#fff', 'Matt', None], ['LPW 17', 'Liquid Pigments Surfaces Shadower', '#fff', 'Matt', None], ['LPW 18', 'Liquid Pigments Wooden Deck Darkener', '#fff', 'Matt', None], ['LPW 19', 'Liquid Pigments Wooden Deck Shadower', '#fff', 'Matt', None], ['LPW 20', 'Liquid Pigments Dried Salt', '#fff', 'Matt', None], ['LPW 21', 'Liquid Pigments Smoke', '#fff', 'Matt', None], ['LPW 22', 'Liquid Pigments Carriage Grime', '#fff', 'Matt', None], ['LPW 23', 'Liquid Pigments Brake Dust', '#fff', 'Matt', None], ['LPW 24', 'Liquid Pigments Frame Dirt', '#fff', 'Matt', None], ['LPW 25', 'Liquid Pigments Rail Dust', '#fff', 'Matt', None], ['LPW 26', 'Liquid Pigments Black Liner', '#fff', 'Matt', None], ['LPW 27', 'Liquid Pigments Grey Liner', '#fff', 'Matt', None], ['LPW 28', 'Liquid Pigments Payne Grey', '#fff', 'Matt', None], ['LPW 29', 'Liquid Pigments Landing Gear Dust', '#fff', 'Matt', None], ['LPW 30', 'Liquid Pigments Blue burned exhaust', '#fff', 'Matt', None], ['LPWm19', 'Woods Deck Shadower', '#fff', 'Matt', None], ['LPW 06', 'Deep Rust', '#fff', 'Matt', None], ['LPW 07', 'Eroding Dark Rust', '#fff', 'Matt', None], ['LPW 08', 'Eroding Light Rust', '#fff', 'Matt', None], ['LPW 09', 'Orange Marks', '#fff', 'Matt', None], ['LPW 10', 'Yellow Marks', '#fff', 'Matt', None], ['LPW 31', 'Ochre', '#fff', 'Matt', None], ['LPW 32', 'Light Red', '#fff', 'Matt', None], ['LPW 33', 'Red Umber', '#fff', 'Matt', None], ['LPW 34', 'Green Shadow', '#fff', 'Matt', None], ['LPW 35', 'Grey Shadow', '#fff', 'Matt', None], ['LPW 36', 'Reddish Burn', '#a74b34', 'Matt', None], ['LPW 37', 'Purple Cooler', '#4d3978', 'Matt', None], ['pg 107', 'eroding burned rust', '#fff', 'Matt', None], ['pg 108', 'oxidation', '#fff', 'Matt', None], ['pg 109', 'Weathering marks', '#fff', 'Matt', None], ['PG 110', 'Reflecting Agent', None, 'Metallic', None], ['CS16', 'Middle East British Vehicle Camouflage', '#fff', None, None], ['UA 419-424', 'WWII US ARMY UNIFORMS SET 1', '#fff', None, None], ['MS12', 'Damp Effect - Leaking and Stains', None, None, None], [None, None, None, None, None], ['CS01', 'German WWII Tanks Set 1', '#3d452d', None, None], ['CS02', 'NATO M.E.R.D.C.', '#b58b5d', None, None], ['CS03', 'German WWII Tanks Set 2', '#7d5710', None, None], ['CS04', 'German WWII Uniforms Set #1', '#738577', None, None], ['CS05', 'German WWII Uniforms Set #2', '#b9b061', None, None], ['CS06', 'German WWII Luftwaffe Set #1', '#93946a', None, None], ['CS07', 'German WWII Luftwaffe Set #2', '#5c532c', None, None], ['CS09', 'GERMAN NAVY WWII SET 1 Kriegsmarine Surface Vessels', '##fff', None, None], ['CS10', 'Dust and Rust', '##fff', None, None], ['CS11', 'US Olive Drab Set', '##fff', None, None], ['CS12', 'GERMAN NAVY WWII SET 2 Kriegsmarine u-Bootwaffe', '#2f5a61', None, None], ['cs13', 'Flesh Paint', None, None, None], ['CS13', 'Flesh Paint Set', '##fff', None, None], ['CS14', 'WWII Uniforms Regio Esercito', '#eddebf', None, None], ['CS16', 'Middle East British Vehicle Camouflage', '##fff', None, None], ['CS17', 'WWII US Army Uniforms Set 1', '#a88319', None, None], ['CS18', 'WWII US Army Uniforms Set 2', '#d79d3c', None, None], ['CS19', 'Regia Aeronautica WWII - Set 1 Fighters', None, None, None], ['CS20', 'Weathered Wood', '##fff', None, None], ['CS21', 'Rail Weathering Set', '##fff', None, None], ['CS22', 'Axis Tank Interiors', '#b6481c', None, None], ['CS23', 'Soviet WWII Army', '#575b45', None, None], ['CS24', 'US Navy WWII set 1', '#cbdac0', None, None], ['CS25', 'US Navy WWII set 2', '#babda8', None, None], ['CS26', 'Guns and Weapons', '##fff', None, None], ['CS27', 'Black Rubber Shades & Co', '#362828', None, None], ['CS29', 'Burned Acrylic Colour Set', None, None, None], ['CS30', 'Leather Paint Set', '##fff', None, None], ['CS33', 'Royal Navy WWII Eastern Approach "early war" Set 1', '##fff', None, None], ['CS34', 'Royal Navy Western Approach "Late War" Paint set', '##fff', None, None], ['CS35', 'The Battle Of Britain Royal Air Force Colours', '##fff', None, None], ['CS36', 'Imperial Japan Navy WWII Set 1', '#4c5659', None, None], ['CS37', 'Imperial Japan Navy WWII Late war - Set 2', '#4b7754', None, None], ['CS38', 'White Wood', '##fff', None, None], ['CS41', 'British Infantry Uniforms WWII', None, None, None], ['CS46', 'USN & USMC WWII Colours', '#6d8087', None, None], ['CS47', 'Shell Case - Perfect Metal - Set 1', '##fff', None, None], ['CS48', 'Aircraft - Perfect Metal - Set 2', '##fff', None, None], ['CS49', 'War on the Road', None, None, None], ['CS51', 'Engines - Perfect Metal - Set 3', '##fff', None, None], ['CS56', "Arm├⌐e de l'air", '#616352', None, None], ['CS57', 'Die Luftstreitkr├ñft', '##fff', None, None], ['LC-ES01', 'Essential Basic & Primary Colours Set 1', '#ffffff', None, None], ['LC-ES02', 'Essential Basic & Primary Colours Set 2', '#ea723d', None, None], ['LC-XS07', 'LifeColor Modern Italian Air Forces Set', None, None, None], ['LP01', 'Detail emphasizer tanks & vehicles', None, None, None], ['LP03', 'Rain and Dust', '##fff', None, None], ['LP05', 'Liquid Pigments Trains & Tracks', '##fff', None, None], ['LP07', 'Quick Flesh Shadowing', '##fff', None, None], ['PS01', 'Primer', '##fff', None, None], ['SPG01', 'Israeli Army', None, None, None], ['SPG02', 'Tracks Painting and Weathering', None, None, None], ['SPG03', 'Rust How Reproducing And Painting', None, None, None], ['SPG04', 'Dust Pigment & Color Set', None, None, None], ['TSC01', 'Tensocrom Set 1', None, None, None], ['TSC02', 'Tensocrom Set 2', '##fff', None, None], ['XS 08', 'Finnish WWII Army (Camouflage Set)', None, None, None], ['XS10', 'British Railways - Early Period 1948/1959 - Set 1', None, None, None], ['CE03', 'Flesh Paint 2', '#c06b46', None, None], ['UA 513, UA 514, UA 515, UA 516, UA 517, UA 518', 'Camouflage Set Royal Australian Air Force WWII Set 1', '##fff', None, None], [None, None, None, None, None]], 'MCW Finishes': [[None, None, '#fff', 'Gloss', 'Enamel'], [None, None, '#fff', 'Gloss', 'Enamel'], [None, None, None, 'Thinners', 'Enamel'], [None, None, '#fff', None, 'Enamel'], ['1003E', 'Enamel Hardener', '#fff', None, 'Enamel'], ['1017E', 'Gloss Clear', '#fff', 'Gloss', 'Enamel'], ['1017EH', 'Clear Hardener', '#fff', None, 'Enamel'], ['1400E', 'Ford Engine Blue', '#fff', 'Gloss', 'Enamel'], ['1401E', 'Chevy Engine Red', '#fff', 'Gloss', 'Enamel'], ['1402E', 'Chrysler Engine Blue', '#fff', 'Gloss', 'Enamel'], ['1403E', 'Pontiac Engine Blue Pre 66', '#fff', 'Gloss', 'Enamel'], ['1404E', 'Pontiac Engine Blue 1971-3/73', '#fff', 'Gloss', 'Enamel'], ['1405E', 'Hemi Engine Orange', '#fff', 'Gloss', 'Enamel'], ['1406E', 'Chrysler Engine Turquoise', '#fff', 'Gloss', 'Enamel'], ['1407E', 'Race Hemi Orange', '#fff', 'Gloss', 'Enamel'], ['1408E', 'Ford Engine Red', '#fff', 'Gloss', 'Enamel'], ['1409E', 'Ford Engine Gold', '#fff', 'Gloss', 'Enamel'], ['1410E', 'Ford Engine Light Blue', '#fff', 'Gloss', 'Enamel'], ['1411E', "Pontiac Engine Blue '66-'70", None, 'Gloss', 'Enamel'], ['1412E', 'Carburetor Green/Gold', '#fff', 'Satin', 'Enamel'], ['1413E', "B.O.P. Engine Blue '77-'90", '#fff', 'Gloss', 'Enamel'], ['1414E', "Olds Engine Blue Metallic '73-'77", '#fff', 'Gloss', 'Enamel'], ['1415E', 'Chrysler Engine Red', '#fff', 'Gloss', 'Enamel'], ['1416E', 'Cummins Engine Beige', '#fff', 'Gloss', 'Enamel'], ['2078E', 'Ferrari Red', '#fff', 'Gloss', 'Enamel'], ['2097E', 'Jaguar Racing Green', '#fff', 'Gloss', 'Enamel'], ['2134E', 'Maserati Red', '#fff', 'Gloss', 'Enamel'], ['2147E', 'Alfa Romeo Red', '#fff', 'Gloss', 'Enamel'], ['2179E', 'Argent Silver', None, 'Gloss', 'Enamel'], ['2180E', 'Pontiac Wheel Charcoal', None, 'Satin', 'Enamel'], ['2187E', 'Root Beer Metallic', '#fff', 'Gloss', 'Enamel'], ['6102E', 'Fawn Beige Metallic', '#fff', 'Gloss', 'Enamel'], ['6203E', 'Nassau Blue Metallic', '#fff', 'Gloss', 'Enamel'], ['6204E', 'Laurel Green Metallic', '#fff', 'Gloss', 'Enamel'], ['6233E', 'Viking Blue Metallic', '#fff', 'Gloss', 'Enamel'], ['6300E', 'Daytona Blue Metallic', '#fff', 'Gloss', 'Enamel'], ['6436E', 'Guardsman Blue Metallic', '#fff', 'Gloss', 'Enamel'], ['6501E', 'Milano Maroon Metallic', '#fff', 'Gloss', 'Enamel'], ['6505E', 'Butternut Yellow', '#fff', 'Gloss', 'Enamel'], ['6633E', 'Arcadian Blue', '#fff', 'Gloss', 'Enamel'], ['6707E', 'Tahoe Turquoise Metallic', '#fff', 'Gloss', 'Enamel'], ['6730E', 'Acapulco Blue Metallic', '#fff', 'Gloss', 'Enamel'], ['6813E', 'Seafrost Green Metallic', '#fff', None, 'Enamel'], ['6909E', 'Monza Red', '#fff', 'Gloss', 'Enamel'], ['6914E', 'Frost Green Metallic', '#fff', 'Gloss', 'Enamel'], ['6933E', 'Competition Orange', '#fff', 'Gloss', 'Enamel'], ['7030E', 'Grabber Orange', '#fff', 'Gloss', 'Enamel'], ['7031E', 'Grabber Yellow', '#fff', 'Gloss', 'Enamel'], ['7033E', 'Grabber Blue', '#fff', 'Gloss', 'Enamel'], ['7036E', 'Grabber Green', '#fff', 'Gloss', 'Enamel'], ['7060E', 'Lime Green Metallic', '#fff', 'Gloss', 'Enamel'], ['7132E', 'Grabber Lime', '#fff', 'Gloss', 'Enamel'], ['7134E', 'Bright Red', '#fff', 'Gloss', 'Enamel'], ['7430E', 'Light Grabber Blue', '#fff', 'Gloss', 'Enamel'], ['MIL-1001E', 'Schwarzgrau RLM70', '#fff', 'Matt', 'Enamel'], ['MIL-1002E', 'Lichtblau RLM76', '#fff', 'Matt', 'Enamel'], ['MIL-1103E', 'Dunkelgrun RLM71', '#fff', 'Matt', 'Enamel'], ['Mil-1104E', 'Gelb RLM 04', '#fff', 'Matt', 'Enamel'], ['MIL-1105E', 'Grauviolett RLM75', '#fff', 'Matt', 'Enamel'], ['MIL-1106E', 'Hellblau RLM65', '#fff', 'Matt', 'Enamel'], ['MIL-1107E', 'Hellblau RLM78', '#fff', 'Matt', 'Enamel'], ['MIL-1109E', 'Sandgelb II RLM79', '#fff', 'Matt', 'Enamel'], ['MIL-1110E', 'Graugrun RLM74', '#fff', 'Matt', 'Enamel'], ['MIL-1111E', 'GRAU RLM02', '#fff', 'Matt', 'Enamel'], ['1020', 'Clear Pearl', '#fff', 'Pearl', None], ['2151', 'Ultra Silver Metallic', '#fff', 'Metallic', None], ['4034', 'Sahara Tan', '#fff', 'Gloss', None], ['5612', 'Aztec Copper Metallic', '#fff', 'Metallic', None], ['5761', 'Parade Green Metallic', '#fff', 'Metallic', None], ['5862', 'Metallic Coral', '#fff', 'Metallic', None], ['5903', 'Crown Sapphire Metallic', '#fff', 'Metallic', None], ['6000', 'Honduras Maroon Metallic', '#fff', 'Metallic', None], ['6003', 'Pelham Blue Metallic', '#fff', 'Metallic', None], ['6012', 'Tasco Turquoise Metallic', '#fff', 'Metallic', None], ['6106', 'Coronna Cream', '#fff', 'Gloss', None], ['6402', 'Goldwood Yellow', '#fff', 'Gloss', None], ['6403', 'Lagoon Aqua Metallic', '#fff', 'Metallic', None], ['6611', 'Blue Charcoal/Gunmetal Metallic', '#fff', 'Metallic', None], ['6706', 'Champagne Metallic', '#fff', 'Metallic', None], ['6830', 'Presidential Blue Metallic', '#fff', 'Gloss', None], ['6861', 'Bright Red', '#fff', 'Gloss', None], ['6936', 'Black Jade Metallic', '#fff', 'Metallic', None], ['6962', 'Brite Green Metallic (F6)', '#fff', 'Metallic', None], ['7011', 'Cranberry Red', '#fff', 'Gloss', None], ['7013', 'Orbit Orange', '#fff', 'Gloss', None], ['9202', 'Black Rose Metallic', '#fff', 'Metallic', None], ['1004 - H', 'Black Primer', '#fff', 'Matt', None], ['2028', 'Wheatland Yellow', '#fff', 'Gloss', None], ['2066', 'Light Purple', '#fff', 'Gloss', None], ['2068', 'Dark Purple', '#fff', 'Gloss', None], ['5505', 'Skyline Blue', '#fff', 'Gloss', None], ['5506', 'Glacier Blue Metallic', '#fff', 'Metallic', None], ['5604', 'Crocus Yellow', '#fff', 'Gloss', None], ['5609', 'Laurel Green', '#fff', 'Gloss', None], ['5610', 'Calypso Cream', '#fff', 'Gloss', None], ['5616', 'Grecian Gold Metallic', '#fff', 'Metallic', None], ['5702', 'Colonial Cream', '#fff', 'Gloss', None], ['5704', 'Dusk Pearl Metallic', '#fff', 'Metallic', None], ['5718', 'Imperial Ivory', '#fff', 'Gloss', None], ['5812', 'Anniversary Gold Metallic', '#fff', 'Metallic', None], ['6001', 'Sateen Silver Metallic', '#fff', 'Metallic', None], ['6002', 'Ermine White', '#fff', 'Gloss', None], ['6004', 'Shadow Gray Metallic', '#fff', 'Metallic', None], ['6304', 'Sebring/Satin Silver', '#fff', 'Gloss', None], ['6436', 'Guardsman Blue Metallic', '#fff', 'Metallic', None], ['6504', 'Rally Red', '#fff', 'Gloss', None], ['6505', 'Butternut Yellow', '#fff', 'Gloss', None], ['6511', 'Willow Green Metallic', '#fff', 'Metallic', None], ['6610', 'Barrier Blue Metallic', '#fff', 'Metallic', None], ['6655', 'Turbine Bronze', '#fff', 'Metallic', None], ['6708', 'Elkhart Blue Metallic', '#fff', 'Metallic', None], ['6731', 'Brittany Blue', '#fff', 'Gloss', None], ['6734', 'Dark Moss Green Metallic', '#fff', 'Gloss', None], ['6812', 'Ash Gold Metallic', '#fff', 'Metallic', None], ['6814', 'Sequoia Green Metallic', '#fff', 'Metallic', None], ['6816', 'Tripoli Turquoise Metallic', '#fff', 'Metallic', None], ['6862', 'Sunfire Yellow', '#fff', 'Gloss', None], ['6901', 'Daytona Yellow', '#fff', 'Gloss', None], ['6910', 'Olympic Gold Metallic', '#fff', 'Metallic', None], ['6913', 'Azure Turquoise Metallic', '#fff', 'Metallic', None], ['6915', 'Cortez Silver Metallic', '#fff', 'Metallic', None], ['6930', 'Indian Fire Metallic', '#fff', 'Metallic', None], ['6960', 'Blue Fire Metallic', '#fff', 'Metallic', None], ['6961', 'Frost Green Metallic', '#fff', 'Metallic', None], ['7030', 'Grabber Orange', '#fff', 'Gloss', None], ['7035', 'Medium Lime Metallic', '#fff', 'Metallic', None], ['7051', 'Plum Crazy Metallic', '#fff', 'Metallic', None], ['7056', 'Go Mango Metallic', '#fff', 'Metallic', None], ['7061', 'Dark Burnt Orange Metallic', '#fff', 'Metallic', None], ['7204', 'Elkhart Green Metallic', '#fff', 'Metallic', None], ['1004', 'Light Gray Primer', '#fff', 'Matt', None], ['1006', 'Red Oxide Primer', '#fff', 'Matt', None], ['1017', 'Gloss Clear', '#fff', 'Gloss', None], ['1201', 'Semi-Gloss White', '#fff', 'Satin', None], ['1204', 'Semi-Gloss Medium Red', '#fff', 'Satin', None], ['1211', 'Semi-Gloss Medium Blue', '#fff', 'Satin', None], ['1224', 'Semi-Gloss Medium Green', '#fff', 'Satin', None], ['1350', 'Black Texture', '#fff', 'Textured', None], ['1351', 'White Texture', '#fff', 'Textured', None], ['2001', 'Fleet White', '#fff', 'Gloss', None], ['5402', 'Shoreline Beige', '#fff', 'Gloss', None], ['5507', 'Autumn Bronze Metallic', '#fff', 'Metallic', None], ['5606', 'Tropical Turquoise', '#fff', 'Gloss', None], ['5651', 'Cloud White', '#fff', 'Gloss', None], ['5802', 'Honey Beige', '#fff', 'Gloss', None], ['6005', 'Royal Blue Metallic', '#fff', 'Gloss', None], ['6040', 'Corinthian White', '#fff', 'Gloss', None], ['6133', 'Desert Gold', '#fff', 'Gloss', None], ['6601', 'Marina Blue Metallic', '#fff', 'Gloss', None], ['6603', 'Mosport Green Metallic', '#fff', 'Metallic', None], ['6705', 'Mountain Green Metallic', '#fff', 'Metallic', None], ['6706', 'Champagne Metallic', '#fff', 'Metallic', None], ['6708', 'Elkhart Blue Metallic', '#fff', 'Metallic', None], ['6710', 'Deepwater Blue Metallic', '#fff', 'Metallic', None], ['6801', 'LeMans Blue Metallic', '#fff', 'Gloss', None], ['6811', 'Palomino Ivory', '#fff', 'Gloss', None], ['6813', 'Seafrost Green Metallic', '#fff', 'Metallic', None], ['6903', 'Riverside Gold Metallic', '#fff', 'Metallic', None], ['6935', 'Bright Yellow', '#fff', 'Gloss', None], ['6939', 'Light Ivy Yellow', '#fff', 'Gloss', None], ['6952', 'Jamaica Blue Metallic', '#fff', 'Metallic', None], ['7003', 'Fathom Blue Metallic', '#fff', 'Gloss', None], ['7060', 'Lime Green Metallic', '#fff', 'Metallic', None], ['7206', 'Orange Flame Metallic', '#fff', 'Metallic', None], ['MIL-1001', 'Schwarzgrau\xa0RAL 7021', '#fff', 'Gloss', None], ['MIL-1002', 'Schokoladenbraun RAL 8017', '#fff', 'Gloss', None], ['MIL-1003', 'Dunkelgelb RAL 7028', '#fff', 'Gloss', None], ['MIL-1004', 'Olivgrun RAL 6003', '#fff', 'Gloss', None], ['MIL-1005', 'Grauviolett RLM75', '#fff', 'Gloss', None], ['MIL-1005', 'Grunbraun RAL 8000', '#fff', 'Gloss', None], ['MIL-1006', 'Feldgrau RAL 7013', '#fff', 'Gloss', None], ['MIL-1101', 'Schwarzgr├╝n RLM70', '#fff', 'Gloss', None], ['MIL-1102', 'Lichtblau RLM76', '#fff', 'Gloss', None], ['MIL-1103', 'Dunkelgr├╝n RLM71', '#fff', 'Gloss', None], ['MIL-1104', 'Gelb RLM04', '#fff', 'Gloss', None], ['MIL-1106', 'Hellblau RLM65', '#fff', 'Gloss', None], ['MIL-1107', 'Hellblau RLM78', '#fff', 'Gloss', None], ['MIL-1108', 'SANDGELB I (SAND-YELLOW)', '#fff', 'Gloss', None], ['MIL-1109', 'Sandgelb II (Sand-yellow) RLM79', '#fff', 'Gloss', None], ['MIL-1110', 'Gr├╝ngrau RLM74', '#fff', 'Gloss', None], ['MIL-1111', 'Grau RLM02', '#fff', 'Gloss', None], ['MIL-2007', 'Olive Drab QM#22', '#fff', 'Gloss', None], ['MIL-2100', 'Aircraft Natural Metal', '#fff', 'Gloss', None], ['MIL-2101', 'Neutral Gray FS36270', '#fff', 'Gloss', None], ['MIL-2105', 'Interior Green FS34151', '#fff', 'Gloss', None], ['MIL-2107', 'Intermediate Blue FS35164', '#fff', 'Gloss', None], ['MIL-2116', 'Navy Blue-Gray', '#fff', 'Gloss', None], ['MIL-2117', 'Olive Drab ANA613', '#fff', 'Gloss', None], ['MIL-2118', 'Dull Charcoal FS36081', '#fff', 'Gloss', None], ['MIL-2120', 'Gull Gray FS36440', '#fff', 'Gloss', None], ['MIL-2125', 'True Blue FS15102', '#fff', 'Gloss', None], ['MIL-2127', 'Cockpit Bronze Green', '#fff', 'Gloss', None], ['MIL-2137', 'Navy Blue/Gray 2 FS35189', '#fff', 'Gloss', None], ['MIL-3001', 'Russian Armor Green #1', '#fff', 'Gloss', None], ['MIL-5003', '40% Flat Clear', '#fff', 'Matt', None], ['MIL-5004', '65% Flat Clear - Dead Flat', '#fff', 'Matt', None], ['5651', 'Cloud White', '#fff', 'Gloss', None], ['6954', 'Limelight Metallic', '#fff', 'Gloss', None], ['7055', 'Panther Pink', '#fff', 'Gloss', None], ['7150', 'Curious Yellow', '#fff', 'Gloss', None]], 'Mecha Paints': [['MP-001', 'Ultimate Blue', None, 'Matt', None], ['MP-002', 'Ultimate Red', None, 'Matt', None], ['MP-003', 'Ultimate White', None, 'Matt', None], ['MP-004', 'Ultimate Yellow', None, 'Matt', None], ['MP-005', 'Ultimate Metal', None, 'Matt', None], ['MP-006', 'Origin Red', None, 'Matt', None], ['MP-007', 'Origin Dark Red', None, 'Matt', None], ['MP-008', 'Grunt Green', None, 'Matt', None], ['MP-009', 'Grunt Light Green', None, 'Matt', None], ['MP-010', 'Grunt Dark Green', None, 'Matt', None], ['MP-011', 'Grunt Blue', None, 'Matt', None], ['MP-012', 'Grunt Light Blue', None, 'Matt', None], ['MP-013', 'Grunt Grey', None, 'Matt', None], ['MP-014', 'Grunt Dark Grey', None, 'Matt', None], ['MP-015', 'Grunt Light Grey', None, 'Matt', None], ['MP-016', 'Grunt Turquoise', None, 'Matt', None], ['MP-017', 'Grunt Sand', None, 'Matt', None], ['MP-018', 'Grunt Desert', None, 'Matt', None], ['MP-019', '93 Yellow', None, 'Matt', None], ['MP-020', '93 White', None, 'Matt', None], ['MP-021', '93 Blue', None, 'Matt', None], ['MP-022', 'Sazabi Red', None, 'Matt', None], ['MP-023', 'Sazabi Royal Red', None, 'Matt', None], ['MP-024', 'Royal Gold', None, 'Matt', None], ['MP-025', 'Shield Black', None, 'Matt', None], ['MP-026', 'Wing Blue', None, 'Matt', None], ['MP-027', 'Wing Light Blue', None, 'Matt', None], ['MP-028', 'Wing Yellow', None, 'Matt', None], ['MP-029', 'Wing Red', None, 'Matt', None], ['MP-030', 'Wing White', None, 'Matt', None], ['MP-031', 'Sandrock Dirty White', None, 'Matt', None], ['MP-032', 'Sandrock Off Black', None, 'Matt', None], ['MP-033', 'Heavyarms Red', None, 'Matt', None], ['MP-034', 'Heavyarms Orange', None, 'Matt', None], ['MP-035', 'Epyon Red', None, 'Matt', None], ['MP-036', 'Altron Green', None, 'Matt', None], ['MP-037', 'Sinanju Red', None, 'Matt', None], ['MP-038', 'Kshatriya Green', None, 'Matt', None], ['MP-039', 'Zulu Magenta', None, 'Matt', None], ['MP-040', 'Frame Grey', None, 'Matt', None], ['MP-041', 'Frame Dark Grey', None, 'Matt', None], ['MP-042', 'Frame Steel', None, 'Matt', None], ['MP-043', 'Frame Alloy', None, 'Matt', None], ['MP-044', 'Frame Dark Alloy', None, 'Matt', None], ['MP-045', 'Frame Silver', None, 'Matt', None], ['MP-046', 'Light Alloy', None, 'Matt', None], ['MP-047', 'Frame Copper', None, 'Matt', None], ['MP-048', 'Frame Bronze', None, 'Matt', None], ['MP-049', 'Gun Metal', None, 'Matt', None], ['MP-050', 'Chrome', None, 'Matt', None], ['MP-060', 'Eye Red', None, 'Matt', None], ['MP-061', 'Eye Green', None, 'Matt', None], ['MP-062', 'Eye Yellow', None, 'Matt', None], ['MP-063', 'Pearl Blue', None, 'Matt', None], ['MP-064', 'Pearl White', None, 'Matt', None], ['MP-065', 'Pearl Yellow', None, 'Matt', None], ['MP-066', 'Pearl Red', None, 'Matt', None], ['MP-067', 'Pearl Dark Red', None, 'Matt', None], ['MP-068', 'VF White', None, 'Matt', None], ['MP-069', 'VF Black', None, 'Matt', None], ['MP-070', 'VF Brown', None, 'Matt', None], ['MP-071', 'VF Grey', None, 'Matt', None], ['MP-072', 'VF Yellow', None, 'Matt', None], ['MP-073', 'Imperial Grey', None, 'Matt', None], ['MP-074', 'Rebel Grey', None, 'Matt', None], ['MP-075', 'Gloss Black', None, 'Matt', None], ['MP-076', 'Gloss White', None, 'Matt', None], ['MP-077', 'Matt Black', None, 'Matt', None], ['MP-078', 'Semi-Gloss Black', None, 'Matt', None], ['MP-079', 'Grey Primer', None, 'Matt', None], ['MP-080', 'Black Primer', None, 'Matt', None], ['MP-081', 'White Primer', None, 'Matt', None], ['MP-082', 'Matt Clearcoat', None, 'Matt', None], ['MP-083', 'Gloss Clearcoat', None, 'Matt', None], ['MP-084', 'Airbrush Cleaner', None, 'Cleaners', None], ['MP-085', 'Basecoat Thinners', None, 'Thinners', None]], 'Meng Color': [['MC-001', 'Matt Black', '#000000', 'Matt', 'Acrylic'], ['MC-002', 'Matt White', '#ffffff', 'Matt', 'Acrylic'], ['MC-003', 'Matt Red', '#bc2323', 'Matt', 'Acrylic'], ['MC-004', 'Matt Yellow', '#ecd01e', 'Matt', 'Acrylic'], ['MC-005', 'Matt Blue', '#3c5c96', 'Matt', 'Acrylic'], ['MC-006', 'Gun Metal', '#424242', 'Matt', 'Acrylic'], ['MC-008', 'Light Orange', '#fff', 'Matt', 'Acrylic'], ['MC-009', 'Green', '#fff', 'Matt', 'Acrylic'], ['MC-012', 'Beige', '#fff', 'Matt', 'Acrylic'], ['MC-013', 'Light Yellow', '#d3ad64', 'Matt', 'Acrylic'], ['MC-014', 'Dark Yellow', '#fff', 'Matt', 'Acrylic'], ['MC-016', 'Light Grey', '#d7dce1', 'Matt', 'Acrylic'], ['MC-017', 'Middle Grey', '#fff', 'Matt', 'Acrylic'], ['MC-018', 'Dark Grey', '#fff', 'Matt', 'Acrylic'], ['MC-052', 'Flesh 2', '#fff', 'Matt', 'Acrylic'], ['MC-057', 'Leather 1', '#fff', 'Matt', 'Acrylic'], ['MC-058', 'Leather 2', '#fff', 'Matt', 'Acrylic'], ['MC-099', 'Acrylic Matt Varnish', '#fff', 'Varnish', 'Acrylic'], ['MC-100', 'Acrylic Gloss Varnish', '#fff', 'Varnish', 'Acrylic'], ['MC-101', 'Transparent Red', '#fa0026', 'Gloss', 'Acrylic'], ['MC-102', 'Transparent Blue', '#fff', 'Gloss', 'Acrylic'], ['MC-103', 'Transparent Orange', '#fff', 'Gloss', 'Acrylic'], ['MC-104', 'Transparent Green', '#5f9148', 'Gloss', 'Acrylic'], ['MC-106', 'Transparent Yellow', '#fff', 'Gloss', 'Acrylic'], ['MC-201', 'U.S. Desert Tan', '#b18548', 'Matt', 'Acrylic'], ['MC-202', 'Rubber Black', '#46423f', 'Matt', 'Acrylic'], ['MC-203', 'Olive Green', '#505f3c', 'Matt', 'Acrylic'], ['MC-204', 'Light Greyish Green', '#93b264', 'Matt', 'Acrylic'], ['MC-206', 'Khaki', '#fff', 'Matt', 'Acrylic'], ['MC-209', 'Deep Green', '#334132', 'Matt', 'Acrylic'], ['MC-210', 'Black Grey', '#373737', 'Matt', 'Acrylic'], ['MC-211', 'Olive Drab', '#7e7868', 'Matt', 'Acrylic'], ['MC-212', 'British Khaki', '#514d32', 'Matt', 'Acrylic'], ['MC-213', 'Light Wood Yellow', '#bd9661', 'Matt', 'Acrylic'], ['MC-214', 'Sand Yellow', '#fff', 'Matt', 'Acrylic'], ['MC-215', 'Wood Brown', '#562f0e', 'Matt', 'Acrylic'], ['MC-216', 'Middle Stone', '#fff', 'Matt', 'Acrylic'], ['MC-217', 'Russian Green 1', '#3c4b32', 'Matt', 'Acrylic'], ['MC-218', 'Yellow Ochre', '#fff', 'Matt', 'Acrylic'], ['MC-221', 'NATO Black', '#2c2c2c', 'Matt', 'Acrylic'], ['MC-222', 'NATO Green', '#2d4629', 'Matt', 'Acrylic'], ['MC-223', 'NATO Brown', '#5a3e30', 'Matt', 'Acrylic'], ['MC-224', 'German Sand Brown', '#b08b70', 'Matt', 'Acrylic'], ['MC-225', 'German Sand Beige', '#b7946e', 'Matt', 'Acrylic'], ['MC-226', 'German Grey Beige', '#716358', 'Matt', 'Acrylic'], ['MC-228', 'French Uniform Grey', '#fff', 'Matt', 'Acrylic'], ['MC-229', 'Khaki Green', '#565946', 'Matt', 'Acrylic'], ['MC-230', 'French Light Brown', '#92764e', 'Matt', 'Acrylic'], ['MC-231', 'French Brown', '#51322d', 'Matt', 'Acrylic'], ['MC-232', 'French Green 1', '#3f4837', 'Matt', 'Acrylic'], ['MC-233', 'Russian Vehicle Interior Green', '#94b494', 'Matt', 'Acrylic'], ['MC-234', 'Light Olive', '#787864', 'Matt', 'Acrylic'], ['MC-235', 'Light Grass Green', '#5a664b', 'Matt', 'Acrylic'], ['MC-237', 'Red Brown', '#6c382a', 'Matt', 'Acrylic'], ['MC-238', 'Brown Green', '#fff', 'Matt', 'Acrylic'], ['MC-239', 'Blue Grey', '#7b9eb2', 'Matt', 'Acrylic'], ['MC-240', 'Blue Black', '#2e3837', 'Matt', 'Acrylic'], ['MC-241', 'Greyish Yellow', '#c8c6b7', 'Matt', 'Acrylic'], ['MC-242', 'Pale Sand', '#fff', 'Matt', 'Acrylic'], ['MC-243', 'Golden Olive', '#fff', 'Matt', 'Acrylic'], ['MC-245', 'Dark Earth', '#fff', 'Matt', 'Acrylic'], ['MC-246', 'German Grey', '#797977', 'Matt', 'Acrylic'], ['MC-247', 'Dull Green', '#4f7172', 'Matt', 'Acrylic'], ['MC-248', 'Ocher Earth', '#be8e39', 'Matt', 'Acrylic'], ['MC-249', 'Brown Clay', '#5e2c21', 'Matt', 'Acrylic'], ['MC-250', 'Field Grey', '#242623', 'Matt', 'Acrylic'], ['MC-251', 'U.S. Desert Tan Shadow', '#825c30', 'Matt', 'Acrylic'], ['MC-252', 'U.S. Desert Tan Light', '#d2a066', 'Matt', 'Acrylic'], ['MC-253', 'Light Sand', '#d2b47d', 'Matt', 'Acrylic'], ['MC-254', 'Dark Sand', '#aa823c', 'Matt', 'Acrylic'], ['MC-255', 'German Earth Yellow', '#d89d43', 'Matt', 'Acrylic'], ['MC-256', 'German Dark Yellow', '#9d774a', 'Matt', 'Acrylic'], ['MC-257', 'German Dark Grey High Light', '#4f606d', 'Matt', 'Acrylic'], ['MC-258', 'German Light Olive Green', '#75a769', 'Matt', 'Acrylic'], ['MC-259', 'German Red Brown', '#66332b', 'Matt', 'Acrylic'], ['MC-281', 'Japanese Army Dark Yellow', '#d6c79e', 'Matt', 'Acrylic'], ['MC-282', 'Japanese Army Red Brown', '#9f6f47', 'Matt', 'Acrylic'], ['MC-283', 'Japanese Army Dark Brown', '#60433d', 'Matt', 'Acrylic'], ['MC-284', 'Japanese Army Dark Green', '#375a44', 'Matt', 'Acrylic'], ['MC-285', 'Gun Barrel Khaki Drab', '#8a6d45', 'Matt', 'Acrylic'], ['MC-286', 'Bright Yellow', '#d7b717', 'Matt', 'Acrylic'], ['MC-290', 'Hull Red', '#fff', 'Matt', 'Acrylic'], ['MC-291', 'Deck Blue', '#546f78', 'Matt', 'Acrylic'], ['MC-292', 'Haze Grey', '#dadfe3', 'Matt', 'Acrylic'], ['MC-293', 'Sea Blue', '#15648f', 'Matt', 'Acrylic'], ['MC-294', 'Admiralty Dark Grey 507A', '#607070', 'Matt', 'Acrylic'], ['MC-295', 'Admiralty Light Grey 507C', '#b0c8c0', 'Matt', 'Acrylic'], ['MC-296', 'Wooden Deck', '#e0b884', 'Matt', 'Acrylic'], ['MC-298', 'U.S. Olive Drab', '#676652', 'Matt', 'Acrylic'], ['MC-299', 'Interior Yellow', '#c6b253', 'Matt', 'Acrylic'], ['MC-300', 'Interior Green', '#6e786f', 'Matt', 'Acrylic'], ['MC-303', 'Southeast Asia Camouflage Light Green FS34102', '#454932', 'Matt', 'Acrylic'], ['MC-308', 'Air Superiority Grey 4', '#5c47d7', 'Matt', 'Acrylic'], ['MC-309', 'Southeast Asia Camouflage Field Green FS34079', '#423f2c', 'Matt', 'Acrylic'], ['MC-310', 'Southeast Asia Camouflage Dark Tan FS30219', '#715540', 'Matt', 'Acrylic'], ['MC-311', 'Norad Aircraft Grey FS36622', '#c8c1b1', 'Matt', 'Acrylic'], ['MC-350', 'Stealth Camouflage Dark Grey', '#5e6b64', 'Matt', 'Acrylic'], ['MC-351', 'Stealth Camouflage Light Grey', '#9cafa9', 'Matt', 'Acrylic'], ['MC-500', 'Stainless Steel', '#586973', 'Metallic', 'Acrylic'], ['MC-501', 'Gold', '#fff', 'Metallic', 'Acrylic'], ['MC-502', 'Silver', '#9e9e9e', 'Metallic', 'Acrylic'], ['MC-503', 'Brass', '#fff', 'Metallic', 'Acrylic'], ['MC-505', 'Gun Metal', '#141c27', 'Metallic', 'Acrylic'], ['MC-506', 'Burnt Red', '#5a5553', 'Metallic', 'Acrylic'], ['MC-508', 'Steel', '#636361', 'Metallic', 'Acrylic'], ['MC-509', 'Stainless Steel', '#fff', 'Metallic', 'Acrylic'], ['MC-510', 'Metallic Grey', '#abada9', 'Metallic', 'Acrylic'], ['MC-511', 'Aluminium', '#cdcdcd', 'Metallic', 'Acrylic'], ['MC-601', 'Acrylic Thinner', '#ffffff', 'Thinners', 'Acrylic'], ['MC-602', 'Perfect Cleaner', '#ffffff', 'Cleaners', 'Acrylic'], ['MC-801', 'U.S. Modern Vehicles Colors Set', '#d2a066', None, None], ['MC-802', 'German Modern Vehicles', '#2c2c2c', None, None], ['MC-803', 'Basics & Equipment Colours', '#ffffff', None, None], ['MC-804', 'WWI Vehicles Camouflage Colors Vol.1', '#242623', None, None], ['MC-805', 'WWI Vehicles Camouflage Colors Vol.2', '#7e7868', None, None], ['MC-806', 'Russian Modern Vehicles Camouflage Colors Vol.1', '#d7dce1', None, None], ['MC-807', 'Russian Modern Vehicles Camouflage Colors Vol.2', '#94b494', None, None], ['MC-809', 'Japanese Early Vehicles Camouflage Colors', '#d6c79e', None, None], ['MC-811', 'British and US Navy Basic Naval Colors', '#e0b884', None, None], ['MC-812', 'U.S. Aircraft Metal Skin Colors', '#46423f', None, None], ['MC-813', 'WWII. German Vehicle Camouflage Colors Vol.1', '#ffffff', None, None], ['MC-815', 'U.S. Stealth Camouflages Colors', '#fa0026', None, None]], 'MF Colors': [['MFZ-AP058', 'White Primer', '#fff', 'Matt', 'Acrylic'], ['MFZ-AP059', 'Gray Primer', '#fff', 'Matt', 'Acrylic'], ['MFZ-AP060', 'Black Primer', '#fff', 'Matt', 'Acrylic'], ['MFZ-AP061', 'Red Primer', '#fff', 'Matt', 'Acrylic'], ['MFZ-AP000M', 'Acrylic Thinner (Medium)', None, 'Thinners', 'Acrylic'], ['MFZ-AP003', '555 Rally Blue - Subaru Impreza WRC 1997-2001', '#fff', 'Matt', None], ['MFZ-AP004', 'World Rally Blue - Subaru Impreza WRC 01-07.', '#fff', 'Matt', None], ['MFZ-AP005', 'Atlantic Blue - Volkswagen Polo R WRC 2015-2016', '#fff', 'Matt', None], ['MFZ-AP006', 'Bright White', '#fff', 'Matt', None], ['MFZ-AP007', 'ARAL Light Blue', '#fff', 'Matt', None], ['MFZ-AP008', 'Marlboro Red - WRC', '#fff', 'Matt', None], ['MFZ-AP009', '555 Rally MC Blue - Subaru Impreza Gr. A 1994-1996', '#fff', 'Matt', None], ['MFZ-AP009', '555 Rally MC Blue', '#fff', 'Matt', None], ['MFZ-AP010', 'Lotos Blue - Citroen DS3 RRC', '#fff', 'Matt', None], ['MFZ-AP011', 'Lotos Red - Citroen DS3 RRC', '#fff', 'Matt', None], ['MFZ-AP012', 'Gold - Subaru Imprezza WRC Wheels', '#fff', 'Metallic', None], ['MFZ-AP013', 'Fire Red - Seat Cordoba WRC EVO 3', '#fff', 'Matt', None], ['MFZ-AP014', 'Deep Yellow - Seat Cordoba WRC EVO 3', '#fff', 'Matt', None], ['MFZ-AP015', 'Sunny Yellow - Renault Megane Maxi', '#fff', 'Matt', None], ['MFZ-AP016', 'Anthracite', '#fff', 'Matt', None], ['MFZ-AP017', 'Platinium silver - Peugeot 206 - WRC 2000-2002', '#fff', 'Metallic', None], ['MFZ-AP018', 'Fluo green', '#fff', 'Fluo', None], ['MFZ-AP019', 'Fluo yellow', '#fff', 'Fluo', None], ['MFZ-AP020', 'Bright yellow - SEAT Cordoba - WRC', '#fff', 'Matt', None], ['MFZ-AP021', 'REPSOL fluo orange', '#fff', 'Fluo', None], ['MFZ-AP022', 'REPSOL fluo red', '#fff', 'Fluo', None], ['MFZ-AP023', 'Pearl cooper', '#fff', 'Metallic', None], ['MFZ-AP024', 'Dark aluminium', '#fff', 'Metallic', None], ['MFZ-AP024', 'White aluminium', '#fff', 'Metallic', None], ['MFZ-AP026', 'Chrome effect', '#fff', 'Metallic', None], ['MFZ-AP027', 'Cockpit black', '#fff', 'Matt', None], ['MFZ-AP028', 'Cockpit gray', '#fff', 'Matt', None], ['MFZ-AP029', 'Deep Ocean Blue - DIAC Renault Megane', '#fff', 'Matt', None], ['MFZ-AP038', 'Performance blue - Hyundai i20 - WRC', '#fff', 'Matt', None], ['MFZ-AP039', 'Titanium silver', '#fff', 'Metallic', None], ['MFZ-AP040', 'Titanium gold', '#fff', 'Metallic', None], ['MFZ-AP041', 'Steel', '#fff', 'Metallic', None], ['MFZ-AP042', 'Gunmetal', '#fff', 'Metallic', None], ['MFZ-AP043', 'Blue Matt', '#fff', 'Matt', None], ['MFZ-AP044', 'Red Matt', '#fff', 'Matt', None], ['MFZ-AP045', 'Castrol Red', '#fff', 'Matt', None], ['MFZ-AP046', 'Castrol Green', '#fff', 'Matt', None], ['MFZ-AP049', 'Clear Blue', '#fff', None, None], ['MFZ-AP050', 'Clear Red', '#fff', None, None], ['MFZ-AP051', 'Clear Orange', '#fff', None, None], ['MFZ-AP052', 'Performance Blue', '#fff', 'Metallic', None], ['MFZ-AP053', 'Deep Red ΓÇô Lancer WRC ΓÇÖ05', '#fff', 'Matt', None], ['MFZ-AP054', 'Rally Green ΓÇô Skoda Fabia s2000', '#fff', 'Metallic', None], ['MFZ-AP055', 'Midnight Blue ΓÇô Ford Fiesta WRC 2018', '#fff', 'Matt', None], ['MFZ-AP056', 'Grey Matt ΓÇô XF56', '#fff', 'Matt', None], ['MFZ-AP057', 'Semi Gloss Black', '#fff', 'Satin', None], ['MFZ-AP062', 'Gloss Black', '#fff', 'Gloss', None], ['MFZ-AP063', 'Rothmans Blue', '#fff', 'Matt', None], ['MFZ-AP064', 'Jagermeister Orange', '#fff', 'Matt', None], ['MFZ-AP065', 'Bastos Red', '#fff', 'Matt', None], ['MFZ-AP067', 'Marlboro Fluorescent Red', '#fff', 'Matt', None], ['MFZ-AP068', 'Audi Quattro Yellow', '#fff', 'Matt', None], ['MFZ-AP069', 'Metalic Black - Ford Focus RS WRC 2003', '#fff', 'Metallic', None], ['MFZ-AP070', 'Bright Blue - Mitsubishi Galant', '#fff', 'Matt', None], ['MFZ-AP071', 'Fluorescent Orange', '#fff', 'Fluo', None], ['MFZ-AP072', 'ARAL Dark Blue', '#fff', 'Matt', None], ['MFZ-AP073', 'Deep Blue - Peugeot 306 Maxi', '#fff', 'Matt', None], ['MFZ-AP076', 'Dark Blue', '#fff', 'Matt', None], ['AP001M', 'Acrylic Lacquer - 2K High Clear Coat matt', None, 'Paint sets', None], ['AP001S', 'Acrylic Lacquer - 2K High Clear Coat gloss', None, 'Paint sets', None]], 'MicroLux': [['29001', 'Rail Brown', '#fff', 'Matt', 'Acrylic'], ['29002', 'Grimy Black', '#fff', 'Matt', 'Acrylic'], ['29003', 'RR Tie Brown', '#fff', 'Matt', 'Acrylic'], ['29004', 'Reefer White', '#fff', 'Matt', 'Acrylic'], ['29005', 'MicroLux - Rust', '#fff', 'Matt', 'Acrylic'], ['29005', 'Rust', '#fff', 'Matt', 'Acrylic'], ['29006', 'Clear Flat', '#fff', 'Matt', 'Acrylic'], ['29007', 'Aged Concrete', '#fff', 'Matt', 'Acrylic'], ['29008', 'MicroLux Engine Black', '#fff', 'Matt', 'Acrylic'], ['29008', 'Engine Black', '#fff', 'Matt', 'Acrylic'], ['29009', 'Roof Brown', '#fff', 'Matt', 'Acrylic'], ['29010', 'Roof Red', '#fff', 'Matt', 'Acrylic']], 'MIG Productions': [[None, None, None, 'Paint sets', 'Enamel'], ['F240', 'Filter - Blue for Dark Grey', '#fff', 'Matt', 'Enamel'], ['F242', 'Filter - Tan for Tritonal Camo', '#fff', 'Matt', 'Enamel'], ['F245', 'Filter - Brown for Dark Green', '#fff', 'Matt', 'Enamel'], ['F246', 'Filter - Grey for Bright Green', '#fff', 'Matt', 'Enamel'], ['F401', 'Filter - Ochre for Light Sand', '#fff', 'Matt', 'Enamel'], ['F402', 'Filter - Brown for Desert Yellow', '#fff', 'Matt', 'Enamel'], ['F404', 'Filter - Neutral Grey for White', '#fff', 'Matt', 'Enamel'], ['F419', 'Filter - Orange for Desert Camo', '#fff', 'Matt', 'Enamel'], ['F420', 'Filter - Green for Khaki and Olive Drab', '#fff', 'Matt', 'Enamel'], ['F426', 'Filter - Vivid Orange Rust', None, 'Matt', 'Enamel'], ['F427', 'Filter - Violet for German Grey', '#fff', 'Matt', 'Enamel'], ['F428', 'Filter - Clear Blue for Metallics', None, 'Matt', 'Enamel'], ['F429', 'Filter - General dust', '#fff', 'Matt', 'Enamel'], ['F430', 'Filter - Sun Bleach', '#fff', 'Matt', 'Enamel'], ['F431', 'Filter - Subtle Dirt', None, 'Matt', 'Enamel'], ['P241', 'Filter - Brown for Dark Yellow', '#fff', 'Matt', 'Enamel'], ['P244', 'Filter - Green for Light Green', '#fff', 'Matt', 'Enamel'], ['P402', 'Filter - Brown For Desert Yellow', '#fff', 'Matt', 'Enamel'], ['P405', 'Filter - Brown for white-green camo', '#fff', 'Matt', 'Enamel'], ['P406', 'Filter - Brown for white-yellow camo', '#fff', 'Matt', 'Enamel'], ['P418', 'Filter - Warm Grey For Panzer For Panzer Gray', '#fff', 'Matt', 'Enamel'], ['P421', 'Neutral Gray for Panzer Grey', '#fff', 'Matt', 'Enamel'], ['P423', 'Dark Green Grey', '#fff', 'Matt', 'Enamel'], ['P425', 'Filter - Green for Allied Tanks', '#fff', 'Matt', 'Enamel'], ['P220', 'Dark Wash', '#fff', 'Matt', 'Enamel'], ['P221', 'Brown Wash', '#fff', 'Matt', 'Enamel'], ['P222', 'Neutral wash', '#fff', 'Matt', 'Enamel'], ['P223', 'Cold Grey Wash', '#fff', 'Matt', 'Enamel'], ['P224', 'winter camouflage wash', '#fff', 'Matt', 'Enamel'], ['P225', 'Wash for Wood Aging Solution', '#fff', 'Matt', 'Enamel'], ['P239', 'Thinner', None, 'Thinners', 'Enamel'], ['P249', 'Pigment Fixer', '#fff', 'Matt', 'Enamel'], ['P279', 'Light Grey-Green Wash', '#fff', 'Matt', 'Enamel'], ['P280', 'Track Wash', '#fff', 'Matt', 'Enamel'], ['P281', 'Black Wash', '#fff', 'Matt', 'Enamel'], ['P282', 'Wash for Interior', '#fff', 'Matt', 'Enamel'], ['P298', 'Accumulated Sand Effect', '#fff', 'Matt', 'Enamel'], ['P299', 'Accumulated Dust Effect', '#fff', 'Matt', 'Enamel'], ['P300', 'Earth Wash', '#fff', 'Matt', 'Enamel'], ['P302', 'Deep Green Wash', '#fff', 'Matt', 'Enamel'], ['P303', 'Dirty Glass Wash', '#fff', 'Matt', 'Enamel'], ['P304', 'Mud Splash Wash', '#fff', 'Matt', 'Enamel'], ['P307', 'Extreme Rust Wash', '#fff', 'Matt', 'Enamel'], ['P308', 'Light Sand Wash', '#fff', 'Matt', 'Enamel'], ['P409', 'Wet Effects', '#fff', 'Gloss', 'Enamel'], ['P410', 'Oil and Grease Stain mixture', '#fff', 'Matt', 'Enamel'], ['P411', 'Standard Rust Effects', '#fff', 'Matt', 'Enamel'], ['P412', 'Light Rust Effects', '#fff', 'Matt', 'Enamel'], ['P417', 'Rainmarks Effects', None, 'Matt', 'Enamel'], ['P700', 'MIG Fuel Stains', '#fff', 'Matt', 'Enamel'], ['P701', 'Engine Grime Effect', None, 'Matt', 'Enamel'], ['P705', 'Thinner', None, 'Thinners', 'Enamel'], [None, None, None, 'Pigment sets', 'Enamel'], ['P250', 'Absolute Chipping', '#fff', 'Matt', 'Acrylic'], ['P032', 'Acrylic Resin for Pigments', '#fff', None, 'Acrylic'], [None, None, '#fff', 'Thinners', 'Acrylic'], ['F600', 'Rocket Exhaust', None, 'Matt', None], ['F601', 'Martian Dust', None, 'Matt', None], ['F602', 'Lunar Dust', None, 'Matt', None], ['F603', 'Volcanic Ash', None, 'Matt', None], ['F604', 'Zombie Green', None, 'Matt', None], ['F605', 'Graveyard Dirt', None, 'Matt', None], ['F606', 'Plasma Burn', None, 'Matt', None], ['F607', 'Mig Fantasy  Metallic Silver', '#fff', 'Metallic', None], ['F610', 'Carbon Steel', '#fff', 'Metallic', None], ['F612', 'Brass', '#fff', 'Metallic', None], ['F613', 'Copper', '#fff', 'Matt', None], ['P022', 'Ashes White', '#fff', 'Matt', None], ['P023', 'Black Smoke', '#fff', 'Matt', None], ['P024', 'Light Rust', '#fff', 'Matt', None], ['P025', 'Standard Rust', '#fff', 'Matt', None], ['P026', 'Concrete', '#fff', 'Matt', None], ['P027', 'Light Dust', '#fff', 'Matt', None], ['P028', 'Europe Dust', '#fff', 'Matt', None], ['P029', 'Brick Dust', '#fff', 'Matt', None], ['P030', 'Beach Sand', '#fff', 'Matt', None], ['P031', 'Vietnam Earth', '#fff', 'Matt', None], ['P033', 'Dark Mud', '#fff', 'Matt', None], ['P034', 'Russian Earth', '#fff', 'Matt', None], ['P035', 'Panzer Grey (Fading)', '#605952', 'Matt', None], ['P036', 'Allied Green (Fading)', '#68694a', 'Matt', None], ['P037', 'Gulf War Sand', '#fff', 'Matt', None], ['P038', 'African Earth', '#fff', 'Matt', None], ['P039', 'Industrial City Dirt', '#fff', 'Matt', None], ['P040', 'Volcanic Sand', '#fff', 'Matt', None], ['P041', 'Fresh Wood', '#fff', 'Matt', None], ['P043', 'Kaky Russian Faded', '#fff', 'Matt', None], ['P044', 'Burnt Steel Blue', '#fff', 'Matt', None], ['P046', 'Old Aluminum', '#fff', 'Matt', None], ['P047', 'Dark Granit', '#fff', 'Matt', None], ['P054', 'Alcaline Dust', '#fff', 'Matt', None], ['P057', 'Mid Brown, Dry Lake 2', '#fff', 'Matt', None], ['P058', 'Brown, River Bank', '#fff', 'Matt', None], ['P230', 'Old Rust', '#fff', 'Matt', None], ['P231', 'Gun Metal', '#fff', 'Metallic', None], ['p232', 'dry mud', '#fff', 'Matt', None], ['P234', 'Rubbel Dust', '#fff', 'Matt', None], ['P413', 'Primed Red', '#6f2420', 'Matt', None], ['P414', 'Track Brown', '#2f1d19', 'Matt', None], ['P415', 'Light European Earth', '#fff', 'Matt', None], ['P265', 'Green colors filter set', '##fff', None, None], ['ABT-300', '502 Abteilung oil set - German armor Tones', '#dca3ac', None, None], ['ABT-310', '502 Abteilung oil set - Urban Diorama Colors', '#ac441d', None, None], ['ABT-320', '502 Abteilung oil set - Vehicle weathering and effects', '#905b29', None, None], ['P254', 'German Yellow Transformation set', '#fff', None, None], ['P255', 'German Grey Transformation Set', '#fff', None, None], ['P256', 'Winter Vehicles Transformation set', '#fff', None, None], ['P257', 'Rust and Decay Transformation Set', '#fff', None, None], ['P258', 'Red Primed Transformation set', '#fff', None, None], ['P233', 'Urban combat set', '#fff', None, None], ['P261', 'German Yellow Pigment set', '#fff', None, None]], 'Military Finishes': [['MIL-2140', 'Zinc Chromate Yellow', None, 'Gloss', None]], 'Mission Models': [['MMA-004', 'Flat Clear Coat', '#fff', 'Matt', 'Acrylic'], ['MMA-005', 'Semi Gloss Clear Coat', '#fff', 'Satin', 'Acrylic'], ['MMA-006', 'Gloss Clear Coat', '#fff', 'Gloss', 'Acrylic'], ['MMC-001', 'Chrome', '#dbe4eb', 'Metallic', 'Acrylic'], ['MMC-002', 'Brass', '#dc9018', 'Metallic', 'Acrylic'], ['MMC-003', 'Gold', '#d4af37', 'Metallic', 'Acrylic'], ['MMGBB-001', 'Gloss Black Base for Chrome', '#383839', 'Gloss', 'Acrylic'], ['MMGWB-002', 'Gloss White Base', '#ffffff', 'Gloss', 'Acrylic'], ['MMM-001', 'Burnt Iron 1', '#4d4845', 'Metallic', 'Acrylic'], ['MMM-002', 'Cold Rolled Steel', '#464646', 'Metallic', 'Acrylic'], ['MMM-003', 'Faded Aluminum', '#b4b4b4', 'Metallic', 'Acrylic'], ['MMM-004', 'Copper', '#9d6743', 'Metallic', 'Acrylic'], ['MMM-005', 'Duraluminum', '#a2a8a6', 'Metallic', 'Acrylic'], ['MMM-006', 'Silver', '#c0c0c0', 'Metallic', 'Acrylic'], ['MMM-007', 'Dark Aluminum', '#909090', 'Metallic', 'Acrylic'], ['MMM-008', 'White Aluminum', '#a5a5a5', 'Metallic', 'Acrylic'], ['MMM-009', 'RAF High Speed SIlver', '#c0c0c0', 'Metallic', 'Acrylic'], ['MMM-010', 'Gun Metal', '#5f6670', 'Metallic', 'Acrylic'], ['MMP-001', 'White', '#fefefe', 'Matt', 'Acrylic'], ['MMP-002', 'Brown', '#3b220e', 'Matt', 'Acrylic'], ['MMP-003', 'Red', '#c3122f', 'Matt', 'Acrylic'], ['MMP-004', 'Green', '#235937', 'Matt', 'Acrylic'], ['MMP-005', 'Orange', '#e15402', 'Matt', 'Acrylic'], ['MMP-006', 'Light Neutral Tan', '#a59480', 'Matt', 'Acrylic'], ['MMP-007', 'Yellow', '#fcde0a', 'Matt', 'Acrylic'], ['MMP-008', 'Graugr├╝n Khakibraun RAL 7008', '#786749', 'Matt', 'Acrylic'], ['MMP-009', 'Olivegrun RAL 6003', '#8b9469', 'Matt', 'Acrylic'], ['MMP-010', 'Gelbbraun RAL 8020', '#dec7a7', 'Matt', 'Acrylic'], ['MMP-011', 'Dunkelgelb RAL 7028', '#bea35e', 'Matt', 'Acrylic'], ['MMP-012', 'Rotbraun RAL 8017', '#7d6e6b', 'Matt', 'Acrylic'], ['MMP-013', 'Red Oxide German WWII RAL 3009', '#772420', 'Matt', 'Acrylic'], ['MMP-014', 'Panzergrey RAL 7021', '#4c535b', 'Matt', 'Acrylic'], ['MMP-015', 'Rotbraun RAL 8012', '#592321', 'Matt', 'Acrylic'], ['MMP-016', 'Sandgrau RAL 7027', '#9a8b6a', 'Matt', 'Acrylic'], ['MMP-017', 'Grunbraun RAL 8000', '#826b35', 'Matt', 'Acrylic'], ['MMP-018', 'Resadagruen RAL 6011', '#68825f', 'Matt', 'Acrylic'], ['MMP-019', 'Dunkelgelb Late 1944 RAL 7028', '#d4be8c', 'Matt', 'Acrylic'], ['MMP-020', 'US Army Olive Drab Faded 1 FS34088', '#797b54', 'Matt', 'Acrylic'], ['MMP-021', 'US Army Olive Drab Faded 2', '#94976a', 'Matt', 'Acrylic'], ['MMP-022', 'US Army Olive Drab Faded 3', '#9a9052', 'Matt', 'Acrylic'], ['MMP-023', 'US Army Khaki Drab FS34088', '#69634b', 'Matt', 'Acrylic'], ['MMP-024', 'US Army Olive Drab FS319', '#69634b', 'Matt', 'Acrylic'], ['MMP-025', 'US Army Olive Drab FS34088', '#6a6931', 'Matt', 'Acrylic'], ['MMP-026', 'US Army Olive Drab FS33070', '#505338', 'Matt', 'Acrylic'], ['MMP-027', 'Russian 6k FS30117', '#9d4f2b', 'Matt', 'Acrylic'], ['MMP-028', 'Russian Dark Olive FS34102', '#4a523a', 'Matt', 'Acrylic'], ['MMP-029', 'Russian Dark Olive 2 FS34096', '#566743', 'Matt', 'Acrylic'], ['MMP-030', 'Russian Dark Olive Faded 1 FS34096', '#566743', 'Matt', 'Acrylic'], ['MMP-031', 'Russian Dark Green 4B FS34079', '#3d4335', 'Matt', 'Acrylic'], ['MMP-032', 'Russian Green Modern', '#455d3b', 'Matt', 'Acrylic'], ['MMP-033', 'NATO Brown', '#543425', 'Matt', 'Acrylic'], ['MMP-034', 'NATO Green', '#557536', 'Matt', 'Acrylic'], ['MMP-035', 'NATO Black', '#2e2c2d', 'Matt', 'Acrylic'], ['MMP-036', 'IDF Sandgrey version 2', '#a98e79', 'Matt', 'Acrylic'], ['MMP-037', 'IDF Sandgrey version 1', '#836e41', 'Matt', 'Acrylic'], ['MMP-038', 'US Desert Tan Modern 2 FS', '#c19d79', 'Matt', 'Acrylic'], ['MMP-039', 'British Sand Yellow Modern AFV', '#ddc893', 'Matt', 'Acrylic'], ['MMP-040', 'Tire Black 1', '#191919', 'Matt', 'Acrylic'], ['MMP-041', 'Hiway Yellow 1930/1990 Heavy Equipment', '#fdc109', 'Matt', 'Acrylic'], ['MMP-042', 'British Light Silver Grey RAL 7001', '#798a91', 'Matt', 'Acrylic'], ['MMP-043', 'British Portland Stone RAL 64', '#f5eedb', 'Matt', 'Acrylic'], ['MMP-044', 'British Light Stone RAL 61', '#d4be8c', 'Matt', 'Acrylic'], ['MMP-045', 'British Slate Grey RAL 7016', '#35393a', 'Matt', 'Acrylic'], ['MMP-046', 'German Field Grey RLM 80', '#4f6c56', 'Matt', 'Acrylic'], ['MMP-047', 'Black', '#010101', 'Matt', 'Acrylic'], ['MMP-048', 'Blue', '#002059', 'Matt', 'Acrylic'], ['MMP-049', 'Aircraft Colors- Graugrun RLM 74', '#344756', 'Matt', 'Acrylic'], ['MMP-050', 'Aircraft Colors- Grauviolet RLM 75', '#4a4d52', 'Matt', 'Acrylic'], ['MMP-051', 'Aircraft Colors- Lichtblau RLM 76', '#a3bab2', 'Matt', 'Acrylic'], ['MMP-052', 'Aircraft Colors- Braunviolet RLM 81', '#383c25', 'Matt', 'Acrylic'], ['MMP-053', 'Aircraft Colors- Hellgrun RLM 82', '#687c4b', 'Matt', 'Acrylic'], ['MMP-054', 'Aircraft Colors- Dunkelgrun RLM 83', '#283430', 'Matt', 'Acrylic'], ['MMP-055', 'Aircraft Colors- Hellblau RLM 78', '#a4adbc', 'Matt', 'Acrylic'], ['MMP-056', 'Aircraft Colors- Grau RLM 02', '#9a9581', 'Matt', 'Acrylic'], ['MMP-057', 'Aircraft Colors- Hellblau RLM 65', '#8a8895', 'Matt', 'Acrylic'], ['MMP-058', 'Aircraft Colors- US Dark Green FS 34079', '#2b302a', 'Matt', 'Acrylic'], ['MMP-059', 'US Interior Green FS34151', '#677e50', 'Matt', 'Acrylic'], ['MMP-060', 'Dark Tan FS 30219', '#674539', 'Matt', 'Acrylic'], ['MMP-061', 'US Blue Grey FS35189', '#759ea2', 'Matt', 'Acrylic'], ['MMP-062', 'USN/USMC Sea Blue FS35042', '#122742', 'Matt', 'Acrylic'], ['MMP-063', 'Light Gull Grey FS36440', '#c1beb7', 'Matt', 'Acrylic'], ['MMP-064', 'Dark Gull Grey FS36231', '#7d8790', 'Matt', 'Acrylic'], ['MMP-065', 'Gloss Sea Blue FS15042', '#154b63', 'Matt', 'Acrylic'], ['MMP-066', 'US Medium Green FS34102', '#4a523a', 'Matt', 'Acrylic'], ['MMP-067', 'Yellow Zinc Chromate', '#e3d209', 'Matt', 'Acrylic'], ['MMP-068', 'Green Zinc Chromate', '#a09635', 'Matt', 'Acrylic'], ['MMP-069', 'Light Gull Gray FS16440', '#dadada', 'Gloss', 'Acrylic'], ['MMP-070', 'Radome Tan FS33613', '#eedfb4', 'Matt', 'Acrylic'], ['MMP-071', 'Intermediate Blue FS35164', '#4a5b6b', 'Matt', 'Acrylic'], ['MMP-072', 'Medium Gray FS35237', '#6f8289', 'Matt', 'Acrylic'], ['MMP-073', 'Light Ghost Grey FS36375', '#83878a', 'Matt', 'Acrylic'], ['MMP-074', 'Dark Ghost Gray FS36320', '#6c7c7c', 'Matt', 'Acrylic'], ['MMP-075', 'Light Sea Grey', '#6c7c7c', 'Matt', 'Acrylic'], ['MMP-076', 'RAF Middle Stone', '#aa9252', 'Matt', 'Acrylic'], ['MMP-077', 'RAF Dark Green', '#435638', 'Matt', 'Acrylic'], ['MMP-078', 'RAF Dark Earth', '#80683a', 'Matt', 'Acrylic'], ['MMP-079', 'RAF Interior Green', '#7a9062', 'Matt', 'Acrylic'], ['MMP-080', 'RAF Underside Sky 610', '#aab08e', 'Matt', 'Acrylic'], ['MMP-081', 'LRDG Pink', '#eccaa4', 'Matt', 'Acrylic'], ['MMP-082', 'German WWII Elfnbein Interior White', '#efe3bb', 'Matt', 'Acrylic'], ['MMP-083', 'Have Glass Grey FS36170', '#696866', 'Matt', 'Acrylic'], ['MMP-084', 'Gunship Grey FS36118', '#4b5561', 'Matt', 'Acrylic'], ['MMP-085', 'Russian WWII 4B0 FS 34257', '#8d9132', 'Matt', 'Acrylic'], ['MMP-086', 'US Army Sand FS30277', '#a39179', 'Matt', 'Acrylic'], ['MMP-087', 'Dunkelgrun RLM 71', '#585743', 'Matt', 'Acrylic'], ['MMP-088', 'Schwarzgrun RLM 70', '#55564f', 'Matt', 'Acrylic'], ['MMP-089', 'Dark Grey RLM 66', '#5b5e5f', 'Matt', 'Acrylic'], ['MMP-090', 'Gelb (Yellow) RLM 04 WWII', '#fec110', 'Matt', 'Acrylic'], ['MMP-091', 'USAAF Olive Drab 41', '#3c3421', 'Matt', 'Acrylic'], ['MMP-092', 'Azure Blue RAF', '#7089ad', 'Matt', 'Acrylic'], ['MMP-093', 'Ocean Grey RAF', '#676c70', 'Matt', 'Acrylic'], ['MMP-094', 'Sea Grey Medium RAF BS 637', '#969da3', 'Matt', 'Acrylic'], ['MMP-095', 'US Camouflage Grey', '#c2c1b4', 'Matt', 'Acrylic'], ['MMP-096', 'Grey Blue Cockpit / Camo', '#94a9b7', 'Matt', 'Acrylic'], ['MMP-097', 'SAC Bomber Tan', '#827962', 'Matt', 'Acrylic'], ['MMP-098', 'SAC Bomber Green', '#737a6c', 'Matt', 'Acrylic'], ['MMP-099', 'Gloss Grey USN', '#555856', 'Gloss', 'Acrylic'], ['MMP-100', 'Russian Cockpit Emerald Green', '#40e0d0', 'Matt', 'Acrylic'], ['MMP-101', 'Insignia Red', '#a84946', 'Matt', 'Acrylic'], ['MMP-102', 'Aircraft Grey Gloss', '#aab2b0', 'Gloss', 'Acrylic'], ['MMP-103', 'Haze Grey US Navy 5H', '#b0bac3', 'Matt', 'Acrylic'], ['MMP-104', 'Insignia White', '#f1f0ea', 'Matt', 'Acrylic'], ['MMP-105', 'Worn Black Grey Tires', '#383838', 'Matt', 'Acrylic'], ['MMP-106', 'Bronze Green British AFV', '#4e5042', 'Matt', 'Acrylic'], ['MMP-107', 'Japanese J3 Hai-Iro Lt Grey ( Zero )', '#d3d3d3', 'Matt', 'Acrylic'], ['MMP-108', 'Q1 Anti-Glare Blue-Black Cowl', '#313639', 'Matt', 'Acrylic'], ['MMP-109', 'M3 Mitsubishi Interior Green', '#949166', 'Matt', 'Acrylic'], ['MMP-110', 'J3 SP LT Grey Japanese Zero Amber', '#cfbea5', 'Matt', 'Acrylic'], ['MMP-111', 'Hull Red Anti Fouling Norfolk 65A', '#4d140b', 'Matt', 'Acrylic'], ['MMP-112', 'D1 Deep Green Japanese WWII', '#355842', 'Matt', 'Acrylic'], ['MMP-113', 'Aotaki Blue-Green Clear Coat', '#00806c', 'Matt', 'Acrylic'], ['MMP-114', 'Neutral Haze Grey US Navy ( WWII/Post)', '#acaaaa', 'Matt', 'Acrylic'], ['MMP-115', 'Japanese Propeller Brown', '#663300', 'Matt', 'Acrylic'], ['MMP-116', 'Light Grey FS 36495', '#cfd1d2', 'Matt', 'Acrylic'], ['MMP-117', 'High Low Visibility Grey', '#aeb1b2', 'Matt', 'Acrylic'], ['MMP-118', 'Medium Grey FS 36270', '#7a7f82', 'Matt', 'Acrylic'], ['MMP-119', 'Sandgelb RLM-79', '#d9a95a', 'Matt', 'Acrylic'], ['MMP-120', 'Olivegrun RLM-80', '#616352', 'Matt', 'Acrylic'], ['MMP-121', 'Purple Violet', '#361159', 'Matt', 'Acrylic'], ['MMP-122', 'Bright Blue (Mecha)', '#009cc8', 'Matt', 'Acrylic'], ['MMP-123', 'Rail Tie Brown', '#61504c', 'Matt', 'Acrylic'], ['MMP-124', 'Farm Tractor Green', '#276f3a', 'Matt', 'Acrylic'], ['MMP-125', 'New Construction Yellow', '#dea731', 'Matt', 'Acrylic'], ['MMP-126', 'Farm Tractor Yellow', '#ffde00', 'Matt', 'Acrylic'], ['MMP-127', 'Concrete 1', '#a0a09a', 'Matt', 'Acrylic'], ['MMP-128', 'IDF Green', '#195320', 'Matt', 'Acrylic'], ['MMP-129', 'Earth Yellow Tan Merdec', '#c39b69', 'Matt', 'Acrylic'], ['MMP-130', 'Earth Red Brown Merdec', '#896750', 'Matt', 'Acrylic'], ['MMP-131', 'Sand Merdec', '#a6977d', 'Matt', 'Acrylic'], ['MMP-132', 'USN Flight Deck Blue 21', '#626d81', 'Matt', 'Acrylic'], ['MMP-133', 'USN Pale Grey Blue 5P', '#c6c9ce', 'Matt', 'Acrylic'], ['MMP-134', 'Surf Green ( CH 1957 )', '#b4cfb0', 'Matt', 'Acrylic'], ['MMP-135', 'Coral ( CH 1955/626)', '#f67c6c', 'Matt', 'Acrylic'], ['MMP-136', 'Arcadian Blue ( F 1965 )', '#cfd3e4', 'Matt', 'Acrylic'], ['MMP-137', 'Lilac ( Chrysler 1966 )', '#838093', 'Matt', 'Acrylic'], ['MMP-138', 'Extra Dark Sea Grey', '#677278', 'Matt', 'Acrylic'], ['MMP-139', 'Dunkelbraun RAL 7017', '#5c5334', 'Matt', 'Acrylic'], ['MMP-140', 'Anthrazitgrau RAL 7016 ( Anthracite Grey )', '#383e42', 'Matt', 'Acrylic'], ['MMP-141', 'Signalbraun RAL 8002', None, 'Matt', 'Acrylic'], ['MMP-142', 'Mahogany (Flight Decks, Tools)', '#360917', 'Matt', 'Acrylic'], ['MMP-143', 'Pearl Starship White', '#fafbf5', 'Metallic', 'Acrylic'], ['MMP-144', 'Pearl Deep Green', '#66b189', 'Metallic', 'Acrylic'], ['MMP-145', 'Pearl Solid Gold', '#fff', 'Metallic', 'Acrylic'], ['MMP-146', 'Pearl Deep Charcoal', '#fff', 'Metallic', 'Acrylic'], ['MMP-147', 'Pearl Deep Blue', '#fff', 'Metallic', 'Acrylic'], ['MMP-148', 'Pearl Red', '#fff', 'Metallic', 'Acrylic'], ['MMP-149', 'Pearl Cooper', '#fff', 'Metallic', 'Acrylic'], ['MMP-150', 'Pearl Deep Black', '#fff', 'Metallic', 'Acrylic'], ['MMP-151', 'Pearl Deep Orange', '#fff', 'Metallic', 'Acrylic'], ['MMP-152', 'Pearl Wild Berry', '#fff', 'Metallic', 'Acrylic'], ['MMP-153', 'Pearl Kiwi Lime', '#fff', 'Metallic', 'Acrylic'], ['MMP-154', 'Pearl Root Beer Brown', '#fff', 'Metallic', 'Acrylic'], ['MMP-155', 'Iridescent Cherry', '#fff', 'Metallic', 'Acrylic'], ['MMP-156', 'Iridescent Blue', '#fff', 'Metallic', 'Acrylic'], ['MMP-157', 'Iridescent Plum Purple', '#fff', 'Metallic', 'Acrylic'], ['MMP-158', 'Iridescent Candy Red', '#ff0800', 'Matt', 'Acrylic'], ['MMP-159', 'Iridescent Lemon Yellow', '#fff44f', 'Metallic', 'Acrylic'], ['MMP-160', 'Iridescent Duck Teal', '#008080', 'Metallic', 'Acrylic'], ['MMP-161', 'Iridescent Turquoise', '#0594c0', 'Metallic', 'Acrylic'], ['MMP-162', 'Change Color Purple', '#800080', 'Metallic', 'Acrylic'], ['MMP-163', 'Change Color Blue', '#0e4bef', 'Metallic', 'Acrylic'], ['MMP-164', 'Change Color Gold', '#dfc76c', 'Metallic', 'Acrylic'], ['MMP-165', 'Change Color Green', '#143726', 'Metallic', 'Acrylic'], ['MMP-166', 'Change Color Red', '#a91a16', 'Metallic', 'Acrylic'], ['MMP-167', 'Transparent Red', '#ff0000', 'Matt', 'Acrylic'], ['MMP-168', 'Transparent Blue', '#040d96', 'Matt', 'Acrylic'], ['MMP-169', 'Transparent Green', '#008000', 'Matt', 'Acrylic'], ['MMP-171', 'Transparent Orange', '#fb6c03', 'Matt', 'Acrylic'], ['MMP-173', 'Mission Models Light Blue (Mecha)', None, 'Matt', 'Acrylic'], ['MMP-177', 'Gelbolive RAL 6014', '#55491f', 'Matt', 'Acrylic'], ['MMP-178', 'French Blue (Cobalt Blue)', '#025188', 'Matt', 'Acrylic'], ['MMP-179', 'Crocus Yellow (Chevy 1956 #695)', '#e1e19e', 'Matt', 'Acrylic'], ['MMS-001', 'Black Primer', '#010101', 'Matt', 'Acrylic'], ['MMS-002', 'White Primer', '#ffffff', 'Matt', 'Acrylic'], ['MMS-003', 'Grey Primer', '#dadada', 'Matt', 'Acrylic'], ['MMS-004', 'Red Oxide Primer', '#772420', 'Matt', 'Acrylic'], ['MMS-005', 'Pink Primer', '#f58bb2', 'Matt', 'Acrylic'], ['MMS-006', 'Tan Primer', '#a59480', 'Matt', 'Acrylic'], ['MMS-007', 'Transparent ( Clear ) Primer', '#fff', None, 'Acrylic'], ['MMW-001', 'Weathering- Dark Rust 1', '#a24438', 'Matt', 'Acrylic'], ['MMW-002', 'Weathering- Light Rust 1', '#de732b', 'Matt', 'Acrylic'], ['MMW-003', 'Weathering- Transparent Light Rust', '#993128', 'Matt', 'Acrylic'], ['MMW-004', 'Weathering- Transparent Medium', '#ffffff', 'Matt', 'Acrylic'], ['MMW-005', 'Weathering- Standard Rust', '#99302a', 'Matt', 'Acrylic'], ['MMW-006', 'Weathering- Transparent Dust', '#dec9ac', 'Matt', 'Acrylic'], ['MMA-001', 'Polyurethane Mix Additive', '#fff', None, 'Acrylic'], ['MMA-002', 'Thinner / Reducer', '#fff', 'Thinners', 'Acrylic'], ['MMA-003', 'Thinner / Airbrush Cleaner', '#fff', 'Thinners', 'Acrylic']], 'Misterkit': [['AC-005', 'Verde Mimetico 2', '#fff', 'Matt', 'Acrylic'], ['AC-007', 'Verde Mimetico 53-192', '#fff', 'Matt', 'Acrylic'], ['AC-012', 'Marrone Mimetico 1', '#fff', 'Matt', 'Acrylic'], ['AC-015', 'Bruno Mimetico', '#fff', 'Matt', 'Acrylic'], ['AC-019', 'Grigio Azzurro Scuro 3', '#fff', 'Matt', 'Acrylic'], ['AC-020', 'Grigio Azurro Chiaro 1', '#fff', 'Matt', 'Acrylic'], ['AC-024', 'Giallo Cromo', '#fff', 'Matt', 'Acrylic'], ['BC-001', 'Battleship Grey', '#fff', 'Matt', 'Acrylic'], ['BC-002', 'PC-12', '#fff', 'Matt', 'Acrylic'], ['BC-003', 'PC-10', '#fff', 'Matt', 'Acrylic'], ['BC-004', 'NIVO', '#fff', 'Matt', 'Acrylic'], ['BC-005', 'Clear Doped Linen', '#fff', 'Matt', 'Acrylic'], ['BC-006', 'AMAPDT Reddish Brown', '#fff', 'Matt', 'Acrylic'], ['FC-01', 'Verte Fonce', '#fff', 'Matt', 'Acrylic'], ['FC-03', 'Gris Bleu Fonce', '#fff', 'Matt', 'Acrylic'], ['FC-04', 'Gris Bleu Clair', '#fff', 'Matt', 'Acrylic'], ['FC-05', 'Kaky', '#fff', 'Matt', 'Acrylic'], ['FC-06', 'Brun', '#fff', 'Matt', 'Acrylic'], ['FC-07', 'Chamois', '#fff', 'Matt', 'Acrylic'], ['FC-08', 'Terre De Sienne', '#fff', 'Matt', 'Acrylic'], ['FC-09', 'Ombre Calcinee', '#fff', 'Matt', 'Acrylic'], ['FC-10', 'Bleu Nuit', '#fff', 'Matt', 'Acrylic'], ['FC-14', 'Bleu Cocardes', '#fff', 'Matt', 'Acrylic'], ['FC-15', 'Rouge Cocardes', '#fff', 'Matt', 'Acrylic'], ['RAF-01', 'Dark Sea Grey', '#fff', 'Matt', 'Acrylic'], ['RAF-02', 'Extra Dark Sea Grey', '#fff', 'Matt', 'Acrylic'], ['RAF-04', 'Dark Green', '#fff', 'Matt', 'Acrylic'], ['RAF-05', 'Dark Earth', '#fff', 'Matt', 'Acrylic'], ['RAF-06', 'Light Slate Grey', '#fff', 'Matt', 'Acrylic'], ['RAF-07', 'Dark Slate Grey', '#fff', 'Matt', 'Acrylic'], ['RAF-09', 'Azure Blue', '#fff', 'Matt', 'Acrylic'], ['RAF-12', 'Light Earth', '#fff', 'Matt', 'Acrylic'], ['RAF-13', 'Light Green', '#fff', 'Matt', 'Acrylic'], ['RAF-16', 'Sky Grey', '#fff', 'Matt', 'Acrylic'], ['RAF-17', 'Sky', '#fff', 'Matt', 'Acrylic'], ['RAF-18', 'Deep Sky', '#fff', 'Matt', 'Acrylic'], ['RAF-19', 'Sky Blue', '#fff', 'Matt', 'Acrylic'], ['RAF-20', 'Light Mediterranean Blue', '#fff', 'Matt', 'Acrylic'], ['RAF-21', 'Dark Mediterranean Blue', '#fff', 'Matt', 'Acrylic'], ['RAF-22', 'Red', '#fff', 'Matt', 'Acrylic'], ['RAF-23', 'Blue', '#fff', 'Matt', 'Acrylic'], ['RAF-24', 'Yellow', '#fff', 'Matt', 'Acrylic'], ['RAF-25', 'Black', '#fff', 'Matt', 'Acrylic'], ['AC005', 'Verde Mimetico 2', '#fff', 'Matt', 'Acrylic'], ['AC-024', 'Giallo Cromo', '#fff', 'Matt', 'Acrylic'], ['AC-28', 'Bianco Neve', '#fff', 'Matt', 'Acrylic'], ['GC-14', 'German Jasta 10 Yellow', '#fff', 'Matt', 'Acrylic'], ['GC-17', 'German Pfalz Silbergrau', '#fff', 'Matt', 'Acrylic'], ['RU-01', 'Roundel Red', '#fff', 'Matt', 'Acrylic'], ['US-29', 'M-495 Light Gray', '#fff', 'Matt', 'Acrylic'], ['USN-28', 'M-485 Blue Gray', '#fff', 'Matt', 'Acrylic']], 'Model Flex': [['11', 'CN Gray #11', '#fff', 'Matt', 'Acrylic'], ['16-01', 'Engine Black', '#fff', 'Matt', 'Acrylic'], ['16-02', 'Reefer White', '#fff', 'Matt', 'Acrylic'], ['16-03', 'Grimy Black', None, 'Matt', 'Acrylic'], ['16-04', 'Reefer Gray', '#fff', 'Matt', 'Acrylic'], ['16-05', 'Weathered Black', '#fff', 'Matt', 'Acrylic'], ['16-06', 'Antique White', '#fff', 'Matt', 'Acrylic'], ['16-07', 'Signal Red', '#fff', 'Matt', 'Acrylic'], ['16-08', 'Gloss Red', '#fff', 'Gloss', 'Acrylic'], ['16-10', 'Reefer Yellow', '#fff', 'Matt', 'Acrylic'], ['16-13', 'Dark Tuscan Oxide Red', '#fff', 'Matt', 'Acrylic'], ['16-15', 'Maroon Tuscan Oxide Red', '#fff', 'Matt', 'Acrylic'], ['16-20', 'Super Gloss Black', '#fff', 'Gloss', 'Acrylic'], ['16-25', 'UP Harbor Mist Gray', '#fff', 'Matt', 'Acrylic'], ['16-28', 'NYC Grey Light 1', '#303f38', 'Matt', 'Acrylic'], ['16-39', 'SP Lettering Gray', '#fff', 'Matt', 'Acrylic'], ['16-45', 'Milwaukee Brown', '#fff', 'Matt', 'Acrylic'], ['16-49', 'CSX Blue', '#fff', 'Matt', 'Acrylic'], ['16-53', 'Erie Lack. Maroon', '#fff', 'Matt', 'Acrylic'], ['16-54', 'Rail Box Yellow', '#fff', 'Matt', 'Acrylic'], ['16-57', 'Soo Line Red', '#fff', 'Matt', 'Acrylic'], ['16-64', 'GN Orange', '#fff', 'Matt', 'Acrylic'], ['16-65', 'GN Green', '#fff', 'Matt', 'Acrylic'], ['16-70', 'CSX Gray', '#fff', 'Matt', 'Acrylic'], ['16-71', 'Wisconsin Central Maroon', '#481923', 'Matt', 'Acrylic'], ['16-76', 'D&H Blue', '#0e47a1', 'Matt', 'Acrylic'], ['16-91', 'Bomber Green - FSC 34159', '#fff', 'Matt', 'Acrylic'], ['16-92', 'S.A.C. Bomber Green FSC 34201', '#fff', 'Matt', 'Acrylic'], ['16-93', 'Bomber Blue FSC 35177', '#fff', 'Matt', 'Acrylic'], ['16-94', 'Field Drab FSC 30118', '#fff', 'Matt', 'Acrylic'], ['16-95', 'Green Drab FSC 34086', '#fff', 'Matt', 'Acrylic'], ['16-96', 'Olive Drab FSC 34097', '#fff', 'Matt', 'Acrylic'], ['16-97', 'Camouflage Gray FSC 36622', '#fff', 'Matt', 'Acrylic'], ['16-98', 'Camouflage Brown FSC 32015', '#fff', 'Matt', 'Acrylic'], ['16-99', 'Flat Dull Gray - FSC 36440', '#fff', 'Matt', 'Acrylic'], ['16-100', 'European Dark Green FSC 34092', '#fff', 'Matt', 'Acrylic'], ['16-101', 'Med. Field Green FSC 34095', '#fff', 'Matt', 'Acrylic'], ['16-102', 'Forest Green FSC 34127', '#fff', 'Matt', 'Acrylic'], ['16-103', 'Armor Sand FSC 30277', '#fff', 'Matt', 'Acrylic'], ['16-104', 'Dark Green FSC 34079', '#fff', 'Matt', 'Acrylic'], ['16-105', 'Medium Green FSC 34102', '#255227', 'Matt', 'Acrylic'], ['16-106', 'Gloss Black', '#fff', 'Gloss', 'Acrylic'], ['16-107', 'Gloss White', '#fff', 'Gloss', 'Acrylic'], ['16-108', 'Gloss Red', '#fff', 'Gloss', 'Acrylic'], ['16-109', 'Gloss Orange', '#fff', 'Gloss', 'Acrylic'], ['16-110', 'Gloss Blue', '#fff', 'Gloss', 'Acrylic'], ['16-111', 'Gloss Green', '#fff', 'Gloss', 'Acrylic'], ['16-112', 'Gloss Yellow', '#fff', 'Gloss', 'Acrylic'], ['16-113', 'Gloss Brown', '#fff', 'Gloss', 'Acrylic'], ['16-114', 'Gloss Silver', '#fff', 'Gloss', 'Acrylic'], ['16-115', 'Midnight Blue', '#fff', None, 'Acrylic'], ['16-116', 'Deep Red', '#fff', None, 'Acrylic'], ['16-117', 'Bright Orange', '#fff', None, 'Acrylic'], ['16-118', 'Sunset Yellow', '#fff', None, 'Acrylic'], ['16-119', 'Flat Black', '#fff', 'Matt', 'Acrylic'], ['16-120', 'Flat White', '#fff', 'Matt', 'Acrylic'], ['16-172', 'Rust', '#fff', 'Matt', 'Acrylic'], ['16-173', 'Mud', '#fff', 'Matt', 'Acrylic'], ['16-174', 'Earth', '#fff', 'Matt', 'Acrylic'], ['16-175', 'Rail Brown', '#fff', 'Matt', 'Acrylic'], ['16-176', 'Roof Brown', '#fff', 'Matt', 'Acrylic'], ['16-188', 'Delaware and Hudson Gray', '#fff', 'Matt', 'Acrylic'], ['16-204', 'Light Flesh', '#fff', 'Matt', 'Acrylic'], ['16-401', 'Anti-Fouling Red Oxide', '#fff', 'Matt', 'Acrylic'], ['16-410', 'Navy White', '#fff', 'Matt', 'Acrylic'], ['16-422', 'Windjammer White', '#fff', 'Matt', 'Acrylic'], ['16-423', 'Windjammer Yellow', '#fff', 'Matt', 'Acrylic'], ['16-442', 'Golden Yellow', '#fff', 'Matt', 'Acrylic'], ['16-448', '5-D Dark Gray (Early 1941)', '#fff', 'Matt', 'Acrylic']], 'Model Master': [['1503E', 'Red', '#fff', 'Gloss', 'Enamel'], ['1508E', 'Light Blue', '#48b8e0', 'Gloss', 'Enamel'], ['1510E', 'Blue Gloss', '#fff', 'Gloss', 'Enamel'], ['1526E', 'Flat Light Blue', '#fff', 'Matt', 'Enamel'], ['1540E', 'Brown', '#fff', 'Gloss', 'Enamel'], ['1546E', 'Silver', '#fff', 'Metallic', 'Enamel'], ['1550E', 'Flat Red', '#fff', 'Matt', 'Enamel'], ['1569E', 'Flat Yellow', '#fff', 'Matt', 'Enamel'], ['1583E', 'Rubber', '#fff', 'Matt', 'Enamel'], ['1590', 'Fire Red', '#fff', 'Gloss', 'Enamel'], ['1708E', 'Insignia Yellow Flat FS33538', '#ffb700', 'Matt', 'Enamel'], ['1710E', 'Dark Green', '#fff', 'Matt', 'Enamel'], ['1711E', 'Olive Drab', '#fff', 'Matt', 'Enamel'], ['1716E', 'Pale Green Flat', '#839d6e', 'Matt', 'Enamel'], ['1720E', 'Intermediate blue', '#fff', 'Matt', 'Enamel'], ['1744E', 'Gold', '#c7ac77', 'Metallic', 'Enamel'], ['1745E', 'Insignia White', '#fff', 'Gloss', 'Enamel'], ['1772E', 'Blue Angel Blue', '#fff', 'Gloss', 'Enamel'], ['1780E', 'Steel', '#fff', 'Metallic', 'Enamel'], ['1781E', 'Aluminium', '#abacb0', 'Metallic', 'Enamel'], ['1795E', 'Gun Metal', '#fff', 'Metallic', 'Enamel'], ['2702E', 'Artic Blue Metallic', '#fff', 'Metallic', 'Enamel'], ['2715E', 'French Blue Gloss', '#fff', 'Gloss', 'Enamel'], ['2720E', 'Classic White', '#fff', 'Gloss', 'Enamel'], ['2730', 'Chrysler Engine Blue', None, 'Gloss', 'Enamel'], ['2736', 'Clear Top Coat', '#ffffff', 'Gloss', 'Enamel'], ['2737E', 'Gray Primer', '#fff', 'Matt', 'Enamel'], ['2780', 'High Gloss Clear', '#fff', 'Gloss', 'Enamel'], ['17925', 'Gloss White', '#fff', 'Gloss', 'Enamel'], ['1233', 'Flat Light Aircraft Gray', '#fff', 'Matt', 'Enamel'], ['1245', 'Gloss White', '#fff', 'Matt', 'Enamel'], ['1260', 'Dull Cote', '#fff', 'Matt', 'Enamel'], ['1261', 'Gloss Cote', '#fff', 'Gloss', 'Enamel'], ['1451', 'Aluminum Plate (Buffing Metalizer)', '#fff', 'Metallic', 'Enamel'], ['1730', 'FS 36440 Flat Gull Gray', '#b6b5b0', 'Matt', 'Enamel'], ['1910', 'Dark Green FS34079', '#fff', 'Matt', 'Enamel'], ['1911', 'Flat Olive Drab', '#fff', 'Matt', 'Enamel'], ['1913', 'Medium Green FS34102', '#fff', 'Matt', 'Enamel'], ['1917', 'Dark Sea Blue FS15042', None, 'Gloss', 'Enamel'], ['1920', 'Intermediate Blue', '#fff', 'Matt', 'Enamel'], ['1923', 'Gunship Gray FS36118', '#505e67', 'Matt', 'Enamel'], ['1926', 'Light Sea Gray', '#fff', 'Matt', 'Enamel'], ['1929', 'Gloss Gill Gray', '#fff', 'Gloss', 'Enamel'], ['1930', 'Flat Gull Gray', '#fff', 'Matt', 'Enamel'], ['1933', 'Camouflage Gray', None, 'Matt', 'Enamel'], ['1942', 'Dark Tan FS30219', '#a1836c', 'Matt', 'Enamel'], ['1947', 'Gloss Black FS17038', '#fff', 'Gloss', 'Enamel'], ['1949', 'Flat Black FS37038', '#fff', 'Matt', 'Enamel'], ['1954', 'Light Earth FS30140', '#fff', 'Matt', 'Enamel'], ['1955', 'Afrika Mustard FS30266', '#fff', 'Matt', 'Enamel'], ['1963', 'Modern Desert Sand FS33722', '#caac84', 'Matt', 'Enamel'], ['1972', 'Blue Angel Blue FS15050', '#fff', 'Gloss', 'Enamel'], ['1994', 'Navy Aggressor Gray', '#fff', 'Matt', 'Enamel'], ['2905', 'Burgundy Red Metallic', '#fff', 'Gloss', 'Enamel'], ['2913', 'Black Metallic', '#fff', 'Metallic', 'Enamel'], ['2916', 'British Green Metallic', '#fff', 'Gloss', 'Enamel'], ['2919', 'Italian Red', None, 'Gloss', 'Enamel'], ['2920', 'Classic White', '#fff', 'Gloss', 'Enamel'], ['2921', 'Gloss Classic Black', '#fff', 'Gloss', 'Enamel'], ['2922', 'Champagn Gold Metallic', '#fff', 'Metallic', 'Enamel'], ['2936', 'High Gloss Clearcoat', '#fff', 'Gloss', 'Enamel'], ['2938', 'Racing Orange', '#fff', 'Gloss', 'Enamel'], ['2941', 'Fifties Pink', '#fff', 'Gloss', 'Enamel'], ['2944', 'Gloss Pearl Clearcoat', '#fff', 'Gloss', 'Enamel'], ['2945', 'Turquoise Metallic', '#fff', 'Metallic', 'Enamel'], ['2948', 'White Primer', '#fff', 'Matt', 'Enamel'], ['2977C', 'Lime Pearl - Gloss', '#fff', 'Gloss', 'Enamel'], ['2978', 'Pearl Yellow / Jaune Nacre / Amarillo Perla (Spray)', '#fff', 'Gloss', 'Enamel'], ['290205', 'Artic Blue Metallic', '#fff', 'Metallic', 'Enamel'], ['291002', 'Gloss Sand Beige', '#fff', 'Gloss', 'Enamel'], ['296207', 'Semi-Gloss Black', '#fff', 'Satin', 'Enamel'], ['297006', 'Go Mango', '#fff', 'Gloss', 'Enamel'], ['FS36081', 'Euro 1 Gray', None, 'Matt', 'Enamel'], ['1561', 'KLARLACK', '#fff', 'Gloss', 'Enamel'], ['1789', 'Airbrush Thinner', '#fff', 'Thinners', 'Enamel'], ['1409', 'Sealer for Metalizer', '#fff', None, 'Enamel'], ['1419', 'Thinner for Metalizer (airbrush only)', None, 'Thinners', 'Enamel'], ['1169', 'Flat Yellow', '#f4c515', 'Matt', 'Enamel'], ['1170', 'Flat Light Tan', '#e2a37a', 'Matt', 'Enamel'], ['1265', 'Olive Drab', '#fff', 'Matt', 'Enamel'], ['1423', 'Gunmetal Metalizer (non-buffing)', '#fff', 'Metallic', 'Enamel'], ['1479', 'Thinner For Metalizer', '#fff', 'Thinners', 'Enamel'], ['1501', 'Rouge Cerise', '#fff', 'Gloss', 'Enamel'], ['1502', 'Garnet Pearl', '#fff', 'Gloss', 'Enamel'], ['1503', 'Red', '#fff', 'Gloss', 'Enamel'], ['1508', 'Light Blue', '#fff', 'Gloss', 'Enamel'], ['1510', 'Blue', '#fff', 'Gloss', 'Enamel'], ['1514', 'Yellow', '#fcbe2b', 'Gloss', 'Enamel'], ['1516', 'Skin Tone', '#ecbd77', 'Matt', 'Enamel'], ['1524', 'Signal Green', '#46bc55', 'Gloss', 'Enamel'], ['1527', 'Orange', '#f88727', 'Gloss', 'Enamel'], ['1533', 'Light Brown', '#7a564a', 'Satin', 'Enamel'], ['1540', 'Brown', '#4f1e1e', 'Satin', 'Enamel'], ['1550', 'Flat Red', '#b51636', 'Matt', 'Enamel'], ['1551', 'Copper', '#d1936e', 'Gloss', 'Enamel'], ['1556', 'Thinner', '#fff', 'Thinners', 'Enamel'], ['1562', 'Flat Light Blue', '#284c70', 'Matt', 'Enamel'], ['1567', 'Flat Tan', '#bb8f74', 'Matt', 'Enamel'], ['1569', 'Flat Yellow', '#fcbe2b', 'Matt', 'Enamel'], ['1571', 'Flat Green', '#3d3f34', 'Matt', 'Enamel'], ['1583', 'Rubber', '#60442e', 'Matt', 'Enamel'], ['1584', 'Chromate', '#e1d42d', 'Matt', 'Enamel'], ['1591', 'Olive Green', '#fff', 'Matt', 'Enamel'], ['1592', 'BLACK GRAY RAL 7021', '#fff', 'Matt', 'Enamel'], ['1593', 'Semigloss Red', '#fff', 'Satin', 'Enamel'], ['1594', 'Semigloss Blue', '#2b83a7', 'Satin', 'Enamel'], ['1595', 'Semigloss Orange', '#ff7b00', 'Satin', 'Enamel'], ['1596', 'Semigloss White', '#fff', 'Satin', 'Enamel'], ['1597', 'Semi Gloss Black', '#fff', 'Satin', 'Enamel'], ['1701', 'Military Brown', '#935236', 'Matt', 'Enamel'], ['1701E', 'Military Brown FS30117', '#fff', 'Matt', 'Enamel'], ['1702', 'FS 30118 Field Drab', '#7b694e', 'Matt', 'Enamel'], ['1702', 'Field Drab', '#6f7223', 'Matt', 'Enamel'], ['1704', 'Armor Sand FS30277', '#a59353', 'Matt', 'Enamel'], ['1705', 'Insignia Red FS31136', '#b2122c', 'Matt', 'Enamel'], ['1706', 'Sand FS33531', '#dfc896', 'Matt', 'Enamel'], ['1707', 'Chrome Yellow FS13538', '#fdd01b', 'Matt', 'Enamel'], ['1708', 'Insigna Yellow FS 33538', '#fecd11', 'Matt', 'Enamel'], ['1709', 'Radome Tan FS33613', '#f3d8a0', 'Matt', 'Enamel'], ['1710', 'Dark Green FS34079', '#3e4e27', 'Matt', 'Enamel'], ['1711', 'Olive Drab FS34087', '#5f5c31', 'Matt', 'Enamel'], ['1712', 'Field Green FS 34097', '#636a51', 'Matt', 'Enamel'], ['1713', 'Medium Green FS34102', '#48674a', 'Matt', 'Enamel'], ['1714', 'Forest Green FS34127', '#505d2f', 'Matt', 'Enamel'], ['1715', 'Interior Green FS34151', '#707428', 'Matt', 'Enamel'], ['1716', 'Pale Green FS34227', '#98fb98', 'Matt', 'Enamel'], ['1717', 'Dark Sea Blue FS15042', '#1c3e59', 'Gloss', 'Enamel'], ['1718', 'Non-Specular Sea Blue', '#0d3b5c', 'Matt', 'Enamel'], ['1718', 'Flat Sea Blue FS35042', '#0d3b5c', 'Matt', 'Enamel'], ['1719', 'Insignia Blue', '#3b4f67', 'Matt', 'Enamel'], ['1720', 'FS 35164 Intermediate Blue', '#6f7c8a', 'Matt', 'Enamel'], ['1721', 'Medium Gray (FS35237)', '#657279', 'Matt', 'Enamel'], ['1722', 'Duck Egg Blue FS35622', '#b9d5d4', 'Matt', 'Enamel'], ['1723', 'FS 36118 Gunship Gray', '#676c73', 'Matt', 'Enamel'], ['1725', 'Neutral Gray FS36270', '#8a959b', 'Matt', 'Enamel'], ['1726', 'Light Sea Grey', '#d3d3d3', 'Matt', 'Enamel'], ['1728', 'Light Ghost Gray - (FS36375)', '#c9cacc', 'Matt', 'Enamel'], ['1729', 'Gloss Gull Grey (FS16440)', '#d7d8d2', 'Gloss', 'Enamel'], ['1730', 'Flat Gull Gray FS36440', '#cbc9bd', 'Matt', 'Enamel'], ['1731', 'Aircraft Gray FS16473', '#c6cdc6', 'Gloss', 'Enamel'], ['1732', 'Light Gray FS36495', '#d9e2dd', 'Matt', 'Enamel'], ['1733', 'FS 36622 Camouflage Gray', '#d4d0c7', 'Matt', 'Enamel'], ['1734', 'Green Zinc Chromate', '#699734', 'Matt', 'Enamel'], ['1735', 'Wood', '#c48e48', 'Matt', 'Enamel'], ['1736', 'Leather', '#623106', 'Matt', 'Enamel'], ['1737', 'Decal Set', '#fff', None, 'Enamel'], ['1740', 'Dark Gull Gray FS36231', '#a2a793', 'Matt', 'Enamel'], ['1741', 'Dark Ghost Grey', '#b7bcc2', 'Matt', 'Enamel'], ['1742', 'FS 30219 Dark Tan', '#a1836c', 'Matt', 'Enamel'], ['1744', 'Gold', '#daa861', 'Metallic', 'Enamel'], ['1745', 'Insignia White FS17875', '#ffffff', 'Gloss', 'Enamel'], ['1747', 'Gloss Black', '#444041', 'Gloss', 'Enamel'], ['1749', 'Flat Black FS37038', '#272322', 'Matt', 'Enamel'], ['1749E', 'Flat Black FS37038', '#2d2928', 'Matt', 'Enamel'], ['1750', 'PANZER GRAY', '#fff', 'Matt', 'Enamel'], ['1754', 'Light Earth', '#7f673b', 'Matt', 'Enamel'], ['1755', 'Afrika Mustard', '#e1ad01', 'Matt', 'Enamel'], ['1764', 'European Dark Green (FS34092)', '#45603f', 'Matt', 'Enamel'], ['1768', 'Flat White FS37875', '#ffffff', 'Matt', 'Enamel'], ['1772', 'Blue Angel Blue FS15050', '#265372', 'Gloss', 'Enamel'], ['1775', 'Fluorescent Red FS28915', '#ef4934', 'Fluo', 'Enamel'], ['1780', 'Steel', '#b4c3c8', 'Metallic', 'Enamel'], ['1781', 'Aluminum', '#abacb0', 'Metallic', 'Enamel'], ['1782', 'Bright Brass', '#d4b646', 'Metallic', 'Enamel'], ['1785', 'Rust', '#745042', 'Matt', 'Enamel'], ['1786', 'Medium Field Green FS34095', '#4c5e2e', 'Matt', 'Enamel'], ['1787', 'Green Drab FS34086', '#4d4c30', 'Matt', 'Enamel'], ['1788', 'FS 36081 Euro I Gray', '#5b5e5f', 'Matt', 'Enamel'], ['1790', 'Chrome Silver FS17178', '#9b9d9f', 'Metallic', 'Enamel'], ['1791', 'Navy Gloss Gray', '#5b5e5f', 'Gloss', 'Enamel'], ['1792', 'SAC Bomber Tan FS34201', '#787457', 'Matt', 'Enamel'], ['1793', 'SAC Bomber Green FS34159', '#585e50', 'Matt', 'Enamel'], ['1794', 'Navy Aggressor Gray FS36251', '#999287', 'Matt', 'Enamel'], ['1795', 'Gun Metal', '#1b1f28', 'Metallic', 'Enamel'], ['1796', 'Jet Exhaust', '#85775a', 'Matt', 'Enamel'], ['2001', 'Skin Tone Tint Base-Light', '#e6bc7f', 'Matt', 'Enamel'], ['2002', 'Skin Tone Tint Base Dark', '#4e4f30', 'Matt', 'Enamel'], ['2003', 'Skin Tone Warm Tint', '#cb644b', 'Matt', 'Enamel'], ['2004', 'Skin Tone Shadow Tint', '#7f6437', 'Matt', 'Enamel'], ['2005', 'Burnt Umber', '#7d5c4e', 'Matt', 'Enamel'], ['2006', 'Raw Umber', '#553d39', 'Matt', 'Enamel'], ['2007', 'Burnt Sienna', '#563d39', 'Matt', 'Enamel'], ['2008', 'Raw Sienna', '#d68a59', 'Matt', 'Enamel'], ['2009', 'British Crimson', '#7c2a05', 'Matt', 'Enamel'], ['2010', 'Piping Pink', '#e9b5cb', 'Matt', 'Enamel'], ['2011', 'Cadmium Yellow Light (F)', '#fff', 'Matt', 'Enamel'], ['2012', 'Cobalt Blue', '#0087cc', 'Matt', 'Enamel'], ['2013', 'Napoleonic Violet', '#837dbb', 'Matt', 'Enamel'], ['2014', 'German Uniform Feld Grau', '#fff', 'Matt', 'Enamel'], ['2015', 'French Dark Blue Gray', '#fff', 'Matt', 'Enamel'], ['2019', 'Copper Semi Gloss', '#bb5d37', 'Metallic', 'Enamel'], ['2021', 'Tan', '#d89768', 'Satin', 'Enamel'], ['2022', 'International Orange', None, 'Gloss', 'Enamel'], ['2023', 'Blue Angel Yellow', '#fbd010', 'Gloss', 'Enamel'], ['2024', 'US Army Helo Drab FS34031', '#525451', 'Matt', 'Enamel'], ['2025', 'Marine Corps Green', '#093c2d', 'Matt', 'Enamel'], ['2026', 'Dark Drab', '#fff', 'Matt', 'Enamel'], ['2027', 'Dark Green (B-52)', '#4a5721', 'Matt', 'Enamel'], ['2028', 'Willow Green FS14187', '#549338', 'Gloss', 'Enamel'], ['2029', 'Green FS34258', '#7b885d', 'Matt', 'Enamel'], ['2030', 'True Blue FS15102', '#023457', 'Gloss', 'Enamel'], ['2031', 'Blue FS35109', '#365873', 'Matt', 'Enamel'], ['2032', 'Bright Blue', '#fff', 'Gloss', 'Enamel'], ['2033', 'Blue FS35414', '#b0c6b1', 'Matt', 'Enamel'], ['2034', 'Engine Gray FS36076', '#52534b', 'Matt', 'Enamel'], ['2035', 'AMC Gray FS36173', '#757e7b', 'Matt', 'Enamel'], ['2036', 'Dark Gray F-15 FS36176', '#a9a9a9', 'Matt', 'Enamel'], ['2037', 'Flint Gray FS36314', '#b5b8a1', 'Matt', 'Enamel'], ['2038', 'Light Gray FS36492', '#9aa39e', 'Matt', 'Enamel'], ['2038', 'AMC Gray FS36173', '#9aa39e', 'Matt', 'Enamel'], ['2039', 'Canada Voodoo Grey', '#d4d4cc', 'Gloss', 'Enamel'], ['2040', 'Aircraft Interior Black FS37031', '#262223', 'Matt', 'Enamel'], ['2041', 'Fluorescent Red Orange FS28913', '#fff', 'Satin', 'Enamel'], ['2048', 'RAF Azure Blue (ANA 609)', '#7499b6', 'Matt', 'Enamel'], ['2049', 'RAF Sky "Type S" (ANA 610)', '#b3bba3', 'Matt', 'Enamel'], ['2050', 'Olive Drab Ana 613', '#575644', 'Matt', 'Enamel'], ['2051', 'Faded Olive Drab', '#6e6f4f', 'Matt', 'Enamel'], ['2052', 'RAF Middlestone (ANA 615)', '#95803d', 'Matt', 'Enamel'], ['2053', 'Sand (ANA 616)', '#f2d3a4', 'Matt', 'Enamel'], ['2054', 'Dark Earth (ANA 617)', '#6d6c40', 'Matt', 'Enamel'], ['2055', 'Navy Blue Gray', '#728488', 'Matt', 'Enamel'], ['2056', 'RAF Dark Slate Grey', '#585e2e', 'Matt', 'Enamel'], ['2057', 'RAF Ocean Grey', '#52676a', 'Matt', 'Enamel'], ['2058', 'RAF Medium Sea Grey', '#babebd', 'Matt', 'Enamel'], ['2059', 'RAF Dark Sea Grey', '#4f5d66', 'Matt', 'Enamel'], ['2060', 'RAF Dark Green', '#6e6c45', 'Matt', 'Enamel'], ['2061', 'RAF P.R.U. Blue', '#fff', 'Matt', 'Enamel'], ['2062', 'RAF Interior Green', '#798f61', 'Matt', 'Enamel'], ['2063', 'RAF Trainer Yellow', '#eab540', 'Gloss', 'Enamel'], ['2071', 'Grau RLM 02', '#7f816b', 'Satin', 'Enamel'], ['2072', 'Gelb RLM 04', '#fdbe1a', 'Satin', 'Enamel'], ['2073', 'Rot RLM 23', '#c6152f', 'Satin', 'Enamel'], ['2074', 'Dunkelblau RLM 24', '#0d375d', 'Satin', 'Enamel'], ['2075', 'Dunkelbraun RLM 61', '#514f36', 'Satin', 'Enamel'], ['2076', 'Gr├╝n RLM 62', '#4f5d2c', 'Satin', 'Enamel'], ['2077', 'Lichtgrau RLM 63', '#cacbcd', 'Satin', 'Enamel'], ['2078', 'Hellblau RLM 65', '#a3ac9b', 'Satin', 'Enamel'], ['2079', 'Schwarzgrau RLM 66', '#585a4f', 'Matt', 'Enamel'], ['2080', 'Schwarzgrun RLM 70', '#56594e', 'Satin', 'Enamel'], ['2081', 'Dunkelgrun RLM 71', '#374b26', 'Satin', 'Enamel'], ['2082', 'Grun RLM 72', '#323d3a', 'Satin', 'Enamel'], ['2083', 'Gr├╝n RLM 73', '#585743', 'Satin', 'Enamel'], ['2084', 'Graugrun RLM 74', '#55594b', 'Satin', 'Enamel'], ['2085', 'Grauviolett RLM 75', '#575548', 'Satin', 'Enamel'], ['2086', 'Lichtblau RLM 76', '#8ea0aa', 'Satin', 'Enamel'], ['2087', 'Hellblau RLM 78', '#96b0b1', 'Satin', 'Enamel'], ['2088', 'Sandgelb RLM 79', '#a0914e', 'Satin', 'Enamel'], ['2089', 'Olivgrun RLM 80', '#9c8947', 'Satin', 'Enamel'], ['2090', 'Braunviolett RLM 81', '#625f45', 'Satin', 'Enamel'], ['2091', 'Dunkelgrun RLM 82', '#57594c', 'Satin', 'Enamel'], ['2092', 'Lichtgrun RLM 83', '#63713c', 'Satin', 'Enamel'], ['2094', 'Panzer Schwarzgrau (RAL 7021)', '#56594f', 'Matt', 'Enamel'], ['2095', 'Panzer Dunkelgelb 1943', '#a9994c', 'Matt', 'Enamel'], ['2096', 'Panzer Schokoladenbraun 1943', '#362f25', 'Matt', 'Enamel'], ['2097', 'Panzer Olivegrun', '#476241', 'Matt', 'Enamel'], ['2098', 'Afrika Khakibraun (RAL 7008)', '#7f764c', 'Matt', 'Enamel'], ['2099', "Afrika Grunbraun '41 (RAL 8000)", '#8e7d45', 'Matt', 'Enamel'], ['2100', 'Signalbraun', '#7e4204', 'Matt', 'Enamel'], ['2101', 'Anthracitgrau (RAL 7016)', '#46534c', 'Matt', 'Enamel'], ['2102', 'Afrika Braun 1942 RAL 8020', '#b6915c', 'Matt', 'Enamel'], ['2103', 'Dunkelgrau (RAL 7027)', '#95804a', 'Matt', 'Enamel'], ['2104', 'Panzer Interior Buff', '#f7e0b6', 'Matt', 'Enamel'], ['2105', 'French Dark Blue Gray', '#99a099', 'Matt', 'Enamel'], ['2106', 'French Khaki', '#706c3d', 'Matt', 'Enamel'], ['2107', 'French Chestnut', '#4d423e', 'Matt', 'Enamel'], ['2108', 'French Earth Brown', '#8d6a4a', 'Matt', 'Enamel'], ['2109', 'French Light Blue Gray', '#71918c', 'Matt', 'Enamel'], ['2110', 'Italien Sand', '#fff', 'Matt', 'Enamel'], ['2111', 'Italian Dark Brown', '#594d3d', 'Matt', 'Enamel'], ['2112', 'Italien Olive Green', '#fff', 'Matt', 'Enamel'], ['2113', 'Italian Blue Gray', '#fff', 'Matt', 'Enamel'], ['2114', 'Imperial Japanese Army Green', '#787c63', 'Matt', 'Enamel'], ['2115', 'Imperial Japanese Army Lt. Gray', '#c1cdc3', 'Satin', 'Enamel'], ['2116', 'Imperial Japanese Navy Green', '#0c3c26', 'Gloss', 'Enamel'], ['2117', 'Imperial Japanese Navy Sky Gray', '#acb1aa', 'Gloss', 'Enamel'], ['2118', 'Deep Yellow', '#fff', 'Matt', 'Enamel'], ['2119', 'Interior Metallic Blue', '#649494', 'Satin', 'Enamel'], ['2120', 'Russian Topside Gray', '#babbb3', 'Matt', 'Enamel'], ['2121', 'Russian Underside Gray', '#fff', 'Matt', 'Enamel'], ['2122', 'Russian Topside Green', '#3b4b24', 'Matt', 'Enamel'], ['2123', 'Russian Underside Blue', '#889ca5', 'Matt', 'Enamel'], ['2124', 'Russian Earth Brown', '#625930', 'Matt', 'Enamel'], ['2125', 'Russian Earth Gray', '#505244', 'Matt', 'Enamel'], ['2126', 'Russian Topside Blue', '#95b8cc', 'Matt', 'Enamel'], ['2127', 'Russian Marker Red', '#fff', 'Matt', 'Enamel'], ['2128', 'MARKER YELLOW', '#fff', 'Matt', 'Enamel'], ['2129', 'Russian Armor Green', '#405931', 'Matt', 'Enamel'], ['2130', 'USSR Flanker Pale Blue', '#c0d8da', 'Matt', 'Enamel'], ['2131', 'USSR Flanker Medium Blue', '#92c4db', 'Satin', 'Enamel'], ['2132', 'Russian Flanker Blue/Gray (SG)', '#627e8a', 'Satin', 'Enamel'], ['2133', 'USSR Fulcrum Gray', '#cbc7bc', 'Matt', 'Enamel'], ['2134', 'USSR Fulcrum Gray/Green', '#b1c5c3', 'Matt', 'Enamel'], ['2135', 'Interior Blue/Green', '#5a998e', 'Matt', 'Enamel'], ['2136', 'US Army/Marines Gulf Armor Sand', '#c0a66d', 'Matt', 'Enamel'], ['2137', 'British Gulf Armor Light Stone', '#c7a25e', 'Matt', 'Enamel'], ['2138', 'Israeli Armor Sand Gray', '#fff', 'Matt', 'Enamel'], ['2142', 'Flat White FS37925', '#ffffff', 'Matt', 'Enamel'], ['2143', 'Weiss RLM 21', '#ffffff', 'Satin', 'Enamel'], ['2144', 'Gloss White FS17925', '#fff', 'Gloss', 'Enamel'], ['2147', 'Olive Drab', '#4d4d36', 'Matt', 'Enamel'], ['2148', 'Fieldgrau', '#fff', 'Matt', 'Enamel'], ['2149', 'Olivgrun', '#fff', 'Matt', 'Enamel'], ['2150', 'Track Brown', '#fff', 'Matt', 'Enamel'], ['2151', 'OILED STEEL', '#fff', 'Metallic', 'Enamel'], ['2152', 'Rotbraun', '#681c0c', 'Satin', 'Enamel'], ['2153', 'Natural Haze Gray USN - Semi-Gloss', '#fff', 'Gloss', 'Enamel'], ['2154', '5-P Pale Blue Gray USN (SG)', '#fff', 'Gloss', 'Enamel'], ['2155', '5-L Light Gray USN - Semi-Gloss', '#fff', 'Gloss', 'Enamel'], ['2156', '5-H Haze Gray USN - Semi-Gloss', '#fff', 'Gloss', 'Enamel'], ['2157', '5-O Ocean Gray USN - Semi-Gloss', '#fff', 'Gloss', 'Enamel'], ['2158', '5-N Navy Blue USN - Semi-Gloss', '#fff', 'Gloss', 'Enamel'], ['2159', '20-B Weather Deck Blue USN - Semi-Gloss', '#fff', 'Gloss', 'Enamel'], ['2160', 'RAL 7001 Hellgrau 50 KMS - Semi-Gloss', '#fff', 'Gloss', 'Enamel'], ['2161', 'RAL 7000 Dunkelgrau 51 KMS - Semi-Gloss', '#fff', 'Gloss', 'Enamel'], ['2162', 'Dunkelblaugrau KMS - Semi-Gloss', '#2d3a40', 'Gloss', 'Enamel'], ['2163', 'RAL 7038 Hellblaugrau KMS - Semi-Gloss', '#fff', 'Gloss', 'Enamel'], ['2164', 'RAL 7001-7038 Mittleblaugrau KMS - Semi-Gloss', '#fff', 'Gloss', 'Enamel'], ['2165', 'Hull Red Schiffsbodenfarbe', '#fff', 'Matt', 'Enamel'], ['2166', 'Sasebo Navel Arsenal IJN - Semi-Gloss', '#fff', 'Gloss', 'Enamel'], ['2167', 'Kure Naval Arsenal IJN - Semi-Gloss', '#fff', 'Gloss', 'Enamel'], ['2168', 'Maizuru Naval Arsenal IJN - Semi-Gloss', '#fff', 'Gloss', 'Enamel'], ['2169', '507 A Dark Gray R.N. - Semi-Gloss', '#fff', 'Gloss', 'Enamel'], ['2170', '507 C Light Gray R.N. - Semi-Gloss', '#fff', 'Gloss', 'Enamel'], ['2171', '507 B Mid Gray R.N. - Semi-Gloss', '#fff', 'Gloss', 'Enamel'], ['2173', 'Tricolor Green NATO', '#324227', 'Matt', 'Enamel'], ['2174', 'Tricolor Brown NATO', '#59493e', 'Matt', 'Enamel'], ['2175', 'Gelboliv RAL 6014 NATO', '#474135', 'Matt', 'Enamel'], ['2177', 'Light Rust', '#d99647', 'Satin', 'Enamel'], ['2180', 'Rust #1 Detail Stain', '#fff', 'Matt', 'Enamel'], ['2182', 'Oil & Grease Detail Stain', '#fff', 'Matt', 'Enamel'], ['2183', 'Natural Detail Stain', '#fff', 'Matt', 'Enamel'], ['2701', 'Silver Blue', '#fff', 'Metallic', 'Enamel'], ['2702', 'Arctic Blue Metallic', '#447aa0', 'Metallic', 'Enamel'], ['2703', 'Copenhagen Blue Metal', '#fff', 'Gloss', 'Enamel'], ['2704', 'Kiln Red Metallic', '#fff', 'Metallic', 'Enamel'], ['2705', 'Burgundy Red Metallic', '#fff', 'Gloss', 'Enamel'], ['2706', 'Platinum Metallic', '#fff', 'Metallic', 'Enamel'], ['2707', 'Sable Brown Metallic', '#fff', 'Gloss', 'Enamel'], ['2708', 'Manganese Brown Metallic', '#fff', 'Gloss', 'Enamel'], ['2709', 'Light Ivory', '#fff', 'Matt', 'Enamel'], ['2710', 'Sand Beige', '#fff', 'Gloss', 'Enamel'], ['2711', 'Anthracite Gray Metallic', '#fff', 'Metallic', 'Enamel'], ['2712', 'Graphite Metallic', None, 'Metallic', 'Enamel'], ['2713', 'Black Metallic', '#1d1815', 'Metallic', 'Enamel'], ['2714', 'German Silver Metallic', '#d4d5d0', 'Metallic', 'Enamel'], ['2715', 'French Blue', '#0167a5', 'Gloss', 'Enamel'], ['2716', 'British Green Metallic', '#fff', 'Metallic', 'Enamel'], ['2717', 'Bright Yellow', '#fff', 'Gloss', 'Enamel'], ['2718', 'Guards Red', '#da201b', 'Matt', 'Enamel'], ['2719', 'Italian Red', '#e41b23', 'Gloss', 'Enamel'], ['2720', 'Classic White', '#fdfdfd', 'Gloss', 'Enamel'], ['2721', 'Classic Black', '#080808', 'Gloss', 'Enamel'], ['2722', 'Champagne Gold Metallic', '#fff', 'Matt', 'Enamel'], ['2723', 'Turn Signal Amber Metallic', '#fdaf11', 'Metallic', 'Enamel'], ['2724', 'Stop Light Red Metallic', '#fff', 'Metallic', 'Enamel'], ['2725', 'Header Flat White', '#fff', 'Matt', 'Enamel'], ['2726', 'Ford Engine Blue', '#005c92', 'Matt', 'Enamel'], ['2727', 'Ford & GM Engine Blue', '#fff', 'Matt', 'Enamel'], ['2728', 'Pontiac Engine Blue Metallic', None, 'Metallic', 'Enamel'], ['2729', 'Olds Engine Blue', '#0383b0', 'Gloss', 'Enamel'], ['2730', 'Chrysler Engine Blue', '#fff', 'Gloss', 'Enamel'], ['2731', 'Chevrolet Engine Red', '#fd0100', 'Gloss', 'Enamel'], ['2732', 'Chrysler Engine Red', '#fff', 'Gloss', 'Enamel'], ['2733', 'Ford Engine Red', '#d33348', 'Gloss', 'Enamel'], ['2734', 'Silver Chrome Trim', '#cdced0', 'Metallic', 'Enamel'], ['2735', 'Black Chrome Trim', '#242021', 'Metallic', 'Enamel'], ['2736', 'Clear Top Coat', '#fff', 'Gloss', 'Enamel'], ['2737', 'Primer Gray', '#fff', 'Matt', 'Enamel'], ['2738', 'Flat Interior Tan', '#fff', 'Matt', 'Enamel'], ['2739', 'Flat Interior Gray', '#a4c7c9', 'Matt', 'Enamel'], ['2740', 'Semi Gloss Black', '#221e1d', 'Satin', 'Enamel'], ['2748', 'White Primer', '#fff', 'Matt', 'Enamel'], ['2750', 'Plum Crazy', None, 'Matt', 'Enamel'], ['2753', 'Gray Metallic', '#fff', 'Gloss', 'Enamel'], ['2755', 'Hot Magenta', '#fff', 'Gloss', 'Enamel'], ['2756', 'Turn Signal Red', '#fff', 'Gloss', 'Enamel'], ['2757', 'Panther Pink', '#fff', 'Gloss', 'Enamel'], ['2764', 'Grabber Blue', '#fff', 'Gloss', 'Enamel'], ['2765', 'Turquoise', '#fff', 'Gloss', 'Enamel'], ['2766', 'Bright Light Blue', '#fff', 'Gloss', 'Enamel'], ['2767', 'Sublime Green', None, 'Gloss', 'Enamel'], ['2768', 'Metallic Blue', '#fff', 'Metallic', 'Enamel'], ['2771', 'Blue Pearl', '#fff', 'Iridescent', 'Enamel'], ['2775', 'Bright Red pearl', '#b30000', 'Iridescent', 'Enamel'], ['2776', 'Orange Pearl', '#fff', 'Gloss', 'Enamel'], ['2777', 'Lime Pearl - Gloss', '#bfff00', 'Gloss', 'Enamel'], ['2778', 'Pearl Yellow / Jaune Nacre / Amarillo Perla', '#fff', 'Gloss', 'Enamel'], ['2779', 'Dark Green Pearl', '#fff', 'Gloss', 'Enamel'], ['2785', 'Blue Clear Flip Flop', '#fff', 'Gloss', 'Enamel'], ['2786', 'Purple Clear Flip Flop', '#fff', 'Gloss', 'Enamel'], ['2790', 'Black Detail Stain', '#fff', 'Matt', 'Enamel'], ['2914', 'Silver', '#cacbc6', 'Metallic', 'Enamel'], ['33531', 'sand', '#fff', 'Matt', 'Enamel'], ['52702', 'Kandy Scarlet (Colors By Boyd)', '#761d4b', 'Gloss', 'Enamel'], ['52704', 'Grape Pearl', '#fff', 'Gloss', 'Enamel'], ['271304', 'Black metallic', '#fff', 'Gloss', 'Enamel'], ['#900020', 'burgendy red metalic', '#fff', 'Metallic', 'Enamel'], ['Black', 'Enamel Stain', '#fff', 'Matt', 'Enamel'], ['clear', 'Clear flat finish', '#fff', 'Matt', 'Enamel'], ['fs34087', 'olive drab', '#fff', 'Matt', 'Enamel'], ['FS 34127', 'Forest Green', '#fff', 'Matt', 'Enamel'], ['1238', 'Gloss Gray', '#fff', 'Gloss', 'Enamel'], ['1452', 'Stainless Steel (Buffing Metalizer Spray)', '#d4d3cc', 'Satin', 'Enamel'], ['1454', 'Titanium (Buffing Metalizer Spray)', '#babbbf', 'Satin', 'Enamel'], ['1455', 'Gunmetal (Buffing Metalizer Spray)', '#1c2029', 'Satin', 'Enamel'], ['1911', 'Olive Drab FS34087', '#636036', 'Matt', 'Enamel'], ['1950', 'Panzer Gray', '#fff', 'Matt', 'Enamel'], ['1992', 'SAC BOMBER TAN', '#fff', 'Matt', 'Enamel'], ['1993', 'FS34159 SAC Bomber Green', '#fff', 'Matt', 'Enamel'], ['2901', 'Silver Blue Metallic', '#fff', 'Metallic', 'Enamel'], ['2904', 'Kiln Red Metallic', '#fff', 'Metallic', 'Enamel'], ['2909', 'LIGHT IVORY', '#fff', 'Matt', 'Enamel'], ['2912', 'Graphite Metallic', '#fff', 'Metallic', 'Enamel'], ['2917', 'Bright Yellow', '#fff', 'Gloss', 'Enamel'], ['2918', 'Guards Red', '#fff', 'Gloss', 'Enamel'], ['2939', 'Racing Red', '#fff', 'Gloss', 'Enamel'], ['2943', 'Bright White', '#fff', 'Gloss', 'Enamel'], ['2947', 'Deep Pearlescent Purple', '#fff', 'Gloss', 'Enamel'], ['2949', 'TRANSPARENT BLACK WINDOW TINT', '#fff', None, 'Enamel'], ['2950', 'Plum Crazy (Mopar)', '#fff', 'Metallic', 'Enamel'], ['2964', 'Grabber Blue (Ford)', '#fff', 'Gloss', 'Enamel'], ['2967', 'Sublime Green', '#fff', 'Gloss', 'Enamel'], ['2970', 'Go Mango (Mopar)', '#fff', 'Gloss', 'Enamel'], ['2971', 'Pearl Blue', '#fff', 'Metallic', 'Enamel'], ['28129', 'GTS Blue Pearl', '#fff', 'Gloss', 'Enamel'], ['30266', 'Afrika Mustard', '#fff', 'Matt', 'Enamel'], ['2770', 'Go Mango', '#e5762f', 'Gloss', 'Enamel'], ['Bright Light Purple', 'Testors', '#fff', 'Gloss', 'Enamel'], ['Purple Pearl(G)', 'Model Master', '#fff', 'Gloss', 'Enamel'], ['Sunburst', 'Testors', '#fff', 'Gloss', 'Enamel'], ['1712', 'Green', '#fff', 'Matt', 'Acrylic'], ['1249', 'Flat Black', '#2d2926', 'Matt', 'Acrylic'], ['50498', 'Dried Paint Solvent', '#fff', None, 'Acrylic'], ['4201', 'Bulwark White', '#ffffff', 'Matt', 'Acrylic'], ['4202', 'Thayer Blue', '#d8d7f0', 'Matt', 'Acrylic'], ['4203', 'Gunnel Yellow', '#f6b318', 'Matt', 'Acrylic'], ['4204', 'Deck Umber', '#a38167', 'Matt', 'Acrylic'], ['4205', 'Bulkhead Gray', '#e4e5e4', 'Matt', 'Acrylic'], ['4206', 'Midship Blue', '#215498', 'Matt', 'Acrylic'], ['4207', 'Caprail Green', '#52a18d', 'Matt', 'Acrylic'], ['4208', 'Bulwark Red', '#ee654c', 'Matt', 'Acrylic'], ['4209', 'Hull Cream', '#e5dcad', 'Matt', 'Acrylic'], ['4210', 'Verdigris', '#aeb6d8', 'Matt', 'Acrylic'], ['4211', 'Tallow Coating', '#cbbf88', 'Matt', 'Acrylic'], ['4212', 'Tar', '#231f20', 'Matt', 'Acrylic'], ['4213', 'Salmon Buff', '#c8b569', 'Matt', 'Acrylic'], ['4214', 'Yellow Ochre', '#dca958', 'Matt', 'Acrylic'], ['4215', 'Orange Ochre', '#c58c38', 'Matt', 'Acrylic'], ['4216', 'Iron', '#243c47', 'Matt', 'Acrylic'], ['4217', 'Copper', '#ca674a', 'Matt', 'Acrylic'], ['4218', 'Navy Blue AN502', '#3e6c91', 'Matt', 'Acrylic'], ['4219', 'Maritime Blue', '#3c7ca7', 'Matt', 'Acrylic'], ['4220', 'Navy Dark Grey AN513', '#59615d', 'Matt', 'Acrylic'], ['4221', 'Panama Buff AN507', '#e9c59d', 'Matt', 'Acrylic'], ['4222', 'Navy Red #40', '#d08071', 'Matt', 'Acrylic'], ['4223', 'Navy White', '#ffffff', 'Matt', 'Acrylic'], ['4224', 'Coast Guard Red AN509', '#f6837e', 'Matt', 'Acrylic'], ['4225', 'Coast Guard Orange AN508', '#f9a749', 'Matt', 'Acrylic'], ['4226', 'Sea Blue AN623', '#758fad', 'Matt', 'Acrylic'], ['4227', 'Black Boottop', '#231f20', 'Matt', 'Acrylic'], ['4228', 'Anti-fouling Red', '#af4b52', 'Matt', 'Acrylic'], ['4229', 'Deck Green AN503', '#7e9166', 'Matt', 'Acrylic'], ['4230', 'Deck Tan', '#efdeba', 'Matt', 'Acrylic'], ['4231', 'Navy Brown AN510', '#804e49', 'Matt', 'Acrylic'], ['4232', 'Navy Buff #22', '#c8b569', 'Matt', 'Acrylic'], ['4233', '#5 Standard Navy Grey (1937)', '#a7afb0', 'Matt', 'Acrylic'], ['4234', '#20/250N Flight Deck Grey', '#babec1', 'Matt', 'Acrylic'], ['4235', 'Mahogany Flight Deck (1937)', '#8d9494', 'Matt', 'Acrylic'], ['4236', '#5-L Light Grey (early 1941)', '#ced0d2', 'Matt', 'Acrylic'], ['4237', '#5-L Dark Grey (early 1941)', '#8d9494', 'Matt', 'Acrylic'], ['4238', '#5-H Haze Grey (Late 1941)', '#d3d3d3', 'Matt', 'Acrylic'], ['4239', '#5-O Ocean Grey (Late 1941)', '#909995', 'Matt', 'Acrylic'], ['4240', '#5-S Sea Blue (Late 1941)', '#758fad', 'Matt', 'Acrylic'], ['4241', '#5-N Navy Blue (Late 1941)', '#8d9dc9', 'Matt', 'Acrylic'], ['4242', 'Flight Deck Stain 21 (Late 1941)', '#a5afb0', 'Matt', 'Acrylic'], ['4243', 'Deck Blue 20B (1942)', '#c3c3c2', 'Matt', 'Acrylic'], ['4244', '#5-L Pale Grey (1943)', '#d2d4d3', 'Matt', 'Acrylic'], ['4245', '#5-L Light Grey (1943)', '#dbdcdc', 'Matt', 'Acrylic'], ['4246', '#1 Green (1944)', '#afbeb3', 'Matt', 'Acrylic'], ['4247', '#2 Green (1944)', '#94937a', 'Matt', 'Acrylic'], ['4248', '#3 Green (1944)', '#43532c', 'Matt', 'Acrylic'], ['4249', '#4 Brown (1944)', '#b09579', 'Matt', 'Acrylic'], ['4250', 'Sasebo Naval Arsenal', '#918f90', 'Matt', 'Acrylic'], ['4251', 'Kure Naval Arsenal', '#a7a6a6', 'Matt', 'Acrylic'], ['4252', 'Maizuru Naval Arsenal', '#c0c5c4', 'Matt', 'Acrylic'], ['4253', 'Yokosuka Naval Arsenal', '#b8bdbd', 'Matt', 'Acrylic'], ['4254', 'Aircraft Carrier Type 1', '#7b827d', 'Matt', 'Acrylic'], ['4255', 'Aircraft Carrier Type 2', '#8e9fac', 'Matt', 'Acrylic'], ['4256', 'Aircraft Carrier Type 21', '#c9ccc5', 'Matt', 'Acrylic'], ['4257', 'Hellgrau 50 RAL 7001 pre-war', '#d3d3d3', 'Matt', 'Acrylic'], ['4258', 'Dunkelgrau 51 RAL 7000 pre-war', '#8e9490', 'Matt', 'Acrylic'], ['4259', 'Dunkblaugrau (Norway)', '#608385', 'Matt', 'Acrylic'], ['4260', 'Mittelblaugrau (Norway)', '#8ea1ba', 'Matt', 'Acrylic'], ['4261', 'Hellblaugrau (Norway)', '#c4c9e2', 'Matt', 'Acrylic'], ['4262', 'Schnellbootweiss', '#ffffff', 'Matt', 'Acrylic'], ['4263', 'Schiffsbootfarbe III Ral 8013', '#793e2e', 'Matt', 'Acrylic'], ['4264', 'Dunkelgrau 2 (RAL 7024)', '#445d69', 'Matt', 'Acrylic'], ['4350', 'Demon Red', '#d08f76', 'Matt', 'Acrylic'], ['4351', 'Dragon Red', '#c06b52', 'Matt', 'Acrylic'], ['4352', 'Blood Red', '#b61634', 'Matt', 'Acrylic'], ['4353', 'Goblin Orange', '#d34f15', 'Matt', 'Acrylic'], ['4354', 'Pumpkin Orange', '#f57862', 'Matt', 'Acrylic'], ['4355', 'Kirin Yellow', '#f6b318', 'Matt', 'Acrylic'], ['4356', 'Sol Yellow', '#ffd533', 'Matt', 'Acrylic'], ['4357', 'Luna Yellow', '#e4d40c', 'Matt', 'Acrylic'], ['4358', 'Canine Brown', '#d59552', 'Matt', 'Acrylic'], ['4359', 'Vermin Brown', '#e9ac74', 'Matt', 'Acrylic'], ['4360', 'Bear Brown', '#604f35', 'Matt', 'Acrylic'], ['4361', 'Lizard Brown', '#a38566', 'Matt', 'Acrylic'], ['4362', 'Ogre Brown', '#c59b80', 'Matt', 'Acrylic'], ['4363', 'Sloth Brown', '#9d8e36', 'Matt', 'Acrylic'], ['4364', 'Sunburn', '#d6a175', 'Matt', 'Acrylic'], ['4365', 'Burnt Brown', '#836348', 'Matt', 'Acrylic'], ['4366', 'Ghoul Flesh', '#f0d4a9', 'Matt', 'Acrylic'], ['4367', 'Orc Flesh', '#deb28c', 'Matt', 'Acrylic'], ['4368', 'Centaur Flesh', '#e2ba98', 'Matt', 'Acrylic'], ['4369', 'Trident Pink', '#f299bf', 'Matt', 'Acrylic'], ['4370', 'Warrior Purple', '#b34c37', 'Matt', 'Acrylic'], ['4371', 'Night Purple', '#9964b9', 'Matt', 'Acrylic'], ['4372', 'Druid Blue', '#4e598f', 'Matt', 'Acrylic'], ['4373', 'Emperor Blue', '#2e447e', 'Matt', 'Acrylic'], ['4374', 'Phthalo Blue', '#4c5184', 'Matt', 'Acrylic'], ['4375', 'Savage Blue', '#293364', 'Matt', 'Acrylic'], ['4376', 'Royal Blue', '#244aa5', 'Matt', 'Acrylic'], ['4377', 'Marine Blue', '#264e6e', 'Matt', 'Acrylic'], ['4378', 'Magical Blue', '#4a54ae', 'Matt', 'Acrylic'], ['4379', 'Morning Blue', '#99dff9', 'Matt', 'Acrylic'], ['4380', 'Sky Blue', '#9b9dd7', 'Matt', 'Acrylic'], ['4381', 'Falcon Turquoise', '#5b6490', 'Matt', 'Acrylic'], ['4382', 'Angel Green', '#0e4132', 'Matt', 'Acrylic'], ['4383', 'Slime Green', '#678d3b', 'Matt', 'Acrylic'], ['4384', 'Dragon Green', '#96aca0', 'Matt', 'Acrylic'], ['4385', 'Aqua Green', '#68b8c8', 'Matt', 'Acrylic'], ['4386', 'Gin Green', '#35685f', 'Matt', 'Acrylic'], ['4387', 'Ogre Green', '#90a864', 'Matt', 'Acrylic'], ['4388', 'Carrion Green', '#b8d0b4', 'Matt', 'Acrylic'], ['4389', 'Troll Green', '#c0e588', 'Matt', 'Acrylic'], ['4390', 'Light Flesh', '#ebc48b', 'Matt', 'Acrylic'], ['4391', 'Flague Green', '#6d684b', 'Matt', 'Acrylic'], ['4392', 'Bone', '#e3dac9', 'Matt', 'Acrylic'], ['4393', 'Wer Flesh', '#e0dcd4', 'Matt', 'Acrylic'], ['4394', 'Dragon White', '#ffffff', 'Matt', 'Acrylic'], ['4395', 'Wolves Gray', '#adaeaf', 'Matt', 'Acrylic'], ['4396', 'Djinni Light Gray', '#d2cfc5', 'Matt', 'Acrylic'], ['4397', 'Dinosaur Gray', '#69716c', 'Matt', 'Acrylic'], ['4398', 'Hobgoblin Gray', '#c8cacc', 'Matt', 'Acrylic'], ['4399', 'Sullen Gray', '#d0cfce', 'Matt', 'Acrylic'], ['4400', 'Dragon Black', '#56514d', 'Matt', 'Acrylic'], ['4401', 'Argent Silver', '#c9cfd2', 'Matt', 'Acrylic'], ['4402', 'Armored Steel', '#92a4ae', 'Matt', 'Acrylic'], ['4403', 'Gunmetal', '#182d38', 'Matt', 'Acrylic'], ['4404', 'Brass', '#7e480b', 'Matt', 'Acrylic'], ['4405', 'Copper', '#b97619', 'Matt', 'Acrylic'], ['4406', 'Burnished Gold', '#878b2a', 'Matt', 'Acrylic'], ['4407', 'Shiny Gold', '#9d8e36', 'Matt', 'Acrylic'], ['4408', 'Aluminum', '#d3d9db', 'Matt', 'Acrylic'], ['4409', 'Primer', '#e4e7e9', 'Matt', 'Acrylic'], ['4601', 'Skin Tone Tint Base Light', '#e7bc7e', 'Matt', 'Acrylic'], ['4602', 'Skin Tone Tint Base Dark', '#6d5732', 'Matt', 'Acrylic'], ['4603', 'Skin Tone Warm Tint', '#cb644b', 'Matt', 'Acrylic'], ['4604', 'Skin Tone Shadow Tint', '#7f6437', 'Matt', 'Acrylic'], ['4605', 'Burnt Umber', '#513834', 'Matt', 'Acrylic'], ['4606', 'Raw Umber', '#52433c', 'Matt', 'Acrylic'], ['4607', 'Burnt Sienna', '#553d3d', 'Matt', 'Acrylic'], ['4608', 'Raw Sienna', '#a38166', 'Matt', 'Acrylic'], ['4609', 'British Crimson', '#7e2a00', 'Matt', 'Acrylic'], ['4610', 'Piping Pink', '#f7bbd5', 'Matt', 'Acrylic'], ['4611', 'Cadmium Yellow Light', '#f5f52b', 'Matt', 'Acrylic'], ['4612', 'Cobalt Blue', '#047dc6', 'Matt', 'Acrylic'], ['4613', 'Napoleonic Violet', '#7f79b7', 'Matt', 'Acrylic'], ['4614', 'German Uniform Feldgrau', '#5b6c73', 'Matt', 'Acrylic'], ['4622', 'White Primer', '#ffffff', 'Matt', 'Acrylic'], ['4624', 'Turn Signal Amber', '#fdba43', 'Gloss', 'Acrylic'], ['4625', 'Clear Orange', '#f65e46', 'Gloss', 'Acrylic'], ['4629', 'Chevy Engine Red', '#f14f38', 'Gloss', 'Acrylic'], ['4630', 'Clear Red', '#e61b23', 'Gloss', 'Acrylic'], ['4631', 'Italian Red', '#e2494b', 'Gloss', 'Acrylic'], ['4632', 'Guards Red', '#dd3036', 'Gloss', 'Acrylic'], ['4633', 'Stop Light Red GP00283', '#ca2e32', 'Gloss', 'Acrylic'], ['4640', 'Hot Pink Pearl', '#f38cbb', 'Metallic', 'Acrylic'], ['4643', 'Purple Pearl GP00356', '#7c0165', 'Gloss', 'Acrylic'], ['4646', 'Kandy Scarlet GP00364', '#843562', 'Gloss', 'Acrylic'], ['4650', 'Grape Pearl GP00367', '#543c9a', 'Gloss', 'Acrylic'], ['4651', 'Deep Pearlescent Purple', '#0f508a', 'Gloss', 'Acrylic'], ['4657', 'True Blue Pearl', '#0b6b9d', 'Gloss', 'Acrylic'], ['4658', 'Transparent Blue', '#0077b8', 'Gloss', 'Acrylic'], ['4659', 'French Blue', '#0a6eaa', 'Gloss', 'Acrylic'], ['4660', 'Dark Blue', '#075899', 'Gloss', 'Acrylic'], ['4661', 'Ford/GM Engine Blue', '#0b5184', 'Gloss', 'Acrylic'], ['4662', 'Arctic Blue Metallic', '#3d779c', 'Gloss', 'Acrylic'], ['4664', 'Teal GP00570', '#17677b', 'Gloss', 'Acrylic'], ['4668', 'Clear Green', '#09ab55', 'Gloss', 'Acrylic'], ['4669', 'Gloss Green', '#098950', 'Gloss', 'Acrylic'], ['4670', 'Dark Green Pearl', '#0c603c', 'Gloss', 'Acrylic'], ['4671', 'Gold', '#c1a468', 'Metallic', 'Acrylic'], ['4672', 'Brass', '#be8d53', 'Metallic', 'Acrylic'], ['4673', 'Wood', '#c09477', 'Matt', 'Acrylic'], ['4674', 'Leather', '#643104', 'Matt', 'Acrylic'], ['4675', 'Rust', '#714b3e', 'Matt', 'Acrylic'], ['4676', 'Jet Exhaust', '#837558', 'Matt', 'Acrylic'], ['4677', 'Aluminum', '#acadb1', 'Metallic', 'Acrylic'], ['4678', 'Silver', '#9b9ca0', 'Metallic', 'Acrylic'], ['4679', 'Steel', '#bfb4a0', 'Metallic', 'Acrylic'], ['4680', 'Gray Primer', '#d3d3d3', 'Matt', 'Acrylic'], ['4681', 'Gunmetal', '#262932', 'Satin', 'Acrylic'], ['4682', 'International Orange FS12197', '#f65b56', 'Gloss', 'Acrylic'], ['4683', 'Chrome Yellow FS13538', '#ffcc0f', 'Gloss', 'Acrylic'], ['4684', 'Blue Angel Yellow FS13655', '#ffd123', 'Gloss', 'Acrylic'], ['4686', 'Dark Sea Blue', '#fff', 'Gloss', 'Acrylic'], ['4687', 'Blue Angel Blue FS13655', '#0e4061', 'Gloss', 'Acrylic'], ['4691', 'Navy Gloss Gray FS16081', '#5f615e', 'Gloss', 'Acrylic'], ['4692', 'Gloss Gull Gray FS16440', '#d0d0c8', 'Gloss', 'Acrylic'], ['4693', 'Aircraft Gray FS16473', '#c4cec6', 'Gloss', 'Acrylic'], ['4695', 'Gloss Black FS17038', '#2f2b2c', 'Gloss', 'Acrylic'], ['4696', 'Gloss White FS17875', '#fefefd', 'Gloss', 'Acrylic'], ['4697', 'Tan FS20400', '#dba277', 'Satin', 'Acrylic'], ['4700', 'Semi-Gloss Black FS27038', '#2e2a29', 'Satin', 'Acrylic'], ['4701', 'Semi-Gloss White FS27875', '#fdfbfa', 'Satin', 'Acrylic'], ['4703', 'Fluorescent Red FS28915', '#f46658', 'Satin', 'Acrylic'], ['4707', 'Earth Red FS30117', '#914e33', 'Matt', 'Acrylic'], ['4708', 'Field Drab FS30118', '#6f7223', 'Matt', 'Acrylic'], ['4709', 'Dark Tan FS30219', '#a1836c', 'Matt', 'Acrylic'], ['4711', 'Armor Sand FS30277', '#a6977d', 'Matt', 'Acrylic'], ['4714', 'Insignia Red FS31136', '#8d2227', 'Matt', 'Acrylic'], ['4720', 'Sand FS33531', '#dec793', 'Matt', 'Acrylic'], ['4721', 'Insignia Yellow FS33538', '#ffb700', 'Matt', 'Acrylic'], ['4722', 'Radome Tan FS33613', '#f3d8a0', 'Matt', 'Acrylic'], ['4723', 'US Army Helo Drab FS34031', '#50524f', 'Matt', 'Acrylic'], ['4724', 'Marine Corps Green FS34052', '#093b2f', 'Matt', 'Acrylic'], ['4726', 'Dark Green FS34079', '#44542f', 'Matt', 'Acrylic'], ['4727', 'Green Drab FS34086', '#4b4a2e', 'Matt', 'Acrylic'], ['4728', 'Olive Drab FS34087', '#5f5c31', 'Matt', 'Acrylic'], ['4729', 'Euro I Dark Green FS34092', '#252120', 'Matt', 'Acrylic'], ['4734', 'Medium Green FS34102', '#4d5b2a', 'Matt', 'Acrylic'], ['4736', 'Interior Green FS34151', None, 'Matt', 'Acrylic'], ['4739', 'Pale Green FS34227', '#809a6b', 'Matt', 'Acrylic'], ['4742', 'Insignia Blue FS35044', '#324861', 'Matt', 'Acrylic'], ['4744', 'Intermediate Blue FS35164', '#6b7c84', 'Matt', 'Acrylic'], ['4746', 'Medium Gray FS35237', '#869aa5', 'Matt', 'Acrylic'], ['4748', 'Duck Egg Blue FS35622', '#b8d5d4', 'Matt', 'Acrylic'], ['4749', 'Engine Gray FS36076', '#4b4c4f', 'Matt', 'Acrylic'], ['4750', 'Euro I Gray FS36081', '#505348', 'Matt', 'Acrylic'], ['4752', 'Gunship Gray FS36118', '#505e67', 'Matt', 'Acrylic'], ['4754', 'Dark Gray (F-15) FS36176', '#879197', 'Matt', 'Acrylic'], ['4755', 'Dark Gull Gray FS36231', '#888b8d', 'Matt', 'Acrylic'], ['4757', 'Neutral Gray FS36270', '#818285', 'Matt', 'Acrylic'], ['4759', 'Light Sea Gray FS36307', '#b4b2a0', 'Matt', 'Acrylic'], ['4761', 'Dark Ghost Gray FS36320', '#747b81', 'Matt', 'Acrylic'], ['4762', 'Light Ghost Gray FS36375', '#c7c8ca', 'Matt', 'Acrylic'], ['4763', 'Flat Gull Gray FS36440', '#c7c7bd', 'Matt', 'Acrylic'], ['4765', 'Light Gray FS36495', '#dbe2df', 'Matt', 'Acrylic'], ['4766', 'Camouflage Gray FS36622', '#e6e6de', 'Matt', 'Acrylic'], ['4767', 'Aircraft Interior Black FS37031', '#44413c', 'Matt', 'Acrylic'], ['4768', 'Flat Black FS37038', '#24201f', 'Matt', 'Acrylic'], ['4769', 'Flat White (FS37875)', '#f5f3e8', 'Matt', 'Acrylic'], ['4770', 'Grau RLM 02', '#8f8f77', 'Matt', 'Acrylic'], ['4771', 'Gelb RLM 04', '#febd23', 'Satin', 'Acrylic'], ['4772', 'Rot RLM 23', '#c92540', 'Satin', 'Acrylic'], ['4773', 'Dunkelblau RLM 24', '#143f61', 'Matt', 'Acrylic'], ['4774', 'Hellgrun RLM 25', '#41bb78', 'Satin', 'Acrylic'], ['4775', 'Dunkelbraun RLM 61', '#534f34', 'Satin', 'Acrylic'], ['4776', 'Grun RLM 62', '#576534', 'Satin', 'Acrylic'], ['4777', 'Lichtgrau RLM 63', '#c9cacc', 'Satin', 'Acrylic'], ['4778', 'Hellblau RLM 65', '#aec2b7', 'Satin', 'Acrylic'], ['4779', 'Schwarzgrau RLM 66', '#696a64', 'Satin', 'Acrylic'], ['4780', 'Schwarzgrun RLM 70', '#355a60', 'Satin', 'Acrylic'], ['4781', 'Dunkelgrun RLM 71', '#445457', 'Satin', 'Acrylic'], ['4782', 'Grun RLM 72', '#5b5d5a', 'Satin', 'Acrylic'], ['4783', 'Grun RLM 73', '#95a6b0', 'Satin', 'Acrylic'], ['4784', 'Graugrun RLM 74', '#8c9fa9', 'Satin', 'Acrylic'], ['4785', 'Grauviolett RLM 75', '#899da6', 'Satin', 'Acrylic'], ['4786', 'Lichtblau RLM 76', '#8ea0aa', 'Satin', 'Acrylic'], ['4787', 'Hellgrau RLM 77', '#dfded9', 'Satin', 'Acrylic'], ['4788', 'Hellblau RLM 78', '#8fa7a9', 'Satin', 'Acrylic'], ['4789', 'Sandgelb RLM 79', '#a28e53', 'Satin', 'Acrylic'], ['4790', 'Olivgrun RLM 80', '#435732', 'Satin', 'Acrylic'], ['4791', 'Braunviolett 81', '#504f33', 'Satin', 'Acrylic'], ['4792', 'Dunkelgrun RLM 82', '#3d522b', 'Matt', 'Acrylic'], ['4793', 'Lichtgrun RLM 83', '#617343', 'Satin', 'Acrylic'], ['4794', 'Graublau RLM 84', '#c4d0c6', 'Satin', 'Acrylic'], ['4795', 'Panzer Schwarzgrau RAL 7021', '#5e6158', 'Matt', 'Acrylic'], ['4796', 'Panzer Dunkelgelb 1943', '#a9994c', 'Matt', 'Acrylic'], ['4797', 'Panzer Schokoladenbraun RAL 8017', '#362f25', 'Matt', 'Acrylic'], ['4798', 'Panzer Olivgrun 1943', '#476241', 'Matt', 'Acrylic'], ['4805', 'Panzer Interior Buff', '#f7e0b6', 'Satin', 'Acrylic'], ['4807', 'Russian Armor Green', '#445c38', 'Satin', 'Acrylic'], ['4812', 'US Army/Marines Gulf Armor Sand', '#bda464', 'Matt', 'Acrylic'], ['4813', 'British Gulf Armor Light Stone', '#c6a15d', 'Matt', 'Acrylic'], ['4814', 'Israeli Armor Sand Grey', '#7d7245', 'Matt', 'Acrylic'], ['4840', 'RAF Sky Type "S" ANA 610', '#bfc07d', 'Matt', 'Acrylic'], ['4842', 'Olive Drab ANA 613', '#4d4c30', 'Matt', 'Acrylic'], ['4846', 'Dark Earth ANA 617', '#6e6d3f', 'Matt', 'Acrylic'], ['4847', 'US Navy Blue Gray M-485', '#708286', 'Matt', 'Acrylic'], ['4849', 'RAF Dark Green', '#4e4d31', 'Matt', 'Acrylic'], ['4850', 'RAF Interior Green', '#798f61', 'Matt', 'Acrylic'], ['4851', 'Yellow Zinc Chromate', '#e3d208', 'Matt', 'Acrylic'], ['4852', 'Green Zinc Chromate', '#597b4d', 'Matt', 'Acrylic'], ['4860', 'Fieldgrau RAL 6006', '#323426', 'Satin', 'Acrylic'], ['4861', 'Rotbraun RAL 8012', '#622e23', 'Satin', 'Acrylic'], ['4862', 'Panzer Olivgrun RAL 6003', '#395034', 'Satin', 'Acrylic'], ['4863', '5-L Light Gray', '#a4bebd', 'Satin', 'Acrylic'], ['4864', '5-P Pale Blue', '#b0bebe', 'Satin', 'Acrylic'], ['4865', '5-H Haze Gray', '#a0aab4', 'Satin', 'Acrylic'], ['4866', '5-O Ocean Gray', '#557083', 'Satin', 'Acrylic'], ['4867', '5-N Navy Blue', '#072c49', 'Satin', 'Acrylic'], ['4868', 'Hull Red KMS', '#5d2b24', 'Satin', 'Acrylic'], ['4869', '507-A Dark Gray R.N.', '#3e505a', 'Satin', 'Acrylic'], ['4870', '507-C Light Gray R.N.', '#dbdadf', 'Satin', 'Acrylic'], ['4871', 'Black Detail Wash', '#0a0607', 'Matt', 'Acrylic'], ['4872', 'Brown Oak Detail Wash', '#a4752d', 'Matt', 'Acrylic'], ['4873', 'Reefer White Flat', None, 'Matt', 'Acrylic'], ['4875', 'Aged Concrete Flat', None, 'Matt', 'Acrylic'], ['4876', 'Concrete flat', '#adb095', 'Matt', 'Acrylic'], ['4881', 'Boxcar Red', '#784240', 'Matt', 'Acrylic'], ['4882', 'Oxide Red Flat', '#52180d', 'Matt', 'Acrylic'], ['4883', 'Signal Green', '#697e6d', 'Matt', 'Acrylic'], ['4884', 'Roof Brown', '#725750', 'Matt', 'Acrylic'], ['4885', 'Railroad Tie Brown', '#4b4138', 'Matt', 'Acrylic'], ['4887', 'Grimy Black', '#595d5e', 'Matt', 'Acrylic'], ['4888', 'Engine Black', '#33383b', 'Matt', 'Acrylic'], ['50113', 'Medium Green FS34102', '#4f5c2e', 'Matt', 'Acrylic'], ['50131', 'Aircraft Gray FS16473', '#cbd0ca', 'Matt', 'Acrylic'], ['50134', 'Green Zinc Chromate', '#699734', 'Matt', 'Acrylic'], ['50142', 'Dark Tan FS30219', '#a1836c', 'Matt', 'Acrylic'], ['50194', 'Navy Aggressor Gray FS36251', '#999387', 'Matt', 'Acrylic'], ['50195', 'Gunmetal', '#20242d', 'Metallic', 'Acrylic'], ['4636', 'Flat Clear Acryl', '#fff', 'Matt', 'Acrylic'], ['4637', 'Semi-Gloss Clear', '#fff', 'Varnish', 'Acrylic'], ['4638', 'Gloss Clear', '#fff', 'Varnish', 'Acrylic'], ['Clear', 'Dried paint solvent', '#fff', None, 'Acrylic'], ['52705', 'Pacific Blue', '#fff', 'Gloss', 'Acrylic'], ['5049A', 'Universal Acrylic Thinner', '#fff', 'Thinners', 'Acrylic'], ['28102', 'Phoenician Yellow (Ford)', '#f2e8b9', 'Gloss', None], ['281489', 'Diamond Green 1969 (Ford)', '#dfebb9', 'Gloss', None], ['1402', 'Stainless Steel', '#fff', 'Metallic', None], ['1405', 'Gun Metal', '#fff', 'Metallic', None], ['1415', 'Burnt Metal Buffing Metalizer', '#645a58', 'Metallic', None], ['1418', 'Aluminum Non-Buffing Metalizer', '#d9dadc', 'Metallic', None], ['1420', 'Steel Non-Buffing Metalizer', '#c0bbb8', 'Metallic', None], ['1424', 'Burnt Iron Non-Buffing Metalizer', '#a6a7aa', 'Metallic', None], ['1469', 'Sealer for Metalizer', '#fff', None, None], ['1960', 'Flat Coat', '#ffffff', 'Matt', None], ['1961', 'Gloss Clear Coat', '#ffffff', 'Gloss', None], ['19600', 'Lusterless (Flat)', '#fff', 'Matt', None], ['28101', 'Citrus Yellow Metallic', '#fff', 'Gloss', None], ['28103', 'Gloss Daytona Yellow (Chevy)', '#fff', 'Gloss', None], ['28104', 'Chrysler Yellow PY 3', '#fff', 'Gloss', None], ['28106', 'Go Mango', '#fff', 'Gloss', None], ['28107', 'Hemi Orange 1970/72 (V2)', '#fff', 'Gloss', None], ['28108', 'Gloss Hugger Orange', '#fff', 'Gloss', None], ['28109', 'Italian Red', '#fff', 'Gloss', None], ['28110', 'Gloss Flame Red (Chevy)', '#fff', 'Gloss', None], ['28114', 'Gloss Tropical Turqoise (Chevy)', '#fff', 'Gloss', None], ['28116', 'Grabber Green (Ford)', '#fff', 'Gloss', None], ['28117', 'Sublime Green', '#fff', 'Gloss', None], ['28120', 'Fathom Green Metallic', '#455d5f', 'Metallic', None], ['28121', 'Plum Crazy', '#635578', 'Metallic', None], ['28122', 'Gloss Ultraviolet Pearl (Ford)', '#fff', 'Matt', None], ['28128', 'Semi-Gloss Nassau Blue Metallic (Chevy)', '#fff', 'Metallic', None], ['28130', 'Royal Blue Pearl', '#fff', 'Gloss', None], ['28133', 'Gloss Black', '#fff', 'Gloss', None], ['28134', 'Flat Black', '#fff', 'Matt', None], ['28136', 'Flat Fabric Tan', '#fff', 'Matt', None], ['28137', 'Gray Primer', '#fff', 'Matt', None], ['28139', 'Ultra Gloss Clearcoat', '#fff', 'Gloss', None], ['28140', 'Plymouth Bright Platinum Metallic', '#fff', 'Gloss', None], ['28141', 'Gloss Sterling Silver Metallic (AMC)', '#fff', 'Gloss', None], ['28156', 'Semi-Gloss Black', '#fff', 'Satin', None], ['196003', 'Clear Flat', '#fff', 'Matt', None], ['2015', 'Flat Clear Lacquer', '#fff', 'Matt', None], ['1401', 'Aluminum Plate Buffing Metalizer', '#e3e3e3', 'Metallic', None], ['1402', 'Stainless Steel Buffing Metalizer', '#d4d3cc', 'Metallic', None], ['1403', 'Magnesium Buffing Metalizer', '#abacb0', 'Metallic', None], ['1404', 'Titanium Buffing Metalizer', '#adaeb2', 'Metallic', None], ['1405', 'Gunmetal Buffing Metalizer', '#1c2029', 'Metallic', None], ['1406', 'Exhaust Buffing Metalizer', '#b3b7b6', 'Metallic', None], ['1407', '1407 Brass Non-Buffing Metalizer', '#fff', 'Metallic', None], ['1412', 'Dark Anodonic Gray Buffing Metalizer', '#959597', 'Matt', None], ['1417', 'Brass Metalizer (Non Buffing)', '#b6a874', 'Metallic', None], ['1418', 'Aluminum Non-Buffing (Airbrush Only)', '#fff', 'Metallic', None], ['1420', 'Steel Non-Buffing Metalizer (Airbrush Only)', '#fff', 'Metallic', None], ['1423', 'Gun Metal Non-Buffing', '#989a9d', 'Metallic', None], ['1424', 'Burnt Iron Non-Buffing (Airbrush Only)', '#fff', 'Metallic', None], ['28001', 'Gloss Red', '#db3f44', 'Gloss', None], ['28003', 'Silver', '#fff', 'Metallic', None], ['28004', 'Turn Signal Amber', '#fbbb3b', 'Gloss', None], ['28005', 'Stop Light Red', '#fff', 'Gloss', None], ['28006', 'Chevy Engine Red', '#fff', 'Gloss', None], ['28007', 'Chrysler Engine Red', '#bc3141', 'Gloss', None], ['28008', 'Ford Engine Red', '#d4374c', 'Gloss', None], ['28009', 'Header Flat White', '#fff', 'Matt', None], ['28011', 'Pontiac Engine Blue', '#fff', 'Metallic', None], ['28013', 'Flat Fabric Grey', '#fff', 'Matt', None], ['2015', 'Clear', '#fff', 'Matt', None], ['2016', 'Semi Gloss Clear', '#fff', 'Satin', None], ['2017', 'Gloss Clear Lacquer', '#fff', 'Gloss', None], ['2018', 'Lacquer Thinner', '#fff', 'Thinners', None], ['1459', 'Metalizer Sealer (Non-Buffing)', '#fff', None, None], ['1959', 'Semi-Gloss Lacquer Overcoat', '#fff', 'Satin', None], ['4851', 'Yellow Zinc Chromate', '#fff', 'Matt', None], ['50172', 'Blue Angel Blue', '#fff', 'Matt', None], ['50175', 'Fluorescent Red', '#fff', 'Fluo', None]], 'Modern Masters': [['ME208', 'Metal Effects Oxidizing Iron', None, 'Metallic', 'Acrylic']], 'Molak': [[None, None, '#fff', 'Matt', 'Enamel'], [None, None, '#fff', 'Matt', 'Enamel'], [None, None, '#fff', 'Matt', 'Enamel'], [None, None, '#fff', 'Matt', 'Enamel'], [None, None, '#fff', 'Matt', 'Enamel'], ['5-M', 'Dark Green', '#fff', 'Matt', 'Enamel'], ['9-M', 'Duck Egg Blue', '#fff', 'Matt', 'Enamel'], ['22', 'Copper plate', '#fff', 'Satin', 'Enamel'], ['23', 'Brass', '#fff', 'Metallic', 'Enamel'], ['25', 'Gun Metal', '#fff', 'Metallic', 'Enamel'], ['129', 'Dark Earth', '#fff', 'Matt', 'Enamel'], ['153-T', 'gun metal', '#fff', 'Matt', 'Enamel'], ['164-M', 'Light Grey', '#fff', 'Matt', 'Enamel'], ['170-M', 'Brick Red', '#fff', 'Matt', 'Enamel'], ['34151', 'Green', '#fff', 'Matt', 'Enamel'], ['LB-5', 'Sky Types', '#fff', 'Matt', 'Enamel'], ['LB-9', 'Sea Blue Gloss', '#fff', 'Gloss', 'Enamel'], ['LBX-3', 'P.R.U. Blue', '#fff', 'Matt', 'Enamel'], ['LMU-26', 'Royal Purple', '#fff', 'Matt', 'Enamel'], ['LR-2', 'Underside Blue', '#fff', 'Matt', 'Enamel'], ['LT3', 'German Mimetic Medium Green', '#fff', 'Matt', 'Enamel']], 'Molotow Markers': [[None, None, None, 'Matt', None], [None, None, None, 'Matt', 'Enamel'], [None, None, None, 'Matt', 'Enamel'], ['009', 'Sahara Beige', '#fff', None, 'Acrylic'], ['006', 'Zinc Yellow (2mm)', '#fff', 'Satin', 'Acrylic'], ['013', 'Traffic Red (2mm)', '#fff', 'Satin', 'Acrylic'], ['042', 'Currant (2mm)', '#fff', 'Satin', 'Acrylic'], ['085', 'DARE Orange (2mm)', '#fff', 'Satin', 'Acrylic'], ['096', 'Mister Green (2mm)', '#fff', 'Satin', 'Acrylic'], ['160', 'Signal White (2mm)', '#fff', 'Satin', 'Acrylic'], ['161', 'Shock Blue Middle (2mm)', '#fff', 'Satin', 'Acrylic'], ['180', 'Signal Black (1.5mm / 4mm)', None, 'Satin', 'Acrylic'], ['180', 'Signal Black (2mm)', '#fff', 'Satin', 'Acrylic'], ['180', 'Signal Black (1mm)', '#fff', 'Satin', 'Acrylic'], ['200', 'Neon Pink (2mm)', '#fff', 'Satin', 'Acrylic'], ['204', 'True Blue (2mm)', '#fff', 'Satin', 'Acrylic'], ['228', 'Metallic Gold (2 mm)', None, 'Metallic', 'Acrylic'], ['Chrome', 'Liquid Chrome (4mm)', '#e1e1e2', 'Metallic', 'Acrylic'], ['Chrome', 'Liquid Chrome (2mm)', '#e1e1e2', 'Metallic', 'Acrylic'], ['Chrome', 'Liquid Chrome (1mm)', '#e1e1e2', 'Metallic', 'Acrylic'], ['Chrome', 'Liquid Chrome (5mm)', '#e1e1e2', 'Metallic', 'Acrylic'], ['699.080', 'Liquid Chrome Refill 30 ml', None, 'Metallic', 'Acrylic']], 'Monkey Modelling Paints - Lacquer paints': [['MMP5001', 'WEATHERING PIGMENT FIX', '#fff', None, 'Enamel'], ['MMP5002', 'WEATHERING  WATTER EFFECTS', '#fff', None, 'Enamel'], ['MMP6001', 'WEATHERING DARK BROWN WASH', '#fff', 'Matt', 'Enamel'], ['MMP6006', 'WEATHERING PANELINER BLACK', '#fff', 'Gloss', 'Enamel'], ['MMP6007', 'WEATHERING PANELINER GREY', '#fff', 'Gloss', 'Enamel'], ['MMP6008', 'WEATHERING PANELINER WHITE', '#fff', 'Gloss', 'Enamel'], ['MMP6009', 'WEATHERING PANELINER BROWN', '#fff', 'Gloss', 'Enamel'], ['MMP7000', 'WEATHERING ENAMEL THINNER', '#fff', 'Thinners', 'Enamel'], ['MMP7001', 'WEATHERING STREAKING EFFECTS MODERN VEHICLES', '#fff', 'Matt', 'Enamel'], ['MMP7002', 'WEATHERING STREAKING EFFECTS RAINMARKS', '#fff', 'Matt', 'Enamel'], ['MMP8001', 'WEATHERING NATURE EFFECTS MUD', '#fff', 'Matt', 'Enamel'], ['MMP8002', 'WEATHERING NATURE EFFECTS DUST', '#fff', 'Matt', 'Enamel'], ['MMP8003', 'WEATHERING NATURE EFFECTS EARTH', '#fff', 'Matt', 'Enamel'], ['MMP8004', 'WEATHERING NATURE EFFECTS FUEL & ENGINE OIL', '#fff', 'Gloss', 'Enamel'], ['MMP4001', 'ACRYLIC MATT VARNISH', '#fff', 'Varnish', 'Acrylic'], ['MMP4002', 'ACRYLIC GLOSS VARNISH', '#fff', 'Varnish', 'Acrylic'], ['MMP4003', 'ACRYLIC THINNER', '#fff', 'Thinners', 'Acrylic'], ['MMP4005', 'ACRYLIC HEAVY CHIPPING EFFECTS', '#fff', None, 'Acrylic'], ['MMP4006', 'ACRYLIC PAINT LIGHT RUST', '#fff', 'Matt', 'Acrylic'], ['MMP4007', 'ACRYLIC PAINT MEDIUM RUST', '#fff', 'Matt', 'Acrylic'], ['MMP4008', 'ACRYLIC PAINT OLD RUST', '#fff', 'Matt', 'Acrylic'], ['MMP4009', 'ACRYLIC PAINT BROWN CHIPPING', '#fff', 'Matt', 'Acrylic'], ['MMP1001', 'MIRAGE GREEN1', '#fff', 'Satin', None], ['MMP1002', 'MIRAGE GREEN 2', '#fff', 'Satin', None], ['MMP1003', 'CAMOUFLAGE GREY', '#fff', 'Satin', None], ['MMP1004', 'BLACK', '#fff', 'Satin', None], ['MMP1005', 'RAF GREEN', '#fff', 'Satin', None], ['MMP1006', 'DARK SEA GREY', '#fff', 'Satin', None], ['MMP1007', 'LIGHT GREY', '#fff', 'Satin', None], ['MMP1008', 'ZINC CHROMATE', '#fff', 'Satin', None], ['MMP1009', 'PALE GREEN', '#fff', 'Satin', None], ['MMP1010', 'FOREST GREEN', '#fff', 'Satin', None], ['MMP1011', 'SAND US VEHICLES', '#fff', 'Satin', None], ['MMP1012', 'DUNKELGELB', '#fff', 'Satin', None], ['MMP1013', 'ROTBRAUN', '#fff', 'Satin', None], ['MMP1014', 'RESEDAGRUN', '#fff', 'Satin', None], ['MMP1015', 'WHITE', '#fff', 'Satin', None], ['MMP1016', 'RED', '#fff', 'Satin', None], ['MMP1017', 'YELLOW', '#fff', 'Satin', None], ['MMP1018', 'BLUE', '#fff', 'Satin', None], ['MMP1019', 'ORANGE', '#fff', 'Satin', None], ['MMP1020', 'VIOLET', '#fff', 'Satin', None], ['MMP1021', 'RLM 79 SANDGELB', '#fff', 'Satin', None], ['MMP1022', 'SCARLET', '#fff', 'Satin', None], ['MMP1023', 'VIOLET RED', '#fff', 'Satin', None], ['MMP1024', 'GUNMETAL', '#fff', 'Metallic', None], ['MMP1025', 'ALUMINIUM', '#fff', 'Metallic', None], ['MMP1026', 'JET GOLD', '#fff', 'Metallic', None], ['MMP1027', 'METAL BLUE', '#fff', 'Metallic', None], ['MMP1028', 'BURNT METAL', '#fff', 'Metallic', None], ['MMP1029', 'CLEAR RED', '#fff', None, None], ['MMP1030', 'CLEAR GREEN', '#fff', None, None], ['MMP1031', 'CLEAR BLUE', '#fff', None, None], ['MMP1032', 'CLEAR ORANGE', '#fff', None, None], ['MMP1033', 'CLEAR BLACK', '#fff', None, None], ['MMP1034', 'GREEN CHROMATE', '#fff', 'Satin', None], ['MMP1035', 'GREY GREEN', '#fff', 'Satin', None], ['MMP1036', 'IJN INTERIOR GREEN', '#fff', 'Satin', None], ['MMP1037', 'TURQUOISE', '#fff', 'Satin', None], ['MMP1038', 'RLM 02 GRAU', '#fff', 'Satin', None], ['MMP1039', 'RLM 66 SCHWARZGRAU', '#fff', 'Satin', None], ['MMP1040', 'INTERIOR GREEN', '#fff', 'Satin', None], ['MMP1041', 'VERDE ANTICORROSIONE', '#fff', 'Satin', None], ['MMP1042', 'OLIVE GREEN', '#fff', 'Satin', None], ['MMP1043', 'PANZERGRAU', '#fff', 'Satin', None], ['MMP1044', 'DARK TAN', '#fff', 'Satin', None], ['MMP1045', 'MEDIUM GREEN', '#fff', 'Satin', None], ['MMP1046', 'DARK GREEN', '#fff', 'Satin', None], ['MMP1047', 'NATO GREEN', '#fff', 'Satin', None], ['MMP1048', 'NATO BROWN', '#fff', 'Satin', None], ['MMP1049', 'NATO BLACK', '#fff', 'Satin', None], ['MMP1050', 'BLUE FRANCAIS - FRENCH BLUE', '#fff', 'Gloss', None], ['MMP1051', 'INTERMEDIATE BLUE ANA 608', '#fff', 'Satin', None], ['MMP1052', 'LIGHT GHOST GREY', '#fff', 'Satin', None], ['MMP1053', 'DARK GHOST GREY', '#fff', 'Satin', None], ['MMP1054', 'GUNSHIP GREY', '#fff', 'Satin', None], ['MMP1055', 'DUNKELGELB MID-WAR', '#fff', 'Satin', None], ['MMP1056', 'IDF SINAI GREY 1960-1970', '#fff', 'Satin', None], ['MMP1057', 'IDF SINAI GREY 1980-MODERN', '#fff', 'Satin', None], ['MMP1058', 'NAVY SEA BLUE ANA 606', '#fff', 'Satin', None], ['MMP1059', 'OLIVBRAUN', '#fff', 'Satin', None], ['MMP1060', 'DARK BLUE GREY - SUE GRIS BLEU FONCE', '#fff', 'Satin', None], ['MMP1063', 'ISRAELI BROWN', '#fff', 'Satin', None], ['MMP1064', 'CANE GREEN', '#fff', 'Satin', None], ['MMP1065', 'ISRAELI BLUE', '#fff', 'Satin', None], ['MMP1066', 'RLM 65/78 HELLBLAU', '#fff', 'Satin', None], ['MMP1067', 'RLM 76 LICHTBLAU', '#fff', 'Satin', None], ['MMP1068', 'RLM 74 GRUNGRAU', '#fff', 'Satin', None], ['MMP1069', 'RLM 75 GRAUVIOLETT', '#fff', 'Satin', None], ['MMP1070', 'RLM 81 BRAUNVIOLETT', '#fff', 'Satin', None], ['MMP1071', 'RLM 82 LICHTGRUN', '#fff', 'Satin', None], ['MMP1072', 'MID STONE', '#fff', 'Satin', None], ['MMP1073', 'AZURE BLUE', '#fff', 'Satin', None], ['MMP1074', 'SKY', '#fff', 'Satin', None], ['MMP1075', 'RLM 70 SCHWARZGRUN', '#fff', 'Satin', None], ['MMP5003', 'GLOSSCOTE', '#fff', 'Gloss', None], ['MMP5004', 'MATTCOTE', '#fff', 'Matt', None], ['MMP1000', 'SUPER THINNER 60', '#fff', 'Thinners', None], ['MMP1500', 'SUPER SURFACER 60 -GREY-', '#fff', 'Satin', None], ['MMP5005', 'PEARLCOTE', '#fff', 'Gloss', None], ['MMP3001', 'PIGMENT DESERT SAND', '#fff', 'Matt', None], ['MMP3002', 'PIGMENT LIGHT DUST', '#fff', 'Matt', None], ['MMP3003', 'PIGMENT LIGHT EARTH', '#fff', 'Matt', None], ['MMP3004', 'PIGMENT DARK EARTH', '#fff', 'Matt', None], ['MMP3005', 'PIGMENT EUROPE EARTH', '#fff', 'Matt', None], ['MMP3006', 'PIGMENT DARK MUD', '#fff', 'Matt', None], ['MMP3007', 'PIGMENT SMOKE BLACK', '#fff', 'Matt', None], ['MMP3008', 'PIGMENT WET MUD', '#fff', 'Matt', None], ['MMP4004', 'ACRYLIC DECALFIX SETTING SOLUTION FOR DECALS', '#fff', None, None]], 'Mouse Armour Paint': [['MAP01', 'Olive Drab lustreless 7560/ADE(M)-146-1/1', '#4e523b', 'Matt', 'Enamel'], ['MAP02', 'Brown FS30219', '#ab8957', 'Matt', 'Enamel'], ['MAP03', 'Black FS37038', '#333231', 'Matt', 'Enamel'], ['MAP04', 'Seafoam Green FS24533', '#b3c492', 'Matt', 'Enamel'], ['MAP05', 'AUSCAM 3 Pack / DPP Camouflage Pack', '#4e523b', None, None]], 'Mr. Weathering Color': [['WC01', 'Mr. Weathering Color - Multi Black', None, 'Matt', None], ['WC02', 'Mr. Weathering Color - Ground Brown', None, 'Matt', None], ['WC03', 'Mr. Weathering Color Stain Brown', None, 'Matt', None], ['WC04', 'Mr. Weathering Color Sandy Wash', None, 'Matt', None], ['WC05', 'Mr. Weathering Color - White', None, 'Matt', None], ['WC06', 'Mr. Weathering Color - Multi Gray', None, 'Matt', None], ['WC07', 'Mr. Weathering Color - Grayish Brown', None, 'Matt', None], ['WC08', 'Mr. Weathering Color - Rust Orange', None, 'Matt', None], ['WC09', 'Mr. Weathering Color - Filter Liquid Shade Blue', None, 'Matt', None], ['WC10', 'Mr. Weathering Color - Filter Liquid - Spot Yellow', None, 'Matt', None], ['WC11', 'Mr. Weathering Color - Filter Liquid - Layer Violet', None, 'Matt', None], ['WC12', 'Mr. Weathering Color - Filter Liquid - Face Green', None, 'Matt', None], ['WC14', 'Mr. Weathering Color - Filter Liquid White Dust', None, 'Matt', None], ['WC17', 'Mr. Weathering Color - Matt Umber', None, 'Matt', None], ['WC18', 'Mr. Weathering Color - Shade Brown', None, 'Matt', None], ['WCT101', 'Mr. Weathering Color Thinner', None, 'Thinners', None], ['WCT102', 'Mr. Weathering Color Thinner', None, 'Thinners', None]], 'Mr. Weathering Paste': [['WP01', 'Mud Brown', '#fff', 'Matt', None], ['WP02', 'Mud White', '#fff', 'Matt', None], ['WP03', 'Mud Clear', '#fff', None, None], ['WP04', 'Mud Yellow', '#fff', 'Matt', None], ['WP05', 'Mud Red', '#fff', 'Matt', None]], 'Mr.COLOR': [['T-105', 'Mr. Retarder Mild', None, 'Retarders', 'Acrylic'], ['B501', 'MR. TOP COAT GLOSS', '#ffffff', 'Varnish', 'Acrylic'], ['B503', 'MR. TOP COAT FLAT', '#ffffff', 'Matt', 'Acrylic'], ['1', 'White', '#ffffff', 'Gloss', None], ['2', 'Black', '#000000', 'Gloss', None], ['3', 'Red', '#ff0000', 'Gloss', None], ['4', 'Yellow', '#ffff00', 'Gloss', None], ['5', 'Blue', '#0000ff', 'Gloss', None], ['6', 'Green', '#006734', 'Gloss', None], ['7', 'Brown', '#ca3929', 'Gloss', None], ['8', 'Silver', '#dcdcdd', 'Metallic', None], ['9', 'Gold', '#cba30d', 'Metallic', None], ['10', 'Copper', '#ce722a', 'Metallic', None], ['11', 'Light Gull Gray', '#bdc3c4', 'Satin', None], ['12', 'Olive Drab 1', '#685932', 'Satin', None], ['13', 'Neutral Gray', '#5b6b78', 'Satin', None], ['14', 'Navy Blue', '#004652', 'Satin', None], ['15', 'IJN Green (Nakajima)', '#013920', 'Satin', None], ['16', 'IJA Green', '#165b3f', 'Satin', None], ['17', 'RLM71 Dark Green', '#373c1e', 'Satin', None], ['18', 'RLM70 Black Green', '#585b4f', 'Satin', None], ['19', 'Sandy Brown', '#96823b', 'Satin', None], ['20', 'Light Blue', '#57bda7', 'Satin', None], ['21', 'Middle Stone', '#b39242', 'Satin', None], ['22', 'Dark Earth', '#84754c', 'Satin', None], ['23', 'Dark Green (2)', '#4b604d', 'Satin', None], ['25', 'Dark Seagray', '#6d7e6e', 'Satin', None], ['26', 'Duck Egg Green', '#d6e0ac', 'Satin', None], ['27', 'Interior Green', '#b3a334', 'Satin', None], ['28', 'Steel', '#201c1d', 'Metallic', None], ['29', 'Hull Red', '#603336', 'Satin', None], ['30', 'Flat Base', '#ffffff', 'Matt', None], ['31', 'Dark Gray (1)', '#939391', 'Satin', None], ['32', 'Dark Gray (2)', '#6d6d6b', 'Satin', None], ['33', 'Flat Black', '#000000', 'Matt', None], ['34', 'Sky Blue', '#0195d9', 'Gloss', None], ['35', 'IJN Gray (Mitsubishi)', '#759586', 'Satin', None], ['36', 'RLM 74 Gray Green', '#4c574f', 'Satin', None], ['37', 'RLM 75 Gray Violet', '#475d57', 'Satin', None], ['38', 'Olive Drab 2', '#3b3521', 'Matt', None], ['39', 'Dark Yellow (Sandy Yellow)', '#b79764', 'Satin', None], ['40', 'German Gray', '#2f4248', 'Satin', None], ['41', 'Red Brown', '#4a2f32', 'Satin', None], ['42', 'Mahogany', '#4b3538', 'Satin', None], ['43', 'Wood Brown', '#71533b', 'Satin', None], ['44', 'Tan', '#c3a26d', 'Satin', None], ['45', 'Sail Color', '#b8af84', 'Satin', None], ['46', 'Clear', '#ffffff', 'Gloss', None], ['47', 'Clear Red', '#e60012', 'Gloss', None], ['48', 'Clear Yellow', '#ffd900', None, None], ['49', 'Clear Orange', '#eb6100', 'Gloss', None], ['50', 'Clear Blue', '#00a0e9', 'Gloss', None], ['51', 'Flesh', '#e6b378', 'Satin', None], ['52', 'Field Gray 2', '#2a4e49', 'Matt', None], ['54', 'Khaki Green', '#21423a', 'Satin', None], ['55', 'Khaki', '#4d5035', 'Matt', None], ['56', 'IJN Gray Green (Nakajima)', '#70a19a', 'Satin', None], ['57', 'Metallic Blue Green', '#00756a', 'Metallic', None], ['58', 'Orange Yellow (IJA/IJN Aircraft)', '#faaa00', 'Satin', None], ['59', 'Orange', '#f03e24', 'Gloss', None], ['60', 'RLM 02 Gray', '#80806c', 'Satin', None], ['61', 'Burnt Iron', '#4e4d51', 'Metallic', None], ['62', 'Flat White', '#ffffff', 'Matt', None], ['63', 'Pink', '#eb6d94', 'Gloss', None], ['64', 'Yellow Green', '#00a33b', 'Gloss', None], ['65', 'Bright Blue', '#004098', 'Gloss', None], ['66', 'Bright Green', '#009944', 'Gloss', None], ['67', 'Purple', '#3c2280', 'Gloss', None], ['68', 'Madder Red', '#d80c18', 'Gloss', None], ['69', 'Off White', '#f9f8f4', 'Gloss', None], ['70', 'Dark Green', '#21423a', 'Matt', None], ['71', 'Midnight Blue', '#1f4247', 'Matt', None], ['72', 'Intermediate Blue', '#6f7c8a', 'Satin', None], ['73', 'Aircraft Gray', '#729a96', 'Gloss', None], ['74', 'Air Superiority Blue', '#2f5f83', 'Gloss', None], ['75', 'Metallic Red', '#b01f1e', 'Metallic', None], ['76', 'Metallic Blue', '#004ea2', 'Metallic', None], ['77', 'Metallic Green', '#00894f', 'Metallic', None], ['78', 'Metallic Black', '#231815', 'Metallic', None], ['79', 'Shine Red', '#e60012', 'Gloss', None], ['80', 'Cobalt Blue', '#1d2088', 'Gloss', None], ['81', 'Russet', '#772a31', 'Gloss', None], ['90', 'Shine Silver', '#d3d3d4', 'Metallic', None], ['92', 'Semi-Gloss Black', '#000000', 'Satin', None], ['97', 'Light Gray', '#b2beb2', 'Gloss', None], ['100', 'Wine Red', '#af1e32', 'Gloss', None], ['101', 'Smoke Gray', '#e6e6e6', 'Gloss', None], ['104', 'Gun Chrome', '#b1bfc4', 'Metallic', None], ['107', 'Character White', '#f5f6f4', 'Satin', None], ['108', 'Character Red', '#c8161e', 'Satin', None], ['109', 'Character Yellow', '#f08300', 'Gloss', None], ['110', 'Character Blue', '#004098', 'Satin', None], ['111', 'Character Flesh 1', '#fce4d6', 'Satin', None], ['112', 'Character Flesh 2', '#f6bcb8', 'Satin', None], ['113', 'RLM04 Yellow', '#fdbe1b', 'Satin', None], ['114', 'RLM 23 Red', '#c8234a', 'Satin', None], ['115', 'RLM65 Light Blue', '#8aa2a6', 'Satin', None], ['116', 'RLM 66 Black Gray', '#373434', 'Satin', None], ['117', 'RLM76 Light blue', '#bfd5d4', 'Gloss', None], ['118', 'RLM 78 Light Blue', '#80a6b6', 'Satin', None], ['119', 'RLM 79 Sand Yellow', '#b98241', 'Satin', None], ['120', 'RLM 80 Olive Green', '#373c1e', 'Satin', None], ['121', 'RLM 81 Brown Violet', '#595a4e', 'Satin', None], ['122', 'RLM 82 Light Green', '#5c8352', 'Satin', None], ['123', 'RLM 83 Dark Green', '#25554b', 'Satin', None], ['124', 'Dark Green (Mitsubishi)', '#004d20', 'Satin', None], ['125', 'Cowling Color', '#000000', 'Satin', None], ['126', 'Cockpit Color (Mitsubishi)', '#456441', 'Satin', None], ['127', 'Cockpit Color (Nakajima)', '#a9b779', 'Satin', None], ['128', 'Gray green', '#b1b6a7', 'Satin', None], ['129', 'Dark Green (Nakajima)', '#45644d', 'Satin', None], ['130', 'Dark Green (Kawasaki)', '#495d40', 'Satin', None], ['131', 'Propeller Color', '#4d1d0f', 'Satin', None], ['132', 'Earth Green', '#685a32', 'Matt', None], ['135', 'Russian Green 1', '#21944a', 'Matt', None], ['136', 'Russian Green 2', '#225a42', 'Matt', None], ['137', 'Tire Black', '#191919', 'Matt', None], ['138', 'Clear Green', '#009944', 'Gloss', None], ['151', 'White Pearl', '#ffffff', 'Iridescent', None], ['155', 'Super Clear', '#ffffff', 'Gloss', None], ['156', 'Super White IV', '#ffffff', 'Gloss', None], ['158', 'Super Italian Red', '#d70d19', 'Gloss', None], ['159', 'Super Silver', '#cccdcf', 'Metallic', None], ['171', 'Fluorescent Red', '#e60013', 'Fluo', None], ['172', 'Fluorescent Yellow', '#fff100', 'Fluo', None], ['173', 'Fluorescent Orange', '#fb4201', 'Fluo', None], ['174', 'Fluorescent Pink', '#e5006a', 'Fluo', None], ['175', 'Fluoroscent Green', '#009944', 'Fluo', None], ['181', 'Semi-Gloss Super Clear', '#ffffff', 'Satin', None], ['182', 'Flat Clear', '#ffffff', 'Matt', None], ['183', 'Super Clear Gray Tone', '#f4f5f6', 'Matt', None], ['188', 'Flat Base Rough', '#fff', 'Matt', None], ['189', 'Flat Base Smooth', '#fff', 'Matt', None], ['211', 'MR.METAL COLOR Chrome Silver', '#a4a4a6', 'Matt', None], ['212', 'MR.METAL COLOR Iron', '#1a3f45', 'Matt', None], ['213', 'MR.METAL COLOR Stainless', '#000000', 'Matt', None], ['214', 'MR.METAL COLOR Dark Iron', '#000000', 'Matt', None], ['218', 'Mr Metal Color Aluminium', '#fff', 'Metallic', None], ['301', 'Gray FS36081', '#343b44', 'Gloss', None], ['302', 'Green - FS34092', '#53645a', 'Satin', None], ['303', 'Green FS34102', '#49594f', 'Satin', None], ['304', 'Olive Drab FS34087', '#373c35', 'Satin', None], ['305', 'Gray FS36118', '#676c73', 'Satin', None], ['306', 'Gray FS36270', '#688887', 'Satin', None], ['307', 'Gray FS36320', '#818b8d', 'Satin', None], ['308', 'Gray FS36375', '#709194', 'Satin', None], ['309', 'Green FS34079', '#345250', 'Satin', None], ['310', 'FS 30219 Brown', '#6d5c4e', 'Satin', None], ['311', 'Gray FS36622', '#e1e0c7', 'Satin', None], ['312', 'Green FS34227', '#29845d', 'Satin', None], ['313', 'Yellow FS33531', '#e8c589', 'Satin', None], ['314', 'Blue FS35622 (Israeli Kfir, C2, etc.)', '#ddf0e3', 'Satin', None], ['315', 'Gray FS16440 (Light Gull Gray)', '#b4b4ab', 'Gloss', None], ['316', 'WHITE FS17875', '#ffffff', 'Gloss', None], ['317', 'Gray FS36231', '#6d786a', 'Matt', None], ['318', 'Radome', '#fcd68c', 'Satin', None], ['319', 'Light Green (JASDF F-1)', '#0f6d58', 'Satin', None], ['320', 'Dark Green (JASDF F-1)', '#3a5645', 'Satin', None], ['321', 'Light Brown', '#b4926a', 'Satin', None], ['322', 'Phthalo Cyanne Blue (JASDF Blue Impulse)', '#173551', 'Gloss', None], ['323', 'Light Blue (JASDF Blue Impulse)', '#00b0ec', 'Gloss', None], ['324', 'Light Gray (JASDF Cockpit)', '#8ca9a3', 'Matt', None], ['325', 'Gray FS26440', '#a6b1a4', 'Satin', None], ['326', 'Blue FS15044 (USAF Thunderbirds Blue)', '#1e3046', 'Gloss', None], ['327', 'Red FS11136 (USAF Thunderbirds)', '#9e2428', 'Gloss', None], ['328', 'Blue FS15050 (US Navy Blue Angels)', '#173551', 'Gloss', None], ['329', 'Yellow FS13538 (US Navy Blue Angels)', '#f5a100', 'Gloss', None], ['330', 'Dark Green BSC381C/641 (RAF Harrier, Jaguar)', '#2f4848', 'Satin', None], ['331', 'Dark Seagray  BS381C/638 (RAF Harrier, Jaguar)', '#4a575a', 'Satin', None], ['332', 'Light Aircraft Gray BS381C/627 (RAF Harrier, Jaguar)', '#9ca398', 'Satin', None], ['333', 'Extra Dark Sea Gray BS381C/640 (Royal Navy Sea Harrier)', '#1a4752', 'Satin', None], ['334', 'Barley Gray BS4800/18B21 (RAF F-4)', '#829693', 'Satin', None], ['335', 'Medium Seagray BSC381C/637 (RAF Balkan)', '#5e7678', 'Satin', None], ['336', 'Hemp BS4800/10B21 (RAF Nimrod) rgb(104, 142, 107)', '#688e6b', 'Satin', None], ['337', 'Grayish Blue FS35237 (US NAVY F-14, F-4)', '#317179', 'Satin', None], ['338', 'Light Gray FS36495 (US MARINE F-18)', '#bdc3c4', 'Satin', None], ['339', 'Engine Gray FS16081 (US NAVY SEA SPRITE)', '#1a4752', 'Gloss', None], ['340', 'Field Green FS34097 (US MARINE Cobra)', '#26553d', 'Satin', None], ['351', 'Zinc-Chromate Type1 FS34151', '#787745', 'Matt', None], ['352', 'Chromate Yellow Primer FS33481', '#baa210', 'Matt', None], ['361', 'Dark Green BS641', '#3a3e33', 'Matt', None], ['362', 'Ocean Gray', '#819399', 'Matt', None], ['363', 'Medium Seagray BS637', '#81939a', 'Matt', None], ['364', 'Aircraft Grey Green BS283', '#66825d', 'Matt', None], ['365', 'Gloss Sea Blue FS15042', '#00001e', 'Gloss', None], ['366', 'Intermediate Blue FS35164', '#5d778b', 'Matt', None], ['367', 'Blue Gray FS35189', '#719299', 'Matt', None], ['368', 'Sky BS381C/210', '#aabd98', 'Matt', None], ['369', 'Dark Earth BS381C/450', '#605133', 'Matt', None], ['370', 'Azure Blue', '#5685b2', 'Matt', None], ['374', 'Shallow Ocean Blue', '#4e80a9', 'Satin', None], ['375', 'Deep Ocean Blue', '#242b45', 'Satin', None], ['376', 'Radome Gray', '#bfc9c5', 'Satin', None], ['377', 'Aluminized Silver FS17178', '#d8d5dc', 'Metallic', None], ['378', 'JASDF Landing Gear White', '#edebea', 'Gloss', None], ['379', 'JASDF Cockpit Dark Gull Gray', '#959194', 'Satin', None], ['380', 'Blue FS15180', '#243f90', 'Gloss', None], ['381', 'Insignia White FS17925', '#f1eff2', 'Gloss', None], ['382', 'Light Gull Gray FS36440', '#8d8c9e', 'Matt', None], ['383', 'Dark Green (Kawanishi)', '#06473c', 'Satin', None], ['384', 'Cockpit Color (Kawanishi)', '#7b7e3e', 'Satin', None], ['385', 'Red (IJN Marking)', '#b6000e', 'Satin', None], ['391', 'Interior Turquoise Green/Soviet', '#00a38a', 'Satin', None], ['392', 'Interior Blue/Soviet', '#009bbd', 'Satin', None], ['393', 'Russian Aircraft Blue II', '#fff', 'Satin', None], ['411', 'Classic Silver', '#dcdcdc', 'Metallic', None], ['412', 'Brass', '#fff', 'Metallic', None], ['511', 'Russian Green "4BOΓÇ¥', '#435c35', 'Matt', None], ['512', 'Russian Green "4BOΓÇ¥ 1947-', '#575f35', 'Matt', None], ['513', 'Dark Grey DunkelGrau', '#3d4f5d', 'Matt', None], ['514', 'Gray ΓÇ¥GrauΓÇ¥', '#4b6f7a', 'Matt', None], ['515', 'Faded Gray ΓÇ¥BlassgrauΓÇ¥', '#597980', 'Matt', None], ['516', 'Dark Green 3414', '#41493a', 'Matt', None], ['517', 'Brown 3606', '#4f3c2d', 'Matt', None], ['518', 'Olive Drab 2314', '#3b3521', 'Satin', None], ['519', 'Bronzegrun', '#3b4d3a', 'Matt', None], ['520', 'Lederbraun', '#543b28', 'Matt', None], ['521', 'Teerschwarz - RAL9021 (NATO Black)', '#252c2c', 'Matt', None], ['522', 'Ground Color', '#4d4a48', 'Matt', None], ['523', 'Grass Color', '#4b5c49', 'Matt', None], ['524', 'Hay Color', '#827741', 'Matt', None], ['525', 'Green (Japanese Green)', '#1b4a3a', 'Matt', None], ['526', 'Brown (Japanese Brown)', '#84644c', 'Matt', None], ['527', 'Khaki (Japanese Khaki)', '#9d7b52', 'Matt', None], ['528', 'IDF Gray 1 (-1981 Sinai)', '#c6ae82', 'Matt', None], ['529', 'IDF Gray 2 (-1981 Golan)', '#857c69', 'Matt', None], ['530', 'IDF Gray 3 (Modern)', '#7a7259', 'Matt', None], ['601', 'IJN Hull Color/Kure', '#898c91', 'Matt', None], ['602', 'IJN Hull Color/Sasebo', '#6c716b', 'Matt', None], ['603', 'IJN Hull Color/Maizuru', '#9fa1ad', 'Matt', None], ['604', 'IJN Type 21 Camouflage Color', '#fff', 'Matt', None], ['605', 'IJN Type 22 Camouflage Color', '#fff', 'Matt', None], ['606', 'IJN Linoleum Deck Color', '#fff', 'Matt', None], ['607', 'JMSDF 2704 Gray N5', '#fff', 'Matt', None], ['608', 'JMSDF 2705 Dark Gray N4', '#fff', 'Matt', None], ['609', 'JMSDF Cleated Deck Color', '#fff', 'Matt', None], ['AC05', 'Stealth Blue', '#58617e', 'Gloss', None], ['AC06', 'Dominant Blue', '#788192', 'Satin', None], ['AC07', 'Flat Surface Blue', '#233c52', 'Satin', None], ['AVC01', 'Graphite black', '#32312c', 'Metallic', None], ['AVC02', 'Previous silver', '#e3e1d5', 'Metallic', None], ['AVC03', 'Cranberry red pearl', '#561519', 'Metallic', None], ['AVC04', 'Kitten blue pearl', '#dadfe2', 'Iridescent', None], ['AVC05', 'Previous blue', '#0d0c14', 'Gloss', None], ['AVC06', 'Russian aircraft blue 1', '#323240', 'Satin', None], ['AVC07', 'Previous red', '#47110e', 'Gloss', None], ['AVC08', 'Blood red 1', '#5d1916', 'Gloss', None], ['AVC09', 'Blood red 2', '#370d09', 'Gloss', None], ['CK1', 'Stone Wall', None, 'Satin', None], ['CK2', 'Roof Tile', '#fff', 'Satin', None], ['CK3', 'The Plaster', '#fff', 'Satin', None], ['CK4', 'Wood Floor-Pillar', '#fff', 'Satin', None], ['CL03', 'Lascivus Pale Clear Red', '#f5bfb4', 'Gloss', None], ['CL04', 'Lascivus Pale Clear Orange', '#f7c27e', 'Gloss', None], ['CL05', 'Lascivus Pale Clear Brown', '#f1824b', 'Gloss', None], ['CL101', 'Lascivus Aura Blond', '#f3f298', 'Gloss', None], ['CL102', 'Lascivus Aura Copper Brown', '#c6522b', 'Gloss', None], ['CL103', 'Lascivus Aura Black Hair', '#3c3e3d', 'Gloss', None], ['CL104', 'Lascivus Aura Pink Purple', '#e799c1', 'Gloss', None], ['CL105', 'Lascivus Aura Lilac', '#caa0c8', 'Gloss', None], ['MC211', 'Chrome Silver', '#fff', 'Metallic', None], ['MC212', 'Iron', '#fff', 'Metallic', None], ['MC213', 'Stainless', '#3a3c3a', 'Metallic', None], ['MC214', 'Dark Iron', '#111111', 'Metallic', None], ['MC215', 'Copper', '#bb826a', 'Metallic', None], ['MC216', 'Bronze', '#086225', 'Metallic', None], ['MC217', 'Gold', '#c8a00a', 'Metallic', None], ['MC218', 'Aluminum', '#d0d5db', 'Metallic', None], ['MC219', 'Brass', '#683613', 'Metallic', None], ['SC01', 'Hull color/Kure', '#898c91', 'Satin', None], ['SC02', 'Hull Color/Sasebo', '#6c716b', 'Satin', None], ['SC03', 'Hull color/Maizuru', '#9fa1ad', 'Satin', None], ['SC04', 'Type 21 Camouflage Color IJN', '#fff', 'Matt', None], ['SC05', 'Type 22 Camouflage Color IJN', '#fff', 'Matt', None], ['SC06', 'Linoleum Deck Color', '#fff', 'Matt', None], ['SC11', 'Haze Gray (5-H)', '#6d747a', 'Satin', None], ['SC12', 'Ocean Grey (5-O)', '#48575c', 'Satin', None], ['SC13', 'Sea Blue (5-S)', '#48575e', 'Satin', None], ['SC15', 'Flight Deck Stain (#21)', '#4f606c', 'Satin', None], ['SC16', 'Light Gray (5-L)', '#8d9fab', 'Satin', None], ['TC07', 'Dark Green 3414', '#3f4836', 'Matt', None], ['TC08', 'Brown 3606', '#4b412f', 'Matt', None], ['TC09', 'Olive Drab 2314', '#38361c', 'Satin', None], ['TC10', 'NATO Bronzegr├╝n RAL 6031 (Green)', '#3d4136', 'Matt', None], ['TC11', 'NATO Lederbraun RAL 8027 (Brown)', '#3e3427', 'Matt', None], ['TC12', 'NATO Teerschwarz RAL 9021 (Black)', '#242424', 'Matt', None], ['TC13', 'Ground Color', '#403c3c', 'Matt', None], ['TC14', 'Grass Color', '#4b5744', 'Matt', None], ['TC15', 'Hay Color', '#928231', 'Matt', None], ['TC16', 'Green', '#2e6844', 'Satin', None], ['TC17', 'Brown', '#8f6c51', 'Satin', None], ['TC18', 'Army Khaki', '#9e8250', 'Satin', None], ['UG01', 'Gundam Color MS White', '#ffffff', 'Satin', None], ['UG02', 'Gundam Color MS Blue', '#014798', 'Satin', None], ['UG03', 'Gundam Color MS Yellow', '#f9bf33', 'Satin', None], ['UG04', 'Gundam Color MS Red', '#c72526', 'Satin', None], ['UG05', "Gundam Color U.N.T.'s MS Grey", '#323232', 'Metallic', None], ['UG08', 'Gundam Color MS Purple', '#847ea4', 'Satin', None], ['UG14', 'Gundam Color MS Light Blue', '#fff', 'Satin', None], ['UG15', 'Gundam Color MS Phantom Grey', '#fff', 'Satin', None], ['UG17', 'Gundam Color MS Titans Blue 2', '#fff', 'Satin', None], ['YC03', 'Yamato Blue1', '#fff', 'Satin', None], ['YC16', 'Carmillas Red 1', '#be423a', 'Satin', None], ['YC17', 'Carmillas Red 2', '#9e7269', 'Satin', None], ['YC18', 'Carmillas Red 3', '#cc524f', 'Satin', None], ['YC19', 'Carmillas Blue 1', '#355179', 'Satin', None], ['YC20', 'Carmillas Green 5', '#066543', 'Satin', None], ['YC21', 'Carmillas Red 4', '#e11838', 'Gloss', None], ['YC30', 'Andromeda Gray 2', '#e9dbbe', 'Gloss', None], ['CL01', 'Lascivus White Peach', '#fbd7bd', 'Gloss', None], ['CL02', 'Lascivus Cocoa Milk', '#aa8072', 'Gloss', None], ['CL06', 'Lascivus Clear White', None, 'Gloss', None], ['CMC01', 'OD Highlight 1', '#495142', 'Matt', None], ['CMC02', 'OD Highlight 2', '#58604b', 'Matt', None], ['CMC03', 'OD Shadow', '#1e231c', 'Matt', None], ['CMC04', 'DY Highlight 1', '#cfa55d', 'Satin', None], ['CMC05', 'DY Highlight 2', '#dab96c', 'Satin', None], ['CMC06', 'DY Shadow', '#6a5224', 'Satin', None], ['CMC07', 'GG Highlight 1', '#434a54', 'Satin', None], ['CMC08', 'GG Highlight 2', '#5d6567', 'Satin', None], ['CMC09', 'GG Shadow', '#120f16', 'Satin', None], ['CMC10', 'RG CM Base', '#406f38', 'Satin', None], ['CMC11', 'RG Highlight 1', '#5d8352', 'Satin', None], ['CMC12', 'RG Highlight 2', '#91b671', 'Satin', None], ['CMC13', 'RG Shadow', '#134036', 'Satin', None], ['CR2', 'Magenta', None, 'Gloss', None], ['GX1', 'Cool White', '#ffffff', 'Gloss', None], ['GX2', 'Ueno Black', '#000000', 'Gloss', None], ['GX3', 'Hermann Red', '#ff0000', 'Gloss', None], ['GX4', 'Chiara Yellow', '#ffff00', 'Gloss', None], ['GX5', 'Susie Blue', '#004ea2', 'Gloss', None], ['GX6', 'Morrie Green', '#006830', 'Gloss', None], ['GX100', 'Super Clear III', '#ffffff', 'Gloss', None], ['GX101', 'GX Clear Black', '#fff', None, None], ['GX102', 'GX Deep Clear Red', '#fff', None, None], ['GX103', 'GX Deep Clear Blue', '#fff', None, None], ['GX104', 'GX Clear Green', '#fff', None, None], ['GX105', 'GX Clear Pink', None, None, None], ['GX106', 'GX Clear Orange', None, None, None], ['GX107', 'GX Clear Purple', None, None, None], ['GX108', 'GX Clear Violet', None, 'Gloss', None], ['GX109', 'GX Clear Brown', '#fff', None, None], ['GX110', 'Clear Silver', '#fff', 'Metallic', None], ['GX111', 'GX Clear Gold', None, None, None], ['GX112', 'Super Clear III UV Cut', '#ffffff', 'Varnish', None], ['GX113', 'Super Clear III UV Cut Flat', '#fefefe', 'Varnish', None], ['GX114', 'Flat Super Smooth Clear', '#ffffff', 'Varnish', None], ['GX121', 'GX Clear Rouge', None, 'Gloss', None], ['GX122', 'GX Clear Peacock Green', '#fff', 'Gloss', None], ['GX201', 'GX Metal Black', '#fff', 'Metallic', None], ['GX202', 'GX Metal Red', '#fff', 'Metallic', None], ['GX203', 'GX Metal Yellow', '#fff', 'Metallic', None], ['GX204', 'GX Metal Blue', '#fff', 'Metallic', None], ['GX205', 'GX Metal Green', '#fff', 'Metallic', None], ['GX206', 'GX metal Purple', '#fff', 'Matt', None], ['GX207', 'GX Metal Violet', '#fff', 'Metallic', None], ['GX208', 'GX Rough Silver', '#fff', 'Metallic', None], ['GX209', 'GX Red Gold', '#fff', 'Metallic', None], ['GX210', 'GX Blue Gold', '#fff', 'Metallic', None], ['GX211', 'GX Metal Yellow Green', '#fff', 'Metallic', None], ['GX212', 'GX Metal Peach', '#fff', 'Metallic', None], ['GX213', 'GX White Silver', '#fff', 'Metallic', None], ['GX214', 'GX Ice Silver', '#fff', 'Metallic', None], ['GX215', 'Metal Bloody Red', None, 'Metallic', None], ['GX216', 'metal Dark Blue', None, 'Gloss', None], ['GX217', 'GX Rough Gold', '#fff', 'Metallic', None], ['GX218', 'Graphite Black', '#fff', 'Metallic', None], ['SC10', 'Deck Blue (20-8)', '#07252f', 'Satin', None], ['UG02', 'Gundam Color MS Blue', '#fff', 'Satin', None], ['XC01', 'Mr. Crystal Color Diamond Silver', '#fff', 'Gloss', None], ['XC02', 'Topaz Gold', '#fff', 'Gloss', None], ['XC03', 'Mr. Crystal Color Ruby Red', '#fff', 'Gloss', None], ['XC04', 'Mr. Crystal Color Amethyst Purple', '#fff', 'Gloss', None], ['XC05', 'Mr. Crystal Color Saphire Blue', '#fff', 'Gloss', None], ['XC06', 'Mr. Crystal Color Tourmaline Green', '#fff', 'Gloss', None], ['XC07', 'Mr. Crystal Color Turquoise Green', '#fff', 'Gloss', None], ['XC08', 'Mr. Crystal Color Moonstone Pearl', '#fff', 'Gloss', None], ['YC22', 'Carmillas Purple 3', '#5860a9', 'Satin', None], ['YC23', 'Carmillas Green 6', '#44664d', 'Satin', None], ['YC24', 'Caemillas Gray 1', '#63636d', 'Satin', None], ['YC29', 'Andromeda Gray 1', '#bac3be', 'Gloss', None], ['MP-242', 'Mr. Metal Primer-R', None, None, None], ['RP-261', 'Mr. Resin Primer Surfacer', '#fff', 'Matt', None], ['SF-242', 'Mr. Metal Primer', '#fff', None, None], ['SF-281', 'Mr. Surfacer 1000', '#e6e6e6', 'Matt', None], ['SF-283', 'Mr. Base White 1000', '#ffffff', 'Matt', None], ['SF-284', 'Mr. Surfacer 1000', '#a0a0a0', 'Matt', None], ['SF-285', 'Mr. Surfacer 500', '#a0a0a0', 'Matt', None], ['SF-286', 'Mr. Surfacer 1200', None, 'Matt', None], ['SF-287', 'Mr. Primer Surfacer 1000', '#d3d3d3', 'Matt', None], ['SF-288', 'Mr. Finishing Surfacer 1500 Black', '#000000', 'Matt', None], ['SF-289', 'Mr. Finishing Surfacer 1500 Gray', '#7d7d7d', 'Matt', None], ['SF-290', 'Mr. Mahogany Surfacer 1000', None, 'Matt', None], ['SF-291', 'Mr. Finishing Surfacer 1500 White', '#ffffff', 'Matt', None], ['SF-292', 'Mr. Finishing Surfacer 1500 Pink', None, 'Matt', None], ['T101', 'Thinner 50', None, 'Thinners', None], ['B502', 'TOP COAT SEMI-GLOSS', '#ffffff', 'Satin', None], ['B601', 'Mr. Premium Top Coat Gloss', '#ffffff', 'Gloss', None], ['B602', 'Mr. Premium Top Coat Semi-Gloss', '#ffffff', 'Satin', None], ['B603', 'Mr. Premium Top Coat Flat', '#ffffff', 'Matt', None], ['1', 'White', '#ffffff', 'Gloss', None], ['2', 'Black', '#101010', 'Gloss', None], ['3', 'Red', '#ff0000', 'Gloss', None], ['4', 'Yellow', '#fde001', 'Gloss', None], ['5', 'Blue', '#0000ff', 'Gloss', None], ['6', 'Green', '#006734', 'Gloss', None], ['8', 'Silver', '#dcdcdd', 'Metallic', None], ['9', 'Gold', '#cba30d', 'Metallic', None], ['11', 'Light Gull Gray', '#bdc3c4', 'Satin', None], ['12', 'Olive Drab', '#685932', 'Satin', None], ['13', 'Neutral Gray', '#5b6b78', 'Satin', None], ['14', 'Navy Blue', '#004652', 'Satin', None], ['15', 'IJN Green (Nakajima)', '#013920', 'Satin', None], ['16', 'IJA Green', '#165b3f', 'Satin', None], ['28', 'Steel', '#201c1d', 'Metallic', None], ['29', 'Hull Red', '#603336', 'Satin', None], ['30', 'Flat Clear', '#ffffff', 'Matt', None], ['31', 'Dark Gray (1)', '#939391', 'Satin', None], ['32', 'Dark Grey (2)', '#6d6d6b', 'Satin', None], ['33', 'Flat Black', '#000000', 'Matt', None], ['34', 'Sky Blue', '#0195d9', 'Gloss', None], ['35', 'IJN Gray (Mitsubishi)', '#759586', 'Satin', None], ['38', 'OLIVE DRAB(2)', '#3b3521', 'Matt', None], ['39', 'Dark Yellow', '#b79764', 'Matt', None], ['40', 'German Gray (3/4 flat)', '#2c4248', 'Matt', None], ['41', 'Red Brown (3/4 flat)', '#4a2f32', 'Matt', None], ['42', 'Mahogany', '#4b3538', 'Satin', None], ['43', 'Wood Brown', '#71533b', 'Satin', None], ['44', 'Tan', '#c3a26d', 'Satin', None], ['46', 'Gloss Clear', '#ffffff', 'Gloss', None], ['47', 'Clear Red', '#e60012', 'Gloss', None], ['48', 'Clear Yellow', '#ffd900', 'Gloss', None], ['49', 'Clear Orange', '#ff6100', 'Gloss', None], ['50', 'Clear Blue', '#00a0e9', 'Gloss', None], ['58', 'Orange Yellow', '#faaa00', 'Satin', None], ['62', 'Flat White', '#ffffff', 'Matt', None], ['63', 'Pink', '#eb6d94', 'Gloss', None], ['64', 'Yellow Green', '#00a33b', 'Gloss', None], ['65', 'Bright Blue', '#004098', 'Gloss', None], ['66', 'Bright Green', '#009944', 'Gloss', None], ['67', 'Purple', '#3c2280', 'Gloss', None], ['68', 'Red Madder', '#d80c18', 'Gloss', None], ['69', 'Off White', '#f9f8f4', 'Gloss', None], ['70', 'Dark Green (3/4 Flat)', '#21423a', 'Matt', None], ['75', 'Metallic Red', '#b01f1e', 'Metallic', None], ['76', 'Metallic Blue', '#004ea2', 'Metallic', None], ['77', 'Metallic Green', '#00894f', 'Metallic', None], ['78', 'Metallic Black', '#231815', 'Metallic', None], ['79', 'Shine Red', '#e60012', 'Gloss', None], ['80', 'Cobalt Blue', '#1d2088', 'Satin', None], ['81', 'Russet', '#772a31', 'Gloss', None], ['82', 'Scarlet', '#fff', 'Gloss', None], ['90', 'Shine Silver', '#d3d3d4', 'Metallic', None], ['92', 'Semi Gloss Black', '#000000', 'Satin', None], ['97', 'Light Gray', '#b2beb2', 'Gloss', None], ['101', 'Smoke Gray', '#e6e6e6', 'Gloss', None], ['107', 'Character White', '#f5f6f4', 'Satin', None], ['108', 'Character Red', '#c8161e', 'Satin', None], ['109', 'Character Yellow', '#f08300', 'Satin', None], ['110', 'Character Blue', '#004098', 'Satin', None], ['111', 'Character Flesh 1', '#fce4d6', 'Satin', None], ['112', 'Character Flesh 2', '#f6bcb8', 'Satin', None], ['115', 'RLM65 Light Blue', '#779aa8', 'Satin', None], ['117', 'RLM76 Light Blue', '#bfd5d4', 'Satin', None], ['124', 'Dark Green (Mitsubishi)', '#004d20', 'Satin', None], ['129', 'Dark Green (Nakajima)', '#45644d', 'Satin', None], ['151', 'White Pearl', '#ffffff', 'Iridescent', None], ['B505', 'Mr. Surfacer 1000', '#fff', 'Matt', None], ['B506', 'Mr. Surfacer 500 Spray', '#c8c8c8', 'Matt', None], ['SG14', 'Gundam Color MS Light Blue', None, 'Satin', None], ['SJ01', 'Kure Naval Arsenal (3/4 Flat)', '#fff', 'Matt', None], ['SJ02', 'Sasebo Naval Arsenal (3/4 Flat)', '#fff', 'Matt', None], ['YS01', 'Space Battleship Yamato Gray', '#fff', 'Satin', None], ['YS02', 'Space Battleship Yamato Red', '#fff', 'Satin', None], ['T102', 'Mr COLOR THINNER', None, 'Thinners', None], ['T-106', 'Leveling Thinner', None, 'Thinners', None], ['B511', 'Mr. White Surfacer 1000', '#ffffff', 'Matt', None], ['B513', 'Mr. Super Clear Gloss', '#ffffff', 'Gloss', None], ['B514', 'Mr. Super Clear Flat', '#ffffff', 'Matt', None], ['B515', 'Mr. Surfacer 1200', '#c0c0c0', 'Matt', None], ['B516', 'Mr. Super Clear Semi-Gloss', '#ffffff', 'Satin', None], ['B519', 'Mr. Surfacer 1000', '#e6e6e6', 'Matt', None], ['B-519', 'Mr. Surfacer 1000', '#e6e6e6', 'Matt', None], ['B522', 'Mr. Super Clear Gloss UV Cut', None, 'Gloss', None], ['B523', 'Mr. Super Clear Flat', '#fff', 'Matt', None], ['B524', 'Mr. Primer Surfacer 1000 - Gray', None, 'Matt', None], ['B525', 'Mr. Oxide Red Surfacer 1000', '#985344', 'Matt', None], ['B526', 'Mr. Finishing Surfacer 1500 Black', '#000000', 'Matt', None], ['B527', 'Mr. Finishing Surfacer 1500 Gray', '#9da8a5', 'Matt', None], ['B528', 'Mr. Mahogany Surfacer 1000', None, 'Matt', None], ['B529', 'Mr. Finishing Surfacer 1500 White', '#fafafa', 'Matt', None], ['B530', 'Mr Super Smooth Clear', None, 'Matt', None], ['B518', 'Mr. Base White 1000', '#ffffff', 'Matt', None], [None, None, None, 'Thinners', None], ['T103', 'Thinner', None, 'Thinners', None], ['T104', 'Thinner 400', None, 'Thinners', None], ['T-108', 'Leveling Thinner 400', None, 'Thinners', None], ['T-117', 'Rapid Thinner', None, 'Thinners', None], ['T103', 'Mr COLOR THINNER', None, 'Thinners', None], ['SM201', 'Super Metallic 2 - Super Fine Silver', '#c8c8ca', 'Metallic', None], ['SM202', 'Super Metallic 2 - Super Gold', '#c7aa5a', 'Metallic', None], ['SM203', 'Super Metallic 2 - Super Iron', '#201c1d', 'Metallic', None], ['SM204', 'Super Metallic 2 - Super Stainless', '#868581', 'Metallic', None], ['SM205', 'Super Metallic 2 - Super Titanum', '#878681', 'Metallic', None], ['SM206', 'Super Metallic 2 - Super Chrome Silver', '#c7c8ca', 'Metallic', None], ['SM207', 'Super Metallic 2 - Super Rich Gold', '#cba30d', 'Metallic', None], ['SM208', 'Super Metallic 2 - Super Duraluminum', '#75777f', 'Metallic', None], ['SM209', 'Super Metallic 2 - Super Copper', '#ce722a', 'Metallic', None], ['SM01', 'Super Fine Silver', None, 'Metallic', None], ['SM02', 'Super Gold', '#fff', 'Metallic', None], ['SM04', 'Super Stainless', '#fff', 'Metallic', None], ['SM06', 'Chrome Silver', '#c7c8ca', 'Matt', None], ['SM08', 'Super Metallic PLATE SILVER', '#fff', 'Metallic', None], ['CS631', 'Israel Defence Forces Armoured Fighting Vehicle Color Set', '#7a7259', None, None], ['CS641', 'Imperial Japanese Naval Arsenal Colors', '#898c91', None, None], ['CS644', 'WWII US NAVY WARSHIP Camouflage Color Set 2', '#303c4a', None, None], ['CS661', 'JGSDF Vehicle Color Set', '#3f4836', None, None], ['CS662', 'Japanese Army Tank Color Early Ver.', '#2e6844', None, None], ['CS663', 'Imperial Japanese Army', '#403c3c', None, None], ['CS664', 'NATO Tank Color', '#3d4136', None, None], ['CS665', 'J.A.S.D.F. Oceanic Camouflage Color Set', '#4e80a9', None, None], ['CS666', 'J.A.S.D.F. Aluminized Old-timer Colors', '#d8d5dc', None, None], ['CS667', 'J.A.S.D.F. T-4 Blue Impulse Color Set Ver.2', '#8d8c9e', None, None], ['CS668', 'Kawanishi N1K2-J Color Set', '#06473c', None, None], ['CS669', 'Ace Combat UNF Ridgebacks Squadron Colors', '#58617e', None, None], ['CS681', 'WWII U.S.Army & Navy Royal Air (Aircraft Interior Color Set)', '#5f623d', None, None], ['CS682', 'WWII U.S. Naval Aircraft (Standard Color Set)', '#00001e', None, None], ['CS683', 'WWII Royal Air Force Color Early Period & Desert Camouflage', '#aabd98', None, None], ['CS684', 'WWII Royal Air Force Color Middle-Late Period', '#3a3e33', None, None], ['CS881', 'Mr. Color Space Battleship Yamato Color Set (YC01, 02, 03)', '##fff', None, None], ['CS886', 'Garmillass Darold Color Set', '#be423a', None, None], ['CS887', 'Garmillas Warships Color Set 3', '#e11838', None, None], ['CS888', 'Guipellon Class Color Set', '#44664d', None, None], ['CS581', 'Color Modulation Set Olive Drab Version', '#363930', None, None], ['CS582', 'Color Modulation Set Dark Yellow Version', '#b79764', None, None], ['CS583', 'Color Modulation Set German Gray Version', '#282737', None, None], ['CS584', 'Color Modulation Set Russian Green Version', '#406f38', None, None], ['CS643', 'WWII US NAVY Warship Camouflage Color Set 1', '#07252f', None, None], ['PP101', 'Weathering Pastel Set 1', None, None, None], ['PP102', 'WEATHERING PASTEL SET 2', None, None, None]], 'MR.Paint': [['MRP-A001', 'Russian Cockpit Turquoise', '#338f80', 'Satin', 'Acrylic'], ['MRP-A002', 'Sukhoi Cockpit Blue-Grey', '#6ea3a5', 'Satin', 'Acrylic'], ['MRP-A003', 'Russian Cockpit Blue (Mig-15, Mig-17, Mig-19)', '#4fa4b8', 'Satin', 'Acrylic'], ['MRP-A004', 'RLM 02 Grau - WWII Germany', '#787360', 'Satin', 'Acrylic'], ['MRP-A005', 'RLM 66 Schwarzgrau - WWII Germany', '#34393b', 'Satin', 'Acrylic'], ['MRP-A006', 'Interior Grey-Green - WWII RAF', '#69755d', 'Satin', 'Acrylic'], ['MRP-A007', 'Interior Green (FS34151, ANA 611) - WWII US', '#64633c', 'Satin', 'Acrylic'], ['MRP-A008', 'Interior Bronze-Green - WWII US', '#2e5a50', 'Satin', 'Acrylic'], ['MRP-A009', 'Interior Dark Dull Green - WWII US', '#467a76', 'Satin', 'Acrylic'], ['MRP-A010', 'Zinc-Chromate Primer - WWII US', '#c4a451', 'Satin', 'Acrylic'], ['MRP-A011', 'Salmon-Pink Primer - WWII US', '#ca7863', 'Matt', 'Acrylic'], ['MRP-A012', 'Black', '#000000', 'Satin', 'Acrylic'], ['MRP-A013', 'Matt Black', '#1e1a1b', 'Matt', 'Acrylic'], ['MRP-A014', 'White', '#ffffff', 'Satin', 'Acrylic'], ['MRP-A015', 'Matt White', '#ffffff', 'Matt', 'Acrylic'], ['MRP-A016', 'Tyre-Rubber (Matt)', '#383838', 'Matt', 'Acrylic'], ['MRP-A017', 'Chipping Dark Brown Matt', '#2c2829', 'Matt', 'Acrylic'], ['MRP-A018', "Primer Red RAL 8012 - German WWII AFV's", '#64332b', 'Satin', 'Acrylic'], ['MRP-A019', "Tank Grey RAL 7021 - German WWII AFV's", '#30322a', 'Satin', 'Acrylic'], ['MRP-A020', "Olive Green RAL 6003 - German WWII AFV's", '#4e533b', 'Satin', 'Acrylic'], ['MRP-A021', "Red Brown RAL 8017 - German WWII AFV's", '#432f29', 'Satin', 'Acrylic'], ['MRP-A022', "Dark Yellow RAL 7028 - German WWII AFV's", '#a9854b', 'Satin', 'Acrylic'], ['MRP-A023', "Cream RAL 9001 - German WWII AFV's", '#e7e1d5', 'Satin', 'Acrylic'], ['MRP-A024', 'Russian Cockpit Sealant', '#cea39c', 'Satin', 'Acrylic'], ['MRP-A025', '4BO Green (1941) Russian AFV', '#464123', 'Satin', 'Acrylic'], ['MRP-A026', '4BO Green (1947) Russian AFV', '#6c5c3b', 'Satin', 'Acrylic'], ['MRP-A027', '6K - Brown - Russian AFV', '#2b2115', 'Satin', 'Acrylic'], ['MRP-A028', '7K - Tan - Russian AFV', '#8e795e', 'Satin', 'Acrylic'], ['MRP-A029', 'Soviet Protective Green KHV-518 (T-54,55,62,64,72)', '#485124', 'Satin', 'Acrylic'], ['MRP-A030', 'Russian Protective Green NC-1200 (T-14 Armata)', '#445044', 'Satin', 'Acrylic'], ['MRP-A031', 'Khaki ─îSN 5450', '#4b473b', 'Satin', 'Acrylic'], ['MRP-A032', 'Cockpit Light Grey (MiG-29) Russian AF', '#91a0a3', 'Satin', 'Acrylic'], ['MRP-A033', 'Cockpit Light Blue (MiG-29 SMT 9-19) Russian AF', '#a2bcbb', 'Satin', 'Acrylic'], ['MRP-A034', 'Green (Russian aircraft wheel hubs and antenna covers)', '#39511f', 'Satin', 'Acrylic'], ['MRP-A035', 'Red Engine Covers for Aircraft', '#af1709', 'Satin', 'Acrylic'], ['MRP-A036', 'RLM 04 Gelb - WWII Germany', '#f1cf39', 'Satin', 'Acrylic'], ['MRP-A037', 'RLM 23 Rot - WWII Germany', '#bb2620', 'Satin', 'Acrylic'], ['MRP-A038', 'RLM 24 Dunkelblau - WWII Germany', '#004d81', 'Satin', 'Acrylic'], ['MRP-A039', 'RLM 25 Hellgrun - WWII Germany', '#40705a', 'Satin', 'Acrylic'], ['MRP-A040', 'RLM 61 Dunkelbraun - WWII Germany', '#3f3a37', 'Satin', 'Acrylic'], ['MRP-A041', 'RLM 62 Grun - WWII Germany', '#5a5a3e', 'Satin', 'Acrylic'], ['MRP-A042', 'RLM 63 Hellgrau - WWII Germany', '#6f6d60', 'Satin', 'Acrylic'], ['MRP-A043', 'RLM 65 Hellblau - WWII Germany', '#7fa29b', 'Satin', 'Acrylic'], ['MRP-A044', 'RLM 70 Schwarzgrun - WWII Germany', '#343a38', 'Satin', 'Acrylic'], ['MRP-A045', 'RLM 71 Dunkelgrun - WWII Germany', '#3e3c2d', 'Satin', 'Acrylic'], ['MRP-A046', 'RLM 72 Grun - WWII Germany', '#3e3f3a', 'Satin', 'Acrylic'], ['MRP-A047', 'RLM 73 Grun - WWII Germany', '#38423a', 'Satin', 'Acrylic'], ['MRP-A048', 'RLM 74 Graugrun - WWII Germany', '#424844', 'Satin', 'Acrylic'], ['MRP-A049', 'RLM 75 Grauviolet - WWII Germany', '#5f6062', 'Satin', 'Acrylic'], ['MRP-A050', 'RLM 76 Lichtblau - WWII Germany', '#a0b0a5', 'Satin', 'Acrylic'], ['MRP-A051', 'RLM 76 Blaugrun late war variant - WWII Germany', '#9db6a0', 'Satin', 'Acrylic'], ['MRP-A052', 'RLM 76 Grunblau late war variant - WWII Germany', '#c9c699', 'Satin', 'Acrylic'], ['MRP-A053', 'RLM 77 Hellgrau - WWII Germany', '#b4bcb0', 'Satin', 'Acrylic'], ['MRP-A054', 'RLM 78 Hellblau - WWII Germany', '#6baec1', 'Satin', 'Acrylic'], ['MRP-A055', 'RLM 79 Sandgelb variant 1 - WWII Germany', '#bc773f', 'Satin', 'Acrylic'], ['MRP-A056', 'RLM 79 Sandgelb variant 2 - WWII Germany', '#915a2b', 'Satin', 'Acrylic'], ['MRP-A057', 'RLM 80 Olivgrun - WWII Germany', '#344029', 'Satin', 'Acrylic'], ['MRP-A058', 'RLM 81 Braunviolett variant 1 - WWII Germany', '#443f2c', 'Satin', 'Acrylic'], ['MRP-A059', 'RLM 81 Braunviolett variant 2 - WWII Germany', '#4c423b', 'Satin', 'Acrylic'], ['MRP-A060', 'RLM 82 Hellgrun - WWII Germany', '#4d5439', 'Satin', 'Acrylic'], ['MRP-A061', 'RLM 83 Dunkelgrun - WWII Germany', '#4f4739', 'Satin', 'Acrylic'], ['MRP-A062', 'Insignia White (FS17875, ANA515) US Navy', '#e3ddc5', 'Gloss', 'Acrylic'], ['MRP-A063', 'Light Gull Gray (FS36440, ANA602) US Navy', '#a5a396', 'Satin', 'Acrylic'], ['MRP-A064', 'Haze Grey (FS36270)', '#7c8282', 'Satin', 'Acrylic'], ['MRP-A065', 'Light Ghost Gray (Medium Grey) (FS36375)', '#8d97a0', 'Satin', 'Acrylic'], ['MRP-A066', 'Gunship Grey (FS36118, ANA603)', '#435360', 'Satin', 'Acrylic'], ['MRP-A067', 'Traffic Yellow RAL 1023', '#edb802', 'Satin', 'Acrylic'], ['MRP-A068', 'Pure Orange RAL 2003', '#dd5303', 'Satin', 'Acrylic'], ['MRP-A069', 'Traffic Red RAL 3020', '#b81b14', 'Satin', 'Acrylic'], ['MRP-A070', 'Signal Blue RAL 5005', '#014188', 'Satin', 'Acrylic'], ['MRP-A071', 'Emerald Green RAL 6001', '#326834', 'Satin', 'Acrylic'], ['MRP-A072', 'Sea Blue (ANA623, ANA606, FS15042) WWII US Navy', '#09232f', 'Satin', 'Acrylic'], ['MRP-A073', 'Intermediate Blue (FS35164, ANA608) - WWII US Navy', '#486972', 'Satin', 'Acrylic'], ['MRP-F001', 'Black', '#0f0f0f', 'Matt', 'Acrylic'], ['MRP-F002', 'Pure White', '#fefdfb', 'Matt', 'Acrylic'], ['MRP-F003', 'Lemon Yellow', '#eaf61b', 'Matt', 'Acrylic'], ['MRP-F004', 'Sun Yellow - Primary', '#f7e604', 'Matt', 'Acrylic'], ['MRP-F005', 'Deep Yellow', '#f7b102', 'Matt', 'Acrylic'], ['MRP-F006', 'Orange Yellow', '#f99001', 'Matt', 'Acrylic'], ['MRP-F007', 'Bright Orange', '#f57d05', 'Matt', 'Acrylic'], ['MRP-F008', 'Fire Orange', '#f5540e', 'Matt', 'Acrylic'], ['MRP-F009', 'Salmon', '#f54e36', 'Matt', 'Acrylic'], ['MRP-F010', 'Orange Red', '#e82715', 'Matt', 'Acrylic'], ['MRP-F011', 'Bright Red', '#e30019', 'Matt', 'Acrylic'], ['MRP-F012', 'Blood Red', '#b00115', 'Matt', 'Acrylic'], ['MRP-F013', 'Deep Red', '#7f171e', 'Matt', 'Acrylic'], ['MRP-F014', 'Magenta - Primary', '#840e30', 'Matt', 'Acrylic'], ['MRP-F015', 'Dark Rose', '#f156a0', 'Matt', 'Acrylic'], ['MRP-F016', 'Fuchsia', '#ae428d', 'Matt', 'Acrylic'], ['MRP-F017', 'Lilac', '#5c469b', 'Matt', 'Acrylic'], ['MRP-F018', 'Violet', '#4c3a70', 'Matt', 'Acrylic'], ['MRP-F019', 'Blurple', '#3a3c75', 'Matt', 'Acrylic'], ['MRP-F020', 'Ultramarine Blue', '#37376d', None, 'Acrylic'], ['MRP-F021', 'Navy Blue', '#313a61', 'Matt', 'Acrylic'], ['MRP-F022', 'Midnight Blue', '#35383d', 'Matt', 'Acrylic'], ['MRP-F023', 'Dark Sea Blue', '#2f3430', 'Matt', 'Acrylic'], ['MRP-F024', 'Pure Blue', '#314d96', 'Matt', 'Acrylic'], ['MRP-F025', 'Sky Blue', '#89c9ed', 'Matt', 'Acrylic'], ['MRP-F026', 'Adriatic Blue', '#4ab7fa', 'Matt', 'Acrylic'], ['MRP-F027', 'Cyan - Primary', '#264c73', 'Matt', 'Acrylic'], ['MRP-F028', 'Turquoise', '#2d6387', 'Matt', 'Acrylic'], ['MRP-F029', 'Caribbean Blue', '#53d6ea', 'Matt', 'Acrylic'], ['MRP-F030', 'Jade Green', '#4cbaaf', 'Matt', 'Acrylic'], ['MRP-F031', 'Emerald Green', '#2e6d5a', 'Matt', 'Acrylic'], ['MRP-F032', 'Forest Green', '#234143', 'Matt', 'Acrylic'], ['MRP-F033', 'Army Green', '#484a35', 'Matt', 'Acrylic'], ['MRP-F034', 'Foliage Green', '#3f5a31', 'Matt', 'Acrylic'], ['MRP-F035', 'Grass Green', '#345d31', 'Matt', 'Acrylic'], ['MRP-F036', 'Pastel Green', '#659549', 'Matt', 'Acrylic'], ['MRP-F037', 'Toxic Green', '#65c025', 'Matt', 'Acrylic'], ['MRP-F038', 'Slime Green', '#9ca028', 'Matt', 'Acrylic'], ['MRP-F039', 'Swamp Green', '#585834', 'Matt', 'Acrylic'], ['MRP-F040', 'Olive Drab', '#473f32', 'Matt', 'Acrylic'], ['MRP-F041', 'Dark Brown', '#443d37', 'Matt', 'Acrylic'], ['MRP-F042', 'Slate Brown', '#897e68', 'Matt', 'Acrylic'], ['MRP-F043', 'Earth Brown', '#685836', 'Matt', 'Acrylic'], ['MRP-F044', 'Sand Brown', '#bea153', 'Matt', 'Acrylic'], ['MRP-F045', 'Gold Brown', '#da9b3c', 'Matt', 'Acrylic'], ['MRP-F046', 'Yellow Ochre', '#dfb94e', 'Matt', 'Acrylic'], ['MRP-F047', 'Orange Rust', '#dd8a46', 'Matt', 'Acrylic'], ['MRP-F048', 'Terracotta', '#bc5a41', 'Matt', 'Acrylic'], ['MRP-F049', 'Chocolate', '#473b2f', 'Matt', 'Acrylic'], ['MRP-F050', 'Light Leather', '#a07741', 'Matt', 'Acrylic'], ['MRP-F051', 'Orange Leather', '#7b503d', 'Matt', 'Acrylic'], ['MRP-F052', 'Brown Leather', '#4e4026', 'Matt', 'Acrylic'], ['MRP-F053', 'Black Leather', '#373634', 'Matt', 'Acrylic'], ['MRP-F054', 'Charcoal Grey', '#3c4144', 'Matt', 'Acrylic'], ['MRP-F055', 'Storm Grey', '#666b71', 'Matt', 'Acrylic'], ['MRP-F056', 'Stone Grey', '#b3b7b8', 'Matt', 'Acrylic'], ['MRP-F057', 'Blue-Grey', '#708cb3', 'Matt', 'Acrylic'], ['MRP-F058', 'Green-Grey', '#81a78e', 'Matt', 'Acrylic'], ['MRP-F059', 'Brown-Grey', '#b9a686', 'Matt', 'Acrylic'], ['MRP-F060', 'Dust Grey', '#e3e0cf', 'Matt', 'Acrylic'], ['MRP-F061', 'Silver Grey', '#dadbdd', 'Matt', 'Acrylic'], ['MRP-F062', 'Undead Skin', '#dbe6c8', 'Matt', 'Acrylic'], ['MRP-F063', 'Bone White', '#f3f1e4', 'Matt', 'Acrylic'], ['MRP-F064', 'Pale Skin', '#ebcda9', 'Matt', 'Acrylic'], ['MRP-F065', 'Rosy Skin', '#dfb698', 'Matt', 'Acrylic'], ['MRP-F066', 'Light Skin', '#e4ae68', 'Matt', 'Acrylic'], ['MRP-F067', 'Sunny Skin', '#e69a5e', 'Matt', 'Acrylic'], ['MRP-F068', 'Light Fleshtone', '#c69b68', 'Matt', 'Acrylic'], ['MRP-F069', 'Basic Fleshtone', '#c49873', 'Matt', 'Acrylic'], ['MRP-F070', 'Pink Fleshtone', '#bc816f', 'Matt', 'Acrylic'], ['MRP-F071', 'Golden Shadow', '#9e6e46', 'Matt', 'Acrylic'], ['MRP-F072', 'Brown Shadow', '#4a3226', 'Matt', 'Acrylic'], ['MRP-F073', 'Red Shadow', '#492f2e', 'Matt', 'Acrylic'], ['MRP-F074', 'Purple Shadow', '#44353a', 'Matt', 'Acrylic'], ['MRP-F075', 'Deep Shadow', '#34393d', 'Matt', 'Acrylic'], ['MRP-F076', 'Deep Purple', '#31275b', 'Matt', 'Acrylic'], ['MRP-F077', 'Prussian Blue', '#1c2463', 'Matt', 'Acrylic'], ['MRP-F078', 'Pure Green', '#368e44', 'Matt', 'Acrylic'], ['MRP-F079', 'Vermilion', '#ea3430', 'Matt', 'Acrylic'], ['MRP-F080', 'Brick Red', '#d85634', 'Matt', 'Acrylic'], ['MRP-F081', 'Milk Chocolate', '#7a5640', 'Matt', 'Acrylic'], ['MRP-F082', 'Gold - Metallic', None, 'Metallic', 'Acrylic'], ['MRP-F083', 'Brass - Metallic', None, 'Metallic', 'Acrylic'], ['MRP-F084', 'Copper - Metallic', None, 'Metallic', 'Acrylic'], ['MRP-F085', 'Bronze - Metallic', None, 'Metallic', 'Acrylic'], ['MRP-F086', 'Burn Metal - Metallic', None, 'Metallic', 'Acrylic'], ['MRP-F087', 'Gunmetal - Metallic', None, 'Metallic', 'Acrylic'], ['MRP-F088', 'Steel - Metallic', None, 'Metallic', 'Acrylic'], ['MRP-F089', 'Silver - Metallic', None, 'Metallic', 'Acrylic'], ['MRP-F090', 'Chrome - Metallic', None, 'Metallic', 'Acrylic'], ['MRP-F091', 'Smoke - Ink', '#666666', 'Matt', 'Acrylic'], ['MRP-F092', 'Brown - Ink', '#7f5837', 'Matt', 'Acrylic'], ['MRP-F093', 'Sepia - Ink', '#75592a', 'Matt', 'Acrylic'], ['MRP-F094', 'Yellow - Ink', '#f0d645', 'Matt', 'Acrylic'], ['MRP-F095', 'Oxide Red - Ink', '#d8673b', 'Matt', 'Acrylic'], ['MRP-F096', 'Magenta - Ink', '#c33e5b', 'Matt', 'Acrylic'], ['MRP-F097', 'Purple - Ink', '#664e9c', 'Matt', 'Acrylic'], ['MRP-F098', 'Blue - Ink', '#43429f', 'Matt', 'Acrylic'], ['MRP-F099', 'Cyan - Ink', '#3074bb', 'Matt', 'Acrylic'], ['MRP-F100', 'Green - Ink', '#329f7f', 'Matt', 'Acrylic'], ['MRP-APB', 'Primer Flesh Tone', None, 'Matt', 'Acrylic'], ['MRP-APB', 'Primer BLACK', None, 'Matt', 'Acrylic'], ['MRP-APG', 'Primer GREY', None, 'Matt', 'Acrylic'], ['MRP-APW', 'Primer WHITE', '#ffffff', 'Satin', 'Acrylic'], ['MRP-ART', 'Rapid Thinner only for MRP-A paints', '#fff', 'Thinners', 'Acrylic'], ['MRP-FPB', 'Primer - Matt Black', None, 'Matt', 'Acrylic'], ['MRP-FPF', 'Primer - Matt Flesh Tone', None, 'Matt', 'Acrylic'], ['MRP-FPG', 'Primer - Matt Grey', None, 'Matt', 'Acrylic'], ['MRP-FPW', 'Primer - Matt White', None, 'Matt', 'Acrylic'], [None, None, None, 'Thinners', None], ['MRP-007.1', 'Black 2K High Gloss [2 Component Polyurethane Set]', None, 'Gloss', None], ['MRP-007.2', 'Black 2K High Gloss [2 Component Polyurethane Set]', None, 'Gloss', None], ['MRP-001', 'Russian Turquoise Cockpit', '#338f80', 'Satin', None], ['MRP-002', 'Insignia Red US Navy Training and Arctic Camo', '#d23727', 'Satin', None], ['MRP-003', 'Super Silver Metallic', '#c1bcb9', 'Metallic', None], ['MRP-004', 'White', '#ffffff', 'Satin', None], ['MRP-005', 'Black', '#20201f', 'Matt', None], ['MRP-6', 'MRP-006 Marking Red - Czech & Slovak Insignia', '#fff', 'Matt', None], ['MRP-006', 'Orange Metallic', '#e85324', 'Metallic', None], ['MRP-7', 'MRP-007 Marking Blue - Czech & Slovak Insignia', '#fff', 'Matt', None], ['MRP-007', 'Blue Metallic for Subaru BRZ', '#22427f', 'Metallic', None], ['MRP-008', 'Duraluminium', '#7f9497', 'Metallic', None], ['MRP-009', 'White Aluminium', '#bfbebd', 'Metallic', None], ['MRP-010', 'Brown Green ─îSN2250', '#898f54', 'Satin', None], ['MRP-011', 'Grey Green', '#55544d', 'Satin', None], ['MRP-012', 'Reed Green RAL 6013', '#787154', 'Satin', None], ['MRP-013', 'Khaki ─îSN5450', '#464938', 'Satin', None], ['MRP-014', 'ANA623 Sea Blue', '#324b70', 'Satin', None], ['MRP-015', 'AMT-1 | Light Brown | WWII Russia', '#6f6452', 'Satin', None], ['MRP-016', 'AMT-4 | Camouflage Green | WWII Russia', '#484220', 'Satin', None], ['MRP-017', 'AMT-6 | Black | WWII Russia', '#424245', 'Satin', None], ['MRP-018', 'AMT-7 | Grey-Blue | WWII Russia', '#75a29b', 'Satin', None], ['MRP-019', 'AMT-11 Blue Grey', '#5a6267', 'Satin', None], ['MRP-020', 'AMT-12 Dark Grey', '#474c50', 'Satin', None], ['MRP-021', 'A-14 Faded Grey', '#798385', 'Satin', None], ['MRP-022', 'A-21 Brown', '#847f6e', 'Satin', None], ['MRP-023', 'A II 3 | Green | WWII Russia', '#484741', 'Satin', None], ['MRP-024', 'A II G | Light Blue | WWII Russia', '#75a29b', 'Satin', None], ['MRP-025', 'A II KR | Red | WWII Russia', '#c1493b', 'Satin', None], ['MRP-026', 'Russian Green 4BO', '#646242', 'Satin', None], ['MRP-027', 'Light Pastel Grey ─îSN 1010', '#a4afa8', 'Satin', None], ['MRP-028', 'Dark Chrome Yellow (─îSN 6400)', '#ee9c21', 'Satin', None], ['MRP-029', 'Dark Rust FS30061', '#4b231a', 'Matt', None], ['MRP-030', 'Steel Metallic', '#666867', 'Metallic', None], ['MRP-031', 'Chrome', '#c0bebe', 'Metallic', None], ['MRP-032', 'Green (Russian aircraft wheel hubs and antenna covers)', '#4f5b41', 'Satin', None], ['MRP-033', 'RAL 8012 PRIMER RED', '#64332b', 'Satin', None], ['MRP-034', "Tank Grey - WWII German AFV's RAL 7021", '#303234', 'Satin', None], ['MRP-035', "RAL 6003 Olive Green - WWII German AFV's FS34097", '#4e533b', 'Satin', None], ['MRP-036', "RAL 8017 Red Brown - WWII German AFV's FS30108", '#432f29', 'Satin', None], ['MRP-037', "RAL 7028 Dark Yellow - WWII German AFV's FS33448", '#897a2f', 'Satin', None], ['MRP-038', 'Light Ghost Grey (Medium Grey) FS36375', '#8d97a0', 'Satin', None], ['MRP-039', 'Grey FS36270', '#7c8282', 'Satin', None], ['MRP-040', 'Gunship Grey | FS36118 / ANA603', '#5c6169', 'Satin', None], ['MRP-041', 'Red Engine covers for aircraft', '#a71e22', 'Satin', None], ['MRP-042', 'Red - Chassis Covers SU-27, SU-35, SU-37', '#c82026', 'Satin', None], ['MRP-043', 'Light Blue SU-27 - Ukraine AF', '#c6d8db', 'Satin', None], ['MRP-044', 'Blue SU-27 - Ukraine AF', '#aabfc3', 'Satin', None], ['MRP-045', 'Dark Blue SU-27 - Ukraine AF', '#38698f', 'Satin', None], ['MRP-046', 'Light Grey SU-27 - Ukraine AF', '#c6d8d9', 'Satin', None], ['MRP-047', 'Dark Grey Radio antenna SU-27, Mig 29', '#565a58', 'Satin', None], ['MRP-048', 'Super Clear Gloss Varnish', '#ffffff', 'Varnish', None], ['MRP-049', 'Light Grey Blue', '#85a593', 'Satin', None], ['MRP-050', 'RLM02 Grau FS36165', '#9b9365', 'Satin', None], ['MRP-051', 'RLM 04 Gelb FS33538', '#daa528', 'Satin', None], ['MRP-052', 'RLM 23 Rot FS31136', '#b72124', 'Satin', None], ['MRP-053', 'RLM 24 Dunkelblau FS35052', '#097678', 'Satin', None], ['MRP-054', 'RLM 25 Hellgr├╝n FS34108', '#40705a', 'Satin', None], ['MRP-055', 'RLM 61 Dunkelbraun', '#3f3a37', 'Satin', None], ['MRP-056', 'RLM 62 Gr├╝n', '#5a5a3e', 'Satin', None], ['MRP-057', 'RLM 63 Hellgrau', '#6f6d60', 'Satin', None], ['MRP-058', 'RLM 65 Hellblau', '#88a7a1', 'Satin', None], ['MRP-059', 'RLM 66 Schwarzgrau FS36081', '#33383c', 'Satin', None], ['MRP-060', 'RLM 70 Schwarzgr├╝n FS34052', '#5d6059', 'Satin', None], ['MRP-061', 'RLM 71 Dunkelgr├╝n FS34077', '#3e3c4a', 'Satin', None], ['MRP-062', 'RLM 72 Gr├╝n FS34058', '#3e3f3a', 'Satin', None], ['MRP-063', 'RLM 73 Gr├╝n FS36307', '#3b423b', 'Satin', None], ['MRP-064', 'RLM 74 Graugr├╝n FS36099', '#434945', 'Satin', None], ['MRP-065', 'RLM 75 Grauviolett', '#5f6062', 'Satin', None], ['MRP-066', 'RLM 76 Lichtblau', '#a0b0a5', 'Satin', None], ['MRP-067', 'RLM 78 Hellblau FS35414', '#79acbf', 'Satin', None], ['MRP-068', 'RLM 79 Sandgelb (variant 1) FS33434', '#b27a49', 'Satin', None], ['MRP-069', 'RLM 80 Olivgr├╝n', '#363f2c', 'Satin', None], ['MRP-070', 'RLM 81 Braunviolet (variant 1)', '#423f2e', 'Satin', None], ['MRP-071', 'RLM 82 Hellgr├╝n', '#4e533c', 'Satin', None], ['MRP-072', 'RLM 83 Dunkelgr├╝n', '#4d473b', 'Satin', None], ['MRP-073', "Light Gray Blue L-29 'Delfin'", '#b4d3ce', 'Satin', None], ['MRP-074', "Brown L-29 'Delf├¡n'", '#a45c42', 'Satin', None], ['MRP-075', "Khaki L-29 'Delf├¡n'", '#493b16', 'Satin', None], ['MRP-076', "Sand Yellow L-29 'Delf├¡n'", '#c09f7c', 'Satin', None], ['MRP-077', 'NATO Black (RAL 9021)', '#20201f', 'Satin', None], ['MRP-078', 'NATO Green (RAL 6031)', '#2e301b', 'Satin', None], ['MRP-079', 'NATO Brown (RAL 8027)', '#4a3d37', 'Satin', None], ['MRP-080', 'US Modern AFVs (FS33446)', '#c7b49e', 'Satin', None], ['MRP-081', 'Anodised Aluminium', '#8a8789', 'Metallic', None], ['MRP-082', 'Titanium Metallic', '#878681', 'Metallic', None], ['MRP-088', 'Cherry Red ─îSN 8850', '#6b0211', 'Satin', None], ['MRP-089', 'Orange', '#e26f1f', 'Satin', None], ['MRP-090', 'Lemon Grey (russian aviation primer)', '#dcd378', 'Satin', None], ['MRP-091', 'Light Grey (Mig-29 two tone camo)', '#494b42', 'Satin', None], ['MRP-092', 'Light Green Grey (Mig-29 two tone camo)', '#738c79', 'Satin', None], ['MRP-093', 'U.S. Dark Modern Grey (FS36176)', '#6f7983', 'Satin', None], ['MRP-094', 'U.S. Medium Modern Grey (FS36251)', '#838585', 'Satin', None], ['MRP-095', 'Modern Italian Sky Grey (FS36280)', '#898d8d', 'Satin', None], ['MRP-096', 'NATO Grey (FS26329)', '#909fa0', 'Satin', None], ['MRP-097', 'U.S. Dark Ghost Grey (FS36320)', '#849197', 'Satin', None], ['MRP-098', 'Light Gull Grey (FS36440 / ANA602) - U.S.Navy', '#c5c9bb', 'Satin', None], ['MRP-099', 'White (FS17875 / ANA515) - U.S.Navy', '#e7eadc', 'Satin', None], ['MRP-100', 'Dark Gull Grey, US & NATO interior (FS36231)', '#7f8588', 'Satin', None], ['MRP-101', 'SEA Camouflage Dark Green (FS34079)', '#535548', 'Satin', None], ['MRP-102', 'SEA Camouflage Green (FS34102)', '#585b46', 'Satin', None], ['MRP-103', 'SEA Camouflage Brown (FS30219)', '#987964', 'Satin', None], ['MRP-104', 'SEA Camouflage Light Grey (FS36622)', '#cfd5cc', 'Satin', None], ['MRP-105', 'U.S.Navy Modern Blue (FS35237)', '#7b8990', 'Satin', None], ['MRP-106', 'IDF AFV Sand Grey', '#998f76', 'Satin', None], ['MRP-107', 'WWII RAF - Light Earth', '#a7a38d', 'Satin', None], ['MRP-108', 'WWII RAF - Dark Earth (BS 450)', '#715740', 'Satin', None], ['MRP-109', 'WWII RAF - Light Green', '#8da287', 'Satin', None], ['MRP-110', 'WWII RAF - Dark Green (BS 641)', '#5c5f30', 'Satin', None], ['MRP-111', 'WWII RAF - Interior GreyGreen', '#67755c', 'Satin', None], ['MRP-112', 'WWII RAF - Medium Sea Grey (BS 637)', '#7e878c', 'Satin', None], ['MRP-113', 'WWII RAF - Dark Sea Grey (BS 638)', '#5b626a', 'Satin', None], ['MRP-114', 'WWII RAF - Extra Dark Sea Grey (BS 640)', '#3c4e58', 'Satin', None], ['MRP-115', 'WWII RAF - Ocean Grey', '#757e87', 'Satin', None], ['MRP-116', 'WWII RAF - Light Slate Grey', '#5c665d', 'Satin', None], ['MRP-117', 'WWII RAF - Dark Slate Grey', '#53564d', 'Satin', None], ['MRP-118', 'WWII RAF - Sky', '#a4a690', 'Satin', None], ['MRP-119', 'WWII RAF - Azure Blue', '#7399be', 'Satin', None], ['MRP-120', 'WWII RAF - P.R.U. Blue', '#486470', 'Satin', None], ['MRP-121', 'WWII RAF - Middle Stone', '#ac8449', 'Satin', None], ['MRP-122', 'WWII RAF - Marking Yellow', '#fe9900', 'Satin', None], ['MRP-123', 'WWII RAF - Marking Red', '#87331b', 'Satin', None], ['MRP-124', 'WWII RAF - Marking Blue', '#2a4057', 'Satin', None], ['MRP-125', 'Super Clear Varnish Semi-gloss', '#ffffff', 'Varnish', None], ['MRP-125', 'Super Clear Semigloss', '#ffffff', 'Gloss', None], ['MRP-126', 'Super Clear Varnish Semi-matt', '#ffffff', 'Varnish', None], ['MRP-127', 'Super Clear Matt Varnish', '#ffffff', 'Varnish', None], ['MRP-128', 'Silver Metallic (similar to C8)', '#929292', 'Metallic', None], ['MRP-129', 'WWII US - Zinc-Chromate primer', '#c4a451', 'Satin', None], ['MRP-130', 'WWII US - Salmon-Pink primer', '#ca7863', 'Satin', None], ['MRP-131', 'WWII US - Interior Green ANA611 / FS34151', '#64633c', 'Satin', None], ['MRP-132', 'WWII US - Interior Bronze Green', '#2e5a50', 'Satin', None], ['MRP-133', 'WWII US - Blue Grey M-485 (until 1942)', '#5e7b83', 'Satin', None], ['MRP-134', 'WWII US - Light Grey M-495 (until 1942)', '#b4b9b3', 'Satin', None], ['MRP-135', 'WWII US - Insignia White ANA601 (after 1942)', '#e4e7da', 'Satin', None], ['MRP-136', 'WWII US - Intermediate Blue ANA608 / FS35164 (a.1942)', '#486872', 'Satin', None], ['MRP-137', 'WWII US - Jet Black ANA622 (night aircraft)', '#0a0a0a', 'Satin', None], ['MRP-138', 'WWII US - Olive Drab ANA613 (after 1943)', '#5c5942', 'Satin', None], ['MRP-139', 'WWII US - Olive Drab 41 (until 1943)', '#4e5042', 'Satin', None], ['MRP-140', 'WWII US - Medium Green 42 (until 1942)', '#4d6053', 'Satin', None], ['MRP-141', 'WWII US - Neutral Grey 43', '#707980', 'Satin', None], ['MRP-142', 'WWII US - Orange Yellow 47', '#e7a818', 'Satin', None], ['MRP-143', 'WWII US - Azure Blue ANA609 (African campaign)', '#708aad', 'Satin', None], ['MRP-144', 'WWII US - Sand ANA616 (African campaign)', '#ac9180', 'Satin', None], ['MRP-145', 'WWII US - Dark Earth / Field Drab - FS30118/ANA617 (Africa)', '#735634', 'Satin', None], ['MRP-146', 'Dark Aluminium (Metallic)', '#565757', 'Metallic', None], ['MRP-147', 'Burnt Iron (Metallic)', '#372a18', 'Metallic', None], ['MRP-148', 'Exhaust Metal (Metallic)', '#282828', 'Metallic', None], ['MRP-149', 'Gunmetal (Metallic)', '#202020', 'Metallic', None], ['MRP-150', 'Brass (Metallic)', '#4f4018', 'Metallic', None], ['MRP-151', 'Bronze (Metallic)', '#392117', 'Metallic', None], ['MRP-152', 'Pale Burnt Metal (Metallic)', '#787161', 'Metallic', None], ['MRP-153', 'Gold (Metallic)', '#eaca6b', 'Metallic', None], ['MRP-154', 'Copper (Metallic)', '#b76743', 'Metallic', None], ['MRP-155', 'Blue Burnt Metal (Metallic)', '#1e2a36', 'Metallic', None], ['MRP-156', 'Violet Burnt Metal (Metallic)', '#594d6b', 'Metallic', None], ['MRP-157', 'Sunset Violet (JBA Diorama special)', '#342135', 'Satin', None], ['MRP-158', 'Morning Blue (JBA Diorama special)', '#112643', 'Satin', None], ['MRP-159', 'Chocolate (CSN 2430) Slovak Mi-17, Mi-24..', '#4f3327', 'Satin', None], ['MRP-160', 'Olive Green (CSN 5220) Slovak Mi-17, Mi-24..', '#4c5536', 'Satin', None], ['MRP-161', 'Dark Brown (CSN 2430 + CSN 1010) 3.1 Slovak Mi-17, Mi-24..', '#775240', 'Satin', None], ['MRP-162', 'Light Brown (CSN 2430 + CSN 1010) 1.3 Slovak Mi-17, Mi-24..', '#988277', 'Satin', None], ['MRP-163', 'Sulfur Yellow (RAL 1016) Slovack Mi-17 LPZS', '#f1dd38', 'Satin', None], ['MRP-164', 'Olive Green (Mig-23, Mig-29, Su-22, Su-25)', '#3b3c2c', 'Satin', None], ['MRP-165', 'Grey Green (Mig-23, Mig-29, Su-22, Su-25)', '#595839', 'Satin', None], ['MRP-166', 'Chestnut Brown (Mig-23, Mig-29, Su-22, Su-25)', '#432e29', 'Satin', None], ['MRP-167', 'Light Earth (Mig-23, Mig-29, Su-22, Su-25)', '#997964', 'Satin', None], ['MRP-168', 'Grey Blue (Mig-23, Mig-29, Su-22, Su-25)', '#7d9f91', 'Satin', None], ['MRP-169', 'Light Khaki - Avia B-534', '#766c2f', 'Satin', None], ['MRP-171', 'Black (Super Matt) FS37038', '#040505', 'Matt', None], ['MRP-172', 'Black (Super Gloss)', '#050504', 'Gloss', None], ['MRP-173', 'Tyre-Rubber (Matt)', '#383838', 'Matt', None], ['MRP-174', 'US Helo Drab (FS 34031)', '#524e39', 'Satin', None], ['MRP-175', 'Blue-Grey 058M ΓÇô Modern Swedish AF', '#74878b', 'Satin', None], ['MRP-176', 'Black 093M ΓÇô Modern Swedish AF', '#090909', 'Satin', None], ['MRP-177', 'Dark Green 326M ΓÇô Modern Swedish AF', '#3c4739', 'Satin', None], ['MRP-178', 'Mid Green 322M ΓÇô Modern Swedish AF', '#5c633a', 'Satin', None], ['MRP-179', 'Tan 507M ΓÇô Modern Swedish AF', '#7d624d', 'Satin', None], ['MRP-180', 'Exhaust Soot (Matt Clear)', '#3f403f', 'Matt', None], ['MRP-181', 'Blaugr├╝n (German Late war RLM76 variant)', '#a2b5a2', 'Satin', None], ['MRP-182', 'Gr├╝nblau (German Late war RLM76 variant)', '#cac59f', 'Satin', None], ['MRP-183', 'Oxford Blue (BS105)', '#1b144f', 'Satin', None], ['MRP-184', 'Signal Red (BS537)', '#bc0000', 'Satin', None], ['MRP-185', 'Desert Pink RAF (modern) Tornado, Jaguar, Bucaneer', '#b88f77', 'Satin', None], ['MRP-186', 'Light Grey (for MiG-25 and MiG-31 chassis covers)', '#c1c2bc', 'Satin', None], ['MRP-187', 'Flat Base (paint additive for Matt finish)', '#f9fafa', 'Satin', None], ['MRP-188', 'Blue Angels Blue (FS15050)', '#00354f', 'Satin', None], ['MRP-189', 'Traffic Grey (for MiG-25 and MiG-31 overall coat)', '#89897f', 'Satin', None], ['MRP-190', 'WWII RAF ΓÇô P.R.U. Pink', '#d9c0b9', 'Satin', None], ['MRP-191', 'US Non Chromate Epoxy Primer (44GN098)', '#a5d6ac', 'Satin', None], ['MRP-192', 'Luminous Yellow (RAL 1026)', '#f3ec18', 'Satin', None], ['MRP-193', 'Luminous Red (RAL 3024)', '#ee302f', 'Satin', None], ['MRP-194', 'Luminous Orange (RAL 2005)', '#f15f2c', 'Satin', None], ['MRP-195', 'Sukhoi Cockpit Blue-Grey (modern)', '#7aa2a4', 'Satin', None], ['MRP-196', 'Light Blue Su-27, Su-33 (Russian AF ΓÇô pale camo)', '#84b0bd', 'Satin', None], ['MRP-197', 'Light Grey-Blue Su-27, Su-33 (Russian AF ΓÇô pale camo)', '#afd1d3', 'Satin', None], ['MRP-198', 'Light Grey Su-27, Su-33 (Russian AF ΓÇô pale camo)', '#b4b9b3', 'Satin', None], ['MRP-199', 'Blue Su-33 (Russian AF) (3-tone Camouflage)', '#36a8ca', 'Satin', None], ['MRP-200', 'Dark Blue Su-33 (Russian AF) (3-tone Camouflage)', '#3f6e80', 'Satin', None], ['MRP-201', 'Light Grey Su-33 (Russian AF) (3-tone Camouflage)', '#a3aeaf', 'Satin', None], ['MRP-202', 'Light Blue Su-32, Su-34  (Bright 3-tone Camouflage)', '#69beda', 'Satin', None], ['MRP-203', 'Light Green-Blue Su-32, Su-34  (Bright 3-tone Camouflage)', '#359498', 'Satin', None], ['MRP-204', 'Dark Green-Blue  Su-32, Su-34  (Bright 3-tone Camouflage)', '#007071', 'Satin', None], ['MRP-205', "'Eggplant' Dark Grey Su-32, Su-34", '#515863', 'Satin', None], ['MRP-206', 'Dark Orange Metallic (Dutch F-16 Display Team)', '#dc5227', 'Metallic', None], ['MRP-207', 'Light Orange (Dutch F-16 Demoteam) ΓÇô 2 Bottles', '#e69a3d', 'Satin', None], ['MRP-208', 'Yellow Olive ΓÇô RAL 6014 Gelboliv', '#47402e', 'Satin', None], ['MRP-209', 'Basalt Grey ΓÇô RAL 7012 Basaltgrau', '#585d61', 'Satin', None], ['MRP-210', "Beige ΓÇô RAL 1001 (German WWII AFV's)", '#cdae80', 'Satin', None], ['MRP-211', "Khaki Grey ΓÇô RAL 7008 (German WWII AFV's)", '#6a5f31', 'Satin', None], ['MRP-212', "Sand Grey ΓÇô RAL 7027 (German WWII AFV's)", '#c1b497', 'Satin', None], ['MRP-213', "Green Brown ΓÇô RAL 8000 (German WWII AFV's)", '#89693e', 'Satin', None], ['MRP-214', "Brown ΓÇô RAL 8020 (German WWII AFV's)", '#e7ca7a', 'Satin', None], ['MRP-215', "Dark Yellow ΓÇô RAL 7028 (variant 1) (German WWII AFV's)", '#918171', 'Satin', None], ['MRP-216', 'Dark Yellow ΓÇô RAL 7028 (var. 2 - Auagabe 1944) (German WWII)', '#8a7a60', 'Satin', None], ['MRP-217', 'Olive Drab 325M / W 25 ΓÇô Modern Swedish AF', '#3d3b2f', 'Satin', None], ['MRP-218', 'Dark Olive Drab 328M ΓÇô Modern Swedish AF', '#30352e', 'Satin', None], ['MRP-219', 'Dark Blue 438M ΓÇô Modern Swedish AF', '#1d3138', 'Satin', None], ['MRP-220', 'Grey 032M ΓÇô Modern Swedish AF', '#c0c3bc', 'Satin', None], ['MRP-221', 'Dark Grey 033M ΓÇô Modern Swedish AF', '#50514a', 'Satin', None], ['MRP-222', 'Panzer Grey 5431-17M - Modern Swedish AF', '#757b7b', 'Satin', None], ['MRP-223', 'Dove Grey 5431-14M - Modern Swedish AF', '#9aa0a0', 'Satin', None], ['MRP-224', 'Yellow 255M-W33 - Modern Swedish AF', '#e1aa01', 'Satin', None], ['MRP-225', 'Light Blue (FS35622) ΓÇô Israeli AF', '#cadacd', 'Satin', None], ['MRP-226', 'Sand (FS33531) ΓÇô Israeli AF', '#c8af91', 'Satin', None], ['MRP-227', 'Green (FS34227) ΓÇô Israeli AF', '#68896d', 'Satin', None], ['MRP-228', 'Aircraft Grey-Green (BS283)', '#67775c', 'Satin', None], ['MRP-229', 'WWII US ΓÇô Interior Dark Dull Green', '#467a76', 'Satin', None], ['MRP-230', 'Pale Roundel Blue (BS172)', '#85abc5', 'Satin', None], ['MRP-231', 'Pale Roundel Red (BS454)', '#c0888b', 'Satin', None], ['MRP-232', 'International Orange (BS592)', '#d32a00', 'Satin', None], ['MRP-233', 'Special Brown (FS30140)', '#977564', 'Satin', None], ['MRP-234', 'Olive Drab (FS34087)', '#574a3a', 'Satin', None], ['MRP-235', 'Gunship Green (FS34092 / ANA612)', '#34494a', 'Satin', None], ['MRP-236', 'Field Green (FS34097 / ANA627)', '#495c40', 'Satin', None], ['MRP-237', 'Sea Blue (FS35042 / ANA607)', '#172933', 'Satin', None], ['MRP-238', 'International Blue (FS35109)', '#315c84', 'Satin', None], ['MRP-239', 'Blue (FS35190)', '#4c7fa8', 'Satin', None], ['MRP-240', 'Air Superiority Blue (FS35450)', '#7ea0c3', 'Satin', None], ['MRP-241', 'Dark Gunship Grey (FS36081)', '#4a4f58', 'Satin', None], ['MRP-242', 'Sky Grey (FS36473)', '#99a9ae', 'Satin', None], ['MRP-243', 'US Desert Sand (FS30279)', '#ae8c73', 'Satin', None], ['MRP-244', 'Tan FS20400', '#d1af85', 'Satin', None], ['MRP-245', 'Light Sea Grey (FS36307)', '#a5a9aa', 'Satin', None], ['MRP-246', 'Light Arctic Grey (FS36628)', '#d3d4d3', 'Satin', None], ['MRP-247', 'Aircraft Exterior Grey (FS36300)', '#9199a6', 'Satin', None], ['MRP-248', 'Green (FS34258)', '#787e61', 'Satin', None], ['MRP-249', 'SAC Bomber Green (FS34127)', '#646542', 'Satin', None], ['MRP-250', 'RichthofenΓÇÿs Red (Krapplack Rot) ΓÇô WWI Germany (FS20061)', '#961f1e', 'Satin', None], ['MRP-251', 'PC-8 (WWI R.F.C.) (FS10266)', '#756846', 'Satin', None], ['MRP-252', 'PC-10 Early (WWI R.F.C.) (FS36160)', '#282a21', 'Satin', None], ['MRP-253', 'PC-10 Late (WWI R.F.C.)', '#3b382c', 'Satin', None], ['MRP-254', 'PC-12 (WWI R.F.C.) (FS30059)', '#51352a', 'Satin', None], ['MRP-255', 'Black Night Camouflage WWI', '#202529', 'Satin', None], ['MRP-256', 'Clear Doped Linen ΓÇô Bleached (WWI) (FS37886)', '#f4f6e9', 'Satin', None], ['MRP-257', 'Clear Doped Linen ΓÇô variant 1 (WWI)', '#a9a798', 'Satin', None], ['MRP-258', 'Clear Doped Linen ΓÇô variant 2 (WWI) (FS26405)', '#ad9d7c', 'Satin', None], ['MRP-259', 'Pale Wood (WWI) (FS30340)', '#ae9c82', 'Satin', None], ['MRP-260', 'Ochre Wood (WWI)', '#a9895f', 'Satin', None], ['MRP-261', 'Red Wood (WWI)', '#6d392c', 'Satin', None], ['MRP-262', 'Dark Wood (WWI) (FS30111)', '#46342b', 'Satin', None], ['MRP-263', 'Yellow-Green (Clear)', '#cfbd39', None, None], ['MRP-264', 'Yellow (Clear)', '#f9d162', None, None], ['MRP-265', 'Orange (Clear)', '#d16d2e', None, None], ['MRP-266', 'Red (Clear)', '#c9352f', None, None], ['MRP-267', 'Blue (Clear)', '#3065b0', None, None], ['MRP-268', 'Green (Clear)', '#1c9f76', None, None], ['MRP-269', 'Red-Brown (Clear)', '#933820', None, None], ['MRP-270', 'Violet (Clear)', '#422f8f', None, None], ['MRP-271', 'Smoke (Clear)', '#434345', None, None], ['MRP-272', 'Graphite (Metallic)', '#4c4c4a', 'Metallic', None], ['MRP-273', 'Soviet Protective Green KhV-518 (Soviet T-54,55,62,64,72)', '#4a523f', 'Satin', None], ['MRP-274', 'Russian Protective Green NC-1200 (T-14 Armata)', '#545f56', 'Satin', None], ['MRP-275', '6K - Brown Russian AFV', '#343129', 'Satin', None], ['MRP-276', '7K - Tan (Russian AFV)', '#7d7157', 'Satin', None], ['MRP-277', 'Russian Cockpit Blue (Mig-15, Mig-17, Mig-19)', '#668ca6', 'Satin', None], ['MRP-278', 'HAVE Glass ΓÇô Special Effect Matt Varnish', '#ffffff', 'Varnish', None], ['MRP-279', 'FS36293 Light Gray', '#878b8a', 'Satin', None], ['MRP-280', 'Camouflage Grey (FS36170) - F-16, F-35 (use with HAVE Glass)', '#686765', 'Satin', None], ['MRP-281', 'rey Blue (RAL 5008) ΓÇô Israeli AF', '#262f3d', 'Satin', None], ['MRP-282', 'Olive Brown (RAL 8008) ΓÇô Israeli AF', '#544024', 'Satin', None], ['MRP-283', 'Silk Grey (RAL 7044) ΓÇô Israeli AF', '#bcb9b0', 'Satin', None], ['MRP-284', 'Light Grey (MiG-29 SMT 9-19)', '#96a5a8', 'Satin', None], ['MRP-285', 'Light Green (MiG-29 SMT 9-19)', '#6d8578', 'Satin', None], ['MRP-286', 'Dark Green (MiG-29 SMT 9-19)', '#414f42', 'Satin', None], ['MRP-287', 'Light Green-Grey (MiG-29 SMT 9-19)', '#6d807e', 'Satin', None], ['MRP-288', 'Dark Green-Grey (MiG-29 SMT 9-19)', '#293d46', 'Satin', None], ['MRP-289', 'Dark Grey ΓÇô Radio Antenna Covers (MiG-29 SMT 9-19)', '#060f18', 'Satin', None], ['MRP-290', 'Cockpit Light Blue (MiG-29 SMT 9-19) Russian AF', '#a2bcbb', 'Satin', None], ['MRP-291', 'Cockpit Light Grey (MiG-29) Russian AF', '#647883', 'Satin', None], ['MRP-292', 'reen (Syarian AFVs)', '#243837', 'Satin', None], ['MRP-293', 'Yellow-Brown (Syarian AFVs)', '#7e6449', 'Satin', None], ['MRP-294', 'Sand Yellow (Syarian AFVs)', '#7e7765', 'Satin', None], ['MRP-296', 'Light Grey (Su-30, Su-35 & Yak-130)', '#a5bcc4', 'Satin', None], ['MRP-297', 'Light Blue (Su-30, Su-35 & Yak-130)', '#9ec6d2', 'Satin', None], ['MRP-298', 'Blue (Su-30, Su-35 & Yak-130)', '#75a4b6', 'Satin', None], ['MRP-299', 'Insignia Red (FS11136 ΓÇô ANA 509)', '#a10016', 'Satin', None], ['MRP-300', 'Insignia Blue (FS15044 ΓÇô ANA 502)', '#0c2230', 'Satin', None], ['MRP-301', 'Colore 1 ΓÇô Grigio Azzurro ΓÇô 1941 (Italian AF 1916-43)', '#8d9389', 'Satin', None], ['MRP-302', 'Colore 1 ΓÇô Grigio Azzurro ΓÇô variant Macchi-Reggiane (Italian', '#99b1a3', 'Satin', None], ['MRP-303', 'Colore 2 ΓÇô Verde Oliva Scuro ΓÇô vart. Macchi-Reggiane', '#333935', 'Satin', None], ['MRP-304', 'Colore 3 ΓÇô Grigio Azzurro Scuro Marino ΓÇô 1941 (Italian AF)', '#42494f', 'Satin', None], ['MRP-305', 'Colore 4 ΓÇô Nocciola ΓÇô 1941 (Italian AF 1916-43)', '#846b4d', 'Satin', None], ['MRP-306', 'Colore 4 ΓÇô variant Sabbia (Italian AF 1916-43)', '#bca476', 'Satin', None], ['MRP-307', 'Colore 5 ΓÇô Bianco Avorio ΓÇô 1930, 1941 (Italian AF 1916-43)', '#f0d190', 'Satin', None], ['MRP-308', 'Colore 6 ΓÇô Bianco Neve ΓÇô 1941 (Italian AF 1916-43)', '#e9ebe6', 'Satin', None], ['MRP-309', 'Colore 7 ΓÇô Giallo Cromo (for exterior) ΓÇô 1941 (Italian AF)', '#e69200', 'Satin', None], ['MRP-310', 'Colore 7 ΓÇô Giallo Cromo (for interior) (Italian AF 1916-43)', '#f7b602', 'Satin', None], ['MRP-311', 'Colore 8 ΓÇô Rosso (Italian AF 1916-43)', '#9b2f2c', 'Satin', None], ['MRP-312', 'Colore 9 ΓÇô Verde also Verde Mimetico ΓÇô 1936 (Italian AF)', '#255b43', 'Satin', None], ['MRP-313', 'Colore 10 ΓÇô Bruno Rossiccio also Bruno Mimetico', '#684038', 'Satin', None], ['MRP-314', 'Colore 10 ΓÇô variant Bruno Chiaro (Italian AF 1916-43)', '#76655b', 'Satin', None], ['MRP-315', 'Colore 10 ΓÇô Bruno variant S.I.A.I. (Italian AF 1916-43)', '#49372d', 'Satin', None], ['MRP-316', 'Colore 11 ΓÇô Azzurro (Italian AF 1916-43)', '#105783', 'Satin', None], ['MRP-317', 'Vernice Anticorrosiva (Italian AF 1916-43)', '#818f6c', 'Satin', None], ['MRP-318', 'Vernice per Interni Subalare also FIAT O.M.S. (Italian AF)', '#aac2b5', 'Satin', None], ['MRP-319', 'Azzurro Subalare ΓÇô O.M.S. 1937 (Italian AF 1916-43)', '#7c939b', 'Satin', None], ['MRP-320', 'Terra DΓÇÿOmbra ΓÇô Fiat O.M.S. 1936 (Italian AF 1916-43)', '#98895e', 'Satin', None], ['MRP-321', 'Rosso Mimetico ΓÇô O.M.S. 1936 (Italian AF 1916-43)', '#946d4e', 'Satin', None], ['MRP-322', 'runo Mimetico ΓÇô 1936 (Italian AF 1916-43)', '#3d352a', 'Satin', None], ['MRP-323', 'Ocra ΓÇô O.M.S. 1936 also Giallo Mimetico ΓÇô (Italian AF)', '#cc893b', 'Satin', None], ['MRP-324', 'Giallo Mimetico ΓÇô 1936 (Italian AF 1916-43)', '#f9c57a', 'Satin', None], ['MRP-325', 'Giallo Mimetico ΓÇô 1938 (Italian AF 1916-43)', '#ef9d16', 'Satin', None], ['MRP-326', 'Verde Mimetico ΓÇô 1916, 1936, FIAT C.A.I. 1940 (Italian AF)', '#778875', 'Satin', None], ['MRP-327', 'Verde Mimetico ΓÇô 1916, FIAT 1940 (Italian AF 1916-43)', '#656e4f', 'Satin', None], ['MRP-328', 'Verde Mimetico Scuro ΓÇô 1940 (Italian AF 1916-43)', '#4e543a', 'Satin', None], ['MRP-329', 'Verde Mimetico Chiaro ΓÇô 1940 (Italian AF 1916-43)', '#5c633a', 'Satin', None], ['MRP-330', 'Verde Azzurro Scuro ΓÇô S.I.A.I. 1940, FIAT 1943 (Italian AF)', '#36555a', 'Satin', None], ['MRP-331', 'Verde Azzurro Chiaro ΓÇô FIAT O.M.S. & C.A.I. 1940, I.M.A.M.', '#557c69', 'Satin', None], ['MRP-332', 'Azzurro Celeste O.R. ΓÇô Reggiane 1940-1941 (Italian AF)', '#7399be', 'Satin', None], ['MRP-333', 'haki Green No.3/G3 (British WWII AFV) (Base Colour)', '#564e47', 'Satin', None], ['MRP-334', 'BSC No.28  Silver Grey (British WW2 AFV) (Disruptive Colour)', '#9d9878', 'Gloss', None], ['MRP-335', 'BSC No.34  Slate (British WW2 AFV) (Disruptive Colour)', '#53564d', 'Satin', None], ['MRP-336', 'SC No.49 Light Purple Brown (British WWII AFV)  (Disruptive)', '#362426', 'Satin', None], ['MRP-337', 'BSC No.61 Light Stone (British WWII AFV) (Base Colour)', '#c6ab75', 'Satin', None], ['MRP-338', 'BSC No.64 Portland Stone (British WWII AFV) (Base Colour)', '#c2b893', 'Satin', None], ['MRP-339', 'Desert Pink ZI (British WWII AFV) (Base Colour)', '#b8997d', 'Satin', None], ['MRP-340', 'Olive Green PFI (British WWII AFV)  (Disruptive Colour)', '#41402e', 'Satin', None], ['MRP-341', 'Deep Bronze Green No.24 (British WWII AFV) (Overall Color)', '#31351e', 'Satin', None], ['MRP-342', 'NobelΓÇÿs Dark Tarmac No.4 (British WWII AFV)Disruptive Colour', '#464b51', 'Satin', None], ['MRP-343', 'Dark Green G4 (British WWII AFV)  (Disruptive Colour)', '#3b4137', 'Satin', None], ['MRP-344', 'Light Green G5 (British WWII AFV) (Disruptive Colour)', '#424228', 'Satin', None], ['MRP-345', 'No.1A Very Dark Brown (British WWII AFV) (Disruptive Colour)', '#352b22', 'Satin', None], ['MRP-346', 'SCC No.2 Brown (British WWII AFV) (Base Colour)', '#654737', 'Satin', None], ['MRP-347', 'SCC No.7 Green (British WWII AFV) (Canvas only Colour)', '#494836', 'Satin', None], ['MRP-348', 'SCC No.14 Blue-Black (British WWII AFV) (Disruptive Colour)', '#32373d', 'Satin', None], ['MRP-349', 'SCC No.15 Olive Drab (British WWII AFV) (Base Colour)', '#535041', 'Satin', None], ['MRP-350', 'Light Mud (British WWII AFV) (Provisional Base Colour)', '#908776', 'Satin', None], ['MRP-351', 'Brown (Hungarian AF) (Mig-21, L-39, Mi-24, Mi-8, Mi-17)', '#94734f', 'Matt', None], ['MRP-352', 'Dark Green (Hungarian AF) (Mig-21, L-39, Mi-24, Mi-8, Mi-17)', '#1e4534', 'Matt', None], ['MRP-353', 'Light Blue (Hungarian AF) (Mig-21, L-39, Mi-24, Mi-8, Mi-17)', '#85b7a7', 'Matt', None], ['MRP-354', 'Russian Air Superiority Grey - AS1115 (Mig-21MF,bis,Mig-23', '#9aa0a0', 'Satin', None], ['MRP-355', 'Russian Cockpit Sealant', '#c7a59d', 'Satin', None], ['MRP-356', 'Gris-Bleu Clair - Celomer 1625 (Hellenic AF)', '#96a0a9', 'Satin', None], ['MRP-357', 'Gris-Bleu Fonce - Celomer 1620 (Hellenic AF)', '#536671', 'Satin', None], ['MRP-358', 'Light Rust (Matt)', '#d88a02', 'Matt', None], ['MRP-359', 'Medium Rust (Matt)', '#b75d11', 'Matt', None], ['MRP-360', 'Red Rust (Matt)', '#b44321', 'Matt', None], ['MRP-361', 'Extra Dark Rust (Matt)', '#2d2928', 'Matt', None], ['MRP-362', 'Dawn Grey (FS16492)', '#b7bdb3', 'Satin', None], ['MRP-363', 'Boeing Grey 707 (FS16515)', '#b8b7a3', 'Satin', None], ['MRP-364', 'Light Grey (FS36495)', '#c3c7b8', 'Satin', None], ['MRP-365', 'Ocean Grey (FS36173)', '#606666', 'Satin', None], ['MRP-366', 'Dark Grey (FS36076)', '#3b3e51', 'Satin', None], ['MRP-367', 'Saudi Color #11 (FS30475)', '#c3ac80', 'Satin', None], ['MRP-368', 'Earth Yellow (FS30257)', '#b48e5d', 'Satin', None], ['MRP-369', 'Field Green (FS34095)', '#3b482c', 'Satin', None], ['MRP-370', 'Dark Green (FS34096)', '#454d42', 'Satin', None], ['MRP-371', 'Pale Green (FS34424) - Israeli AF', '#b6b8a0', 'Satin', None], ['MRP-372', 'Light Grey (FS36373) - Gripen Grey', '#8a8e8d', 'Satin', None], ['MRP-373', 'Camouflage Grey (BS 626 / 18B21)', '#8c9698', 'Satin', None], ['MRP-374', 'Light Aircraft Grey (BS 627)', '#a8a9a1', 'Satin', None], ['MRP-375', 'Dark Camouflage Grey (BS 629)', '#707880', 'Satin', None], ['MRP-376', 'Olive Green (BS 220)', '#405018', 'Satin', None], ['MRP-377', 'Camouflage Beige - Hemp (BS 389)', '#968b75', 'Satin', None], ['MRP-378', 'Deep Buff (BS 360)', '#ab7340', 'Satin', None], ['MRP-379', 'Light Admiralty Grey (BS 697)', '#99b8b2', 'Satin', None], ['MRP-380', 'RAF Blue-Grey (BS 633)', '#304048', 'Satin', None], ['MRP-381', 'NATO Green (BS 285)', '#42412f', 'Satin', None], ['MRP-382', 'Sruce Green - Thyme (BS 284)', '#606850', 'Satin', None], ['MRP-383', 'Aircraft Grey (BS 693)', '#78827a', 'Satin', None], ['MRP-384', 'True Blue (FS15102 / ANA501) - US pre-WWII', '#11648c', 'Satin', None], ['MRP-385', 'Willow Green (FS14187 / ANA503) - US pre-WWII', '#51712e', 'Satin', None], ['MRP-386', 'Lemon Yellow (FS13655 / ANA505) - US pre-WWII', '#f2a905', 'Satin', None], ['MRP-387', 'Earth Red / International Brown (FS30117)', '#7f503e', 'Satin', None], ['MRP-388', 'Dark Blue Green (FS34058)', '#26494b', 'Satin', None], ['MRP-389', 'Tan Green (FS34201)', '#685d47', 'Satin', None], ['MRP-390', 'Green (FS34159)', '#6c7769', 'Satin', None], ['MRP-391', 'Green (FS34138)', '#5e7f52', 'Satin', None], ['MRP-392', 'Pearl Gray (FS26493)', '#afb9b1', 'Satin', None], ['MRP-393', 'Blue Green (FS35414)', '#789b9d', 'Satin', None], ['MRP-394', 'Radome Tan (FS33613)', '#e8c6a1', 'Satin', None], ['MRP-395', 'Sand Brown (FS30277)', '#9d8d76', 'Satin', None], ['MRP-396', 'Sand/Tan (FS33711)', '#dfcba8', 'Satin', None], ['MRP-397', 'Light Sky Blue (FS35526)', '#a3bbbd', 'Satin', None], ['MRP-398', 'Gray Blue - Russian helicopters Mi-8,17,24,26,28,35 & Ka-52', '#819498', 'Satin', None], ['MRP-399', 'Light Gray Green - Russian helicopters Mi-8,17,24,26,28,35 &', '#968b6b', 'Satin', None], ['MRP-400', 'Green - Russian helicopters Mi-8,17,24,26,28,35 & Ka-52', '#625f4c', 'Satin', None], ['MRP-401', 'White - Ukraine AF, Su-25, digital camo', '#e2e0d3', 'Satin', None], ['MRP-402', 'Light Gray - Ukraine AF, Su-25, digital camo', '#bdc6cd', 'Satin', None], ['MRP-403', 'Grey - Ukraine AF, Su-25, digital camo', '#7b8084', 'Satin', None], ['MRP-404', 'Dark Grey - Ukraine AF, Su-25, digital camo', '#4a4f51', 'Satin', None], ['MRP-405', 'Blue Grey - Ukraine AF, Su-25, digital camo', '#bcc4ce', 'Satin', None], ['MRP-406', 'Insignia Blue - Ukraine AF, Su-25', '#177ea9', 'Satin', None], ['MRP-407', 'Insignia Yellow - Ukraine AF, Su-25', '#f5a41d', 'Satin', None], ['MRP-408', 'Marking Blue - Ukraine AF, Su-25, unit numbers', '#124f86', 'Satin', None], ['MRP-409', 'Aotake Green Primer (WWII IJAAF/IJNAF) (Metallic)', None, 'Metallic', None], ['MRP-410', 'Aotake Blue Primer (WWII IJAAF/IJNAF) (Metallic)', None, 'Metallic', None], ['MRP-411', 'Hinomaru Aka Iro (National Insignia Red) (WWII IJAAF/IJNAF)', '#a00100', 'Satin', None], ['MRP-412', 'Kawanishi Cockpit Color (WWII IJAAF/IJNAF)', '#6a785e', 'Satin', None], ['MRP-413', 'Mitsubishi Cockpit Color (Aged M0/M1) (WWII IJAAF/IJNAF)', '#65663e', 'Satin', None], ['MRP-414', 'Nakajima Cockpit Color (Aged M0/M1) (WWII IJAAF/IJNAF)', '#a7966a', 'Satin', None], ['MRP-415', 'IJAAF #1 Hairyokushoku (Greenish Gray Version) (WW2 IJA/NAF)', '#8c988a', 'Satin', None], ['MRP-416', 'IJAAF #1 Hairyokushoku (Bluish Gray Version) (WW2 IJA/NAF)', '#a3afad', 'Satin', None], ['MRP-417', 'IJAAF #3 Hai Ran Shoku (Cockpit Blue-Grey) (WWII IJAAF/IJNAF', '#203641', 'Satin', None], ['MRP-418', 'IJAAF #7 Ohryoku Nana Go Shoku (Yellow Green #7) (WWII)', '#534c20', 'Satin', None], ['MRP-419', 'IJAAF #14 Ki Iro (Marking Yellow) (WWII IJAAF/IJNAF)', '#f08011', 'Satin', None], ['MRP-420', 'IJAAF #21 Midori Iro (Camouflage Green) (WWII IJAAF/IJNAF)', '#324c33', 'Satin', None], ['MRP-421', 'IJAAF #27 Ao Midori Iro (Blue Green, "Jungle Green") (WWII)', '#233623', 'Satin', None], ['MRP-422', 'IJAAF #30 Karekusa Iro (Parched grass) (WWII IJAAF/IJNAF)', '#a37d59', 'Satin', None], ['MRP-423', 'IJAAF #31 Cha Kasshoku (Tea color) (WWII IJAAF/IJNAF)', '#4c342a', 'Satin', None], ['MRP-424', 'IJNAF D1 Nohryokukokushoku (Deep Black Green) (WWII)', '#062018', 'Satin', None], ['MRP-425', 'IJNAF D2 Ryokukokushoku (Black Green) (WWII IJAAF/IJNAF)', '#133223', 'Satin', None], ['MRP-426', 'IJNAF H2 Camouflage Brown (WWII IJAAF/IJNAF)', '#774628', 'Satin', None], ['MRP-427', 'IJNAF J3 Hai iro (Ash Gray) (WWII IJAAF/IJNAF)', '#9d9e96', 'Satin', None], ['MRP-428', 'IJNAF J3 SP Olive Gray (Mitsubishi Special Paint) (WWII)', '#918168', 'Satin', None], ['MRP-429', 'IJNAF J3 SP Olive Gray (Nakajima version) (WWII IJAAF/IJNAF)', '#967959', 'Satin', None], ['MRP-430', 'IJNAF M0/M1 Official Cockpit Color (Gray Green) (WWII)', '#7b876f', 'Satin', None], ['MRP-431', 'IJNAF N0 Propeller Color (WWII IJAAF/IJNAF)', '#391b19', 'Satin', None], ['MRP-432', 'IJNAF Q1 Cowling Color (WWII IJAAF/IJNAF)', '#0e1319', 'Satin', None], ['MRP-433', 'DARK GREEN CAMO (FS34084)', '#3a3935', 'Matt', None], ['MRP-434', 'ARMY FOREST GREEN (FS34086)', '#4c4d3f', 'Satin', None], ['MRP-435', 'SAND CAMOUFLAGE (FS33303)', '#97876d', 'Matt', None], ['MRP-436', 'DARK YELLOW (FS33448)', '#b49670', 'Satin', None], [' MRP-437', 'GREEN (FS34230)', '#23873e', 'Matt', None], [' MRP-438', 'DARK GREEN INTERNATIONAL (FS34108)', '#36614e', 'Matt', None], ['MRP-439', 'Dark Admiralty Gray BS381C:632 / FS 36152', '#5c6569', 'Satin', None], ['MRP-C001', 'Ford GT - Gulf Blue (Heritage Edition)', '#4daebe', 'Gloss', None], ['MRP-C002', 'Ford GT - Gulf Orange (Heritage edition)', '#bd4e19', 'Gloss', None], ['MRP-C003', 'Ford GT - Liquid Blue', None, 'Metallic', None], ['MRP-C004', 'Ford GT - Liquid Red', None, 'Metallic', None], ['MRP-C005', 'Ford GT - Liquid Gray', None, 'Metallic', None], ['MRP-C006', 'Ford GT (1992 - 2006) - Medium Royal Blue', None, 'Gloss', None], ['MRP-C007', 'Highland Green - Ford Mustang Bullit', None, 'Gloss', None], ['MRP-C008', 'Grabber Lime - Ford Mustang', '#98a845', 'Gloss', None], ['MRP-C009', 'Grabber Blue - Ford Mustang', '#007caf', 'Gloss', None], ['MRP-C010', 'Race Red - Ford Mustang', '#b40000', 'Gloss', None], ['MRP-C011', 'Need for Green - Ford Mustang', '#017417', 'Gloss', None], ['MRP-C012', 'Carbon Brake Disc Gray', None, 'Matt', None], ['MRP-C013', 'Porsche Gulf Blue', '#53aabb', 'Gloss', None], ['MRP-C014', 'Porsche Gulf Orange', '#db5123', 'Gloss', None], ['MRP-C015', 'Porsche Miami Blue', '#008292', 'Gloss', None], ['MRP-C016', 'BBS Gold', None, 'Metallic', None], ['MRP-C017', 'BBS Silver', None, 'Metallic', None], ['MRP-C018', 'WRC Performance Blue - Hyundai i20', '#7fa4c1', 'Gloss', None], ['MRP-C019', 'Prominence Red - Toyota GR Supra', '#80040f', 'Gloss', None], ['MRP-C020', 'Lightning Yellow - Toyota GR Supra', '#f38901', 'Gloss', None], ['MRP-C021', 'Deep Blue Metallic - Toyota GR Supra', None, 'Metallic', None], ['MRP-C022', 'Matte Storm Grey - Toyota GR Supra', None, 'Matt', None], ['MRP-C023', 'Orange Jaegermeister', '#ff6d17', 'Gloss', None], ['MRP-C024', 'Orange Metallic - Toyota GR86', None, 'Metallic', None], ['MRP-C025', 'Blue metallic - Subaru BRZ', None, 'Metallic', None], ['MRP-C026', 'Rosso Corsa Ferrari No.300 (most used red)', '#a20000', 'Gloss', None], ['MRP-C027', 'Chameleon Gold-Green', None, 'Gloss', None], ['MRP-C028', 'Chameleon Pink-Bronz', None, 'Gloss', None], ['MRP-C029', 'Chameleon Purple-Green', None, 'Gloss', None], ['MRP-C030', 'Mercedes 300SL Restomod Green Metallic', None, 'Metallic', None], ['MRP-C031', 'Porsche Olive Green', None, 'Gloss', None], ['MRP-C032', 'Porsche Acid Green', None, 'Gloss', None], ['MRP-FLP', 'MR. FILLER (Liquid Putty)', None, 'Matt', None], ['MRP-LPB', 'Fine Surface Primer - Black', '#000000', 'Satin', None], ['MRP-LPF', 'Fine Surface Primer - Flesh Tone', '#c38957', 'Satin', None], ['MRP-LPG', 'Fine Surface Primer - Grey', '#73848b', 'Satin', None], ['MRP-LPO', 'Fine Surface Primer - Olive Green', '#4e4e32', 'Satin', None], ['MRP-LPR', 'Fine Surface Primer - Red Oxide', '#974434', 'Satin', None], ['MRP-LPS', 'Fine Surface Primer Silver Metallic', None, 'Metallic', None], ['MRP-LPW', 'Fine Surface Primer - White', '#fefefe', 'Satin', None], ['MRP-LPY', 'Fine Surface Primer - Sand Yellow', '#bf8b38', 'Satin', None], ['MRP-087', 'Fine Surface Primer - Light Green', '#fff', 'Satin', None], ['MRP-279K', '2K-Super Clear', '#fff', 'Varnish', None], ['MRP-C', 'MR. Airbrush Cleaner', None, 'Cleaners', None], ['MRP-LT', 'Mr. Thinner', None, 'Thinners', None], ['MRP-LTSD', 'Mr. Thinner Slow Dry', None, 'Thinners', None], ['MRP-295', 'Navy Blue & Intermediate Blue (JASDF) paint set', None, None, None], ['MRP-S01', 'Israeli Air Force set 1973-Current', '#987964', None, None]], 'NAZCA': [['NE-001', 'Dent Gray', '#6c7274', 'Matt', 'Enamel'], ['NE-002', 'Shadow Brown', '#52381d', 'Matt', 'Enamel'], ['NE-003', 'Pinpoint Silver', '#e0e2e1', 'Metallic', 'Enamel'], ['NC-001', 'Steel White', '#adb8c0', 'Gloss', None], ['NC-002', 'Frost Mat Black', '#28292d', 'Matt', None], ['NC-003', 'Flame Red', '#db1d04', 'Gloss', None], ['NC-004', 'Million Blue', '#4c68cc', 'Gloss', None], ['NC-005', 'Warm Light Grey', '#e6ebef', 'Satin', None], ['NC-006', 'Blue Fog White', '#76909d', 'Satin', None], ['NC-007', 'Joint Gray', '#8692a4', 'Satin', None], ['NC-008', 'Neutral White', '#e7e7e7', 'Gloss', None], ['NC-009', 'Cobalt Violet', '#3a3cb6', 'Gloss', None], ['NC-010', 'Mandarin Orange', '#e67809', 'Gloss', None], ['NC-011', 'Flat Silver', '#dfdfdf', 'Metallic', None], ['NC-012', 'Deep Khaki', '#2b2d23', 'Gloss', None], ['NC-013', 'Blast Khaki', '#37392b', 'Gloss', None], ['NC-014', 'Mandarin Yellow', '#e7a01d', 'Gloss', None], ['NC-015', 'Dark Blueish Purple', '#161d3b', 'Gloss', None], ['NP001', 'Mechanical Surfacer Heavy', '#6b7083', 'Matt', None], ['NP002', 'Mechanical Surfacer Light', '#8c96a7', 'Matt', None], ['NP004', 'Pink Surfacer', '#e1a397', 'Matt', None], ['NP005', 'Mechanical Surfacer Super Heavy', '#383d41', 'Matt', None], ['NP003s', 'Pro Use Thinner', None, 'Thinners', None], ['NP003h', 'Pro Use Thinner', None, 'Thinners', None]], 'Number Five': [['N5-B001', 'Racing White', None, 'Matt', 'Enamel'], ['N5-B002', 'Fire Extinguisher Red', None, 'Matt', 'Enamel'], ['N5-B003', 'Racing Black', None, 'Matt', 'Enamel'], ['N5-B004', 'Pink Base', None, 'Matt', 'Enamel'], ['N5-B005', 'British Green', None, 'Matt', 'Enamel'], ['N5-B006', 'Reflex Blue', None, 'Matt', 'Enamel'], ['N5-B007', 'Dunlop yellow', None, 'Matt', 'Enamel'], ['N5-B008', 'Blue RAL 5017', None, 'Matt', 'Enamel'], ['N5-M001', 'Camel Yellow', None, 'Matt', 'Enamel'], ['N5-M002', 'Gitanes Dark Blue', None, 'Matt', 'Enamel'], ['N5-M003', 'Expert Orange', None, 'Matt', 'Enamel'], ['N5-M004', 'Rosso Corsa', None, 'Matt', 'Enamel'], ['N5-M005', 'Blue 908', None, 'Matt', 'Enamel'], ['N5-M006', 'Rosso Corsa 40s', None, 'Matt', 'Enamel'], ['N5-M007', 'Gulfblau Light Blue', None, 'Matt', 'Enamel'], ['N5-M008', 'Gulforange Orange', None, 'Matt', 'Enamel'], ['N5-M009', 'Gulfblau Blue', None, 'Matt', 'Enamel'], ['N5-M010', 'Classic Lotus Yellow', None, 'Matt', 'Enamel'], ['N5-M011', 'Classic Lotus Green', None, 'Matt', 'Enamel'], ['N5-M012', 'Red Rosso Corsa 50s', None, 'Matt', 'Enamel'], ['N5-M013', 'Red Rosso Corsa 322', None, 'Matt', 'Enamel'], ['N5-M014', 'Guardian Red 911 (Porsches like 944, 911 or 928)', None, 'Matt', 'Enamel'], ['N5-M015', "Rosso Corsa 60's (e.g. Ferrari 156)", None, 'Matt', 'Enamel'], ['N5-M016', 'Blue Focus', None, 'Matt', 'Enamel'], ['N5-M017', 'Light Verde BP (e.g. Ford Focus WRC 2010)', None, 'Matt', 'Enamel'], ['N5-M018', "Renault R5 Red (80's, e.g. Renault R5 Turbo)", None, 'Matt', 'Enamel'], ['N5-M019', 'Giallo Modena 430 (Ferrari)', None, 'Matt', 'Enamel'], ['N5-M020', 'Repsol Orange', None, 'Matt', 'Enamel'], ['N5-M021', '312PB Green', None, 'Matt', 'Enamel'], ['N5-M022', 'Kawa Green', None, 'Matt', 'Enamel'], ['N5-M023', 'FW14 Blue', None, 'Matt', 'Enamel'], ['N5-M024', 'Jager Orange', None, 'Matt', 'Enamel'], ['N5-M025', 'Kelly Green', None, 'Matt', 'Enamel'], ['N5-M026', 'Chaparral White', None, 'Matt', 'Enamel'], ['N5-M027', 'Repsol Blue', None, 'Matt', 'Enamel'], ['N5-M028', 'Renault 71 Yellow', None, 'Matt', 'Enamel'], ['N5-M029', 'BT52 Blue', None, 'Matt', 'Enamel'], ['N5-M030', 'Corolla Red', None, 'Matt', 'Enamel'], ['N5-M031', 'Orange 761 Beta', None, 'Matt', 'Enamel'], ['N5-M032', 'Red Delta HF', None, 'Matt', 'Enamel'], ['N5-M033', 'Red 155 DTM', None, 'Matt', 'Enamel'], ['N5-S001', 'Number Five colors thinner', None, 'Thinners', 'Enamel'], ['N5-F002', 'Clearcoat lacquer', None, None, None], ['N5-F004', 'Gloss Clearcoat lacquer', None, 'Gloss', None], ['N5-S002', 'Number Five advanced thinner', None, 'Thinners', None], ['N5-S003', 'Airbrush Cleaner', None, 'Cleaners', None], ['N5-S005', 'White primer', None, 'Matt', None], ['N5-S006', 'Gray primer', None, 'Matt', None], ['N5-S008', 'Advanced grey primer', None, 'Matt', None], ['N5-S012', 'Thinner', None, 'Thinners', None], ['N5-Q001', 'Rosso Corsa 300 (Ferrari)', None, 'Matt', None], ['N5-Q002', 'Monte Carlo Blue 53C (Subaru)', None, 'Matt', None], ['N5-Q003', 'Camel yellow', None, 'Matt', None], ['N5-Q004', 'White', None, 'Matt', None], ['N5-S010', 'Advanced thinner', None, 'Thinners', None], ['N5-S011', 'Clearcoat thinner', None, 'Thinners', None], ['N5-C001', 'Mustang GT4 Grey', None, 'Matt', None], ['N5-C002', 'BT52 White', None, 'Matt', None], ['N5-C003', 'CG901B Blue', None, 'Matt', None], ['N5-C004', 'Type 49C Red', None, 'Matt', None], ['N5-C005', 'P34 Blue', None, 'Matt', None], ['N5-C006', 'Stratos White', None, 'Matt', None], ['N5-C007', 'Cooper 1300 Red', None, 'Matt', None], ['N5-C008', '993 GT2 Taisan Black', None, 'Matt', None], ['N5-C009', 'Type 25 Green', None, 'Matt', None], ['N5-C010', 'Delta HF Integrale White', None, 'Matt', None], ['N5-C011', 'M3 E30 White', None, 'Matt', None], ['N5-C012', 'Giulia Red', None, 'Matt', None], ['N5-C013', 'GT40 LM Black', None, 'Matt', None], ['N5-C014', '155 V6 TI Red', None, 'Matt', None], ['N5-C015', '934 Turbo RSR Green', None, 'Matt', None], ['N5-C016', 'LC2 White', None, 'Matt', None], ['N5-C017', 'F40 Red', None, 'Matt', None], ['N5-C018', 'BT52 Blue', None, 'Matt', None], ['N5-C019', '131 Supermirafiori White', None, 'Matt', None], ['N5-C020', 'Type 72E Black', None, 'Matt', None], ['N5-C021', 'BT46 Red', None, 'Matt', None], ['N5-C022', 'FW14 Yellow', None, 'Matt', None], ['N5-C023', 'FW14 Blue', None, 'Matt', None], ['N5-C024', 'Type 97T Black', None, 'Matt', None], ['N5-C025', '935 White', None, 'Matt', None], ['N5-C026', 'RE20 Yellow', None, 'Matt', None], ['N5-C027', '911 Carrera RS White', None, 'Matt', None], ['N5-C028', 'Eleanor GT500 Pepper Grey', None, 'Matt', None], ['N5-C029', 'Veneno Grey', None, 'Matt', None], ['N5-C030', 'Delta S4 White', None, 'Matt', None], ['N5-C031', '911 Guards 80K Red', None, 'Matt', None], ['N5-C032', '996 GT3 Yellow', None, 'Matt', None], ['N5-C033', 'Panigale Red', None, 'Matt', None], ['N5-C034', 'Blower Supercharged Green', None, 'Matt', None], ['N5-C035', 'Golf VR6 Silver', None, 'Matt', None], ['N5-C036', 'Golf Gti Silver', None, 'Matt', None], ['N5-C037', 'E-Type Green', None, 'Matt', None], ['N5-C038', 'Murcielago Orange', None, 'Matt', None], ['N5-C039', 'AMG GT3 Grey', None, 'Matt', None], ['N5-C040', 'C3 WRC Red', None, 'Matt', None], ['N5-C041', 'C3 WRC White', None, 'Matt', None], ['N5-C042', 'C3 WRC Antracita', None, 'Matt', None], ['N5-C043', 'i20 WRC Blue', None, 'Matt', None], ['N5-C044', 'Alfa 8C 2300 Red', None, 'Matt', None], ['N5-C045', 'R8 LMS GT3 Silver', None, 'Matt', None], ['N5-C046', 'R8 LMS GT3 Red', None, 'Matt', None], ['N5-C047', 'Celica WRC White', None, 'Matt', None], ['N5-C048', 'Fiesta WRC White', None, 'Matt', None], ['N5-C049', 'BT44 White', None, 'Matt', None], ['N5-C050', '306 Maxi White', None, 'Matt', None], ['N5-C051', 'Fabia WRC Green', None, 'Matt', None], ['N5-C052', 'GSX R750 Red', None, 'Matt', None], ['N5-C053', 'M6 GT3 Walkenhorst Blue', None, 'Matt', None], ['N5-C054', 'M1 White', None, 'Matt', None], ['N5-C055', 'Type 72C Red', None, 'Matt', None], ['N5-C056', '911 GT1 White', None, 'Matt', None], ['N5-C057', 'Lancer Evo Red', None, 'Matt', None], ['N5-C058', 'Richard Petty Blue', None, 'Matt', None], ['N5-C059', 'R8 Gordini Blue', None, 'Matt', None], ['N5-C060', '205 WRC White', None, 'Matt', None], ['N5-C061', 'RA272 White', None, 'Matt', None], ['N5-C062', 'Quattro Sport White', None, 'Matt', None], ['N5-C063', '400 Superamerica Green', None, 'Matt', None], ['N5-C064', 'Type 33 Green', None, 'Matt', None], ['N5-C065', '488 Pista Red', None, 'Matt', None], ['N5-C066', '250 GTO Red', None, 'Matt', None], ['N5-C067', '2002 Chamonix White', None, 'Matt', None], ['N5-C068', 'Corolla WRC White', None, 'Matt', None], ['N5-C069', '308 GTB Red', None, 'Matt', None], ['N5-C070', '250 TR Red', None, 'Matt', None], ['N5-C071', 'LaFerrari Red', None, 'Matt', None], ['N5-C072', 'R5 Turbo Yellow', None, 'Matt', None], ['N5-C073', '037 White (Lancia 037 Rally)', None, 'Matt', None], ['N5-C074', 'Imprezza 2001-2006 Blue', None, 'Matt', None], ['N5-C075', 'Imprezza 1996-2000 Blue', None, 'Matt', None], ['N5-C076', '917K 1971 White', None, 'Matt', None], ['N5-C077', '320i E46 Red', None, 'Matt', None], ['N5-C078', 'Alpine A110 Blue', None, 'Matt', None], ['N5-C079', 'Dino 246 Red', None, 'Matt', None], ['N5-C080', '934 Turbo RSR Orange', None, 'Matt', None], ['N5-C081', 'Huracan Mantis Green', None, 'Matt', None], ['N5-C082', 'Escort Mk II White', None, 'Matt', None], ['N5-C083', 'London Bus Red', None, 'Matt', None], ['N5-C084', 'Aventador Silver', None, 'Matt', None], ['N5-C085', '905 Evo White', None, 'Matt', None], ['N5-C086', 'Quattro S1 White', None, 'Matt', None], ['N5-C087', '458 Italia Red', None, 'Matt', None], ['N5-C088', '99T Yellow', None, 'Matt', None], ['N5-C089', 'TS050 Hybrid White', None, 'Matt', None], ['N5-C090', 'T Model Red', None, 'Matt', None], ['N5-C091', 'Mehari Orange', None, 'Matt', None], ['N5-C092', 'David Piper Green', None, 'Matt', None], ['N5-C093', '641/2 F1-90 Red', None, 'Matt', None], ['N5-C094', 'Quattro Rally White', None, 'Matt', None], ['N5-C095', 'Fairlady 240Z Rally Red', None, 'Matt', None], ['N5-C096', '599 GTB Red', None, 'Matt', None], ['N5-C097', '911 Carrera RSR Turbo Silver', None, 'Matt', None], ['N5-C098', '206 WRC White', None, 'Matt', None], ['N5-C099', 'MP4/6 Red', None, 'Matt', None], ['N5-C100', 'F430 Red', None, 'Matt', None], ['N5-C101', 'T2 Transporter Orange', None, 'Matt', None], ['N5-C102', 'Escort Mk I White', None, 'Matt', None], ['N5-C103', 'Fast And Furious Green', None, 'Matt', None], ['N5-C104', '288 GTO Red', None, 'Matt', None], ['N5-C105', 'Scuderia del Grifone Gold', None, 'Matt', None], ['N5-C106', 'F92A Red', None, None, None], ['N5-C107', 'XJ220 Green', None, 'Matt', None], ['N5-C108', 'RS200 White', None, 'Matt', None], ['N5-C109', 'Type AG Red', None, None, None], ['N5-C110', '300SL Silver', None, 'Matt', None], ['N5-C111', 'Mefistofele Red', None, 'Matt', None], ['N5-C112', '806 Grand Prix Red', None, 'Matt', None], ['N5-C113', 'M8 GTE White', None, 'Matt', None], ['N5-C114', '330 P4 Red', None, 'Matt', None], ['N5-C115', 'Ninja ZX-RR Green', None, 'Matt', None], ['N5-C116', 'Type 79 Black', None, 'Matt', None], ['N5-C117', 'Senna Victory Grey', None, None, None], ['N5-C118', 'Senna Mira Orange', None, 'Matt', None], ['N5-C119', 'F310B Red', None, 'Matt', None], ['N5-C120', 'M6 GT3 White', None, 'Matt', None], ['N5-C121', 'F2002 Red', None, 'Matt', None], ['N5-C122', 'Polo R WRC Blue', None, 'Matt', None], ['N5-C123', 'Katana GSX Silver', None, 'Matt', None], ['N5-C124', 'Huracan Performante Bronze', None, 'Matt', None], ['N5-C125', '126C2 Red', None, 'Matt', None], ['N5-C126', 'LFA Whitest White', None, 'Matt', None], ['N5-C127', 'F2003-GA Red', None, 'Matt', None], ['N5-C128', 'RG500 Red', None, 'Matt', None], ['N5-C129', 'GSX-RR Blue', None, 'Matt', None], ['N5-C130', 'GSX-RR Silver', None, 'Matt', None], ['N5-C131', 'Original-Teile Blue', None, 'Matt', None], ['N5-C132', 'C7R 2016 Yellow', None, 'Matt', None], ['N5-C133', 'GR86 Red', None, 'Matt', None], ['N5-C134', 'BRZ Pearl Blue', None, 'Matt', None], ['N5-C135', '240ZG Maroon', None, 'Matt', None], ['N5-C136', 'GT40 Ken Miles Blue', None, 'Matt', None], ['N5-C137', '936/77 White', None, 'Matt', None], ['N5-C138', 'Z4 GT3 White', None, 'Matt', None], ['N5-C139', 'EB110 Blue', None, 'Matt', None], ['N5-C140', '318i White', None, 'Matt', None], ['N5-C141', '917K 1971 Silver', None, 'Matt', None], ['N5-C142', '917K 1970 Red', None, 'Matt', None], ['N5-C143', 'MS80 Blue', None, 'Matt', None], ['N5-C144', 'Testarossa Red', None, 'Matt', None], ['N5-C145', 'Polo R WRC White', None, 'Matt', None], ['N5-C146', 'Manta White', None, 'Matt', None], ['N5-C147', 'F1 2000 Red', None, 'Matt', None], ['N5-C148', 'HP4 Race White', None, 'Matt', None], ['N5-C149', 'HP4 Race Black', None, 'Matt', None], ['N5-C150', 'HP4 Race Blue', None, 'Matt', None], ['N5-C151', 'Gozzy Pink', None, 'Matt', None], ['N5-C152', 'R NineT Black', None, 'Matt', None], ['N5-C153', 'R NineT Green', None, 'Matt', None], ['N5-C154', 'Delta HF Integrale Red', None, 'Matt', None], ['N5-C159', 'Type 35 Blue', '#0077c1', 'Satin', None], ['N5-C170', '190E Silver', None, 'Matt', None], ['N5-C171', '190E Black', None, 'Matt', None], ['N5-C172', '320i E46 White', None, 'Matt', None], ['N5-C173', 'Z4 M40i Red', None, 'Matt', None], ['N5-C174', 'Type 91 Black', None, 'Matt', None], ['N5-C180', 'Kamaz VTB Light Blue', None, 'Matt', None], ['N5-C181', 'Kamaz VTB Dark Blue', None, 'Matt', None], ['N5-F008', 'Thinner', None, 'Thinners', None], ['N5-F013', 'Hardener', None, None, None], ['N5-F014', 'Lacquer Thinner', None, 'Thinners', None], ['N5-X001', 'White', None, 'Matt', None], ['N5-X002', 'Light Blue', None, 'Matt', None], ['N5-X003', 'Pink Base', None, 'Matt', None], ['N5-X004', 'Intense White', None, 'Matt', None], ['N5-X005', 'Anthracite Grey RAL 7016', None, 'Matt', None], ['N5-X006', 'Camel Yellow RAL 1003', None, 'Matt', None], ['N5-X007', 'Dark British Racing Green', None, 'Matt', None], ['N5-X008', 'Gulforange 60s-70s', None, 'Matt', None], ['N5-X009', 'Gulf blue 60s-70s', None, 'Matt', None], ['N5-X010', 'Aluminium', None, 'Matt', None], ['N5-X011', 'Black', None, 'Matt', None], ['N5-X012', 'Olio blue', None, 'Matt', None], ['N5-X013', 'Fluorescent Yellow RAL 1026', None, 'Matt', None], ['N5-X014', 'Fluorescent Orange RAL 2005', None, 'Matt', None], ['N5-X015', 'Luminous Red RAL 3024', None, 'Matt', None], ['N5-X016', 'Fluorescente Bright Orange RAL 2007', None, 'Matt', None], ['N5-X017', 'Fluorescent Red RAL 3026', None, 'Matt', None], ['N5-X018', 'Carbon Ceramic Grey', None, 'Matt', None], ['N5-X018', 'Carbon Ceramic Grey', None, 'Matt', None], ['N5-X019', 'White Aluminium RAL9006', None, 'Matt', None], ['N5-X020', 'Italian Red', None, 'Matt', None], ['N5-X021', 'Mint Green RAL 6029', None, 'Matt', None], ['N5-X022', 'Jager Orange (J├ñgermeister Orange)', None, 'Matt', None], ['N5-X023', 'German Grey', None, 'Matt', None], ['N5-X024', 'Cobalt Green', None, 'Matt', None], ['N5-X025', 'Coral Blue', None, 'Matt', None], ['N5-X026', 'Rothmans blue', None, 'Matt', None], ['N5-X027', 'Tyrrell Blue', None, 'Matt', None], ['N5-X028', 'French Racing Blue', None, 'Matt', None], ['N5-X029', 'Kevlar yellow', None, 'Matt', None], ['N5-X030', 'Ivory RAL 1015', None, 'Matt', None], ['N5-X031', 'Passionate Pink', None, 'Matt', None], ['N5-X032', 'Gentian Blue RAL 5015', None, 'Matt', None], ['N5-X033', 'Racing Blue', None, 'Matt', None], ['N5-X035', 'Chardonnet Light Blue', None, 'Matt', None], ['N5-X036', 'Chardonnet Dark Blue', None, 'Matt', None], ['N5-X037', 'Traffic red RAL 3020', None, 'Matt', None], ['N5-X046', 'British F1 Chassis Grey', None, 'Matt', None], ['N5-X047', 'Night Blue RAL5022', None, 'Matt', None], ['N5-X048', 'HB Yellow', None, 'Matt', None], ['N5-X049', 'Brembo Brake Red', None, 'Matt', None], ['N5-X052', 'Zakspeed Black (e.g. Zakspeed Capri Turbo)', None, 'Matt', None], ['N5-F009', 'Thinner', None, 'Thinners', None], ['N5-F010', 'Thinner', None, 'Thinners', None], ['N5-F012', 'Gloss clearcoat lacquer', None, 'Gloss', None], ['N5-F015', 'Gloss clearcoat lacquer set', None, None, None]], 'OColors': [['19300', 'White', '#e3e3e3', 'Matt', 'Acrylic'], ['19301', 'Black', '#323232', 'Matt', 'Acrylic'], ['19302', 'Light Grey', '#acacac', 'Matt', 'Acrylic'], ['19303', 'Dark Grey', '#7c7c7c', 'Matt', 'Acrylic'], ['19304', 'Ivory', '#e6dac4', 'Matt', 'Acrylic'], ['19305', 'Ocher', '#8d6f53', 'Matt', 'Acrylic'], ['19306', 'Yellow', '#dac665', 'Matt', 'Acrylic'], ['19307', 'Dark Brown', '#705950', 'Matt', 'Acrylic'], ['19308', 'Reddish Brown', '#693e38', 'Matt', 'Acrylic'], ['19309', 'Orange', '#c26e36', 'Matt', 'Acrylic'], ['19310', 'Red', '#982e21', 'Matt', 'Acrylic'], ['19311', 'Light Blue', '#96b6cd', 'Matt', 'Acrylic'], ['19312', 'Medium Blue', '#6689b9', 'Matt', 'Acrylic'], ['19313', 'Dark Blue', '#4160c0', 'Matt', 'Acrylic'], ['19314', 'Light Green', '#5e7837', 'Matt', 'Acrylic'], ['19315', 'Dark Green', '#3c4a29', 'Matt', 'Acrylic'], ['19380', 'Gold', '#c3a368', 'Metallic', 'Acrylic'], ['19381', 'Copper', '#a4765e', 'Metallic', 'Acrylic'], ['19382', 'Silver', '#bcc1c4', 'Metallic', 'Acrylic'], ['19383', 'Dark Red', '#fff', 'Matt', 'Acrylic'], ['19384', 'Grey 1', '#fff', 'Matt', 'Acrylic'], ['19385', 'Grey 2', '#fff', 'Matt', 'Acrylic'], ['19386', 'Grey 3', '#fff', 'Matt', 'Acrylic'], ['19210', 'Sapelli Dye', None, 'Matt', 'Acrylic'], ['19211', 'Walnut Dye', None, 'Matt', 'Acrylic'], ['19212', 'Pine Dye', None, 'Matt', 'Acrylic'], ['19213', 'Oak Dye', None, 'Matt', 'Acrylic'], ['19209', 'Satin Varnish', None, 'Varnish', None], ['90501', 'Occre Dye/Varnish Pack', '##fff', None, None], ['90506', 'Occre Prinz Eugen Paint Set', '#e3e3e3', None, None], ['90500', 'Occre Polaris Paint Set', '#e3e3e3', None, None], ['90504', 'Occre Titanic Paint Set', '#e3e3e3', None, None]], 'Oesling Modellbau': [['81001000', 'RAL 1000 Gr├╝nbeige', '#fff', 'Satin', 'Acrylic'], ['81001001', 'RAL 1001 Beige', '#fff', 'Satin', 'Acrylic'], ['81001002', 'RAL 1002 Sandgelb', '#fff', 'Satin', 'Acrylic'], ['81001003', 'RAL 1003 Signalgelb', '#fff', 'Satin', 'Acrylic'], ['81001004', 'RAL 1004 Goldgelb', '#fff', 'Satin', 'Acrylic'], ['81001005', 'RAL 1005', '#fff', 'Satin', 'Acrylic'], ['81001006', 'RAL 1006 Maisgelb', '#fff', 'Satin', 'Acrylic'], ['81001007', 'RAL 1007 Narzissengelb', '#fff', 'Satin', 'Acrylic'], ['81001011', 'RAL 1011 Braunbeige', '#fff', 'Satin', 'Acrylic'], ['81001012', 'RAL 1012 Zitronengelb', '#fff', 'Satin', 'Acrylic'], ['81001013', 'RAL 1013 Perlwei├ƒ', '#fff', 'Satin', 'Acrylic'], ['81001014', 'RAL 1014 Elfenbein', '#fff', 'Satin', 'Acrylic'], ['81001015', 'RAL 1015 Hellelfenbein', '#fff', 'Satin', 'Acrylic'], ['81001016', 'RAL 1016 Schwefelgelb', '#fff', 'Satin', 'Acrylic'], ['81001017', 'RAL 1017 Safrangelb', '#fff', 'Satin', 'Acrylic'], ['81001018', 'RAL 1018 Zinkgelb', '#fff', 'Satin', 'Acrylic'], ['81001019', 'RAL 1019 Graubeige', '#fff', 'Satin', 'Acrylic'], ['81001020', 'RAL 1020 Olivgelb', '#fff', 'Satin', 'Acrylic'], ['81001021', 'RAL 1021 Rapsgelb', '#fff', 'Satin', 'Acrylic'], ['81001023', 'RAL 1023 Verkehrsgelb', '#fff', 'Satin', 'Acrylic'], ['81001024', 'RAL 1024 Ockergelb', '#fff', 'Satin', 'Acrylic'], ['81001027', 'RAL 1027 Currygelb', '#fff', 'Satin', 'Acrylic'], ['81001028', 'RAL 1028 Melonengelb', '#fff', 'Satin', 'Acrylic'], ['81001032', 'RAL 1032 Ginstergelb', '#fff', 'Satin', 'Acrylic'], ['81001033', 'RAL 1033 Dahliengelb', '#fff', 'Satin', 'Acrylic'], ['81001034', 'RAL 1034 Pastellgelb', '#fff', 'Satin', 'Acrylic'], ['81001037', 'RAL 1037 Sonnengelb', '#fff', 'Satin', 'Acrylic'], ['81001900', 'TTX-Yellow', '#fff', 'Satin', 'Acrylic'], ['81002000', 'RAL 2000 Gelborange', '#fff', 'Satin', 'Acrylic'], ['81002001', 'RAL 2001 Rotorange', '#fff', 'Satin', 'Acrylic'], ['81002002', 'RAL 2002 Blutorange', '#fff', 'Satin', 'Acrylic'], ['81002003', 'RAL 2003 Pastellorange', '#fff', 'Satin', 'Acrylic'], ['81002004', 'RAL 2004 Reinorange', '#fff', 'Satin', 'Acrylic'], ['81002008', 'RAL 2008 Hellrotorange', '#fff', 'Satin', 'Acrylic'], ['81002009', 'RAL 2009 Verkehrsorange', '#fff', 'Satin', 'Acrylic'], ['81002010', 'RAL 2010 Signalorange', '#fff', 'Satin', 'Acrylic'], ['81002011', 'RAL 2011 Tieforange', '#fff', 'Satin', 'Acrylic'], ['81002012', 'RAL 2012 Lachsorange', '#fff', 'Satin', 'Acrylic'], ['81003000', 'RAL 3000 Feuerrot', '#fff', 'Satin', 'Acrylic'], ['81003001', 'RAL 3001 Signalrot', '#fff', 'Satin', 'Acrylic'], ['81003002', 'RAL 3002 Karminrot', '#fff', 'Satin', 'Acrylic'], ['81003003', 'RAL 3003 Rubinrot', '#fff', 'Satin', 'Acrylic'], ['81003004', 'RAL 3004 Purpurrot', '#fff', 'Satin', 'Acrylic'], ['81003005', 'RAL 3005 Weinrot', '#fff', 'Satin', 'Acrylic'], ['81003007', 'RAL 3007 Schwarzrot', '#fff', 'Satin', 'Acrylic'], ['81003009', 'RAL 3009 Oxidrot', '#fff', 'Satin', 'Acrylic'], ['81003011', 'RAL 3011 Braunrot', '#fff', 'Satin', 'Acrylic'], ['81003012', 'RAL 3012 Beigerot', '#fff', 'Satin', 'Acrylic'], ['81003013', 'RAL 3013 Tomatenrot', '#fff', 'Satin', 'Acrylic'], ['81003014', 'RAL 3014 Altrosa', '#fff', 'Satin', 'Acrylic'], ['81003015', 'RAL 3015 Hellrosa', '#fff', 'Satin', 'Acrylic'], ['81003016', 'RAL 3016 Korallenrot', '#fff', 'Satin', 'Acrylic'], ['81003017', 'RAL 3017 Ros├⌐', '#fff', 'Satin', 'Acrylic'], ['81003018', 'RAL 3018 Erdbeerrot', '#fff', 'Satin', 'Acrylic'], ['81003020', 'RAL 3020 Verkehrsrot', '#fff', 'Satin', 'Acrylic'], ['81003022', 'RAL 3022 Lachsrot', '#fff', 'Satin', 'Acrylic'], ['81003027', 'RAL 3027 Himbeerrot', '#fff', 'Satin', 'Acrylic'], ['81003031', 'RAL 3031 Orientrot', '#fff', 'Satin', 'Acrylic'], ['81004000', 'RAL 4000 Violett', '#fff', 'Satin', 'Acrylic'], ['81004001', 'RAL 4001 Rotlila', '#fff', 'Satin', 'Acrylic'], ['81004002', 'RAL 4002 Rotviolett', '#fff', 'Satin', 'Acrylic'], ['81004003', 'RAL 4003 Erikaviolett', '#fff', 'Satin', 'Acrylic'], ['81004004', 'RAL 4004 Bordeauxviolett', '#fff', 'Satin', 'Acrylic'], ['81004005', 'RAL 4005 Blaulila', '#fff', 'Satin', 'Acrylic'], ['81011014', 'RAL 1014 Elfenbein', '#fff', 'Gloss', 'Acrylic'], ['81021015', 'RAL 1015 Hellelfenbein', '#fff', 'Matt', 'Acrylic'], ['81023002', 'RAL 3002 Karminrot', '#fff', 'Matt', 'Acrylic'], ['81026004', 'RAL 6004 Blaugr├╝n', '#fff', 'Matt', 'Acrylic'], ['81028024', 'RAL 8024 Beigebraun', '#fff', 'Matt', 'Acrylic'], ['no', 'Klarlack, seidenmatt', '#fff', 'Satin', 'Acrylic']], 'Outlaw Paints': [['OPSC0041', 'VR Diesel Blue', None, 'Matt', None], ['OPSC0047', 'VR Diesel Yellow', None, 'Matt', None], ['OPSC0048', 'NSWGR 3813 Green', None, 'Matt', None], ['OPSC0090', 'AUSCAM Camouflage Green', None, 'Matt', None], ['OPSC0092', 'AUSCAM Camouflage Black', None, 'Matt', None], ['OPSC0093', 'AUSCAM Pilbara Brown', None, 'Matt', None], ['P001', 'Grey Primer', '#b3b3b3', 'Matt', None], ['P002', 'Black Primer', '#333333', 'Matt', None], ['OP AUSCAM BS', 'AUSCAM Box Set', '##fff', None, None]], 'Pacific88': [['F-01', 'Black', '#000000', 'Matt', 'Acrylic'], ['F-02', 'Graphite black', '#1d262a', 'Matt', 'Acrylic'], ['F-03', 'Black satin', '#010407', 'Matt', 'Acrylic'], ['F-04', 'Black NATO', '#535353', 'Matt', 'Acrylic'], ['F-05', 'Old tires', '#777777', 'Matt', 'Acrylic'], ['F-06', 'White', '#ffffff', 'Matt', 'Acrylic'], ['F-07', 'Ivory', '#e6dcb8', 'Matt', 'Acrylic'], ['F-08', 'White satin', '#fdf8e4', 'Matt', 'Acrylic'], ['F-10', 'Light sand', '#f8e77b', 'Matt', 'Acrylic'], ['F-11', 'Yellow sand', '#faee88', 'Matt', 'Acrylic'], ['F-12', 'Yellow green', '#dcec81', 'Matt', 'Acrylic'], ['F-13', 'Dark yellow', '#dcd6a4', 'Matt', 'Acrylic'], ['F-14', 'German yellow green', '#e8ec73', 'Matt', 'Acrylic'], ['F-15', 'Dark yellow desert', '#796f1a', 'Matt', 'Acrylic'], ['F-16', 'Stone yellow', '#ac915c', 'Matt', 'Acrylic'], ['F-17', 'German dark yellow (Dunkelgelb)', '#e2e07c', 'Matt', 'Acrylic'], ['F-18', 'Yellow sulfur', '#f7fc48', 'Matt', 'Acrylic'], ['F-19', 'Pale yellow sulfur', '#f6e86d', 'Matt', 'Acrylic'], ['F-20', 'Green grass', '#609b65', 'Matt', 'Acrylic'], ['F-21', 'Green', '#258d12', 'Matt', 'Acrylic'], ['F-22', 'Green faded', '#b1ddba', 'Matt', 'Acrylic'], ['F-23', 'Dark Green', '#283524', 'Matt', 'Acrylic'], ['F-24', 'Light fern green', '#b3ce7d', 'Matt', 'Acrylic'], ['F-25', 'Fern green', '#53743b', 'Matt', 'Acrylic'], ['F-26', 'Olive medium', '#7e7e76', 'Matt', 'Acrylic'], ['F-27', 'Khaki medium', '#978b71', 'Matt', 'Acrylic'], ['F-28', 'Protective', '#435a2c', 'Matt', 'Acrylic'], ['F-29', 'Protective of the USSR from 1937', '#354633', 'Matt', 'Acrylic'], ['F-30', '4BO Russia', '#5e6d12', 'Matt', 'Acrylic'], ['F-31', 'Olive green', '#48543c', 'Matt', 'Acrylic'], ['F-32', '4BO Russia dark', '#6c704b', 'Matt', 'Acrylic'], ['F-33', 'May green', '#74a472', 'Matt', 'Acrylic'], ['F-34', 'Russian green dark', '#2b432d', 'Matt', 'Acrylic'], ['F-35', 'Russian green', '#436101', 'Matt', 'Acrylic'], ['F-37', 'Dark green-grey', '#4f544d', 'Matt', 'Acrylic'], ['F-38', 'Russian green 2', '#566c48', 'Matt', 'Acrylic'], ['F-39', 'Protective track 2', '#373b16', 'Matt', 'Acrylic'], ['F-40', 'Protective dark', '#273224', 'Matt', 'Acrylic'], ['F-41', 'Green swamp', '#263204', 'Matt', 'Acrylic'], ['F-42', 'Mint green', '#1e8b3c', 'Matt', 'Acrylic'], ['F-43', 'Grey-green faded', '#cbcbbf', 'Matt', 'Acrylic'], ['F-44', 'MIG emerald', '#4dd2b5', 'Matt', 'Acrylic'], ['F-45', 'Dunkelgrau 51', '#c4cfd1', 'Matt', 'Acrylic'], ['F-47', 'Sky grey', '#d0d0d0', 'Matt', 'Acrylic'], ['F-48', 'Sky grey 2', '#c1c3be', 'Matt', 'Acrylic'], ['F-49', 'MiG Grey fuselage', '#b9bec1', 'Matt', 'Acrylic'], ['F-50', 'Gull grey', '#8f8f87', 'Matt', 'Acrylic'], ['F-51', 'Medium Grey', '#a5a6aa', 'Matt', 'Acrylic'], ['F-52', 'Dark grey', '#777777', 'Matt', 'Acrylic'], ['F-53', 'Schwarz Grau', '#2e3235', 'Matt', 'Acrylic'], ['F-54', 'Grey mouse', '#909493', 'Matt', 'Acrylic'], ['F-55', 'Light Sinai grey', '#beb7a4', 'Matt', 'Acrylic'], ['F-56', 'Sinai grey', '#9d9389', 'Matt', 'Acrylic'], ['F-57', 'Gunmetal grey', '#555d60', 'Matt', 'Acrylic'], ['F-58', 'Light German grey', '#cec9c6', 'Matt', 'Acrylic'], ['F-59', 'German grey', '#3e4649', 'Matt', 'Acrylic'], ['F-60', 'Pale dark gray', '#67686a', 'Matt', 'Acrylic'], ['F-61', 'Grey blue', '#5c6971', 'Matt', 'Acrylic'], ['F-62', 'Dark ship grey', '#99999b', 'Matt', 'Acrylic'], ['F-65', 'Signal grey', '#b1b2b4', 'Matt', 'Acrylic'], ['F-70', 'RAL 7021 Dunkelgrau', '#3f3f47', 'Matt', 'Acrylic'], ['F-71', 'Anthracite grey', '#373f42', 'Matt', 'Acrylic'], ['F-72', 'Grey moss', '#9b9d92', 'Matt', 'Acrylic'], ['F-73', 'Chocolate brown', '#805b52', 'Matt', 'Acrylic'], ['F-74', 'Light brown', '#a49286', 'Matt', 'Acrylic'], ['F-75', 'Medium brown', '#69471a', 'Matt', 'Acrylic'], ['F-76', 'Dark brown', '#595549', 'Matt', 'Acrylic'], ['F-77', 'Earth', '#755c48', 'Matt', 'Acrylic'], ['F-78', 'Clay', '#b88477', 'Matt', 'Acrylic'], ['F-79', 'Brown sand', '#e5c570', 'Matt', 'Acrylic'], ['F-80', 'RAL 8017 SCHOKOBRAUN', '#44322e', 'Matt', 'Acrylic'], ['F-81', 'RAL 8008 OLIVEBRAUN', '#765832', 'Matt', 'Acrylic'], ['F-82', 'Brown-beige', '#af8a55', 'Matt', 'Acrylic'], ['F-83', 'RAL 8012 ROTBRAUN', '#643d36', 'Matt', 'Acrylic'], ['F-84', 'Oxide red', '#a0585c', 'Matt', 'Acrylic'], ['F-85', 'Ruby red', '#bb2733', 'Matt', 'Acrylic'], ['F-86', 'Dark red brown', '#80625a', 'Matt', 'Acrylic'], ['F-87', '6K Russian brown', '#3d2a19', 'Matt', 'Acrylic'], ['F-88', 'Nato Brown', '#5a3b29', 'Matt', 'Acrylic'], ['F-89', 'Burgundy rose', '#824566', 'Matt', 'Acrylic'], ['F-90', 'Red', '#dc4c55', 'Matt', 'Acrylic'], ['F-91', 'RAL 3013 Tomatenrot', '#9e3633', 'Matt', 'Acrylic'], ['F-92', 'Red-brown', '#673832', 'Matt', 'Acrylic'], ['F-93', 'Pastel blue', '#b2d1ed', 'Matt', 'Acrylic'], ['F-94', 'Blue', '#3481b9', 'Matt', 'Acrylic'], ['F-95', 'Sky blue', '#2874b2', 'Matt', 'Acrylic'], ['F-96', 'Light blue', '#6c9fe0', 'Matt', 'Acrylic'], ['F-97', 'Ultramarine Blue', '#4f5ebd', 'Matt', 'Acrylic'], ['F-98', 'Deep blue water', '#173154', 'Matt', 'Acrylic'], ['F-99', 'Royal blue', '#2a3757', 'Matt', 'Acrylic'], ['F-100', 'Blue aviation', '#8dd1c4', 'Matt', 'Acrylic'], ['F-101', 'Blue faded', '#92c1f9', 'Matt', 'Acrylic'], ['F-104', 'Olive light', '#92931b', 'Matt', 'Acrylic'], ['F-105', 'Olive-brown', '#937b5f', 'Matt', 'Acrylic'], ['F-106', 'Olive', '#6e6e66', 'Matt', 'Acrylic'], ['F-107', 'Flesh', '#ffe2a4', 'Matt', 'Acrylic'], ['F-108', 'Nude pink', '#febea2', 'Matt', 'Acrylic'], ['F-109', 'Flesh afro-american', '#5e3f2a', 'Matt', 'Acrylic'], ['F-110', 'Rust base', '#eb9f54', 'Matt', 'Acrylic'], ['F-111', 'Rust light', '#cc8255', 'Matt', 'Acrylic'], ['F-112', 'Wood', '#9c6b30', 'Matt', 'Acrylic'], ['F-113', 'Rusty trucks', '#622f14', 'Matt', 'Acrylic'], ['F-114', 'Leather', '#904e36', 'Matt', 'Acrylic'], ['F-115', 'Beige', '#f5e7aa', 'Matt', 'Acrylic'], ['F-116', 'Yellow ochre', '#cab57c', 'Matt', 'Acrylic'], ['F-117', 'Ochre dark yellow', '#ebbd6f', 'Matt', 'Acrylic'], ['F-118', 'Dark wood', '#9b5300', 'Matt', 'Acrylic'], ['F-119', 'Pale red-orange', '#d87057', 'Matt', 'Acrylic'], ['F-120', 'Tarpaulin khaki', '#d1d5a3', 'Matt', 'Acrylic'], ['F-121', 'Green tarpaulin', '#b5d7b4', 'Matt', 'Acrylic'], ['F-122', 'Brick', '#e5aa72', 'Matt', 'Acrylic'], ['F-123', 'Orange Brick', '#da8d73', 'Matt', 'Acrylic'], ['F-124', 'Red Brick', '#931a0f', 'Matt', 'Acrylic'], ['F-125', 'Orange', '#e85b13', 'Matt', 'Acrylic'], ['F-126', 'German dark yellow-green', '#cacf5b', 'Matt', 'Acrylic'], ['F-129', 'Chipped', '#403a3a', 'Matt', 'Acrylic'], ['F-130', 'Chipped brown', '#615853', 'Matt', 'Acrylic'], ['F-132', 'Pale orange', '#f5c3a8', 'Matt', 'Acrylic'], ['F-133', 'Bodily tender pale', '#dcc5a6', 'Matt', 'Acrylic'], ['F-134', 'Bodily soft pink', '#f9adaf', 'Matt', 'Acrylic'], ['F-135', 'Bodily tender', '#d3b485', 'Matt', 'Acrylic'], ['F-136', 'Bodily gentle tan', '#c18b31', 'Matt', 'Acrylic'], ['F-137', 'Bodily gentle African-American', '#c1ae9f', 'Matt', 'Acrylic'], ['F-138', 'Tomato red', '#d03c5c', 'Matt', 'Acrylic'], ['F-139', 'Bright red', '#e52532', 'Matt', 'Acrylic'], ['F-140', 'Russian sand', '#f9f5d0', 'Matt', 'Acrylic'], ['F-141', 'White-gray', '#dcdedb', 'Matt', 'Acrylic'], ['F-142', 'Aquamarine Crayola', '#7bd6db', 'Matt', 'Acrylic'], ['F-143', 'Bright orange', '#fc9e2c', 'Matt', 'Acrylic'], ['F-144', 'Salmon-orange', '#dc6a50', 'Matt', 'Acrylic'], ['F-145', 'Melon yellow', '#fbd268', 'Matt', 'Acrylic'], ['F-146', 'Yellow', '#f6f304', 'Matt', 'Acrylic'], ['F-147', 'Honey yellow', '#eabf1a', 'Matt', 'Acrylic'], ['F-148', 'Cold yellow', '#f3ff81', 'Matt', 'Acrylic'], ['F-149', 'Selective yellow', '#fad900', 'Matt', 'Acrylic'], ['F-150', 'Lemon yellow', '#e9f900', 'Matt', 'Acrylic'], ['F-151', 'Red purple', '#74004b', 'Matt', 'Acrylic'], ['F-152', 'Violet', '#901192', 'Matt', 'Acrylic'], ['F-153', 'Indigo', '#590380', 'Matt', 'Acrylic'], ['F-154', 'Dark Orchid', '#782496', 'Matt', 'Acrylic'], ['F-155', 'Medium rust', '#cb4415', 'Matt', 'Acrylic'], ['F-156', 'Old rust', '#3e2318', 'Matt', 'Acrylic'], ['F-157', 'The green Goblin', '#4aad7f', 'Matt', 'Acrylic'], ['F-158', '7K Yellow', '#786717', 'Matt', 'Acrylic'], ['F-159', 'Dark Magenta', '#8b057e', 'Matt', 'Acrylic'], ['F-160', 'Prune', '#61005d', 'Matt', 'Acrylic'], ['F-161', 'Cornflower Crayola', '#98dce9', 'Matt', 'Acrylic'], ['F-162', 'Lime Green', '#83ff69', 'Matt', 'Acrylic'], ['F-164', 'Fir green', '#2e4940', 'Matt', 'Acrylic'], ['F-165', 'Cinnabar', '#f95106', 'Matt', 'Acrylic'], ['F-166', 'Black-brown', '#433d31', 'Matt', 'Acrylic'], ['F-167', 'Turquoise', '#50bfd2', 'Matt', 'Acrylic'], ['F-168', 'Light Titian red', '#df5026', 'Matt', 'Acrylic'], ['F-169', 'Deep yellowish green', '#408f58', 'Matt', 'Acrylic'], ['F-170', 'Faded orage', '#fec866', 'Matt', 'Acrylic'], ['F-171', 'Pale pink', '#f0c3a2', 'Matt', 'Acrylic'], ['F-172', 'Lime green 2', '#8be66d', 'Matt', 'Acrylic'], ['F-173', 'Telemegenta', '#dc3ca6', 'Matt', 'Acrylic'], ['F-174', 'Opal green', '#3a946e', 'Matt', 'Acrylic'], ['F-175', 'Gum green', '#88a473', 'Matt', 'Acrylic'], ['F-176', 'Pale purple', '#efdffa', 'Matt', 'Acrylic'], ['F-177', 'Dark sand', '#e1c557', 'Matt', 'Acrylic'], ['F-180', 'RLM 02 Grau', '#9aa499', 'Matt', 'Acrylic'], ['M-01', 'Silver', '#d3d3d3', 'Metallic', 'Acrylic'], ['M-02', 'Dark silver', '#fff', 'Metallic', 'Acrylic'], ['M-03', 'Steel', '#fff', 'Metallic', 'Acrylic'], ['M-04', 'Dark steel', '#fff', 'Matt', 'Acrylic'], ['M-05', 'Gold', '#fff', 'Matt', 'Acrylic'], ['M-06', 'Pink gold', '#fff', 'Matt', 'Acrylic'], ['M-07', 'Old gold', '#fff', 'Matt', 'Acrylic'], ['M-08', 'Copper', '#fff', 'Matt', 'Acrylic'], ['M-11', 'Steel burnt purple', '#fff', 'Matt', 'Acrylic'], ['M-12', 'Steel burnt blue', '#fff', 'Matt', 'Acrylic'], ['M-13', 'Gunmetal', '#fff', 'Matt', 'Acrylic'], ['M-14', 'Burnt red steel', '#fff', 'Matt', 'Acrylic'], ['M-15', 'Aluminum light grey', '#fff', 'Matt', 'Acrylic'], ['M-18', 'White gold', '#fff', 'Matt', 'Acrylic'], ['M-21', 'Dark brass', '#fff', 'Matt', 'Acrylic'], ['TH-03', 'Thinner', None, 'Thinners', 'Acrylic'], ['TH-04', 'Thinner', None, 'Thinners', 'Acrylic'], ['M-32', 'Steel (AERO Easy Metal series)', '#fff', 'Metallic', 'Acrylic'], ['M-33', 'Dark steel (AERO Easy Metal series)', '#fff', 'Metallic', 'Acrylic'], ['M-41', 'Gunmetal (AERO Easy Metal series)', '#fff', 'Metallic', 'Acrylic'], ['M-52', 'Light brass (AERO Easy Metal series)', '#fff', 'Metallic', 'Acrylic'], ['M-54', 'Copper (AERO Easy Metal series)', '#fff', 'Metallic', 'Acrylic'], ['M-55', 'Bronze (AERO Easy Metal series)', '#fff', 'Metallic', 'Acrylic'], ['TH-22', 'Thinner Flow Improver for Airbrush', '#ffffff', 'Thinners', 'Acrylic'], ['TH-17', 'Retarder for aero paints', None, 'Retarders', 'Acrylic'], ['TH-10', 'Thinner', None, 'Thinners', 'Acrylic'], ['V-01', 'Lacquer glossy Aqua', '#ffffff', 'Gloss', None], ['V-02', 'Matt Aqua varnish', '#ffffff', 'Varnish', None]], 'Pactra ': [['M17', 'Flat Khaki', '#fff', 'Matt', 'Enamel'], ['F4', 'Flat Red', '#fff', 'Matt', 'Enamel'], ['F10', 'Flat Roof Brown', '#fff', 'Matt', 'Enamel'], ['M6', 'Olive Drab', '#fff', 'Matt', 'Enamel'], ['M7', 'Artillery Olive', '#fff', 'Matt', 'Enamel'], ['M13', 'Camouflage Gray', '#fff', 'Matt', 'Enamel'], ['M16', 'Chromate Green', '#fff', 'Matt', 'Enamel'], ['M18', 'Light Earth', '#fff', 'Matt', 'Enamel'], ['M19', 'Terra Cotta', '#fff', 'Matt', 'Enamel'], ['MG-60', 'Airframe Grey FS16231', '#fff', 'Gloss', 'Enamel'], ['N35', 'Hot Rod Primer', '#fff', 'Matt', 'Enamel'], ['RC273', 'Candy Purple (Racing Finish)', '#fff', 'Gloss', 'Enamel'], [None, None, '#fff', 'Matt', 'Enamel'], [None, None, '#fff', 'Matt', 'Enamel'], [None, None, '#fff', 'Matt', 'Enamel'], [None, None, '#fff', 'Matt', 'Enamel'], [None, None, '#fff', 'Matt', 'Enamel'], [None, None, '#fff', 'Matt', 'Enamel'], [None, None, '#fff', 'Matt', 'Enamel'], [None, None, '#fff', 'Matt', 'Enamel'], [None, None, '#fff', 'Matt', 'Enamel'], [None, None, '#fff', 'Matt', 'Enamel'], [None, None, '#fff', 'Matt', 'Enamel'], [None, None, '#fff', 'Matt', 'Enamel'], [None, None, '#fff', 'Matt', 'Enamel'], ['1M65', 'Desert Yellow', '#fff', 'Matt', 'Enamel'], ['1P95', 'Mud', '#fff', 'Matt', 'Enamel'], ['1P95', 'Mud', '#fff', 'Matt', 'Enamel'], ['1P101', 'Steel', '#fff', 'Matt', 'Enamel'], ['1W52', 'Green', '#fff', 'Matt', 'Enamel'], ['1135', 'Tan', '#fff', 'Matt', 'Enamel'], ['1137', 'Topside Green', '#fff', 'Matt', 'Enamel'], ['1138', 'Mottle Green', '#fff', 'Matt', 'Enamel'], ['XF-7', 'Flat Insignia Red', '#fff', 'Matt', 'Enamel'], ['XF-8', 'Flat Insignia Blue', '#fff', 'Matt', 'Enamel'], ['XF-51', 'Flat Dark Olive', '#fff', 'Matt', 'Enamel'], ['XF-57', 'Flat Military Tan', '#fff', 'Matt', 'Enamel'], ['IP100', 'ZINC CHRO. PR. YELLOW', '#d5ba57', 'Matt', 'Enamel'], ['IW50', 'Light Sand', '#fff', 'Matt', 'Enamel'], ['5', 'Leaf Green', '#fff', 'Matt', 'Enamel'], [None, None, '#fff', 'Matt', 'Enamel'], [None, None, '#fff', 'Matt', 'Enamel'], [None, None, '#fff', 'Matt', 'Enamel'], [None, None, '#fff', 'Matt', 'Enamel'], [None, None, '#fff', 'Gloss', 'Enamel'], [None, None, '#fff', 'Matt', 'Enamel'], [None, None, '#fff', 'Matt', 'Enamel'], [None, None, '#fff', 'Matt', 'Enamel'], [None, None, '#fff', 'Matt', 'Enamel'], [None, None, '#fff', 'Matt', 'Enamel'], ['36622', 'Grey', '#fff', 'Matt', 'Enamel'], ['FS34102', 'Green', '#fff', 'Matt', 'Enamel'], ['RLM 65', 'Light Blue', '#fff', 'Matt', 'Enamel'], ['RLM76', 'Light Grey', '#fff', 'Matt', 'Enamel'], ['IU91', 'Sea Blue', '#fff', 'Matt', 'Enamel'], [None, None, '#fff', None, 'Enamel'], [None, None, '#fff', 'Matt', 'Enamel'], [None, None, '#fff', 'Matt', 'Enamel'], [None, None, '#fff', 'Matt', 'Enamel'], [None, None, '#fff', 'Matt', 'Enamel'], [None, None, '#fff', None, 'Enamel'], [None, None, '#fff', 'Matt', 'Enamel'], [None, None, '#fff', 'Matt', 'Enamel'], [None, None, '#fff', 'Matt', 'Enamel'], [None, None, '#fff', 'Thinners', 'Enamel'], ['FS 30045', 'Dark Earth', '#fff', 'Matt', 'Enamel'], ['FS34897', 'North Sea Blue', '#fff', 'Matt', 'Enamel'], ['FS37144', 'Ancient Purple', '#fff', 'Matt', 'Enamel'], ['M-3', 'Navy Blue', '#fff', 'Matt', 'Enamel'], ['M4', 'Flat Aero Blue', '#fff', 'Matt', 'Enamel'], ['S-31', 'Candy Sapphire Blue', '#fff', 'Gloss', 'Enamel'], [None, None, '#fff', 'Thinners', 'Enamel'], ['A0', 'Thinner', '#ffffff', 'Thinners', 'Acrylic'], ['A1', 'Black (G)', '#231f20', 'Gloss', 'Acrylic'], ['A2', 'White (G)', '#ffffff', 'Gloss', 'Acrylic'], ['A4', 'French Blue (G)', '#005dab', 'Gloss', 'Acrylic'], ['A5', 'Sea Blue (G)', '#48b3e1', 'Gloss', 'Acrylic'], ['A6', 'Dark Red (G)', '#910029', 'Gloss', 'Acrylic'], ['A7', 'Insignia Red (G)', '#d31b23', 'Gloss', 'Acrylic'], ['A8', 'Yellow (G)', '#e5cb77', 'Gloss', 'Acrylic'], ['A9', 'Clear (SG)', '#ffffff', 'Satin', 'Acrylic'], ['A10', 'Dark Green Pearl (G)', '#014619', 'Gloss', 'Acrylic'], ['A11', 'Green (G)', '#008d4b', 'Gloss', 'Acrylic'], ['A13', 'Orange (G)', '#f37521', 'Gloss', 'Acrylic'], ['A14', 'Brown (G)', '#a86135', 'Gloss', 'Acrylic'], ['A17', 'Wood Tan (G)', '#a36244', 'Matt', 'Acrylic'], ['A18', 'Clear (G)', '#ffffff', 'Gloss', 'Acrylic'], ['A20', 'Africa Yellow (M)', '#cf985f', 'Gloss', 'Acrylic'], ['A21', 'Hull Red FS 30075', '#4d3a40', 'Matt', 'Acrylic'], ['A22', 'Earth Red FS 30117', '#7e5e4f', 'Gloss', 'Acrylic'], ['A24', 'Dark Tan', '#a4816d', 'Matt', 'Acrylic'], ['A25', 'Armor Sand FS 30277', '#6d5000', 'Matt', 'Acrylic'], ['A26', 'Insignia Red FS 31136', '#b4101b', 'Matt', 'Acrylic'], ['A27', 'Insignia Yellow FS 33538', '#fdb316', 'Matt', 'Acrylic'], ['A28', 'Light Tan FS 33613', '#ffd99b', 'Matt', 'Acrylic'], ['A29', 'Flat Jungle Green FS 34102', '#315d4c', 'Matt', 'Acrylic'], ['A30', 'FS 34087', '#fff', 'Matt', 'Acrylic'], ['A33', 'Flat Medium Green FS 34102', '#fff', 'Matt', 'Acrylic'], ['A34', 'Artillery Olive', '#536028', 'Matt', 'Acrylic'], ['A35', 'Interior Green FS 34151', '#828665', 'Gloss', 'Acrylic'], ['A37', 'Gunship Gray FS36118', '#414a53', 'Matt', 'Acrylic'], ['A39', 'Neutral Gray FS 36270', '#fff', 'Matt', 'Acrylic'], ['A40', 'Light Sea Gray', '#929286', 'Matt', 'Acrylic'], ['A41', 'Dark Ghost Grey', '#82a5b8', 'Matt', 'Acrylic'], ['A42', 'Light Ghost Gray FS36375', '#9bb1bf', 'Matt', 'Acrylic'], ['A44', 'Flat Light Gray (FS 36495)', '#cfd1d2', 'Matt', 'Acrylic'], ['A45', 'FS 36622', '#fff', 'Matt', 'Acrylic'], ['A46', 'Black Matt', '#000000', 'Matt', 'Acrylic'], ['A46', 'Black Matt', '#000000', 'Matt', 'Acrylic'], ['A47', 'Flat White', '#fbfeff', 'Matt', 'Acrylic'], ['A48', 'Clear Matt', '#fff', 'Matt', 'Acrylic'], ['A50', 'Green Zinc Chromate', '#74985a', 'Matt', 'Acrylic'], ['A51', 'Rust (M)', '#a57068', 'Matt', 'Acrylic'], ['A53', 'Weathering (M) Light Brown', '#fff', 'Matt', 'Acrylic'], ['A53', 'Weathering Light Brown', '#fff', 'Matt', 'Acrylic'], ['A54', 'Gunmetal (SG)', '#2d2f1a', 'Metallic', 'Acrylic'], ['A56A', 'DAK Uniform Olivegrun', '#787031', 'Matt', 'Acrylic'], ['A63', 'Skin Tone Warm', '#fff', 'Matt', 'Acrylic'], ['A67', 'Polish Khaki I', '#676535', 'Matt', 'Acrylic'], ['A68', 'Polish Blue I', '#015593', 'Matt', 'Acrylic'], ['A69', 'Polish Khaki II', '#4a4b43', 'Matt', 'Acrylic'], ['A70', 'Polish Blue II', '#9bd0ff', 'Matt', 'Acrylic'], ['A71', 'Silver (G)', '#cdd4dc', 'Gloss', 'Acrylic'], ['A72', 'Gold', '#ddac26', 'Gloss', 'Acrylic'], ['A74', 'Aluminium (M)', '#aec0ca', 'Matt', 'Acrylic'], ['A75', 'Steel (SG)', '#68748c', 'Satin', 'Acrylic'], ['A76', 'German Uniform Feldgrau', '#8a9696', 'Matt', 'Acrylic'], ['A77', 'RLM 02 Grau', '#848067', 'Matt', 'Acrylic'], ['A78', 'RLM 04 Gelb', '#e4a74c', 'Matt', 'Acrylic'], ['A79', 'RLM 23 Rot (Dark coral/Red)', '#b6522e', 'Matt', 'Acrylic'], ['A80', 'Dunkelblau', '#354151', 'Matt', 'Acrylic'], ['A82', 'RLM 61', '#fff', 'Matt', 'Acrylic'], ['A84', 'RLM 63 Lichtgrau', '#8f969e', 'Matt', 'Acrylic'], ['A85', 'RLM 65 Hellblau', '#aecec9', 'Matt', 'Acrylic'], ['A86', 'RLM 66 Schwartzgrau', '#454d56', 'Matt', 'Acrylic'], ['A87', 'RLM 70 Schwartzgrun', '#00110b', 'Matt', 'Acrylic'], ['A88', 'RLM 71 Dunkelgrun', '#354647', 'Matt', 'Acrylic'], ['A91', 'RLM 74 Graugrun', '#092e3e', 'Matt', 'Acrylic'], ['A92', 'RLM75', '#fff', 'Matt', 'Acrylic'], ['A93', 'RLM76', '#fff', 'Matt', 'Acrylic'], ['A94', 'RLM 77', '#fff', 'Matt', 'Acrylic'], ['A95', 'RLM78', '#fff', 'Matt', 'Acrylic'], ['A96', 'RLM79', '#fff', 'Satin', 'Acrylic'], ['A97', 'RLM 80', '#fff', 'Matt', 'Acrylic'], ['A97', 'Olivegrun (SG)', '#33433d', 'Satin', 'Acrylic'], ['A102', 'RAL 8020', '#fff', 'Matt', 'Acrylic'], ['A103', 'Rot Braun (M)', '#5f331a', 'Matt', 'Acrylic'], ['A104', 'Dunkelgelb 1943', '#ac9240', 'Matt', 'Acrylic'], ['A106', 'Olivgrun 1943', '#314838', 'Matt', 'Acrylic'], ['A107', 'RAL 7021', '#fff', 'Matt', 'Acrylic'], ['A107', 'Panzer Schwarzgrau RAL 7021', '#221e1f', 'Matt', 'Acrylic'], ['A112', 'Russian Armor Green', '#fff', 'Satin', 'Acrylic'], ['A113', 'Sky Type S RAF', '#fff', 'Matt', 'Acrylic'], ['A114', 'ANA 613', '#fff', 'Matt', 'Acrylic'], ['A115', 'Dark Earth RAF', '#fff', 'Matt', 'Acrylic'], ['A116', 'RAF Dark green', '#fff', 'Matt', 'Acrylic'], ['A118', 'US Gulf Armor Sand (M)', '#8a8a70', 'Matt', 'Acrylic'], ['A119', 'Panzer. Int.Buff DG', '#f6f0e0', 'Matt', 'Acrylic'], ['A120', 'FS 15042', '#fff', 'Matt', 'Acrylic'], ['A122', 'Cobalt blue', '#fff', 'Matt', 'Acrylic'], ['A123', 'FS 33531', '#fff', 'Matt', 'Acrylic'], ['A3', 'Royal Blue (G)', '#002f53', 'Gloss', 'Acrylic'], ['A31', 'Flat Dark Green', '#495951', 'Matt', 'Acrylic'], ['A33', 'Flat Medium Green', '#575b45', 'Matt', 'Acrylic'], ['A37', 'Flat Medium Gray', '#7b888e', 'Matt', 'Acrylic'], ['A38', 'Dark Gull Gray', '#7f8487', 'Matt', 'Acrylic'], ['A42', 'Light Ghost Gray', '#9fb6c4', 'Gloss', 'Acrylic'], ['A48', 'Clear Matt', '#ffffff', 'Matt', 'Acrylic'], ['A55', 'Pearl White', '#fefefe', 'Gloss', 'Acrylic'], ['RC5107', 'R/C Acryl Basic Yellow', '#ffff00', 'Gloss', 'Acrylic'], ['A23', 'Flat Light Earth', '#886b58', 'Matt', 'Acrylic'], ['A24', 'Flat Brown Drab', '#fff', 'Matt', 'Acrylic'], ['A24', 'Flat Brown Drab', '#a4816e', 'Matt', 'Acrylic'], ['A25', 'Flat Dark Tan', '#a1836c', 'Matt', 'Acrylic'], ['A25', 'Flat Dark Tan', '#a1836c', 'Matt', 'Acrylic'], ['A26', 'Flat Insignia Red', '#a84946', 'Matt', 'Acrylic'], ['A35', 'Flat Interior Green', '#717048', 'Matt', 'Acrylic'], ['A38', 'Flat Dark Gull Gray', '#888b8d', 'Matt', 'Acrylic'], ['A38', 'Flat Dark Gray', '#fff', 'Matt', 'Acrylic'], ['A40', 'Flat Light Gray', '#cfd1d2', 'Matt', 'Acrylic'], ['A45', 'Camouflage Gray', '#d4d0c7', 'Matt', 'Acrylic'], ['A46', 'Flat Black', '#03120f', 'Matt', 'Acrylic'], ['A54', 'Gunmetal', '#505557', 'Metallic', 'Acrylic'], ['A54', 'Gunmetal', '#fff', 'Matt', 'Acrylic'], ['A20', 'Africa Yellow', '#cf985f', 'Matt', 'Acrylic'], ['A35', 'Flat Interior Green (FS 34151)', '#717048', 'Matt', 'Acrylic'], ['A47', 'Flat White (FS 37875)', '#f2f1ea', 'Matt', 'Acrylic'], ['K505', 'Aircraft Model Paint Kit', '#fff', 'Matt', 'Acrylic'], ['IE85', 'DARK EARTH', '#fff', 'Matt', 'Acrylic'], ['IP103', 'LEATHER', '#fff', 'Matt', 'Acrylic'], [None, None, '#fff', None, None], ['RC57E', 'Racing Finish Daytona Yellow', '#fff', 'Gloss', None], ['RC58E', 'Racing Finish Rally Green', '#fff', 'Gloss', None], ['RC059', 'Racing Finish Pearl Coral', '#fff', 'Iridescent', None], ['RC92E', 'Racing Finish Pearl Grape', '#fff', 'Iridescent', None]], 'Pactra Racing Finish': [['RC5102', 'Racing Finish R/C Acryl Basic Blue [UK - EU]', '#1081c5', 'Gloss', 'Acrylic'], ['RC5103', 'Racing Finish R/C Acryl Basic Green [UK - EU]', '#0ebaa0', 'Gloss', 'Acrylic'], ['RC5105', 'PACTRA Racing Finish R/C Acryl Basic Turquoise [UK - EU]', '#5acdf9', 'Metallic', 'Acrylic'], ['RC5106', 'Racing Finish R/C Acryl Basic Dark Blue [UK - EU]', '#3147aa', 'Gloss', 'Acrylic'], ['RC5108', 'Racing Finish R/C Acryl Basic Teal [UK - EU]', '#177fbe', 'Gloss', 'Acrylic'], ['RC5202', 'Racing Finish R/C Acryl Pearl Blue [UK - EU]', '#1169e5', 'Iridescent', 'Acrylic'], ['RC5202', 'Racing Finish R/C Acryl Metallic Blue [UK - EU]', '#6de8fa', 'Metallic', 'Acrylic'], ['RC5203', 'Racing Finish R/C Acryl Pearl Green [UK - EU]', '#01b39b', 'Metallic', 'Acrylic'], ['RC5209', 'Racing Finish R/C Acryl Pearl Charcoal [UK - EU]', '#464648', 'Iridescent', 'Acrylic'], ['RC5210', 'Racing Finish R/C Acryl Pearl Gold [UK - EU]', '#ffc561', 'Metallic', 'Acrylic'], ['RC5212', 'Racing Finish R/C Acryl Pearl Purple [UK - EU]', '#762f8d', 'Iridescent', 'Acrylic'], ['RC5213', 'Racing Finish R/C Acryl Pearl Grape [UK - EU]', '#67449e', 'Iridescent', 'Acrylic'], ['RC5302', 'Racing Finish R/C Acryl Trans Blue [UK - EU]', '#135dca', None, 'Acrylic'], ['RC5303', 'Racing Finish R/C Acryl Transparent Green [UK - EU]', '#1acc76', None, 'Acrylic'], ['RC5304', 'Racing Finish R/C Acryl Transparent Red [UK - EU]', '#d32e32', None, 'Acrylic'], ['RC5314', 'Racing Finish R/C Acryl Transparent Amber [UK - EU]', '#e3c70b', None, 'Acrylic'], ['RC5315', 'Racing Finish R/C Acryl Trans. Smoke [UK - EU]', '#5d5d5b', None, 'Acrylic'], ['RC5407', 'Racing Finish R/C Acryl Fluor. Yellow [UK - EU]', '#ffeb00', 'Fluo', 'Acrylic'], ['RC5416', 'Racing Finish R/C Acryl Fluorescent Orange  [UK - EU]', '#f58a1e', 'Fluo', 'Acrylic'], ['RC5417', 'Racing Finish R/C Acryl Fluor. Overcoat [UK - EU]', '#fdfdfd', 'Fluo', 'Acrylic'], ['RC5504', 'Racing Finish R/C Acryl Metallic Red [UK - EU]', '#ff4554', 'Metallic', 'Acrylic'], ['RC5507', 'Racing Finish R/C Acryl Metallic Yellow [UK - EU]', '#ffee05', 'Metallic', 'Acrylic'], ['RC5604', 'Racing Finish R/C Acrylic Candy Red [UK - EU]', '#d9231a', 'Iridescent', 'Acrylic'], ['RC5612', 'Racing Finish R/C Acryl Candy Purple [UK - EU]', '#7e3294', 'Metallic', 'Acrylic'], ['RC5702', 'Racing Finish R/C Acryl Change Blue [UK - EU]', '#fff', 'Iridescent', 'Acrylic'], ['RC5712', 'PACTRA Racing Finish R/C Acryl Change Purple [UK - EU]', '#792f92', 'Iridescent', 'Acrylic'], ['RC302', 'Fiery Orange', '#cc5c16', 'Metallic', None], ['RC265', 'Metallic Blue', None, None, None], ['RC304', 'Backing Black', None, 'Matt', None], ['RC5100', 'BASIC BLACK', None, 'Matt', None]], 'PAINT': [['MPA-032', 'Bronze', '#fff', 'Metallic', 'Acrylic'], ['Easy Colors', 'Dark Sea Blue  FS15042', '#0b2d49', 'Satin', 'Acrylic'], ['Easy Colors', 'Interior Green FS34151', '#6e7122', 'Satin', 'Acrylic'], ['FS 22246', 'Clear Red Easy Colors', '#fa0026', 'Satin', None], ['FS 31310', 'Flat Red Easy Colors', '#d20000', 'Satin', None], ['FS 34227', 'Pale Green Easy Colors', '#5b8871', 'Satin', None], ['FS 36628', 'Flat Aluminum Easy Colors', '#94939b', 'Metallic', None], ['FS 36173', 'Dark Grey Easy Colors', '#70777d', 'Satin', None], ['FS 33440', 'Dark Yellow Easy Colors', '#8d774e', 'Satin', None], ['FS 33446', 'US DESERT STORM - SAND Easy Colors', '#d0b586', 'Satin', None], ['FS 34052', 'Green Brown Easy Colors', '#87684c', 'Satin', None], ['FS 36231', 'Dark Gull Grey Easy Colors', '#787b81', 'Satin', None], ['FS 30108', 'Red Brown Easy Colors', '#6c5447', 'Satin', None], ['FS 30117', 'Flat Brown - Easy Colors', '#945135', 'Satin', None], ['FS 25095', 'Flat Blue Easy Colors', '#294b79', 'Satin', None], ['FS 32246', 'Clear Orange Easy Colors', '#fe8c14', 'Satin', None], ['FS 33722', 'Tan Easy Colors', '#f1c7a1', 'Satin', None], ['FS 34130', 'Olive Green Easy Colors', '#0c603c', 'Satin', None], ['1560', 'Competition Orange (Ford Code 1) - Rainbow Products', '#fff', 'Gloss', None], ['1947', 'Seafoam Turquoise Poly (Mopar code Q5) - Rainbow Products', '#fff', 'Metallic', None], ['2055', 'Limelight (Mopar code F5) - Rainbow Products', '#fff', 'Metallic', None], ['2170', 'Citrus Green Poly (GM code 43) - Rainbow Products', '#fff', 'Metallic', None], ['2205', 'Hemi Orange (Mopar code V2) - Rainbow Products', '#fff', 'Gloss', None], ['2206', 'Blue Fire Poly (Mopar code B5) - Rainbow Products', '#fff', 'Metallic', None], ['2276', 'Classic Copper Poly (GM code 67) - Rainbow Products', '#fff', 'Metallic', None], ['2303', 'Lemon Twist (Mopar code Y1) - Rainbow Products', '#fff', 'Gloss', None], ['2328', 'Competition Green (Ford code Z) - Rainbow Products', '#fff', 'Gloss', None], ['2330', 'Rally Red (GM code 73) - Rainbow Products', '#fff', 'Gloss', None], ['2416', 'Curious Yellow (Mopar code Y3) - Rainbow Products', '#fff', 'Gloss', None], ['2421', 'Bahama Yellow (Mopar code L5) - Rainbow Products', '#fff', 'Gloss', None], [None, None, '#fff', 'Matt', None], [None, None, '#e1e1e2', None, None]], 'Pearl Ex Powdered Pigments': [['671', 'Interference Blue', '#edf7fa', 'Satin', None], ['672', 'Interference Green', '#dff0e6', 'Satin', None], ['673', 'Interference Violet', '#dedee2', 'Satin', None], ['674', 'Interference Gold', '#e7e3d1', 'Satin', None], ['680', 'Duo Red-Blue', '#fff', 'Satin', None], ['681', 'Duo Blue-Green', '#fff', 'Satin', None], ['693', 'Duo Violet-Brass', '#fff', 'Satin', None], ['653', 'Red Russet', None, 'Pearl', None], ['#e2e0df', 'Pearl Ex 32-Color Set', None, None, None]], 'Phoenix Precision': [['M 101', 'Dark Green', '#fff', 'Matt', 'Enamel'], ['M 102', 'Dark Earth', '#fff', 'Matt', 'Enamel'], ['M 103', 'Light Earth', '#fff', 'Matt', 'Enamel'], ['M 104', 'Light Green', '#fff', 'Matt', 'Enamel'], ['M 105', 'Medium Sea Grey', '#fff', 'Matt', 'Enamel'], ['M 106', 'Dark Sea Grey', '#fff', 'Matt', 'Enamel'], ['M 107', 'Extra Dark Sea Grey', '#fff', 'Matt', 'Enamel'], ['M 108', 'Extra Dark Sea Green', '#fff', 'Matt', 'Enamel'], ['M 109', 'Ocean Grey', '#fff', 'Matt', 'Enamel'], ['M 110', 'Light Slate Grey', '#fff', 'Matt', 'Enamel'], ['M 111', 'Dark Slate Grey', '#fff', 'Matt', 'Enamel'], ['M 112', 'Sky Grey', '#fff', 'Matt', 'Enamel'], ['M 113', 'Sky type "S"', '#fff', 'Matt', 'Enamel'], ['M 114', 'Azure Blue', '#fff', 'Matt', 'Enamel'], ['M 115', 'P.R.U. Blue', '#fff', 'Matt', 'Enamel'], ['M 116', 'Middle Stone', '#fff', 'Matt', 'Enamel'], ['M 117', 'Aircraft Grey/Green', '#fff', 'Matt', 'Enamel'], ['M 118', 'Roundel Trainer/Yellow', '#fff', 'Matt', 'Enamel'], ['M 119', 'Bright Roundel Red', '#fff', 'Matt', 'Enamel'], ['M 120', 'Bright Roundel Blue', '#fff', 'Matt', 'Enamel'], ['M 121', 'Dull Roundel Red', '#fff', 'Matt', 'Enamel'], ['M 122', 'Dull Roundel Blue', '#fff', 'Matt', 'Enamel'], ['M 123', 'Night Black', '#fff', 'Matt', 'Enamel'], ['M 123', 'Night Black', '#fff', 'Matt', 'Enamel'], ['M 124', 'RAF Blue Grey', '#fff', 'Matt', 'Enamel'], ['M 125', 'Red Arrows Red', '#fff', 'Gloss', 'Enamel'], ['M 126', 'Light Aircraft Grey', '#fff', 'Matt', 'Enamel'], ['M 127', 'Hemp', '#fff', 'Matt', 'Enamel'], ['M 128', 'Mixed Grey', '#fff', 'Matt', 'Enamel'], ['M 131', 'Olive Drab', '#fff', 'Matt', 'Enamel'], ['M 132', 'Light Olive Green', '#fff', 'Matt', 'Enamel'], ['M 133', 'Very Dark Drab', '#fff', 'Matt', 'Enamel'], ['M 134', 'Desert Sand', '#fff', 'Matt', 'Enamel'], ['M 135', 'NATO Green', '#fff', 'Matt', 'Enamel'], ['M 136', 'Middle Stone', '#fff', 'Matt', 'Enamel'], ['M 137', 'Camouflage Grey', '#fff', 'Matt', 'Enamel'], ['M 150', 'WW1 Army Khaki', '#fff', 'Matt', 'Enamel'], ['M222', 'Finnish Airforce DN-v├ñri (vaaleansininen)', '#fff', 'Matt', 'Enamel'], ['M223', 'Finnish Airforce It├ñrintamakeltainen', '#fff', 'Matt', 'Enamel'], ['M228', 'Finnish Airforce Vaaleanharmaa', '#fff', 'Matt', 'Enamel'], ['M 290', 'Rescue Helicopter Yellow', '#fff', 'Gloss', 'Enamel'], ['M 291', 'Oxford Blue Vehicles', '#fff', 'Gloss', 'Enamel'], ['M 301', 'RLM 01 Silber', '#fff', 'Matt', 'Enamel'], ['M 302', 'RLM 02 Grau', '#fff', 'Matt', 'Enamel'], ['M 304', 'RLM 04 Gelb', '#fff', 'Matt', 'Enamel'], ['M 305', 'RLM 28 Weinrot', '#fff', 'Matt', 'Enamel'], ['M 307', 'RLM 25 Hellgrun', '#fff', 'Matt', 'Enamel'], ['M 308', 'RLM 61 Dunkelbraun', '#fff', 'Matt', 'Enamel'], ['M 310', 'RLM 63 Hellgrau', '#fff', 'Matt', 'Enamel'], ['M 311', 'RLM 24 Dunkelblau', '#fff', 'Matt', 'Enamel'], ['M 312', 'RLM 65 Hellblau', '#fff', 'Matt', 'Enamel'], ['M 313', 'RLM 66 Schwartzgrau', '#fff', 'Matt', 'Enamel'], ['M 314', 'RLM 83 Hellgrun', '#fff', 'Matt', 'Enamel'], ['M 317', 'RLM 82 Dunkelgrun', '#fff', 'Matt', 'Enamel'], ['M 322', 'RLM 76 Hellgrau', '#fff', 'Matt', 'Enamel'], ['M 327', 'RLM 81 Dunkelgrun', '#fff', 'Matt', 'Enamel'], ['M 401', 'Olive Drab FS 34087', '#fff', 'Matt', 'Enamel'], ['M 402', 'Medium Green FS34092', '#fff', 'Matt', 'Enamel'], ['M 405', 'Sand FS30279', '#fff', 'Matt', 'Enamel'], ['M 407', 'Dark Gull Grey FS 36231', '#fff', 'Matt', 'Enamel'], ['M 408', 'Light Gull Grey FS36440', '#fff', 'Matt', 'Enamel'], ['M 409', 'Engine Grey FA16081', '#fff', 'Gloss', 'Enamel'], ['M 410', 'Non-Specular Sea Blue FS35042', '#fff', 'Matt', 'Enamel'], ['M 413', 'International Orange FS12197', '#fff', 'Gloss', 'Enamel'], ['M 415', 'Ident Yellow FS33538', '#fff', 'Matt', 'Enamel'], ['M 416', 'Insignia Blue FS35044', '#fff', 'Matt', 'Enamel'], ['M 418', 'US Army Olive Drab (Post 1954 Dark Shade) FS34087', '#fff', 'Matt', 'Enamel'], ['M 419', 'US Marine Corps Green FS34052', '#fff', 'Matt', 'Enamel'], ['M 422', 'Forest Green FS 34079', '#fff', 'Matt', 'Enamel'], ['M 423', 'Dark Compass Grey FS36320', '#fff', 'Matt', 'Enamel'], ['M 424', 'Light Compass Grey FS36375', '#fff', 'Matt', 'Enamel'], ['M 425', 'Green OD FS34102', '#fff', 'Matt', 'Enamel'], ['M 442', 'White FS37875', '#fff', 'Matt', 'Enamel'], ['M 443', 'Air Superiority Blue FS35450', '#fff', 'Matt', 'Enamel'], ['M 444', 'Dark Grey FS36081', '#fff', 'Matt', 'Enamel'], ['M 445', 'Aircraft Grey (ADC Grey) FS36473', '#fff', 'Matt', 'Enamel'], ['M 446', 'Gunship Grey FS36118', '#fff', 'Matt', 'Enamel'], ['M 449', 'Blue FS35237', '#fff', 'Matt', 'Enamel'], ['M 451', 'Blue FS 35109', '#fff', 'Matt', 'Enamel'], ['M 455', 'Blue Angels Blue FS 15050', '#fff', 'Gloss', 'Enamel'], ['M 901', 'Dark Brown Leather', '#fff', 'Satin', 'Enamel'], ['M 902', 'Light Brown Leather', '#fff', 'Satin', 'Enamel'], ['M 903', 'Red Leather', '#fff', 'Satin', 'Enamel'], ['M 904', 'Brown Rust', '#fff', 'Satin', 'Enamel'], ['M 905', 'Yellow Rust', '#fff', 'Satin', 'Enamel'], ['M 906', 'Light Flesh', '#fff', 'Satin', 'Enamel'], ['M 907', 'Dark Flesh', '#fff', 'Satin', 'Enamel'], ['M 908', 'Fleshtones', '#fff', 'Satin', 'Enamel'], ['M 909', 'Grass Green', '#fff', 'Satin', 'Enamel'], ['M 910', 'Light Grass Green', '#fff', 'Satin', 'Enamel'], ['M 911', 'Parched Grass', '#fff', 'Satin', 'Enamel'], ['M 912', 'Oil Leakings', '#fff', 'Satin', 'Enamel'], ['P 5', 'GWR Loco Green (1881-1906)', '#fff', 'Satin', 'Enamel'], ['P 6', 'GWR Indian Red (1881-1906)', '#fff', 'Satin', 'Enamel'], ['P 7', 'GWR Loco Lining Orange', '#fff', 'Gloss', 'Enamel'], ['P 8', 'GWR Signal Red (1881-1945)', '#fff', 'Satin', 'Enamel'], ['P 9', 'GWR Loco Green (1906-1928)', '#fff', 'Satin', 'Enamel'], ['P 10', 'GWR Loco Green (1928-1945)', '#fff', 'Satin', 'Enamel'], ['P 11', 'GWR Loco Green (1945-1948)', '#fff', 'Satin', 'Enamel'], ['P 13', 'GWR Loco Lining Orange (1945-1948)', '#fff', 'Gloss', 'Enamel'], ['P 13', 'GWR Signal Red (1945-1948)', '#fff', 'Satin', 'Enamel'], ['P 16', 'GWR Coach Cream (pre 1908 & post 1922)', '#fff', 'Satin', 'Enamel'], ['P 17', 'GWR Coach Brown (1881-1948)', '#fff', 'Satin', 'Enamel'], ['P 18', 'GWR Coach Lake', '#fff', 'Satin', 'Enamel'], ['P 19', 'GWR Freight Wagon Grey', '#fff', 'Matt', 'Enamel'], ['P 20', 'GWR Freight Van Brown', '#fff', 'Satin', 'Enamel'], ['P 21', 'GWR Stone No. 1 (Light Stone)', '#fff', 'Matt', 'Enamel'], ['P 22', 'GWR Stone No. 3 (Dark Stone)', '#fff', 'Matt', 'Enamel'], ['P 24', 'GWR Coach Roof White', '#fff', 'Matt', 'Enamel'], ['P 100', 'BR Loco Green (Pre 1954)', '#fff', 'Satin', 'Enamel'], ['P 101', 'BR Loco Green (Post 1954)', '#fff', 'Satin', 'Enamel'], ['P 102', 'BR Steam Light Loco Blue (1949-1951)', '#fff', 'Satin', 'Enamel'], ['P 104', 'BR Lining Orange', '#fff', 'Gloss', 'Enamel'], ['P 105', 'BR Lining Grey (Black Mixed Traffic locos)', '#fff', 'Gloss', 'Enamel'], ['P 106', 'BR Lining Cream (Black Mixed Traffic locos)', '#fff', 'Gloss', 'Enamel'], ['P 107', 'BR Lining Red (Black Mixed Traffic locos)', '#fff', 'Gloss', 'Enamel'], ['P 108', 'BR Maroon', '#fff', 'Matt', 'Enamel'], ['P 109', 'BR Desert Sand (Western Class D1000)', '#fff', 'Matt', 'Enamel'], ['P 110', 'BR Deltic Blue', '#fff', 'Matt', 'Enamel'], ['P 130', 'BR Roof Grey (Maroon Coaches Only)', '#fff', 'Matt', 'Enamel'], ['P 968', 'Natural Wood', '#fff', 'Satin', 'Enamel'], ['P 975 (D)', 'Black', '#fff', 'Satin', 'Enamel'], ['P 975 (G)', 'Black', '#fff', 'Gloss', 'Enamel'], ['P 975 (M)', 'Black', '#fff', 'Matt', 'Enamel'], ['P 976 (D)', 'White', '#fff', 'Satin', 'Enamel'], ['P 976 (G)', 'White', '#fff', 'Gloss', 'Enamel'], ['P 976 (M)', 'White', '#fff', 'Matt', 'Enamel'], ['P 980', 'Red Oxide', '#fff', 'Satin', 'Enamel'], ['P 981', 'Dirty Black', '#fff', 'Matt', 'Enamel'], ['P 983', 'Aluminium', '#fff', 'Satin', 'Enamel'], ['P 984', 'Brass', '#fff', 'Satin', 'Enamel'], ['P 985', 'Copper', '#fff', 'Satin', 'Enamel'], ['P 986', 'Oily Steel', '#fff', 'Satin', 'Enamel'], ['P 987', 'Steel', '#fff', 'Satin', 'Enamel'], ['P 988', 'Mahogany', '#fff', 'Satin', 'Enamel'], ['P 993', 'Buffer Beam Red', '#fff', 'Gloss', 'Enamel'], ['P 994', 'Buffer Beam Vermilion', '#fff', 'Gloss', 'Enamel'], ['P 995', 'Teak Base Coat', '#fff', 'Satin', 'Enamel'], ['P 996', 'Weathered Teak', '#fff', 'Satin', 'Enamel'], ['P 997', 'Golden Teak', '#fff', 'Satin', 'Enamel']], 'Plasti-Kote': [['148S', 'Burgundy (Plasti-Kote)', '#fff', 'Gloss', 'Enamel'], ['155S', 'French Country Yellow (Plasti-Kote)', '#fff', 'Gloss', 'Enamel'], ['160S', 'Blue Lagoon (Plasti-Kote)', '#fff', 'Gloss', 'Enamel'], ['T-235', 'Gray primer (Plasti-kote)', '#fff', 'Matt', 'Enamel'], ['51/19', 'Duck egg blue', '#fff', None, 'Enamel'], ['03/21', 'Old Hessian', '#fff', None, 'Acrylic'], ['33/21', 'RAL 9009 matt black', '#fff', None, 'Acrylic'], ['50/20', 'Classic Duck Egg', '#fff', None, 'Acrylic']], 'Polly Scale Model & Hobby': [['500006', 'Metal Primer', '#fff', 'Matt', 'Enamel'], ['501991', 'Burnt Aluminium', '#fff', 'Metallic', 'Enamel'], ['008', 'Sea Green', '#fff', 'Matt', 'Acrylic'], ['404103', 'Satin Finish', '#fff', 'Satin', 'Acrylic'], ['404106', 'Flat Finish', '#fff', 'Matt', 'Acrylic'], ['500003', 'Dust', '#fff', 'Matt', 'Acrylic'], ['500015', 'Oily Black', '#fff', 'Matt', 'Acrylic'], ['500021', 'Ven. Dull Red', '#fff', 'Matt', 'Acrylic'], ['500030', 'Blue', '#fff', 'Matt', 'Acrylic'], ['500052', 'Olive Drab', '#fff', 'Matt', 'Acrylic'], ['500060', 'Khaki', '#fff', 'Matt', 'Acrylic'], ['500062', 'Sahara Sand', '#fff', 'Matt', 'Acrylic'], ['500064', 'Dark Earth Brown', '#fff', 'Matt', 'Acrylic'], ['500084', 'Dark Gray', '#fff', 'Matt', 'Acrylic'], ['500085', 'Medium Blue', '#fff', 'Matt', 'Acrylic'], ['500086', 'Chocolate', '#fff', 'Matt', 'Acrylic'], ['500086', 'Black Green', '#fff', 'Matt', 'Acrylic'], ['500105', 'Light Red', '#fff', 'Matt', 'Acrylic'], ['500106', 'Yellow', '#fff', 'Matt', 'Acrylic'], ['500110', 'Gray', '#fff', 'Matt', 'Acrylic'], ['500206', 'Topside Green', '#fff', 'Matt', 'Acrylic'], ['500207', 'Underside Blue', '#fff', 'Matt', 'Acrylic'], ['500703', 'Armor Dark Yellow', '#fff', 'Matt', 'Acrylic'], ['500704', 'Armor Dark Green', '#fff', 'Matt', 'Acrylic'], ['500705', 'Armor Red Brown', '#fff', 'Matt', 'Acrylic'], ['500706', 'Green', '#fff', 'Matt', 'Acrylic'], ['500708', 'Sand Yellow (79)', '#fff', 'Matt', 'Acrylic'], ['500709', 'Olive Green', '#fff', 'Matt', 'Acrylic'], ['500710', 'Field Gray', '#fff', 'Matt', 'Acrylic'], ['500809', 'Neutral Gray', '#fff', 'Matt', 'Acrylic'], ['500812', 'Sand', '#fff', 'Matt', 'Acrylic'], ['500822', 'Sea Gray 36118', '#fff', 'Matt', 'Acrylic'], ['500827', 'Sand', '#fff', 'Matt', 'Acrylic'], ['500829', 'Earth Red 30117', '#7e5d4d', 'Matt', 'Acrylic'], ['500830', 'Field Drab 30118', '#fff', 'Matt', 'Acrylic'], ['500841', 'Deep Gray 36081', '#fff', 'Matt', 'Acrylic'], ['500843', 'Sand', '#fff', 'Matt', 'Acrylic'], ['500844', 'Tan 33446', '#fff', 'Matt', 'Acrylic'], ['500845', 'Brown FS30057', '#fff', 'Matt', 'Acrylic'], ['500845', 'Brown FS30051', '#fff', 'Matt', 'Acrylic'], ['500849', 'Inter Air Black', '#fff', 'Matt', 'Acrylic'], ['500879', 'Grey', '#fff', 'Matt', 'Acrylic'], ['501599', 'Metalline Graphite', '#fff', 'Metallic', 'Acrylic'], ['501992', 'Oxidized Aluminum', '#fff', 'Matt', 'Acrylic'], ['505011', 'White RLM 21', '#fff', 'Matt', 'Acrylic'], ['505014', 'Scale Black (RLM 66)', '#fff', 'Matt', 'Acrylic'], ['505017', 'Yellow (RLM 04)', '#fdbc22', 'Matt', 'Acrylic'], ['505020', 'Red', '#c7283f', 'Matt', 'Acrylic'], ['505026', 'Green RLM 25', '#487767', 'Matt', 'Acrylic'], ['505029', 'Doped Linen', '#fff', 'Matt', 'Acrylic'], ['505032', 'British Brown Drab PC 10', '#fff', 'Matt', 'Acrylic'], ['505035', 'German Mauve', '#fff', 'Matt', 'Acrylic'], ['505038', 'French Fokker Dark Green', '#fff', 'Matt', 'Acrylic'], ['505041', 'French Chestnut Brown', '#fff', 'Matt', 'Acrylic'], ['505044', 'French Beige', '#fff', 'Matt', 'Acrylic'], ['505051', 'Light Blue RLM 65', '#fff', 'Matt', 'Acrylic'], ['505055', 'RLM 70 Black Green', '#fff', 'Matt', 'Acrylic'], ['505056', 'RLM 71 Dark Green', '#fff', 'Matt', 'Acrylic'], ['505059', 'RLM 74 Dark Gray', '#fff', 'Matt', 'Acrylic'], ['505060', 'RLM 75 Gray Violet', '#fff', 'Matt', 'Acrylic'], ['505061', 'RLM 76 Light Gray', '#fff', 'Matt', 'Acrylic'], ['505070', 'RLM 81 Brown Violet', '#fff', 'Matt', 'Acrylic'], ['505071', 'RLM 82 Dark Green', '#fff', 'Matt', 'Acrylic'], ['505072', 'RLM 83 Light Green', '#fff', 'Matt', 'Acrylic'], ['505075', 'Grey RLM 02', '#fff', 'Matt', 'Acrylic'], ['505080', 'US Olive Drab A/N 613', '#fff', 'Matt', 'Acrylic'], ['505082', 'US Medium Green A/N 612', '#fff', 'Matt', 'Acrylic'], ['505084', 'US Sand A/N 616', '#ad9281', 'Matt', 'Acrylic'], ['505086', 'US Neutral Gray A/N 603', '#fff', 'Matt', 'Acrylic'], ['505090', 'USN Light Gray 602', '#fff', 'Matt', 'Acrylic'], ['505092', 'US Sea Blue A/N 607', '#fff', 'Matt', 'Acrylic'], ['505094', 'US Intermediate Blue', '#fff', 'Matt', 'Acrylic'], ['505096', 'US Int. Green A/N 611', '#fff', 'Matt', 'Acrylic'], ['505098', 'US Olive Drab', '#fff', 'Matt', 'Acrylic'], ['505110', 'Panzer Dark Gray', '#fff', 'Matt', 'Acrylic'], ['505111', 'Panzer Dark Yellow', '#fff', 'Matt', 'Acrylic'], ['505112', 'Panzer Red Brown', '#fff', 'Matt', 'Acrylic'], ['505113', 'Panzer Olive Green', '#fff', 'Matt', 'Acrylic'], ['505200', 'Rust', '#fff', 'Matt', 'Acrylic'], ['505202', 'Dust', '#fff', 'Matt', 'Acrylic'], ['505204', 'Grimy Black', '#fff', 'Matt', 'Acrylic'], ['505205', 'Dirty White', '#fff', 'Matt', 'Acrylic'], ['505206', 'Mud', '#fff', 'Matt', 'Acrylic'], ['505208', 'Dirt', '#fff', 'Matt', 'Acrylic'], ['505210', 'Old Concrete', '#ab977c', 'Matt', 'Acrylic'], ['505212', 'Flesh', '#fff', 'Matt', 'Acrylic'], ['505214', 'Night Black RLM 22', '#fff', 'Matt', 'Acrylic'], ['505216', 'Blue 23 (USGM 3-1)', '#fff', 'Matt', 'Acrylic'], ['505218', 'Olive Drab (22)', '#fff', 'Matt', 'Acrylic'], ['505220', 'Orange Yellow (4)', '#fff', 'Matt', 'Acrylic'], ['505222', 'US Khaki', '#fff', 'Matt', 'Acrylic'], ['505224', 'USAAF Olive Drab', '#fff', 'Matt', 'Acrylic'], ['505226', 'USSR Underside Blue', '#fff', 'Matt', 'Acrylic'], ['505228', 'USSR Lt. Earth Brown', '#fff', 'Matt', 'Acrylic'], ['505230', 'USSR Topside Green', '#fff', 'Matt', 'Acrylic'], ['505232', 'USSR Dark Topside Gray', '#fff', 'Matt', 'Acrylic'], ['505234', 'USSR Light Topside Gray 36270', '#fff', 'Matt', 'Acrylic'], ['505236', 'French Dark Blue Gray', '#fff', 'Matt', 'Acrylic'], ['505238', 'French Khaki', '#fff', 'Matt', 'Acrylic'], ['505240', 'French Earth Brown', '#fff', 'Matt', 'Acrylic'], ['505242', 'French Light Blue Gray', '#fff', 'Matt', 'Acrylic'], ['505244', 'RAAF Earth Brown', '#fff', 'Matt', 'Acrylic'], ['505246', 'RAAF K3/178 Foliage Green', '#fff', 'Matt', 'Acrylic'], ['505248', 'RAAF K3/195 Sky Blue', '#fff', 'Matt', 'Acrylic'], ['505250', 'British Dark Green', '#fff', 'Matt', 'Acrylic'], ['505252', 'British Dark Earth', '#fff', 'Matt', 'Acrylic'], ['505254', 'British Sky Type S', '#fff', 'Matt', 'Acrylic'], ['505256', 'British Ocean Gray', '#fff', 'Matt', 'Acrylic'], ['505258', 'British Sea Gray Medium', '#fff', 'Matt', 'Acrylic'], ['505260', 'BR. Middlestone', '#fff', 'Matt', 'Acrylic'], ['505262', 'Br. Azure Blue', '#fff', 'Matt', 'Acrylic'], ['505264', 'British Extra Dark Sea Gray', '#fff', 'Matt', 'Acrylic'], ['505266', 'British Dark Slate Grey', '#fff', 'Matt', 'Acrylic'], ['505268', 'British P.R.U. Blue', '#fff', 'Matt', 'Acrylic'], ['505270', 'British Interior Gray Green', '#fff', 'Matt', 'Acrylic'], ['505272', 'IJA Green', '#fff', 'Matt', 'Acrylic'], ['505274', 'IJA Lt. Gray', '#fff', 'Matt', 'Acrylic'], ['505276', 'IJA Brown', '#fff', 'Matt', 'Acrylic'], ['505278', 'IJN Green', '#fff', 'Matt', 'Acrylic'], ['505280', 'IJN Sky Gray', '#fff', 'Matt', 'Acrylic'], ['505282', 'Japan Deep Yellow', '#fff', 'Matt', 'Acrylic'], ['505284', 'Italian Hazel Tan 4', '#fff', 'Matt', 'Acrylic'], ['505286', 'Italian Camo Brown #2', '#fff', 'Matt', 'Acrylic'], ['505286', 'Italian Cam. Brown 2', '#fff', 'Matt', 'Acrylic'], ['505288', 'Italian Camo Green', '#fff', 'Matt', 'Acrylic'], ['505290', 'Italian Lt. Blue Gray 1', '#fff', 'Matt', 'Acrylic'], ['505292', 'Italian Camo Yellow 2', '#fff', 'Matt', 'Acrylic'], ['505294', 'Italian Camo Yellow 3', '#fff', 'Matt', 'Acrylic'], ['505296', 'Italian Dark Olive Green 2', '#fff', 'Matt', 'Acrylic'], ['505298', 'German Uniform Gray', '#fff', 'Matt', 'Acrylic'], ['505300', 'German RLM 61 Dark Brown', '#fff', 'Matt', 'Acrylic'], ['505302', 'German RLM 62 Green', '#fff', 'Matt', 'Acrylic'], ['505304', 'Ger. RLM 63 Lt. Gray', '#fff', 'Matt', 'Acrylic'], ['505306', 'Ger. RLM 64 Lt. Blue', '#fff', 'Matt', 'Acrylic'], ['505308', 'German RLM 67 Dark Olive Green', '#fff', 'Matt', 'Acrylic'], ['505310', 'German RLM 68 Lt. Olive Green', '#fff', 'Matt', 'Acrylic'], ['505312', 'German RLM 69 Lt Tan', '#fff', 'Matt', 'Acrylic'], ['505314', 'Ger. RLM 72 Green', '#fff', 'Matt', 'Acrylic'], ['505316', 'Ger. RLM 73 Green', '#fff', 'Matt', 'Acrylic'], ['505318', 'Ger. RLM 78 Lt. Blue', '#fff', 'Matt', 'Acrylic'], ['505320', 'German Sand Yellow RLM 79', '#fff', 'Matt', 'Acrylic'], ['505322', 'German Olive Green RLM 80', '#fff', 'Matt', 'Acrylic'], ['505324', 'Ger. RLM 84 Sky Green', '#fff', 'Matt', 'Acrylic'], ['505326', 'Pale Blue Gray 5-P', '#fff', 'Matt', 'Acrylic'], ['505328', 'Light Gray 5-L', '#fff', 'Matt', 'Acrylic'], ['505330', 'Haze Gray 5-H', '#fff', 'Matt', 'Acrylic'], ['505332', 'Ocean Gray 5-O', '#fff', 'Matt', 'Acrylic'], ['505332', 'Ocean Gray 5-O', '#fff', 'Matt', 'Acrylic'], ['505334', 'Navy Blue 5-N', '#fff', 'Matt', 'Acrylic'], ['505336', 'Deck Tan', '#fff', 'Matt', 'Acrylic'], ['505338', 'Weather Deck Blue 20-B', '#fff', 'Matt', 'Acrylic'], ['505340', 'Israel Cam. Early Blue', '#fff', 'Matt', 'Acrylic'], ['505342', 'Israel Early Tan', '#fff', 'Matt', 'Acrylic'], ['505344', 'Israel Early Lt. Gray', '#fff', 'Matt', 'Acrylic'], ['505346', 'Israel Gray', '#fff', 'Matt', 'Acrylic'], ['505348', 'Israeli Khaki', '#fff', 'Matt', 'Acrylic'], ['505350', 'NATO Tri-color Black', '#393a3a', 'Matt', 'Acrylic'], ['505352', 'NATO Tri-color Brown FS 30051', '#5a4e46', 'Matt', 'Acrylic'], ['505354', 'NATO Tri-Color Green', '#4f5545', 'Matt', 'Acrylic'], ['505356', 'Soviet Brown #2', '#fff', 'Matt', 'Acrylic'], ['505358', 'Soviet Green', '#fff', 'Matt', 'Acrylic'], ['505360', 'Soviet Khaki #2', '#fff', 'Matt', 'Acrylic'], ['505362', 'Soviet Sand', '#fff', 'Matt', 'Acrylic'], ['505364', 'US Desert Storm Sand FS33446', '#fff', 'Matt', 'Acrylic'], ['505366', 'US Earth Red', '#fff', 'Matt', 'Acrylic'], ['505368', 'Warpac Gray Green', '#fff', 'Matt', 'Acrylic'], ['505370', 'Olive Drab', '#fff', 'Matt', 'Acrylic'], ['505372', 'US Brown Special', '#fff', 'Matt', 'Acrylic'], ['505374', 'US Ghost Gray Dark', '#8b959d', 'Matt', 'Acrylic'], ['505376', 'US Ghost Gray Light', '#9ca5ab', 'Matt', 'Acrylic'], ['505378', 'US Gull Gray Dark', '#7f8487', 'Matt', 'Acrylic'], ['505380', 'US Gull Gray Light', '#adada3', 'Matt', 'Acrylic'], ['505382', 'US Gunship Gray', '#5c6169', 'Matt', 'Acrylic'], ['505384', 'US Neutral Gray', '#858b8d', 'Matt', 'Acrylic'], ['505386', 'US Tan Special', '#fff', 'Matt', 'Acrylic'], ['505388', 'US Tac Dk. Green', '#575b45', 'Matt', 'Acrylic'], ['505390', 'US Tac Mid Green', '#535548', 'Matt', 'Acrylic'], ['505392', 'US Tac Tan', '#8f7460', 'Matt', 'Acrylic'], ['505394', 'US Tac Lt. Gray', '#c2c1b4', 'Matt', 'Acrylic'], ['505396', 'Light Blue', '#fff', 'Matt', 'Acrylic'], ['F505380', 'US GULLGRAY LIGHT', '#fff', 'Matt', 'Acrylic'], ['FS33303', 'Sand', '#fff', 'Matt', 'Acrylic'], ['Baltic Blue', 'Polyvine Acrylic Enamel Multi-Surface Paint', '#fff', 'Metallic', 'Acrylic'], ['PCF79', 'Khaki', '#fff', 'Matt', 'Acrylic'], ['PCG207', 'Medium Gray', '#fff', 'Matt', 'Acrylic'], ['PCJ91', 'Green A3', '#fff', 'Matt', 'Acrylic'], ['404100', 'Clear Gloss Finish', '#fff', 'Gloss', 'Acrylic'], ['404100', 'Clear gloss finish', '#fff', 'Gloss', 'Acrylic'], ['500006', 'Metal Primer', '#fff', 'Matt', 'Acrylic'], ['501422', 'Canine Yellow/Brown', '#fff', 'Matt', 'Acrylic'], ['501430', 'Elemental Blue', '#fff', 'Matt', 'Acrylic'], ['400424', 'Prussian Blue', '#fff', 'Matt', 'Acrylic'], ['500068', 'Rust', '#fff', 'Matt', 'Acrylic'], ['500077', 'Light Green', '#fff', 'Matt', 'Acrylic'], ['500303', 'Roundel Blue', '#fff', 'Matt', 'Acrylic'], ['500702', 'Armor Panzer Gray', '#fff', 'Matt', 'Acrylic'], ['500802', 'Interior Green', '#fff', 'Matt', 'Acrylic'], ['500815', 'Medium Green', '#fff', 'Matt', 'Acrylic'], ['500831', 'Earth Brown', '#fff', 'Matt', 'Acrylic'], ['500836', 'Light Ghost Gray', '#fff', 'Matt', 'Acrylic'], ['501426', 'KOB Dark Red/Brown', '#fff', 'Matt', 'Acrylic'], ['501431', 'Remora Blue/Green', '#fff', 'Matt', 'Acrylic'], ['501439', 'Orc Flesh', '#fff', 'Matt', 'Acrylic'], ['501445', 'Basilisk Dark Green', '#fff', 'Matt', 'Acrylic'], ['501459', 'Coati Orange', '#fff', 'Matt', 'Acrylic'], ['501995', 'Flat Aluminum', '#fff', 'Matt', 'Acrylic'], ['505088', 'USN Blue Gray', '#fff', 'Matt', 'Acrylic'], ['PF53', 'Weapon Olive', '#fff', 'Matt', 'Acrylic'], ['PF 62', 'Sahara Sand', '#fff', 'Matt', 'Acrylic']], 'Polly Scale Railroad': [['414302', 'Sand', '#fff', 'Matt', 'Enamel'], ['414302', 'Sand', '#fff', 'Matt', 'Enamel'], ['404046', 'Atl. Coast Purple', '#fff', 'Matt', 'Acrylic'], ['404049', 'Mec. Harvest Gold', '#fff', 'Matt', 'Acrylic'], ['404061', 'CP Red', '#fff', 'Matt', 'Acrylic'], ['404064', 'PRR Buff', '#fff', 'Matt', 'Acrylic'], ['404067', 'TTX Yellow', '#fff', 'Matt', 'Acrylic'], ['404079', 'Oxide Red', '#fff', 'Matt', 'Acrylic'], ['404082', 'Roof Red', '#fff', 'Matt', 'Acrylic'], ['404086', 'Signal Green', '#fff', 'Matt', 'Acrylic'], ['404094', 'Utility Orange', '#fff', 'Matt', 'Acrylic'], ['404097', 'Prussian Blue', '#fff', 'Matt', 'Acrylic'], ['404103', 'Clear Satin Finish', '#fff', 'Satin', 'Acrylic'], ['404106', 'Railroad Flat Finish', '#fff', 'Matt', 'Acrylic'], ['414100', 'Clear Gloss Finish', '#fff', 'Matt', 'Acrylic'], ['414125', 'Railbox Yellow', '#fff', 'Matt', 'Acrylic'], ['414302', 'Sand', '#fff', 'Matt', 'Acrylic'], ['414354', 'Special Oxide Red', '#fff', 'Matt', 'Acrylic'], ['F414131', 'Aged White', '#fff', 'Matt', 'Acrylic'], ['F414218', 'CSX Gray', '#fff', 'Matt', 'Acrylic'], ['F414258', 'D&RGW FRt. Car Red', '#fff', 'Matt', 'Acrylic'], ['F414278', 'Depot Buff', '#fff', 'Matt', 'Acrylic'], ['F414281', 'Boxcar Red', '#fff', 'Matt', 'Acrylic'], ['F414281', 'Boxcar Red', '#fff', 'Matt', 'Acrylic'], ['F414320', 'Aged Concrete', '#fff', 'Matt', 'Acrylic'], ['F414329', 'Railroad Tie Brown', '#fff', 'Matt', 'Acrylic'], ['414110', 'Steam Power Black', '#fff', 'Matt', 'Acrylic'], ['414113', 'Reefer White', '#fff', 'Matt', 'Acrylic'], ['414116', 'Reefer Grey', '#fff', 'Matt', 'Acrylic'], ['414119', 'Reefer Orange', '#fff', 'Matt', 'Acrylic'], ['414122', 'Reefer Yellow', '#fff', 'Matt', 'Acrylic'], ['414134', 'Undercoat Lt. Gray', '#fff', 'Matt', 'Acrylic'], ['414137', 'Grimy Black', '#fff', 'Matt', 'Acrylic'], ['414140', 'Tarnished Black', '#fff', 'Matt', 'Acrylic'], ['414143', 'ATSF Silver', '#fff', 'Metallic', 'Acrylic'], ['414149', 'ATSF Red', '#fff', 'Matt', 'Acrylic'], ['414150', 'ATSF Blue', '#fff', 'Matt', 'Acrylic'], ['414152', 'Milwaukee Road Orange', '#fff', 'Matt', 'Acrylic'], ['414155', 'Milwaukee Road Maroon', '#fff', 'Matt', 'Acrylic'], ['414158', 'Milwaukee Road Gray', '#fff', 'Matt', 'Acrylic'], ['414176', 'Union Pacific Harbor Mist Grey (182)', '#fff', 'Matt', 'Acrylic'], ['414179', 'SP Lettering Gray', '#fff', 'Matt', 'Acrylic'], ['414185', 'SP Daylight Orange', '#fff', 'Matt', 'Acrylic'], ['414187', 'CN Gray #17', '#fff', 'Matt', 'Acrylic'], ['414188', 'CNW Green', '#fff', 'Matt', 'Acrylic'], ['414191', 'CNW Yellow', '#fff', 'Matt', 'Acrylic'], ['414194', 'D & H Avon Blue', '#fff', 'Matt', 'Acrylic'], ['414197', 'D&H Gray', '#fff', 'Matt', 'Acrylic'], ['414200', 'Wisc Central Maroon', '#fff', 'Matt', 'Acrylic'], ['414203', 'GN Big Sky Blue', '#fff', 'Matt', 'Acrylic'], ['414206', 'Conrail Blue', '#fff', 'Matt', 'Acrylic'], ['414209', 'Burlington Northern Green', '#fff', 'Matt', 'Acrylic'], ['414212', 'Soo Line Red', '#fff', 'Matt', 'Acrylic'], ['414215', 'CSX Yellow', '#fff', 'Matt', 'Acrylic'], ['414221', 'CSX Blue', '#fff', 'Matt', 'Acrylic'], ['414224', 'Great Northern Orange', '#fff', 'Matt', 'Acrylic'], ['414224', 'Great Northern Orange', '#fff', 'Matt', 'Acrylic'], ['414227', 'Great Northern Empire Green', '#fff', 'Matt', 'Acrylic'], ['414228', 'GN Glacier Green', '#fff', 'Matt', 'Acrylic'], ['414230', 'Bar Blue', '#fff', 'Matt', 'Acrylic'], ['414233', 'Bar Gray', '#fff', 'Matt', 'Acrylic'], ['414236', 'Erie Lackawanna Yellow', '#fff', 'Matt', 'Acrylic'], ['414239', 'E/L Grey', '#fff', 'Matt', 'Acrylic'], ['414242', 'Erie Lackawanna Maroon', '#fff', 'Matt', 'Acrylic'], ['414245', 'B & M Blue', '#fff', 'Matt', 'Acrylic'], ['414248', 'Rock Island Maroon', '#fff', 'Matt', 'Acrylic'], ['414251', 'CP Gray', '#fff', 'Matt', 'Acrylic'], ['414262', 'Pacemaker Red', '#fff', 'Matt', 'Acrylic'], ['414266', 'Pacemaker Gray', '#fff', 'Matt', 'Acrylic'], ['414293', 'Zinc Chromate Primer', '#fff', 'Matt', 'Acrylic'], ['414296', 'Stainless Steel', '#fff', 'Metallic', 'Acrylic'], ['414299', 'Flat Aluminium', '#fff', 'Metallic', 'Acrylic'], ['414305', 'Dust', '#fff', 'Matt', 'Acrylic'], ['414323', 'Rust', '#fff', 'Matt', 'Acrylic'], ['414326', 'Oily Black', '#fff', 'Matt', 'Acrylic'], ['414356', 'GTW Morency Orange', '#fff', 'Matt', 'Acrylic'], ['414358', 'GTW Blue', '#fff', 'Matt', 'Acrylic'], ['414364', 'St. Lawrence Blue', '#fff', 'Matt', 'Acrylic'], ['414366', 'Weyerhauser Green', '#fff', 'Matt', 'Acrylic'], ['414368', 'Penn Central Green', '#fff', 'Matt', 'Acrylic'], ['414370', 'NYC Jade Green', '#fff', 'Matt', 'Acrylic'], ['414378', 'Reading Yellow', '#fff', 'Matt', 'Acrylic'], ['414380', 'L & N Gray', '#fff', 'Matt', 'Acrylic'], ['414382', 'Seaboard Airline Chinese Red', '#fff', 'Matt', 'Acrylic'], ['414384', 'Seaboard Airline Yellow', '#fff', 'Matt', 'Acrylic'], ['414386', 'Seaboard Airline Orange', '#fff', 'Matt', 'Acrylic'], ['414390', 'SCL Hopper Car Yellow', '#fff', 'Matt', 'Acrylic'], ['414393', 'CSX New Image Blue', '#fff', 'Matt', 'Acrylic'], ['414398', 'BNSF Yellow', '#fff', 'Matt', 'Acrylic'], ['414399', 'Amtrack Blue', '#fff', 'Matt', 'Acrylic'], ['414403', 'CN Green #2', '#fff', 'Matt', 'Acrylic'], ['414404', 'CN Red #11', '#fff', 'Matt', 'Acrylic'], ['414406', 'CP Red', '#fff', 'Matt', 'Acrylic'], ['414408', 'CP Yellow', '#fff', 'Matt', 'Acrylic'], ['414412', 'Piston Silver', '#fff', 'Metallic', 'Acrylic'], ['414446', 'Mahogany Wash', '#fff', 'Matt', 'Acrylic'], [None, None, '#fff', 'Matt', 'Acrylic'], [None, None, '#fff', 'Matt', 'Acrylic'], ['410025', 'Tuscan', '#fff', 'Matt', 'Acrylic'], ['410040', 'Dark Green', '#fff', 'Matt', 'Acrylic'], ['414128', 'caboose red', '#fff', 'Matt', 'Acrylic'], ['414287', 'Vermont Green', '#fff', 'Matt', 'Acrylic'], ['414308', 'Dirt', '#fff', 'Matt', 'Acrylic'], ['414311', 'Earth', '#fff', 'Matt', 'Acrylic'], ['414314', 'Mud', '#fff', 'Matt', 'Acrylic'], ['414317', 'Concrete', '#fff', 'Matt', 'Acrylic'], [None, None, '#fff', 'Matt', 'Acrylic'], [None, None, '#fff', 'Matt', 'Acrylic'], [None, None, '#fff', 'Matt', 'Acrylic'], [None, None, '#fff', 'Matt', 'Acrylic'], ['PF6', 'Metal Primer', '#fff', 'Matt', 'Acrylic'], ['414392', 'SCL  Caboose Car Orange', '#fff', 'Matt', 'Acrylic'], ['414302', 'Sand', '#fff', 'Matt', None]], 'Polytranspar': [['401', 'Satin White Pearl', '#fff', 'Iridescent', None], ['440', 'Shimmering Blue', '#788ca0', 'Iridescent', None], ['441', 'Shimmering Green', '#aabebe', 'Iridescent', None], ['442', 'Shimmering Gold', '#beaa82', 'Iridescent', None], ['443', 'Shimmering Red', '#c8b4c8', 'Iridescent', None]], 'POSCA': [[None, None, '#e03e53', 'Matt', 'Acrylic'], [None, None, '#fff', 'Matt', 'Acrylic'], ['1', 'White marker', '#ffffff', 'Matt', 'Acrylic'], ['2', 'Yellow marker', '#ffff00', 'Matt', 'Acrylic'], ['4', 'Orange marker', '#ff5c39', 'Matt', 'Acrylic'], ['6', 'Green marker', '#009a44', 'Matt', 'Acrylic'], ['8', 'Light Blue marker', '#5ac2e7', 'Matt', 'Acrylic'], ['12', 'Violet marker', '#8147ae', 'Matt', 'Acrylic'], ['13', 'Pink marker', '#f57eb6', 'Matt', 'Acrylic'], ['15', 'Red marker', '#e03e53', 'Matt', 'Acrylic'], ['24', 'Black marker', '#2d2926', 'Matt', 'Acrylic'], ['25', 'Gold marker', '#bb9b38', 'Metallic', 'Acrylic'], ['26', 'Silver marker', '#b9bbba', 'Metallic', 'Acrylic'], ['33', 'Blue marker', '#0071cd', 'Matt', 'Acrylic'], ['M6', 'Metallic Green marker', '#57a598', 'Matt', 'Acrylic'], ['M13', 'Metallic Pink marker', '#a56c95', 'Matt', 'Acrylic'], ['M15', 'Metallic Red marker', '#be6d58', 'Matt', 'Acrylic'], ['M33', 'Metallic Blue marker', '#5c99ae', 'Matt', 'Acrylic'], ['53999', 'Dark Green marker', '#009a44', 'Matt', 'Acrylic'], ['54002', 'Light Blue marker', '#5ac2e7', 'Matt', 'Acrylic'], ['54040', 'Brown marker', '#bf7d5a', 'Matt', 'Acrylic'], ['54057', 'Black marker', '#2d2926', 'Matt', 'Acrylic'], ['65824', 'Silver marker', '#b9bbba', 'Matt', 'Acrylic'], ['9', 'Navy Blue Marker', '#fff', 'Matt', 'Acrylic'], ['15905', 'Grey marker', '#98999b', 'Matt', 'Acrylic'], ['23683', 'Beige marker', '#f6e1cc', 'Matt', 'Acrylic'], ['6', 'Green Marker', '#fff', 'Matt', 'Acrylic'], ['16599', 'White marker', '#ffffff', 'Matt', 'Acrylic'], [None, None, '#d8a5f2', 'Matt', 'Acrylic'], [None, None, '#fbd872', 'Matt', 'Acrylic'], [None, None, '#fbfb75', 'Matt', 'Acrylic'], [None, None, '#f7d774', 'Matt', 'Acrylic'], [None, None, '#69caf7', 'Matt', 'Acrylic'], [None, None, '#2d2926', 'Matt', 'Acrylic'], [None, None, '#009a44', 'Matt', 'Acrylic'], [None, None, '#b9bbba', 'Matt', 'Acrylic'], [None, None, '#5ac2e7', 'Matt', 'Acrylic'], [None, None, '#0071cd', 'Matt', 'Acrylic'], [None, None, '#ffffff', 'Matt', 'Acrylic'], [None, None, '#ffd101', 'Matt', 'Acrylic'], [None, None, '#f57eb6', 'Matt', 'Acrylic'], ['66583', 'Gold Brush marker', '#cca208', 'Metallic', 'Acrylic']], 'POW! Colours': [['90010', '2K Basislack Zitronengelb gl├ñnzend', '#fff', 'Gloss', 'Enamel'], ['90011', '2K Basislack Mittelgelb gl├ñnzend', '#fff', 'Gloss', 'Enamel'], ['90012', '2K Basislack Dunkelgelb gl├ñnzend', '#fff', 'Gloss', 'Enamel'], ['90015', '2K Basislack Orange gl├ñnzend', '#fff', 'Gloss', 'Enamel'], ['90020', '2K Basislack Hellrot gl├ñnzend', '#fff', 'Gloss', 'Enamel'], ['90021', '2K Basislack Rot gl├ñnzend', '#fff', 'Gloss', 'Enamel'], ['90030', '2K Basislack Hellblau gl├ñnzend', '#fff', 'Gloss', 'Enamel'], ['90037', '2K Basislack Violett gl├ñnzend', '#fff', 'Gloss', 'Enamel'], ['90040', '2K Basislack Hellgr├╝n gl├ñnzend', '#fff', 'Gloss', 'Enamel'], ['90060', '2K Basislack Wei├ƒ gl├ñnzend', '#fff', 'Gloss', 'Enamel'], ['90062', '2K Basislack Hellgrau gl├ñnzend', '#fff', 'Gloss', 'Enamel'], ['90068', '2K Basislack Schwarz gl├ñnzend', '#fff', 'Gloss', 'Enamel'], ['90070', '2K Basislack klar hochgl├ñnzend', '#fff', 'Gloss', 'Enamel'], ['90071', '2K Basislack klar gl├ñnzend', '#fff', 'Gloss', 'Enamel'], ['90072', '2K Basislack klar seidenmatt', '#fff', 'Satin', 'Enamel'], ['90081', '2K Grundierung Basislack weiss seidenmatt', '#fff', 'Satin', 'Enamel'], ['90082', '2K Grundierung Basislack hellgrau seidenmatt', '#fff', 'Satin', 'Enamel'], ['90090', '2K POW! Colours H├ñrter', '#fff', None, 'Enamel'], ['93002', '2K Basislack RAL 3002 Karminrot gl├ñnzend', '#fff', 'Gloss', 'Enamel'], ['95010', '2K Basislack RAL 5010 Enzianblau gl├ñnzend', '#fff', 'Gloss', 'Enamel'], ['96029', '2K Basislack RAL 6029 Minzgr├╝n gl├ñnzend', '#fff', 'Gloss', 'Enamel']], 'Prince August Air': [[None, None, None, 'Matt', 'Acrylic'], ['FS36152-RAL7012-RLM75', 'Gris basalte', '#fff', 'Matt', 'Acrylic'], ['FS36622', 'P121 - GRIS CLAIR USAF FS36622-RAL 7038', None, 'Matt', 'Acrylic'], ['P001', 'Blanc', '#ffffff', 'Matt', 'Acrylic'], ['P002', 'Jaune RAL 9003', '#ffb700', 'Matt', 'Acrylic'], ['P003', 'Rouge', '#c32502', 'Satin', 'Acrylic'], ['P004', 'Bleu RLM 24', '#253475', 'Satin', 'Acrylic'], ['P005', 'Bleu interm├⌐diaire-US Navy WWII RAL 5002', '#676c73', 'Satin', 'Acrylic'], ['P006', 'Vert clair-cam. WWII-Lichtgr├╝n RAL 5008', '#65735e', 'Matt', 'Acrylic'], ['P007', 'Vert olive RAL 6025', '#3d642d', 'Matt', 'Acrylic'], ['P008', 'Bleu ciel Hellblau ALL WWII RLM 65', '#94a8a4', 'Matt', 'Acrylic'], ['P009', 'Duck Egg Green GB WWII RLM 84', '#d4cf90', 'Matt', 'Acrylic'], ['P010', 'Vert int├⌐rieur US WWII', '#717048', 'Matt', 'Acrylic'], ['P011', 'Vert Panzer', '#6f6f4a', 'Matt', 'Acrylic'], ['P012', 'Vert fonc├⌐ Darkgreen RAF WWII, RAL 6003', '#414632', 'Matt', 'Acrylic'], ['P013', 'Jaune olive Japon RLM 83', '#616352', 'Matt', 'Acrylic'], ['P014', 'Vert fonc├⌐ US Moderne', '#53645a', 'Matt', 'Acrylic'], ['P015', 'Vert olive-Dunkelgr├╝n-US Vietnam, RLM71, RAL 6020', '#575849', 'Satin', 'Acrylic'], ['P016', 'Vert US Vietnam (RLM 73, RAL 6006)', '#3e3b32', 'Matt', 'Acrylic'], ['P017', 'Vert fonc├⌐ URSS WWII Olivegr├╝n RLM 80', '#5d5d50', 'Matt', 'Acrylic'], ['P018', 'Cam. Vert Noir IJA WWII', '#3e4b39', 'Matt', 'Acrylic'], ['P019', 'Cam. Vert Fonc├⌐ I.J.N. WWII, RAL 6012', '#343e40', 'Matt', 'Acrylic'], ['P020', 'Vert Allemand WWII Graugr├╝n RAL 6007', '#343e40', 'Matt', 'Acrylic'], ['P021', 'Vert Noir WWII - Schwarzgr├╝n - US moderne RLM 70, RAL 7008', '#55564f', 'Matt', 'Acrylic'], ['P022', 'Cam.vert WWII - Dunkelgr├╝n RLM 82, RAL 6015', '#3b3c36', 'Matt', 'Acrylic'], ['P023', 'Beige Cam.', '#a6977d', 'Matt', 'Acrylic'], ['P024', 'Sable US WWII - Marron Kaki', '#fff', 'Matt', 'Acrylic'], ['P025', 'Jaune - Panzer WWII RAL 7008', '#6a5f31', 'Matt', 'Acrylic'], ['P026', 'Marron - Tan US Vietnam', '#a1836c', 'Matt', 'Acrylic'], ['P026', 'Marron-Tan US Vietnam', '#8d6448', 'Matt', 'Acrylic'], ['P027', 'Marron Clair - Japon WWII', '#fff', 'Satin', 'Acrylic'], ['P028', 'Jaune Sable - Panzer WWII', '#8e795b', 'Matt', 'Acrylic'], ['P029', 'Terre sombre - GB WWII', '#4c4231', 'Matt', 'Acrylic'], ['P030', 'Marron Vert - Panzer WWII', '#fff', 'Matt', 'Acrylic'], ['p031', 'Midstone WWII GB RAL 8000', '#826c34', 'Matt', 'Acrylic'], ['P032', 'Jaune Mim├⌐tique - Ital WWII', '#9e7655', 'Matt', 'Acrylic'], ['P033', 'Ocre RAL 8001', '#955f20', 'Gloss', 'Acrylic'], ['P034', 'Jaune Sable All WWII - Sandgelb RLM79', '#a57f4e', 'Matt', 'Acrylic'], ['P035', 'Brun Mim├⌐tique - Ital WWII', '#886b58', 'Gloss', 'Acrylic'], ['P036', 'Acajou - Panzer WWII RAL 8025', '#755c48', 'Matt', 'Acrylic'], ['P037', 'Marron Terre - Urss WWII RAL 8016', '#4c2f27', 'Matt', 'Acrylic'], ['P038', 'Brun Moyen Ital Nocciola Chiaro 4 RAL 8008', '#6f4f28', 'Matt', 'Acrylic'], ['P039', 'Marron Rouge Primaire - Japon WWII', '#6c4444', 'Satin', 'Acrylic'], ['P040', "Terre d' Ombre Br├╗l├⌐e", '#6a5c4f', 'Matt', 'Acrylic'], ['P041', 'Marron Panzer WWII', '#fff', 'Matt', 'Acrylic'], ['P042', 'Camouflage brun noir RAL 8017', '#45322e', 'Matt', 'Acrylic'], ['P043', 'Olive drab US WWII - Braunviolet RLM 81', '#3c3727', 'Matt', 'Acrylic'], ['P044', 'Gris Vert Clair - Grau RLM 02 RAL 7013', '#7a7561', 'Satin', 'Acrylic'], ['P045', 'Gris Clair US Moderne Light Gray', '#d4d0c7', 'Matt', 'Acrylic'], ['P046', 'Gris Bleu Clair-US Moderne ADC Gray-Lichtblau All WWII RLM76', '#adb5b3', 'Matt', 'Acrylic'], ['P047', 'Gris - US Moderne Dark Ghost Gray', '#8b959d', 'Matt', 'Acrylic'], ['P048', 'Gris Mer Fonc├⌐ RAL 7037', '#778089', 'Matt', 'Acrylic'], ['P049', 'Gris Mer Moyen - GB WWII - Neutral Gray US Moderne', '#919597', 'Matt', 'Acrylic'], ['P050', 'Gris Clair - US Moderne Light Ghost Gray RAL 7023', '#a6adb4', 'Matt', 'Acrylic'], ['P051', 'Gris Anglais - Ocean Grey - Medium Gray RAL 7040', '#879297', 'Matt', 'Acrylic'], ['P052', 'Gris Allemand - Grauviolett RLM 75 RAL 7001', '#8a9597', 'Matt', 'Acrylic'], ['P053', 'Gris Fonc├⌐ US moderne - Gunship Gray RAL 7012', '#676c73', 'Matt', 'Acrylic'], ['P054', 'Bleu Gris Fonce All WWII RLM 74 RAL 7015', '#434750', 'Matt', 'Acrylic'], ['P055', 'Gris vert - Dark Gunship Gray RLM 66', '#5b5e5f', 'Matt', 'Acrylic'], ['P056', 'Gris Noir - Panzer WWII RAL 7043', '#4e5452', 'Matt', 'Acrylic'], ['P057', 'Noir', '#000000', 'Satin', 'Acrylic'], ['P058', 'Vernis Brillant', '#fff', 'Gloss', 'Acrylic'], ['P059', 'Vernis Mat', '#fff', 'Matt', 'Acrylic'], ['P060', 'Vernis Satin├⌐', '#fff', 'Satin', 'Acrylic'], ['P062', 'Aluminium Mat M├⌐tallique RAL 9006', '#a5a5a5', 'Metallic', 'Acrylic'], ['P063', 'Argent M├⌐tallique', '#fff', 'Metallic', 'Acrylic'], ['P064', 'Chrome M├⌐tallique', '#9b9d9f', 'Metallic', 'Acrylic'], ['P065', 'Acier M├⌐tallique', '#fff', 'Metallic', 'Acrylic'], ['p066', 'Or M├⌐tallique', '#fff', 'Metallic', 'Acrylic'], ['P067', 'Laiton Brillant M├⌐tallique', '#fff', 'Metallic', 'Acrylic'], ['P068', 'Cuivre M├⌐tallique', '#fff', 'Metallic', 'Acrylic'], ['p069', 'Rouille M├⌐tallique', '#fff', 'Metallic', 'Acrylic'], ['P070', 'Rouge Signal M├⌐tallique', '#fff', 'Metallic', 'Acrylic'], ['P071', 'Bleu Artique M├⌐tallique', '#fff', 'Metallic', 'Acrylic'], ['P072', 'Gunm├⌐tal', '#fff', 'Metallic', 'Acrylic'], ['P073', 'Noir M├⌐tallique', '#fff', 'Metallic', 'Acrylic'], ['P074', 'Beige Radome', '#efd0a8', 'Matt', 'Acrylic'], ['P075', 'Sable', '#d6c1aa', 'Matt', 'Acrylic'], ['P076', 'Chair', '#f9c58c', 'Matt', 'Acrylic'], ['P077', 'Bois', '#fff', 'Matt', 'Acrylic'], ['P078', 'Jaune Dor├⌐ RAL 1004', '#cda434', 'Satin', 'Acrylic'], ['p079', 'Terre', '#fff', 'Matt', 'Acrylic'], ['p080', 'Rouille', '#fff', 'Matt', 'Acrylic'], ['p081', 'Ocre Jaune Panzer 1943', '#fff', 'Matt', 'Acrylic'], ['p082', 'Rouge Fluorescent RAL 3024', '#f80000', 'Satin', 'Acrylic'], ['P083', 'Orange RAL 2004', '#f44611', 'Matt', 'Acrylic'], ['P084', 'Rouge Feu RAL 3000', '#af2b1e', 'Matt', 'Acrylic'], ['P085', 'Rouge Italien', '#fff', 'Gloss', 'Acrylic'], ['P086', 'Rouge Clair', '#fff', 'Matt', 'Acrylic'], ['P087', 'Bleu Acier RAL 5011', '#2d373d', 'Gloss', 'Acrylic'], ['P088', 'Bleu de France', '#fff', 'Matt', 'Acrylic'], ['P089', 'Bleu Clair', '#fff', 'Matt', 'Acrylic'], ['P089', 'Bleu Clair', '#fff', 'Matt', 'Acrylic'], ['P090', 'Bleu Blue Angels', '#214061', 'Gloss', 'Acrylic'], ['P091', 'Bleu Insigne RAL 5013', '#444854', 'Matt', 'Acrylic'], ['P092', 'Vert Moyen', '#636750', 'Matt', 'Acrylic'], ['P093', 'Vert Uniforme', '#636a51', 'Matt', 'Acrylic'], ['P094', 'Vert Zinc Chromate', '#fff', 'Matt', 'Acrylic'], ['P095', 'Vert P├óle', '#889d95', 'Matt', 'Acrylic'], ['P096', 'Vert Olive Panzer', '#56615b', 'Matt', 'Acrylic'], ['P097', 'Gris de Base', '#fff', 'Matt', 'Acrylic'], ['P103', 'Gris Graublau', '#a5ab9d', 'Matt', 'Acrylic'], ['P111', 'Bleu M├⌐dit├⌐rran├⌐e GB', '#4a6779', 'Matt', 'Acrylic'], ['P116', 'CAMOUGLAGE GRIS VERT - Ral 7008', '#77664b', None, 'Acrylic'], ['P117', 'CAMOUFLAGE BRUN - Ral 8020', '#ac8c6a', None, 'Acrylic'], ['RAL 2005', 'Orange fluo', '#fff', None, 'Acrylic'], ['PP102', 'Base Acrylique Polyur├⌐thane Blanc', '#ffffff', 'Matt', 'Acrylic'], ['PP103', 'Base Acrylique Polyur├⌐thane Gris', '#c0c0c2', 'Matt', 'Acrylic'], ['PP117', 'Base Acrylique Polyur├⌐thane US Navy Gris Clair FS36375', '#9ca4aa', 'Matt', 'Acrylic'], ['PP211', 'Vernis Acrylique Polyurethane', '#fff', 'Matt', 'Acrylic'], ['PNAGM', 'Airbrush Cleaner', '#fff', 'Cleaners', 'Acrylic'], ['PP104', 'Base Acrylique Polyur├⌐thane Noir', '#000000', 'Matt', 'Acrylic'], ['P061', 'Diluant', '#fff', None, 'Acrylic'], ['PNA', 'Nettoyant pour A├⌐rographe', '#fff', None, 'Acrylic']], 'Prismacolor Premier': [['PM-118', 'Fine Metallic Silver', '#e1e1e2', 'Metallic', 'Enamel']], 'Pro Acryl': [['MPA-001', 'Bold Titanium White', '#f9f9f9', 'Matt', 'Acrylic'], ['MPA-002', 'Coal Black', '#000000', 'Matt', 'Acrylic'], ['MPA-003', 'Bold Pyrrole Red', '#d81b01', 'Matt', 'Acrylic'], ['MPA-004', 'Green', '#2be601', 'Matt', 'Acrylic'], ['MPA-005', 'Blue', '#065fcb', 'Matt', 'Acrylic'], ['MPA-006', 'Golden Yellow', '#f3f806', 'Matt', 'Acrylic'], ['MPA-007', 'Orange', '#ff6900', 'Matt', 'Acrylic'], ['MPA-008', 'Burnt Red', '#630700', 'Matt', 'Acrylic'], ['MPA-009', 'Mahogany', '#370b0c', 'Matt', 'Acrylic'], ['MPA-010', 'Purple', '#7b0ef7', 'Matt', 'Acrylic'], ['MPA-011', 'Magenta', '#e424b0', 'Matt', 'Acrylic'], ['MPA-012', 'Sky Blue', '#4fd8ff', 'Matt', 'Acrylic'], ['MPA-013', 'Faded Ultramarine', '#87beff', 'Matt', 'Acrylic'], ['MPA-014', 'Dark Grey Blue', '#011c8c', 'Matt', 'Acrylic'], ['MPA-015', 'Bright Warm Grey', '#d0ddb9', 'Matt', 'Acrylic'], ['MPA-016', 'Dark Warm Grey', '#2f393f', 'Matt', 'Acrylic'], ['MPA-017', 'Golden Brown', '#e1b327', 'Matt', 'Acrylic'], ['MPA-018', 'Light Umber', '#5a2411', 'Matt', 'Acrylic'], ['MPA-019', 'Dark Umber', '#19100f', 'Matt', 'Acrylic'], ['MPA-020', 'Camo Green', '#235c03', 'Matt', 'Acrylic'], ['MPA-021', 'Jade', '#13695d', 'Matt', 'Acrylic'], ['MPA-022', 'Bright Ivory', '#ecf4d1', 'Matt', 'Acrylic'], ['MPA-023', 'Ivory', '#dcdfc1', 'Matt', 'Acrylic'], ['MPA-024', 'Tan Flesh', '#dfaf89', 'Matt', 'Acrylic'], ['MPA-025', 'Silver', '#7d8688', 'Metallic', 'Acrylic'], ['MPA-026', 'Light Bronze', '#5b5b31', 'Metallic', 'Acrylic'], ['MPA-027', 'Copper', '#6f3514', 'Metallic', 'Acrylic'], ['MPA-028', 'Rich Gold', '#8f6814', 'Metallic', 'Acrylic'], ['MPA-029', 'White Gold', '#7f8168', 'Metallic', 'Acrylic'], ['MPA-030', 'Dark Silver', '#101b1a', 'Metallic', 'Acrylic'], ['MPA-031', 'Bright Gold', '#9c8242', 'Metallic', 'Acrylic'], ['MPA-032', 'Bronze', '#423818', 'Metallic', 'Acrylic'], ['MPA-033', 'Metallic  Medium', '#9da59e', 'Metallic', 'Acrylic'], ['MPA-034', 'Dark Blue', '#02123a', 'Matt', 'Acrylic'], ['MPA-035', 'Dark Purple', '#00016e', 'Matt', 'Acrylic'], ['MPA-036', 'Dark Camo Green', '#25450e', 'Matt', 'Acrylic'], ['MPA-037', 'Burnt Orange', '#7f2300', 'Matt', 'Acrylic'], ['MPA-038', 'Yellow Orche', '#a86c01', 'Matt', 'Acrylic'], ['MPA-039', 'Bright Yellow Green', '#84ff00', 'Matt', 'Acrylic'], ['MPA-040', 'Black Brown', '#2a2b1b', 'Matt', 'Acrylic'], ['MPA-041', 'Olive Flesh', '#e5da90', 'Matt', 'Acrylic'], ['MPA-042', 'Shadow Flesh', '#ab4f48', 'Matt', 'Acrylic'], ['MPA-043', 'Pale Pink', '#fdbacc', 'Matt', 'Acrylic'], ['MPA-044', 'Dark Neutral Grey', '#233339', 'Matt', 'Acrylic'], ['MPA-045', 'Bright Neutral Grey', '#c3c6bf', 'Matt', 'Acrylic'], ['MPA-046', 'Transparent Blue', '#3453fd', 'Matt', 'Acrylic'], ['MPA-047', 'Transparent Red', '#e91d36', 'Matt', 'Acrylic'], ['MPA-048', 'Transparent Green', '#3aac54', 'Matt', 'Acrylic'], ['MPA-049', 'Transparent Yellow', '#e9fe28', 'Matt', 'Acrylic'], ['MPA-050', 'Transparent Orange', '#e8a934', 'Matt', 'Acrylic'], ['MPA-051', 'Transparent Purple', '#564ab4', 'Matt', 'Acrylic'], ['MPA-052', 'Transparent Brown', '#666658', 'Matt', 'Acrylic'], ['MPA-053', 'Transparent Black', '#2a2b36', 'Matt', 'Acrylic'], ['MPA-054', 'Turquoise', '#42fab5', 'Matt', 'Acrylic'], ['MPA-055', 'Grey Blue', '#bee9fd', 'Matt', 'Acrylic'], ['MPA-056', 'Blue Black', '#2e3840', 'Matt', 'Acrylic'], ['MPA-057', 'Black Green', '#10230d', 'Matt', 'Acrylic'], ['MPA-058', 'Bright Pale Green', '#a0ff8c', 'Matt', 'Acrylic'], ['MPA-059', 'Burnt Sienna', '#621504', 'Matt', 'Acrylic'], ['MPA-060', 'Pale Yellow', '#feff9e', 'Matt', 'Acrylic'], ['MPA-061', 'Khaki', '#a7a843', 'Matt', 'Acrylic'], ['MPA-062', 'Dark Golden Brown', '#685a0c', 'Matt', 'Acrylic'], ['MPA-063', 'Faded Plum', '#8c53c6', 'Matt', 'Acrylic'], ['MPA-064', 'Transparent White', '#fcfffe', 'Matt', 'Acrylic'], ['MPA-065', 'Yellow Green', '#74a900', 'Matt', 'Acrylic'], ['MPA-066', 'Faded Green', '#90b964', 'Matt', 'Acrylic'], ['MPA-067', 'Bright Jade', '#2bb686', 'Matt', 'Acrylic'], ['MPA-068', 'Dark Flesh', '#592a28', 'Matt', 'Acrylic'], ['MPA-069', 'Burgundy', '#6f1932', 'Matt', 'Acrylic'], ['MPA-070', 'Plum', '#8c2ec9', 'Matt', 'Acrylic'], ['MPA-071', 'Pink', '#ff8cb5', 'Matt', 'Acrylic'], ['MPA-072', 'Warm Yellow', '#ffc301', 'Matt', 'Acrylic'], ['MPA-073', 'Warm Flesh', '#febd59', 'Matt', 'Acrylic'], ['MPA-074', 'Warm Grey', '#414b36', 'Matt', 'Acrylic'], ['MPA-075', 'Neutral Grey', '#4c575a', 'Matt', 'Acrylic'], ['MPAP-002', 'PRIME 002 - Black', '#070908', 'Matt', 'Acrylic'], ['MPAP-003', 'PRIME 003 - White', '#fdffff', 'Matt', 'Acrylic'], ['MPAP-005', 'PRIME 005 - Dark Neutral Grey', '#27333a', 'Matt', 'Acrylic'], ['MPAP-007', 'PRIME 007 - Dark Camo Green', '#294212', 'Matt', 'Acrylic'], ['MPAP-011', 'PRIME 011 - Black Brown', '#282b1b', 'Matt', 'Acrylic'], ['MPA-SET-002', 'Expansion Set Two- Transparents', '#3453fd', None, None], ['MPA-SET-003', 'Expansion Set Three', '#42fab5', None, None], ['MPA-SET-MET', 'Expansion Set Metallics', '#7d8688', None, None], ['MPA-SET-001', 'Expansion Set One', '#02123a', None, None], ['MPA-SET-004', 'Expansion Set Four', '#a7a843', None, None], ['MPA-SET-BASE', 'Base Set', '#f9f9f9', None, None]], 'Reaper MSP Core Colors': [['09001', 'Red Brick', '#501325', 'Matt', 'Acrylic'], ['09002', 'Deep Red', '#9f373e', 'Matt', 'Acrylic'], ['09003', 'Blood Red', '#ad1732', 'Matt', 'Acrylic'], ['09004', 'Fire Red', '#c0093c', 'Matt', 'Acrylic'], ['09005', 'Pheonix Red', '#d23830', 'Matt', 'Acrylic'], ['09006', 'Fire Orange', '#e9712b', 'Matt', 'Acrylic'], ['09007', 'Marigold Yellow', '#ee932b', 'Matt', 'Acrylic'], ['09008', 'Sun Yellow', '#f7c027', 'Matt', 'Acrylic'], ['09009', 'Lemon Yellow', '#f8ee20', 'Matt', 'Acrylic'], ['09010', 'Pine Green', '#005929', 'Matt', 'Acrylic'], ['09011', 'Leaf Green', '#178944', 'Matt', 'Acrylic'], ['09012', 'Pale Green', '#35b34b', 'Matt', 'Acrylic'], ['09013', 'Forest Green', '#004527', 'Matt', 'Acrylic'], ['09014', 'Grass Green', '#047a55', 'Matt', 'Acrylic'], ['09015', 'Jade Green', '#0aad62', 'Matt', 'Acrylic'], ['09016', 'Sapphire Blue', '#294590', 'Matt', 'Acrylic'], ['09017', 'True Blue', '#007cba', 'Matt', 'Acrylic'], ['09018', 'Sky Blue', '#4ba3d5', 'Matt', 'Acrylic'], ['09019', 'Midnight Blue', '#0b141d', 'Matt', 'Acrylic'], ['09020', 'Twilight Blue', '#374a63', 'Matt', 'Acrylic'], ['09021', 'Snow Shadow', '#7f93ac', 'Matt', 'Acrylic'], ['09022', 'Nightshade Purple', '#26182d', 'Matt', 'Acrylic'], ['09023', 'Imperial Purple', '#624871', 'Matt', 'Acrylic'], ['09024', 'Amethyst Purple', '#9e7daa', 'Matt', 'Acrylic'], ['09025', 'Burgundy Wine', '#462035', 'Matt', 'Acrylic'], ['09026', 'Violet Red', '#601d47', 'Matt', 'Acrylic'], ['09027', 'Pale Violet Red', '#92325b', 'Matt', 'Acrylic'], ['09028', 'Muddy Brown', '#432e1b', 'Matt', 'Acrylic'], ['09029', 'Earth Brown', '#795336', 'Matt', 'Acrylic'], ['09030', 'Leather Brown', '#a5754d', 'Matt', 'Acrylic'], ['09031', 'Tanned Leather', '#b78349', 'Matt', 'Acrylic'], ['09032', 'Amber Gold', '#cda25d', 'Matt', 'Acrylic'], ['09033', 'Golden Blonde', '#f2e294', 'Matt', 'Acrylic'], ['09034', 'Muddy Olive', '#3f7036', 'Matt', 'Acrylic'], ['09035', 'Olive Green', '#729656', 'Matt', 'Acrylic'], ['09036', 'Pale Olive', '#a6b48f', 'Matt', 'Acrylic'], ['09037', 'Pure Black', '#000000', 'Matt', 'Acrylic'], ['09038', 'Rainy Grey', '#959595', 'Matt', 'Acrylic'], ['09039', 'Pure White', '#ffffff', 'Matt', 'Acrylic'], ['09040', 'Dark Shadow', '#220d0c', 'Matt', 'Acrylic'], ['09041', 'Dark Skin', '#41241e', 'Matt', 'Acrylic'], ['09042', 'Dark Highlights', '#412a18', 'Matt', 'Acrylic'], ['09043', 'Tanned Shadow', '#a3755e', 'Matt', 'Acrylic'], ['09044', 'Tanned Skin', '#bc8d6f', 'Matt', 'Acrylic'], ['09045', 'Tanned Highlight', '#d2a681', 'Matt', 'Acrylic'], ['09046', 'Fair Shadow', '#e7bd91', 'Matt', 'Acrylic'], ['09047', 'Fair Skin', '#f1d2b3', 'Matt', 'Acrylic'], ['09048', 'Fair Highlights', '#f5e5cc', 'Matt', 'Acrylic'], ['09049', 'Ancient Bronze', None, 'Matt', 'Acrylic'], ['09050', 'Antique Gold', None, 'Matt', 'Acrylic'], ['09051', 'New Gold', None, 'Matt', 'Acrylic'], ['09052', 'Shadowed Steel', None, 'Matt', 'Acrylic'], ['09053', 'Honed Steel', None, 'Matt', 'Acrylic'], ['09054', 'Polished Silver', None, 'Matt', 'Acrylic'], ['09055', 'Breonne Blue', '#02273c', 'Matt', 'Acrylic'], ['09056', 'Templar Blue', '#314659', 'Matt', 'Acrylic'], ['09057', 'Ashen Blue', '#557e90', 'Matt', 'Acrylic'], ['09058', 'Bone Shadow', '#d6c6af', 'Matt', 'Acrylic'], ['09059', 'Aged Bone', '#e1d7bc', 'Matt', 'Acrylic'], ['09060', 'Polished Bone', '#ece1cd', 'Matt', 'Acrylic'], ['09061', 'Linen White', '#fefced', 'Matt', 'Acrylic'], ['09062', 'Leather White', '#ebe1d5', 'Matt', 'Acrylic'], ['09063', 'Ghost White', '#eaf5fb', 'Matt', 'Acrylic'], ['09064', 'Brown Liner', '#241711', 'Matt', 'Acrylic'], ['09065', 'Grey Liner', '#363636', 'Matt', 'Acrylic'], ['09066', 'Blue Liner', '#011422', 'Matt', 'Acrylic'], ['09067', 'Rosy Shadow', '#cf9685', 'Matt', 'Acrylic'], ['09068', 'Rosy Skin', '#ecae9f', 'Matt', 'Acrylic'], ['09069', 'Rosy Highlight', '#e8bba4', 'Matt', 'Acrylic'], ['09070', 'Mahogany Brown', '#24110f', 'Matt', 'Acrylic'], ['09071', 'Chestnut Brown', '#7f433c', 'Matt', 'Acrylic'], ['09072', 'Rust Brown', '#b24a41', 'Matt', 'Acrylic'], ['09074', 'Palomino Gold', '#bb962f', 'Matt', 'Acrylic'], ['09075', 'Buckskin Pale', '#dcb85b', 'Matt', 'Acrylic'], ['09076', 'Deep Ocean', '#1b3946', 'Matt', 'Acrylic'], ['09077', 'Marine Teal', '#015f6d', 'Matt', 'Acrylic'], ['09078', 'Surf Aqua', '#64b3ba', 'Matt', 'Acrylic'], ['09082', 'Jungle Moss', '#26372d', 'Matt', 'Acrylic'], ['09083', 'Highland Moss', '#3d504a', 'Matt', 'Acrylic'], ['09084', 'Pale Lichen', '#7d978c', 'Matt', 'Acrylic'], ['09085', 'Shadowed Stone', '#63615b', 'Matt', 'Acrylic'], ['09086', 'Stone Grey', '#7c7771', 'Matt', 'Acrylic'], ['09087', 'Weathered Stone', '#948f8c', 'Matt', 'Acrylic'], ['09088', 'Stormy Grey', '#464646', 'Matt', 'Acrylic'], ['09089', 'Cloudy Grey', '#707070', 'Matt', 'Acrylic'], ['09090', 'Misty Grey', '#cccccc', 'Matt', 'Acrylic'], ['09091', 'Golden Shadow', '#bc9464', 'Matt', 'Acrylic'], ['09092', 'Golden Skin', '#d2ad81', 'Matt', 'Acrylic'], ['09094', 'Clear Red', '#e00224', 'Matt', 'Acrylic'], ['09095', 'Clear Yellow', '#f9f403', 'Matt', 'Acrylic'], ['09096', 'Clear Green', '#049f39', 'Matt', 'Acrylic'], ['09097', 'Clear Blue', '#334396', 'Matt', 'Acrylic'], ['09098', 'Clear Magenta', '#e3007a', 'Matt', 'Acrylic'], ['09099', 'Clear Purple', '#5f0c7b', 'Matt', 'Acrylic'], ['09100', 'Pearl White', None, 'Matt', 'Acrylic'], ['09101', 'Ruby Red', None, 'Matt', 'Acrylic'], ['09102', 'Coppery Orange', None, 'Matt', 'Acrylic'], ['09103', 'Emerald Green', None, 'Matt', 'Acrylic'], ['09104', 'Sparkling Blue', None, 'Matt', 'Acrylic'], ['09105', 'Sparkling Amethyst', None, 'Matt', 'Acrylic'], ['09106', 'Flow Improver', None, 'Matt', 'Acrylic'], ['09107', 'Brush-on Sealer', None, 'Matt', 'Acrylic'], ['09108', 'Brush-on White Primer', '#fefefe', 'Matt', 'Acrylic'], ['09109', 'Ruddy Leather', '#6a342a', 'Matt', 'Acrylic'], ['09110', 'Oiled Leather', '#955235', 'Matt', 'Acrylic'], ['09111', 'Burnt Orange', '#e28749', 'Matt', 'Acrylic'], ['09115', 'Ritterlich Blue', '#013760', 'Matt', 'Acrylic'], ['09116', 'Brilliant Blue', '#02578e', 'Matt', 'Acrylic'], ['09117', 'Cyan Blue', '#0088d1', 'Matt', 'Acrylic'], ['09122', 'Terran Khaki', '#c6ba9b', 'Matt', 'Acrylic'], ['09123', 'Khaki Highlight', '#dbd5bd', 'Matt', 'Acrylic'], ['09124', 'Adamantium Black', '#131313', 'Matt', 'Acrylic'], ['09125', 'Scorched Metal', '#99634b', 'Matt', 'Acrylic'], ['09126', 'Gunmetal Blue', '#183b51', 'Matt', 'Acrylic'], ['09127', 'Uniform Brown', '#6a4f00', 'Matt', 'Acrylic'], ['09128', 'Green Ochre', '#9b7419', 'Matt', 'Acrylic'], ['09129', 'Faded Khaki', '#ba9122', 'Matt', 'Acrylic'], ['09133', 'Bloodstain Red', '#680101', 'Matt', 'Acrylic'], ['09134', 'Clotted Red', '#890100', 'Matt', 'Acrylic'], ['09135', 'Carnage Red', '#b10d1c', 'Matt', 'Acrylic'], ['09136', 'Walnut Brown', '#460000', 'Matt', 'Acrylic'], ['09137', 'Blackened Brown', '#5d0500', 'Matt', 'Acrylic'], ['09138', 'Intense Brown', '#8d3103', 'Matt', 'Acrylic'], ['09142', 'Stained Ivory', '#c7a369', 'Matt', 'Acrylic'], ['09143', 'Yellowed Ivory', '#d3bd84', 'Matt', 'Acrylic'], ['09144', 'Creamy Ivory', '#e9d8a4', 'Matt', 'Acrylic'], ['09148', 'Ghoul Skin', '#909473', 'Matt', 'Acrylic'], ['09149', 'Moldy Skin', '#b2b580', 'Matt', 'Acrylic'], ['09150', 'Bloodless Skin', '#d2cf9a', 'Matt', 'Acrylic'], ['09158', 'Olive Drab', '#5b5501', 'Matt', 'Acrylic'], ['09160', 'Woodstain Brown', '#573f28', 'Matt', 'Acrylic'], ['09161', 'Shield Brown', '#7d5329', 'Matt', 'Acrylic'], ['09162', 'Driftwood Brown', '#a47f4d', 'Matt', 'Acrylic'], ['09163', 'Dark Elf Shadow', '#463441', 'Matt', 'Acrylic'], ['09164', 'Dark Elf Skin', '#63555f', 'Matt', 'Acrylic'], ['09165', 'Dark Elf Highlight', '#867f87', 'Matt', 'Acrylic'], ['09176', 'Military Green', '#445020', 'Matt', 'Acrylic'], ['09187', 'Ultramarine Shadow', '#00223d', 'Matt', 'Acrylic'], ['09188', 'Ultramarine Blue', '#004c7d', 'Matt', 'Acrylic'], ['09189', 'Ultramarine Highlight', '#0275be', 'Matt', 'Acrylic'], ['09196', 'Aged Pewter', '#595238', 'Matt', 'Acrylic'], ['09197', 'Old Bronze', '#30290f', 'Matt', 'Acrylic'], ['09198', 'Tarnished Brass', '#5f4401', 'Matt', 'Acrylic'], ['09199', 'Russet Brown', '#531000', 'Matt', 'Acrylic'], ['09200', 'Harvest Brown', '#8e3e02', 'Matt', 'Acrylic'], ['09201', 'Orange Brown', '#c85b17', 'Matt', 'Acrylic'], ['09205', 'Blackened Steel', None, 'Matt', 'Acrylic'], ['09206', 'Tarnished Steel', None, 'Matt', 'Acrylic'], ['09207', 'True Silver', None, 'Matt', 'Acrylic'], ['09208', 'Black Ink', '#001121', 'Matt', 'Acrylic'], ['09209', 'Brown Ink', '#602b00', 'Matt', 'Acrylic'], ['09214', 'Brush-On Black Primer', '#000000', 'Matt', 'Acrylic'], ['09215', 'Anti-Shine Additive', None, 'Matt', 'Acrylic'], ['09216', 'Drying Retarder', None, 'Matt', 'Acrylic'], ['09217', 'Magma Red', '#db3a28', 'Matt', 'Acrylic'], ['09218', 'Lava Orange', '#de5623', 'Matt', 'Acrylic'], ['09219', 'Explosion Orange', '#de7c1b', 'Matt', 'Acrylic'], ['09221', 'Olive Skin', '#a97f1c', 'Matt', 'Acrylic'], ['09227', 'Brilliant Green', '#03642d', 'Matt', 'Acrylic'], ['09228', 'Viper Green', '#008f37', 'Matt', 'Acrylic'], ['09231', 'Heather Blue', '#537b94', 'Matt', 'Acrylic'], ['09239', 'Monarch Purple', '#4d0036', 'Matt', 'Acrylic'], ['09240', 'Royal Purple', '#830053', 'Matt', 'Acrylic'], ['09241', 'Auburn Shadow', '#802f1e', 'Matt', 'Acrylic'], ['09242', 'Carrottop Red', '#c04816', 'Matt', 'Acrylic'], ['09243', 'Highlight Orange', '#e27911', 'Matt', 'Acrylic'], ['09245', 'Basic Dirt', '#58442a', 'Matt', 'Acrylic'], ['09246', 'Brown Sand', '#89683b', 'Matt', 'Acrylic'], ['09247', 'Saffron Sunset', '#eea502', 'Matt', 'Acrylic'], ['09248', 'Moth Green', '#6abf2a', 'Matt', 'Acrylic'], ['09253', 'Flesh Wash', '#a74e48', 'Matt', 'Acrylic'], ['09254', 'Brown Wash', '#74483c', 'Matt', 'Acrylic'], ['09255', 'Black Wash', '#3b3f42', 'Matt', 'Acrylic'], ['09256', 'Blonde Shadow', '#a74200', 'Matt', 'Acrylic'], ['09257', 'Blonde Hair', '#d78d2e', 'Matt', 'Acrylic'], ['09258', 'Blonde Highlight', '#f1c261', 'Matt', 'Acrylic'], ['09259', 'Bronzed Skin Shadow', '#a63201', 'Matt', 'Acrylic'], ['09260', 'Bronzed Skin', '#d05e16', 'Matt', 'Acrylic'], ['09261', 'Bronzed Skin Highlight', '#e5a23a', 'Matt', 'Acrylic'], ['09262', 'Blush Pink', '#fd41ad', 'Matt', 'Acrylic'], ['09263', 'Mint Green', '#81fe80', 'Matt', 'Acrylic'], ['09264', 'Light Blue', '#72dae5', 'Matt', 'Acrylic'], ['09271', 'Dirty Bone', '#a89867', 'Matt', 'Acrylic'], ['09272', 'Graveyard Bone', '#c9b88d', 'Matt', 'Acrylic'], ['09273', 'Splintered Bone', '#dbceae', 'Matt', 'Acrylic'], ['09274', 'Vampiric Shadow', '#a9998a', 'Matt', 'Acrylic'], ['09275', 'Vampiric Skin', '#d1bfa9', 'Matt', 'Acrylic'], ['09276', 'Vampiric Highlight', '#e7dac7', 'Matt', 'Acrylic'], ['09279', 'Fresh Blood', '#be0000', 'Matt', 'Acrylic'], ['09280', 'Nightmare Black', '#090e1e', 'Matt', 'Acrylic'], ['09281', 'Braaaaiins Pink', '#c881a3', 'Matt', 'Acrylic'], ['09286', 'Punk Rock Pink', '#c90d73', 'Matt', 'Acrylic'], ['09287', 'Neon Yellow', '#cbff14', 'Matt', 'Acrylic'], ['09288', 'LED Blue', '#75d99f', 'Matt', 'Acrylic'], ['09289', 'Noir Black', '#151515', 'Matt', 'Acrylic'], ['09290', 'Aircraft Grey', '#b3b3b3', 'Matt', 'Acrylic'], ['09294', 'Alien Goo', '#b7ff00', 'Matt', 'Acrylic'], ['09298', 'Gloss Sealer', None, 'Matt', 'Acrylic'], ['09299', 'Brush-On Grey Primer', '#bccdcc', 'Matt', 'Acrylic'], ['09300', 'Wash Medium', None, 'Matt', 'Acrylic'], ['09301', 'NMM Gold Shadow', '#8c6628', 'Matt', 'Acrylic'], ['09302', 'NMM Gold Base', '#d59728', 'Matt', 'Acrylic'], ['09303', 'NMM Gold Highlight', '#fedc43', 'Matt', 'Acrylic'], ['09304', 'Copper Verdigris', '#6bc4ae', 'Matt', 'Acrylic'], ['09305', 'Tarnished Copper', '#96381f', 'Matt', 'Acrylic'], ['09306', 'New Copper', '#f7966b', 'Matt', 'Acrylic'], ['09308', 'Green Liner', '#152b17', 'Matt', 'Acrylic'], ['09309', 'Sepia Liner', None, 'Matt', 'Acrylic'], ['09310', 'Sepia Wash', None, 'Matt', 'Acrylic'], ['09311', 'Stone Wash', '#292522', 'Matt', 'Acrylic'], ['09312', 'Steel Wash', '#222325', 'Matt', 'Acrylic'], ['09313', 'Rotting Wood', '#544820', 'Matt', 'Acrylic'], ['09314', 'Heartwood Brown', '#c48734', 'Matt', 'Acrylic'], ['09315', 'Ancient Wood', '#bfb3bd', 'Matt', 'Acrylic']], 'Rembrandt': [['708', "Payne's Grey", '#404048', 'Matt', 'Acrylic'], ['234', 'Raw Sienna', '#d68a59', 'Matt', 'Acrylic'], ['411', 'Burnt Sienna', '#e97856', 'Matt', 'Acrylic'], ['103', 'Mixed white', '#fff', 'Matt', None], ['104', 'Zinc white', '#fff', 'Matt', None], ['105', 'Titanium white', '#f4f5f7', 'Matt', None], ['117', 'Zinc wh.(lins.oil)', '#fff', 'Matt', None], ['118', 'Tit.white (lins.oil)', '#fff', 'Matt', None], ['119', 'Transp.white', '#fff', 'Matt', None], ['207', 'Cadmium lemon', '#fff', 'Matt', None], ['208', 'Cadmium yellow L', '#fff', 'Matt', None], ['210', 'Cadm.yellow D', '#fff', 'Matt', None], ['211', 'Cadmium orange', '#fff', 'Matt', None], ['223', 'Naples yellow D', '#fff', 'Matt', None], ['224', 'Naples yellow red', '#fff', 'Matt', None], ['227', 'Yellow ochre', '#fff', 'Matt', None], ['228', 'Yellow ochre L', '#fbb941', 'Matt', None], ['231', 'Gold ochre', '#fff', 'Matt', None], ['232', 'Orange ochre', '#fff', 'Matt', None], ['242', 'Aureoline', '#fff', 'Matt', None], ['251', 'Stil de grain yellow', '#fff', 'Matt', None], ['254', 'Perm.lemon yellow', '#fff', 'Matt', None], ['265', 'Transp. ox. yellow', '#fff', 'Matt', None], ['266', 'Perm. orange', '#fff', 'Matt', None], ['271', 'Cadmium yellow M', '#fff', 'Matt', None], ['272', 'Transp.yellow M', '#fff', 'Matt', None], ['273', 'Transp. ox. orange', '#fff', 'Matt', None], ['279', 'Nick.titan.yellow L', '#fff', 'Matt', None], ['280', 'Nick.titan.yellow D', '#fff', 'Matt', None], ['281', 'Transp. yellow green', '#fff', 'Matt', None], ['282', 'Naples yellow green', '#fff', 'Matt', None], ['283', 'Perm.yellow L', '#fff', 'Matt', None], ['284', 'Perm.yellow M', '#fff', 'Matt', None], ['285', 'Perm.yellow D', '#fff', 'Matt', None], ['303', 'Cadmium red L', '#fff', 'Matt', None], ['306', 'Cadmium red D', '#fff', 'Matt', None], ['309', 'Cadm.red purple', '#fff', 'Matt', None], ['311', 'Vermilion', '#fff', 'Matt', None], ['314', 'Cadmium red M', '#fff', 'Matt', None], ['317', 'Transp.red M', '#fff', 'Matt', None], ['318', 'Carmine', '#79383e', 'Matt', None], ['321', 'Perm.madder L', '#fff', 'Matt', None], ['323', 'Burnt carmine', '#fff', 'Matt', None], ['324', 'Perm. madder brown', '#fff', 'Matt', None], ['334', 'Scarlet', '#fff', 'Matt', None], ['339', 'Light oxide red', '#fff', 'Matt', None], ['342', 'Perm.madder D', '#fff', 'Matt', None], ['344', 'Caput mortuum violet', '#fff', 'Matt', None], ['347', 'Indian red', '#fff', 'Matt', None], ['348', 'Perm.red purple', '#fff', 'Matt', None], ['349', 'Venetian red', '#fff', 'Matt', None], ['366', 'Quinacridone rose', '#fff', 'Matt', None], ['370', 'Permanent red L', '#fff', 'Matt', None], ['371', 'Permanent red D', '#fff', 'Matt', None], ['377', 'Permanent red M', '#fff', 'Matt', None], ['378', 'Transp. ox. red', '#5d3f3f', 'Matt', None], ['395', 'Perm.madder M', '#fff', 'Matt', None], ['403', 'Vandyke brown', '#fff', 'Matt', None], ['408', 'Raw umber', '#3d2113', 'Matt', None], ['409', 'Burnt umber', '#fff', 'Matt', None], ['410', 'Umber greenish', '#4b472e', 'Matt', None], ['411', 'Burnt sienna', '#fff', 'Matt', None], ['414', 'Asphaltum', '#fff', 'Matt', None], ['418', 'Stil de grain brown', '#fff', 'Matt', None], ['426', 'Transp. ox. brown', '#b25043', 'Matt', None], ['430', 'Brown ochre', '#fff', 'Matt', None], ['505', 'Ultramarine L', '#fff', 'Matt', None], ['506', 'Ultramarine D', '#fff', 'Matt', None], ['507', 'Ultramarine violet', '#fff', 'Matt', None], ['508', 'Prussian blue', '#fff', 'Matt', None], ['512', 'Cobalt blue (ultram.)', '#fff', 'Matt', None], ['513', 'Cobalt blue L', '#fff', 'Matt', None], ['515', 'Cobalt blue D', '#fff', 'Matt', None], ['517', 'KingΓÇÖs blue', '#0080c6', 'Matt', None], ['522', 'Turquoise blue', '#fff', 'Matt', None], ['530', 'S├¿vres blue', '#fff', 'Matt', None], ['533', 'Indigo', '#fff', 'Matt', None], ['534', 'Cerulean blue', '#fff', 'Matt', None], ['537', 'Perm.violet M', '#fff', 'Matt', None], ['539', 'Cobalt violet', '#fff', 'Matt', None], ['565', 'Phthalo turq.blue', '#fff', 'Matt', None], ['567', 'Perm. red violet', '#fff', 'Matt', None], ['568', 'Perm. blue violet', '#fff', 'Matt', None], ['576', 'Phthalo blue green', '#fff', 'Matt', None], ['582', 'Mang.blue (phthalo)', '#fff', 'Matt', None], ['583', 'Phthalo blue red', '#fff', 'Matt', None], ['585', 'Indanthrene blue', '#fff', 'Matt', None], ['586', 'Cobalt turq.blue', '#fff', 'Matt', None], ['610', 'Cobalt green', '#fff', 'Matt', None], ['614', 'Permanent green M', '#fff', 'Matt', None], ['615', 'Emerald green', '#fff', 'Matt', None], ['616', 'Viridian', '#fff', 'Matt', None], ['618', 'Permanent green L', '#fff', 'Matt', None], ['619', 'Permanent green D', '#fff', 'Matt', None], ['620', 'Olive green', '#717d4d', 'Matt', None], ['623', 'Sap green', '#fff', 'Matt', None], ['625', 'Cinnabar green M', '#fff', 'Matt', None], ['626', 'Cinnabar green L', '#fff', 'Matt', None], ['627', 'Cinnabar green D', '#fff', 'Matt', None], ['629', 'Green earth', '#fff', 'Matt', None], ['633', 'Perm.yellow green', '#59bc52', 'Matt', None], ['650', 'S├¿vres green', '#fff', 'Matt', None], ['668', 'Chromium ox. green', '#fff', 'Matt', None], ['680', 'Phthalo green blue', '#fff', 'Matt', None], ['681', 'Phthalo green yellow', '#fff', 'Matt', None], ['682', 'Cobalt turq. green', '#fff', 'Matt', None], ['683', 'Ultramarine green', '#fff', 'Matt', None], ['708', 'PayneΓÇÖs grey', '#34595f', 'Matt', None], ['717', 'Cold grey', '#4b5d5d', 'Matt', None], ['718', 'Warm grey', '#4e4f49', 'Matt', None], ['735', 'Oxide black', '#fff', 'Matt', None], ['800', 'Silver', '#fff', 'Matt', None], ['802', 'Light gold', '#fff', 'Matt', None], ['803', 'Deep gold', '#fff', 'Matt', None], ['805', 'Copper', '#fff', 'Matt', None], ['811', 'Bronze', '#fff', 'Matt', None], ['815', 'Pewter', '#fff', 'Matt', None], ['817', 'Pearl white', '#fff', 'Matt', None], ['416', 'Sepia', '#361c1b', 'Matt', None]], 'Revell Airbrush': [['01', 'Clear', '#fff', 'Gloss', 'Enamel'], ['02', 'Clear', '#ffffff', 'Matt', 'Enamel'], ['04', 'White - RAL 9010', '#ffffff', 'Gloss', 'Enamel'], ['05', 'White - RAL 9001', '#fcfae1', 'Matt', 'Enamel'], ['07', 'Black - RAL 9005', '#000000', 'Gloss', 'Enamel'], ['08', 'Black - RAL 9011', '#000000', 'Matt', 'Enamel'], ['12', 'Yellow - RAL 1018', '#ebd001', 'Gloss', 'Enamel'], ['31', 'Fiery Red - RAL 3000', '#ab171a', 'Gloss', 'Enamel'], ['36', 'Carmine Red - RAL 3002', '#d90c06', 'Matt', 'Enamel'], ['39', 'Dark Green', '#1d513c', 'Matt', 'Enamel'], ['40', 'Black Green RLM70', '#002d23', 'Matt', 'Enamel'], ['46', 'NATO Olive - RAL 7013', '#514535', 'Matt', 'Enamel'], ['49', 'Light Blue', '#8dbab0', 'Matt', 'Enamel'], ['52', 'Blue - RAL 5005', '#002e7a', 'Gloss', 'Enamel'], ['54', 'Night Blue - RAL 5022', '#00084f', 'Gloss', 'Enamel'], ['65', 'Bronze Green - RAL 6031', '#233201', 'Matt', 'Enamel'], ['67', 'Greenish Grey - RAL 7009', '#48604f', 'Matt', 'Enamel'], ['76', 'Light Grey USAF', '#899692', 'Matt', 'Enamel'], ['84', 'Lederbraun - RAL 8027', '#422c00', 'Matt', 'Enamel'], ['90', 'Silver', '#dddddd', 'Metallic', 'Enamel'], ['91', 'Eisen', '#8e9097', 'Metallic', 'Enamel'], ['92', 'Brass', '#fff', 'Metallic', 'Enamel'], ['94', 'Gold', '#b59d69', 'Metallic', 'Enamel'], ['99', 'Aluminium', '#bdc8cf', 'Metallic', 'Enamel'], ['302', 'Black Silk 302', '#fff', 'Matt', 'Enamel'], ['374', 'Grey Silk 374', '#fff', 'Matt', 'Enamel']], 'Revell Aqua Color': [['01', 'Clear / Farblos', '#eeeeee', 'Gloss', 'Acrylic'], ['04', 'White/Wei├ƒ - RAL 9010', '#ffffe8', 'Gloss', 'Acrylic'], ['05', 'White/Wei├ƒ - RAL 9001', '#fcfae1', 'Matt', 'Acrylic'], ['06', 'Tar black / Teerschwarz - RAL 9021', '#1e2226', 'Matt', 'Acrylic'], ['07', 'Black/Schwarz - RAL 9005', '#03050a', 'Gloss', 'Acrylic'], ['08', 'Black/Schwarz - RAL 9011', '#000000', 'Matt', 'Acrylic'], ['09', 'Anthracite/Anthrazit - RAL 7021', '#1a2129', 'Matt', 'Acrylic'], ['12', 'Yellow/Gelb - RAL 1018', '#ffd64d', 'Gloss', 'Acrylic'], ['15', 'Yellow/Gelb - RAL 1017', '#f5ce38', 'Matt', 'Acrylic'], ['16', 'Sandy yellow/Sand - RAL 1024', '#b58c4f', 'Matt', 'Acrylic'], ['30', 'Orange - RAL 2004', '#e25303', 'Gloss', 'Acrylic'], ['31', 'Fiery red/Feuerrot - RAL 3000', '#a72920', 'Gloss', 'Acrylic'], ['34', 'Ferrari Red - Italian Red', '#cc0000', 'Gloss', 'Acrylic'], ['43', 'Medium Grey USAF/Mittelgrau', '#647364', 'Matt', 'Acrylic'], ['45', 'Light Olive/Helloliv - RAL 7003', '#686e4c', 'Matt', 'Acrylic'], ['46', 'Nato Olive/Nato-Oliv - RAL 7013', '#4e4733', 'Matt', 'Acrylic'], ['49', 'Light Blue/Hellblau', '#8dbab0', 'Matt', 'Acrylic'], ['50', 'Light Blue/Lichtblau - RAL 5012', '#fff', 'Gloss', 'Acrylic'], ['51', 'Ultramarine/Ultramarinblau - RAL 5002', '#00387b', 'Gloss', 'Acrylic'], ['57', 'Grey/Grau - RAL 7000', '#698282', 'Matt', 'Acrylic'], ['61', 'Emerald green/Smaragdgr├╝n - RAL 6029', '#fff', 'Gloss', 'Acrylic'], ['65', 'Bronze green / Bronzegr├╝n - RAL 6031', '#233201', 'Matt', 'Acrylic'], ['74', 'Gunship grey matt', '#fff', None, 'Acrylic'], ['75', 'Stone grey/Steingrau - RAL 7030', '#fff', 'Matt', 'Acrylic'], ['76', 'Light grey USAF / Hellgrau USAF', '#899692', 'Matt', 'Acrylic'], ['77', 'Dust Grey/Staubgrau - RAL 7012', '#575d5e', 'Matt', 'Acrylic'], ['78', 'Tank Grey - RAL 7024', '#1e2118', 'Matt', 'Acrylic'], ['79', 'Greyish blue/Blaugrau - RAL 7031', '#505f55', 'Matt', 'Acrylic'], ['83', 'Rust/Rost', '#643c28', 'Matt', 'Acrylic'], ['84', 'Leather brown / Lederbraun - RAL 8027', '#422c00', 'Matt', 'Acrylic'], ['85', 'Brown/Braun - RAL 8023', '#9c4529', 'Matt', 'Acrylic'], ['88', 'Ochre brown/Ocker - RAL 1011', '#c8975c', 'Matt', 'Acrylic'], ['90', 'Silver/Silber', '#b0b6ba', 'Metallic', 'Acrylic'], ['91', 'Steel/Eisen', '#9da2a7', 'Metallic', 'Acrylic'], ['92', 'Brass / Messing', '#ba8627', 'Metallic', 'Acrylic'], ['93', 'Copper', '#fff', 'Metallic', 'Acrylic'], ['94', 'Gold', '#fff', 'Metallic', 'Acrylic'], ['95', 'Bronze', '#c85234', 'Metallic', 'Acrylic'], ['99', 'Aluminium', '#c4cacf', 'Metallic', 'Acrylic'], ['302', 'Black/Schwarz - RAL 9005', '#000403', 'Satin', 'Acrylic'], ['310', 'Lufthansa Yellow silk matt', '#fff', 'Satin', 'Acrylic'], ['314', 'Beige - RAL 1001', '#d0b084', 'Satin', 'Acrylic'], ['331', 'Purple Red/Purpurrot - RAL 3004', '#6b1c23', 'Satin', 'Acrylic'], ['332', 'Luminous red, silk matt', '#fff', 'Satin', 'Acrylic'], ['350', 'Lufthansa blue/Blau - RAL 5013', '#010066', 'Satin', 'Acrylic'], ['361', 'Olive green/Olivgr├╝n - RAL 6003', '#50533c', 'Satin', 'Acrylic'], ['362', 'Greyish green/Schilfgr├╝n - RAL 6013', '#7d765a', 'Satin', 'Acrylic'], ['364', 'Leaf green/Laubgr├╝n - RAL 6001', '#176600', 'Matt', 'Acrylic'], ['371', 'Light grey/Hellgrau - RAL 7035', '#d0d4d0', 'Satin', 'Acrylic'], ['374', 'Grey / Grau - RAL 7001', '#90989e', 'Satin', 'Acrylic'], ['382', 'Wood brown/Holzbraun - RAL 8001', '#9d622b', 'Satin', 'Acrylic'], ['01', 'Clear/Farblos', '#eeeeee', 'Gloss', 'Acrylic'], ['02', 'Clear/Farblos Matt', '#eeeeee', 'Matt', 'Acrylic'], ['04', 'White/Wei├ƒ - RAL 9010', '#faffff', 'Gloss', 'Acrylic'], ['05', 'White/Wei├ƒ - RAL 9001', '#fcffff', 'Matt', 'Acrylic'], ['06', 'Tar black/Teerschwarz - RAL 9021', '#1e2226', 'Matt', 'Acrylic'], ['07', 'Black/Schwarz - RAL 9005', '#03050a', 'Gloss', 'Acrylic'], ['08', 'Black/Schwarz - RAL 9011', '#000000', 'Matt', 'Acrylic'], ['09', 'Anthracite/Anthrazit - RAL 7021', '#1a2129', 'Matt', 'Acrylic'], ['12', 'Yellow/Gelb - RAL 1018', '#ffd64d', 'Gloss', 'Acrylic'], ['15', 'Yellow/Gelb - RAL 1017', '#f5ce38', 'Matt', 'Acrylic'], ['16', 'Sandy yellow/Sand - RAL 1024', '#b8964f', 'Matt', 'Acrylic'], ['17', 'Africa brown/Afrikabraun', '#887142', 'Matt', 'Acrylic'], ['25', 'Luminous orange/Leuchtorange', '#ff4d06', 'Matt', 'Acrylic'], ['30', 'Orange - RAL 2004', '#e25303', 'Gloss', 'Acrylic'], ['31', 'Fiery red/Feuerrot - RAL 3000', '#a72920', 'Gloss', 'Acrylic'], ['34', 'Ferrari red/Ferrari-Rot', '#cc0000', 'Gloss', 'Acrylic'], ['35', 'Flesh/Hautfarbe', '#e3a984', 'Matt', 'Acrylic'], ['36', 'Carmine red/Karminrot - RAL 3002', '#c91508', 'Matt', 'Acrylic'], ['37', 'Reddish brown/Ziegelrot - RAL 3009', '#6d342d', 'Matt', 'Acrylic'], ['39', 'Dark green/Dunkelgr├╝n', '#345040', 'Matt', 'Acrylic'], ['40', 'Black green/Schwarzgr├╝n', '#002d23', 'Matt', 'Acrylic'], ['42', 'Yellowish olive/Gelboliv', '#444337', 'Matt', 'Acrylic'], ['43', 'Medium Grey/Mittelgrau USAF', '#647364', 'Matt', 'Acrylic'], ['45', 'Light Olive/Helloliv - RAL 7003', '#686e4c', 'Matt', 'Acrylic'], ['46', 'Nato olive/Nato-Oliv - RAL 7013', '#4e4733', 'Matt', 'Acrylic'], ['47', 'Mouse grey/Mausgrau - RAL 7005', '#6c706f', 'Matt', 'Acrylic'], ['48', 'Sea green/Seegr├╝n - RAL 6028', '#005532', 'Matt', 'Acrylic'], ['49', 'Light blue/Hellblau', '#8dbab0', 'Matt', 'Acrylic'], ['50', 'Light blue/Lichtblau - RAL 5012', '#0089b6', 'Gloss', 'Acrylic'], ['51', 'Ultramarine/Ultramarinblau - RAL 5002', '#00387b', 'Gloss', 'Acrylic'], ['52', 'Blue/Blau - RAL 5005', '#005387', 'Gloss', 'Acrylic'], ['54', 'Night blue/Nachtblau - RAL 5022', '#222d5a', 'Gloss', 'Acrylic'], ['55', 'Light green/Lichtgr├╝n - RAL 6027', '#7ebab5', 'Matt', 'Acrylic'], ['56', 'Blue/Blau - RAL 5000', '#3d5a79', 'Matt', 'Acrylic'], ['57', 'Grey/Grau - RAL 7000', '#698282', 'Matt', 'Acrylic'], ['59', 'Sky RAF/Himmelblau RAF', '#b9d5b7', 'Matt', 'Acrylic'], ['61', 'Emerald green/Smaragdgr├╝n - RAL 6029', '#006f3d', 'Gloss', 'Acrylic'], ['62', 'Sea green/Moosgr├╝n - RAL 6005', '#044228', 'Gloss', 'Acrylic'], ['65', 'Bronze green/Bronzegr├╝n - RAL 6031', '#233201', 'Matt', 'Acrylic'], ['66', 'Olive grey/Olivgrau - RAL 7010', '#41462d', 'Matt', 'Acrylic'], ['67', 'Greenish grey/Gr├╝ngrau - RAL 7009', '#48604f', 'Matt', 'Acrylic'], ['68', 'Dark green RAF/Dunkelgr├╝n RAF', '#2b3c36', 'Matt', 'Acrylic'], ['69', 'Granite grey/Granitgrau - RAL 7026', '#213830', 'Matt', 'Acrylic'], ['74', 'Gunship grey USAF/Gesch├╝tzgrau USAF', '#3f4952', 'Matt', 'Acrylic'], ['75', 'Stone grey/Steingrau - RAL 7030', '#929487', 'Matt', 'Acrylic'], ['76', 'Light grey USAF/Hellgrau USAF', '#899692', 'Matt', 'Acrylic'], ['77', 'Dust grey/Staubgrau - RAL 7012', '#575d5e', 'Matt', 'Acrylic'], ['78', 'Tank grey/Panzergrau - RAL 7024', '#1e2118', 'Matt', 'Acrylic'], ['79', 'Greyish blue/Blaugrau - RAL 7031', '#505f55', 'Matt', 'Acrylic'], ['80', 'Mud brown/Lehmbraun - RAL 8003', '#985131', 'Gloss', 'Acrylic'], ['82', 'Dark earth RAF/Erde Dunkel RAF', '#725836', 'Matt', 'Acrylic'], ['83', 'Rust/Rost', '#643c28', 'Matt', 'Acrylic'], ['84', 'Leather brown/Lederbraun - RAL 8027', '#422c00', 'Matt', 'Acrylic'], ['85', 'Brown/Braun - RAL 8023', '#9c4529', 'Matt', 'Acrylic'], ['86', 'Olive brown/Khakibraun - RAL 7008', '#695438', 'Matt', 'Acrylic'], ['87', 'Earth brown/Erdfarbe - RAL 7006', '#665f4d', 'Matt', 'Acrylic'], ['88', 'Ochre brown/Ocker - RAL 1011', '#c8975c', 'Matt', 'Acrylic'], ['89', 'Beige - RAL 1019', '#a08c5a', 'Matt', 'Acrylic'], ['90', 'Silver/Silber', '#b0b6ba', 'Metallic', 'Acrylic'], ['91', 'Steel', '#9da2a7', 'Metallic', 'Acrylic'], ['92', 'Brass/Messing', '#ba8627', 'Metallic', 'Acrylic'], ['93', 'Copper/Kupfer', '#b87333', 'Metallic', 'Acrylic'], ['94', 'Gold', '#d4af37', 'Metallic', 'Acrylic'], ['95', 'Bronze', '#c85234', 'Metallic', 'Acrylic'], ['99', 'Aluminium', '#c4cacf', 'Metallic', 'Acrylic'], ['301', 'White/Wei├ƒ - RAL 9010', '#ffffff', 'Satin', 'Acrylic'], ['302', 'Black/Schwarz - RAL 9005', '#000403', 'Satin', 'Acrylic'], ['310', 'Lufthansa yellow/Gelb - RAL 1028', '#fcc00c', 'Satin', 'Acrylic'], ['312', 'Luminous yellow/Leuchtgelb - RAL 1026', '#ffff00', 'Satin', 'Acrylic'], ['314', 'Beige - RAL 1001', '#d0b084', 'Satin', 'Acrylic'], ['330', 'Fiery red/Feuerrot - RAL 3000', '#ab1f1c', 'Satin', 'Acrylic'], ['331', 'Purple red/Purpurrot - RAL 3004', '#6b1c23', 'Satin', 'Acrylic'], ['332', 'Luminous red/Leuchtrot - RAL 3026', '#ff2620', 'Satin', 'Acrylic'], ['350', 'Lufthansa blue/Blau - RAL 5013', '#010066', 'Satin', 'Acrylic'], ['360', 'Fern green/Farngr├╝n - RAL 6025', '#5e6e3b', 'Satin', 'Acrylic'], ['362', 'Greyish Green/Schilfgr├╝n', '#7d765a', 'Satin', 'Acrylic'], ['363', 'Dark green/Dunkelgr├╝n - RAL 6020', '#37422f', 'Satin', 'Acrylic'], ['364', 'Leaf green/Laubgr├╝n - RAL 6001', '#176600', 'Satin', 'Acrylic'], ['365', 'Patina green/Patinagr├╝n - RAL 6000', '#3b7460', 'Satin', 'Acrylic'], ['371', 'Light grey/Hellgrau - RAL 7035', '#d0d4d0', 'Satin', 'Acrylic'], ['374', 'Grey/Grau - RAL 7001', '#90989e', 'Satin', 'Acrylic'], ['378', 'Dark grey/Dunkelgrau - RAL 7012', '#575d5e', 'Satin', 'Acrylic'], ['381', 'Brown/Braun - RAL 8025', '#664a3d', 'Satin', 'Acrylic'], ['382', 'Wood brown/Holzbraun', '#9c6934', 'Satin', 'Acrylic'], ['730', 'Clear Orange', '#ffa500', 'Gloss', 'Acrylic'], ['731', 'Clear Red/Rot', '#e60725', 'Gloss', 'Acrylic'], ['752', 'Clear Blue/Blau', '#0000ff', 'Gloss', 'Acrylic'], ['White', 'Aqua Color Basic (Primer)', None, 'Matt', 'Acrylic'], ['39802', 'Night Color - Luminous Paint / Nachtleuchtfarbe', None, 'Fluo', 'Acrylic'], [None, None, None, 'Thinners', 'Acrylic'], ['34102', 'Clear/Farblos Matt', '#eeeeee', 'Matt', 'Acrylic'], ['071', 'Military Aircraft Set', '#9da2a7', None, None], ['072', 'Civilian Aircraft Set', '#ffffe8', None, None], ['073', 'Military Ship Set', '#698282', None, None], ['074', 'Sports Car Set', '#03050a', None, None], ['075', 'Military Set', '#9da2a7', None, None]], 'Revell Color': [['70', 'Light Grey', '#fff', None, None], ['01', 'Clear Gloss', '#ffffff', 'Gloss', 'Enamel'], ['02', 'Clear Mat', '#ffffff', 'Matt', 'Enamel'], ['04', 'White - RAL 9010', '#ffffe8', 'Gloss', 'Enamel'], ['05', 'White - RAL 9001', '#fcfae1', 'Matt', 'Enamel'], ['06', 'Tar Black - RAL 9021', '#1e2226', 'Matt', 'Enamel'], ['07', 'Black Gloss', '#000000', 'Gloss', 'Enamel'], ['08', 'Black - RAL 9011', '#000000', 'Matt', 'Enamel'], ['09', 'Anthracite Mat', '#1a2129', 'Matt', 'Enamel'], ['12', 'Yellow - RAL 1018', '#ebd001', 'Gloss', 'Enamel'], ['15', 'Yellow - RAL 1017', '#f5ce38', 'Matt', 'Enamel'], ['16', 'Sandy Yellow - RAL 1024', '#c4a654', 'Matt', 'Enamel'], ['17', 'African Brown', '#e8af81', 'Matt', 'Enamel'], ['25', 'Luminous Orange - RAL 2005', '#ff8300', 'Matt', 'Enamel'], ['30', 'Orange - RAL 2004', '#e25303', 'Gloss', 'Enamel'], ['31', 'Fiery Red - RAL 3000', '#ab171a', 'Gloss', 'Enamel'], ['32', 'Bordeaux - RAL 3004', '#6b1c23', 'Gloss', 'Enamel'], ['34', 'Ferrari Red - Italian Red', '#cc0000', 'Gloss', 'Enamel'], ['35', 'Flesh', '#d2b464', 'Matt', 'Enamel'], ['36', 'Carmine Red - RAL 3002', '#c91508', 'Matt', 'Enamel'], ['37', 'Reddish Brown - RAL 3009', '#cb4154', 'Matt', 'Enamel'], ['38', 'Red - RAL 3005', '#59191f', 'Matt', 'Enamel'], ['39', 'Dark Green', '#1d513c', 'Matt', 'Enamel'], ['40', 'Black Green RLM70', '#002d23', 'Matt', 'Enamel'], ['41', 'Middle Stone', '#fff', 'Matt', 'Enamel'], ['42', 'Gelb Olive', '#444337', 'Matt', 'Enamel'], ['43', 'Middle Grey/Mittelgrau USAF', '#647364', 'Matt', 'Enamel'], ['44', 'Tan', '#fff', 'Matt', 'Enamel'], ['45', 'Light Olive/Helloliv - RAL 7003', '#686e4c', 'Matt', 'Enamel'], ['46', 'NATO Olive - RAL 7013', '#514535', 'Matt', 'Enamel'], ['47', 'Mouse Grey - RAL 7005', '#646e5a', 'Matt', 'Enamel'], ['48', 'Sea Green - RAL 6028', '#005532', 'Matt', 'Enamel'], ['49', 'Light Blue', '#8dbab0', 'Matt', 'Enamel'], ['50', 'Light Blue Gloss', '#0f96c6', 'Gloss', 'Enamel'], ['51', 'Ultramarine - RAL 5002', '#000f75', 'Gloss', 'Enamel'], ['52', 'Blue - RAL 5005', '#002e7a', 'Gloss', 'Enamel'], ['53', 'Dark Blue - RAL 5013', '#193153', 'Gloss', 'Enamel'], ['54', 'Night Blue - RAL 5022', '#00084f', 'Gloss', 'Enamel'], ['55', 'Light Green - RAL 6027', '#7ebab5', 'Matt', 'Enamel'], ['56', 'Blue - RAL 5000', '#0f2837', 'Matt', 'Enamel'], ['57', 'Grey - RAL 7000', '#698282', 'Matt', 'Enamel'], ['58', 'Light Blue', '#fff', 'Gloss', 'Enamel'], ['59', 'Sky (RAF)', '#c6d2b2', 'Matt', 'Enamel'], ['60', 'Yellow Green  - RAL 6018', '#61993b', 'Gloss', 'Enamel'], ['61', 'Bright Emerald Green - RAL 6029', '#008944', 'Gloss', 'Enamel'], ['62', 'Sea Green - RAL 6005', '#0b482d', 'Gloss', 'Enamel'], ['63', 'Dark Green - RAL 6020', '#fff', 'Matt', 'Enamel'], ['64', 'Medium Green', '#fff', 'Matt', 'Enamel'], ['65', 'Bronze Green - RAL 6031', '#233201', 'Matt', 'Enamel'], ['66', 'Olive Grey - RAL 7010', '#41462d', 'Matt', 'Enamel'], ['67', 'Greenish Grey - RAL 7009', '#48604f', 'Matt', 'Enamel'], ['68', 'Dark Green (RAF)', '#20392c', 'Matt', 'Enamel'], ['69', 'Granite Gray - RAL 7026', '#213830', 'Matt', 'Enamel'], ['71', 'Dark Grey - RAL 7011', '#52595d', 'Gloss', 'Enamel'], ['72', 'Ocean Grey', '#fff', 'Matt', 'Enamel'], ['73', 'Medium Sea Grey', '#fff', 'Matt', 'Enamel'], ['74', 'Gray - RAL 7001', '#8794a6', 'Satin', 'Enamel'], ['74', 'Gunship Grey (USAF)', '#4a5256', 'Matt', 'Enamel'], ['75', 'Stone Grey - RAL 7030', '#929487', 'Matt', 'Enamel'], ['76', 'Light Grey (USAF)', '#899692', 'Matt', 'Enamel'], ['77', 'Dust Grey - RAL 7012', '#4a5459', 'Matt', 'Enamel'], ['78', 'Tank Grey - RAL 7024', '#1e2118', 'Matt', 'Enamel'], ['79', 'Greyish Blue - RAL 7031', '#505f55', 'Matt', 'Enamel'], ['80', 'Mud Brown - RAL 8003', '#855434', 'Gloss', 'Enamel'], ['81', 'Dark Brown - RAL 8025', '#664a3d', 'Gloss', 'Enamel'], ['82', 'Dark Earth (RAF)', '#725836', 'Matt', 'Enamel'], ['83', 'Rust', '#643c28', 'Matt', 'Enamel'], ['84', 'Leather Brown - RAL 8027', '#422c00', 'Matt', 'Enamel'], ['85', 'Brown - RAL 8023', '#9c4529', 'Matt', 'Enamel'], ['86', 'Khaki Brown - RAL 7008', '#695438', 'Matt', 'Enamel'], ['87', 'Earth Brown - RAL 7006', '#6b6157', 'Matt', 'Enamel'], ['88', 'Ocher - RAL 1011', '#c8975c', 'Matt', 'Enamel'], ['89', 'Beige - RAL 1019', '#a08c5a', 'Matt', 'Enamel'], ['90', 'Silver', '#dddddd', 'Metallic', 'Enamel'], ['91', 'Steel Metallic', '#8e9097', 'Metallic', 'Enamel'], ['92', 'Brass', '#ba8627', 'Metallic', 'Enamel'], ['93', 'Copper', None, 'Metallic', 'Enamel'], ['94', 'Gold Metallic', None, 'Metallic', 'Enamel'], ['95', 'Bronze', '#c85234', 'Metallic', 'Enamel'], ['96', 'Metallic Red', '#fff', 'Gloss', 'Enamel'], ['97', 'Metallic Green', '#1d865a', 'Metallic', 'Enamel'], ['98', 'Metallic Blue', '#fff', 'Metallic', 'Enamel'], ['99', 'Aluminium Metallic', '#bdc8cf', 'Metallic', 'Enamel'], ['301', 'White Satin Mat', '#ffffff', 'Satin', 'Enamel'], ['302', 'Black Satin', '#000000', 'Satin', 'Enamel'], ['310', 'Lufthansa Yellow - RAL 1028', '#fcc00c', 'Satin', 'Enamel'], ['311', 'Ginstergelb - RAL 1032', '#e3a329', 'Satin', 'Enamel'], ['312', 'Luminous Yellow - RAL 1026', '#ffff00', 'Satin', 'Enamel'], ['314', 'Beige - RAL 1001', '#d9ba8c', 'Satin', 'Enamel'], ['330', 'Fiery Red Satin', '#ab1f1c', 'Satin', 'Enamel'], ['331', 'Dark Red Satin', '#4f121a', 'Satin', 'Enamel'], ['332', 'Luminous Red - RAL 3026', '#ff2620', 'Satin', 'Enamel'], ['350', 'Lufthansa Blue - RAL 5013', '#010066', 'Satin', 'Enamel'], ['351', 'Gr├╝nblau - RAL 5001', '#1d4c64', 'Satin', 'Enamel'], ['353', 'Purple - RAL 4007', '#47243c', 'Satin', 'Enamel'], ['360', 'Fern Green - RAL 6025', '#5a6e3b', 'Satin', 'Enamel'], ['361', 'Olive Green - RAL 6003', '#4e533b', 'Satin', 'Enamel'], ['362', 'Greyish Green - RAL 6013', '#8f8a6c', 'Satin', 'Enamel'], ['363', 'Dark Green - RAL 6020', '#36422f', 'Satin', 'Enamel'], ['364', 'Leaf Green/Laubgr├╝n - RAL 6001', '#176600', 'Satin', 'Enamel'], ['365', 'Patina Green - RAL 6000', '#3b7460', 'Satin', 'Enamel'], ['371', 'Light Grey - RAL 7035', '#d4d9db', 'Satin', 'Enamel'], ['373', 'FS36375', '#9ca5ab', 'Satin', 'Enamel'], ['374', 'Grey/Grau - RAL 7001', '#94a3b5', None, 'Enamel'], ['375', 'FS36270', '#858a8d', 'Satin', 'Enamel'], ['376', 'FS35237', '#7b888e', 'Satin', 'Enamel'], ['378', 'Dark Grey Satin', '#4a5459', 'Satin', 'Enamel'], ['380', 'Khaki - RAL 8000', '#8a6907', 'Satin', 'Enamel'], ['381', 'Brown - RAL 8025', '#664a3d', 'Satin', 'Enamel'], ['382', 'Wood Brown/Holzbraun - RAL 8001', '#915238', 'Satin', 'Enamel'], ['383', 'Dark Brown - RAL 8015', '#5e2f26', 'Satin', 'Enamel'], ['390', 'Car Metallic Effect White', '#fff', 'Metallic', 'Enamel'], ['391', 'Car Metallic Khaki', '#fff', 'Metallic', 'Enamel'], ['392', 'Car Metallic Anthracite', '#fff', 'Metallic', 'Enamel'], ['393', 'Car Metallic Antelope Brown', '#fff', 'Metallic', 'Enamel'], ['394', 'Car Metallic Violet', '#fff', 'Metallic', 'Enamel'], ['395', 'Car Metallic Blue', '#fff', 'Metallic', 'Enamel'], ['396', 'Car Metallic Grey', '#fff', 'Metallic', 'Enamel'], ['397', 'Car Metallic Plane Tree Green', '#fff', 'Metallic', 'Enamel'], ['398', 'Car Metallic Green', '#fff', 'Gloss', 'Enamel'], ['399', 'Car Metalic Maroon', '#fff', 'Metallic', 'Enamel'], ['400', 'Metallic Violet', '#fff', 'Metallic', 'Enamel'], ['730', 'Orange Clear', '#ffa500', 'Gloss', 'Enamel'], ['731', 'Red Clear', '#e60725', 'Gloss', 'Enamel'], ['752', 'Clear Blue', '#0000ff', 'Gloss', 'Enamel'], ['Orange', 'Orange Gloss - RAL 2004', '#f23b1c', 'Gloss', 'Enamel'], ['White', 'Airbrush Email Basic (Primer)', None, 'Matt', 'Enamel'], ['32202', 'Email Color - Leopard 2 A6M+', None, 'Paint sets', 'Enamel'], ['04', 'White - RAL 9010', '#ffffe8', 'Gloss', 'Acrylic'], ['05', 'White - RAL 9001', '#fcfae1', 'Matt', 'Acrylic'], ['06', 'Tar Black - RAL 9021', '#1e2226', 'Matt', 'Acrylic'], ['07', 'Black - RAL 9005', '#000000', 'Gloss', 'Acrylic'], ['08', 'Black - RAL 9011', '#000000', 'Matt', 'Acrylic'], ['09', 'Anthracite - RAL 7021', '#1a2129', 'Matt', 'Acrylic'], ['30', 'Orange - RAL 2004', '#e25303', 'Gloss', 'Acrylic'], ['31', 'Fiery Red - RAL 3000', '#ab171a', 'Gloss', 'Acrylic'], ['34', 'Ferrari Red - Italian Red', '#cc0000', 'Matt', 'Acrylic'], ['36', 'Carmine Red - RAL 3002', '#c91508', 'Matt', 'Acrylic'], ['45', 'Light Olive/Helloliv - RAL 7003', '#686e4c', 'Matt', 'Acrylic'], ['57', 'Grey - RAL 7000', '#698282', 'Matt', 'Acrylic'], ['61', 'Bright Emerald Green - RAL 6029', '#008944', 'Gloss', 'Acrylic'], ['65', 'Bronze Green - RAL 6031', '#233201', 'Matt', 'Acrylic'], ['69', 'Granite Gray - RAL 7026', '#213830', 'Matt', 'Acrylic'], ['76', 'Light Grey USAF', '#899692', 'Matt', 'Acrylic'], ['77', 'Dust Grey - RAL 7012', '#4a5459', 'Matt', 'Acrylic'], ['78', 'Tank Grey - RAL 7024', '#1e2118', 'Matt', 'Acrylic'], ['84', 'Leather Brown - RAL 8027', '#422c00', 'Matt', 'Acrylic'], ['90', 'Silver', '#dddddd', 'Metallic', 'Acrylic'], ['91', 'Steel', '#8e9097', 'Metallic', 'Acrylic'], ['92', 'Brass', '#ba8627', 'Metallic', 'Acrylic'], ['99', 'Aluminium', '#bdc8cf', 'Metallic', 'Acrylic'], ['301', 'White - RAL 9010', '#ffffff', 'Satin', 'Acrylic'], ['302', 'Black - RAL 9005', '#000000', 'Satin', 'Acrylic'], ['314', 'Beige - RAL 1001', '#d9ba8c', 'Satin', 'Acrylic'], ['330', 'Fiery Red - RAL 3000', '#ab1f1c', 'Satin', 'Acrylic'], ['350', 'Lufthansa Blue - RAL 5013', '#010066', 'Satin', 'Acrylic'], ['371', 'Light Grey - RAL 7025', '#d4d9db', 'Satin', 'Acrylic'], ['374', 'Gray - RAL 7001', '#8794a6', 'Satin', 'Acrylic'], ['381', 'Dark Brown - RAL 8025', '#664a3d', 'Satin', 'Acrylic'], ['731', 'Red (Clear)', '#e60725', 'Gloss', 'Acrylic'], ['01', 'Clear', '#ffffff', 'Gloss', 'Acrylic'], ['02', 'Clear', '#ffffff', 'Matt', 'Acrylic'], ['04', 'White - RAL 9010', '#ffffe8', 'Gloss', 'Acrylic'], ['05', 'White - RAL 9001', '#fffae1', 'Matt', 'Acrylic'], ['07', 'Black - RAL 9005', '#000000', 'Gloss', 'Acrylic'], ['08', 'Black - RAL 9011', '#000000', 'Matt', 'Acrylic'], ['09', 'Anthracite - RAL 7021', '#1a2129', 'Matt', 'Acrylic'], ['12', 'Yellow - RAL 1018', '#ebd001', 'Gloss', 'Acrylic'], ['15', 'Yellow - RAL 1017', '#f5ce38', 'Matt', 'Acrylic'], ['16', 'Sandy Yellow - RAL 1024', '#c4a654', 'Matt', 'Acrylic'], ['25', 'Luminous Orange - RAL 2005', '#ff8300', 'Matt', 'Acrylic'], ['34', 'Ferrari Red - Italian Red', '#cc0000', 'Gloss', 'Acrylic'], ['46', 'NATO Olive - RAL 7013', '#514535', 'Matt', 'Acrylic'], ['52', 'Blue - RAL 5005', '#002e7a', 'Gloss', 'Acrylic'], ['56', 'Blue - RAL 5000', '#0f2837', 'Matt', 'Acrylic'], ['57', 'Grey - RAL 7000', '#698282', 'Matt', 'Acrylic'], ['76', 'Light Grey (USAF)', '#899692', 'Matt', 'Acrylic'], ['78', 'Tank Grey - RAL 7024', '#1e2118', 'Matt', 'Acrylic'], ['85', 'Brown - RAL 8023', '#9c4529', 'Matt', 'Acrylic'], ['90', 'Silver', '#dddddd', 'Metallic', 'Acrylic'], ['91', 'Steel', '#8e9097', 'Metallic', 'Acrylic'], ['94', 'Gold', '#cfae78', 'Metallic', 'Acrylic'], ['99', 'Aluminium', '#bdc8cf', 'Metallic', 'Acrylic'], ['200', 'RBR-blau', '#20345f', 'Satin', 'Acrylic'], ['301', 'White - RAL 9010', '#ffffff', 'Satin', 'Acrylic'], ['302', 'Black - RAL 9005', '#000000', 'Satin', 'Acrylic'], ['330', 'Fiery Red - RAL 3000', '#ab1f1c', 'Satin', 'Acrylic'], ['371', 'Light Grey - RAL 7025', '#d4d9db', 'Satin', 'Acrylic'], ['374', 'Gray - RAL 7001', '#8794a6', 'Satin', 'Acrylic'], ['34131', 'Fiery Red - RAL 3000', '#ab171a', 'Gloss', 'Acrylic'], ['34136', 'Carmine Red - RAL 3002', '#c91508', 'Matt', 'Acrylic'], ['34185', 'Brown - RAL 8023', '#9c4529', 'Matt', 'Acrylic'], ['34188', 'Ocher - RAL 1011', '#c8975c', None, 'Acrylic'], ['34199', 'Aluminium', '#cccccc', 'Metallic', 'Acrylic'], [None, None, None, 'Gloss', 'Acrylic'], ['39804', 'Basic Color (Primer)', '#d2d3d4', 'Matt', None], ['354', 'Email Color Set - Basic (also for 3D Printing)', '#fcfae1', None, None], ['355', 'Email Color Set - Spectral (also for 3D Printing)', '#ffffff', None, None], ['356', 'Email Color Set - Metallic (also for 3D Printing)', '#dddddd', None, None], ['32340', 'Milit├ñrfarben-Set', None, None, None], ['39071', 'Military Aircraft Set', '#899692', None, None], ['39072', 'Civilian Aircraft Set', '#d4d9db', None, None], ['39073', 'Military Ship Set', '#899692', None, None], ['39074', 'Sports Car Set', '#d4d9db', None, None], ['39075', 'Military Set', '#233201', None, None], [None, None, None, None, None]], 'Roco': [['7001 S', 'Purple Red', '#fff', 'Satin', 'Enamel'], ['7002', 'Ocean Blue', '#fff', 'Satin', 'Enamel'], ['7003 S', 'Grey Brown RAL 8019', '#fff', 'Satin', 'Enamel'], ['7004 S', 'Gold Yellow', '#fff', 'Satin', 'Enamel'], ['7005 S', 'Pebble Grey RAL 7032', '#fff', 'Satin', 'Enamel'], ['7006 S', 'Pure Orange RAL 2004', '#fff', 'Satin', 'Enamel'], ['7007 S', 'Umbra Grey RAL 7022', '#fff', 'Satin', 'Enamel'], ['7008 S', 'Red Brown RAL 8012', '#fff', 'Satin', 'Enamel'], ['7009', 'Ivory RAL 1014', '#fff', 'Satin', 'Enamel'], ['7010 S', 'Jet Black', '#fff', 'Satin', 'Enamel'], ['7010 S', 'Jet Black', '#fff', 'Satin', 'Enamel'], ['7011 S', 'Carmine Red', '#fff', 'Satin', 'Enamel'], ['7012 S', 'Chrome Green RAL 6020', '#fff', 'Satin', 'Enamel']], 'Ronin Acrylics': [['GP01', 'White', '#ffffff', 'Matt', 'Acrylic'], ['GP02', 'Black', '#fff', 'Matt', 'Acrylic'], ['GP80', 'Russian Oil Ochre', '#fff', 'Matt', 'Acrylic']], 'Royal Talens': [['115', 'ACRYLIC VARNISH', None, 'Varnish', 'Acrylic']], 'Rust-oleum': [['2081', 'Light Gray Primer', '#c1c2c4', 'Matt', 'Enamel'], ['7215', 'Hammered Black', '#242424', 'Hammered', 'Enamel'], ['7220', 'Black, textured', '#fff', 'Textured', 'Enamel'], ['7737', 'Spruce Green', '#415844', 'Satin', 'Enamel'], ['7798', 'Semi-Gloss Black', '#060606', 'Satin', 'Enamel'], ['239119', 'Textured Sea Green', '#347169', 'Textured', 'Enamel'], ['243941', 'Sea Glass', '#b9d0c6', 'Satin', 'Enamel'], ['248568', 'Gloss Cherry', '#d61927', 'Gloss', 'Enamel'], ['249122', 'Gloss Black', '#000000', 'Gloss', 'Enamel'], ['269440', 'Matte Clear', None, 'Matt', 'Enamel'], ['284992', 'Semi-Gloss Clear', None, 'Satin', 'Enamel'], ['285000', 'Gloss Purple', '#2e0e57', 'Gloss', 'Enamel'], ['327880', 'Sun Yellow', '#ffd521', 'Gloss', 'Enamel'], ['327896', 'Marigold', '#f2ae18', 'Gloss', 'Enamel'], ['334049', 'Winter Gray', '#8a9caa', 'Gloss', 'Enamel'], ['334053', 'Ocean Mist', '#d8f5df', 'Gloss', 'Enamel'], ['334091', 'Midnight Blue', '#293155', 'Satin', 'Enamel'], ['334094', 'Apple Red', '#d81724', 'Satin', 'Enamel'], ['354731', 'Slate Blue', '#6f8c9c', 'Satin', 'Enamel'], ['7946830', 'Canyon Black', '#060606', 'Satin', 'Enamel'], [None, None, None, 'Matt', 'Enamel'], ['271472', 'Flat Burnished Amber', '#3d2f24', 'Metallic', 'Enamel'], ['V7715', 'Aluminum', '#fff', 'Metallic', 'Enamel'], ['262662', 'Dark Steel Metallic', None, 'Metallic', None], ['#0075c1', 'Brilliant Blue, Rust-Oleum American Accents 2X Ultra', '#0072c8', 'Gloss', None], ['7271', 'Silver Metallic', '#aaaaaa', 'Metallic', None], ['7710', 'Gold', '#c6b881', 'Metallic', None], ['244228', 'Metallic Charcoal', '#404040', 'Metallic', None], ['245220', 'Titanium Silver', '#878681', 'Metallic', None]], 'Scale Colors': [['SCP-White', 'SCP-White-Sandable White Primer', '#ffffff', 'Matt', 'Acrylic'], ['SCM005', 'German WWII Cremeweiss', '#f0f0f0', 'Matt', 'Acrylic'], ['SCM006', 'German WWII Primer Red 1', '#652d1e', 'Matt', 'Acrylic'], ['SCM008', 'US Army Olive Drab ANA (43-45)', '#545d47', 'Matt', 'Acrylic'], ['SCM018', 'US Army WWII Olive Drab #9 (41-43)', '#5b5932', 'Matt', 'Acrylic'], ['SC001', 'Revised Deck Blue 20-B', '#112d3b', 'Matt', 'Acrylic'], ['SC002', '5-N Navy Blue (slightly faded)', '#183d50', 'Matt', 'Acrylic'], ['SC003', '5-O Ocean Gray', '#738792', 'Matt', 'Acrylic'], ['SC004', '5-H Haze Gray', '#9eadb4', 'Matt', 'Acrylic'], ['SC005', '5-L Light Gray', '#d2d7db', 'Matt', 'Acrylic'], ['SC006', '5-P Pale Gray', '#dbe0e3', 'Matt', 'Acrylic'], ['SC007', 'Norfolk 250N Flight Deck Stain', '#163341', 'Matt', 'Acrylic'], ['SC008', 'Flight Deck Stain 21', '#657886', 'Matt', 'Acrylic'], ['SC009', 'Anti-Fouling Hull Red', '#a11e2c', 'Matt', 'Acrylic'], ['SC010', '#82 Dull Black', '#000000', 'Matt', 'Acrylic'], ['SC011', '5-U White Mixing Base', '#ffffff', 'Matt', 'Acrylic'], ['SC012', 'Modern Haze Gray FS26270', '#bec1b0', 'Matt', 'Acrylic'], ['SC013', 'Deck Gray FS36008', '#818479', 'Matt', 'Acrylic'], ['SC014', 'Flight Deck Gray FS36076', '#757671', 'Matt', 'Acrylic'], ['SC015', 'US Navy 5-S Sea Blue Type B', '#4e6171', 'Matt', 'Acrylic'], ['SC016', 'US Navy 5-D Dark Gray 1941', '#2f3035', 'Matt', 'Acrylic'], ['SC101', 'Japanese Navy Flight Deck Green #1', '#87997f', 'Matt', 'Acrylic'], ['SC102', 'Japanese Navy Flight Deck Green #2', '#b1caaa', 'Matt', 'Acrylic'], ['SC103', 'Japanese Navy Carrier Type 1 Hull Green', '#315146', 'Matt', 'Acrylic'], ['SC104', 'Japanese Navy Carrier Type 2 Hull Green', '#556d53', 'Matt', 'Acrylic'], ['SC105', 'Japanese Navy Deck Tan', '#c1a679', 'Matt', 'Acrylic'], ['SC106', 'Japanese Navy Sasebo Naval Arsenal Gray', '#3f3e44', 'Matt', 'Acrylic'], ['SC107', 'Japanese Navy Kure Naval Arsenal Gray', '#525358', 'Matt', 'Acrylic'], ['SC108', 'Japanese Navy Maizuru Naval Arsenal Gray', '#5d5e63', 'Matt', 'Acrylic'], ['SC109', 'Japanese Navy Yokosuka Naval Arsenal Gray', '#494a4e', 'Matt', 'Acrylic'], ['SC110', 'Japanese Navy Linoleum Red-Brown', '#663b2a', 'Matt', 'Acrylic'], ['SC111', 'Japanese Navy Anti-Fouling Hull Red', '#7d3124', 'Matt', 'Acrylic'], ['SC200', 'AP507B/A Gray 1936-43', '#4c505c', 'Matt', 'Acrylic'], ['SC201', 'Admiralty Dark Deck Gray', '#4f4b4c', 'Matt', 'Acrylic'], ['SC202', 'Royal Navy Anti-Fouling Hull Red', '#5e0e0f', 'Matt', 'Acrylic'], ['SC203', 'Royal Navy AP507C', '#cdd6dd', 'Matt', 'Acrylic'], ['SC300', 'RAL 7000 Kriegsmarine Medium Gray', '#7a888e', 'Matt', 'Acrylic'], ['SC301', 'RAL 7001 Kriegsmarine Light Gray', '#8d969d', 'Matt', 'Acrylic'], ['SC302', 'RAL 7016 Kriegsmarine Anthracite Gray', '#393e42', 'Matt', 'Acrylic'], ['SC303', 'RAL 7024 Kriegsmarine Dark Gray', '#474950', 'Matt', 'Acrylic'], ['SC304', 'RAL 8013 Kriegsmarine Hull Red', '#65342c', 'Matt', 'Acrylic'], ['SC305', 'RAL 1003 Kriegsmarine Signal Yellow', '#f2aa00', 'Matt', 'Acrylic'], ['SC306', 'RAL 3010 Kriegsmarine Carmine Red', '#972121', 'Matt', 'Acrylic'], ['SC307', 'RAL 9003 Kriegsmarine Baltic Stripe White', '#ffffff', 'Matt', 'Acrylic'], ['SC308', 'RAL 9004 Kriegsmarine Baltic Stripe Black', '#000000', 'Matt', 'Acrylic'], ['SC400', 'RMS Titanic White Star Line Buff', '#fecda3', 'Matt', 'Acrylic'], ['SC401', 'RMS Titanic Cuperous Oxide Anti-Fouling Red', '#790b2e', 'Matt', 'Acrylic'], ['SC403', 'RMS Titanic White Star Line Dark Mast', '#c8502b', 'Matt', 'Acrylic'], ['SC404', 'RMS Titanic White Star Line Funnel Casing Gray Insulated', '#87a0ae', 'Matt', 'Acrylic'], ['SC405', 'RMS Titanic White Star Line Funnel Casing Gray Uninsulated', '#3c4759', 'Matt', 'Acrylic'], ['SC406', 'RMS Titanic White Star Line Sheer Stripe Chrome Yellow', '#f89016', 'Matt', 'Acrylic'], ['SC407', 'RMS Titanic White Star Line Chromate Green', '#056532', 'Matt', 'Acrylic'], ['SC408', 'RMS Titanic White Star Line Deck Hardware Gray', '#333534', 'Matt', 'Acrylic'], ['SC409', 'RMS Titanic Pitch Pine Deck Base', '#e0d0d3', 'Matt', 'Acrylic'], ['SC500', 'Grigio Scuro (Dark Gray)', '#323232', 'Matt', 'Acrylic'], ['SC501', 'Grigio Chiaro (Light Gray)', '#8b9da9', 'Matt', 'Acrylic'], ['SC502', 'Blu Scuro (Dark Blue)', '#000731', 'Matt', 'Acrylic'], ['SC503', 'Azzurro (Light Blue)', '#6192b0', 'Matt', 'Acrylic'], ['SC504', 'Verde Chiaro (Light Green)', '#84b075', 'Matt', 'Acrylic'], ['SC505', 'Giallo Verde (Light Yellow Green)', '#c7cb98', 'Matt', 'Acrylic'], ['SC506', 'Bianco Sporco Opaco (Matt Foul White)', '#ffffff', 'Matt', 'Acrylic'], ['SC507', 'Rosso (ID Stripe Red)', '#940202', 'Matt', 'Acrylic'], ['SC508', 'Verde Scuro Antivegatativo', '#215418', 'Matt', 'Acrylic'], ['SC900', 'Deck Teak (generic)', '#beb19b', 'Matt', 'Acrylic'], ['SC901', 'Boot Top Black (generic)', '#10101a', 'Matt', 'Acrylic'], ['SC902', 'Canvas White (generic)', '#eeeeee', 'Matt', 'Acrylic'], ['SC903', 'RMS Titanic Bright White', '#ffffff', 'Matt', 'Acrylic'], ['SC904', 'RMS Titanic Hull Black', '#232122', 'Matt', 'Acrylic'], ['SCA001', "IJN Ame-iro 1940-'42 (Grey green)", '#b7a783', 'Matt', 'Acrylic'], ['SCA002', 'US Navy Sea Blue 1943-45 ANA 606/607/623', '#183b4f', 'Matt', 'Acrylic'], ['SCA003', 'US Navy Intermediate Blue ANA 608', '#9ba0a3', 'Matt', 'Acrylic'], ['SCA004', 'US Navy Dark Gull Gray ANA 621', '#d2cecb', 'Matt', 'Acrylic'], ['SCA005', 'US Navy Light Gray/Gull Gray ANA 602/620', '#dfdad4', 'Matt', 'Acrylic'], ['SCA006', 'US Navy 1941-42 Blue Gray', '#a8aaa7', 'Matt', 'Acrylic'], ['SCA007', 'USAAF OD ANA 613', '#81693c', 'Matt', 'Acrylic'], ['SCA008', 'USAAF Neutral Gray ANA 603', '#878078', 'Matt', 'Acrylic'], ['SCA009', 'RLM 74 Graugrun', '#51564f', 'Matt', 'Acrylic'], ['SCA010', 'RLM 75 Grauviolet', '#7e7f81', 'Matt', 'Acrylic'], ['SCA011', 'RLM 76 Lichtblau', '#97aeb0', 'Matt', 'Acrylic'], ['SCA012', 'RLM 80 Olivgrun', '#485e56', 'Matt', 'Acrylic'], ['SCA013', 'RLM 02 Grau', '#a0a58f', 'Matt', 'Acrylic'], ['SCA014', 'RLM 66 DunkelGrau', '#555658', 'Matt', 'Acrylic'], ['SCA015', 'US Interior Green', '#557221', 'Matt', 'Acrylic'], ['SCA016', 'US Zinc Chromate Yellow', '#bfcd49', 'Matt', 'Acrylic'], ['SCA017', 'USAAF Olive Drab 41', '#5c5521', 'Matt', 'Acrylic'], ['SCA019', 'USAF Medium Green FS34102', '#434820', 'Matt', 'Acrylic'], ['SCA020', 'USAF Dark Green FS34079', '#42412c', 'Matt', 'Acrylic'], ['SCA021', 'USAF Dark Tan FS30219', '#907563', 'Matt', 'Acrylic'], ['SCA022', 'USAF Camouflage Gray FS36622', '#d9d8c6', 'Matt', 'Acrylic'], ['SCA023', 'USAAF Green 42', '#22361f', 'Matt', 'Acrylic'], ['SCA024', 'IJN/IJA ID Chrome Yellow', '#f4b207', 'Matt', 'Acrylic'], ['SCA025', 'IJN/IJA Trainer Orange', '#e98800', 'Matt', 'Acrylic'], ['SCA026', 'IJN Mitsubishi Green', '#112d0e', 'Matt', 'Acrylic'], ['SCA027', 'IJA Nakajima Green', '#555e33', 'Matt', 'Acrylic'], ['SCA028', 'Su-27 Flanker B Bright Blue', '#60b5de', 'Matt', 'Acrylic'], ['SCA029', 'Su-27 Flanker B Light Blue Gray', '#c3dae0', 'Matt', 'Acrylic'], ['SCA030', 'Su-27 Flanker B Dark Blue Gray', '#a8c8d1', 'Matt', 'Acrylic'], ['SCA031', 'Su-27 Flanker B Radome White', '#fbffff', 'Matt', 'Acrylic'], ['SCA032', 'Su-27 Flanker B Gear Bay Red', '#a2060a', 'Matt', 'Acrylic'], ['SCA033', 'Su-27 Flanker B Radome Green', '#617b54', 'Matt', 'Acrylic'], ['SCA034', 'Su-27 Flanker B Cockpit Blue-Green', '#7bbbd0', 'Matt', 'Acrylic'], ['SCC01', 'Acrylic Gloss Clear', None, 'Varnish', 'Acrylic'], ['SCC02', 'Acrylic Semi-Gloss Clear', None, 'Varnish', 'Acrylic'], ['SCC003', 'Acrylic Flat Clear', None, 'Varnish', 'Acrylic'], ['SCM001', 'US 1960s Olive Drab 319', '#4b5437', 'Matt', 'Acrylic'], ['SCM002', 'Panzer Olivgrun RAL 6003', '#9f9e4d', 'Matt', 'Acrylic'], ['SCM003', 'Panzer Rotbraun RAL 8017', '#6b3b25', 'Matt', 'Acrylic'], ['SCM004', 'Dunkelgelb II RAL 7028', '#2d3b1a', 'Matt', 'Acrylic'], ['SCM007', 'German WWII Dunkelgrau 1939-42', '#343d44', 'Matt', 'Acrylic'], ['SCM009', 'British WWII Olive Green SCC15 (44-45)', '#47503b', 'Matt', 'Acrylic'], ['SCM010', 'Russian 4BO ΓÇô Kolomiyets & Moschanskiy', '#343b26', 'Matt', 'Acrylic'], ['SCM011', '4BO Green ΓÇô Kubinka Sampled', '#26341a', 'Matt', 'Acrylic'], ['SCM012', 'Israeli Sand 1967-73', '#c1bfb0', 'Matt', 'Acrylic'], ['SCM013', 'Israeli Sand Gray 1967-73', '#afad9d', 'Matt', 'Acrylic'], ['SCM014', 'Israeli Sand Gray 1982', '#8f9881', 'Matt', 'Acrylic'], ['SCM015', 'Israeli Modern Armor Olive Green', '#647256', 'Matt', 'Acrylic'], ['SCM016', 'Dunkelgelb III Revised', '#bbae5f', 'Matt', 'Acrylic'], ['SCM017', 'German Primer Red II Exterior', '#bd4b32', 'Matt', 'Acrylic'], ['SCTNR', 'Scale Colors Thinner', None, 'Thinners', 'Acrylic'], ['SCP-GRAY', 'Acrylic Sandable Primer', '#b2b6bf', 'Matt', 'Acrylic'], [None, None, '#a11e2c', None, None], ['SC988', 'RMS Titanic Paint Set', '#fecda3', None, None], ['SC996', 'German Bismarck/Scharnhorst Paint Set', '#7a888e', None, None], ['SC997', 'RMS Titanic Tech Set', '##fff', None, None], ['SC998', 'RMS Titanic Full Set ΓÇô 1/200 Scale', '##fff', None, None], ['SC999', 'German Warship Paint Set', '#7a888e', None, None], ['SC994', 'Su-27 Flanker B Paint Set (1985-2005)', '##fff', None, None], ['SC993', 'Regia Marina Paint Set (1936-1945)', '##fff', None, None]], 'Scale75': [['SC-00', 'Black', '#000000', 'Matt', 'Acrylic'], ['SC-01', 'White', '#ffffff', 'Matt', 'Acrylic'], ['SC-02', 'Nacar', '#cdcbbe', 'Matt', 'Acrylic'], ['SC-03', 'Graphite', '#a0a29f', 'Matt', 'Acrylic'], ['SC-04', 'Anthracite Gray', '#747e87', 'Matt', 'Acrylic'], ['SC-05', 'Artic Blue', '#c5ccd4', 'Matt', 'Acrylic'], ['SC-06', 'Bering Blue', '#8ca8b4', 'Matt', 'Acrylic'], ['SC-07', 'Caspian Blue', '#4f8198', 'Matt', 'Acrylic'], ['SC-08', 'Abyssal Blue', '#485a66', 'Matt', 'Acrylic'], ['SC-09', 'White sands', '#e6dfcd', 'Matt', 'Acrylic'], ['SC-10', 'Tenere yellow', '#e2cf73', 'Matt', 'Acrylic'], ['SC-11', 'Sahara yellow', '#af8b36', 'Matt', 'Acrylic'], ['SC-12', 'Gobi brown', '#635037', 'Matt', 'Acrylic'], ['SC-13', 'Dubai brown', '#513928', 'Matt', 'Acrylic'], ['SC-14', 'Kalahari orange', '#9b3b2f', 'Matt', 'Acrylic'], ['SC-15', 'Adriatic blue', '#0982ab', 'Matt', 'Acrylic'], ['SC-16', 'Eclipse grey', '#34333c', 'Matt', 'Acrylic'], ['SC-17', 'Pale skin', '#e0d8d6', 'Matt', 'Acrylic'], ['SC-18', 'Light skin', '#efe0bf', 'Matt', 'Acrylic'], ['SC-19', 'Golden skin', '#e7c5a2', 'Matt', 'Acrylic'], ['SC-20', 'Basic flesh', '#ceb08a', 'Matt', 'Acrylic'], ['SC-21', 'Pink flesh', '#c1877b', 'Matt', 'Acrylic'], ['SC-22', 'Arabic shadow', '#8d7e5d', 'Matt', 'Acrylic'], ['SC-23', 'Indian shadow', '#7d454e', 'Matt', 'Acrylic'], ['SC-24', 'African shadow', '#58394b', 'Matt', 'Acrylic'], ['SC-25', 'Birch', '#d6be92', 'Matt', 'Acrylic'], ['SC-26', 'Sandal wood', '#b2815b', 'Matt', 'Acrylic'], ['SC-27', 'Iroko', '#b28037', 'Matt', 'Acrylic'], ['SC-28', 'Orange leather', '#9c5d2e', 'Matt', 'Acrylic'], ['SC-29', 'Walnut', '#815f44', 'Matt', 'Acrylic'], ['SC-30', 'red leather', '#6e5338', 'Matt', 'Acrylic'], ['SC-31', 'Brown leather', '#603136', 'Matt', 'Acrylic'], ['SC-32', 'Black leather', '#3f2d33', 'Matt', 'Acrylic'], ['SC-33', 'Sunset purple', '#3b1931', 'Matt', 'Acrylic'], ['SC-34', 'Fushsia', '#871b21', 'Matt', 'Acrylic'], ['SC-35', 'Deep red', '#5a1618', 'Matt', 'Acrylic'], ['SC-36', 'Blood red', '#7d1411', 'Matt', 'Acrylic'], ['SC-37', 'Antares red', '#b11810', 'Matt', 'Acrylic'], ['SC-38', 'Aldebaran red', '#a41411', 'Matt', 'Acrylic'], ['SC-39', 'Mars orange', '#b94c28', 'Matt', 'Acrylic'], ['SC-40', 'Sol yellow', '#d6c336', 'Matt', 'Acrylic'], ['SC-41', 'Black forest green', '#1a3d1c', 'Matt', 'Acrylic'], ['SC-42', 'Boreal green', '#386055', 'Matt', 'Acrylic'], ['SC-43', 'Irati green', '#1f6e2c', 'Matt', 'Acrylic'], ['SC-44', 'Sherwood green', '#56732b', 'Matt', 'Acrylic'], ['SC-45', 'Ardennes green', '#586156', 'Matt', 'Acrylic'], ['SC-46', 'Field gray', '#7c8681', 'Matt', 'Acrylic'], ['SC-47', 'Spring green', '#84b855', 'Matt', 'Acrylic'], ['SC-48', 'Fall green', '#c1d36b', 'Matt', 'Acrylic'], ['SC-49', 'Caribbean blue', '#419c95', 'Matt', 'Acrylic'], ['SC-50', 'Sky blue', '#3590b8', 'Matt', 'Acrylic'], ['SC-51', 'Mediterranean blue', '#2f6194', 'Matt', 'Acrylic'], ['SC-52', 'Tesla blue', '#292f89', 'Matt', 'Acrylic'], ['SC-53', 'Cantabric blue', '#2a5178', 'Matt', 'Acrylic'], ['SC-54', 'Navy blue', '#39476e', 'Matt', 'Acrylic'], ['SC-55', 'Deep blue', '#2e3742', 'Matt', 'Acrylic'], ['SC-56', 'Violet', '#5f4d72', 'Matt', 'Acrylic'], ['SC-57', 'Petroleum Gray', '#67625e', 'Matt', 'Acrylic'], ['SC-58', 'Graphene gray', '#5d5e62', 'Matt', 'Acrylic'], ['SC-59', 'Brown gray', '#726e6d', 'Matt', 'Acrylic'], ['SC-60', 'Rainy gray', '#96918e', 'Matt', 'Acrylic'], ['SC-61', 'Thar brown', '#aea78b', 'Matt', 'Acrylic'], ['SC-62', 'Mojave white', '#cfcba7', 'Matt', 'Acrylic'], ['SC-63', 'Black metal', '#25282c', 'Metallic', 'Acrylic'], ['SC-64', 'Trash metal', '#635b4c', 'Metallic', 'Acrylic'], ['SC-65', 'Heavy metal', '#777777', 'Metallic', 'Acrylic'], ['SC-66', 'Speed metal', '#ababab', 'Metallic', 'Acrylic'], ['SC-67', 'White alchemy', '#cccbc8', 'Matt', 'Acrylic'], ['SC-68', 'Cobalt alchemy', '#6198ab', 'Matt', 'Acrylic'], ['SC-69', 'Emerald alchemy', '#6198ab', 'Matt', 'Acrylic'], ['SC-70', 'Amethyst alchemy', '#857790', 'Matt', 'Acrylic'], ['SC-71', 'Necro gold', '#7a6938', 'Metallic', 'Acrylic'], ['SC-72', 'Viking gold', '#947642', 'Metallic', 'Acrylic'], ['SC-73', 'Dwarven gold', '#c69d49', 'Metallic', 'Acrylic'], ['SC-74', 'Elven gold', '#c8b15a', 'Metallic', 'Acrylic'], ['SC-75', 'Citrine alchemy', '#e3d4b7', 'Iridescent', 'Acrylic'], ['SC-76', 'Tourmaline alchemy', '#df9e9f', 'Iridescent', 'Acrylic'], ['SC-77', 'Kunzite alchemy', '#9e7d8e', 'Iridescent', 'Acrylic'], ['SC-78', 'Peridot alchemy', '#969576', 'Iridescent', 'Acrylic'], ['SC-79', 'Inktense Black', '#424242', 'Satin', 'Acrylic'], ['SC-80', 'inktense Wood', '#5f3b1b', 'Satin', 'Acrylic'], ['SC-81', 'Inktense Chesnut', '#904f17', 'Satin', 'Acrylic'], ['SC-82', 'Inktense violet', '#7841b8', 'Satin', 'Acrylic'], ['SC-83', 'Inktense Blue', '#3541bb', 'Satin', 'Acrylic'], ['SC-84', 'Inktense Green', '#1c907b', 'Satin', 'Acrylic'], ['SC-85', 'Inktense Red', '#b12b2c', 'Satin', 'Acrylic'], ['SC-86', 'Inktense Yellow', '#d0b240', 'Satin', 'Acrylic'], ['SC-87', 'Decayed Metal', '#3a2c23', 'Metallic', 'Acrylic'], ['SC-88', 'Old Copper', '#774113', 'Metallic', 'Acrylic'], ['SC-89', 'Garnet Alchemy', '#863345', 'Iridescent', 'Acrylic'], ['SC-90', 'Ruby Alchemy', '#db5d68', 'Iridescent', 'Acrylic'], ['SC-91', 'Pure Copper', '#e1836a', 'Metallic', 'Acrylic'], ['SC-92', 'Victorian Brass', '#a26338', 'Metallic', 'Acrylic'], ['SC-93', 'Amber Alchemy', '#c79f6c', 'Iridescent', 'Acrylic'], ['SC-94', 'Moonstone Alchemy', '#cca48a', 'Iridescent', 'Acrylic'], ['SC-95', 'Inktense Brown', '#2d221f', 'Satin', 'Acrylic'], ['SC-96', 'Inktense Crimson', '#bc010c', 'Satin', 'Acrylic'], ['SC-97', 'Inktense Oxide', '#ab290c', 'Satin', 'Acrylic'], ['SC-98', 'Inktense Ochre', '#f4a32c', 'Satin', 'Acrylic'], ['SC-99', 'Inktense Cyan', '#27219e', 'Satin', 'Acrylic'], ['SC-100', 'Inktense Lime', '#00e72e', 'Satin', 'Acrylic'], ['SC-100', 'Inktense Lime', '#fff', 'Satin', 'Acrylic'], ['SC-101', 'Inktense Olive', '#4a6348', 'Satin', 'Acrylic'], ['SC-102', 'Inktense White', '#ffffff', 'Satin', 'Acrylic'], ['SFG-00', 'Decay Black', '#31312f', 'Matt', 'Acrylic'], ['SFG-01', 'Purity White', '#d1d1d1', 'Matt', 'Acrylic'], ['SFG-02', 'Hastur Purple', '#b5034d', 'Matt', 'Acrylic'], ['SFG-03', 'Mayhem Red', '#db1632', 'Matt', 'Acrylic'], ['SFG-04', 'Baal Crimson', '#ff1a39', 'Matt', 'Acrylic'], ['SFG-05', 'Beherit red', '#ff753a', 'Matt', 'Acrylic'], ['SFG-06', 'Tiamat Orange', '#f9ae6a', 'Matt', 'Acrylic'], ['SFG-07', 'Ishtar Pink', '#ff9164', 'Matt', 'Acrylic'], ['SFG-08', 'Marduck Yellow', '#feee05', 'Matt', 'Acrylic'], ['SFG-09', 'Lilith Yellow', '#fdeb7d', 'Matt', 'Acrylic'], ['SFG-10', 'Misfits Green', '#004b31', 'Matt', 'Acrylic'], ['SFG-11', 'Bloodfest Crimson', '#6a033b', 'Matt', 'Acrylic'], ['SFG-12', 'Braineater Azure', '#676aaf', 'Matt', 'Acrylic'], ['SFG-13', 'Undead Flesh', '#a8b170', 'Matt', 'Acrylic'], ['SFG-14', 'Resurrection Flesh', '#bb8b65', 'Matt', 'Acrylic'], ['SFG-15', 'Harvester Flesh', '#d0a791', 'Matt', 'Acrylic'], ['SFG-16', 'Hellbound Flesh', '#9cb1ac', 'Matt', 'Acrylic'], ['SFG-17', 'Moonray Flesh', '#f0d7a1', 'Matt', 'Acrylic'], ['SFG-18', 'Riff Green', '#1a2d29', 'Matt', 'Acrylic'], ['SFG-19', 'Orcish Dermis', '#db7d73', 'Matt', 'Acrylic'], ['SFG-20', 'Merm Green', '#455236', 'Matt', 'Acrylic'], ['SFG-21', 'Greenskin Flesh', '#006f34', 'Matt', 'Acrylic'], ['SFG-22', 'Surfer Orc Flesh', '#00a58b', 'Matt', 'Acrylic'], ['SFG-23', 'Slimer Green', '#5a9032', 'Matt', 'Acrylic'], ['SFG-24', 'Goblin Flesh', '#77b840', 'Matt', 'Acrylic'], ['SFG-25', 'Toxic Waste Green', '#c7d538', 'Matt', 'Acrylic'], ['SFG-26', 'Huldra Blue', '#234256', 'Matt', 'Acrylic'], ['SFG-27', 'Eldandil Violet', '#2b1a3c', 'Matt', 'Acrylic'], ['SFG-28', 'Arphen Jade', '#035d53', 'Matt', 'Acrylic'], ['SFG-29', 'Arianrhod Blue', '#39398f', 'Matt', 'Acrylic'], ['SFG-30', 'Amarth Blue', '#0582c5', 'Matt', 'Acrylic'], ['SFG-31', 'Jorildyn Turquoise', '#067da7', 'Matt', 'Acrylic'], ['SFG-32', 'Lendanis Grey', '#8b8da4', 'Matt', 'Acrylic'], ['SFG-33', 'Hiril Blue', '#4aa9bf', 'Matt', 'Acrylic'], ['SFG-34', 'Arbuckles Brown', '#3c2922', 'Matt', 'Acrylic'], ['SFG-35', 'Bosh Chestnut', '#69452f', 'Matt', 'Acrylic'], ['SFG-36', 'Sharpnel Red', '#6e290a', 'Matt', 'Acrylic'], ['SFG-37', 'Chink Orange', '#b2621b', 'Matt', 'Acrylic'], ['SFG-38', 'Cokum Copper', '#a37021', 'Matt', 'Acrylic'], ['SFG-39', 'Peanut Butter', '#bb8103', 'Matt', 'Acrylic'], ['SFG-40', 'Blackert Brown', '#b8825c', 'Matt', 'Acrylic'], ['SFG-41', 'Hykey Yellow', '#efd491', 'Matt', 'Acrylic'], ['SFG-42', 'Necro Grey', '#303038', 'Matt', 'Acrylic'], ['SFG-43', 'Despair Green', '#17383d', 'Matt', 'Acrylic'], ['SFG-44', 'Tindalos Red', '#5b2922', 'Matt', 'Acrylic'], ['SFG-45', 'Rlyeh Grey', '#464b4e', 'Matt', 'Acrylic'], ['SFG-46', 'Innsmouth Blue', '#00596b', 'Matt', 'Acrylic'], ['SFG-47', 'Miskatonic Grey', '#bbb7b4', 'Matt', 'Acrylic'], ['SFX-00', 'Brilli White', '#fefefe', 'Fluo', 'Acrylic'], ['SFX-01', 'Orange Neon', '#f96401', 'Fluo', 'Acrylic'], ['SFX-02', 'Acid Pink', '#f81dfe', 'Fluo', 'Acrylic'], ['SFX-03', 'Psychedelic Purple', '#bb1cff', 'Fluo', 'Acrylic'], ['SFX-04', 'Electric Blue', '#021afe', 'Fluo', 'Acrylic'], ['SFX-05', 'Techno Green', '#44fa05', 'Fluo', 'Acrylic'], ['SFX-06', 'Speed Yellow', '#fffe00', 'Fluo', 'Acrylic'], ['SFX-07', 'Red Ecstacy', '#f81803', 'Fluo', 'Acrylic'], ['SIN-00', 'Shadow Black', '#1d1f1c', 'Matt', 'Acrylic'], ['SIN-01', 'Werewolf Brown', '#553c35', 'Matt', 'Acrylic'], ['SIN-02', 'Dragon Blood', '#810622', 'Matt', 'Acrylic'], ['SIN-03', 'Health Red', '#c31610', 'Matt', 'Acrylic'], ['SIN-04', 'Love Affair', '#e92b37', 'Matt', 'Acrylic'], ['SIN-05', 'Life Red', '#e63217', 'Matt', 'Acrylic'], ['SIN-06', 'Ragweed Orange', '#df6a27', 'Matt', 'Acrylic'], ['SIN-07', 'Drain Life', '#e69464', 'Matt', 'Acrylic'], ['SIN-08', 'Full Healing', '#feef00', 'Matt', 'Acrylic'], ['SIN-09', 'Estus Yellow', '#fee459', 'Matt', 'Acrylic'], ['SIN-10', 'Zucchini Skin', '#405b32', 'Matt', 'Acrylic'], ['SIN-11', 'Dead Flesh', '#7f6662', 'Matt', 'Acrylic'], ['SIN-12', 'Fairy Blood', '#414874', 'Matt', 'Acrylic'], ['SIN-13', 'Zombie Skin', '#a6a869', 'Matt', 'Acrylic'], ['SIN-14', 'Phoenix Feather', '#d18a5c', 'Matt', 'Acrylic'], ['SIN-15', 'Human Flesh', '#daab97', 'Matt', 'Acrylic'], ['SIN-16', 'Undead Dragon', '#b6c8bc', 'Matt', 'Acrylic'], ['SIN-17', 'Phoenix Egg', '#e5d0a3', 'Matt', 'Acrylic'], ['SIN-18', 'Paralyze Blue', '#3579c0', 'Matt', 'Acrylic'], ['SIN-19', 'Evil Root', '#f07e4a', 'Matt', 'Acrylic'], ['SIN-20', 'Toad Green', '#475139', 'Matt', 'Acrylic'], ['SIN-21', 'Sulfur Yellow', '#fed500', 'Matt', 'Acrylic'], ['SIN-22', 'Belladonna Green', '#4ca579', 'Matt', 'Acrylic'], ['SIN-23', 'Corrupted Stamina', '#699d0c', 'Matt', 'Acrylic'], ['SIN-24', 'Rotten Pus', '#fbb400', 'Matt', 'Acrylic'], ['SIN-25', 'Acid Green', '#c4d964', 'Matt', 'Acrylic'], ['SIN-26', 'Remove Mana', '#0d2736', 'Matt', 'Acrylic'], ['SIN-27', 'Arcane Purple', '#350d4c', 'Matt', 'Acrylic'], ['SIN-28', 'Elixir Green', '#005c4d', 'Matt', 'Acrylic'], ['SIN-29', 'Replenish Blue', '#01479c', 'Matt', 'Acrylic'], ['SIN-30', 'Mana Regeneration', '#0184d2', 'Matt', 'Acrylic'], ['SIN-31', 'Magic Blue', '#147797', 'Matt', 'Acrylic'], ['SIN-32', 'Grey Spell', '#808fb0', 'Matt', 'Acrylic'], ['SIN-33', 'Ancestral Blue', '#61abc4', 'Matt', 'Acrylic'], ['SIN-34', 'Grizzly Brown', '#50181b', 'Matt', 'Acrylic'], ['SIN-35', 'Endurance Brown', '#773f1c', 'Matt', 'Acrylic'], ['SIN-36', 'Rage Brown', '#7c2b16', 'Matt', 'Acrylic'], ['SIN-37', 'Frenzy Orange', '#ec6001', 'Matt', 'Acrylic'], ['SIN-38', 'Ogre Brown', '#c07704', 'Matt', 'Acrylic'], ['SIN-39', 'Salmon Fury', '#eb5650', 'Matt', 'Acrylic'], ['SIN-40', 'Wild Beast', '#ca854e', 'Matt', 'Acrylic'], ['SIN-41', 'Savage Beige', '#f3d783', 'Matt', 'Acrylic'], ['SIN-42', 'Golem Grey', '#2c3031', 'Matt', 'Acrylic'], ['SIN-43', 'Basilisk Green', '#3d5152', 'Matt', 'Acrylic'], ['SIN-44', 'Demon Brown', '#66271e', 'Matt', 'Acrylic'], ['SIN-45', 'Dark Kraken', '#194a5b', 'Matt', 'Acrylic'], ['SIN-46', 'Leviathan Blue', '#005e70', 'Matt', 'Acrylic'], ['SIN-47', 'Spectral Wolf', '#ab9fa1', 'Matt', 'Acrylic'], ['SPE01', 'GOLDEN MOON', '#868c81', 'Metallic', 'Acrylic'], ['SPE02', 'BLUE SAND', '#fff', 'Metallic', 'Acrylic'], ['SPE03', 'GREEN PEARL', '#fff', 'Metallic', 'Acrylic'], ['SPE04', 'PINK NACRE', '#fff', 'Metallic', 'Acrylic'], ['SPE05', 'BOREAL BEETLE', '#fff', 'Metallic', 'Acrylic'], ['SPE06', 'EMERALD DIMENSION', '#fff', 'Metallic', 'Acrylic'], ['SPE07', 'GREEN SUN', '#fff', 'Metallic', 'Acrylic'], ['SPE08', 'DEAD STAR', '#fff', 'Metallic', 'Acrylic'], ['SPE09', 'GOLDEN CORAL', '#fff', 'Metallic', 'Acrylic'], ['SPE10', 'COOPER FIRE', '#fff', 'Metallic', 'Acrylic'], ['SPE11', 'PURPLE QUASAR', '#fff', 'Metallic', 'Acrylic'], ['SPE12', 'SOLAR SAND', '#fff', 'Metallic', 'Acrylic'], ['SPE13', 'SILVER SUN', '#fff', 'Metallic', 'Acrylic'], ['SPE14', 'VIOLET SUNSET', '#fff', 'Metallic', 'Acrylic'], ['SPE15', 'METALLIC ROSE', '#fff', 'Metallic', 'Acrylic'], ['SPE16', 'SULFUR ORE', '#fff', 'Metallic', 'Acrylic'], ['SW-00', 'Dunkelgelb Yellow', '#cbb550', 'Matt', 'Acrylic'], ['SW-01', 'Olivegrun Green', '#5a6432', 'Matt', 'Acrylic'], ['SW-02', 'Rotbraun Red', '#52341a', 'Matt', 'Acrylic'], ['SW-03', 'Rotbraun Primer Red', '#925447', 'Matt', 'Acrylic'], ['SW-04', 'Dunkelgrau Gray', '#57585a', 'Matt', 'Acrylic'], ['SW-05', 'Dunkelbraun Brown', '#413028', 'Matt', 'Acrylic'], ['SW-06', 'Gelbraun Brown', '#d5ac74', 'Matt', 'Acrylic'], ['SW-07', 'Graugrun Gray', '#a08848', 'Matt', 'Acrylic'], ['SW-08', 'SS Camo Medium Brown', '#825d31', 'Matt', 'Acrylic'], ['SW-09', 'SS Camo Dark Green', '#2a331e', 'Matt', 'Acrylic'], ['SW-10', 'SS Camo Medium Green', '#4d5025', 'Matt', 'Acrylic'], ['SW-11', 'SS Camo Light Green', '#7e8126', 'Matt', 'Acrylic'], ['SW-12', 'SS Camo Ochre Brown', '#cfae5f', 'Matt', 'Acrylic'], ['SW-13', 'SS Camo Gray Brown', '#6f4f36', 'Matt', 'Acrylic'], ['SW-14', 'SS Camo Highlights', '#fab861', 'Matt', 'Acrylic'], ['SW-15', 'Flat Black', '#1c1c1c', 'Matt', 'Acrylic'], ['SW-16', 'SS Camo Grey', '#8f8063', 'Matt', 'Acrylic'], ['SW-17', 'SS Camo Red Brown', '#593a1b', 'Matt', 'Acrylic'], ['SW-18', 'SS Camo Dark Brown', '#220b05', 'Matt', 'Acrylic'], ['SW-19', 'SS Camo Golden Brown', '#f0a001', 'Matt', 'Acrylic'], ['SW-20', 'SS Camo Italian Green', '#3f5232', 'Matt', 'Acrylic'], ['SW-21', 'SS Camo Yellow Sand', '#c0a56e', 'Matt', 'Acrylic'], ['SW-22', 'SS Camo Top Lights', '#fbc77e', 'Matt', 'Acrylic'], ['SW-23', 'SS Camo Top Shadows', '#343428', 'Matt', 'Acrylic'], ['SW-24', 'Dunkelgelb 44', '#ded1b1', 'Matt', 'Acrylic'], ['SW-25', 'Rotbraun 44', '#905024', 'Matt', 'Acrylic'], ['SW-26', 'Olivegrun 44', '#93a45d', 'Matt', 'Acrylic'], ['SW-27', 'Cremeweiss', '#fcfce0', 'Matt', 'Acrylic'], ['SW-28', 'Braun', '#e5c89e', 'Matt', 'Acrylic'], ['SW-29', 'Grau', '#e8d5c4', 'Matt', 'Acrylic'], ['SW-30', 'Green Ochre', '#948123', 'Matt', 'Acrylic'], ['SW-31', 'Desert Yellow', '#d9af75', 'Matt', 'Acrylic'], ['SW-32', 'Sand Yellow', '#eac581', 'Matt', 'Acrylic'], ['SW-33', 'Dark Earth', '#643722', 'Matt', 'Acrylic'], ['SW-34', 'Pale Earth', '#5f4125', 'Matt', 'Acrylic'], ['SW-35', 'Olive Brown', '#434631', 'Matt', 'Acrylic'], ['SW-36', 'Sahara Sand', '#efd066', 'Matt', 'Acrylic'], ['SW-37', 'Leaden Sky', '#404f70', 'Matt', 'Acrylic'], ['SW-38', 'Field Grey 1', '#39553c', 'Matt', 'Acrylic'], ['SW-39', 'Field Grey 2', '#3f4c45', 'Matt', 'Acrylic'], ['SW-40', 'Titanium Gray', '#41342b', 'Matt', 'Acrylic'], ['SW-41', 'Smoke Gray', '#886859', 'Matt', 'Acrylic'], ['SW-42', 'Slate Gray', '#372b15', 'Matt', 'Acrylic'], ['SW-43', 'Russian Green', '#584f26', 'Matt', 'Acrylic'], ['SW-44', 'Russian Light Green', '#635111', 'Matt', 'Acrylic'], ['SW-45', 'Russian Uniform', '#695928', 'Matt', 'Acrylic'], ['SW-46', 'Panzer Grey', '#30383b', 'Matt', 'Acrylic'], ['SW-47', 'Panzer Yellow', '#d6c78c', 'Matt', 'Acrylic'], ['SW-48', 'American Olive', '#736737', 'Matt', 'Acrylic'], ['SW-49', 'Ocean Gray', '#556477', 'Matt', 'Acrylic'], ['SW-50', 'US Medium Brown', '#d4ad84', 'Matt', 'Acrylic'], ['SW-51', 'US Dark Brown', '#ae8a72', 'Matt', 'Acrylic'], ['SW-52', 'US Green', '#474632', 'Matt', 'Acrylic'], ['SW-53', 'Red Label', '#df0617', 'Matt', 'Acrylic'], ['SW-54', 'Yellow Code', '#ffcb06', 'Matt', 'Acrylic'], ['SW-55', 'Flight Blue', '#01688b', 'Matt', 'Acrylic'], ['SW-56', 'Light Sky', '#7090b4', 'Matt', 'Acrylic'], ['SW-57', 'Shadow Blue', '#2a3245', 'Matt', 'Acrylic'], ['SW-58', 'White', '#ffffff', 'Matt', 'Acrylic'], ['SW-59', 'Orange', '#e9670f', 'Matt', 'Acrylic'], ['SW-60', 'Ocean Blue', '#0c2140', 'Matt', 'Acrylic'], ['SW-61', 'Deep Ocean', '#000b2b', 'Matt', 'Acrylic'], ['SW-62', 'Winter Shadow', '#3a3c39', 'Matt', 'Acrylic'], ['SW-63', 'Winter Grey', '#6e6e70', 'Matt', 'Acrylic'], ['SWA-02', 'Acrylic Retarder', '#fff', 'Retarders', 'Acrylic'], ['SAR-001', 'Acrylic Retarder', None, 'Retarders', 'Acrylic'], ['SCPR-001', 'Primer Surface White', '#c9cfd5', 'Matt', 'Acrylic'], ['SCPR-002', 'Primer Surface Black', '#101318', 'Matt', 'Acrylic'], ['SCPR-003', 'Primer Surface Grey', '#646464', 'Matt', 'Acrylic'], ['SCPR-004', 'Primer Ice Charm', None, 'Matt', 'Acrylic'], ['SCPR-005', 'Primer Bone Charm', None, 'Matt', 'Acrylic'], ['SCPR-006', 'Primer Holy Charm', None, 'Matt', 'Acrylic'], ['SCPR-007', 'Surface Primer Sand', None, 'Matt', 'Acrylic'], ['SCPR-008', 'Surface Primer Olive', None, 'Matt', 'Acrylic'], ['SCPR-009', 'Surface Primer Hull Red', None, 'Matt', 'Acrylic'], ['SCTH-002', 'Acrylic Thinner', None, 'Thinners', 'Acrylic'], ['SPC-007', 'Acrylic Medium Dispel Magic', None, 'Matt', 'Acrylic'], ['SPC-008', 'Ultra-Matt Acryl Varnish', None, 'Varnish', 'Acrylic'], ['SPC-009', 'Gloss Acryl Varnish', None, 'Varnish', 'Acrylic'], ['SWA-02', 'Water & Puddles', None, None, 'Acrylic'], ['SAP-001', 'Acrylic paste flat', None, 'Textured', 'Acrylic'], ['SAP-002', 'Acrylic paste medium', None, 'Textured', 'Acrylic'], ['SAP-003', 'Acrylic paste rough', None, 'Textured', 'Acrylic'], ['SAP-004', 'Acrylic paste spring soil', None, 'Textured', 'Acrylic'], ['SAP-005', 'Acrylic paste dry soil', None, 'Textured', 'Acrylic'], ['SAP-006', 'Acrylic paste summer ground', None, 'Textured', 'Acrylic'], ['SAP-007', 'Acrylic paste autumn ground', None, 'Textured', 'Acrylic'], ['SAP-008', 'Acrylic paste soiled snow', None, 'Textured', 'Acrylic'], ['SAP-009', 'Acrylic paste winter ground', None, 'Textured', 'Acrylic'], ['SCTH-01', 'Acrylic Thinner', None, 'Thinners', 'Acrylic'], ['SWA-01', 'Medium Wet', None, 'Thinners', None], ['SWE-00', 'Oilwash Light Rust', None, 'Matt', None], ['SWE-01', 'Oilwash Dark Rust', None, 'Matt', None], ['SWE-02', 'Oilwash Dark Mud', None, 'Matt', None], ['SWE-03', 'Oilwash Dark Sand', None, 'Matt', None], ['SWE-04', 'Oilwash Pale Dust', None, 'Matt', None], ['SWE-05', 'Oilwash Mid Ground', None, 'Matt', None], ['SWE-06', 'Oilwash Dark Stains', None, 'Matt', None], ['SWE-07', 'Oilwash Grease', None, 'Matt', None], ['SWE-08', 'Oilwash City Dust', None, 'Matt', None], ['SWE-09', 'Oilwash Green Moss', None, 'Matt', None], ['SWTH-001', 'Odorless Thinner', None, 'Thinners', None], ['SFP-01P', 'Pigment Fixer', None, 'Matt', None], ['SPG-01', 'Sienna', None, 'Matt', None], ['SPG-02', 'Natural Soil', None, 'Matt', None], ['SPG-03', 'Dark Mud', None, 'Matt', None], ['SPG-04', 'Reddish Brown', None, 'Matt', None], ['SPG-05', 'Mars', None, 'Matt', None], ['SPG-06', 'Moss Green', None, 'Matt', None], ['SPG-07', 'Ash', None, 'Matt', None], ['SPG-08', 'Gypsum', None, 'Matt', None], ['SPG-09', 'Sand', None, 'Matt', None], ['SPG-10', 'Dark Earth', None, 'Matt', None], ['SR-01P', 'Mud Effect', None, 'Matt', None], ['FFP-01', 'Ares Paint Set', '#e2cf73', None, None], ['FFP-02', 'Riff Paint Set', '#485a66', None, None], ['FFP-03', 'SAYX paint Set', '#c5ccd4', None, None], ['FFP-04', 'Harvesters Paint Set', '#000000', None, None], ['SSE-025', 'Ambush Paint Set', '#ded1b1', None, None], ['SSE-026', 'D.A.K. Colors for AFV Paint Set', '#d5ac74', None, None], ['SSE-027', 'D.A.K. 1 Paint Set', '#643722', None, None], ['SSE-028', 'D.A.K. 2 Paint Set', '#1c1c1c', None, None], ['SSE-029', 'Feldgrau Paint Set', '#3f4c45', None, None], ['SSE-030', 'Panzer Truppen Paint Set', '#1c1c1c', None, None], ['SSE-031', 'Soviet Army Paint Set', '#695928', None, None], ['SSE-032', 'Red Tanks Paint Set', '#643722', None, None], ['SSE-033', 'Wargames - German Late War Paint Set', '#5a6432', None, None], ['SSE-034', 'Wargames - US Army Paint Set', '#1c1c1c', None, None], ['SSE-036', 'US Army 1942-1944 Paint Set', '#220b05', None, None], ['SSE-037', 'US Army 1944-1945 Paint Set', '#343428', None, None], ['SSE-038', 'Luftwaffe Crew Paint Set', '#404f70', None, None], ['SSE-039', 'AFV - Blitz 1939-42 Paint Set', '#57585a', None, None], ['SSE-040', 'Airborne 1943-44 Paint Set', '#c0a56e', None, None], ['SSE-041', 'Bocage Battle of Normandy Paint Set', '#c0a56e', None, None], ['SSE-042', 'AFV Utilities Paint Set', '#25282c', None, None], ['SSE-044', 'Scrap Paint Set', '#925447', None, None], ['SSE-045', 'Full Metal Paint Set', '#635b4c', None, None], ['SSE-046', 'In the Navy Paint Set', '#7090b4', None, None], ['SSE-047', 'Winter Camos Paint Set', '#fcfce0', None, None], ['SSE-050', 'British & Commonwealth Armies Paint Set', '#cbb550', None, None], ['SSE-051', 'Soviet Armoured Crew (Uniforms)', '#57585a', None, None], ['SSE-054', 'Kriegsmarine Grayscale', '#57585a', None, None], ['SSE-055', 'British & Commonwealth AFV Paint Set', '#4d5025', None, None], ['SSE-058', 'Splinter Paint Set', '#3f5232', None, None], ['SSE-060', 'Panzer Crew - Summertime Paint Set', '#39553c', None, None], ['SSE-065', 'British Desert Armour', '#fab861', None, None], ['SSE-066', 'Winter Coat - US Army (Uniforms)', '#643722', None, None], ['SSE-070', 'Canvas Equipment (Uniforms)', '#93a45d', None, None], ['SSE-077', 'US Tanker Jacket', '#eac581', None, None], ['SSE-064', '8th Army (Uniforms)', '#c0a56e', None, None], ['SSE-001', 'NMM Paint Set (steel)', '#ffffff', None, None], ['SSE-002', 'NMM Paint Set (Gold)', '#e6dfcd', None, None], ['SSE-003', 'Flesh Paint Set', '#e0d8d6', None, None], ['SSE-004', 'Wood and Leather Paint Set', '#d6be92', None, None], ['SSE-005', 'Blood and Fire (Red paint Set)', '#3b1931', None, None], ['SSE-006', 'Colors of Nature (Green Paint Set)', '#1a3d1c', None, None], ['SSE-007', 'Sky and Ice (Blue Paint Set)', '#419c95', None, None], ['SSE-008', 'Black & White', '#ffffff', None, None], ['SSE-009', "Metal N'Alchemy (Steel Series)", '#25282c', None, None], ['SSE-010', "Metal N'Alchemy (Gold Series)", '#7a6938', None, None], ['SSE-011', 'Inktensity', '#424242', None, None], ['SSE-014', 'Creatures From Hell', '#ff1a39', None, None], ['SSE-015', 'Unnatural Flesh Paint Set', '#bb8b65', None, None], ['SSE-016', 'Orcs and Goblins Paint Set', '#db7d73', None, None], ['SSE-017', 'Elven Colours Paint Set', '#234256', None, None], ['SSE-018', 'Steam and Punk Paint Set', '#69452f', None, None], ['SSE-019', 'Shades of Doom', '#d1d1d1', None, None], ['SSE-021', "Metal N'Alchemy (Copper Series)", '#774113', None, None], ['SSE-022', 'German Vehicles Camo Paint Set', '#cbb550', None, None], ['SSE-023', 'Waffen SS Camo I Paint Set', '#fab861', None, None], ['SSE-024', 'Waffen SS Camo II Paint Set', '#3f5232', None, None], ['SSE-035', 'US Army and Marines Paint Set', '#1c1c1c', None, None], ['SSE-043', 'Ribbons, Medals and Rewards Paint Set', '#1a3d1c', None, None], ['SSE-048', 'Makeup', '#d1d1d1', None, None], ['SSE-052', 'FX FLUOR experience', '#fefefe', None, None], ['SSE-056', 'human EYES', '#d1d1d1', None, None], ['SSE-057', 'German Helmets Paint Set', '#25282c', None, None], ['SSE-059', 'Velvet Skin', '#e0d8d6', None, None], ['SSE-062', 'Inktensity 2', '#2d221f', None, None], ['SSE-067', 'Weapons', '#424242', None, None], ['SSE-068', 'Wood Factory', '#904f17', None, None], ['SSE-071', 'Leather Equipment (Uniforms)', '#424242', None, None], ['SSE-072', 'Bricks & Roofs Paint Set', '#925447', None, None], ['SSE-074', 'Marines on Duty Paint Set', '#3f5232', None, None], ['SSE-075', 'Essential Basic Color Set', '#ffffff', None, None], ['SSE-076', 'Essential Basic 2 Color Set', '#c5ccd4', None, None], ['SSE-078', 'Fantasy & Games Basic Colors', '#d1d1d1', None, None], ['SSE-079', 'Fantasy & Games Basic Colors 2', '#f9ae6a', None, None], ['SSE-080', 'BOREAL LIGHTS.COOL COLORS', '#868c81', None, None], ['SSE-081', 'SOLAR FLARES.WARM COLORS', '##fff', None, None], ['SSE-100', 'Healing Potions Red Colors', '#810622', None, None], ['SSE-101', 'Revive Potions Skin Tones', '#405b32', None, None], ['SSE-102', 'Poison Flasks Green Colors', '#3579c0', None, None], ['SSE-103', 'Mana Elixir Blue colors', '#0d2736', None, None], ['SSE-104', 'Berserk Potions Brown Colors', '#50181b', None, None], ['SSE-105', 'Summon Potions Shadow Tones', '#1d1f1c', None, None], ['SSS-001', 'The Smog Riders Starter set', '#ffffff', None, None], ['SSE-106', 'Secrets of Alchemy Set', '#1d1f1c', None, None], ['SSE-020', 'Fantasy and Games Collection Paint Set', '#d1d1d1', None, None], ['SSE-063', 'Color Forge Collection', '#424242', None, None], ['SSE-000', 'Scalecolor Collection', '#ffffff', None, None], ['SSE-049', 'WarFront Collection', '#3f4c45', None, None], ['SBA-001', 'banshee COLOR THEORY', '#ffffff', None, None], ['SSS-002', 'War Tank Starter Set', '#635b4c', None, None], ['SSE-107', 'Instant Colors Wooden Mimic Chest', '#1d1f1c', None, None], ['SSE-053', 'Fuel and Grease', '##fff', None, None], ['SSE-073', 'Urban Dirt', '##fff', None, None], ['SFLOW-001', 'FLOW Primary', None, None, None], ['SFLOW-002', 'FLOW Core', None, None, None], ['SFLOW-003', 'FLOW Skin', None, None, None], ['SFLOW-004', 'FLOW Scenery', None, None, None], ['SFLOW-000', 'FLOW Full Set', None, None, None], ['SSE-061', 'Dust in Summertime', '##fff', None, None]], 'Scalecolor Artist': [['SART-01', 'ART WHITE', '#ffffff', 'Matt', 'Acrylic'], ['SART-02', 'ART BLACK', '#111111', 'Matt', 'Acrylic'], ['SART-03', 'PRIMARY BLUE', '#1c77b6', 'Matt', 'Acrylic'], ['SART-04', 'PRIMARY YELLOW', '#f4e918', 'Matt', 'Acrylic'], ['SART-05', 'PRIMARY RED', '#d53136', 'Matt', 'Acrylic'], ['SART-06', 'BURNT SIENNA UMBER', '#4d2b21', 'Matt', 'Acrylic'], ['SART-06', 'BURNT SIENNA UMBER', '#fff', 'Matt', 'Acrylic'], ['SART-07', 'PINK FLESH', '#bd7066', 'Matt', 'Acrylic'], ['SART-08', 'GOLDEN FLESH', '#e3a86e', 'Matt', 'Acrylic'], ['SART-09', 'LIGHT SKIN', '#d4b6af', 'Matt', 'Acrylic'], ['SART-10', 'CRIMSON', '#c22335', 'Matt', 'Acrylic'], ['SART-11', 'MOSS GREEN', '#444a30', 'Matt', 'Acrylic'], ['SART-12', 'BURNT SKIN', '#664023', 'Matt', 'Acrylic'], ['SART-13', 'BUFF', '#b49e83', 'Matt', 'Acrylic'], ['SART-14', 'PEARL GREY', '#877a81', 'Matt', 'Acrylic'], ['SART-15', 'VIOLET GREY', '#73737d', 'Matt', 'Acrylic'], ['SART-16', 'GREEN GREY', '#2c3033', 'Matt', 'Acrylic'], ['SART-17', 'VANILLA YELLOW', '#d9cd69', 'Matt', 'Acrylic'], ['SART-18', 'YELLOW NAPLES', '#dbad23', 'Matt', 'Acrylic'], ['SART-19', 'INTENSE YELLOW', '#f3cc02', 'Matt', 'Acrylic'], ['SART-20', 'YELLOW OCHRE', '#a1712f', 'Matt', 'Acrylic'], ['SART-21', 'RAW SIENNA', '#654326', 'Matt', 'Acrylic'], ['SART-22', 'ORANGE', '#d55c16', 'Matt', 'Acrylic'], ['SART-23', 'MAGENTA', '#c70885', 'Matt', 'Acrylic'], ['SART-24', 'PURPLE', '#912260', 'Matt', 'Acrylic'], ['SART-25', 'DARK VIOLET', '#491b40', 'Matt', 'Acrylic'], ['SART-26', 'TURQUOISE BLUE', '#15998e', 'Matt', 'Acrylic'], ['SART-27', 'COBALT BLUE', '#015f91', 'Matt', 'Acrylic'], ['SART-28', 'LIGHT ULTRAMARINE', '#263e88', 'Matt', 'Acrylic'], ['SART-29', 'DARK ULTRAMARINE', '#342a7b', 'Matt', 'Acrylic'], ['SART-30', 'PRUSIAN BLUE', '#07293d', 'Matt', 'Acrylic'], ['SART-31', 'LIGHT MOSS GREEN', '#62711b', 'Matt', 'Acrylic'], ['SART-32', 'SPRING GREEN', '#5e9f35', 'Matt', 'Acrylic'], ['SART-33', 'EMERALD GREEN', '#185442', 'Matt', 'Acrylic'], ['SART-34', 'SAP GREEN', '#053518', 'Matt', 'Acrylic'], ['SART-35', 'OLIVE GREEN', '#585135', 'Matt', 'Acrylic'], ['SART-36', 'EARTH GREEN', '#4b3d30', 'Matt', 'Acrylic'], ['SART-37', 'RED OCHRE', '#81372f', 'Matt', 'Acrylic'], ['SART-38', 'BURNT UMBER', '#51402c', 'Matt', 'Acrylic'], ['SART-39', 'WOOD', '#60483f', 'Matt', 'Acrylic'], ['SART-40', 'RAW UMBER', '#776033', 'Matt', 'Acrylic'], ['SART-41', 'DARK BROWN OCHRE', '#1e1317', 'Matt', 'Acrylic'], ['SART-42', 'BURNT SIENNA', '#7d2e07', 'Matt', 'Acrylic'], ['SART-43', 'VANILLA WHITE', '#ede8d4', 'Matt', 'Acrylic'], ['SART-44', 'ARTIC BLUE', '#8990a2', 'Matt', 'Acrylic'], ['SART-45', 'PASTEL VIOLET', '#814b96', 'Matt', 'Acrylic'], ['SART-46', 'PASTEL GREEN', '#939e98', 'Matt', 'Acrylic'], ['SART-47', 'OFF WHITE', '#e0d4ba', 'Matt', 'Acrylic'], ['SART-48', 'PASTEL BLUE', '#43636e', 'Matt', 'Acrylic'], [None, None, '#ffffff', None, None], ['SSAR-001', 'Basic Colors', '#ffffff', None, None], ['SSAR-002', 'Skin Tones', '#bd7066', None, None], ['SSAR-003', 'Shades of Grey', '#ffffff', None, None], ['SSAR-004', 'Empire of the sun', '#f4e918', None, None], ['SSAR-005', 'Thin Red Line', '#d53136', None, None], ['SSAR-006', 'Ocean┬┤s Six', '#1c77b6', None, None], ['SSAR-007', 'Green Mile', '#62711b', None, None], ['SSAR-008', 'Wuthering Hights', '#4d2b21', None, None], ['SSAR-009', 'Sweet Dreams', '#ede8d4', None, None]], 'Scalefinishes.com': [[None, None, '#21412c', 'Gloss', 'Enamel'], [None, None, '#7a3d4f', 'Gloss', 'Enamel'], [None, None, '#315c81', 'Gloss', 'Enamel'], [None, None, '#87a27c', 'Gloss', 'Enamel'], [None, None, '#576f93', 'Gloss', 'Enamel'], [None, None, '#d74b21', 'Gloss', 'Enamel'], [None, None, '#bb221b', 'Gloss', 'Enamel'], [None, None, '#695327', 'Gloss', 'Enamel'], [None, None, '#7e6f4c', 'Gloss', 'Enamel'], [None, None, '#fff', 'Gloss', 'Enamel'], [None, None, '#778a7c', 'Gloss', 'Enamel'], [None, None, '#113322', 'Gloss', 'Enamel'], [None, None, '#3f7aa6', 'Gloss', 'Enamel'], [None, None, '#c68d4d', 'Gloss', 'Enamel'], [None, None, '#e3f1ce', 'Gloss', 'Enamel'], [None, None, '#ac4313', 'Matt', 'Enamel'], [None, None, '#28332f', 'Matt', 'Enamel'], [None, None, '#e2a300', 'Matt', 'Enamel'], [None, None, '#002e5a', 'Matt', 'Enamel'], [None, None, '#fff', 'Matt', 'Enamel'], [None, None, '#fff', 'Matt', 'Enamel'], [None, None, '#1a3073', 'Matt', 'Enamel'], [None, None, '#fff', 'Matt', 'Enamel'], [None, None, '#fff', 'Matt', 'Enamel'], [None, None, '#a0cdee', 'Matt', 'Enamel'], [None, None, '#171412', 'Matt', 'Enamel'], [None, None, '#fff', 'Matt', 'Enamel'], [None, None, '#6a1000', 'Matt', 'Enamel'], [None, None, '#817863', 'Matt', 'Enamel'], [None, None, '#bba58e', 'Matt', 'Enamel'], [None, None, '#aaa9ad', 'Matt', 'Enamel'], [None, None, '#132c6f', 'Matt', 'Enamel'], [None, None, '#bd4d40', 'Gloss', 'Enamel'], [None, None, '#fff', 'Gloss', 'Enamel'], ['1953', 'Ford L Sungate Ivory', '#fff9bf', 'Gloss', 'Enamel'], ['1954', 'Ford H Sea Haze Green', '#97c3b4', 'Gloss', 'Enamel'], ['1954', 'Buick N Galway Green Base Coat', '#2f6653', 'Matt', 'Enamel'], ['1956', 'Chevrolet 698 Twilight Torquoise', '#fff', 'Gloss', 'Enamel'], ['1957', 'Desoto Sahara Tan', '#ceb688', 'Gloss', 'Enamel'], ['1957', 'Chevrolet 713 Atric Blue', '#82accd', 'Gloss', 'Enamel'], ['1959', 'Chevrolet 910 Frost Blue', '#bfdfed', 'Gloss', 'Enamel'], ['1959', 'Oldsmobile P Golden Mist Base Coat', '#d5cd94', 'Matt', 'Enamel'], ['1960', 'Ford E Belmont Blue', '#4e617d', 'Gloss', 'Enamel'], ['1965', 'Ford D Dynasty Green', '#fff', 'Gloss', 'Enamel'], ['1965', 'Chevrolet E Danube Blue', '#fff', 'Gloss', 'Enamel'], ['1965', 'Buick 65 Flame Orange Base Coat', '#f66b29', 'Matt', 'Enamel'], ['1966', 'Chevrolet 984 Sunfire Yellow', '#fff', 'Gloss', 'Enamel'], ['1967', 'Pontiac R Regimental Red', '#7d1d1d', 'Gloss', 'Enamel'], ['1967', 'Ford Y Dark Moss Green', '#4a5d23', 'Gloss', 'Enamel'], ['1967', 'Chevrolet Tahoe Turquoise', '#fff', 'Gloss', 'Enamel'], ['1968', 'Chevrolet Cardinal Red', '#b5342d', 'Matt', 'Enamel'], ['1970', 'Dodge B3 Blue Streak', '#fff', 'Gloss', 'Enamel'], ['1970', 'Volkswagen L50B Diamond Blue', '#fff', 'Gloss', 'Enamel'], ['1973', 'Chevrolet 980 Orange Mettallic', '#da680f', 'Gloss', 'Enamel'], ['1975', 'Chevrolet 75 Red Base Coat', '#fff', 'Matt', 'Enamel'], ['1978', 'Chevrolet 15 Silver', '#aab5c1', 'Gloss', 'Enamel'], ['1986', 'Mercedes 459 Mocha', '#5b4b40', 'Gloss', 'Enamel'], ['BL-4', 'SCALEFINISHES.COM BL-4 Gloss Black Enamel', None, 'Gloss', 'Enamel'], ['G8A', 'Corvette G8A Velocity Yellow', '#fff', 'Gloss', 'Enamel'], ['GBA', 'Corvette GBA Black', '#fff', 'Gloss', 'Enamel'], ['M5U', 'Porsche LM5U Diamond Blue Base Coat', '#09203f', 'Matt', 'Enamel'], [None, None, '#fff', 'Gloss', 'Enamel'], [None, None, '#fff', 'Gloss', 'Enamel'], [None, None, '#fff', 'Gloss', 'Enamel'], [None, None, '#fff', 'Gloss', 'Enamel'], [None, None, '#fff', 'Satin', 'Enamel'], [None, None, '#fff', 'Pearl', 'Enamel'], [None, None, '#fff', 'Iridescent', 'Enamel'], [None, None, '#fff', 'Iridescent', 'Enamel'], [None, None, '#fff', 'Iridescent', 'Enamel'], [None, None, '#fff', 'Iridescent', 'Enamel'], [None, None, '#fff', 'Matt', None], [None, None, '#fff', 'Matt', None], [None, None, '#fff', 'Matt', None], [None, None, '#fff', 'Matt', None], ['HOK KBC01', 'BRANDYWINE', '#fff', 'Pearl', None], ['HOK KBC01', 'SCALEFINISHES.COM HOUSE OF KOLOR BRANDYWINE', None, 'Pearl', None], ['LS9R', 'SCALEFINISHES.COM GLACIER WHITE METALLIC', None, 'Pearl', None], ['WHITE', 'SCALEFINISHES.COM SUPERprimer', None, 'Matt', None], ['Chevrolet Orange (57-76)', '', None, 'Gloss', None], ['FORD CORPORATE BLUE', '', None, 'Gloss', None], [None, None, '#fff', 'Gloss', None], [None, None, '#fff', 'Gloss', None], [None, None, '#fff', 'Gloss', None], [None, None, '#fff', 'Gloss', None], [None, None, '#fff', 'Gloss', None], [None, None, '#fff', 'Gloss', None], [None, None, '#fff', 'Gloss', None], [None, None, '#fff', 'Gloss', None], [None, None, '#fff', 'Gloss', None], [None, None, '#fff', 'Gloss', None], [None, None, '#fff', 'Gloss', None], [None, None, '#fff', 'Gloss', None], ['2K CLEAR', 'SCALEFINISHES.COM 2K Urethane Clearcoat', None, 'Gloss', None], ['2K HARDENER', 'SCALEFINISHES.COM 2K HARDENER', None, 'Gloss', None]], 'Schmincke': [['303', 'Liquid frisket/drawing gum, colored, ammonia free', '#fff', None, None], ['203', 'Indischgelb / Indian yellow', '#fff', 'Gloss', 'Acrylic'], ['786', 'Charcoal grey', '#fff', 'Matt', 'Acrylic'], ['100', 'wei├ƒ / white', '#fff', 'Gloss', 'Acrylic'], ['101', 'SUPRA-wei├ƒ / SUPRA-white', '#fff', 'Gloss', 'Acrylic'], ['200', 'Titangelb gr├╝nlich / Titanium yell, green shade', '#fff', 'Gloss', 'Acrylic'], ['201', 'Zitronengelb / Lemon yellow', '#fff', 'Gloss', 'Acrylic'], ['202', 'BASIS Gelb / Primary yellow', '#fff', 'Gloss', 'Acrylic'], ['204', 'Kadmiumorangeton / Cadmium orange hue', '#fff', 'Gloss', 'Acrylic'], ['205', 'Rotorange / Red orange', '#fff', 'Gloss', 'Acrylic'], ['300', 'Scharlach / Scarlet', '#fff', 'Gloss', 'Acrylic'], ['306', 'Brilliantrot / Brilliant red', '#fff', 'Gloss', 'Acrylic'], ['400', 'Indigo / Indigo', '#fff', 'Gloss', 'Acrylic'], ['401', 'Preu├ƒischblau / Prussian blue', '#fff', 'Gloss', 'Acrylic'], ['402', 'Ultramarin / Ultramarine', '#fff', 'Gloss', 'Acrylic'], ['403', 'Saphirblau / Sapphire blue', '#fff', 'Gloss', 'Acrylic'], ['404', 'Kobaltblau / Cobalt blue', '#fff', 'Gloss', 'Acrylic'], ['405', 'BASIS Cyan / Primary blue cyan', '#fff', 'Gloss', 'Acrylic'], ['406', 'T├╝rkisblau / Turquoise blue', '#fff', 'Gloss', 'Acrylic'], ['500', 'Phthalgr├╝n / Phthalo green', '#fff', 'Gloss', 'Acrylic'], ['501', 'Brilliantgr├╝n / Brilliant green', '#fff', 'Gloss', 'Acrylic'], ['502', 'Permanentgr├╝n / Permnent green', '#fff', 'Gloss', 'Acrylic'], ['503', 'Olivgr├╝n / Olive green', '#fff', 'Gloss', 'Acrylic'], ['504', 'Chromoxidgr├╝n feurig / Chrom. oxide green brill.', '#fff', 'Gloss', 'Acrylic'], ['505', 'Olivbraun / Olive brown', '#fff', 'Gloss', 'Acrylic'], ['600', 'Goldocker / Gold ochre', '#fff', 'Gloss', 'Acrylic'], ['601', 'Siena / Sienna', '#fff', 'Gloss', 'Acrylic'], ['602', 'Brazil Braun / Brown brazil', '#fff', 'Gloss', 'Acrylic'], ['603', 'Sepia / Sepia', '#fff', 'Gloss', 'Acrylic'], ['604', 'Siena gebrannt / Burnt Siena', '#fff', 'Gloss', 'Acrylic'], ['605', 'Hautton / Flesh tint', '#fff', 'Gloss', 'Acrylic'], ['700', 'Lichtgrau / Pale grey', '#fff', 'Gloss', 'Acrylic'], ['701', 'Neutralgrau / Neutal grey', '#fff', 'Gloss', 'Acrylic'], ['702', 'Schwarz / Black', '#fff', 'Gloss', 'Acrylic'], ['28101', 'Aero Color Total Cover', '#fff', 'Matt', 'Acrylic'], ['620', 'umber', '#fff', 'Satin', 'Acrylic'], ['660', 'caput mortuum', '#fff', 'Satin', 'Acrylic'], ['482', 'Mussini - cobalt violet', '#fff', 'Satin', None], ['11 329', 'Norma - Karminrot', '#fff', 'Matt', None], ['102', 'Mussini - zinc white', '#fff', 'Satin', None], ['224', 'Mussini - brilliant yellow', '#fff', 'Satin', None], ['612', 'Mussini - burnt umber', '#fff', 'Satin', None], ['646', 'Mussini - natural Bohemian green earth', '#fff', 'Satin', None], ['656', 'Mussini - Attish light ocre', '#fff', 'Satin', None], ['661', 'Mussini - natural burnt Sienna', '#fff', 'Satin', None], ['666', 'Mussini - natural burnt umber', '#fff', 'Satin', None], ['792', 'Mussini - dove grey', '#fff', 'Satin', None], ['10342', 'Kadmiumrotton', '#fff', 'Satin', None], ['11 105', 'Norma - Deckweiss', '#fff', 'Matt', None], ['11108', 'Kremserwei├ƒton', '#fff', 'Satin', None], ['11 112', 'Norma - Zinkwei├ƒ', '#fff', 'Matt', None], ['11 217', 'Norma - Indischgelb', '#fff', 'Matt', None], ['11 219', 'Norma - Hautton', '#fff', 'Matt', None], ['11 454', 'Norma - Kobaltblau dunkel', '#fff', 'Matt', None], ['11 512', 'Norma - Olivgr├╝n', '#fff', 'Matt', None], ['11 674', 'Norma - Lichter Ocker', '#fff', 'Matt', None], ['11 675', 'Norma - Siena natur', '#fff', 'Matt', None], ['11 676', 'Norma - Gelber Ocker', '#fff', 'Matt', None], ['11 682', 'Norma - Englischrot dunkel', '#fff', 'Matt', None], ['11 684', 'Norma - Siena gebrannt', '#fff', 'Matt', None], ['11 685', 'Norma - Umbra nat. br├ñunlich', '#fff', 'Matt', None], ['11 687', 'Norma - Umbra gebrannt', '#fff', 'Matt', None]], 'Skull Color Automotive': [['100.083', 'Moon Yellow', None, 'Satin', 'Acrylic'], ['100.084', 'Baby Blue', None, 'Satin', 'Acrylic'], ['120.052', 'Ferra Red', None, 'Satin', 'Acrylic'], ['120.110', 'Ninja Green', None, 'Satin', 'Acrylic'], ['120.111', 'Flat Black', None, 'Matt', 'Acrylic']], 'Skull Color Auxiliary': [['120.055', 'Gloss Varnish', None, 'Varnish', 'Acrylic'], ['120.056', 'Matt Varnish', None, 'Varnish', 'Acrylic'], ['120.057', 'Satin Varnish', None, 'Varnish', 'Acrylic']], 'Skull Color Clear': [['100.041', 'Clear Blue', None, 'Satin', 'Acrylic'], ['100.042', 'Clear Yellow', None, 'Satin', 'Acrylic'], ['100.043', 'Clear Red', None, 'Satin', 'Acrylic'], ['100.044', 'Clear Orange', None, 'Satin', 'Acrylic'], ['100.045', 'Clear Green', None, 'Satin', 'Acrylic'], ['100.046', 'Clear Violet', None, 'Satin', 'Acrylic'], ['100.047', 'Clear Smoke', None, 'Satin', 'Acrylic'], ['100.048', 'Clear Pink', None, 'Satin', 'Acrylic'], ['100.049', 'Clear Gold', None, 'Satin', 'Acrylic'], ['100.050', 'Clear Sky Blue', None, 'Satin', 'Acrylic'], ['100.051', 'Clear Aqua Blue', None, 'Satin', 'Acrylic']], 'Skull Color Figure': [['100.035', 'Light Skintone', None, 'Matt', 'Acrylic'], ['100.036', 'Fair Skintone', None, 'Matt', 'Acrylic'], ['100.037', 'Medium Skintone', None, 'Matt', 'Acrylic'], ['100.039', 'Orange DBZ', None, 'Matt', 'Acrylic']], 'Skull Color Fluorescent': [['100.012', 'Yellow Fluo', None, 'Fluo', 'Acrylic'], ['100.013', 'Pink Fluo', None, 'Fluo', 'Acrylic'], ['100.014', 'Green Fluo', None, 'Fluo', 'Acrylic'], ['100.015', 'Orange Fluo', None, 'Fluo', 'Acrylic']], 'Skull Color Gloss': [['100.053', 'Enamel Extra White Gloss', None, 'Gloss', 'Enamel'], ['100.054', 'Enamel Extra Black Gloss', None, 'Gloss', 'Enamel'], ['100.085', 'Jet White Gloss', None, 'Gloss', 'Acrylic'], ['100.086', 'Jet Black Gloss', None, 'Gloss', 'Acrylic'], ['100.087', 'Alpha Blue Gloss', None, 'Gloss', 'Acrylic'], ['100.088', 'Alpha Yellow Gloss', None, 'Gloss', 'Acrylic'], ['100.089', 'Alpha Red Gloss', None, 'Gloss', 'Acrylic']], 'Skull Color Metallic': [['120.071', 'Super Silver', None, 'Metallic', 'Acrylic'], ['120.072', 'Gun Metal', None, 'Metallic', 'Acrylic'], ['120.073', 'Bright Gold', None, 'Metallic', 'Acrylic'], ['120.040', 'Skull Color Limited Edition', None, 'Metallic', 'Acrylic'], ['120.074', 'Aluminum', None, 'Metallic', 'Acrylic'], ['120.075', 'Copper', None, 'Metallic', 'Acrylic'], ['120.076', 'Titanium Gold', None, 'Metallic', 'Acrylic'], ['120.077', 'Burning Gold', None, 'Metallic', 'Acrylic'], ['120.078', 'Steel', None, 'Metallic', 'Acrylic'], ['120.079', 'Metal Blue', None, 'Metallic', 'Acrylic'], ['120.080', 'Metal Red', None, 'Metallic', 'Acrylic'], ['120.081', 'Metal Violet', None, 'Metallic', 'Acrylic'], ['120.082', 'Metal Green', None, 'Metallic', 'Acrylic']], 'Skull Color Military': [['100.059', 'Earth', None, 'Matt', 'Acrylic'], ['100.060', 'Dark Green', None, 'Matt', 'Acrylic'], ['100.061', 'German Grey', None, 'Matt', 'Acrylic'], ['100.062', 'Dark Yellow', None, 'Matt', 'Acrylic'], ['100.063', 'Olive Green', None, 'Matt', 'Acrylic'], ['100.064', 'Red Brown', None, 'Matt', 'Acrylic'], ['100.065', 'Panzer Primer', None, 'Matt', 'Acrylic']], 'Skull Color Pearl': [['120.066', 'Pearl Gold', None, 'Metallic', 'Acrylic'], ['120.067', 'Pearl Blue', None, 'Metallic', 'Acrylic'], ['120.068', 'Pearl Violet', None, 'Metallic', 'Acrylic'], ['120.069', 'Pearl Green', None, 'Metallic', 'Acrylic'], ['120.070', 'Pearl White', None, 'Metallic', 'Acrylic']], 'Skull Color Primary': [['100.001', 'White', None, 'Matt', 'Acrylic'], ['100.002', 'Black', None, 'Matt', 'Acrylic'], ['100.003', 'Blue', None, 'Matt', 'Acrylic'], ['100.004', 'Yellow', None, 'Matt', 'Acrylic'], ['100.005', 'Red', None, 'Matt', 'Acrylic'], ['100.006', 'Green', None, 'Matt', 'Acrylic'], ['100.007', 'Violet', None, 'Matt', 'Acrylic'], ['100.008', 'Pink', None, 'Matt', 'Acrylic'], ['100.010', 'Cobalt Blue', None, 'Matt', 'Acrylic'], ['100.011', 'Turquoise', None, 'Matt', 'Acrylic']], 'Skull Color Robot': [['100.021', 'Red Comet 1', None, 'Matt', 'Acrylic'], ['100.022', 'Red Comet 2', None, 'Matt', 'Acrylic'], ['100.023', 'MS06 Green 1', None, 'Matt', 'Acrylic'], ['100.024', 'MS06 Green 2', None, 'Matt', 'Acrylic'], ['100.025', 'G Custom Blue', None, 'Matt', 'Acrylic'], ['100.026', 'RX78 Blue', None, 'Matt', 'Acrylic'], ['100.027', 'RX78 Yellow', None, 'Matt', 'Acrylic'], ['100.028', 'Bloody Red SZ', None, 'Matt', 'Acrylic'], ['100.029', 'Inner Frame Grey', None, 'Matt', 'Acrylic']], 'Skull Color Solvent': [['100.032', 'Enamel Solvent (Dilute Enamel Paint)', None, 'Thinners', 'Enamel'], ['120.033', 'Odorless Solvent (Dilute Enamel Paint for Weathering)', None, 'Thinners', 'Enamel'], ['80.034', 'Tools Cleaner (Clean Painting Equipment)', None, 'Cleaners', 'Acrylic'], ['100.030', 'Acrylic Solvent (Dilute Lacquer Paint)', None, 'Thinners', 'Acrylic'], ['100.031', 'Acrylic Remover (Remove Lacquer Paint)', None, 'Cleaners', 'Acrylic'], ['120.038', 'Levelling Thinner (Dilute Lacquer paint with gloss finish)', None, 'Thinners', 'Acrylic'], ['120.058', 'Water Base Solvent (Dilute Water-based paint)', None, 'Thinners', 'Acrylic']], 'Skull Color Special': [['240.016', 'Liquid Chrome Silver', None, 'Iridescent', 'Acrylic'], ['240.017', 'Galazy Violet', None, 'Iridescent', 'Acrylic'], ['240.018', 'Galazy Red', None, 'Iridescent', 'Acrylic'], ['240.019', 'Galaxy Green', None, 'Iridescent', 'Acrylic'], ['240.020', 'Hologra', None, 'Iridescent', 'Acrylic']], 'Skull Color Surface Primer': [['100.091', 'Surface Gray', None, 'Matt', 'Acrylic'], ['100.092', 'Surface White', None, 'Matt', 'Acrylic'], ['100.093', 'Surface Black', None, 'Matt', 'Acrylic'], ['100.097', 'Surface Grey 1800', None, 'Matt', 'Acrylic'], ['100.098', 'Surface White 1800', None, 'Matt', 'Acrylic'], ['100.099', 'Surface Black 1800', None, 'Matt', 'Acrylic'], ['150.094', 'Surface Grey SURFACE PRIMER 120 ml', None, 'Matt', 'Acrylic'], ['150.095', 'Surface White', None, 'Matt', 'Acrylic'], ['150.096', 'Surface Black', None, 'Matt', 'Acrylic']], 'SkullColor': [[None, None, '#d3d3d3', 'Matt', None], [None, None, '#ffffff', 'Cleaners', None]], 'SMS': [['PFIX01', 'PIGMENT FIXER', None, None, 'Enamel'], [None, None, '#fff', None, 'Enamel'], ['IA01', 'Infinite RETARDER MEDIUM', None, 'Matt', 'Acrylic'], ['IA02', 'Infinite SLOW DRY', '#ffffff', 'Matt', 'Acrylic'], ['IA03', 'Infinite SHEEN ADJUST', None, 'Matt', 'Acrylic'], ['IC01', 'Infinite BLACK', '#000000', 'Matt', 'Acrylic'], ['IC02', 'Infinite WHITE', '#ffffff', 'Matt', 'Acrylic'], ['IC03', 'Infinite CLEAR', None, 'Matt', 'Acrylic'], ['IC04', 'Infinite FLAT CLEAR', None, 'Matt', 'Acrylic'], ['IC05', 'Infinite PALE YELLOW', '#fff260', 'Matt', 'Acrylic'], ['IC06', 'Infinite SUNSHINE', '#ffe403', 'Matt', 'Acrylic'], ['IC07', 'Infinite LEMON', '#fade49', 'Matt', 'Acrylic'], ['IC08', 'Infinite GODEN SUN', '#febd02', 'Matt', 'Acrylic'], ['IC09', 'Infinite ORCHRE', '#e9bd5e', 'Matt', 'Acrylic'], ['IC10', 'Infinite FIRE ORANGE', '#fd682a', 'Matt', 'Acrylic'], ['IC11', 'Infinite OXIDE', '#903f34', 'Matt', 'Acrylic'], ['IC12', 'Infinite BURGUNDY', '#6b3739', 'Matt', 'Acrylic'], ['IC13', 'Infinite CHOCOLATE', '#483634', 'Matt', 'Acrylic'], ['IC14', 'Infinite FLAME RED', '#e44137', 'Matt', 'Acrylic'], ['IC15', 'Infinite VIPER RED', '#d41e2b', 'Matt', 'Acrylic'], ['IC16', 'Infinite CARDINAL', '#ae1a2f', 'Matt', 'Acrylic'], ['IC17', 'Infinite PHONIX RED', '#c2102d', 'Matt', 'Acrylic'], ['IC18', 'Infinite MAROON', '#792831', 'Matt', 'Acrylic'], ['IC19', 'Infinite RHODAMINE', '#d32057', 'Matt', 'Acrylic'], ['IC20', 'Infinite PLUM', '#833360', 'Matt', 'Acrylic'], ['IC21', 'Infinite VIOLET', '#4e397e', 'Matt', 'Acrylic'], ['IC22', 'Infinite DEEP ROYAL', '#333365', 'Matt', 'Acrylic'], ['IC23', 'Infinite NIGHTSHADE', '#203d5f', 'Matt', 'Acrylic'], ['IC24', 'Infinite ELEMENTAL BLUE', '#0273ba', 'Matt', 'Acrylic'], ['IC25', 'Infinite INFINITE BLUE', '#004a97', 'Matt', 'Acrylic'], ['IC26', 'Infinite COBALT BLUE', '#2c3a7b', 'Matt', 'Acrylic'], ['IC27', 'Infinite SENTINEL BLUE', '#213878', 'Matt', 'Acrylic'], ['IC28', 'Infinite TEALSTONE', '#016972', 'Matt', 'Acrylic'], ['IC29', 'Infinite NUCLEAR GLOW', '#88c82c', 'Matt', 'Acrylic'], ['IC30', 'Infinite GOBLINSKIN', '#027b44', 'Matt', 'Acrylic'], ['IC31', 'Infinite GREENSCALE', '#00644c', 'Matt', 'Acrylic'], ['IC32', 'Infinite ORCSKIN', '#31653e', 'Matt', 'Acrylic'], ['IC33', 'Infinite DARK ORC', '#2f483b', 'Matt', 'Acrylic'], ['IC34', 'Infinite VIVID YELLOW', '#eaf004', 'Matt', 'Acrylic'], ['IC35', 'Infinite GLOWSTONE', '#36d650', 'Matt', 'Acrylic'], ['IC36', 'Infinite LUMINOUS PINK', '#ff008a', 'Matt', 'Acrylic'], ['IC37', 'Infinite LAVAGLOW', '#fb5626', 'Matt', 'Acrylic'], ['IC38', 'Infinite RADIANT RED', '#f4220a', 'Matt', 'Acrylic'], ['IC39', 'Infinite CLARET', '#64181c', 'Matt', 'Acrylic'], ['IC40', 'Infinite WARM IVORY', '#fffff7', 'Matt', 'Acrylic'], ['IC41', 'Infinite PINK GREY', '#e4cbb7', 'Matt', 'Acrylic'], ['IC42', 'Infinite BLUE PEACH', '#e7c3b7', 'Matt', 'Acrylic'], ['IC43', 'Infinite PEACH', '#f6c6af', 'Matt', 'Acrylic'], ['IC44', 'Infinite SALMON', '#e3917e', 'Matt', 'Acrylic'], ['IC45', 'Infinite DARK SALMON', '#d9a085', 'Matt', 'Acrylic'], ['IC46', 'Infinite LIGHT TAN', '#e2c38b', 'Matt', 'Acrylic'], ['IC47', 'Infinite YELLOW TAN', '#e3c770', 'Matt', 'Acrylic'], ['IC48', 'Infinite TAN', '#e5b87d', 'Matt', 'Acrylic'], ['IC49', 'Infinite LIGHT RUST', '#e48b56', 'Matt', 'Acrylic'], ['IC50', 'Infinite DARK RUST', '#c5663a', 'Matt', 'Acrylic'], ['IC51', 'Infinite RED RUST', '#c7684a', 'Matt', 'Acrylic'], ['IC52', 'Infinite RUST OXIDE', '#ab553c', 'Matt', 'Acrylic'], ['IC53', 'Infinite DARK BROWN RUST', '#76453e', 'Matt', 'Acrylic'], ['IC54', 'Infinite LIGHT GREEN OXIDE', '#aadcd0', 'Matt', 'Acrylic'], ['IC55', 'Infinite DARK GREEN OXIDE', '#69bfb4', 'Matt', 'Acrylic'], ['IC56', 'Infinite WHITE OXIDE', '#f3f3f1', 'Matt', 'Acrylic'], ['IML01', 'Infinite Colour AUSCAM GREEN', '#6b6652', 'Matt', 'Acrylic'], ['IML02', 'Infinite Colour AUSCAM BROWN', '#e0b89d', 'Matt', 'Acrylic'], ['IML03', 'Infinite Colour AUSCAM BLACK', '#36383e', 'Matt', 'Acrylic'], [None, None, '#fff', 'Matt', 'Acrylic'], [None, None, '#fff', 'Matt', 'Acrylic'], ['PLW01', 'Wash BROWN', '#644830', 'Matt', None], ['PLW02', 'Wash BLACK', '#000000', 'Matt', None], ['PLW03', 'Wash GREY', '#cecece', 'Matt', None], ['PLW04', 'Wash DARK BROWN', '#4e3a31', 'Matt', None], ['PLW05', 'Wash WHITE', '#ffffff', 'Matt', None], ['PLW06', 'Wash SAND', '#e5dba0', 'Matt', None], ['PLW07', 'Wash UMBER', '#834a2d', 'Matt', None], ['PLW08', 'Wash OLIVE', '#4c652c', 'Matt', None], ['TNE01', 'Tone Filter RED', '#ff0000', 'Matt', None], ['TNE02', 'Tone Filter BLUE', '#0000ff', 'Matt', None], ['TNE03', 'Tone Filter GREEN', '#00ff00', 'Matt', None], ['CN01', 'Colour Shift - GALAXY (BLUE / PURPLE)', None, 'Gloss', None], ['CN02', 'Colour Shift - NEBULA (CYAN / BLUE / PURPLE)', None, 'Gloss', None], ['CN03', 'Colour Shift - SUNSET (MAUVE / PURPLE / ORANGE)', None, 'Gloss', None], ['CN04', 'Colour Shift - CHAMELEON TOXIC SPILL (GREEN/WHITE/PURPLE)', None, 'Gloss', None], ['CN05', 'Colour Shift - ACID RAIN (YELLOW / GREENISH BLUE)', None, 'Gloss', None], ['CN06', 'Colour Shift - LAVA (ORANGE/YELLOW)', None, 'Gloss', None], ['CN07', 'Colour Shift - ALIEN (VIOLET/BLUE/GREEN)', None, 'Gloss', None], ['CN08', 'Colour Shift - VORTEX (GOLD/GREEN/BLUE)', None, 'Gloss', None], ['CN09', 'Colour Shift Extreme - SUPERNOVA (GOLD/GREEN/MAGENTA)', None, 'Gloss', None], ['CN10', 'Colour Shift Extreme - BLACK HOLE (ROYAL BLUE/PURPLE/ORANGE)', None, 'Matt', None], ['CN11', 'Colour Shift Extreme - HYPER SPACE (BLUE/AQUA/GREEN)', None, 'Matt', None], ['CN12', 'Colour Shift Extreme - COSMIC DUST (RED/ORANGE/GOLD/GREEN)', None, None, None], ['CN13', 'Colour Shift Extreme - ECLIPSE (RED/ORANGE/BLACK)', None, 'Matt', None], ['CN14', 'Colour Shift Extreme - ABYSS (DEEP PURPLE/BLUE/ORANGE/GOLD)', None, None, None], ['CR01', 'Crystal SAPPHIRE', None, None, None], ['CR02', 'Crystal GARNET', None, None, None], ['CR03', 'Crystal EMERALD', None, None, None], ['CR04', 'Crystal AMETHYST', None, None, None], ['CR05', 'Crystal TOPAZ', None, None, None], ['EF01', 'Effects GLOW IN THE DARK', None, None, None], ['EF02', 'Effects UV REACTIVE BLUE', '#5ee7fa', None, None], ['EF03', 'Effects PRISMATIC SILVER', None, 'Metallic', None], ['FS34088', 'CAMO GREEN', '#515233', 'Matt', None], ['LVR01', 'Premium LEVELLER - Paint Additive', None, None, None], ['PA01', 'Auto Colour BARBADOS GREEN', '#ccff00', 'Matt', None], ['PA02', 'Auto Colour ORCHID', '#bb7689', 'Matt', None], ['PA03', 'Auto Colour CHAMPAGNE GOLD', '#cbab7c', 'Matt', None], ['PA04', 'Auto Colour GLACIER WHITE', '#f8f8f8', 'Matt', None], ['PA05', 'Auto Colour CHROME YELLOW', '#efc125', 'Matt', None], ['PA06', 'Auto Colour TANGERINE ORANGE', '#fd6630', 'Matt', None], ['PA07', 'Auto Colour SALAMANCA RED', '#d93529', 'Matt', None], ['PA08', 'Auto Colour SAFFRON', '#cc6c34', 'Matt', None], ['PA09', 'Auto Colour AQUA MARINE', '#038fa3', 'Metallic', None], ['PA10', 'Auto Colour SUNBURST YELLOW', '#bc9325', 'Metallic', None], ['PA11', 'Auto Colour DUBLIN GREEN', '#5d5b32', 'Metallic', None], ['PA12', 'Auto Colour HK ROCKET RED', '#dc2e28', 'Matt', None], ['PA13', 'Auto Colour ROCKET RED MKII', '#f25236', 'Matt', None], ['PA14', 'Auto Colour HOLDEN ENGINE RED', '#96442b', 'Matt', None], ['PL##', 'Premium SAC Bomber Green (FS34159)', '#585e50', 'Matt', None], ['PL01', 'Premium BLACK', '#000000', 'Gloss', None], ['PL02', 'Premium WHITE', '#ffffff', 'Matt', None], ['PL02', 'Premium White', '#fff', None, None], ['PL03', 'Premium RED', '#a6302c', 'Matt', None], ['PL04', 'Premium BLUE', '#363362', 'Matt', None], ['PL05', 'Premium YELLOW', '#e9c21c', 'Matt', None], ['PL06', 'Premium GREEN', '#32582f', 'Matt', None], ['PL07', 'Premium BROWN', '#644830', 'Matt', None], ['PL08', 'Premium ORANGE', '#dd722c', 'Matt', None], ['PL09', 'Premium CLEAR GLOSS', '#ffffff', 'Gloss', None], ['PL10', 'Premium FLAT CLEAR', '#ffffff', 'Matt', None], ['PL11', 'Premium PURPLE', '#864379', 'Matt', None], ['PL12', 'Premium OLIVE', '#565e2f', 'Matt', None], ['PL13', 'Premium DARK BROWN', '#4e3a31', 'Matt', None], ['PL14', 'Premium SKY GREEN', '#94b177', 'Matt', None], ['PL15', 'Premium RED OXIDE', '#643734', 'Matt', None], ['PL16', 'Premium SAND', '#d7c28b', 'Matt', None], ['PL17', 'Premium FLESH PINK', '#f8f5db', 'Matt', None], ['PL18', 'Premium CLEAR RED', '#e32805', None, None], ['PL19', 'Premium CLEAR BLUE', '#4000d2', None, None], ['PL20', 'Premium CLEAR GREEN', '#01b828', None, None], ['PL21', 'Premium CLEAR YELLOW', '#f6f818', None, None], ['PL22', 'Premium CLEAR ORANGE', '#fa7500', None, None], ['PL23', 'Premium CLEAR BLACK', '#000000', None, None], ['PL24', 'Premium CLEAR BROWN', '#644830', None, None], ['PL25', 'Premium CLEAR PURPLE', '#8301c5', None, None], ['PL26', 'Premium LILAC', '#a68bae', 'Matt', None], ['PL27', 'Premium NEUTRAL GREY', '#ededed', 'Matt', None], ['PL28', 'Premium WHITE PEARL', '#ffffff', 'Matt', None], ['PL29', 'Premium SIGNAL RED', '#b53b2c', 'Matt', None], ['PL30', 'Premium JET BLACK', '#000000', 'Matt', None], ['PL31', 'Premium CAMO GREEN (FS34088)', '#655e4c', 'Matt', None], ['PL32', 'Premium CAMO BROWN (FS30219)', '#d7ac82', 'Matt', None], ['PL33', 'Premium CAMO BLACK (FS37038)', '#0d1718', 'Matt', None], ['PL34', 'Premium PILBARA', '#9c624e', 'Matt', None], ['PL35', 'Premium HULL RED', '#431a08', 'Matt', None], ['PL36', 'Premium FIELD BLUE', '#3b3f48', 'Matt', None], ['PL37', 'Premium BRIGHT BLUE', '#3899ce', 'Matt', None], ['PL38', 'Premium GERMAN GREY', '#3f494b', 'Matt', None], ['PL39', 'Premium INTERIOR GREEN', '#aeae36', 'Matt', None], ['PL40', 'Premium VIOLET', '#5e3962', 'Matt', None], ['PL41', 'Premium TURQUOISE', '#208283', 'Matt', None], ['PL42', 'Premium FLURO YELLOW', '#f6ff1a', 'Fluo', None], ['PL43', 'Premium FLURO GREEN', '#00ff1f', 'Fluo', None], ['PL44', 'Premium FLURO PINK', '#fc1a7c', 'Fluo', None], ['PL45', 'Premium FLURO BLUE', '#46b3ec', 'Fluo', None], ['PL46', 'Premium FLURO ORANGE', '#f7a037', 'Fluo', None], ['PL47', 'Premium FLURO RED', '#f64f00', 'Fluo', None], ['PL48', 'Premium MINT GREEN', '#bbedb8', 'Matt', None], ['PL49', 'Premium ITALIAN RED', '#e83225', 'Matt', None], ['PL50', 'Premium BRITISH RACING GREEN', '#004529', 'Matt', None], ['PL51', 'Premium SCHOOL BUS YELLOW', '#f8c810', 'Matt', None], ['PL52', 'Premium WINE RED', '#5e171f', 'Matt', None], ['PL53', 'Premium SPRUCE GREEN', '#1a624e', 'Matt', None], ['PL54', 'Premium BARLEY GREY (RAL 7001)', '#afb3b4', 'Matt', None], ['PL55', 'Premium LIGHT GULL GREY (RAL 7032)', '#b1b2a2', 'Matt', None], ['PL56', 'Premium DARK SEA GREY (RAL 7031)', '#474a4f', 'Matt', None], ['PL57', 'Premium MIDNIGHT BLUE', '#2e2c37', 'Matt', None], ['PL58', 'Premium SUPER CLEAR (HIGH GLOSS)', '#ffffff', 'Gloss', None], ['PL59', 'Premium DARK GREY', '#4d5258', 'Matt', None], ['PL60', 'Premium BLUE GREY (RAL 7000)', '#788389', 'Matt', None], ['PL61', 'Premium TEAL', '#233e4f', 'Matt', None], ['PL62', 'Premium MARIGOLD ORANGE', '#e78518', 'Matt', None], ['PL63', 'Premium CITRONELLA', '#cee74e', 'Matt', None], ['PL64', 'Premium MAGENTA', '#bf1e50', 'Matt', None], ['PL65', 'Premium ROSE PINK', '#e6909b', 'Matt', None], ['PL66', 'Premium BUFF (FS13613)', '#dfc89e', 'Matt', None], ['PL67', 'Premium CARC GREEN (FS34094)', '#394a2a', 'Matt', None], ['PL68', 'Premium CARC BROWN (FS30051)', '#5b483a', 'Matt', None], ['PL69', 'Premium HAVE GLASS GREY (FS36170)', '#6c6b69', 'Matt', None], ['PL70', 'Premium INSIGNIA RED (FS11136)', '#aa3a38', 'Matt', None], ['PL71', 'Premium INSIGNIA BLUE (FS15044)', '#41495c', 'Matt', None], ['PL72', 'Premium INSIGNIA WHITE (FS17875)', '#ecf0e2', 'Matt', None], ['PL73', 'Premium PRU BLUE', '#556876', 'Matt', None], ['PL74', 'Premium AZURE BLUE (FS35231)', '#7584ab', 'Matt', None], ['PL75', 'Premium MID STONE (FS30266)', '#9c8454', 'Matt', None], ['PL76', 'Premium RADOME TAN (FS33613)', '#e1c89f', 'Matt', None], ['PL77', 'Premium FOREST GREEN (FS34079)', '#444331', 'Matt', None], ['PL78', 'Premium FOLIAGE GREEN (FS34092)', '#53645a', 'Matt', None], ['PL79', 'Premium MEDIUM BLUE (Modern Russian)', '#b2c3dd', 'Matt', None], ['PL80', 'Premium MiG RADOME GREY (Modern Russian)', '#828789', 'Matt', None], ['PL81', 'Premium RUSSIAN SAND (Modern Russian)', '#dac296', 'Matt', None], ['PL82', 'Premium PROTECTIVE GREEN (WWII RUSSIAN)', '#4c5e46', 'Matt', None], ['PL83', 'Premium COMMON PROTECTIVE ZO (WWII RUSSIAN)', '#4d4a17', 'Matt', None], ['PL84', 'Premium COMMON PROTECTIVE 4BO (WWII RUSSIAN)', '#5c6046', 'Matt', None], ['PL85', 'Premium DARK EARTH (FS30118)', '#7c694e', 'Matt', None], ['PL86', 'Premium OCEAN GREY (FS36152)', '#74797b', 'Matt', None], ['PL87', 'Premium DUCK EGG GREEN (FS34583)', '#c2c3a4', 'Matt', None], ['PL88', 'Premium RUSSIAN INTERIOR', '#94b494', 'Matt', None], ['PL89', 'Premium PALE BLUE GREY (Modern Russian)', '#c6d7da', 'Matt', None], ['PL90', 'Premium Premium DARK BLUE GREY (Modern Russian)', '#aabfc3', 'Matt', None], ['PL91', 'Premium LIGHT STONE (Modern Russian)', '#d2c2a2', 'Matt', None], ['PL92', 'Premium LIGHT BROWN (Modern Russian)', '#ad9e8c', 'Matt', None], ['PL93', 'Premium RUSSIAN BLUE GREY (Modern Russian)', '#aabebf', 'Matt', None], ['PL94', 'Premium GREY GREEN (Modern Russian)', '#eeecd5', 'Matt', None], ['PL95', 'Premium KURE GREY (IJN)', '#778d9b', 'Matt', None], ['PL96', 'Premium YOKOSUKA GREY (IJN)', '#53697e', 'Matt', None], ['PL97', 'Premium SASEBO GREY (IJN)', '#4d667c', 'Matt', None], ['PL98', 'Premium IJN DECK TAN (IJN)', '#d4cdbb', 'Matt', None], ['PL99', 'Premium ANTI FOULING RED (IJN)', '#ba443a', 'Matt', None], ['PL100', 'Premium BRITISH INTERIOR (FS34226)', '#7d947e', 'Matt', None], ['PL101', 'Premium AIR SUPERIORITY BLUE (FS35450)', '#89b2c5', 'Matt', None], ['PL102', 'Premium AGGRESSOR BLUE (FS35109)', '#4b6b7e', 'Matt', None], ['PL103', 'Premium AGGRESSOR GREY (FS36251)', '#828585', 'Matt', None], ['PL104', 'Premium AGGRESSOR WHITE GREY (FS36628)', '#cbcec7', 'Matt', None], ['PL105', 'Premium US DESERT SAND (FS30279)', '#ab917f', 'Matt', None], ['PL106', 'Premium US PALE BROWN (FS30140)', '#a97c43', 'Matt', None], ['PL107', 'Premium CARC TAN (FS33446)', '#c2b799', 'Matt', None], ['PL108', 'Premium MEDIUM SEA GREY', '#ced8da', 'Matt', None], ['PL109', 'Premium V/LINE GREY', '#899ca2', 'Matt', None], ['PL110', 'Premium V/LINE ORANGE', '#e34b00', 'Matt', None], ['PL111', 'Premium CLEAR PINK', '#c52f6e', None, None], ['PL112', 'Premium CLEAR AQUA', '#047289', 'Matt', None], ['PL113', 'Premium LIGHT KHAKI 4BG', '#a29d1d', 'Matt', None], ['PL114', 'Premium YELLOW EARTH 7K', '#eaebc1', 'Matt', None], ['PL115', 'Premium DARK BROWN 6K', '#8c613e', 'Matt', None], ['PL116', 'Premium TAN (FS20400)', '#c69d77', 'Matt', None], ['PL117', 'Premium MOD EAGLE GREY (FS36176)', '#6e7882', 'Matt', None], ['PL118', 'Premium US DARK GULL GREY (FS36231)', '#7f8487', 'Matt', None], ['PL119', 'Premium HAZE GREY (FS36270)', '#858a8d', 'Matt', None], ['PL120', 'Premium US MEDIUM GREY (FS36375)', '#9ca5ab', 'Matt', None], ['PL121', 'Premium GUNSHIP GREY (FS36118)', '#5c6169', 'Matt', None], ['PL122', 'Premium CARC MIDDLE STONE (FS33531)', '#c7b49e', 'Matt', None], ['PL122', 'Premium CARC MIDDLE STONE (FS33531)', '#c7b49e', 'Matt', None], ['PL123', 'Premium CARC BLACK (FS37030)', '#454445', 'Matt', None], ['PL124', 'Premium RAF SKY (FS34424)', '#b3b69f', 'Matt', None], ['PL125', 'Premium GERMAN RED BROWN (RAL 8010)', '#582719', 'Matt', None], ['PL126', 'Premium GERMAN DARK BROWN (RAL 8017)', '#381d16', 'Matt', None], ['PL127', 'Premium GERMAN BROWN (RAL 8020)', '#b2a95e', 'Matt', None], ['PL128', 'Premium GERMAN OLIVE (RAL 6003)', '#526231', 'Matt', None], ['PL129', 'Premium GERMAN YELLOW GREEN (RAL 7028) (VARIANT - EARLY WAR)', '#9ba657', 'Matt', None], ['PL130', 'Premium GERMAN SAND YELLOW (RAL 7028) (LATE WAR)', '#bf9618', 'Matt', None], ['PL131', 'Premium GERMAN BEIGE (RAL 1001)', '#d7caa0', 'Matt', None], ['PL132', 'Premium GERMAN CREAM (RAL 9001)', '#f6f3ec', 'Matt', None], ['PL133', 'Premium GERMAN KHAKI GREY (RAL 7008)', '#6b5814', 'Matt', None], ['PL134', 'Premium GERMAN FIELD GREY (RAL 6006)', '#39331b', 'Matt', None], ['PL135', 'Premium GERMAN BASALT GREY (RAL 7012)', '#4e4f4a', 'Matt', None], ['PL136', 'Premium DEEP BRONZE GREEN (BSC No.24)', '#2a2d1c', 'Matt', None], ['PL137', 'Premium KHAKI GREEN G3', '#534a23', 'Matt', None], ['PL138', 'Premium DARK GREEN G4', '#1b251a', 'Matt', None], ['PL139', 'Premium LIGHT GREEN G5', '#2f3c1e', 'Matt', None], ['PL140', 'Premium BRITISH LIGHT MUD', '#979074', 'Matt', None], ['PL141', 'Premium BRITISH DARK OLIVE', '#4c513d', 'Matt', None], ['PL142', 'Premium PREMIUM BRITISH (BSC No.34)', '#606d54', 'Matt', None], ['PL143', 'Premium BRITISH SILVER GREY (BSC No.28)', '#cad5b7', 'Matt', None], ['PL144', 'Premium BRITISH LIGHT STONE (BSC No.61)', '#c6b46a', 'Matt', None], ['PL145', 'Premium PORTLAND STONE (BSC No.64)', '#c8c2a0', 'Matt', None], ['PL146', 'Premium DESERT PINK ZI', '#e6dbc7', 'Matt', None], ['PL147', 'Premium LIGHT PURPLE BROWN (BSC No.49)', '#482428', 'Matt', None], ['PL148', 'Premium VERY DARK BROWN SCC NO.1A', '#55432b', 'Matt', None], ['PL149', 'Premium BRITISH BROWN SCC NO.2', '#a48557', 'Matt', None], ['PL150', 'Premium BLUE BLACK SCC NO.14', '#5a5e61', 'Matt', None], ['PL151', 'Premium NOBELS TARMAC', '#7c8688', 'Matt', None], ['PL152', 'Premium OLIVE DRAB SCC NO.15', '#7c7853', 'Matt', None], ['PL153', 'Premium BRITISH GREEN SCC NO.7', '#707756', 'Matt', None], ['PL154', 'Premium SEAFOAM GREEN (FS24533)', '#d2dcb7', 'Matt', None], ['PL155', 'Premium RAAF EARTH (FS30099)', '#77583c', 'Matt', None], ['PL156', 'Premium RAAF SKY BLUE (FS25550)', '#eff7f9', 'Matt', None], ['PL157', 'Premium DARK OCEAN BLUE (FS35042)', '#333d3f', 'Matt', None], ['PL158', 'Premium RAAF DARK SLATE (FS34096)', '#404910', 'Matt', None], ['PL159', 'Premium RAAF DARK GREEN (FS34102)', '#575b45', 'Matt', None], ['PL160', 'Premium RAAF SKY GREY (FS36463)', '#a6a9a9', 'Matt', None], ['PL161', 'Premium YELLOW OLIVE (RAL 6014)', '#464135', 'Matt', None], ['PL162', 'Premium TRAINER YELLOW (FS33538)', '#efa01b', 'Matt', None], ['PL163', 'Premium DARK SEA BLUE (FS25042)', '#41474c', 'Matt', None], ['PL164', 'Premium INTERMEDIATE BLUE (FS35164)', '#63727f', 'Matt', None], ['PL165', 'Premium DARK GHOST GREY (FS36320)', '#8b959d', 'Matt', None], ['PL166', 'Premium STORM GREY', '#929a92', 'Matt', None], ['PL167', 'Premium US OLIVE DRAB (FS33070)', '#544f3d', 'Matt', None], ['PL168', 'Premium ZINC CHROMATE (FS33481)', '#c2a649', 'Matt', None], ['PL169', 'Premium LIGHT ADMIRALITY GREY (BSC 697)', '#a8bdba', 'Matt', None], ['PL170', 'Premium NZ DARK GREEN (FS14062)', '#3c5847', 'Matt', None], ['PL171', 'Premium REFLECTIVE GREEN (FS34082)', '#555c43', 'Matt', None], ['PL172', 'Premium DESERT SAGE (FS34201)', '#827962', 'Matt', None], ['PL173', 'Premium BOEING GREY (FS16515)', '#bdc1be', 'Matt', None], ['PL174', 'Premium BLUE ANGELS BLUE (FS15050)', '#3c4c61', 'Matt', None], ['PL175', 'Premium BLUE ANGELS YELLOW (FS13655)', '#f5b314', 'Matt', None], ['PL176', 'Premium US HELO DRAB (FS34031)', '#474742', 'Matt', None], ['PL177', 'Premium LIGHT GREY (FS36495)', '#b9c8c7', 'Matt', None], ['PL178', 'Premium CHASSIS BLACK', '#101010', 'Matt', None], ['PL179', 'Premium GRAU (RLM02)', '#96926d', 'Matt', None], ['PL180', 'Premium Gelb (RLM04)', '#e4a400', 'Matt', None], ['PL181', 'Premium DUNKELBRAUN (RLM 61)', '#514f36', 'Matt', None], ['PL182', 'Premium GRUN (RLM 62)', '#4f5d2c', 'Matt', None], ['PL183', 'Premium LICHTGRAU (RLM 63)', '#cacbcd', 'Matt', None], ['PL184', 'Premium (HELLBLAU RLM 65)', '#a3ac9b', 'Matt', None], ['PL185', 'Premium SCHWARTZGRUN (RLM70)', '#314222', 'Matt', None], ['PL186', 'Premium DUNKELGRUN (RLM71)', '#586329', 'Matt', None], ['PL187', 'Premium DUNKELGRAU (RLM74)', '#7a7e7f', 'Matt', None], ['PL188', 'Premium GRAUVIOLETT (RLM75)', '#9298a6', 'Matt', None], ['PL189', 'Premium LICHTBLAU (RLM76)', '#dae1e9', 'Matt', None], ['PL190', 'Premium HELLBLAU (RLM78) LATE WAR', '#b4d0cd', 'Matt', None], ['PL191', 'Premium SANDGELB (RLM79)', '#deca97', 'Matt', None], ['PL192', 'Premium BRAUNVIOLETT (RLM 81)', '#6b312d', 'Matt', None], ['PL193', 'Premium LICHTGRUN (RLM 82)', '#57864f', 'Matt', None], ['PL194', 'Premium DUNKELGRUN (RLM 83) LATE WAR', '#469d28', 'Matt', None], ['PL195', 'Premium YELLOW GREEN (RLM 84) LATE WAR', '#e8eadd', 'Matt', None], ['PL196', 'Premium Q1 Anti Glare (IJN Aircraft)', '#3c5062', 'Matt', None], ['PL197', 'Premium D1 Deep Green (IJN Aircraft)', '#2f6658', 'Matt', None], ['PL198', 'Premium Aotaki Blue (IJN Aircraft)', '#33b0af', 'Matt', None], ['PL199', 'Premium M3 Mitsubishi Interior (IJN Aircraft)', '#b1af42', 'Matt', None], ['PL200', 'Premium J3 Amber Grey (IJN Aircraft)', '#d8cfa3', 'Matt', None], ['PL201', 'Premium VR Blue (Australian Rail)', '#363246', 'Gloss', None], ['PL202', 'Premium VR Yellow (Australian Rail)', '#ebd16a', 'Gloss', None], ['PL203', 'Premium Deep Indian Red (Australian Rail)', '#8a2f1e', 'Gloss', None], ['PL204', 'Premium PN Blue (Australian Rail)', '#3b4fb6', 'Matt', None], ['PL205', 'Premium PN Yellow (Australian Rail)', '#ffdc44', 'Gloss', None], ['PL206', 'Premium VR Red (Australian Rail)', '#bb3349', 'Matt', None], ['PL207', 'Premium AN Green (Australian Rail)', '#38905e', 'Matt', None], ['PL208', 'Premium AN Yellow (Australian Rail)', '#f8de4a', 'Matt', None], ['PL209', 'Premium AN Grey (Australian Rail)', '#c0c2c1', 'Matt', None], ['PL210', 'Premium Wagon Oxide (Australian Rail)', '#8a4830', 'Matt', None], ['PL211', 'Premium LIGHT INDIAN RED (Australian Rail)', '#80473c', 'Matt', None], ['PL212', 'Premium TUSCAN (Australian Rail)', '#7c3c3a', 'Matt', None], ['PL213', 'Premium FREIGHT RAIL BLUE (Australian Rail)', '#393b52', 'Matt', None], ['PL214', 'Premium BRUNSWICK GREEN (BSC381-226)', '#3b5441', 'Matt', None], ['PL215', 'Premium DEEP BRUNSWICK (BSC381-227)', '#394a40', 'Matt', None], ['PL216', 'Premium CHARCOAL (Australian Rail)', '#474e56', 'Matt', None], ['PL217', 'Premium RAAF RED (FS11105)', '#9f3a42', 'Matt', None], ['PL218', 'Premium SAC Bomber Green (FS34159)', '#585e50', 'Matt', None], ['PL219', 'Premium Blaster Brown', '#5b544d', 'Matt', None], ['PL219', 'Premium BLASTER BROWN', '#5d544d', 'Matt', None], ['PL220', 'Premium RAAF DARK GREY (FS36099)', '#535c61', 'Matt', None], ['PL221', 'Premium US LIGHT GULL GREY', '#adada3', 'Matt', None], ['PL222', 'Premium EXTRA DARK SEA GREY BS640', '#4b545b', 'Matt', None], ['PL223', 'Premium INTERNATIONAL ORANGE FS12197', '#e75613', 'Matt', None], ['PL224', 'Premium US EARTH RED FS30117', '#8e5943', 'Matt', None], ['PL225', 'Premium US EARTH YELLOW FS30257', '#cca153', 'Matt', None], ['PL226', 'Premium US SAND BROWN FS30277', '#baa97d', 'Matt', None], ['PLSP', 'Premium SMS BLUE - SPECIAL 5th ANNIVERSARY EDITION', '#0f466d', 'Matt', None], ['PMT01', 'Metallic SILVER', '#c0c0c0', 'Metallic', None], ['PMT02', 'Metallic GOLD', '#d4af37', 'Metallic', None], ['PMT03', 'Metallic RED GOLD', '#daa30b', 'Metallic', None], ['PMT04', 'Metallic SUPER SILVER', '#cecece', 'Metallic', None], ['PMT05', 'Metallic STAINLESS STEEL', '#e0dfdb', 'Metallic', None], ['PMT06', 'Metallic STEEL', '#c4cace', 'Metallic', None], ['PMT07', 'Metallic COPPER', '#a24921', 'Metallic', None], ['PMT08', 'Metallic GUNMETAL', '#2c3539', 'Metallic', None], ['PMT09', 'Metallic ALUMINIUM', '#848789', 'Metallic', None], ['PMT10', 'Metallic LIGHT BRONZE', '#cd7f32', 'Metallic', None], ['PMT11', 'Metallic DARK BRONZE', '#6b5a40', 'Metallic', None], ['PMT12', 'Metallic PALE GOLD', '#e6be8a', 'Metallic', None], ['PMT13', 'Metallic BRASS', '#ffb70a', 'Matt', None], ['PMT14', 'Metallic INCA GOLD', '#e4a927', 'Satin', None], ['PRL01', 'Pearl APPLE GREEN', '#5fd600', 'Matt', None], ['PRL02', 'Pearl PETAL PINK', '#fcdaf2', 'Matt', None], ['PRL03', 'Pearl MAGENTA ROSE', '#ff01bb', 'Matt', None], ['PRL04', 'Pearl LILAC PURPLE', '#dc91f6', 'Matt', None], ['PRL05', 'Pearl JADE GREEN', '#104100', 'Matt', None], ['PRL06', 'Pearl GREEN GOLD FLIP', '#a8d18d', 'Matt', None], ['PRL07', 'Pearl PURPLE GRAPE', '#6f56cb', 'Matt', None], ['PRL08', 'Pearl PURPLE GREEN FLIP', '#8caf9b', 'Matt', None], ['PRL09', 'Pearl ELECTRIC BLUE', '#011efe', 'Matt', None], ['PRL10', 'Pearl BLUE GREEN FLIP', '#419b8f', 'Matt', None], ['PRL11', 'Pearl BLUE BERRY', '#4b65b0', 'Matt', None], ['PRL12', 'Pearl GERBERA PINK', '#f18dd5', 'Matt', None], ['PRL13', 'Pearl BANANA YELLOW', '#f7df03', 'Matt', None], ['PRL14', 'Pearl STRAWBERRY RED', '#8b1303', None, None], ['PRL15', 'Pearl SPEARMINT GREEN', '#3bab93', 'Matt', None], ['PRL16', 'Pearl RASPBERRY RED', '#9b2727', 'Matt', None], ['PRL17', 'Pearl BLACKCURRANT', '#3f2028', 'Matt', None], ['PRL18', 'Pearl GOLDEN ORANGE', '#eca04f', 'Matt', None], ['PRL19', 'Pearl PINK CHAMPAGNE', '#daa38f', 'Matt', None], ['PRL20', 'Pearl OLIVE GREEN', '#909347', 'Matt', None], ['PRL21', 'Pearl CHOCOLATE BROWN', '#654d37', 'Matt', None], ['PRL22', 'Pearl ICE BLUE', '#5ec3dc', 'Matt', None], ['PRL23', 'Pearl MOTHER OF PEARL', '#e2e8ed', 'Matt', None], ['PRL24', 'Pearl MOSS GREEN', '#334239', 'Matt', None], ['PRL25', 'Pearl CHERRY RED', '#a53f3b', 'Matt', None], ['PRL27', 'Pearl TROPICAL BLUE', '#fff', 'Matt', None], ['SMSLTD', 'Golden Sprue Gold (Limited Edition)', '#fff', 'Metallic', None], ['TBA', 'Auto Colour', None, None, None], ['XMAS01', 'Bauble Red (Limited Edition Pearl)', '#fff', 'Metallic', None], ['XMAS02', 'Mistletoe Green (Limited Edition Colour Shift Extreme)', '#fff', 'Metallic', None], ['XMAS03', 'Tinsel Gold (Limited Edition Metallic)', '#fff', 'Metallic', None], ['XMAS04', 'Frost Silver (Limited Edition Metallic)', '#fff', 'Metallic', None], [None, None, None, 'Gloss', None], ['PLP01', 'Primer SURFACER GREY', '#7a7a7a', 'Matt', None], ['PLP02', 'Primer SURFACER BLACK', '#000000', 'Matt', None], ['PLP03', 'Primer SURFACER WHITE', '#ffffff', 'Matt', None], ['PLT01', 'Premium ACRYLIC LACQUER THINNER', None, 'Thinners', None], ['PIGM01', 'Weathering Pigment - SOOT', '#403d44', 'Matt', None], ['PIGM02', 'Weathering Pigment - DARK EARTH', '#3f2d23', 'Matt', None], ['PIGM03', 'Weathering Pigment - RED EARTH', '#df6522', 'Matt', None], ['PIGM04', 'Weathering Pigment - FOREST GREEN', '#b1a02e', 'Matt', None], ['PIGM05', 'Weathering Pigment - EARTH', '#574030', 'Matt', None], ['PIGM06', 'Weathering Pigment - DESERT YELLOW', '#c78f32', 'Matt', None], ['PIGM07', 'Weathering Pigment - WHITE', '#ffffff', 'Matt', None], ['PIGM08', 'Weathering Pigment - CONCREATE DUST', '#7f8384', 'Matt', None], ['PIGM09', 'Weathering Pigment - COMMON BRICK', '#000000', 'Matt', None], ['PIGM10', 'Weathering Pigment - LIGHT BRICK', '#ffbfb7', 'Matt', None], ['PIGM11', 'Weathering Pigment - DARK BRICK', '#d06241', 'Matt', None], ['PIGM12', 'Weathering Pigment - LIGHT EARTH', '#bb8e4b', 'Matt', None], ['PIGM13', 'Weathering Pigment - LIGHT SAND', '#e9cb99', 'Matt', None], ['PIGM14', 'Weathering Pigment - DARK SAND', '#dbb479', 'Matt', None], ['PIGM15', 'Weathering Pigment - DUST', '#dfcfad', 'Matt', None], ['PIGM16', 'Weathering Pigment - DARK DUST', '#cda766', 'Matt', None], [None, None, '#fff', None, None], [None, None, '#fff', None, None], [None, None, '#fff', 'Metallic', None], [None, None, '#fff', 'Matt', None], [None, None, '#fff', 'Matt', None], [None, None, '#fff', 'Matt', None], [None, None, '#fff', 'Retarders', None], ['PMT15', 'Metallic Light Gold', '#fff', 'Metallic', None], ['ICSET01', 'Infinite Colour AUSCAM COLOUR SET', '#6b6652', None, None], ['ICFLURO', 'Infinite FLUORESCENT COLOUR COLLECTION 5pc (IC34 to IC38)', None, None, None], ['ICPRIMARY', 'Infinite PRIMARY COLOUR COLLECTION 33pc (IC01 to IC33)', None, None, None], ['ICSKINTONE', 'Infinite SKINTONE COLOUR COLLECTION 10pc (IC39 to IC48)', None, None, None], ['WMRK01', 'Weathering Oil Paint Markers', None, None, None], ['RAAF01', 'Lockheed C-130H Hercules RAAF', '#0d1718', None, None], ['SET01', 'MECHA Colour Set - (PL02, PL04, PL49, PL51)', '#ffffff', None, None], ['SET02', 'Australian Modern Camo Colour - (PL31, PL32, PL33, PL34)', '#655e4c', None, None], ['SET03', 'Heavy Metals Colour Set - (PMT01, PMT04, PMT05, PMT06)', '#c0c0c0', None, None], ['SET04', 'CHAMELEON Colour Set #1 - (CN01, CN02, CN03, PL30)', '#000000', None, None], ['SET05', 'CHAMELEON Colour Set #2 - (CN04, CN05, CN06, PL30)', None, None, None], ['SET06', '"ULTRA CLEAR COAT 2K - Ultra Clear Coat', None, None, None], ['SET07', 'LIQUID GOLD Colour Set', '#d4af37', None, None], ['SET08', 'PASTEL PEARLS Colour Set - ( PRL01, PRL02, PRL03, PRL04)', None, None, None], ['SET09', 'LANCASTER BOMBER Colour Set - (PL77, PL 85, PL33, PL100)', '#0d1718', None, None], ['SET10', 'GREEN PEARL Colour Set - (PRL01, PRL05, PRL06, CR03)', None, None, None], ['SET11', 'USAF AGGRESSOR F15 - F16 Colour Sett - (PL101, PL102, PL103,', '#89b2c5', None, None], ['SET12', 'BEGINNERS Colour Set (PL01, PL02, PL09, PL10)', '#000000', None, None], ['SET13', 'IMPERIAL JAPANESE NAVY Colour Set (PL95, PL96, PL97, PL99)', '#778d9b', None, None], ['SET14', 'MODERN RUSSIAN AIRCRAFT #01 Colour Set (PL79, PL89, PL90, PL', '#b2c3dd', None, None], ['SET15', 'MODERN RUSSIAN AIRCRAFT #02 Colour Set (PL88, PL91, Pl92, PL', '#dac296', None, None], ['SET17', 'BLUE PEARL Colour Set', '##fff', None, None], ['SET18', 'RAF WWII Desert Scheme Colour Set #1', '#7584ab', None, None], ['SET19', 'RAF WWII 1941 ONWARDS Colour Set #2', '#444331', None, None], ['SET20', 'SOVIET WWII GREENS', '#4c5e46', None, None], ['SET21', 'SOVIET WWII ARMOUR', '#4d4a17', None, None], ['SET22', 'USAF AGGRESSOR : F16 ARTIC FLANKER', '#0d1718', None, None], ['SET23', 'USAF AGGRESSOR : F16 LIZARD FLANKER / F15 DESERT', '#53645a', None, None], ['SET24', 'USAF AGGRESSOR : DIGITAL SPLINTER', '#4b6b7e', None, None], ['SET25', 'RUST Colour Set', None, None, None], ['SET26', 'RAAF HERCULES C-130H Colour Set', '#0d1718', None, None], ['SET27', 'RUST Copper Oxide', None, None, None], ['SET28', 'RAAF HERCULES C-130J-30 Colour Set', '#788389', None, None]], 'Solo Goya': [['509', 'Siena natur', None, 'Matt', None], ['510', 'Sienna gebrannt /Burnt Sienna', None, 'Matt', None], ['516', 'Umbra natur /Raw umber', None, 'Matt', None], ['519', 'Umbra gebrannt / Burnt umber', None, 'Matt', None], ['537', 'Gr├╝ne Erde / Green earth', None, 'Matt', None], ['544', 'Brauner Lack gelbl. /Brown lake yellowish', None, 'Matt', None]], 'Spaz Stix': [['10000', 'Ultimate Mirror Chrome', '#dbe2e9', 'Metallic', 'Enamel'], ['10200', 'Ultimate Black Backer for Mirror Chrome', '#000000', 'Gloss', 'Enamel'], ['10900', 'Ultimate Clear Coat for Mirror Chrome,', '#fff', 'Gloss', 'Enamel'], ['10209', 'Ultimate Black Backer for Mirror Chrome', '#000000', 'Gloss', 'Enamel'], ['10909', 'Ultimate Clear Coat for Mirror Chrome', '#fff', 'Gloss', 'Enamel'], ['10009', 'Ultimate Mirror Chrome', '#dbe2e9', 'Metallic', 'Enamel'], ['15150', 'Hard Anodized Metal Orange', '#fff', 'Gloss', None], ['15200', 'Hard Anodized Metal Gold', '#fff', 'Gloss', None], ['15450', 'Hard Anodized Metal Blue', '#fff', 'Gloss', None], ['05800', 'Holographic Color Change', None, 'Iridescent', None], ['15150', 'Candy Orange', '#f46500', 'Metallic', None], ['SPAZ STIX', 'ULTIMATE SURFACE PRE-PREP AEROSOL FOR PLASTIC PARTS', None, 'Metallic', None]], 'Splash Paints': [['SP-PC4', 'Liquid Spray Wax', '#fff', 'Gloss', None], ['SPM-04', 'Splash Paints SPM-04 Gunmetal', None, None, 'Enamel'], ['P-119', 'Porsche Signal Green', None, 'Matt', None], ['SP-001', 'Ferrari Rosso Corsa', None, 'Gloss', None], ['SP-002', 'Ferrari Giallo Modena', None, 'Matt', None], ['SP-003', 'Lamborghini Arianco Atlas', None, 'Matt', None], ['SP-004', 'Porsche Lava Orange', None, 'Matt', None], ['SP-006', 'Chevrolet Racing Yellow', None, 'Matt', None], ['SP-007', 'Lamborghini Rosso Bia', None, 'Matt', None], ['SP-008', 'Porsche Chalk Grey', None, 'Matt', None], ['SP-009', 'Ford Competition Blue', None, 'Gloss', None], ['SP-010', 'Ford Competition Red', None, 'Gloss', None], ['SP-011', 'Ford Lime Gold', None, 'Matt', None], ['SP-013', 'Ford GT Liquid Blue', None, 'Gloss', None], ['SP-014', 'Ford Highland Green', None, 'Matt', None], ['SP-016', 'Porsche Rubystone Red', None, 'Matt', None], ['SP-017', 'BMW Sao Paulo Yellow', None, 'Matt', None], ['SP-018', 'Mazda Fluorescent 787B Orange', None, 'Matt', None], ['SP-019', 'Mazda 787B Green', None, 'Matt', None], ['SP-020', 'Ford Light Pewter', None, 'Matt', None], ['SP-021', 'Porsche Ultra Violet Purple', None, 'Matt', None], ['SP-023', 'Porsche Guards Red', None, 'Matt', None], ['SP-024', 'Porsche Miami Blue', None, 'Matt', None], ['SP-025', 'Lamborghini Azzurro Thetis', None, 'Matt', None], ['SP-026', 'Mercedes-Benz Solarbeam Yellow', None, 'Matt', None], ['SP-027', 'Subaru Electric Blue', None, 'Matt', None], ['SP-028', 'Bentley Beluga Black', None, 'Matt', None], ['SP-029', 'Mercedes-Benz Green Hell Magno', None, 'Matt', None], ['SP-030', 'Ford Frozen White', None, 'Matt', None], ['SP-031', 'Toyota Kupfer Grey', None, 'Matt', None], ['SP-032', 'BMW Austin Yellow', None, 'Matt', None], ['SP-033', 'Chevrolet Watkins Glen Grey', None, 'Matt', None], ['SP-034', 'BMW Pure Metal Silver', None, 'Matt', None], ['SP-035', 'Lamborghini Nero Nemesis', None, 'Matt', None], ['SP-037', 'Lamborghini Mauve Metallic', None, 'Matt', None], ['SP-038', 'Aston Martin California Sage', None, 'Matt', None], ['SP-039', 'Ford Grabber Yellow', None, 'Matt', None], ['SP-040', 'Dodge Plum Crazy Purple', None, 'Gloss', None], ['SP-041', 'Dodge Green Go', None, 'Matt', None], ['SP-042', 'Ferrari Avorio', '#fff', 'Gloss', None], ['SP-042', 'Toyota Nocturnal Black', None, 'Matt', None], ['SP-043', 'Ford Grabber Blue', None, 'Gloss', None], ['SP-044', 'Aston Martin Almond Green', None, 'Matt', None], ['SP-045', 'Ferrari Rossi Vinaccia', None, 'Matt', None], ['SP-046', 'Ford Triple Yellow', None, 'Matt', None], ['SP-047', 'Toyota Pavement Grey', None, 'Matt', None], ['SP-048', 'Porsche Mamba Green', None, 'Matt', None], ['SP-049', 'Porsche Vaillant Green', None, 'Satin', None], ['SP-052', 'Mercedes-Benz Selenite Grey Magno', None, 'Matt', None], ['SP-053', 'Mystic Chrome', None, 'Matt', None], ['SP-054', 'AMG Battlefield Copper', None, 'Matt', None], ['SP-055', 'Chevrolet Seamist Green', None, 'Matt', None], ['SP-057', 'Ford Absolute Black', None, 'Matt', None], ['SP-058', 'Porsche Amethyst Metallic', None, 'Matt', None], ['SP-059', 'Ferrari Rosso Scuderia', None, 'Gloss', None], ['SP-060', 'Ferrari Blu Corsa', None, 'Gloss', None], ['SP-061', 'Nissan Millenium Jade', None, 'Matt', None], ['SP-062', 'Nissan Midnight Purple', None, 'Matt', None], ['SP-063', 'Nissan Bayside Blue', None, 'Matt', None], ['SP-064', 'Porsche Birch Green', None, 'Matt', None], ['SP-065', 'Lamborghini Arancio Argos', None, 'Matt', None], ['SP-065', 'Vivid Red Cocktail', '#fff', 'Matt', None], ['SP-067', 'Portimao Blue', None, 'Matt', None], ['SP-068', 'Toyota Phantom Grey', None, 'Matt', None], ['SP-069', 'BMW Venetian Violet', None, 'Matt', None], ['SP-070', 'McLaren Cerulean Blue', None, 'Matt', None], ['SP-071', 'Audi Apollo Silver', None, 'Matt', None], ['SP-073', 'Chevrolet Black Rose Metallic', None, 'Matt', None], ['SP-074', 'Lamborghini Verde Hermes', None, 'Matt', None], ['SP-075', 'Lamborghini Giallo Maggio', None, 'Matt', None], ['SP-076', 'Lamborghini Verde Artemis', None, 'Matt', None], ['SP-077', 'Lamborghini Viola Ophelia', None, 'Matt', None], ['SP-078', 'Lamborghini Nero Pegaso', None, 'Matt', None], ['SP-079', 'Chevrolet Atomic Orange', None, 'Matt', None], ['SP-081', 'Toyota Refraction Blue', None, 'Matt', None], ['SP-083', 'Porsche Rhodium Silver', None, 'Matt', None], ['SP-084', 'Porsche Racing Green', None, 'Matt', None], ['SP-085', 'Porsche Mint Green', None, 'Matt', None], ['SP-086', 'Chevrolet Nassau Blue', None, 'Matt', None], ['SP-087', 'Toyota Downshift Blue', None, 'Matt', None], ['SP-088', 'Toyota Turbulence Gray', None, 'Matt', None], ['SP-089', 'Porsche Slate Blue Metallic', None, 'Matt', None], ['SP-090', 'Porsche Linen Grey Metallic', None, 'Matt', None], ['SP-091', 'BMW Toronto Red', None, 'Matt', None], ['SP-092', 'Ford Calypso Corral', None, 'Matt', None], ['SP-093', 'Porsche Mexico Blue', None, 'Matt', None], ['SP-094', 'Porsche Ossi Blue', None, 'Matt', None], ['SP-095', 'Porsche Bahama Yellow', None, 'Matt', None], ['SP-096', 'Porsche Turquoise Metallic', None, 'Matt', None], ['SP-097', 'Porsche Oslo Blue', None, 'Matt', None], ['SP-098', 'Porsche Aubergine', None, 'Matt', None], ['SP-099', 'Porsche Iris Blue', None, 'Matt', None], ['SP-100', 'BMW Long Beach Blue', None, 'Matt', None], ['SP-101', 'Porsche Grand Prix White', None, 'Matt', None], ['SP-102', 'Porsche Slate Grey', None, 'Matt', None], ['SP-103', 'Porsche Beige Grey', None, 'Matt', None], ['SP-104', 'Ford Grabber Lime', None, 'Matt', None], ['SP-105', 'Nissan Katsura Orange', None, 'Matt', None], ['SP-106', 'Ford Grabber Orange', None, 'Matt', None], ['SP-107', 'Ford Grabber Green', None, 'Matt', None], ['SP-109', 'Lamborghini Grigio Reventon', None, 'Matt', None], ['SP-110', 'Lamborghini Grigio Barra', None, 'Matt', None], ['SP-111', 'Lamborghini Bianco Isis', None, 'Matt', None], ['SP-113', 'Lamborghini Rosso Targa', None, 'Matt', None], ['SP-115', 'Porsche Maritime Blue', None, 'Matt', None], ['SP-117', 'Porsche Signal Yellow', None, 'Matt', None], ['SP-118', 'Porsche Speed Yellow', None, 'Matt', None], ['SP-120', 'McLaren Graphite', None, 'Gloss', None], ['SP-121', 'Bentley Racing Green Metallic', None, 'Matt', None], ['SP-122', 'Jagermeister Orange', None, 'Satin', None], ['SP-123', 'Velocity Blue', '#fff', 'Gloss', None], ['SP-123', 'Porsche Shark Blue', None, 'Matt', None], ['SP-125', 'Toyota Neptune Blue', None, 'Matt', None], ['SP-126', 'Ford Kona Blue', None, 'Matt', None], ['SP-127', 'BMW Isle of Man Green', None, 'Matt', None], ['SP-129', 'Ford Race Red', None, 'Matt', None], ['SP-130', 'Ford Magnetic', None, 'Matt', None], ['SP-131', 'Mercedes-Benz Evangelion Purple', None, 'Matt', None], ['SP-132', 'McLaren MP4 Fluorescent Red', None, 'Gloss', None], ['SP-133', 'Rallye Green', None, 'Matt', None], ['SP-134', 'Plymouth Sublime Green', None, 'Matt', None], ['SP-135', 'Lamborghini Viola Parsifae', None, 'Matt', None], ['SP-136', 'Ford Heritage Blue', None, 'Matt', None], ['SP-137', 'Ford Epic Orange (Stripe)', None, 'Matt', None], ['SP-138', 'Ferrari Rosso Corsa Metallic', None, 'Gloss', None], ['SP-139', 'McLaren Mauvine Blue', None, 'Gloss', None], ['SP-140', 'Lamborghini Verde Mantis', None, 'Matt', None], ['SP-141', 'McLaren Volcano Orange', None, 'Gloss', None], ['SP-142', 'McLaren Ventura Pearl Orange', '#fff', 'Gloss', None], ['SP-143', 'Ferrari Argento Nurburgring', None, 'Gloss', None], ['SP-144', 'Aston Martin Madagascar Orange', None, 'Matt', None], ['SP-145', 'Lexus Autumn Shimmer', None, 'Matt', None], ['SP-146', 'Porsche Ice Green', None, 'Matt', None], ['SP-146', 'Honda Nord Grey', None, 'Matt', None], ['SP-148', 'Lexus Atomic Silver', None, 'Matt', None], ['SP-149', 'Lexus Smoky Granite', None, 'Matt', None], ['SP-150', 'Honda Monte Carlo Blue Metallic', None, 'Matt', None], ['SP-152', 'Frost Green', None, 'Matt', None], ['SP-153', 'Lexus Nightfall', None, 'Matt', None], ['SP-155', 'Nissan Super Silver', None, 'Matt', None], ['SP-159', 'Toyota Trueno Blue', None, 'Matt', None], ['SP-161', 'Lamborghini Verde Draco', None, 'Matt', None], ['SP-162', 'Lamborghini Oro Elios', None, 'Matt', None], ['SP-163', 'Dodge Lemon Twist', None, 'Gloss', None], ['SP-164', 'Ford Dark Jade Metallic', None, 'Gloss', None], ['SP-165', 'Honda Valencia Red', None, 'Matt', None], ['SP-166', 'Lamborghini Rosso Mars', None, 'Matt', None], ['SP-167', 'Porsche Pink Pig', None, 'Matt', None], ['SP-168', 'Dodge Octane Red', None, 'Matt', None], ['SP-169', 'Dodge B5 Blue', None, 'Matt', None], ['SP-170', 'Dodge F8 Green', None, 'Matt', None], ['SP-171', 'Dodge Go Mango', None, 'Matt', None], ['SP-172', 'Dodge Tor Red', None, 'Matt', None], ['SP-173', 'Dodge Destroyer Gray', None, 'Matt', None], ['SP-174', 'Dodge Panther Pink', None, 'Matt', None], ['SP-175', 'BMW Java Green', None, 'Matt', None], ['SP-176', 'Ferrari Bianco Fuji', '#fff', 'Gloss', None], ['SP-177', 'Dover White', None, 'Matt', None], ['SP-178', 'Ferrari Tour De France', None, 'Gloss', None], ['SP-179', 'Ferrari Marrone Dino', None, 'Gloss', None], ['SP-180', 'Ferrari Rosso Mugello', None, 'Gloss', None], ['SP-181', 'Porsche Acid Green', None, 'Matt', None], ['SP-182', 'Porsche Viper Green', None, 'Matt', None], ['SP-183', 'Mercedes-Benz Alubeam Silver', None, 'Matt', None], ['SP-184', 'Burgundy Metallic', None, 'Matt', None], ['SP-184', 'BMW Protonic Blue', None, 'Matt', None], ['SP-185', 'BMW Fire Orange', None, 'Matt', None], ['SP-186', 'Ford Twilight Turquoise', None, 'Gloss', None], ['SP-190', 'Ford Light Blue', None, 'Gloss', None], ['SP-191', 'Ford Guardsmen Blue', None, 'Gloss', None], ['SP-192', 'Ford Tropical Turquoise', '#fff', 'Gloss', None], ['SP-193', 'Chevrolet Evening Orchid', None, 'Gloss', None], ['SP-194', 'Chevrolet Roman Red', None, 'Gloss', None], ['SP-195', 'Pontiac Verdoro Green', None, 'Gloss', None], ['SP-196', 'Chevrolet India Ivory', None, 'Gloss', None], ['SP-198', 'Ford Black Jade', None, 'Gloss', None], ['SP-199', 'Toyota WR Blue', None, 'Matt', None], ['SP-202', 'Subaru Hyper Blue', None, 'Matt', None], ['SP-203', 'Ferrari Rosso Fiorano', None, 'Gloss', None], ['SP-204', 'Toyota Hot Lava', None, 'Matt', None], ['SP-205', 'Ferrari Azzurro Dino', None, 'Gloss', None], ['SP-206', 'Lexus Super Red V', None, 'Matt', None], ['SP-209', 'Dodge Flame Red (General Lee)', None, 'Gloss', None], ['SP-210', 'Plymouth Tawny Gold', None, 'Gloss', None], ['SP-211', 'Plymouth Butterscotch', None, 'Gloss', None], ['SP-212', 'Mercedes-Benz Silver Arrow', None, 'Matt', None], ['SP-214', 'Lamborghini Blu Aegir', None, 'Matt', None], ['SP-218', 'Lamborghini Verde Hydra', None, 'Matt', None], ['SP-219', 'Ford Pepper Grey', None, 'Matt', None], ['SP-220', 'Ford Pepper Black Metallic (Stripe)', None, 'Matt', None], ['SP-221', 'Nissan Deep Blue Pearl', None, 'Matt', None], ['SP-224', 'Mercedes-Benz Electric Beam', None, 'Matt', None], ['SP-227', 'Chevrolet Sunset Coral', None, 'Gloss', None], ['SP-228', 'Ford Ultimate Green', None, 'Gloss', None], ['SP-229', 'Honda Midori Green', None, 'Matt', None], ['SP-230', 'BMW Laguna Seca Blue', None, 'Matt', None], ['SP-231', 'Honda Spoon Blue', None, 'Matt', None], ['SP-232', 'Honda Spoon Yellow', None, 'Matt', None], ['SP-233', 'Ford Wimbledon White', None, 'Gloss', None], ['SP-234', 'BMW Valencia Orange', None, 'Matt', None], ['SP-235', 'Aston Martin Appletree Green', None, 'Matt', None], ['SP-236', 'Ford Acapulco Blue', None, 'Gloss', None], ['SP-237', 'Ford Liquid Grey Pearl', None, 'Matt', None], ['SP-238', 'Chevrolet Blue Velvet Metallic', None, 'Matt', None], ['SP-239', 'Honda Thermal Orange', None, 'Matt', None], ['SP-240', 'Chevrolet Nightfall Gray', '#fff', 'Gloss', None], ['SP-240', 'Toyota Track Red', None, 'Matt', None], ['SP-241', 'Chevrolet Laguna Blue', '#fff', 'Gloss', None], ['SP-242', 'Mercedes-Benz Designo Diamond White', '#fff', 'Matt', None], ['SP-243', 'Chevrolet Admiral Blue', None, 'Gloss', None], ['SP-244', 'BMW Sakhir Orange', None, 'Matt', None], ['SP-245', 'BMW Yas Marina Blue', None, 'Matt', None], ['SP-247', 'Chevrolet Azure Turquoise', None, 'Gloss', None], ['SP-248', 'Chevrolet Butternut Yellow', None, 'Gloss', None], ['SP-249', 'Aston Martin Flugplatz Blue', None, 'Matt', None], ['SP-251', 'Ford Dark Highland Green ΓÇ£BullitΓÇ¥', None, 'Gloss', None], ['SP-252', 'Lamborghini Arancio Borealis', None, 'Matt', None], ['SP-254', 'Lamborghini Blu Glauco', None, 'Matt', None], ['SP-255', 'Lamborghini Grigio Telesto', None, 'Matt', None], ['SP-256', 'Lamborghini Verde Alceo', None, 'Matt', None], ['SP-257', 'Mercedes-Benz Yosemite Blue', None, 'Matt', None], ['SP-259', 'Porsche Oak Green', None, 'Matt', None], ['SP-260', 'Honda Championship White', None, 'Matt', None], ['SP-261', 'Honda Spoon Yellow', None, 'Matt', None], ['SP-262', 'RB Blue Pearl', None, 'Matt', None], ['SP-263', 'RB Solid Yellow', None, 'Matt', None], ['SP-264', 'BMW Silverstone Blue', None, 'Matt', None], ['SP-267', 'H2R Frame Lime Green', None, 'Matt', None], ['SP-271', 'Porsche Arena Red Metallic', None, 'Matt', None], ['SP-272', 'Ferrari Rosso 70 Anni', None, 'Matt', None], ['SP-277', 'Lexus Nurburgring Orange', None, 'Matt', None], ['SP-279', 'BMW Techno Violet', None, 'Matt', None], ['SP-281', 'Aston Martin Ming Blue', None, 'Matt', None], ['SP-282', 'Ferrari Azzurro California', None, 'Matt', None], ['SP-283', 'Ferrari Verde Belnhein', None, 'Matt', None], ['SP-285', 'Nissan Chicane Yellow', None, 'Matt', None], ['SP-286', 'Ferrari Green Jewel', None, 'Matt', None], ['SP-287', 'Porsche Midnight Blue', None, 'Matt', None], ['SP-289', 'Teal Blue Metallic', None, 'Matt', None], ['SP-290', 'Chevrolet Ash Gold', None, 'Matt', None], ['SP-291', 'Chevrolet Light Briar Brown', None, 'Matt', None], ['SP-292', 'Chevrolet Dark Briar Brown', None, 'Matt', None], ['SP-293', 'Plymouth Seafoam Turquoise', None, 'Matt', None], ['SP-294', 'Chevrolet Glacier Blue', None, 'Matt', None], ['SP-295', 'Chevrolet Olympic Gold', None, 'Matt', None], ['SP-296', 'Chevrolet Mountain Green', None, 'Matt', None], ['SP-297', 'Chevrolet Lemans Blue', None, 'Matt', None], ['SP-298', 'Ford Ivy Green Metallic', None, 'Matt', None], ['SP-299', 'Ferrari Rosso Monza', None, 'Matt', None], ['SP-300', 'Chevrolet Fathom Green', None, 'Matt', None], ['SP-301', 'Chevrolet Sunfire Yellow', None, 'Matt', None], ['SP-302', 'Chevrolet Hugger Orange', None, 'Matt', None], ['SP-303', 'Chevrolet Daytona Sunrise', None, 'Matt', None], ['SP-303', 'Chevrolet Daytona Yellow', None, 'Matt', None], ['SP-304', 'Chevrolet Garnet Red', None, 'Matt', None], ['SP-305', 'Chevrolet Cortez Silver', None, 'Matt', None], ['SP-306', 'Ford Poppy Red', None, 'Matt', None], ['SP-307', 'Ford Royal Maroon', None, 'Matt', None], ['SP-308', 'Plymouth Petty Blue', None, 'Matt', None], ['SP-309', 'Chevrolet Misty Turquoise', None, 'Matt', None], ['SP-310', 'Chevrolet Island Teal', None, 'Matt', None], ['SP-311', 'BMW Alpine White', None, 'Matt', None], ['SP-314', 'Ford Spirit Blue Pearl', None, 'Matt', None], ['SP-317', 'Tyrrell Blue', None, 'Satin', None], ['SP-318', 'Porsche Voodoo Blue', None, 'Matt', None], ['SP-319', 'Toyota Deep Jewel Green', None, 'Matt', None], ['SP-320', 'Toyota Royal Sapphire', None, 'Matt', None], ['SP-325', 'Ford GTLM Purple Pearl', None, 'Matt', None], ['SP-328', 'Ford Twister Orange', None, 'Matt', None], ['SP-329', 'Ford Anniversary Gold', None, 'Matt', None], ['SP-330', 'Ferrari Blu Scozia', None, 'Matt', None], ['SP-331', 'Toyota Nitro Yellow', None, 'Matt', None], ['SP-334', 'Nissan Ultimate Opal Black', None, 'Matt', None], ['SP-335', 'Toyota Renaissance Red 2', None, 'Matt', None], ['SP-340', 'Aston Martin Kopi Bronze', None, 'Matt', None], ['SP-341', 'Aston Martin Selene Bronze', None, 'Matt', None], ['SP-342', 'Aston Martin Arizona Bronze', None, 'Matt', None], ['SP-343', 'Aston Martin Volcano Red', None, 'Matt', None], ['SP-344', 'Aston Martin Divine Red', None, 'Matt', None], ['SP-345', 'Aston Martin Bridgewater Brown', None, 'Matt', None], ['SP-346', 'Diavolo Red', None, 'Matt', None], ['SP-348', 'Chevrolet Zeus Bronze', None, 'Matt', None], ['SP-352', 'Mazda Machine Gray', None, 'Matt', None], ['SP-354', 'Mazda Jet Black Mica', None, 'Matt', None], ['SP-355', 'Mazda Eternal Blue', None, 'Matt', None], ['SP-356', 'Mazda Ceramic Metallic', None, 'Matt', None], ['SP-358', 'Ford Abyss Gray', None, 'Matt', None], ['SP-360', 'Volt Green', None, 'Matt', None], ['SP-361', 'Ford Deep Impact Blue', None, 'Matt', None], ['SP-362', 'Honda Boost Blue Pearl', None, 'Matt', None], ['SP-365', 'Honda Phoenix Yellow', None, 'Matt', None], ['SP-367', 'McLaren Victory Grey', None, 'Matt', None], ['SP-369', 'McLaren Storm Grey', None, 'Matt', None], ['SP-370', 'McLaren Vega Blue', None, 'Matt', None], ['SP-373', 'Nissan Avocado Metallic', None, 'Matt', None], ['SP-374', 'Nissan Bronze Metallic', None, 'Matt', None], ['SP-376', 'Nissan Silver Metallic', None, 'Matt', None], ['SP-377', 'Nissan Universal Blue', None, 'Matt', None], ['SP-378', 'Nissan Kilimanjaro White', None, 'Matt', None], ['SP-380', 'Nissan Racing Green', None, 'Matt', None], ['SP-383', 'Nissan Safari Gold', None, 'Matt', None], ['SP-385', 'Nissan Grand Prix Maroon', None, 'Matt', None], ['SPI-004', 'Interior Tan', None, 'Satin', None], ['SPI-005', 'Interior Burgundy', None, 'Satin', None], ['SPI-007', 'Interior Dark Oak', None, 'Satin', None], ['SPI-008', 'Interior Creme', None, 'Satin', None], ['SPK-003', 'Sparkle Silver Kandy Base', '#fff', 'Gloss', None], ['SPM-011 ', 'Splash Paints SPM-011 Dark Aluminum Metalizer', None, 'Metallic', None], ['SPM-016', 'BBS Gold', None, 'Matt', None], ['SPP-04', 'Light Grey Surfacer', '#fff', 'Matt', None], ['SP-004', 'Lamborghini Verde Ithaca', None, 'Matt', None], ['SP-012', 'Ford GT Liquid Red', None, 'Gloss', None], ['SP-108', 'Lamborghini Blu Cepheus', None, 'Matt', None], ['SP-128', 'Ford Ruby Red', None, 'Matt', None], ['SP-151', 'Infrared', None, 'Matt', None], ['SP-160', 'Lamborghini Blu Nethuns/Blu Monterey', None, 'Matt', None], ['SP-200', 'Toyota Halo White Pearl', None, 'Matt', None], ['SP-216', 'Liquid Blue Pearl', None, 'Matt', None], ['SP-217', 'Lexus Pearl Red', None, 'Matt', None], ['SP-222', 'Nissan Midnight Purple II', None, 'Matt', None], ['SP-223', 'Nissan Midnight Purple III', None, 'Matt', None], ['SP-250', 'Lamborghini Verde Mantis Pearl', None, 'Matt', None], ['SP-276', 'Honda Nouvelle Blue Pearl', None, 'Matt', None], ['SP-278', 'Mazda Soul Red Crystal', None, 'Matt', None], ['SP-313', 'Ferrari Rosso Formula 1 2007', None, 'Matt', None], ['SP-327', 'Ford Lucid Red Pearl', None, 'Matt', None], ['SP-339', 'Pennz Yellow', None, 'Matt', None], ['SP-353', 'Mazda Snowflake White', None, 'Matt', None], ['SP-1362', 'McLaren Gulf Blue Pearl', None, 'Matt', None], ['SP-022', 'Ferrari Giallo Triplo Strato (Pearl Yellow)', None, 'Gloss', None], ['SP-036', 'Ferrari Rosso Fuoco', None, 'Gloss', None], ['SP-082', 'McLaren Volcano Yellow', None, 'Matt', None], ['SP-109', 'Honda Indy Yellow Pearl', None, 'Matt', None], ['SP-357', 'McLaren Volcano Red', None, 'Matt', None], ['SP-368', 'McLaren Mira Orange', None, 'Matt', None], ['SP-142', 'Harlequin', '#fff', 'Matt', None], ['SPL-001', 'Urethane Grade Lacquer Thinner', '#fff', 'Thinners', None], ['SPL-002', 'Urethane Grade Lacquer Thinner', '#fff', 'Thinners', None], ['SPP-001', '2K White Primer', '#fff', 'Satin', None], ['SPP-002', '2K Grey Primer', '#fff', 'Satin', None], ['SPP-003', '2K Black Primer', '#fff', 'Satin', None], ['SP-UC1', '2K ULTRA CLEAR SET', '#fff', None, None], ['SP-UC2', '2K Flat Clear Coat', '#fff', 'Matt', None]], 'StreetBlisters Paints': [['SB30-0270', 'Shadow Gray Chevrolet Corvette C7', '#fff', 'Satin', 'Enamel'], ['SB30-0001', 'Primer gray 1K', None, None, None], ['SB30-0015', 'Jet black', None, 'Matt', None], ['SB30-0016', 'Pure white', None, 'Matt', None], ['SB30-0017', 'Light Blue', None, 'Matt', None], ['SB30-0023', 'White Aluminium (Metallic)', None, 'Matt', None], ['SB30-0024', 'Grey Aluminium (Metallic)', None, 'Matt', None], ['SB30-0025', 'Light Silver (Metallic)', None, 'Matt', None], ['SB30-0026', 'Dark Silver (Metallic)', None, 'Matt', None], ['SB30-0027', 'Gold (Metallic)', None, 'Matt', None], ['SB30-0028', 'Titanium Silver (Metallic)', None, 'Matt', None], ['SB30-0029', 'Titanium Gold (Metallic)', None, 'Matt', None], ['SB30-0030', 'Copper (Metallic)', None, 'Matt', None], ['SB30-0031', 'Fluorescent yellow', None, 'Matt', None], ['SB30-0032', 'Fluorescent orange', None, 'Matt', None], ['SB30-0033', 'Fluorescent red', None, 'Matt', None], ['SB30-0034', 'Fluorescent green', None, 'Matt', None], ['SB30-0101', 'Ferrari Rosso Monza (311)', None, 'Matt', None], ['SB30-0103', 'Ferrari Argento Nurburgring (101C)', None, 'Matt', None], ['SB30-0104', 'Ferrari Avorio (190)', None, 'Matt', None], ['SB30-0114', 'Ferrari Blu Tour de France (522)', None, 'Matt', None], ['SB30-0116', 'Ferrari Giallo Modena (102)', None, 'Matt', None], ['SB30-0117', 'Ferrari Rosso Chiaro (20R190)', None, 'Matt', None], ['SB30-0118', 'Ferrari Rosso Corsa (300)', None, 'Matt', None], ['SB30-0119', 'Ferrari Rosso Dino (301)', None, 'Matt', None], ['SB30-0120', 'Ferrari Prugna (306)', None, 'Matt', None], ['SB30-0122', 'Ferrari Rosso Barchetta (312)', None, 'Matt', None], ['SB30-0124', 'Ferrari Rosso Fiorano (321)', None, 'Matt', None], ['SB30-0125', 'Ferrari Rosso Corsa (322)', None, 'Matt', None], ['SB30-0126', 'Ferrari Rosso Scuderia (323)', None, 'Matt', None], ['SB30-0131', 'Ferrari Grigio Silverstone (740)', None, 'Matt', None], ['SB30-0132', 'Ferrari Grigio Alloy (750)', None, 'Matt', None], ['SB30-0285', 'Porsche Rubystone Red', None, 'Matt', None], ['SB30-0286', 'Honda Granada Black Pearl', None, 'Matt', None], ['SB30-0287', 'Chamonix White (BMW 2002)', None, 'Matt', None], ['SB30-0288', 'BMW 2002 Inka Orange', None, 'Matt', None], ['SB30-0295', 'Porsche Acid Green', None, 'Matt', None], ['SB30-0296', 'Porsche Miami Blue', None, 'Matt', None], ['SB30-0297', 'Porsche Mint Green', None, 'Matt', None], ['SB30-0307', 'Honda Captiva Blue', None, 'Matt', None], ['SB30-0308', 'Fast and Furious Mitsubishi Eclipse Green', None, 'Matt', None], ['SB30-0309', 'Chevrolet Camaro Fast & Furious Le Mans Blue', None, 'Matt', None], ['SB30-0310', "Dodge Charger '70 Fast & Furious Black", None, 'Matt', None], ['SB30-0311', "Plymouth GTX '71 Fast & Furious Black", None, 'Matt', None], ['SB30-0312', 'Ford Escort Mk I Fast & Furious Blue', None, 'Matt', None], ['SB30-0313', 'Volkswagen Golf III Mystic Blue', None, 'Matt', None], ['SB30-0314', 'Porsche Guards Red', None, 'Matt', None], ['SB30-0315', 'Porsche Racing Yellow', None, 'Matt', None], ['SB30-0350', 'Jaguar E-Type Opalescent Dark Blue Metallic', None, 'Matt', None], ['SB30-6000', 'Hyundai i20 WRC Performance Blue', None, 'Matt', None], ['SB30-6001', 'BMW Alpine White II', None, None, None], ['SB30-6002', 'BMW Jagermeister Orange', None, None, None], ['SB30-6003', 'Renault 8 Gordini - Bleu France', None, None, None], ['SB30-6004', 'Porsche Vaillant Green', None, None, None], ['SB30-6005', 'Nissan Calsonic Blue', None, None, None], ['SB30-6007', 'Chevrolet Velocity Yellow Tintcoat', None, None, None], ['SB30-6008b', 'Ford Escort RS Cosworth Diamond White', None, None, None], ['SB30-6009', 'Peugeot 306 Maxi Blanc Banquise White', None, None, None], ['SB30-6010', 'Peugeot 306 Maxi Blue', None, None, None], ['SB30-6011', 'Peugeot 306 Maxi Cherry Red', None, None, None], ['SB30-6012', 'Peugeot 306 Maxi Sundance Yellow', None, None, None], ['SB30-6013', 'Peugeot 306 Maxi Platinum Silver', None, None, None], ['SB30-6014', 'Audi R8 LMS GT3 Brilliant Red', None, None, None], ['SB30-6015', 'Audi R8 LMS GT3 Ice Silver Metallic', None, None, None], ['SB30-6016', 'Audi R8 LMS GT3 Ibis White', None, None, None], ['SB30-6017', 'Audi R8 LMS GT3 Phantom Black', None, None, None], ['SB30-6018', 'BMW 320i E46 Alpine White III', None, None, None], ['SB30-6019', 'BMW 320i E46 Silver', None, None, None], ['SB30-6020', 'BMW 320i E46 Red Halfords', '#fff', 'Matt', None], ['SB30-6021', 'Ford Mustang GT4 Grey', '#fff', 'Matt', None], ['SB30-6022', 'Ford Mustang GT4 White', '#fff', 'Matt', None], ['SB30-6023', 'Ford Mustang GT4 Volt Racing Fluor Yellow', None, None, None], ['SB30-6025', 'Lancia Delta White', '#fff', 'Matt', None], ['SB30-6026', 'Lancia Delta HF Integrale 16v Red', '#fff', 'Matt', None], ['SB30-6030', 'Subaru Impreza Montecarlo Blue 53C', '#fff', 'Matt', None], ['SB30-6031', 'Subaru Impreza New 555 Rally Blue 74F', '#fff', 'Matt', None], ['SB30-6032', 'Subaru Impreza World Rally Mica Blue 02C', '#fff', 'Matt', None], ['SB30-6033', 'Renault Alpine A110 Blue Metallic', '#fff', 'Matt', None], ['SB30-6035', 'Peugeot 206 WRC White', '#fff', 'Matt', None], ['SB30-6036', 'Peugeot 206 WRC Silver', '#fff', 'Matt', None], ['SB30-6037', 'Porsche 935 white', '#fff', 'Matt', None], ['SB30-6039', 'Porsche 911 Carrera RSR Turbo Silver', '#fff', 'Matt', None], ['SB30-6040', 'Fiat 131 Olio Fiat Blue and Yellow', '#fff', 'Matt', None], ['SB30-6044', 'Renault 5 Alpine Gitanes Blue', None, None, None], ['SB30-6048', 'Ford Focus WRC 2002 Blue', None, None, None], ['SB30-6049', 'Sauber Mercedes C9 Silver', None, None, None], ['SB30-6051', 'Ford Fiesta WRC M-Sport World Rally Team ADAC Deutschland Ra', None, None, None], ['SB30-6052', 'Datsun Fairlady 240Z Safari Red', None, None, None], ['SB30-6053', 'Tyrrell Racing Team Blue', None, 'Matt', None], ['SB30-6054', 'Matra F1 Blue', None, 'Matt', None], ['SB30-6058', 'Ferrari 250 GT SWB Berlinetta Competizione Azzurro Blue', None, 'Matt', None], ['SB50-0001', 'Primer gray 1K', None, 'Matt', None], ['SB100-001', 'Primer gray 1K', None, 'Matt', None], ['SB30-0244', 'Toyota Supra Fast and Furious Orange Pearl', None, None, None], ['SB30-6006', 'Chevrolet Millennium Yellow (C5R from 2000 to 2007)', None, None, None], ['SB30-6024', 'Ford GT40 Gulf Racing Blue and Orange', None, None, None], ['SB30-6027', 'MG Metro 6R4 Rothmans Team Blue - White', None, None, None], ['SB30-6028', 'Audi Quattro Sport S1 - White - Yellow', None, None, None], ['SB30-6029', 'BMW M3 E30 Bastos Team - Alpine White II - Brilliant Red', None, None, None], ['SB30-6034', 'Porsche Rothmans Team Blue - White', None, None, None], ['SB30-6043', 'Renault 5 Turbo Phillips Blue - Red', None, None, None], ['SB30-6045', 'Falken Team Blue - Green', None, None, None], ['SB30-6046', 'Ford Focus WRC 1999 Martini Red - White', None, None, None], ['SB30-6047', 'Ford Focus WRC 2001 Martini Telefonica Movistar Blue - White', None, None, None], ['SB30-6050', 'Lamborghini Diablo GTR Arancio', None, None, None], ['SB30-6041', 'Renault 5 Alpine Yellow - Red - Black', None, None, None], ['SB30-6042', 'Renault 5 Turbo ELF Yellow - White - Black', None, None, None], ['SB30-6056', 'Alitalia White - Red - Green', None, None, None], ['SB30-6057', 'Martini Racing Light blue - Dark blue - Red', None, None, None], ['SB30-6008', 'Ford Escort RS Cosworth Repsol Team - White - Blue - Orange', None, None, None], ['SB30-6055', 'BMW M Power White - Light blue - Dark Blue - Red', None, None, None], ['SB100-0007', 'Gloss clearcoat system 2K (1x100ml + 1x50ml + 1x30ml)', None, None, None], ['SB50-0007', 'Gloss clearcoat system 2K (1x50ml + 2x30ml)', None, None, None], ['SB30-0007', 'Gloss clearcoat system 2K - (1x30ml + 2x15ml)', None, None, None]], 'Stynylrez': [['SNR-201', 'Stynylrez White Primer', '#ffffff', 'Matt', 'Acrylic'], ['SNR-202', 'Stynylrez Grey Primer', '#8c8b87', 'Matt', 'Acrylic'], ['SNR-203', 'Stynylrez Black Primer', '#000000', 'Matt', 'Acrylic'], ['SNR-204', 'Stynylrez Red Brown Primer', '#9e8276', 'Matt', 'Acrylic'], ['SNR-205', 'Stynylrez Olive Green Primer', '#51630d', 'Matt', 'Acrylic'], ['SNR-206', 'Stynylrez Neutral Yellow Primer', '#fff', 'Matt', 'Acrylic'], ['SNR-206', 'Stynylrez Neutral Yellow Primer', '#b28f58', 'Matt', 'Acrylic'], ['SNR-209', 'Stynylrez Dull Pink Primer', '#906869', 'Matt', 'Acrylic'], ['SNR-213', 'Stynylrez Gloss Black Primer', '#000000', 'Gloss', 'Acrylic'], ['SNR-401', 'White Primer', '#fff', 'Matt', 'Acrylic'], ['SNR-402', 'Gray Primer', '#fff', 'Matt', 'Acrylic'], ['SNR-403', 'Black Primer', '#fff', 'Matt', 'Acrylic'], ['SNR-407', 'Light Flesh', '#fff', 'Matt', 'Acrylic'], ['SNR-409', 'Dull Pink', '#fff', 'Matt', 'Acrylic'], ['SNR-413', 'Black Gloss Primer', '#000000', 'Gloss', 'Acrylic'], ['White, Gray, Black, Red Brown, Olive Green, Neutral Yellow', 'Airbrush Primer 6 Tone Pack', '#fff', None, None]], 'SUNIN 7': [['T009G', 'Soviet Olive Green', '#8c8f5c', 'Satin', None], ['T020', 'Dark Yellow RAL7028', '#8a7814', 'Matt', None]], 'Tamiya': [[None, None, None, 'Cleaners', None], ['X-1', 'Black', '#000000', 'Gloss', 'Enamel'], ['X-2', 'White', '#ffffff', 'Gloss', 'Enamel'], ['X-3', 'Royal Blue', '#1d2d53', 'Matt', 'Enamel'], ['X-4', 'Blue Gloss', '#09347b', 'Gloss', 'Enamel'], ['X-5', 'Green Gloss', '#20652e', 'Gloss', 'Enamel'], ['X-6', 'Orange', '#f75b08', 'Gloss', 'Enamel'], ['X-7', 'Red Gloss', '#f52207', 'Gloss', 'Enamel'], ['X-8', 'Lemon Yellow Gloss', '#f7d712', 'Gloss', 'Enamel'], ['X-9', 'Brown Gloss', '#4e2207', 'Gloss', 'Enamel'], ['X-10', 'Gun Metal', '#505557', 'Metallic', 'Enamel'], ['X-11', 'Chrome Silver', '#c2c8ca', 'Metallic', 'Enamel'], ['X-12', 'Gold Leaf Gloss', '#cda107', 'Metallic', 'Enamel'], ['X-13', 'Metallic Blue Gloss', '#1e7497', 'Metallic', 'Enamel'], ['X-14', 'Sky Blue', '#4bd6f7', 'Gloss', 'Enamel'], ['X-15', 'Light Green', '#64cf2b', 'Gloss', 'Enamel'], ['X-16', 'Purple', '#474ba0', 'Gloss', 'Enamel'], ['X-17', 'Pink', '#f881ac', 'Gloss', 'Enamel'], ['X-18', 'Semi Gloss Black', '#020202', 'Satin', 'Enamel'], ['X-19', 'Smoke', '#aeaeae', 'Gloss', 'Enamel'], ['X-20', 'Enamel Thinner', None, 'Thinners', 'Enamel'], ['X-21', 'Flat Base', '#ffffff', 'Matt', 'Enamel'], ['X-22', 'Clear', '#ffffff', 'Gloss', 'Enamel'], ['X-23', 'Clear Blue', '#34b3d1', 'Gloss', 'Enamel'], ['X-24', 'Clear Yellow', '#ffe600', 'Gloss', 'Enamel'], ['X-25', 'Clear Green', '#25b549', 'Gloss', 'Enamel'], ['X-26', 'Clear Orange', '#fe8c14', 'Gloss', 'Enamel'], ['X-27', 'Clear Red', '#fa0026', 'Gloss', 'Enamel'], ['X-28', 'Park Green', '#33a34d', 'Gloss', 'Enamel'], ['X-31', 'Titanium Gold', '#cbbb72', 'Metallic', 'Enamel'], ['X-32', 'Titanium Silver', '#ccccb8', 'Metallic', 'Enamel'], ['X-33', 'Bronze', '#672622', 'Gloss', 'Enamel'], ['X-34', 'Metallic Brown', '#ac4212', 'Metallic', 'Enamel'], ['XF-1', 'Flat black', '#000000', 'Matt', 'Enamel'], ['XF-2', 'Flat White', '#ffffff', 'Matt', 'Enamel'], ['XF-3', 'Flat Yellow', '#f5c300', 'Matt', 'Enamel'], ['XF-4', 'Yellow Green', '#a4bc28', 'Matt', 'Enamel'], ['XF-5', 'Flat Green', '#254212', 'Matt', 'Enamel'], ['XF-6', 'Copper', '#cc5c03', 'Metallic', 'Enamel'], ['XF-7', 'Flat Red', '#ff0000', 'Matt', 'Enamel'], ['XF-8', 'Flat Blue', '#294b79', 'Matt', 'Enamel'], ['XF-9', 'Hull Red', '#481921', 'Matt', 'Enamel'], ['XF-10', 'Flat Brown', '#3e2a09', 'Matt', 'Enamel'], ['XF-11', 'J.N. Green', '#173128', 'Matt', 'Enamel'], ['XF-12', 'J.N. Grey', '#c6d6bb', 'Matt', 'Enamel'], ['XF-13', 'J.A. Green', '#334a1e', 'Matt', 'Enamel'], ['XF-14', 'J.A. Grey', '#e8e6bd', 'Matt', 'Enamel'], ['XF-15', 'Flat Chair', '#fdcda1', 'Matt', 'Enamel'], ['XF-16', 'Flat Aluminium', '#cccccc', 'Matt', 'Enamel'], ['XF-17', 'Sea Blue', '#2e3b43', 'Matt', 'Enamel'], ['XF-18', 'Medium Blue', '#4c739e', 'Matt', 'Enamel'], ['XF-19', 'Sky Grey', '#cecfc7', 'Matt', 'Enamel'], ['XF-20', 'Medium Grey', '#b4b5ad', 'Matt', 'Enamel'], ['XF-21', 'Sky', '#e7f6b5', 'Matt', 'Enamel'], ['XF-22', 'RLM grey', '#7b8d7d', 'Matt', 'Enamel'], ['XF-23', 'Light Blue', '#90b5ad', 'Matt', 'Enamel'], ['XF-24', 'Dark Grey', '#4d5a6b', 'Matt', 'Enamel'], ['XF-25', 'Light Sea Grey', '#6b7b7a', 'Matt', 'Enamel'], ['XF-26', 'Deep Green', '#295b28', 'Matt', 'Enamel'], ['XF-27', 'Black Green', '#213b22', 'Matt', 'Enamel'], ['XF-28', 'Dark Copper', '#995f3b', 'Matt', 'Enamel'], ['XF-49', 'Khaki', '#8b8429', 'Matt', 'Enamel'], ['XF-50', 'Field Blue', '#283732', 'Matt', 'Enamel'], ['XF-51', 'Khaki Drab', '#29320d', 'Matt', 'Enamel'], ['XF-52', 'Flat Earth', '#5c3e01', 'Matt', 'Enamel'], ['XF-53', 'Neutral Grey', '#4b5a61', 'Matt', 'Enamel'], ['XF-54', 'Dark Sea Grey', '#5a645a', 'Matt', 'Enamel'], ['XF-55', 'Deck Tan', '#cdb593', 'Matt', 'Enamel'], ['XF-56', 'Metallic Grey', '#5c6164', 'Metallic', 'Enamel'], ['XF-57', 'Buff', '#c69a69', 'Matt', 'Enamel'], ['XF-58', 'Olive Green', '#292f21', 'Matt', 'Enamel'], ['XF-59', 'Desert yellow', '#d89c42', 'Matt', 'Enamel'], ['XF-60', 'Dark Yellow', '#c7b140', 'Matt', 'Enamel'], ['XF-61', 'Dark Green', '#1a2c0f', 'Matt', 'Enamel'], ['XF-62', 'Olive Drab', '#414b28', 'Matt', 'Enamel'], ['XF-63', 'German Grey', '#3e484a', 'Matt', 'Enamel'], ['XF-64', 'Red brown', '#66370b', 'Matt', 'Enamel'], ['XF-65', 'Field Grey', '#4e5b6c', 'Matt', 'Enamel'], ['XF-66', 'Light Grey', '#677679', 'Matt', 'Enamel'], ['XF-67', 'NATO Green', '#324227', 'Matt', 'Enamel'], ['XF-68', 'NATO Brown', '#71513a', 'Matt', 'Enamel'], ['XF-69', 'NATO Black', '#221e1f', 'Matt', 'Enamel'], ['XF-70', 'Dark Green 2', '#263c30', 'Matt', 'Enamel'], ['XF-71', 'Cockpit Green (IJN)', '#678059', 'Matt', 'Enamel'], ['XF-72', 'Brown (JGSDF)', '#826139', 'Matt', 'Enamel'], ['XF-73', 'Dark Green (JGSDF)', '#346741', 'Matt', 'Enamel'], ['XF-74', 'Olive Drab (JGSDF)', '#3e5c3f', 'Matt', 'Enamel'], ['XF-75', 'IJN Gray (Kure Arsenal)', '#65737f', 'Matt', 'Enamel'], ['XF-76', 'Gray Green (IJN)', '#abb89f', 'Matt', 'Enamel'], ['XF-77', 'IJN Gray (Sasebo Arsenal)', '#4c545f', 'Matt', 'Enamel'], ['XF-78', 'Wooden Deck Tan', '#b8a888', 'Matt', 'Enamel'], ['XF-79', 'Linoleum Deck Brown', '#66503b', 'Matt', 'Enamel'], ['XF-80', 'Royal Light Gray', '#b2bebd', 'Matt', 'Enamel'], ['XF-81', 'Dark Green 2 RAF', '#435938', 'Matt', 'Enamel'], ['XF-82', 'Ocean Gray 2 RAF', '#618491', 'Matt', 'Enamel'], ['XF-83', 'Med Sea Gray 2 RAF', '#9cb2b0', 'Matt', 'Enamel'], ['XF-84', 'Dark Iron', '#493a35', 'Metallic', 'Enamel'], ['XF-85', 'Rubber Black', '#221815', 'Matt', 'Enamel'], ['XF-86', 'Flat Clear', '#ffffff', 'Matt', 'Enamel'], [None, None, '#374254', 'Matt', 'Enamel'], [None, None, '#6d4036', 'Matt', 'Enamel'], [None, None, '#4e4f4c', 'Matt', 'Enamel'], [None, None, '#af4417', 'Matt', 'Enamel'], [None, None, '#cc4e42', 'Matt', 'Enamel'], [None, None, '#7d8b9a', 'Matt', 'Enamel'], [None, None, '#af6d5b', 'Matt', 'Enamel'], [None, None, '#632a21', 'Matt', 'Enamel'], [None, None, '#adbbbe', 'Matt', 'Enamel'], ['204', 'Metal Primer', None, 'Gloss', 'Enamel'], ['X-20', 'Enamel Thinner', None, 'Thinners', 'Enamel'], ['X-20', 'Enamel Thinner', None, 'Thinners', 'Enamel'], [None, None, '#fff', None, 'Acrylic'], [None, None, None, 'Matt', 'Acrylic'], ['87151', 'Gloss Coating Varnish', None, 'Varnish', 'Acrylic'], ['X-1', 'Black', '#000000', 'Gloss', 'Acrylic'], ['X-2', 'White', '#ffffff', 'Gloss', 'Acrylic'], ['X-3', 'Royal Blue', '#1d2d53', 'Gloss', 'Acrylic'], ['X-4', 'Blue', '#09347b', 'Gloss', 'Acrylic'], ['X-5', 'Green', '#00441b', 'Gloss', 'Acrylic'], ['X-6', 'Orange', '#ff7f00', 'Gloss', 'Acrylic'], ['X-7', 'Red', '#ff0000', 'Gloss', 'Acrylic'], ['X-8', 'Lemon Yellow', '#ffe600', 'Gloss', 'Acrylic'], ['X-9', 'Brown', '#4d2207', 'Gloss', 'Acrylic'], ['X-10', 'Gun Metal', '#505557', 'Metallic', 'Acrylic'], ['X-11', 'Chrome Silver', '#c2c8ca', 'Metallic', 'Acrylic'], ['X-12', 'Gold Leaf', '#cca208', 'Metallic', 'Acrylic'], ['X-13', 'Metallic Blue', '#1e7497', 'Metallic', 'Acrylic'], ['X-14', 'Sky Blue', '#1d99c4', 'Gloss', 'Acrylic'], ['X-15', 'Light Green', '#66b821', 'Gloss', 'Acrylic'], ['X-16', 'Purple', '#474ba0', 'Gloss', 'Acrylic'], ['X-17', 'Pink', '#f881ac', 'Gloss', 'Acrylic'], ['X-18', 'Semi-Gloss Black', '#333333', 'Satin', 'Acrylic'], ['X-19', 'Smoke', '#8f918c', 'Gloss', 'Acrylic'], ['X-20A', 'Acrylic Thinner', None, 'Thinners', 'Acrylic'], ['X-21', 'Flat Base', None, 'Matt', 'Acrylic'], ['X-22', 'Clear', None, 'Varnish', 'Acrylic'], ['X-23', 'Clear Blue', '#33b4d1', 'Gloss', 'Acrylic'], ['X-24', 'Clear Yellow', '#fde637', 'Gloss', 'Acrylic'], ['X-25', 'Clear Green', '#27b541', 'Gloss', 'Acrylic'], ['X-26', 'Clear Orange', '#fe8c14', 'Gloss', 'Acrylic'], ['X-27', 'Clear Red', '#fa0026', 'Gloss', 'Acrylic'], ['X-28', 'Park Green', '#33a44d', 'Gloss', 'Acrylic'], ['X-31', 'Titanium Gold', '#cbbb72', 'Metallic', 'Acrylic'], ['X-32', 'Titanium Silver', '#cdccb8', 'Metallic', 'Acrylic'], ['X-33', 'Bronze', '#672622', 'Metallic', 'Acrylic'], ['X-34', 'Metallic Brown', '#b7561f', 'Matt', 'Acrylic'], ['X-35', 'Semi-Gloss Clear', None, 'Varnish', 'Acrylic'], ['XF-1', 'Flat Black', '#0a0a0a', 'Matt', 'Acrylic'], ['XF-2', 'Flat White', '#ffffff', 'Matt', 'Acrylic'], ['XF-3', 'Flat Yellow', '#ffcc00', 'Matt', 'Acrylic'], ['XF-4', 'Yellow Green', '#b2c60f', 'Matt', 'Acrylic'], ['XF-5', 'Flat Green', '#224311', 'Matt', 'Acrylic'], ['XF-6', 'Copper', '#cb5c03', 'Metallic', 'Acrylic'], ['XF-7', 'Flat Red', '#fd0000', 'Matt', 'Acrylic'], ['XF-8', 'Flat Blue', '#284c7c', 'Matt', 'Acrylic'], ['XF-9', 'Hull Red', '#3e0e02', 'Matt', 'Acrylic'], ['XF-10', 'Flat Brown', '#392821', 'Matt', 'Acrylic'], ['XF-11', 'J.N. Green', '#26330b', 'Matt', 'Acrylic'], ['XF-12', 'J.N. Grey', '#c6d6bb', 'Matt', 'Acrylic'], ['XF-13', 'J.A. Green', '#334a1f', 'Matt', 'Acrylic'], ['XF-14', 'J.A. Grey', '#e8e6bd', 'Matt', 'Acrylic'], ['XF-15', 'Flat Flesh', '#fdcda1', 'Matt', 'Acrylic'], ['XF-16', 'Flat Aluminium', '#cccccc', 'Matt', 'Acrylic'], ['XF-17', 'Sea Blue', '#2e3b43', 'Matt', 'Acrylic'], ['XF-18', 'Medium Blue', '#485b5f', 'Matt', 'Acrylic'], ['XF-19', 'Sky Grey', '#adb7c0', 'Matt', 'Acrylic'], ['XF-20', 'Medium Grey', '#b4b5ad', 'Matt', 'Acrylic'], ['XF-21', 'Sky', '#e7f6b5', 'Matt', 'Acrylic'], ['XF-22', 'RLM Grey', '#7b8d7d', 'Matt', 'Acrylic'], ['XF-23', 'Light Blue', '#8fb5ad', 'Matt', 'Acrylic'], ['XF-24', 'Dark Grey', '#3e4448', 'Matt', 'Acrylic'], ['XF-25', 'Light Sea Grey', '#6b7b7a', 'Matt', 'Acrylic'], ['XF-26', 'Deep Green', '#295b28', 'Matt', 'Acrylic'], ['XF-27', 'Black Green', '#00260f', 'Matt', 'Acrylic'], ['XF-28', 'Dark Copper', '#995f3b', 'Metallic', 'Acrylic'], ['XF-49', 'Khaki', '#7e783f', 'Matt', 'Acrylic'], ['XF-50', 'Field Blue', '#364145', 'Matt', 'Acrylic'], ['XF-51', 'Khaki Drab', '#29330e', 'Matt', 'Acrylic'], ['XF-52', 'Flat Earth', '#734834', 'Matt', 'Acrylic'], ['XF-53', 'Neutral Grey', '#6e797b', 'Matt', 'Acrylic'], ['XF-54', 'Dark Sea Grey', '#a6a6a6', 'Matt', 'Acrylic'], ['XF-55', 'Deck Tan', '#b7b187', 'Matt', 'Acrylic'], ['XF-56', 'Metallic Grey', '#5c6264', 'Metallic', 'Acrylic'], ['XF-57', 'Buff', '#c69a69', 'Matt', 'Acrylic'], ['XF-58', 'Olive Green', '#1a3b14', 'Matt', 'Acrylic'], ['XF-59', 'Desert Yellow', '#d89c42', 'Matt', 'Acrylic'], ['XF-60', 'Dark Yellow', '#c7b140', 'Matt', 'Acrylic'], ['XF-61', 'Dark Green', '#1a2d0f', 'Matt', 'Acrylic'], ['XF-62', 'Olive Drab', '#404b13', 'Matt', 'Acrylic'], ['XF-63', 'German Grey', '#3e474a', 'Matt', 'Acrylic'], ['XF-64', 'Red Brown', '#66370a', 'Matt', 'Acrylic'], ['XF-65', 'Field Grey', '#4b6f7d', 'Matt', 'Acrylic'], ['XF-66', 'Light Grey', '#748a95', 'Matt', 'Acrylic'], ['XF-67', 'NATO Green', '#33601a', 'Matt', 'Acrylic'], ['XF-68', 'NATO Brown', '#733007', 'Matt', 'Acrylic'], ['XF-69', 'NATO Black', '#222424', 'Matt', 'Acrylic'], ['XF-70', 'Dark Green 2', '#00250f', 'Matt', 'Acrylic'], ['XF-71', 'Cockpit Green (IJN)', '#74925d', 'Matt', 'Acrylic'], ['XF-72', 'Brown (JGSDF)', '#734c0c', 'Matt', 'Acrylic'], ['XF-73', 'Dark Green (JGSDF)', '#334012', 'Matt', 'Acrylic'], ['XF-74', 'Olive Drab (JGSDF)', '#334012', 'Matt', 'Acrylic'], ['XF-75', 'IJN Gray (Kure Arsenal)', '#828d93', 'Matt', 'Acrylic'], ['XF-76', 'Gray Green (IJN)', '#b8c3a7', 'Matt', 'Acrylic'], ['XF-77', 'IJN Gray (Sasebo Arsenal)', '#686d71', 'Matt', 'Acrylic'], ['XF-78', 'Wooden Deck Tan', '#d3b685', 'Matt', 'Acrylic'], ['XF-79', 'Linoleum Deck Brown', '#784629', 'Matt', 'Acrylic'], ['XF-80', 'Royal Light Gray', '#c1cac8', 'Matt', 'Acrylic'], ['XF-81', 'Dark Green 2 (RAF)', '#365535', 'Matt', 'Acrylic'], ['XF-82', 'Ocean Gray 2 (RAF)', '#6c8c99', 'Matt', 'Acrylic'], ['XF-83', 'Medium Sea Gray 2 (RAF)', '#aabfba', 'Matt', 'Acrylic'], ['XF-84', 'Dark Iron', '#514434', 'Matt', 'Acrylic'], ['XF-85', 'Rubber Black', '#231814', 'Matt', 'Acrylic'], ['XF-86', 'Flat Clear', None, 'Varnish', 'Acrylic'], ['XF-87', 'IJN Gray (Maizuru Arsenal)', '#7d8085', 'Matt', 'Acrylic'], ['XF-88', 'Dark Yellow 2', '#c1af4d', 'Matt', 'Acrylic'], ['XF-89', 'Dark Green 2', '#5c8462', 'Matt', 'Acrylic'], ['XF-90', 'Red Brown 2', '#4c3933', 'Matt', 'Acrylic'], ['XF-91', 'IJN Gray (Yokosuka arsenal)', '#636c75', 'Matt', 'Acrylic'], ['XF-92', 'Yellow-brown (DAK 1941)', '#b28251', 'Matt', 'Acrylic'], ['XF-93', 'Light Brown (DAK 1942)', '#e5b36e', 'Matt', 'Acrylic'], ['PC-6', 'Yellow', '#fff', 'Gloss', 'Acrylic'], ['X-1', 'Black', '#000000', 'Gloss', 'Acrylic'], ['X-2', 'White', '#ffffff', 'Gloss', 'Acrylic'], ['X-3', 'Royal Blue', '#1d2d53', 'Gloss', 'Acrylic'], ['X-4', 'Blue', '#09347b', 'Gloss', 'Acrylic'], ['X-5', 'Green', '#00441b', 'Gloss', 'Acrylic'], ['X-6', 'Orange', '#ff7f00', 'Gloss', 'Acrylic'], ['X-7', 'Red', '#fd0000', 'Gloss', 'Acrylic'], ['X-8', 'Lemon Yellow', '#ffe600', 'Gloss', 'Acrylic'], ['X-9', 'Brown', '#4d2207', 'Gloss', 'Acrylic'], ['X-10', 'Gun Metal', '#505557', 'Metallic', 'Acrylic'], ['X-11', 'Chrome Silver', '#c2c8ca', 'Metallic', 'Acrylic'], ['X-12', 'Gold Leaf', '#cca208', 'Metallic', 'Acrylic'], ['X-13', 'Metallic Blue', '#1e7497', 'Metallic', 'Acrylic'], ['X-14', 'Sky Blue', '#1d99c4', 'Gloss', 'Acrylic'], ['X-15', 'Light Green', '#66b821', 'Gloss', 'Acrylic'], ['X-16', 'Purple', '#474ba0', 'Gloss', 'Acrylic'], ['X-17', 'Pink', '#f881ac', 'Gloss', 'Acrylic'], ['X-18', 'Semi-Gloss Black', '#333333', 'Satin', 'Acrylic'], ['X-19', 'Smoke', '#8f918c', 'Gloss', 'Acrylic'], ['X-20A', 'Acrylic Thinner', None, 'Thinners', 'Acrylic'], ['X-21', 'Flat Base', '#ffffff', 'Matt', 'Acrylic'], ['X-22', 'Clear', '#ffffff', 'Varnish', 'Acrylic'], ['X-23', 'Clear Blue', '#33b4d1', 'Gloss', 'Acrylic'], ['X-24', 'Clear Yellow', '#ffe600', 'Gloss', 'Acrylic'], ['X-25', 'Clear Green', '#27b549', 'Gloss', 'Acrylic'], ['X-26', 'Clear Orange', '#fe8c14', 'Gloss', 'Acrylic'], ['X-27', 'Clear Red', '#fa0026', 'Gloss', 'Acrylic'], ['X-28', 'Park Green', '#33a44d', 'Gloss', 'Acrylic'], ['X-31', 'Titanium Gold', '#cbbb72', 'Metallic', 'Acrylic'], ['X-32', 'Titanium Silver', '#cdccb8', 'Metallic', 'Acrylic'], ['X-33', 'Bronze', '#672622', 'Metallic', 'Acrylic'], ['X-34', 'Metallic Brown', '#993f06', 'Metallic', 'Acrylic'], ['XF-1', 'Flat Black', '#000000', 'Matt', 'Acrylic'], ['XF-2', 'Flat White', '#ffffff', 'Matt', 'Acrylic'], ['XF-3', 'Flat Yellow', '#f5c300', 'Matt', 'Acrylic'], ['XF-4', 'Yellow Green', '#a4bc28', 'Matt', 'Acrylic'], ['XF-5', 'Flat Green', '#254212', 'Matt', 'Acrylic'], ['XF-6', 'Copper', '#bf4118', 'Metallic', 'Acrylic'], ['XF-7', 'Flat Red', '#d20000', 'Matt', 'Acrylic'], ['XF-8', 'Flat Blue', '#294b79', 'Matt', 'Acrylic'], ['XF-9', 'Hull Red', '#481921', 'Matt', 'Acrylic'], ['XF-10', 'Flat Brown', '#392821', 'Matt', 'Acrylic'], ['XF-11', 'J.N. Green', '#173128', 'Matt', 'Acrylic'], ['XF-12', 'J.N. Grey', '#c6d6bb', 'Matt', 'Acrylic'], ['XF-13', 'J.A. Green', '#334a1f', 'Matt', 'Acrylic'], ['XF-14', 'J.A. Grey', '#e8e6bd', 'Matt', 'Acrylic'], ['XF-15', 'Flat Flesh', '#ffbe7a', 'Matt', 'Acrylic'], ['XF-16', 'Flat Aluminum', '#cccccc', 'Matt', 'Acrylic'], ['XF-17', 'Sea Blue', '#2e3b43', 'Matt', 'Acrylic'], ['XF-18', 'Medium Blue', '#4c739e', 'Matt', 'Acrylic'], ['XF-19', 'Sky Grey', '#cecfc7', 'Matt', 'Acrylic'], ['XF-20', 'Medium Grey', '#b4b5ad', 'Matt', 'Acrylic'], ['XF-21', 'Sky', '#e7f6b5', 'Matt', 'Acrylic'], ['XF-22', 'RLM Grey', '#7b8d7d', 'Matt', 'Acrylic'], ['XF-23', 'Light Blue', '#75a18c', 'Matt', 'Acrylic'], ['XF-24', 'Dark Grey', '#4d5a6b', 'Matt', 'Acrylic'], ['XF-25', 'Light Sea Grey', '#6b7b7a', 'Matt', 'Acrylic'], ['XF-26', 'Deep Green', '#295b28', 'Matt', 'Acrylic'], ['XF-27', 'Black Green', '#213b22', 'Matt', 'Acrylic'], ['XF-28', 'Dark Copper', '#9c7353', 'Metallic', 'Acrylic'], ['XF-49', 'Khaki', '#8b8429', 'Matt', 'Acrylic'], ['XF-50', 'Field Blue', '#283732', 'Matt', 'Acrylic'], ['XF-51', 'Khaki Drab', '#29330e', 'Matt', 'Acrylic'], ['XF-52', 'Flat Earth', '#5c3e01', 'Matt', 'Acrylic'], ['XF-53', 'Neutral Grey', '#4b5a61', 'Matt', 'Acrylic'], ['XF-54', 'Dark Sea Grey', '#5a645a', 'Matt', 'Acrylic'], ['XF-55', 'Deck Tan', '#cdb593', 'Matt', 'Acrylic'], ['XF-56', 'Metallic Grey', '#404040', 'Metallic', 'Acrylic'], ['XF-57', 'Buff', '#c69a69', 'Matt', 'Acrylic'], ['XF-58', 'Olive Green', '#292f21', 'Matt', 'Acrylic'], ['XF-59', 'Desert Yellow', '#eeb474', 'Matt', 'Acrylic'], ['XF-60', 'Dark Yellow', '#c7b136', 'Matt', 'Acrylic'], ['XF-61', 'Dark Green', '#1a2c0f', 'Matt', 'Acrylic'], ['XF-62', 'Olive Drab', '#414b29', 'Matt', 'Acrylic'], ['XF-63', 'German Grey', '#3e474a', 'Matt', 'Acrylic'], ['XF-64', 'Red Brown', '#66370a', 'Matt', 'Acrylic'], ['XF-65', 'Field Grey', '#67856b', 'Matt', 'Acrylic'], ['XF-66', 'Light Grey', '#667679', 'Matt', 'Acrylic'], ['XF-67', 'NATO Green', '#213c01', 'Matt', 'Acrylic'], ['XF-68', 'NATO Brown', '#503927', 'Matt', 'Acrylic'], ['XF-69', 'NATO Black', '#201816', 'Matt', 'Acrylic'], ['XF-70', 'Dark Green 2 (IJN)', '#263c30', 'Matt', 'Acrylic'], ['XF-71', 'Cockpit Green (IJN)', '#678059', 'Matt', 'Acrylic'], ['XF-72', 'Brown (JGSDF)', '#724c0b', 'Matt', 'Acrylic'], ['XF-73', 'Dark Green (JGSDF)', '#1e7548', 'Matt', 'Acrylic'], ['XF-74', 'Olive Drab (JGSDF)', '#446a3b', 'Matt', 'Acrylic'], ['XF-75', 'IJN Gray (Kure - Arsenal)', '#8ea7ac', 'Matt', 'Acrylic'], ['XF-76', 'Gray Green (IJN)', '#a3b28b', 'Matt', 'Acrylic'], ['XF-77', 'IJN Gray (Sasebo Arsenal)', '#696d76', 'Matt', 'Acrylic'], ['XF-78', 'Wooden Deck Tan', '#d2b686', 'Matt', 'Acrylic'], ['XF-79', 'Linoleum Deck Brown', '#794627', 'Matt', 'Acrylic'], ['XF-80', 'Royal Light Grey', '#bfc9c8', 'Matt', 'Acrylic'], ['XF-81', 'Dark Green 2 (RAF)', '#3a422b', 'Matt', 'Acrylic'], ['XF-82', 'Ocean Grey 2 (RAF)', '#73a6b9', 'Matt', 'Acrylic'], ['XF-83', 'Medium Sea Grey 2 (RAF)', '#8c9590', 'Matt', 'Acrylic'], ['XF-84', 'Dark Iron', '#493a35', 'Matt', 'Acrylic'], ['XF-85', 'Rubber Black', '#221815', 'Matt', 'Acrylic'], ['XF-86', 'Flat Clear', '#ffffff', 'Matt', 'Acrylic'], [None, None, None, 'Retarders', 'Acrylic'], ['X-20A', 'Acrylic Thinner', None, 'Thinners', 'Acrylic'], ['87108', 'Diorama Texture Paint - Soil Effect - Brown', '#8a582a', 'Textured', 'Acrylic'], ['87109', 'Diorama Texture Paint - Soil Effect - Dark Earth', '#6c5d3f', 'Matt', 'Acrylic'], ['87110', 'Diorama Texture Paint - Grit Effect - Light Sand', '#eadeae', 'Matt', 'Acrylic'], ['87111', 'Diorama Texture Paint - Grass Effect - Green', '#fff', 'Matt', 'Acrylic'], ['87115', 'Diorama Texture Paint - Pavement Effect - Dark Grey', '#626f78', 'Matt', 'Acrylic'], ['87116', 'Diorama Texture Paint - Pavement Effect - Light Grey', '#c1c6ca', 'Matt', 'Acrylic'], ['87117', 'Diorama Texture Paint - Grass Effect - Khaki', '#fff', 'Matt', 'Acrylic'], ['87119', 'Diorama Texture Paint - Snow Effect - White', '#fff', 'Matt', 'Acrylic'], ['87120', 'Diorama Texture Paint - Powder Snow Effect - White', '#fff', 'Matt', 'Acrylic'], [None, None, '#d2d3d5', 'Matt', 'Acrylic'], ['87121', 'Diorama Texture Paint - Soil Effect - Dark Earth', '#fff', 'Matt', 'Acrylic'], ['X-20A', 'Acrylic Thinner', None, 'Thinners', 'Acrylic'], ['87075', 'Liquid Surface Primer Gray', '#bababa', 'Matt', None], ['87096', 'Liquid Surface Primer White', '#ffffff', 'Matt', None], ['MS-1', 'Bright Gold Mini4wdSprayPaint', '#fff', 'Gloss', None], ['MS-3', 'Bright Red Mini4wdSprayPaint', '#fff', 'Gloss', None], ['MS-5', 'Metallic Gray Mini4wdSprayPaint', '#fff', 'Matt', None], ['MS-9', 'Fluorescent Orange Mini4wdSprayPaint', '#fe6321', 'Fluo', None], ['MS-10', 'Fluorescent Yellow Mini4wdSprayPaint', '#f5e102', 'Fluo', None], ['MS-11', 'Fluorescent Green', '#fff', 'Matt', None], ['MS-12', 'Fluorescent Pink', '#fff', 'Gloss', None], [None, None, '#d2d3d5', 'Matt', None], [None, None, '#fff', 'Gloss', None], [None, None, '#fff', 'Gloss', None], [None, None, None, None, None], ['AS-1', 'Dark Green (IJN)', '#2c3930', 'Matt', None], ['AS-2', 'Light Gray (IJN)', '#948c8a', 'Matt', None], ['AS-3', 'Gray Green (Luftwaffe)', '#3a414b', 'Matt', None], ['AS-4', 'Gray Violet (Luftwaffe)', '#393341', 'Matt', None], ['AS-5', 'Light Blue (WWII Luftwaffe)', '#85a596', 'Matt', None], ['AS-6', 'Olive Drab (WWII - USAAF)', '#414b29', 'Matt', None], ['AS-7', 'Neutral Gray (WWII - USAAF)', '#747b85', 'Matt', None], ['AS-8', 'Navy Blue (US Navy)', '#282a53', 'Matt', None], ['AS-9', 'Dark Green (RAF)', '#394129', 'Matt', None], ['AS-10', 'Ocean Grey (RAF)', '#4a515b', 'Matt', None], ['AS-11', 'Medium Sea Grey (RAF)', '#9ba583', 'Matt', None], ['AS-12', 'Bare Metal Silver', '#aeaeae', 'Metallic', None], ['AS-13', 'Green (USAF in Vietnam)', '#2a2931', 'Matt', None], ['AS-14', 'Olive Green (USAF in Vietnam)', '#425237', 'Matt', None], ['AS-15', 'Tan (USAF in Vietnam)', '#b68c52', 'Matt', None], ['AS-16', 'Light Gray (USAF in Vietnam)', '#c4bca5', 'Matt', None], ['AS-17', 'Dark Green (IJA)', '#314939', 'Matt', None], ['AS-18', 'Light Gray (IJA)', '#929c94', 'Matt', None], ['AS-19', 'Intermediate Blue (US Navy)', '#5b8a9c', 'Matt', None], ['AS-20', 'Insignia White (US NAVY A/C)', '#cecfc7', 'Matt', None], ['AS-21', 'Dark Green2 (IJN)', '#263c30', 'Matt', None], ['AS-22', 'Dark Earth (RAF)', '#73584f', 'Matt', None], ['AS-23', 'Light Green (Luftwaffe)', '#087846', 'Matt', None], ['AS-24', 'Dark Green (Luftwaffe)', '#2f4f38', 'Matt', None], ['AS-25', 'Dark Ghost Gray (USAAF)', '#89a2b4', 'Matt', None], ['AS-26', 'Light Ghost Gray (USAF and JASDF)', '#a2b8c7', 'Matt', None], ['AS-27', 'Gunship Gray 2 (US modern)', '#5c6169', 'Satin', None], ['AS-28', 'Medium Gray (USA modern)', '#a2a2a2', 'Satin', None], ['AS-29', 'Gray Green (IJN)', None, 'Matt', None], ['AS-30', 'Dark Green 2 (RAF)', '#365632', 'Matt', None], ['AS-31', 'Ocean Gray 2 (RAF)', '#6c8c99', 'Matt', None], ['AS-32', 'Medium Sea Gray 2 (RAF)', '#aabeb9', 'Matt', None], ['PS-5', 'PS-5 Black', '#000000', 'Matt', None], ['PS-45', 'Translucent Purple', '#4a3094', 'Gloss', None], ['TS-1', 'Red Brown', '#66370a', 'Matt', None], ['TS-2', 'Dark Green', '#1a2d0f', 'Matt', None], ['TS-3', 'Dark Yellow', '#cbaf5b', 'Matt', None], ['TS-4', 'German Grey', '#3e474a', 'Matt', None], ['TS-5', 'Olive Drab', '#404b13', 'Gloss', None], ['TS-6', 'Matt Black', '#333333', 'Matt', None], ['TS-7', 'Racing White', '#e6e6e6', 'Gloss', None], ['TS-8', 'Italian Red', '#ff0000', 'Gloss', None], ['TS-9', 'British Green', '#002b11', 'Gloss', None], ['TS-10', 'French Blue', '#3690c0', 'Gloss', None], ['TS-11', 'Maroon', '#4d1202', 'Gloss', None], ['TS-12', 'Orange', '#ff5900', 'Gloss', None], ['TS-13', 'Clear', '#ffffff', 'Gloss', None], ['TS-14', 'Black', '#333333', 'Gloss', None], ['TS-15', 'Blue', '#09347b', 'Gloss', None], ['TS-16', 'Yellow', '#ffe600', 'Gloss', None], ['TS-17', 'Gloss Aluminium', '#c2c8ca', 'Metallic', None], ['TS-18', 'Metallic Red', '#e30017', 'Metallic', None], ['TS-19', 'Metallic Blue', '#0a50a1', 'Metallic', None], ['TS-20', 'Metallic Green', '#279e4f', 'Metallic', None], ['TS-21', 'Gold', '#cca208', 'Metallic', None], ['TS-22', 'Light Green', '#7fc31c', 'Gloss', None], ['TS-23', 'Light Blue', '#28aecf', 'Gloss', None], ['TS-24', 'Purple', '#474ba0', 'Gloss', None], ['TS-25', 'Pink', '#fa9ab8', 'Gloss', None], ['TS-26', 'Pure White', '#ffffff', 'Gloss', None], ['TS-27', 'Matt White', '#ffffff', 'Matt', None], ['TS-28', 'Olive Drab 2', '#4d5613', 'Gloss', None], ['TS-29', 'Semi Gloss Black', '#333333', 'Satin', None], ['TS-30', 'Silver Leaf', '#cccccc', 'Metallic', None], ['TS-31', 'Bright Orange', '#fe1b0e', 'Gloss', None], ['TS-32', 'Haze Grey', '#7b8e92', 'Matt', None], ['TS-33', 'Dull Red', '#660000', 'Matt', None], ['TS-34', 'Camel Yellow', '#ffb300', 'Gloss', None], ['TS-35', 'Park Green', '#33a23d', 'Gloss', None], ['TS-36', 'Fluorescent Red', '#fc0019', 'Fluo', None], ['TS-37', 'Lavender', '#6a2990', 'Gloss', None], ['TS-38', 'Gun Metal', '#505557', 'Metallic', None], ['TS-39', 'Mica Red', '#e60000', 'Gloss', None], ['TS-40', 'Metallic Black', '#393d3e', 'Metallic', None], ['TS-41', 'Coral Blue', '#4eb8a3', 'Gloss', None], ['TS-42', 'Light Gun Metal', '#737a7c', 'Metallic', None], ['TS-43', 'Racing Green', '#184316', 'Gloss', None], ['TS-44', 'Brilliant Blue', '#0860a8', 'Gloss', None], ['TS-45', 'Pearl White', '#f2f2e5', 'Gloss', None], ['TS-46', 'Light Sand', '#cba458', 'Matt', None], ['TS-47', 'Chrome Yellow', '#ffcc00', 'Gloss', None], ['TS-48', 'Gunship Grey', '#464a4b', 'Matt', None], ['TS-49', 'Bright Red', '#ff0000', 'Gloss', None], ['TS-50', 'Mica Blue', '#0b3a8b', 'Gloss', None], ['TS-51', 'Racing Blue', '#0e1e7d', 'Metallic', None], ['TS-52', 'Candy Lime Green', '#4dac26', 'Metallic', None], ['TS-53', 'Deep Metallic Blue', '#112135', 'Metallic', None], ['TS-54', 'Light Metallic Blue', '#10667a', 'Metallic', None], ['TS-55', 'Dark Blue', '#02142e', 'Gloss', None], ['TS-56', 'Brilliant Orange', '#ff7f00', 'Gloss', None], ['TS-57', 'Blue Violet', '#5172b3', 'Gloss', None], ['TS-58', 'Pearl Light Blue', '#7396ba', 'Gloss', None], ['TS-59', 'Pearl Light Red', '#cc86a3', 'Gloss', None], ['TS-60', 'Pearl Green', '#99ca90', 'Gloss', None], ['TS-61', 'NATO Green', '#33601a', 'Gloss', None], ['TS-62', 'NATO Brown', '#733007', 'Matt', None], ['TS-63', 'NATO Black', '#222424', 'Gloss', None], ['TS-64', 'Dark Mica Blue', '#0a1423', 'Gloss', None], ['TS-65', 'Pearl Clear', '#e6e6cf', 'Gloss', None], ['TS-66', 'IJN Gray (Kure Arsenal)', '#828d93', 'Gloss', None], ['TS-67', 'IJN Gray (Sasebo Arsenal)', '#686d71', 'Gloss', None], ['TS-68', 'Wooden Deck Tan', '#cba46c', 'Matt', None], ['TS-69', 'Linoleum Deck Brown', '#5c2105', 'Matt', None], ['TS-70', 'Olive Drab (JGSDF)', '#2e4112', 'Matt', None], ['TS-71', 'Smoke', '#b3aaae', 'Gloss', None], ['TS-72', 'Clear Blue', '#34b0b9', 'Gloss', None], ['TS-73', 'Clear Orange', '#ff7300', 'Gloss', None], ['TS-74', 'Clear Red', '#f0027f', 'Gloss', None], ['TS-75', 'Champagne Gold', '#c3b87e', 'Metallic', None], ['TS-76', 'Mica Silver', '#cccccc', 'Gloss', None], ['TS-77', 'Flat Flesh', '#fdc086', 'Matt', None], ['TS-78', 'Field Grey', '#4f6c56', 'Gloss', None], ['TS-79', 'Semi Gloss Clear', '#ffffff', 'Satin', None], ['TS-80', 'Flat Clear', '#ffffff', 'Matt', None], ['TS-81', 'Royal Light Grey', '#c1cac8', 'Matt', None], ['TS-82', 'Rubber Black', '#444648', 'Matt', None], ['TS-83', 'Metallic Silver', '#b8bbc3', 'Metallic', None], ['TS-84', 'Metallic Gold', '#c0ac4a', 'Metallic', None], ['TS-85', 'Bright Mica Red', '#eb1314', 'Gloss', None], ['TS-86', 'Brilliant Red (Pure Red)', '#e40112', 'Gloss', None], ['TS-87', 'Titanium Gold', '#c4ba7f', 'Metallic', None], ['TS-88', 'Titanium Silver', '#c5cbc1', 'Metallic', None], ['TS-89', 'Pearl Blue', '#030166', 'Gloss', None], ['TS-90', 'Brown (JGSDF)', '#826636', 'Matt', None], ['TS-91', 'Dark Green (JGSDF)', '#146042', 'Matt', None], ['TS-92', 'Metallic Orange', '#fc7800', 'Metallic', None], ['TS-93', 'Pure Blue', '#0459a0', 'Gloss', None], ['TS-94', 'Metallic Gray', '#544f49', 'Metallic', None], ['TS-95', 'Pure Metallic Red', '#d70029', 'Metallic', None], ['TS-96', 'Fluorescent Orange', '#fc560b', 'Fluo', None], ['TS-97', 'Pearl Yellow', '#fee404', 'Gloss', None], ['TS-98', 'Pure orange', '#ed680a', 'Gloss', None], ['TS-99', 'IJN Gray (Maizuru Arsenal)', '#7c7e84', 'Matt', None], ['TS-100', 'Semi-Gloss Bright Gun Metal', '#707e87', 'Satin', None], ['TS-101', 'Base white', '#ffffff', 'Matt', None], ['TS-102', 'Cobalt Green', '#01a495', 'Gloss', None], ['TS-XX', 'TS Metallic Forest Green for Aston Martin DBS', '#fff', 'Metallic', None], ['TS-XX', 'Metallic Orange', '#c85711', 'Gloss', None], ['TS-XX', 'Bright Green', '#008846', 'Gloss', None], ['TS-XX', 'Metallic Olive Green', '#214d34', 'Metallic', None], ['TS-XX', 'Metallic Deep Green', '#013d27', 'Metallic', None], ['TS-XX', 'Metallic Dark Green', '#091b2c', 'Metallic', None], [None, None, '#944733', 'Matt', None], [None, None, '#d2d3d5', 'Matt', None], [None, None, '#ffffff', 'Matt', None], [None, None, '#fbe1fc', 'Matt', None], [None, None, '#fff', 'Iridescent', None], [None, None, '#fff', 'Gloss', None], [None, None, '#fff', 'Satin', None], [None, None, '#fff', 'Satin', None], ['PS-34', 'Bright Red', '#fff', 'Gloss', None], ['89797', 'Tamiya Weathering Master For Russian Tanks', '#fff', None, None], ['89949', 'Tamiya Weathering Master Set For Natural Metal Aircraft', None, None, None], ['87079', 'Weathering Master A set - Sand, Light Sand, Mud', None, None, None], ['87080', 'Weathering Master B set - Snow, Soot, Rust', None, None, None], ['87085', 'Weathering Master C set - Orange rust, Gun Metal, Silver', None, None, None], ['87088', 'Weathering Master D set - Burnt Blue, Burnt Red, Oil Stain', None, None, None], ['87098', 'Weathering Master E set - Yellow, Grey, Green', None, None, None], ['87123', 'Weathering Master F set - Titanium, Light Gun Metal, Copper', None, None, None], ['87126', 'Weathering Master G set - Salmon, Caramel, Chestnut', None, None, None], ['87127', 'Weathering Master H set - Pale Orange, Ivory, Peach', None, None, None], ['89962', 'Tamiya Weathering Master - For Car Chassis', None, None, None], ['89969', 'Tamiya Weathering Master for WWII U.S. Navy Aircraft', None, None, None]], 'Tamiya Color Lacquer Paint': [['LP-1', 'Black', '#000000', 'Gloss', None], ['LP-2', 'White', '#ffffff', 'Gloss', None], ['LP-3', 'Flat Black', '#000000', 'Matt', None], ['LP-4', 'Flat White', '#ffffff', 'Matt', None], ['LP-5', 'Semi Gloss Black', '#000000', 'Satin', None], ['LP-6', 'Pure Blue', '#005bac', 'Gloss', None], ['LP-7', 'Pure Red', '#e70012', 'Gloss', None], ['LP-8', 'Pure Yellow', '#fff001', 'Gloss', None], ['LP-9', 'Clear', '#ffffff', 'Varnish', None], ['LP-10', 'Lacquer Thinner', None, 'Thinners', None], ['LP-11', 'Silver', '#dfdfdf', 'Metallic', None], ['LP-12', 'IJN Gray (Kure Arsenal)', '#717b85', 'Matt', None], ['LP-13', 'IJN Gray (Sasebo Arsenal)', '#535760', 'Matt', None], ['LP-14', 'IJN Gray (Maizuru Arsenal)', '#7d8087', 'Matt', None], ['LP-15', 'IJN Gray (Yokosuka Arsenal)', '#646b75', 'Matt', None], ['LP-16', 'Wooden Deck Tan', '#bbad87', 'Gloss', None], ['LP-17', 'Linoleum Deck Brown', '#5c4832', 'Gloss', None], ['LP-18', 'Dull Red', '#8e402e', 'Gloss', None], ['LP-19', 'Gun Metal', '#464646', 'Metallic', None], ['LP-20', 'Light Gun Metal', '#7d7d7d', 'Metallic', None], ['LP-21', 'Italian Red', '#df0024', 'Gloss', None], ['LP-22', 'Flat Base', '#ffffff', 'Matt', None], ['LP-23', 'Flat Clear', '#ffffff', 'Varnish', None], ['LP-24', 'Semi Gloss Clear', '#ffffff', 'Varnish', None], ['LP-25', 'Brown (JGSDF)', '#785d30', 'Matt', None], ['LP-26', 'Dark Green (JGSDF)', '#1a6701', 'Matt', None], ['LP-27', 'German Gray', '#435c69', 'Matt', None], ['LP-28', 'Olive Drab', '#4b573a', 'Matt', None], ['LP-29', 'Olive Drab 2', '#405a35', 'Matt', None], ['LP-30', 'Light Sand', '#e1b778', 'Matt', None], ['LP-31', 'Dark Green 2 (IJN)', '#004234', 'Satin', None], ['LP-32', 'Light Gray (IJN)', '#c9d1c2', 'Satin', None], ['LP-33', 'Grey Green (IJN)', '#b9c4a6', 'Satin', None], ['LP-34', 'Light Gray', '#d0ccc0', 'Matt', None], ['LP-35', 'Insignia White', '#dddcd7', 'Matt', None], ['LP-36', 'Dark Ghost Gray', '#80a1b0', 'Matt', None], ['LP-37', 'Light Ghost Gray', '#98b4c0', 'Matt', None], ['LP-38', 'Flat Aluminum', '#dcdedd', 'Metallic', None], ['LP-39', 'Racing White', '#ffffff', 'Gloss', None], ['LP-40', 'Metallic Black', '#3f3b3a', 'Gloss', None], ['LP-41', 'Mica Blue', '#01398e', 'Gloss', None], ['LP-42', 'Mica Red', '#c8171d', 'Gloss', None], ['LP-43', 'Pearl White', '#ffffff', 'Pearl', None], ['LP-44', 'Metallic Orange', '#ef7800', 'Gloss', None], ['LP-45', 'Racing Blue', '#013b8f', 'Gloss', None], ['LP-46', 'Pure Metallic Red', '#df0012', 'Gloss', None], ['LP-47', 'Pearl Blue', '#013b8f', 'Gloss', None], ['LP-48', 'Sparkling Silver', '#dee0df', 'Metallic', None], ['LP-49', 'Pearl Clear', '#f7f9f8', 'Varnish', None], ['LP-50', 'Bright Red', '#e50014', 'Gloss', None], ['LP-51', 'Pure Orange', '#f18d01', 'Gloss', None], ['LP-52', 'Clear Red', '#e5007f', 'Gloss', None], ['LP-53', 'Clear Orange', '#f08900', None, None], ['LP-54', 'Dark Iron', '#534334', 'Matt', None], ['LP-55', 'Dark Yellow 2', '#c9b44b', 'Matt', None], ['LP-56', 'Dark Green 2', '#5b8361', 'Matt', None], ['LP-57', 'Red Brown 2', '#4f3733', 'Matt', None], ['LP-58', 'Nato Green', '#295438', 'Matt', None], ['LP-59', 'Nato Brown', '#6a4a31', 'Matt', None], ['LP-60', 'Nato Black', '#000000', 'Matt', None], ['LP-61', 'Metallic Gray', '#727071', 'Matt', None], ['LP-62', 'Titanium Gold', '#dac993', 'Metallic', None], ['LP-63', 'Titanium Silver', '#dbdcce', 'Metallic', None], ['LP-64', 'Olive Drab (JGSDF)', '#295438', 'Matt', None], ['LP-65', 'Rubber Black', '#000000', 'Matt', None], ['LP-66', 'Flat Flesh', '#facc8e', 'Matt', None], ['LP-67', 'Smoke', '#c7c9c8', 'Gloss', None], ['LP-68', 'Clear Blue', '#00a6ea', 'Gloss', None], ['LP-69', 'Clear Yellow', '#ffe500', 'Gloss', None], ['LP-70', 'Gloss Aluminium', '#dcdedd', 'Metallic', None], ['LP-71', 'Champagne Gold', '#d2c79a', 'Metallic', None], ['LP-72', 'Mica Silver', '#d4d9dc', 'Metallic', None], ['LP-73', 'Khaki', '#9a8f33', 'Matt', None], ['LP-74', 'Flat Earth', '#99472f', 'Matt', None], ['LP-75', 'Buff', '#cca77b', 'Matt', None], ['LP-76', 'Yellow-Brown (DAK 1941)', '#b18150', 'Matt', None], ['LP-77', 'Light Brown (DAK 1941)', '#e5b36e', 'Matt', None], ['LP-78', 'Flat Blue', '#006a94', 'Matt', None], ['LP-79', 'Flat Red', '#e6001c', 'Matt', None], ['LP-80', 'Flat Yellow', '#fee101', 'Matt', None], ['LP-81', 'Mixing blue', None, 'Matt', None], [None, None, None, 'Retarders', None], ['LP-10', 'Lacquer Thinner', None, 'Thinners', None], ['LP-10R', 'Lacquer Thinner (Retarder Type)', None, 'Retarders', None]], 'Tamiya Paint Markers': [['MP-7', 'Silver Mini4wdMarker', '#797979', 'Metallic', 'Enamel'], ['X-1', 'Gloss Black Paint Marker', '#000000', 'Gloss', 'Enamel'], ['X-2', 'Gloss White Paint Marker', '#ffffff', 'Gloss', 'Enamel'], ['X-3', 'Royal Blue Marker', '#1d2d53', 'Matt', 'Enamel'], ['X-5', 'Green Paint Marker', '#20652e', 'Gloss', 'Enamel'], ['X-6', 'Gloss Orange Paint Marker', '#ff7f00', 'Gloss', 'Enamel'], ['X-7', 'Gloss Red Paint Marker', '#fd0000', 'Gloss', 'Enamel'], ['X-8', 'Lemon Yellow Paint Marker', '#f7d712', 'Gloss', 'Enamel'], ['X-11', 'Gloss Chrome Silver Paint Marker', '#c3c8cb', 'Metallic', 'Enamel'], ['X-12', 'Gold Leaf Paint Marker', '#cca208', 'Metallic', 'Enamel'], ['X-26', 'Clear Orange', '#fe8c14', 'Gloss', 'Enamel'], ['XF-1', 'Flat Black Paint Marker', '#000000', 'Matt', 'Enamel'], ['XF-15', 'Flat Flesh Paint Marker', '#fdcda1', 'Matt', 'Enamel'], ['Light Earth', 'Weathering Stick Light Earth', None, 'Matt', 'Acrylic'], ['Mud', 'Weathering Stick Mud', None, 'Matt', 'Acrylic'], ['Sand', 'Weathering Stick Sand', '#fff', 'Matt', 'Acrylic']], 'Tamiya Polycarb Marker': [['PM-3', 'Polycarbonate marker Light Blue', '#fff', None, 'Enamel'], ['PM-6', 'Polycarbonate marker Yellow', '#fff', None, 'Enamel'], ['PM-11', 'Polycarbonate marker Pink', '#fff', None, 'Enamel']], 'Testors': [['1214.4', 'gloss yellow', '#fff', 'Matt', 'Enamel'], ['1891', 'flat violet', '#fff', 'Matt', 'Enamel'], [None, None, '#fff', 'Matt', 'Enamel'], [None, None, '#fff', 'Gloss', 'Enamel'], ['1208', 'Light Blue', '#fff', 'Gloss', 'Enamel'], ['1210C', 'Gloss Bright Blue', '#fff', 'Gloss', 'Enamel'], ['1237C', 'Gray Primer', '#fff', 'Matt', 'Enamel'], ['1247', 'Gloss Black', '#fff', 'Gloss', 'Enamel'], ['1617', 'Candy Grape', None, 'Gloss', 'Enamel'], ['52922', "Black 'n Blue Pearl Colors By Boyd", '#fff', 'Gloss', 'Enamel'], ['282612', 'Wood/Bois', '#fff', 'Matt', 'Enamel'], ['1787', 'Green Drab FS34086 - Flat', '#5b5638', 'Matt', 'Enamel'], ['1501', 'Cherry red', '#fff', 'Gloss', 'Enamel'], ['1707', 'Chrome Yellow FS13538 - Gloss', '#f6d903', 'Matt', 'Enamel'], ['1708', 'Insignia Yellow FS33538 - Flat', '#f6d903', None, 'Enamel'], ['1713', 'Medium Green FS34102 - Flat', '#5a6334', 'Matt', 'Enamel'], ['1715', 'Interior Green FS34151 - Flat', '#7c840d', 'Matt', 'Enamel'], ['1729', 'Gull Grey FS16440', '#fff', 'Gloss', 'Enamel'], ['1731', 'Aircraft Gray FS16473', '#cbd1cb', 'Matt', 'Enamel'], ['1740', 'Dark Gull Gray FS36231', '#a2a793', 'Matt', 'Enamel'], ['1742', 'Dark Tan FS30219', '#fff', 'Matt', 'Enamel'], ['1764', 'Euro Dark Green FS34092', '#536c45', 'Matt', 'Enamel'], ['1793', 'SAC Bomber Green FS34159', '#fff', 'Matt', 'Enamel'], ['2702', 'Arctic Blue Metallic', '#fff', 'Metallic', 'Enamel'], ['1155', 'Brush Cleaner', '#fff', 'Cleaners', 'Enamel'], ['1203', 'Gloss Red', '#fff', 'Gloss', 'Enamel'], ['1204T', 'Dark Red', '#fff', 'Gloss', 'Enamel'], ['1214', 'Gloss Yellow', '#fff', 'Gloss', 'Enamel'], ['1226', 'Flat Dark Aircraft Gray', '#a5a396', 'Matt', 'Enamel'], ['1231', 'Gloss Bright Red', '#fff', 'Gloss', 'Enamel'], ['1233', 'Flat Light Aircraft Gray', '#c1bfb2', 'Matt', 'Enamel'], ['1240', 'Brown', '#fff', None, 'Enamel'], ['1241', 'Natural Wood', None, 'Matt', 'Enamel'], ['1244', 'Gloss Metallic Gold', '#fff', 'Gloss', 'Enamel'], ['1245', 'Gloss White', '#fff', 'Gloss', 'Enamel'], ['1246', 'Silver', '#a4afb5', 'Gloss', 'Enamel'], ['1249', 'Flat Black', '#262627', 'Matt', 'Enamel'], ['1253', 'Graphite Gray Metallic', '#fff', 'Metallic', 'Enamel'], ['1257', 'Transparent Blue', '#fff', 'Metallic', 'Enamel'], ['1258', 'Flat white', '#fff', 'Matt', 'Enamel'], ['1261', 'GLOSS COTE', '#fff', 'Gloss', 'Enamel'], ['1451', 'Aluminum Plate', '#fff', 'Gloss', 'Enamel'], ['1601', 'Custom Green', '#fff', 'Gloss', 'Enamel'], ['1628', 'Competition Orange', '#fff', 'Gloss', 'Enamel'], ['1629', 'Metal Flake Ruby Red', '#fff', 'Metallic', 'Enamel'], ['1631', 'Burgundy Purple Metal Flake', '#fff', 'Metallic', 'Enamel'], ['1814', 'Gloss Clear Coat', '#fff', 'Gloss', 'Enamel'], ['2920', 'Classic White', '#fff', 'Gloss', 'Enamel'], ['52902', 'Kandy Scarlet (Colors By Boyd)', '#761d4b', 'Gloss', 'Enamel'], ['52903', 'CheZoom Teal Pearl (Colors By Boyd)', '#fff', 'Gloss', 'Enamel'], ['52906', 'True Blue Pearl (Colors By Boyd)', '#fff', 'Gloss', 'Enamel'], ['52908', 'Sunburst (Colors By Boyd)', '#fff', 'Gloss', 'Enamel'], ['52910', 'Aluma Yellow Pearl (Colors By Boyd)', '#fff', 'Gloss', 'Enamel'], ['52917', 'Dusty Rose Pearl (Colors By Boyd)', '#fff', 'Gloss', 'Enamel'], ['52921', 'Smoothster Yellow (Colors By Boyd)', '#fff', 'Gloss', 'Enamel'], ['52964', '#99 EXIDE Batteries Racing Pink Magenta (Racing Colors)', '#fff', 'Gloss', 'Enamel'], ['304358', 'Turquoise', '#fff', 'Gloss', 'Enamel'], ['321199', 'Concorde Grape', '#fff', 'Gloss', 'Enamel'], ['330575', 'Purple Fog', '#fff', 'Satin', 'Enamel'], ['340912', 'Black Basecoat For Color Shift', '#fff', 'Gloss', 'Enamel'], ['342304', 'Camo Black', '#fff', 'Matt', 'Enamel'], ['342305', 'Camo Dark Green', '#fff', 'Matt', 'Enamel'], ['342306', 'Camo Gray', '#fff', 'Matt', 'Enamel'], ['shifting', 'Emerald Turquoise color shift', '#fff', 'Gloss', 'Enamel'], ['shifting', 'Blue Galaxy color shift', '#fff', 'Gloss', 'Enamel'], ['shifting', 'Purple Fog color shift', '#fff', 'Gloss', 'Enamel'], ['shifting', 'Green Copper color shift', '#fff', 'Gloss', 'Enamel'], ['1250', 'Flat Red', '#fff', 'Matt', 'Enamel'], ['1116ca', 'Cream', '#fff', 'Gloss', 'Enamel'], ['1102', 'Engine Red', '#fff', 'Gloss', 'Enamel'], ['1103', 'Gloss Red', '#dc0015', 'Gloss', 'Enamel'], ['1104', 'Dark Red', '#890022', 'Gloss', 'Enamel'], ['1105', 'Stop Light Red', '#930000', 'Metallic', 'Enamel'], ['1106', 'Cobalt Blue', '#1f5ea4', 'Matt', 'Enamel'], ['1107', 'Turquoise', '#58b1cc', 'Gloss', 'Enamel'], ['1108', 'Gloss Light Blue', '#0097db', 'Gloss', 'Enamel'], ['1109', 'Metallic Arctic Blue', '#00487c', 'Metallic', 'Enamel'], ['1110', 'Blue', '#005db2', 'Gloss', 'Enamel'], ['1111', 'Dark Blue', '#003c87', 'Gloss', 'Enamel'], ['1112', 'Light Yellow', '#fff', 'Gloss', 'Enamel'], ['1113', 'Sunburst', '#fff', 'Gloss', 'Enamel'], ['1114', 'Gloss Yellow', '#fcae00', 'Gloss', 'Enamel'], ['1115', 'Turn Signal Amber Metallic', '#f7ac11', 'Metallic', 'Enamel'], ['1116', 'Cream', '#c6ad8c', 'Gloss', 'Enamel'], ['1117', 'Light Ivory', '#fff', 'Gloss', 'Enamel'], ['1118', 'Sand Beige', '#fff', 'Gloss', 'Enamel'], ['1118 G', 'Gloss Sand Biege', '#fff', 'Gloss', 'Enamel'], ['1119', 'Honey', '#fff', 'Gloss', 'Enamel'], ['1120', 'Caramel', '#fff', 'Gloss', 'Enamel'], ['1121', 'Dark Brown', '#fff', 'Matt', 'Enamel'], ['1122', 'Medium Green', '#fff', 'Matt', 'Enamel'], ['1123', 'Green (OOP)', '#fff', 'Gloss', 'Enamel'], ['1123', 'Light Gray', '#fff', 'Matt', 'Enamel'], ['1124', 'Gloss Green', '#007431', 'Gloss', 'Enamel'], ['1125', 'Sublime Green', '#fff', 'Gloss', 'Enamel'], ['1126', 'Gloss Tangerine', '#f68b1f', 'Gloss', 'Enamel'], ['1127', 'Orange', '#f37000', 'Gloss', 'Enamel'], ['1128', 'Dark Green', '#fff', 'Matt', 'Enamel'], ['1129', 'Interior Green', '#fff', 'Matt', 'Enamel'], ['1130', 'Gunship Gray', '#fff', 'Matt', 'Enamel'], ['1131', 'Blue-Green', '#fff', 'Gloss', 'Enamel'], ['1131', 'Brass', '#fff', 'Matt', 'Enamel'], ['1132', 'Dark Gray', '#fff', 'Matt', 'Enamel'], ['1133', 'Light Brown', '#815d48', 'Gloss', 'Enamel'], ['1134', 'Purple', '#a3a9d5', 'Gloss', 'Enamel'], ['1135', 'Bright Grape', '#fff', 'Gloss', 'Enamel'], ['1135TT', 'Grape', '#fff', 'Gloss', 'Enamel'], ['1136', 'Dark Tan', '#fff', 'Matt', 'Enamel'], ['1138', 'Gloss Gray', '#737877', 'Gloss', 'Enamel'], ['1139', 'Semi Gloss Black', '#fff', 'Satin', 'Enamel'], ['1140', 'Gloss Brown', '#533431', 'Gloss', 'Enamel'], ['1141', 'Wood', '#b0764f', 'Gloss', 'Enamel'], ['1143', 'Blue', '#fff', 'Gloss', 'Enamel'], ['1144', 'Metallic Gold', '#d4953e', 'Metallic', 'Enamel'], ['1145', 'Gloss White', '#fefefe', 'Gloss', 'Enamel'], ['1146', 'Metallic Silver', '#a4afb5', 'Metallic', 'Enamel'], ['1147', 'Gloss Black', '#050001', 'Gloss', 'Enamel'], ['1148', 'Thinner', None, 'Thinners', 'Enamel'], ['1149', 'Flat Black', '#000000', 'Matt', 'Enamel'], ['1150', 'Flat Red', '#d4020a', 'Matt', 'Enamel'], ['1151', 'Metallic Copper', '#c36d37', 'Metallic', 'Enamel'], ['1152', 'Metallic Red', '#c60027', 'Metallic', 'Enamel'], ['1153', 'Metallic Blue', '#fff', 'Metallic', 'Enamel'], ['1153', 'Graphite Met. Gray', '#fff', 'Metallic', 'Enamel'], ['1154', 'Black Metallic', '#fff', 'Gloss', 'Enamel'], ['1154', 'Met Green', '#296e01', 'Metallic', 'Enamel'], ['1162', 'Flat Sky Blue', '#18a5db', 'Matt', 'Enamel'], ['1163', 'Flat Gray', '#566873', 'Matt', 'Enamel'], ['1164', 'Flat OD Green', '#777e38', 'Matt', 'Enamel'], ['1164TT', 'Olive Drab Green', '#fff', 'Matt', 'Enamel'], ['1165', 'Flat Olive', '#706e3d', 'Matt', 'Enamel'], ['1166', 'Flat Brown', '#a25f2a', 'Matt', 'Enamel'], ['1167', 'Tan', '#b07d5e', 'Matt', 'Enamel'], ['1168', 'Flat White', '#fefefe', 'Matt', 'Enamel'], ['1169', 'Flat Yellow', '#fec300', 'Matt', 'Enamel'], ['1170', 'Flat Light Tan', '#e2a37a', 'Matt', 'Enamel'], ['1171', 'Flat Beret Green', '#003d28', 'Matt', 'Enamel'], ['1171TT', 'Dark Green', '#fff', 'Matt', 'Enamel'], ['1172', 'Flat Sea Blue', '#00224a', 'Matt', 'Enamel'], ['1173', 'Orange Fluorescent', '#ff6700', 'Fluo', 'Enamel'], ['1174', 'Green', '#fff', 'Fluo', 'Enamel'], ['1175', 'Fire Red', None, 'Fluo', 'Enamel'], ['1176', 'Blue', '#fff', 'Gloss', 'Enamel'], ['1177', 'Yellow', '#fff', 'Fluo', 'Enamel'], ['1178', 'Pink', '#ff1493', 'Fluo', 'Enamel'], ['1180', 'Flat Steel', '#847e84', 'Metallic', 'Enamel'], ['1181', 'Flat Aluminum', '#bdc0c2', 'Metallic', 'Enamel'], ['1182', 'Flat Brass', '#b0742a', 'Metallic', 'Enamel'], ['1183', 'Rubber', '#3e1a00', 'Matt', 'Enamel'], ['1184', 'Zinc Chromate', '#decb00', 'Matt', 'Enamel'], ['1185', 'Rust', '#5a2d1e', 'Matt', 'Enamel'], ['1186', 'Maroon', '#fff', 'Gloss', 'Enamel'], ['1187', 'Magenta', '#fff', 'Gloss', 'Enamel'], ['1188', 'Hot Pink', '#fff', 'Gloss', 'Enamel'], ['1189', 'Violet', '#fff', 'Matt', 'Enamel'], ['1190', 'Lilac', '#fff', 'Gloss', 'Enamel'], ['1191', 'Flat Sunflower', '#ffff93', 'Matt', 'Enamel'], ['1192', 'Bright Lime', '#fff', 'Gloss', 'Enamel'], ['1193', 'Bright Teal', '#fff', 'Gloss', 'Enamel'], ['1194', 'Hunter Green', '#fff', 'Matt', 'Enamel'], ['1195', 'Split Pea', '#fff', 'Matt', 'Enamel'], ['1196', 'Grapefruit', '#fff', 'Matt', 'Enamel'], ['1197', 'Flat Cherry', '#a9302d', 'Matt', 'Enamel'], ['1198', 'Gun Metal', '#fff', 'Matt', 'Enamel'], ['1529', 'Metal Flake Red', '#9a0f1e', 'Metallic', 'Enamel'], ['1530', 'Metal Flake Green', '#005f31', 'Metallic', 'Enamel'], ['1531', 'Metal Flake Purple', '#fff', 'Metallic', 'Enamel'], ['1539', 'Metal Flake Blue', '#00579e', 'Gloss', 'Enamel'], ['1542', 'Metal Flake Gold', '#fff', 'Metallic', 'Enamel'], ['2723', 'Signal Amber', '#fff', 'Gloss', 'Enamel'], ['2724', 'Stop Light Red', '#fff', 'Metallic', 'Enamel'], ['2732', 'Cherry Engine Red', '#fff', 'Gloss', 'Enamel'], ['2734', 'Chrome Silver', '#fff', 'Metallic', 'Enamel'], ['2737', 'Gray Primer', '#fff', 'Matt', 'Enamel'], ['2738', 'International Tan', '#fff', 'Matt', 'Enamel'], ['2739', 'Flat International Gray', '#fff', 'Matt', 'Enamel'], ['1167', 'TAN', '#fff', 'Matt', 'Enamel'], ['1710', 'DARK GREEN', '#595c4e', 'Matt', 'Enamel'], ['1711', 'Olive Drab', '#fff', 'Matt', 'Enamel'], ['1723', 'Gunship Gray', '#676c73', 'Matt', 'Enamel'], ['1732', 'Flat Light Gray', '#fff', 'Matt', 'Enamel'], ['1117TT', 'gloss Light Ivory', None, 'Gloss', 'Enamel'], ['1214', 'Gloss Yellow', '#fcae00', 'Gloss', 'Enamel'], ['1701', 'Military Brown - FS30117', '#fff', 'Matt', 'Enamel'], ['1702', 'FIELD DRAB - FS30118', '#fff', 'Matt', 'Enamel'], ['1704', 'ARMOR SAND - FS30277', '#a6977d', 'Matt', 'Enamel'], ['1710', 'Dark Green FS34079', '#3e4e27', 'Matt', 'Enamel'], ['1711', 'Olive Drab FS34087', '#5f5c31', 'Matt', 'Enamel'], ['1717', 'Dark Sea Blue FS15042', '#1c3e59', 'Satin', 'Enamel'], ['1720', 'Intermediate Blue FS35164', '#6c7d85', 'Matt', 'Enamel'], ['1734', 'Green Zinc Chromate', '#699734', 'Matt', 'Enamel'], ['1745', 'Insignia White FS17875 - Gloss', '#fff', None, 'Enamel'], ['1768', 'Flat White FS37875', '#fff', 'Matt', 'Enamel'], ['1790', 'Chrome Silver', '#fff', 'Metallic', 'Enamel'], ['1795', 'Gunmetal', '#fff', None, 'Enamel'], ['1796', 'Jet Exhaust', '#85775a', 'Matt', 'Enamel'], ['2040', 'Aircraft Int. Black', '#fff', None, 'Enamel'], ['2058', 'RAF Medium Sea Grey (F)', '#babebd', 'Matt', 'Enamel'], ['52703', 'CheZoom Teal Pearl Colors By Boyd', '#fff', 'Metallic', 'Enamel'], ['52706', 'True Blue Pearl (Colors by Boyd)', '#fff', 'Gloss', 'Enamel'], ['52707', 'Lime Pearl (Colors by Boyd)', '#fff', 'Gloss', 'Enamel'], ['52708', 'Sunburst Colors By Boyd', '#fff', 'Gloss', 'Enamel'], ['52711', 'Black (Colors by Boyd)', '#fff', 'Gloss', 'Enamel'], ['52712', 'Hi gloss white by Boyd', '#fff', 'Gloss', 'Enamel'], ['52715', 'Colors By Boyd Bright Green', '#fff', 'Gloss', 'Enamel'], ['52717', 'Dusty Rose Pearl (Colors by Boyd)', '#fff', 'Gloss', 'Enamel'], ['52718', 'Ice Blue Pearl colors by Boyd', '#fff', 'Gloss', 'Enamel'], ['52720', 'HIGH GLOSS CLEAR', '#fff', 'Gloss', 'Enamel'], ['61147C', 'Gloss Black', '#fff', 'Gloss', 'Enamel'], ['79312', 'CreateFX Black Stain', '#fff', 'Matt', 'Enamel'], ['1156', 'Enamel Thinner & Brush Cleaner', '#fff', 'Cleaners', 'Enamel'], ['36375', 'Light Ghost Gray', '#fff', 'Matt', 'Enamel'], ['52719', 'COLORS BY BOYD WHITE PRIMER', '#fff', 'Matt', 'Enamel'], ['1873C', 'FLuorescent Orange', '#fff', 'Matt', 'Enamel'], ['1875C', 'Fluorescent Red', '#fff', 'Gloss', 'Enamel'], ['FS 31136', 'Flat Brown', '#fff', 'Matt', 'Enamel'], ['9132X', 'Fluorescent paint set', '#fff', 'Gloss', 'Enamel'], ['15R', 'Orbitron Blue', '#fff', 'Gloss', 'Enamel'], ['35', 'Purple', '#fff', 'Gloss', 'Enamel'], ['1211', 'Dark Blue', '#fff', 'Gloss', 'Enamel'], ['1237', 'Flat Gray Primer', '#fff', 'Matt', 'Enamel'], ['1238', 'Gray', '#fff', 'Gloss', 'Enamel'], ['1265', 'Flat Olive Drab', '#fff', 'Matt', 'Enamel'], ['1605', 'Transparent Candy Apple Red', '#fff', 'Gloss', 'Enamel'], ['1630', 'Jade Green', '#fff', 'Gloss', 'Enamel'], ['1639', 'Sapphire Blue Metal Flake', '#fff', 'Metallic', 'Enamel'], ['1801', 'Bright Cherry Red', '#fff', 'Gloss', 'Enamel'], ['52943', '#5 Kelloggs Racing Red', '#fff', 'Gloss', 'Enamel'], ['52959', '#88 Quality Care Racing Blue', '#fff', 'Gloss', 'Enamel'], ['1224', 'Green', '#fff', 'Gloss', 'Enamel'], ['1290', 'Metallic Chrome', '#d4d5d7', 'Metallic', 'Enamel'], ['52944', '#6 Valvoline Racing Dark Blue', '#fff', 'Gloss', 'Enamel'], ['52945', '#6 Valvoline Racing White', '#fff', 'Gloss', 'Enamel'], ['Aluma Yellow', 'Boyd', '#fff', 'Gloss', 'Enamel'], ['Dark Yellow', 'Boyd', '#fff', 'Gloss', 'Enamel'], ['Grape Pearl', 'Boyd', '#fff', 'Gloss', 'Enamel'], ['Purple Pearl', 'Boyd', '#fff', 'Gloss', 'Enamel'], ['steel', 'racing colors', '#fff', 'Satin', 'Enamel'], ['RAL 8020', 'Afrika Braun 1942', '#978176', 'Matt', 'Acrylic'], ['50496', 'Acrylic Paint Thinner', None, 'Thinners', 'Acrylic'], ['1301', 'White', '#fff', 'Gloss', 'Acrylic'], ['1306', 'Saffron', '#fff', 'Matt', 'Acrylic'], ['1313', 'Red', '#fff', 'Matt', 'Acrylic'], ['1319', 'Light Purple', '#fff', 'Matt', 'Acrylic'], ['1320', 'Burgundy', '#fff', 'Gloss', 'Acrylic'], ['1323', 'Purple', '#fff', 'Matt', 'Acrylic'], ['1324', 'Light Blue', '#fff', 'Matt', 'Acrylic'], ['1325', 'Blue', '#fff', 'Matt', 'Acrylic'], ['1331', 'Light Green', '#fff', 'Matt', 'Acrylic'], ['1332', 'Teal', '#fff', 'Matt', 'Acrylic'], ['1336', 'Light Brown', '#fff', 'Matt', 'Acrylic'], ['1338', 'Burnt Umber', '#fff', 'Matt', 'Acrylic'], ['1365', 'Purple', '#fff', 'Gloss', 'Acrylic'], ['1366', 'Gloss Teal', '#fff', 'Gloss', 'Acrylic'], ['1500', 'Red', '#fff', 'Gloss', 'Acrylic'], ['1514', 'Teal', '#fff', 'Gloss', 'Acrylic'], ['1521', 'Blue Gloss', '#fff', 'Gloss', 'Acrylic'], ['1524', '(Gloss) Black', '#fff', 'Gloss', 'Acrylic'], ['1534', 'Camo Green Drab', '#fff', 'Matt', 'Acrylic'], ['1535', 'Dark Gull Grey', '#fff', 'Matt', 'Acrylic'], ['1536', 'Orange Gloss', '#fff', 'Gloss', 'Acrylic'], ['1537', 'Gold Metallic', '#fff', 'Metallic', 'Acrylic'], ['1557', 'Yellow Gloss', '#fff', 'Gloss', 'Acrylic'], ['1558', 'Flat tan', '#fff', 'Matt', 'Acrylic'], ['1559', 'Clear', '#fff', 'Gloss', 'Acrylic'], ['1567', 'Dark Blue', '#fff', 'Gloss', 'Acrylic'], ['1571', 'Neutral Gray', '#778183', 'Matt', 'Acrylic'], ['1573', 'Flat Black', '#fff', 'Matt', 'Acrylic'], ['1574', 'Flat White', '#fff', 'Matt', 'Acrylic'], ['1575', 'Silver Metallic', '#fff', 'Metallic', 'Acrylic'], ['1576', 'Charcoal Gloss', '#fff', 'Gloss', 'Acrylic'], ['1577', 'Light Ghost Grey', '#fff', 'Matt', 'Acrylic'], ['1578', 'Dark Ghost Grey', '#fff', 'Matt', 'Acrylic'], ['1580', 'Flat Dark Tan', '#fff', 'Matt', 'Acrylic'], ['1581', 'Flat Dark Green', '#fff', 'Matt', 'Acrylic'], ['1587', 'White Gloss', '#fff', 'Gloss', 'Acrylic'], ['403036', 'Fiery Orange', '#ff7826', 'Gloss', 'Acrylic'], ['921577', 'Light Ghost Gray', '#fff', 'Matt', 'Acrylic'], ['921535004', 'Flat Dark Gull Gray', '#888b8d', 'Matt', 'Acrylic'], ['921576031', 'Gunship Gray', '#676c73', 'Matt', 'Acrylic'], ['921577004', 'Flat Light Ghost Gray', '#a6adb4', 'Matt', 'Acrylic'], ['921577031', 'Ghost Gray', '#a6adb4', 'Matt', 'Acrylic'], ['921578004', 'Flat Dark Ghost Gray', '#98a1a9', 'Matt', 'Acrylic'], ['921578031', 'Flat Dark Ghost Gray', '#98a1a9', 'Matt', 'Acrylic'], ['1328', 'Royal Blue', '#fff', 'Gloss', 'Acrylic'], ['1363C', 'Flat Yellow', '#fff', 'Matt', 'Acrylic'], ['1500', 'Red', '#fff', 'Gloss', 'Acrylic'], ['1553', 'Gloss Green', '#fff', 'Gloss', 'Acrylic'], [None, None, None, None, 'Acrylic'], ['1535', 'Flat Dark Gull Grey', '#fff', 'Matt', 'Acrylic'], ['1570', 'Flat Olive Drab Khaki', '#fff', 'Matt', 'Acrylic'], [None, None, '#fff', None, 'Acrylic'], ['921584004', 'Flat Black', '#000000', 'Matt', 'Acrylic'], ['79407', 'FX Olive Green Wash', '#fff', 'Matt', 'Acrylic'], ['1921534', 'Camo Green Drab', '#fff', 'Matt', 'Acrylic'], ['1921535', 'Fl Dk Gull Gray', '#fff', 'Matt', 'Acrylic'], ['1921558', 'Tan Flat', '#fff', 'Matt', 'Acrylic'], ['1921570', 'Fl Olive Drab', '#fff', 'Matt', 'Acrylic'], ['1921573', 'Black Flat', '#fff', 'Matt', 'Acrylic'], ['1921580', 'Flat Dark Tan', '#fff', 'Matt', 'Acrylic'], ['3515', 'Clear Parts Cement & Window Maker', '#fff', 'Gloss', 'Acrylic'], ['79406', 'FX Mahogany Wash', '#fff', 'Matt', 'Acrylic'], ['1246C', 'Metallic Silver', '#fff', 'Metallic', None], ['1260', 'Dullcoat Lacquer', None, 'Matt', None], ['1261', 'Glosscote Lacquer', '#fff', 'Gloss', None], ['1831', 'Fiery Orange', '#fff', 'Metallic', None], ['1832', 'Blazing Black', '#fff', 'Metallic', None], ['1833', 'White Lightning', '#fff', 'Gloss', None], ['1834', 'Wet Look Clear', '#fff', None, None], ['1835MCA', 'Lime Ice', '#fff', 'Gloss', None], ['1836', 'De Ja Blue', '#fff', 'Metallic', None], ['1837', 'Revving Red', '#fff', 'Metallic', None], ['1839', 'Inca Gold', '#fff', 'Metallic', None], ['1840MCA', 'Flaming Orange', '#fff', 'Gloss', None], ['1842M', 'Purple-Licious', '#fff', 'Gloss', None], ['1843', 'Star-Spangled Blue', '#fff', 'Metallic', None], ['1844', 'Icy Blue', '#fff', 'Metallic', None], ['1845M', 'Mystic Emerald', '#fff', 'Metallic', None], ['1847', 'Bronze', '#fff', 'Metallic', None], ['1848', 'Root Beer (Brown Metallic)', '#fff', 'Gloss', None], ['1849MCA', 'Graphite Dust', '#fff', None, None], ['9200', 'Decal Bonder', '#fff', None, None], ['Clear', 'Testors Decal bonder', '#fff', 'Gloss', None], ['1159', 'Lacquer Thinner & Brush Cleaner', None, 'Cleaners', None], ['1160', 'Dullcote Lacquer', None, 'Matt', None], ['1161', 'Glosscote Lacquer', '#fff', 'Gloss', None], ['921', 'Military Aircraft Spray Set', None, None, None], [None, None, None, None, None], ['9160', 'Plastic Model Finishing Set For aircraft/military', '#fff', None, None], ['1921535, 1921558, 1921570, 1921534,', 'Flat military 6 color set w/ brushes and tray', '#fff', None, None], ['1921535, 1921558, 1921570, 1921534, 1921573, 1921580', 'Acrylic Paint Set', '##fff', None, None]], 'Testors Paint Markers': [['2503', 'Red-Gloss', '#e10000', 'Gloss', 'Enamel'], ['2508', 'Light Blue-Gloss', '#75bbff', 'Gloss', 'Enamel'], ['2524', 'Green-Gloss', '#fff', 'Gloss', 'Enamel'], ['2540', 'Brown-Gloss', '#fff', 'Metallic', 'Enamel'], ['2544', 'Gold-Metallic', '#fff', 'Metallic', 'Enamel'], ['2545', 'White-Gloss', '#ffffff', 'Gloss', 'Enamel'], ['2546', 'Silver-Metallic', '#fff', 'Metallic', 'Enamel'], ['2547', 'Black-Gloss', '#010101', 'Gloss', 'Enamel'], ['2549', 'Black-Flat', '#262627', 'Matt', 'Enamel'], ['251146', 'Dark Blue-Gloss', '#1a1a94', 'Gloss', 'Enamel'], ['251409', 'Yellow-Gloss', '#fff', 'Gloss', 'Enamel'], ['342892', 'Earth (CreateFX)', '#b5937d', 'Matt', 'Enamel'], ['342894', 'Mud (Model Master)', '#d9c3b0', 'Matt', 'Enamel'], ['342895', 'Grime (CreateFX)', '#f3f0ea', 'Gloss', 'Enamel'], [None, None, '#fff', None, 'Acrylic']], 'The Army Painter': [[None, None, '#fff', 'Matt', 'Acrylic'], ['Anti-Shine Matt Varnish', '', '#fff', 'Varnish', 'Acrylic'], ['WP', 'Hardened Leather Speed Paint', '#fff', None, 'Acrylic'], ['WP1101', 'Matt Black', None, 'Matt', 'Acrylic'], ['WP1102', 'Matt White', None, 'Matt', 'Acrylic'], ['WP1103', 'Anti-Shine Matt Varnish', None, 'Matt', 'Acrylic'], ['WP1104', 'Pure Red', None, 'Matt', 'Acrylic'], ['WP1105', 'Dragon Red', None, 'Matt', 'Acrylic'], ['WP1106', 'Lava Orange', None, 'Matt', 'Acrylic'], ['WP1107', 'Daemonic Yellow', None, 'Matt', 'Acrylic'], ['WP1107', 'Daemonic Yellow', '#fff', 'Matt', 'Acrylic'], ['WP1108', 'Necrotic Flesh', None, 'Matt', 'Acrylic'], ['WP1109', 'Goblin Green', '#29853b', 'Matt', 'Acrylic'], ['WP1110', 'Army Green', None, 'Matt', 'Acrylic'], ['WP1111', 'Greenskin', None, 'Matt', 'Acrylic'], ['WP1112', 'Angel Green', '#013216', 'Matt', 'Acrylic'], ['WP1113', 'Electric Blue', '#fff', 'Matt', 'Acrylic'], ['WP1113', 'Electric Blue', None, 'Matt', 'Acrylic'], ['WP1114', 'Crystal Blue', None, 'Matt', 'Acrylic'], ['WP1115', 'Ultramarine Blue', None, 'Matt', 'Acrylic'], ['WP1116', 'Deep Blue', None, 'Matt', 'Acrylic'], ['WP1117', 'Ash Grey', None, 'Matt', 'Acrylic'], ['WP1118', 'Uniform Grey', None, 'Matt', 'Acrylic'], ['WP1119', 'Wolf Grey', None, 'Matt', 'Acrylic'], ['WP1120', 'Monster Brown', None, 'Matt', 'Acrylic'], ['WP1121', 'Desert Yellow', None, 'Matt', 'Acrylic'], ['WP1122', 'Fur Brown', '#9e401c', 'Matt', 'Acrylic'], ['WP1123', 'Leather Brown', None, 'Matt', 'Acrylic'], ['WP1124', 'Oak Brown', None, 'Matt', 'Acrylic'], ['WP1125', 'Skeleton Bone', None, 'Matt', 'Acrylic'], ['WP1126', 'Barbarian Flesh', None, 'Matt', 'Acrylic'], ['WP1127', 'Tanned Flesh', None, 'Matt', 'Acrylic'], ['WP1128', 'Alien Purple', None, 'Matt', 'Acrylic'], ['WP1129', 'Shining Silver', None, 'Metallic', 'Acrylic'], ['WP1130', 'Plate Mail Metal', None, 'Metallic', 'Acrylic'], ['WP1131', 'Gun Metal', '#5a5652', 'Metallic', 'Acrylic'], ['WP1132', 'Greedy Gold', None, 'Metallic', 'Acrylic'], ['WP1133', 'Weapon Bronze', None, 'Metallic', 'Acrylic'], ['WP1134', 'Quick Shade Soft Tone Ink', None, 'Matt', 'Acrylic'], ['WP1135', 'Quick Shade Stong Tone Ink', '#463125', 'Matt', 'Acrylic'], ['WP1136', 'Quick Shade Dark Tone Ink', '#36250a', 'Matt', 'Acrylic'], ['WP1137', 'Quick Shade Green Tone Ink', '#0b2d14', 'Matt', 'Acrylic'], ['WP1138', 'Quick Shade Red Tone Ink', '#591911', 'Matt', 'Acrylic'], ['WP1139', 'Quick Shade Blue Tone Ink', '#1a2945', 'Matt', 'Acrylic'], ['WP1140', 'Quick Shade Purple Tone Ink', '#352152', 'Matt', 'Acrylic'], ['WP1141', 'Hydra Turquoise', None, 'Matt', 'Acrylic'], ['WP1142', 'Chaotic Red', None, 'Matt', 'Acrylic'], ['WP1143', 'Quick Shade Flesh wash Ink', '#5b1911', 'Matt', 'Acrylic'], ['WP1144', 'Bright Gold', None, 'Metallic', 'Acrylic'], ['WP1401', 'Abomination Gore', None, 'Matt', 'Acrylic'], ['WP1402', 'Arid Earth', None, 'Matt', 'Acrylic'], ['WP1403', 'Babe Blonde', None, 'Matt', 'Acrylic'], ['WP1404', 'Banshee Brown', None, None, 'Acrylic'], ['WP1405', 'Basilisk Brown', '#ce8115', 'Matt', 'Acrylic'], ['WP1406', 'Brainmatter Beige', None, 'Matt', 'Acrylic'], ['WP1407', 'Castle Grey', None, 'Matt', 'Acrylic'], ['WP1408', 'Centaur Skin', '#e0aca1', 'Matt', 'Acrylic'], ['WP1409', 'Combat Fatigue', None, 'Matt', 'Acrylic'], ['WP1410', 'Commando Green', None, 'Matt', 'Acrylic'], ['WP1411', 'Corpse Pale', None, 'Matt', 'Acrylic'], ['WP1412', 'Crusted Sore', '#5b121e', 'Matt', 'Acrylic'], ['WP1413', 'Crypt Wraith', None, 'Matt', 'Acrylic'], ['WP1414', 'Cultist Robe', None, None, 'Acrylic'], ['WP1415', 'Dark Sky', None, 'Matt', 'Acrylic'], ['WP1416', 'Dirt Spatter', None, 'Matt', 'Acrylic'], ['WP1417', 'Drake Tooth', None, 'Matt', 'Acrylic'], ['WP1418', 'Dungeon Grey', None, 'Matt', 'Acrylic'], ['WP1419', 'Elemental Bolt', None, 'Matt', 'Acrylic'], ['WP1420', 'Elf Green', None, 'Matt', 'Acrylic'], ['WP1421', 'Elven Flesh', None, 'Matt', 'Acrylic'], ['WP1422', 'Orc Blood', '#93606f', 'Matt', 'Acrylic'], ['WP1422', 'Ork Blood', '#fff', 'Matt', 'Acrylic'], ['WP1424', 'Filthy Cape', None, 'Matt', 'Acrylic'], ['WP1425', 'Dark Stone', None, 'Matt', 'Acrylic'], ['WP1426', 'Fire Lizard', None, 'Matt', 'Acrylic'], ['WP1427', 'Fog Grey', None, 'Matt', 'Acrylic'], ['WP1428', 'Gorgon Hide', None, 'Matt', 'Acrylic'], ['WP1429', 'Griffon Blue', None, 'Matt', 'Acrylic'], ['WP1430', 'Hardened Carapace', None, 'Matt', 'Acrylic'], ['WP1431', 'Hemp Rope', None, 'Matt', 'Acrylic'], ['WP1432', 'Ice Storm', None, 'Matt', 'Acrylic'], ['WP1433', 'Jungle Green', '#7fa626', 'Matt', 'Acrylic'], ['WP1434', 'Kobold Skin', None, 'Matt', 'Acrylic'], ['WP1435', 'Kraken Skin', None, 'Matt', 'Acrylic'], ['WP1436', 'Mars Red', None, 'Matt', 'Acrylic'], ['WP1437', 'Toxic Mist', None, 'Matt', 'Acrylic'], ['WP1438', 'Moon Dust', None, 'Matt', 'Acrylic'], ['WP1439', 'Mouldy Clothes', None, 'Matt', 'Acrylic'], ['WP1440', 'Mummy Robes', None, 'Matt', 'Acrylic'], ['WP1441', 'Mutant Hue', '#a58084', 'Matt', 'Acrylic'], ['WP1442', 'Mythical Orange', None, 'Matt', 'Acrylic'], ['WP1443', 'Necromancer Cloak', None, 'Matt', 'Acrylic'], ['WP1444', 'Grimoire Purple', None, 'Matt', 'Acrylic'], ['WP1445', 'Oozing Purple', None, 'Matt', 'Acrylic'], ['WP1446', 'Phoenix Flames', None, 'Matt', 'Acrylic'], ['WP1447', 'Pixie Pink', None, 'Matt', 'Acrylic'], ['WP1448', 'Poisonous Cloud', '#cfdd4a', 'Matt', 'Acrylic'], ['WP1449', 'Royal Cloak', None, 'Matt', 'Acrylic'], ['WP1450', 'Scaly Hide', None, 'Matt', 'Acrylic'], ['WP1451', 'Warlock Purple', None, 'Matt', 'Acrylic'], ['WP1452', 'Voidshield Blue', None, 'Matt', 'Acrylic'], ['WP1453', 'Snake Scales', None, 'Matt', 'Acrylic'], ['WP1454', 'Spaceship Exterior', None, 'Matt', 'Acrylic'], ['WP1455', 'Stone Golem', None, 'Matt', 'Acrylic'], ['WP1456', 'Sulfide Ochre', None, 'Matt', 'Acrylic'], ['WP1457', 'Toxic Boils', None, 'Matt', 'Acrylic'], ['WP1458', 'Troglodyte Blue', None, 'Matt', 'Acrylic'], ['WP1459', 'Troll Claws', None, 'Matt', 'Acrylic'], ['WP1460', 'Vampire Red', None, 'Matt', 'Acrylic'], ['WP1461', 'Venom Wyrm', None, 'Matt', 'Acrylic'], ['WP1462', 'Viking Blue', None, 'Matt', 'Acrylic'], ['WP1463', 'Wasteland Soil', '#774b58', 'Matt', 'Acrylic'], ['WP1464', 'Werewolf Fur', '#755b49', 'Matt', 'Acrylic'], ['WP1465', 'Witch Brew', None, 'Matt', 'Acrylic'], ['WP1466', 'Wizards Orb', None, 'Matt', 'Acrylic'], ['WP1467', 'True Copper', None, 'Metallic', 'Acrylic'], ['WP1468', 'Rough Iron', None, 'Metallic', 'Acrylic'], ['WP1469', 'Quick Shade Mid Brown', '#8f5d26', 'Matt', 'Acrylic'], ['WP1470', 'Quick Shade Light Tone', '#9a442b', 'Matt', 'Acrylic'], ['WP1471', 'Quick Shade Military Shader', '#546233', 'Matt', 'Acrylic'], ['WP1472', 'Brush-On Primer', None, 'Matt', 'Acrylic'], ['WP1473', 'Glow Varnish', None, 'Matt', 'Acrylic'], ['WP1474', 'Quick Shade Wash Mixing Medium', None, None, 'Acrylic'], ['WP1476', 'Glistening Blood', None, 'Matt', 'Acrylic'], ['WP1478', 'WET MUD', None, 'Matt', 'Acrylic'], ['WP1479', 'Dry Rust', '#b25b2e', 'Matt', 'Acrylic'], ['WP1480', 'Scar Tissue', '#ca8872', 'Matt', 'Acrylic'], ['WP1481', 'Field Grey', None, None, 'Acrylic'], ['AW2001P', 'Airbrush Medium', None, 'Thinners', 'Acrylic'], ['AW2002P', 'Airbrush Cleaner', None, 'Cleaners', 'Acrylic'], ['AW2005P', 'Warpaints Air Gloss Varnish', None, 'Varnish', 'Acrylic'], ['AW2010P', 'Warpaints Air Grey Primer', '#7f7f7f', 'Matt', 'Acrylic'], ['AW2011P', 'Warpaints Air Primer Black', '#000000', 'Matt', 'Acrylic'], ['AW2012P', 'Warpaints Air Primer White', '#ffffff', 'Matt', 'Acrylic'], ['W2003P', 'Warpaints Air Anti-shine Matt Varnish', None, 'Varnish', 'Acrylic'], ['QS1001', 'Quick Shade Soft Tone', '#fff', 'Matt', 'Acrylic'], ['QS1002', 'Quick Shade Strong Tone', '#fff', 'Matt', 'Acrylic'], ['QS1003', 'Quick Shade Dark Tone', '#fff', 'Matt', 'Acrylic'], ['CP3001', 'Matt Black Primer', '#fff', 'Matt', 'Acrylic'], ['CP3002', 'Matt White Primer', '#fff', 'Matt', 'Acrylic'], ['CP3003', 'Anti Shine Matt Varnish', '#fff', 'Varnish', 'Acrylic'], ['CP3004', 'Leather Brown Primer', '#fff', 'Matt', 'Acrylic'], ['CP3005', 'Army Green Primer', '#fff', 'Matt', 'Acrylic'], ['CP3006', 'Pure Red Primer', '#fff', 'Matt', 'Acrylic'], ['CP3007', 'Barbarian Flesh Primer', '#fff', 'Matt', 'Acrylic'], ['CP3008', 'Plate Mail Metal Primer', '#fff', 'Matt', 'Acrylic'], ['CP3010', 'Uniform Grey Primer', '#fff', 'Matt', 'Acrylic'], ['CP3011', 'Desert Yellow Primer', '#fff', 'Matt', 'Acrylic'], ['CP3012', 'Skeleton Bone Primer', '#fff', 'Matt', 'Acrylic'], ['CP3013', 'Necrotic Flesh Primer', '#fff', 'Matt', 'Acrylic'], ['CP3014', 'Greenskin Primer', '#fff', 'Matt', 'Acrylic'], ['CP3015', 'Daemonic Yellow Primer', '#fff', 'Matt', 'Acrylic'], ['CP3016', 'Fur Brown Primer', '#fff', 'Matt', 'Acrylic'], ['CP3017', 'Crystal Blue Primer', '#fff', 'Matt', 'Acrylic'], ['CP3018', 'Dragon Red Primer', '#fff', 'Matt', 'Acrylic'], ['CP3019', 'Alien Purple Primer', '#fff', 'Matt', 'Acrylic'], ['CP3020', 'Angel Green Primer', '#fff', 'Matt', 'Acrylic'], ['CP3021', 'Wolf Grey Primer', '#fff', 'Matt', 'Acrylic'], ['CP3022', 'Ultramarine Blue Primer', '#fff', 'Matt', 'Acrylic'], ['CP3024', 'Goblin Green Primer', '#fff', 'Matt', 'Acrylic'], ['32314', 'shahram', '#fff', None, None], ['WP.8023', 'Quick Shade Washes Set', '#fff', None, None], ['WP8021', 'Mega Paint Set', '##fff', None, None]], 'Titan Extrafino': [['4', 'Blanco Tit├ín', '#fff', 'Gloss', None], ['9', 'Amarillo Real', '#fff', 'Gloss', None], ['30', 'Amarillo Tit├ín Naranja', '#fff', 'Gloss', None], ['46', 'Azul Tit├ín', '#fff', 'Gloss', None], ['55', 'Azul Cyan', '#fff', 'Gloss', None], ['66', 'Verde Tit├ín Claro', '#fff', 'Gloss', None], ['67', 'Verde Cinabrio', '#fff', 'Gloss', None], ['71', 'Verde Tit├ín Oscuro', '#fff', 'Gloss', None], ['84', 'Negro Humo', '#fff', 'Gloss', None], ['85', 'Gris Fr├¡o', '#fff', 'Gloss', None], ['88', 'Ocre Amarillo', '#fff', 'Gloss', None], ['90', 'Tierra Siena Natural', '#fff', 'Gloss', None], ['96', 'Tierra Siena Tostada', '#fff', 'Gloss', None], ['100', 'Rojo Ingl├⌐s Claro', '#fff', 'Gloss', None]], 'Tom Colors - World at War': [['Sky Blue', 'Sky Blue (RAF)', None, 'Matt', 'Acrylic']], 'Tru-Color': [['TCP-029', 'D&H Gray', '#75816b', 'Gloss', None], ['TCP-005', 'White', '#ffffff', 'Gloss', None], ['TCP-006', 'Concrete', '#f4f2f2', 'Gloss', None], ['TCP-009', 'Grimy Black', '#515a59', 'Gloss', None], ['TCP-010', 'Black', '#040203', 'Gloss', None], ['TCP-028', 'Delaware & Hudson Yellow', '#eba92d', 'Gloss', None], ['TCP-076', 'Rust', '#da2c43', 'Matt', None], ['TCP-077', 'Silver', '#c0c0c0', 'Metallic', None], ['TCP-084', 'Container Blue', '#729ac0', 'Gloss', None], ['TCP-085', 'Gold', '#d4af37', 'Metallic', None], ['TCP-098', 'Montana Rail Link Blue', '#1e3563', 'Gloss', None], ['TCP-176', 'Dust', '#ded9da', 'Gloss', None], ['TCP-287', 'Copper', '#b87333', 'Metallic', None], ['TCP-288', 'Brass', '#b5a642', 'Metallic', None], ['TCP-319', 'Missouri-Kansas-Texas YELLOW', '#ffcc0e', 'Gloss', None], ['TCP-349', 'Seasoned Brown Wood', '#633700', 'Matt', None], ['TCP-350', 'Natural Wood', '#dd8a3c', 'Matt', None], ['TCP-538', 'Goldenrod Yellow', '#e0a526', 'Gloss', None], ['TCP-573', 'Cameo White', '#fef6e9', 'Gloss', None], ['TCP-574', 'Carousel Red', '#c03128', 'Gloss', None], ['TCP-654', 'Caviar', '#252122', 'Pearl', None], ['TCP-656', 'Platinbronze', '#b08d57', 'Pearl', None], ['TCP-661', 'Carneolrot', '#410201', 'Pearl', None], ['TCP-670', 'Athena Blue', '#7aaeeb', 'Metallic', None], ['TCP-671', 'Dark Green', '#161e17', 'Metallic', None], ['TCP-672', 'Cordovan Maroon', '#623135', 'Metallic', None], ['TCP-765', 'Dark Cloisonne', '#1c3d86', 'Metallic', None], ['TCP-1201', 'FS 17875 Insignia White', '#f0f5e8', 'Gloss', None], ['TCP-1222', 'Sand FS-30279', '#a58b75', 'Gloss', None], ['TCP-1231', 'ANA 623 US Army-Navy Air Corps Deep Blue Black', '#041536', 'Gloss', None], ['TCP-1236', 'Olive Drab ANA-613', '#5b5122', 'Gloss', None], ['TCP-1242', 'Light Blue #23', '#467886', 'Gloss', None], ['TCP-1243', 'Yellow #4', '#dc9a00', 'Gloss', None], ['TCP-1244', 'Orange-Yellow #47', '#fe9800', 'Gloss', None], ['TCP-1245', 'Neutral Grey #33', '#4b5461', 'Gloss', None], ['TCP-1247', 'True Blue', '#114a7f', 'Gloss', None], ['TCP-1323', 'FS 35045 Dark Blue', '#092134', 'Gloss', None]], 'True North Precision Paints': [['FS 27270', 'Modern USN Haze Grey', '#fff', 'Matt', 'Enamel'], ['FS 30076', 'Flat Modern USN Hull Red', '#fff', 'Matt', 'Enamel'], ['FS 36008', 'Flat Modern USN Deck Grey', '#fff', 'Matt', 'Enamel'], ['FS 36076', 'Flat Dark Gunship Grey', '#fff', 'Matt', 'Enamel'], ['FS 37038', 'Flat Black', '#fff', 'Matt', 'Enamel'], ['TN2095', 'RLM 79 Sandgelb II', '#fff', 'Matt', 'Enamel'], ['TN2101', 'RLM Sandgelb I', '#fff', 'Matt', 'Enamel'], ['E.Thinner', 'Enamel Thinner', '#fff', 'Thinners', 'Enamel'], ['FS 16473', 'Aircraft Grey (ADC Grey)', '#a2aca8', 'Matt', 'Enamel'], ['5-0 Ocean Grey', 'U.S. Navy Late 1941', None, None, 'Enamel'], ['ANA#506', 'U.S. Navy Orange Yellow', '#fff', 'Gloss', 'Enamel'], ['Brass', '', None, None, 'Enamel'], ['Flat Black', 'WWII US Navy #82', None, 'Matt', 'Enamel'], ['FS1785', 'Gloss White', '#fff', 'Gloss', 'Enamel'], ['FS 11120', 'Gloss Arctic Red', '#fff', 'Gloss', 'Enamel'], ['FS 12197', 'International Orange', '#fff', 'Gloss', 'Enamel'], ['FS17925', 'Insignia White', '#fff', 'Gloss', 'Enamel'], ['FS 28913', 'Fluorescent Orange-Red', '#fff', 'Gloss', 'Enamel'], ['FS28915', 'Fluorescent Red', '#fff', None, 'Enamel'], ['Green Zinc Chromate', 'WWII Green Zinc Chromate', None, None, 'Enamel'], ['Yellow Zinc Chromate', '', None, None, 'Enamel']], 'True-Earth': [['TEPL 01', 'Metaliner Dark', '#fff', 'Metallic', 'Acrylic'], ['TEPL 02', 'Metaliner Warm', '#fff', 'Metallic', 'Acrylic'], ['TEPL 03', 'Metaliner Mid Metal', '#fff', 'Metallic', 'Acrylic'], ['TEPL 04', 'Metaliner Plain Alu', '#fff', 'Metallic', 'Acrylic'], ['TEPL 05', 'Metaliner Light Alu', '#fff', 'Metallic', 'Acrylic'], ['TEWO 01', 'Light Wood', '#fff', 'Matt', 'Acrylic'], ['TEWO 02', 'Brown Wood', '#fff', 'Matt', 'Acrylic'], ['TEWO 03', 'Red Wood', '#fff', 'Matt', 'Acrylic'], ['TEWO 04', 'Old Wood', '#fff', 'Matt', 'Acrylic'], ['TEPR 09', 'Wood Primer', '#fff', 'Matt', 'Acrylic'], ['TESE14', 'Metal Linear', '##fff', None, None]], 'True-Earth SDW Paints': [['TEEC06', 'Rough Casting - Antiskid', '#fff', 'Matt', 'Acrylic'], ['TEPL03', 'Metal Liner Mid Metal', '#fff', 'Metallic', 'Acrylic'], ['TEFW01', 'Dark Ageing (Filter&Wash)', '#fff', 'Matt', 'Acrylic'], ['TEFW02', 'General Ageing (Filter&Wash)', '#fff', 'Matt', 'Acrylic'], ['TEFW20', 'Black (Filter&Wash)', '#fff', 'Matt', 'Acrylic'], ['TEPL01', 'Metal Liner Dark', '#fff', 'Metallic', 'Acrylic'], ['TEPL02', 'Metal Liner Warm', '#fff', 'Metallic', 'Acrylic'], ['TEPL04', 'Metal Liner Plain Alu', '#fff', 'Metallic', 'Acrylic'], ['TEPL05', 'Metal Liner Light Alu', '#fff', 'Metallic', 'Acrylic'], ['TERI01', 'Rust Intense 1', '#a7611b', 'Matt', 'Acrylic'], ['TERI02', 'Rust Intense 2', '#d04a15', 'Matt', 'Acrylic'], ['TERI03', 'Rust Intense 3', '#f87c26', 'Matt', 'Acrylic'], ['TERI04', 'Rust Intense 4', '#5a3115', 'Matt', 'Acrylic'], ['TERI05', 'Rust Intense 5', '#deaf2b', 'Matt', 'Acrylic'], ['TESC01', 'Black', '#010101', 'Matt', 'Acrylic'], ['TESC02', 'White', '#fefefe', 'Matt', 'Acrylic'], ['TESC03', 'Cyan Blue', '#0085b2', 'Matt', 'Acrylic'], ['TESC04', 'Magenta Red', '#db0001', 'Matt', 'Acrylic'], ['TESC05', 'Yellow', '#ffcd1e', 'Matt', 'Acrylic'], ['TESC06', 'Neutral Grey', '#a6a7ab', 'Matt', 'Acrylic'], ['TESC07', 'Orange', '#ff8000', 'Matt', 'Acrylic'], ['TESC08', 'Green', '#4cd240', 'Matt', 'Acrylic'], ['TESC10', 'Burnt Umber', '#8c3a22', 'Matt', 'Acrylic'], ['TESC11', 'Raw Umber', '#563b26', 'Matt', 'Acrylic'], ['TESC12', 'Burnt Sienna', '#8b330b', 'Matt', 'Acrylic'], ['TESC13', 'Raw Sienna', '#b55f29', 'Matt', 'Acrylic'], ['TESC14', 'Yellow Ochre', '#e29f1e', 'Matt', 'Acrylic'], ['TESC15', 'Payne Grey', '#30303c', 'Matt', 'Acrylic'], ['TESC16', 'Naples Yellow', '#ffffd8', 'Matt', 'Acrylic'], ['TESC17', 'Buff', '#fde796', 'Matt', 'Acrylic'], ['TESC18', 'Tan', '#afac8b', 'Matt', 'Acrylic'], ['TESC19', 'Sandbraun Ral 8020', '#f9c16c', 'Matt', 'Acrylic'], ['TESC20', 'Dark Yellow RAL 7028-1', '#bba059', 'Matt', 'Acrylic'], ['TESC21', 'Dull Yellow RAL 7028-2', '#ffd281', 'Matt', 'Acrylic'], ['TESC23', 'Red Brown RAL 8017', '#bf674b', 'Matt', 'Acrylic'], ['TESC24', 'Olive Green RAL 6003', '#569056', 'Matt', 'Acrylic'], ['TESC25', 'Panzer Grey RAL 7021', '#44444e', 'Matt', 'Acrylic'], ['TESC26', 'Chocolate Brown', '#905345', 'Matt', 'Acrylic'], ['TESC27', 'GelbBraun Ral 8000', '#d5a14e', 'Matt', 'Acrylic'], ['TESC28', 'GrunGrau Ral 7008', '#868b6d', 'Matt', 'Acrylic'], ['TESC29', 'Grau Ral 7027', '#9b978e', 'Matt', 'Acrylic'], ['TESC30', 'Olive Drab', '#636043', 'Matt', 'Acrylic'], ['TESC31', 'Khaki', '#bca946', 'Matt', 'Acrylic'], ['TESC32', 'Brown', '#865b35', 'Matt', 'Acrylic'], ['TESC33', 'Sand', '#dbc57c', 'Matt', 'Acrylic'], ['TESC34', 'Earth Brown', '#ad8b69', 'Matt', 'Acrylic'], ['TESC35', 'Mud Brown', '#926d26', 'Matt', 'Acrylic'], ['TESC36', 'Grey Green', '#6d9a71', 'Matt', 'Acrylic'], ['TESC37', 'Russian Green 4BO', '#757b21', 'Matt', 'Acrylic'], ['TESC38', 'Red', '#ca2b18', 'Matt', 'Acrylic'], ['TESC39', 'Minium Red RAL 3009', '#bc5e4a', 'Matt', 'Acrylic'], ['TESC40', 'Blue', '#1c4fa0', 'Matt', 'Acrylic'], ['TESC50', 'Skin Tone Warm 1', '#ffda85', 'Matt', 'Acrylic'], ['TESC51', 'Skintone Warm 2', '#bb7957', 'Matt', 'Acrylic'], ['TESC52', 'Skintone Warm 3', '#7a5a45', 'Matt', 'Acrylic'], ['TESC53', 'Skin Tone Pink', '#feae85', 'Matt', 'Acrylic'], ['TESC60', 'Drab Grey', '#443e3e', 'Matt', 'Acrylic'], ['TESC97', 'Bistro Additive', '#3e2a23', 'Matt', 'Acrylic'], ['TESM02', 'Light Metal', '#a8a8aa', 'Matt', 'Acrylic'], ['TESM05', 'Gun Metal', '#4c4a4b', 'Matt', 'Acrylic'], ['TESM07', 'Rich Gold/Bronze', '#e1d706', 'Matt', 'Acrylic'], ['TEWE01', 'Oil & Fuel', '#744f00', 'Matt', 'Acrylic'], ['TEWE02', 'Engine Grease', '#5a564a', 'Matt', 'Acrylic'], ['TEPR02', 'Slick Primer', '#fff', 'Matt', 'Acrylic']], 'Tulip Color': [['368736', 'Black', '#000000', 'Matt', 'Acrylic']], 'Ultimate Primer': [['UMP003', 'Ultimate Weathering Wash - Rust', '#fff', 'Matt', 'Acrylic'], ['UMP004', 'Ultimate Weathering Wash - Light Dirt', '#fff', 'Matt', 'Acrylic'], ['UMP005', 'Ultimate Weathering Wash - Dark Dirt', '#fff', 'Matt', 'Acrylic'], ['UMP006', 'Ultimate Weathering Wash - Mud', '#fff', 'Matt', 'Acrylic'], ['UMP007', 'Ultimate Weathering Wash - Concrete', '#fff', 'Matt', 'Acrylic'], ['UMP008', 'Ultimate Weathering Wash - Sand', '#fff', 'Matt', 'Acrylic'], ['UMP024', 'Ultimate Weathering Wash - Winter', '#fff', 'Matt', 'Acrylic'], ['UMP025', 'Ultimate Weathering Wash - Earth', '#fff', 'Matt', 'Acrylic'], ['UMP041', 'Ultimate Weathering Wash - Algae', '#fff', 'Matt', 'Acrylic'], ['Black', 'Ultimate Primer', '#000000', 'Matt', 'Acrylic'], ['Grey', 'Ultimate Primer', '#808080', 'Matt', 'Acrylic'], ['White', 'Ultimate Primer', '#ffffff', 'Matt', 'Acrylic'], ['Black', 'Ultimate Primer', '#000000', 'Matt', 'Acrylic'], ['Gloss Black', 'Ultimate Primer', '#000000', 'Gloss', 'Acrylic'], ['Grey', 'Ultimate Primer', '#808080', 'Matt', 'Acrylic'], ['Olive', 'Olive Ultimate Primer', '#488214', 'Matt', 'Acrylic'], ['Pink', 'Ultimate Primer', '#fff', None, 'Acrylic'], ['Red Oxide', 'Oxide Ultimate Primer', '#c75d4d', 'Matt', 'Acrylic'], ['White', 'Ultimate Primer', '#ffffff', 'Matt', 'Acrylic'], ['Yellow', 'Gelb Ultimate Primer', '#fcdc3b', 'Matt', 'Acrylic']], 'Vallejo ': [['28.900', 'Brush Cleaner', None, 'Cleaners', 'Enamel'], ['28890', 'Brush Restorer', None, 'Cleaners', 'Acrylic'], ['71.261', 'airbrush thinner', '#fff', 'Thinners', 'Acrylic'], [None, None, None, 'Paint sets', 'Acrylic'], [None, None, None, 'Retarders', 'Acrylic'], [None, None, None, 'Thinners', 'Acrylic'], ['70.400', 'Plastic Putty', None, 'Matt', 'Acrylic'], ['70.520', 'Matt Varnish', '#fff', 'Varnish', 'Acrylic'], ['70.522', 'Satin Varnish', '#fff', 'Varnish', 'Acrylic'], ['70.524', 'Vallejo Thinner', None, 'Thinners', 'Acrylic'], ['70.596', 'Glaze Medium', None, 'Matt', 'Acrylic'], ['70.597', 'Retarder Medium', None, 'Retarders', 'Acrylic'], ['71.058', 'Gloss Varnish', '#ffffff', 'Varnish', 'Acrylic'], ['71.059', 'Matt Varnish', '#ffffff', 'Varnish', 'Acrylic'], ['71.060', 'Model Air - Satin Varnish', '#ffffff', 'Varnish', 'Acrylic'], ['71.261', 'Airbrush Thinner', None, 'Thinners', 'Acrylic'], ['73.212', 'Decal Medium', None, None, 'Acrylic'], ['73.213', 'Decal Fix', '#fff', None, 'Acrylic'], ['73.214', 'Chipping Medium', None, None, 'Acrylic'], ['74.505', 'Light Rust', '#fff', 'Matt', 'Acrylic'], ['70521', 'Medium metal', None, 'Thinners', 'Acrylic'], ['72650', 'Polyurethane Gloss Varnish', None, 'Varnish', 'Acrylic'], ['72651', 'Polyurethane Matt Varnish', None, 'Varnish', 'Acrylic'], ['72652', 'Polyurethane Satin Varnish', None, 'Varnish', 'Acrylic'], ['72653', 'Polyurethane Ultra Matt Varnish', None, 'Varnish', 'Acrylic'], ['26.236', 'Oxyd Paste', '#fff', 'Matt', 'Acrylic'], ['71.061', 'Airbrush Thinner', None, 'Thinners', 'Acrylic'], ['71.362', 'Airbrush Flow Improver', None, None, 'Acrylic'], ['77.657', 'Metal Varnish', None, 'Varnish', 'Acrylic'], ['Varnish', 'Ultra Matt Polyurethane Varnish', None, 'Varnish', 'Acrylic'], ['76.550', 'Chipping Medium', '#fff', 'Matt', 'Acrylic'], ['26.517', 'Gloss Acrylic Varnish', '#ffffff', 'Varnish', 'Acrylic'], ['26.518', 'Matt Acrylic Varnish', '#ffffff', 'Varnish', 'Acrylic'], ['26.519', 'Satin Acrylic Varnish', '#ffffff', 'Varnish', 'Acrylic'], ['26.526', 'Acrylic Polyurethane Gloss Varnish', '#fff', 'Varnish', 'Acrylic'], ['26.527', 'Polyurethane Matte Varnish', '#fff', 'Varnish', 'Acrylic'], ['26.528', 'Acrylic Polyurethane Satin Varnish', '#ffffff', 'Varnish', 'Acrylic'], ['26.650', 'Polyurethane Gloss Varnish', '#fff', 'Varnish', 'Acrylic'], ['26.651', 'Polyurethane Matt Varnish', '#ffffff', 'Varnish', 'Acrylic'], ['26.652', 'Polyurethane Satin Varnish', '#ffffff', 'Varnish', 'Acrylic'], ['26.657', 'Gloss Metal Varnish', '#fff', 'Varnish', 'Acrylic'], ['62.067', 'Premium Airbrush Cleaner', '#fff', 'Cleaners', 'Acrylic'], ['71.462', 'Airbrush Flow Improver', '#fff', None, 'Acrylic'], ['73.470', 'Gloss Medium', '#ffffff', 'Thinners', 'Acrylic'], ['73.524', 'Thinner Medium', None, 'Thinners', 'Acrylic'], ['73.540', 'Medium Matt', None, 'Thinners', 'Acrylic'], ['73.596', 'Glaze Medium', '#fff', 'Gloss', 'Acrylic'], ['73.597', 'Water Based Retarder Medium', None, 'Retarders', 'Acrylic'], ['27.650', 'Polyurethane Gloss Varnish', '#ffffff', 'Varnish', 'Acrylic'], ['27.650', 'Polyurethane Gloss Varnish', '#fff', 'Varnish', 'Acrylic'], ['27.651', 'Polyurethane Matt Varnish', '#fff', 'Varnish', 'Acrylic'], ['27.652', 'Polyurethane Satin Varnish', '#fff', 'Varnish', 'Acrylic'], ['71.161', 'Airbrush Thinner', '#fff', 'Thinners', 'Acrylic'], ['71.161', 'Airbrush Thinner', None, 'Thinners', 'Acrylic'], ['71.199', 'Airbrush Cleaner', '#fff', 'Cleaners', 'Acrylic'], ['71.562', 'Airbrush Flow Improver', None, 'Retarders', 'Acrylic'], ['Varnish', 'Ultra Matt Polyurethane Varnish', None, 'Varnish', 'Acrylic'], ['28.530', 'Acrylic Gloss Varnish', None, 'Varnish', 'Acrylic'], ['28.531', 'Acrylic Matt Varnish', None, 'Varnish', 'Acrylic'], ['28.532', 'Acrylic Satin Varnish', '#fff', 'Varnish', 'Acrylic'], ['28.517', 'Gloss Acrylic Varnish', None, 'Varnish', 'Acrylic'], ['28.518', 'Acrylic Matte Varnish', '#ffffff', 'Varnish', 'Acrylic'], ['28.519', 'Satin Varnish', '#fff', 'Varnish', 'Acrylic'], ['28.653', 'Vernis Polyur├⌐thane Ultra Matt', '#fff', 'Varnish', None], [None, None, '#fff', None, None], ['80.260', 'Wizkids Basic Starter Case', None, None, None]], 'Vallejo Colorshift': [['77.001', 'Violet Old Cooper', '#fff', 'Metallic', 'Acrylic'], ['77.002', 'Light Violet Green', '#fff', 'Metallic', 'Acrylic'], ['77.003', 'Orange Violet', '#fff', 'Metallic', 'Acrylic'], ['77.004', 'Electric Blue Intense Violet', '#fff', 'Metallic', 'Acrylic'], ['77.005', 'Green Blue Violet', '#fff', 'Metallic', 'Acrylic'], ['77.006', 'Gold Pale Blue', '#fff', 'Metallic', 'Acrylic'], ['77.007', 'Pearl Violet', '#fff', 'Metallic', 'Acrylic'], ['77.008', 'Green Gold Cold Blue', '#fff', 'Metallic', 'Acrylic'], ['77.009', 'Turquoise Violet', '#fff', 'Metallic', 'Acrylic'], ['77.010', 'Emerald Green Mauve', '#fff', 'Metallic', 'Acrylic'], ['77.011', 'Old Silver Pale Violet', '#fff', 'Metallic', 'Acrylic'], ['77.012', 'Silver Pink', '#fff', 'Metallic', 'Acrylic'], ['77.013', 'Bright Gold Brown', '#fff', 'Metallic', 'Acrylic'], ['77.014', 'Old Gold Grey Violet', '#fff', 'Metallic', 'Acrylic'], ['77.015', 'Gold Yellow Burnt Orange', '#fff', 'Metallic', 'Acrylic'], ['77.016', 'Red Gold', '#fff', 'Metallic', 'Acrylic'], ['77.017', 'Green Silver Blue', '#fff', 'Metallic', 'Acrylic'], ['77.018', 'Dark Green Tin', '#fff', 'Metallic', 'Acrylic'], ['77.090', 'Magic Dust', '##fff', None, None], ['77.091', 'Space Dust', '##fff', None, None], ['77.092', 'Galaxy Dust', '##fff', None, None]], 'Vallejo Diorama Effects': [['26.231', 'Acrylic Water Texture - Foam', '#ffffff', 'Matt', 'Acrylic'], ['26.235', 'Acrylic Water Texture - Still Water', None, 'Gloss', 'Acrylic'], ['26.591', 'Acrylic Water Texture - Transparent Water', None, 'Gloss', 'Acrylic'], ['26.201', 'Acrylic Water Texture - Transparent Water', None, 'Gloss', 'Acrylic'], ['26.202', 'Acrylic Water Texture - Mediterranean Blue', None, 'Gloss', 'Acrylic'], ['26.203', 'Acrylic Water Texture - Pacific Blue', None, 'Gloss', 'Acrylic'], ['26.204', 'Acrylic Water Texture - Atlantic Blue', None, 'Gloss', 'Acrylic'], ['26.211', 'Acrylic Ground Texture - White Stone', None, 'Matt', 'Acrylic'], ['26.212', 'Acrylic Ground Texture - Rough White Pumice', None, 'Matt', 'Acrylic'], ['26.213', 'Acrylic Ground Texture - Rough Grey Pumice', None, 'Matt', 'Acrylic'], ['26.214', 'Acrylic Earth Texture - Black Lava-Asphalt', None, 'Matt', 'Acrylic'], ['26.215', 'Acrylic Ground Texture - Grey Sand', None, 'Matt', 'Acrylic'], ['26.216', 'MAT GEL BASE', '#fff', 'Matt', 'Acrylic'], ['26.217', 'Acrylic Earth Texture - Desert Sand', None, 'Matt', 'Acrylic'], ['26.218', 'Acrylic Earth Texture - Dark Earth', None, 'Matt', 'Acrylic'], ['26.219', 'Acrylic Ground Texture - Brown Earth', None, 'Matt', 'Acrylic'], ['26.230', 'Acrylic Water Texture - Still Water', None, 'Gloss', 'Acrylic'], ['26.535', 'EXTRA HEAVY GEL', '#fff', 'Matt', 'Acrylic'], ['26.807', 'Acrylic Thick Mud - European Mud', None, 'Matt', 'Acrylic'], ['26.808', 'Acrylic Thick Mud - Russian Mud', None, 'Matt', 'Acrylic'], ['26.809', 'Acrylic Thick Mud - Industrial Mud', None, 'Matt', 'Acrylic'], ['26.810', 'Acrylic Thick Mud - Light Brown Mud', None, 'Matt', 'Acrylic'], ['26.811', 'Acrylic Thick Mud - Brown Mud', None, 'Matt', 'Acrylic'], ['26.812', 'Acrylic Thick Mud - Black Mud', None, 'Matt', 'Acrylic'], ['26.820', 'Acrylic Ground Texture - Snow', None, 'Matt', 'Acrylic']], 'Vallejo Fantasy': [['72.305', 'Purple Dragons', None, 'Paint sets', 'Acrylic'], ['72.306', 'Aztec Dragons', None, 'Paint sets', 'Acrylic'], ['72.312', 'Fire Dragons', None, 'Paint sets', 'Acrylic']], 'Vallejo Fantasy Pro': [['74.001', 'Nocturna Shadow', '#fff', 'Matt', 'Acrylic'], ['74.001', 'Nocturna Shadow', '#fff', 'Matt', 'Acrylic'], ['74.002', 'Burned Flesh', '#fff', 'Matt', 'Acrylic'], ['74.003', 'Reddish Flesh', '#fff', 'Matt', 'Acrylic'], ['74.004', 'Base Flesh', '#fff', 'Matt', 'Acrylic'], ['74.005', 'Medium Flesh', '#fff', 'Matt', 'Acrylic'], ['74.006', 'Natural Flesh', '#fff', 'Matt', 'Acrylic'], ['74.007', 'Fairy Flesh', '#fff', 'Matt', 'Acrylic'], ['74.008', 'Highlight Skin', '#fff', 'Matt', 'Acrylic'], ['74.009', 'Deep Forest Skin', '#fff', 'Matt', 'Acrylic'], ['74.010', 'Frozen Flesh', '#fff', 'Matt', 'Acrylic'], ['74.011', 'Purple Shadow', '#fff', 'Matt', 'Acrylic'], ['74.012', 'Malefic Flesh', '#fff', 'Matt', 'Acrylic'], ['74.013', 'Forest Skin', '#fff', 'Matt', 'Acrylic'], ['74.014', 'Cold Flesh', '#fff', 'Matt', 'Acrylic'], ['74.015', 'Pale Flesh', '#fff', 'Matt', 'Acrylic'], ['74.016', 'White Flesh', '#fff', 'Matt', 'Acrylic'], ['74.017', 'Chalice Red', '#fff', 'Matt', 'Acrylic'], ['74.018', 'Crimson', '#fff', 'Matt', 'Acrylic'], ['74.019', 'Devil Red', '#fff', 'Matt', 'Acrylic'], ['74.020', 'Sanctuary Red', '#fff', 'Matt', 'Acrylic'], ['74.021', 'Magenta Blood', '#fff', 'Matt', 'Acrylic'], ['74.022', 'Inferno Red', '#fff', 'Matt', 'Acrylic'], ['74.023', 'Worn Red', '#fff', 'Matt', 'Acrylic'], ['74.024', 'Fire Flame', '#b84024', 'Matt', 'Acrylic'], ['70.243', 'Fire Fury', '#f4f4de', None, None], ['74.101', 'Fairy Flesh Set', '##fff', None, None], ['74.102', 'Malefic Flesh Set', '##fff', None, None], ['74.103', 'CRIMSON RED SET', '##fff', None, None]], 'Vallejo Game Air': [['72.701', 'Dead White', '#ffffff', 'Matt', 'Acrylic'], ['72.703', 'Pale Flesh', '#f1bbb1', 'Matt', 'Acrylic'], ['72.704', 'Elf Skintone', '#f69f6e', 'Matt', 'Acrylic'], ['72.705', 'Moon Yellow', '#fcbc02', 'Satin', 'Acrylic'], ['72.706', 'Sun Yellow', '#f6b422', 'Matt', 'Acrylic'], ['72.707', 'Gold Yellow', '#f19a00', 'Matt', 'Acrylic'], ['72.708', 'Orange Fire', '#f0622c', 'Matt', 'Acrylic'], ['72.709', 'Hot Orange', '#e54b29', 'Matt', 'Acrylic'], ['72.710', 'Bloody Red', '#bd272c', 'Matt', 'Acrylic'], ['72.711', 'Gory Red', '#693b3d', 'Matt', 'Acrylic'], ['72.712', 'Scarlet Red', '#6e102b', 'Matt', 'Acrylic'], ['72.713', 'Squid Pink', '#da7eb3', 'Matt', 'Acrylic'], ['72.714', 'Warlord Purple', '#7b1741', 'Matt', 'Acrylic'], ['72.715', 'Hexed Lichen', '#39373a', 'Matt', 'Acrylic'], ['72.720', 'Imperial Blue', '#04316a', 'Matt', 'Acrylic'], ['72.721', 'Magic Blue', '#01407e', 'Matt', 'Acrylic'], ['72.722', 'Ultramarine Blue', '#1c5389', 'Matt', 'Acrylic'], ['72.723', 'Electric Blue', '#008dc0', 'Matt', 'Acrylic'], ['72.728', 'Dark Green', '#244d39', 'Matt', 'Acrylic'], ['72.729', 'Sick Green', '#0c6637', 'Matt', 'Acrylic'], ['72.730', 'Goblin Green', '#1d713a', 'Matt', 'Acrylic'], ['72.732', 'Scorpy Green', '#44b651', 'Matt', 'Acrylic'], ['72.733', 'Light Livery Green', '#91bc15', 'Matt', 'Acrylic'], ['72.734', 'Bone White', '#e8bd85', 'Matt', 'Acrylic'], ['72.735', 'Dead Flesh', '#bab584', 'Matt', 'Acrylic'], ['72.736', 'Bronze Flesh Tone', '#ee9949', 'Satin', 'Acrylic'], ['72.740', 'Cobra Leather', '#795b27', 'Matt', 'Acrylic'], ['72.741', 'Dwarf Skin', '#d99169', 'Matt', 'Acrylic'], ['72.743', 'Beasty Brown', '#52412a', 'Matt', 'Acrylic'], ['72.744', 'Dark Flesh Tone', '#5b4844', 'Matt', 'Acrylic'], ['72.745', 'Charred Brown', '#39323a', 'Matt', 'Acrylic'], ['72.747', 'Wolf Gray', '#91a2bb', 'Matt', 'Acrylic'], ['72.748', 'Sombre Grey', '#4a5c7d', 'Matt', 'Acrylic'], ['72.749', 'Stone Wall Grey', '#a1a2a4', 'Matt', 'Acrylic'], ['72.750', 'Cold Grey', '#828385', 'Matt', 'Acrylic'], ['72.751', 'Black', '#000000', 'Matt', 'Acrylic'], ['72.752', 'Silver', '#a7acb0', 'Matt', 'Acrylic'], ['72.753', 'Chainmail Silver', '#707b80', 'Matt', 'Acrylic'], ['72.754', 'Gunmetal', '#465557', 'Matt', 'Acrylic'], ['72.755', 'Polished Gold', '#ebae00', 'Matt', 'Acrylic'], ['72.756', 'Glorious Gold', '#c4905e', 'Matt', 'Acrylic'], ['72.757', 'Bright Bronze', '#95664c', 'Matt', 'Acrylic'], ['72.758', 'Brassy Brass', '#a05222', 'Matt', 'Acrylic'], ['72.761', 'Khaki', '#8c826c', 'Matt', 'Acrylic'], ['72.762', 'Earth', '#6b533b', 'Matt', 'Acrylic'], ['72.763', 'Desert Yellow', '#a7844e', 'Matt', 'Acrylic'], ['72.769', 'Flesh', '#f5bc8f', 'Satin', 'Acrylic'], ['72.770', 'Burned Flesh', '#a26641', 'Matt', 'Acrylic'], ['72.771', 'Barbarian Flesh', '#a17c62', 'Matt', 'Acrylic'], ['72.772', 'Red Terracotta', '#70413c', 'Matt', 'Acrylic'], ['72.776', 'Alien Purple', '#7c5a97', 'Matt', 'Acrylic'], [None, None, '#f1bbb1', None, None]], 'Vallejo Game Color': [['72.001', 'Dead White', '#ffffff', 'Matt', 'Acrylic'], ['72.002', 'White Primer', '#ffffff', 'Matt', 'Acrylic'], ['72.003', 'Pale Flesh', '#f2c5ba', 'Matt', 'Acrylic'], ['72.004', 'Elf Skintone', '#f69f6e', 'Matt', 'Acrylic'], ['72.005', 'Moon Yellow', '#fce000', 'Matt', 'Acrylic'], ['72.006', 'Sun Yellow', '#fee300', 'Matt', 'Acrylic'], ['72.007', 'Gold Yellow', '#f3b923', 'Matt', 'Acrylic'], ['72.008', 'Orange Fire', '#f15403', 'Matt', 'Acrylic'], ['72.009', 'Hot Orange', '#e64c2a', 'Matt', 'Acrylic'], ['72.010', 'Bloody Red', '#b0232d', 'Matt', 'Acrylic'], ['72.011', 'Gory Red', '#850e34', 'Matt', 'Acrylic'], ['72.012', 'Scarlett Red', '#7b1935', 'Matt', 'Acrylic'], ['72.013', 'Squid Pink', '#d18ab6', 'Matt', 'Acrylic'], ['72.014', 'Warlord Purple', '#77133e', 'Matt', 'Acrylic'], ['72.015', 'Hexed Lichen', '#512e7e', 'Matt', 'Acrylic'], ['72.016', 'Royal Purple', '#464362', 'Matt', 'Acrylic'], ['72.017', 'Dark Blue', '#412a7a', 'Matt', 'Acrylic'], ['72.018', 'Stormy Blue', '#413f57', 'Matt', 'Acrylic'], ['72.019', 'Night Blue', '#393945', 'Matt', 'Acrylic'], ['72.020', 'Imperial Blue', '#1c2343', 'Matt', 'Acrylic'], ['72.021', 'Magic Blue', '#006eb5', 'Matt', 'Acrylic'], ['72.022', 'Ultramarine Blue', '#1d548a', 'Matt', 'Acrylic'], ['72.023', 'Electric Blue', '#3495b6', 'Matt', 'Acrylic'], ['72.024', 'Turquoise', '#007f8e', 'Matt', 'Acrylic'], ['72.025', 'Foul Green', '#3f9e80', 'Matt', 'Acrylic'], ['72.026', 'Jade Green', '#008266', 'Matt', 'Acrylic'], ['72.027', 'Scurvy Green', '#285751', 'Matt', 'Acrylic'], ['72.028', 'Dark Green', '#18542d', 'Matt', 'Acrylic'], ['72.029', 'Sick Green', '#106b21', 'Matt', 'Acrylic'], ['72.030', 'Goblin Green', '#276d2f', 'Matt', 'Acrylic'], ['72.031', 'Camouflage Green', '#8d7b3d', 'Matt', 'Acrylic'], ['72.032', 'Escorpena Green', '#74a647', 'Matt', 'Acrylic'], ['72.033', 'Livery Green', '#9dc451', 'Matt', 'Acrylic'], ['72.034', 'Bone White', '#e4c596', 'Matt', 'Acrylic'], ['72.035', 'Dead Flesh', '#d3c682', 'Matt', 'Acrylic'], ['72.036', 'Bronze Fleshtone', '#f1a75e', 'Matt', 'Acrylic'], ['72.037', 'Filthy Brown', '#e99300', 'Matt', 'Acrylic'], ['72.038', 'Scrofulous Brown', '#ba762d', 'Matt', 'Acrylic'], ['72.039', 'Plague Brown', '#d18f05', 'Matt', 'Acrylic'], ['72.040', 'Leather Brown', '#80622e', 'Matt', 'Acrylic'], ['72.041', 'Dwarf Skin', '#d99169', 'Matt', 'Acrylic'], ['72.042', 'Parasite Brown', '#a15019', 'Matt', 'Acrylic'], ['72.043', 'Beasty Brown', '#584732', 'Matt', 'Acrylic'], ['72.044', 'Dark Fleshtone', '#52332e', 'Matt', 'Acrylic'], ['72.045', 'Charred Brown', '#41393d', 'Matt', 'Acrylic'], ['72.046', 'Ghost Grey', '#c2cbd4', 'Matt', 'Acrylic'], ['72.047', 'Wolf Grey', '#afc1cb', 'Matt', 'Acrylic'], ['72.048', 'Sombre Grey', '#606b7f', 'Matt', 'Acrylic'], ['72.049', 'Stonewall Grey', '#9f9f9f', 'Matt', 'Acrylic'], ['72.050', 'Cold Grey', '#57656a', 'Matt', 'Acrylic'], ['72.051', 'Black', '#000000', 'Matt', 'Acrylic'], ['72.052', 'Silver', '#949d9d', 'Satin', 'Acrylic'], ['72.053', 'Chainmail Silver', '#717b7c', 'Satin', 'Acrylic'], ['72.054', 'Gunmetal', '#636365', 'Matt', 'Acrylic'], ['72.055', 'Polished Gold', '#eca821', 'Matt', 'Acrylic'], ['72.056', 'Glorious Gold', '#925e23', 'Satin', 'Acrylic'], ['72.057', 'Bright Bronze', '#a36941', 'Matt', 'Acrylic'], ['72.057', 'Bright Bronze', '#fff', 'Matt', 'Acrylic'], ['72.058', 'Brassy Brass', '#845539', 'Metallic', 'Acrylic'], ['72.059', 'Hammered Copper', '#633026', 'Hammered', 'Acrylic'], ['72.060', 'Tinny Tin', '#3c2b29', 'Satin', 'Acrylic'], ['72.061', 'Khaki', '#93856a', 'Matt', 'Acrylic'], ['72.062', 'Earth', '#71563c', 'Matt', 'Acrylic'], ['72.063', 'Desert Yellow', '#998843', 'Matt', 'Acrylic'], ['72.064', 'Yellow Olive', '#1e4f39', 'Matt', 'Acrylic'], ['72.065', 'Terracota', '#693e38', 'Matt', 'Acrylic'], ['72.066', 'Tan', '#a8594a', 'Matt', 'Acrylic'], ['72.067', 'Cayman Green', '#00593d', 'Matt', 'Acrylic'], ['72.068', 'Smokey Ink', '#493632', None, 'Acrylic'], ['72.069', 'Glaze Medium', '#fff', 'Matt', 'Acrylic'], ['72.070', 'Matt Varnish', '#fff', 'Varnish', 'Acrylic'], ['72.071', 'Satin Varnish', '#ffffff', 'Varnish', 'Acrylic'], ['72.072', 'Gloss Varnish', '#fff', 'Varnish', 'Acrylic'], ['72.085', 'Game Ink - Yellow', '#fed346', None, 'Acrylic'], ['72.086', 'Game Ink - Red', '#db2c3f', 'Matt', 'Acrylic'], ['72.087', 'Game Ink - Violet', '#682e85', None, 'Acrylic'], ['72.088', 'Blue Game Ink', '#0755a7', 'Matt', 'Acrylic'], ['72.089', 'Game Ink - Green', '#3eab68', 'Matt', 'Acrylic'], ['72.090', 'Black Green Game Ink', '#2f3c35', 'Matt', 'Acrylic'], ['72.091', 'Sepia Game Ink', '#382622', 'Satin', 'Acrylic'], ['72.092', 'Brown Game Ink', '#81421f', 'Matt', 'Acrylic'], ['72.093', 'Skin Wash Game Ink', '#a37724', 'Matt', 'Acrylic'], ['72.094', 'Black Game Ink', '#25211e', 'Matt', 'Acrylic'], ['72.095', 'Glacier Blue', '#b4cee9', 'Matt', 'Acrylic'], ['72.096', 'Verdigris', '#a9d7d4', 'Matt', 'Acrylic'], ['72.097', 'Pale Yellow', '#eacd7d', 'Matt', 'Acrylic'], ['72.098', 'Elfic Flesh', '#ead7b7', 'Matt', 'Acrylic'], ['72.099', 'Cadmium Skin', '#f8b185', 'Matt', 'Acrylic'], ['72.100', 'Rosy Flesh', '#f3b5a8', 'Matt', 'Acrylic'], ['72.101', 'Off White', '#fdf3da', 'Matt', 'Acrylic'], ['72.102', 'Steel Grey', '#728fa1', 'Matt', 'Acrylic'], ['72.103', 'Fluorescent Yellow', '#ffee00', 'Matt', 'Acrylic'], ['72.104', 'Fluorescent Green', '#c1d460', 'Matt', 'Acrylic'], ['72.105', 'Mutation Green', '#4c7650', 'Matt', 'Acrylic'], ['72.106', 'Scarlett Red', '#e40059', 'Matt', 'Acrylic'], ['72.107', 'Athena Skin', '#c06158', 'Matt', 'Acrylic'], ['72.108', 'Succubus Skin', '#89434e', 'Matt', 'Acrylic'], ['72.130', 'Game Effects - Rotten White', '#f0eeef', 'Matt', 'Acrylic'], ['72.131', 'Game Effects - Rust', '#e45314', 'Matt', 'Acrylic'], ['72.132', 'Game Effects - Fresh Blood', '#7e2b19', 'Matt', 'Acrylic'], ['72.133', 'Game Effects - Dried Blood', '#622a1d', 'Matt', 'Acrylic'], ['72.134', 'Game Effects - Vomit', '#847c33', 'Matt', 'Acrylic'], ['72.135', 'Game Effects - Verdigris', '#91cbcc', 'Matt', 'Acrylic'], ['72.136', 'Game Effects - Dry Rust', '#5e332d', 'Matt', 'Acrylic'], ['72.140', 'Extra Opaque - Heavy Skintone', '#ad8468', 'Satin', 'Acrylic'], ['72.141', 'Extra Opaque - Heavy Red', '#8d363c', 'Matt', 'Acrylic'], ['72.142', 'Extra Opaque - Heavy Violet', '#484069', 'Matt', 'Acrylic'], ['72.143', 'Extra Opaque - Heavy Blue', '#3d5b77', 'Matt', 'Acrylic'], ['72.144', 'Extra Opaque - Heavy Bluegrey', '#cbcac8', 'Matt', 'Acrylic'], ['72.145', 'Extra Opaque - Heavy Grey', '#707354', 'Matt', 'Acrylic'], ['72.146', 'Extra Opaque - Heavy Green', '#566637', 'Matt', 'Acrylic'], ['72.147', 'Extra Opaque - Heavy Blackgreen', '#3e4943', 'Matt', 'Acrylic'], ['72.148', 'Extra Opaque - Heavy Warmgrey', '#aa9d73', 'Matt', 'Acrylic'], ['72.149', 'Extra Opaque - Heavy Khaki', '#b49f50', 'Matt', 'Acrylic'], ['72.150', 'Extra Opaque - Heavy Ochre', '#ad7624', 'Matt', 'Acrylic'], ['72.151', 'Extra Opaque - Heavy Goldbrown', '#b68644', 'Matt', 'Acrylic'], ['72.152', 'Extra Opaque - Heavy Orange', '#ea5e0f', 'Matt', 'Acrylic'], ['72.153', 'Extra Opaque - Heavy Brown', '#7a664b', 'Matt', 'Acrylic'], ['72.154', 'Extra Opaque - Heavy Siena', '#5e483b', 'Matt', 'Acrylic'], ['72.155', 'Extra Opaque - Heavy Charcoal', '#46464e', 'Matt', 'Acrylic'], ['73.200', 'Sepia Shade Wash', '#fff', 'Matt', 'Acrylic'], ['73.201', 'Black Shade Wash', '#fff', 'Matt', 'Acrylic'], ['73.202', 'Pale Grey Wash', '#fff', 'Matt', 'Acrylic'], ['73.203', 'Wash - Umber Shade', '#6a5c4f', 'Matt', 'Acrylic'], ['73.204', 'Wash - Fleshtone Shade', '#ae776d', 'Matt', 'Acrylic'], ['73.204', 'Fleshtone Shade Wash', '#fff', 'Matt', 'Acrylic'], ['73.205', 'Green Wash', '#72b25b', 'Matt', 'Acrylic'], ['73.206', 'Red Wash', '#fff', 'Matt', 'Acrylic'], ['73.207', 'Blue Shade Wash', '#fff', 'Matt', 'Acrylic'], ['73.300', 'Sepia Shade', '#846030', 'Matt', 'Acrylic'], ['73.301', 'Black Shade', '#000000', None, 'Acrylic'], ['73.301', 'Black Shade', '#000000', None, 'Acrylic'], ['72.299', 'Game Color Introduction set', '#b0232d', None, None], ['72.172', 'Vallejo Game Color Case (with 3 Toray Brushes)', '##fff', None, None]], 'Vallejo Hobby Paint': [['28.001', 'Panzer Yellow', '#968750', 'Matt', 'Acrylic'], ['28.002', 'Panzer Grey', '#4d4e50', 'Matt', 'Acrylic'], ['28.003', 'Russian Green 4BO', '#575848', 'Matt', 'Acrylic'], ['28.004', 'UK Bronze Green', '#555555', 'Matt', 'Acrylic'], ['28.005', 'US Olive Drab', '#655c4b', 'Matt', 'Acrylic'], ['28.006', 'German Field Grey', '#63635b', 'Matt', 'Acrylic'], ['28.007', 'Russian Uniform', '#6e6653', 'Matt', 'Acrylic'], ['28.008', 'English Uniform', '#746143', 'Matt', 'Acrylic'], ['28.009', 'US Khaki', '#897960', 'Matt', 'Acrylic'], ['28.010', 'White', '#ffffff', 'Matt', 'Acrylic'], ['28.011', 'Grey', '#6e6e6e', 'Matt', 'Acrylic'], ['28.012', 'Black', '#000000', 'Matt', 'Acrylic'], ['28.013', 'Bonewhite', '#d5bf98', 'Matt', 'Acrylic'], ['28.014', 'Leather Brown', '#89663e', 'Matt', 'Acrylic'], ['28.015', 'Desert Yellow', '#9e7d48', 'Matt', 'Acrylic'], ['28.016', 'Scarlet Red', '#ab3b37', 'Matt', 'Acrylic'], ['28.017', 'Ultramarine Blue', '#4e5b92', 'Matt', 'Acrylic'], ['28.018', 'Sun Yellow', '#f59e01', 'Matt', 'Acrylic'], ['28.019', 'Beasty Brown', '#7a5a41', 'Matt', 'Acrylic'], ['28.020', 'Wolf Grey', '#b1c2d2', 'Matt', 'Acrylic'], ['28.021', 'Silver', '#a5acb6', 'Matt', 'Acrylic'], ['28.022', 'Dead Flesh', '#b6a172', 'Matt', 'Acrylic'], ['28.023', 'Bloody Red', '#bf2036', 'Matt', 'Acrylic'], ['28.024', 'Pale Flesh', '#edbeac', 'Matt', 'Acrylic'], ['28.025', 'Alien Purple', '#7063a9', 'Matt', 'Acrylic'], ['28.026', 'Dark Green', '#3d4641', 'Matt', 'Acrylic'], ['28.027', 'Goblin Green', '#6e7448', 'Matt', 'Acrylic'], ['28.028', 'Sick Green', '#517257', 'Matt', 'Acrylic'], ['28.029', 'Gory Red', '#7a403f', 'Matt', 'Acrylic'], ['28.030', 'Magic Blue', '#1b6db6', 'Matt', 'Acrylic'], ['28.031', 'Gunmetal', '#68656c', 'Matt', 'Acrylic']], 'Vallejo Liquid Gold': [['70.790', 'Silver', '#c0c5c8', 'Metallic', 'Acrylic'], ['70.791', 'Gold', '#81804a', 'Metallic', 'Acrylic'], ['70.792', 'Old Gold', '#9c8448', 'Metallic', 'Acrylic'], ['70.793', 'Rich Gold', '#866d45', 'Metallic', 'Acrylic'], ['70.794', 'Red Gold', '#9f6e36', 'Metallic', 'Acrylic'], ['70.795', 'Green Gold', '#62593a', 'Metallic', 'Acrylic'], ['70.796', 'White Gold', '#b5b2ad', 'Metallic', 'Acrylic'], ['70.797', 'Copper', '#734337', 'Metallic', 'Acrylic'], ['70.199', 'Gold, Silver & Copper', '#c0c5c8', None, None]], 'Vallejo Mecha Colors': [['69.001', 'Pure White', '#ffffff', 'Satin', 'Acrylic'], ['69.002', 'White Grey', '#f0ece4', 'Satin', 'Acrylic'], ['69.003', 'Offwhite', '#edebdf', 'Satin', 'Acrylic'], ['69.004', 'Yellow', '#e9a401', 'Satin', 'Acrylic'], ['69.005', 'Light Flesh', '#f8dac8', 'Satin', 'Acrylic'], ['69.006', 'Pink', '#cf8476', 'Satin', 'Acrylic'], ['69.007', 'Orange', '#e9602b', 'Satin', 'Acrylic'], ['69.008', 'Red', '#bc4042', 'Satin', 'Acrylic'], ['69.009', 'SZ Red', '#b43738', 'Satin', 'Acrylic'], ['69.010', 'Magenta', '#c01225', 'Satin', 'Acrylic'], ['69.011', 'Dark Red', '#90262b', 'Satin', 'Acrylic'], ['69.012', 'Purple', '#ab8cbb', 'Satin', 'Acrylic'], ['69.013', 'Titan Blue', '#4d4e6d', 'Satin', 'Acrylic'], ['69.014', 'Grey Green', '#6c8388', 'Satin', 'Acrylic'], ['69.015', 'Blue Grey', '#688797', 'Satin', 'Acrylic'], ['69.016', 'Light Blue', '#6c8bbb', 'Satin', 'Acrylic'], ['69.017', 'Sky Blue', '#7bcaec', 'Satin', 'Acrylic'], ['69.018', 'Deep Blue', '#0c95c4', 'Satin', 'Acrylic'], ['69.019', 'Blue', '#446899', 'Satin', 'Acrylic'], ['69.020', 'Electric Blue', '#0270b1', 'Satin', 'Acrylic'], ['69.021', 'Dark Blue', '#3e5a77', 'Satin', 'Acrylic'], ['69.022', 'Titan Dark Blue', '#40464b', 'Satin', 'Acrylic'], ['69.023', 'Turquoise', '#009b9d', 'Satin', 'Acrylic'], ['69.024', 'Stone Grey', '#a1b1b1', 'Satin', 'Acrylic'], ['69.025', 'Light Green', '#c4cbbc', 'Satin', 'Acrylic'], ['69.026', 'Green', '#a4a792', 'Satin', 'Acrylic'], ['69.027', 'Green Blue', '#899f7d', 'Satin', 'Acrylic'], ['69.028', 'Olive Green', '#606e45', 'Satin', 'Acrylic'], ['69.029', 'Deep Green', '#717639', 'Satin', 'Acrylic'], ['69.030', 'Dark Green', '#525345', 'Satin', 'Acrylic'], ['69.031', 'Grey Sand', '#b8a072', 'Satin', 'Acrylic'], ['69.032', 'Yellow Ochre', '#eaa431', 'Satin', 'Acrylic'], ['69.033', 'Sand Yellow', '#e4b86f', 'Satin', 'Acrylic'], ['69.034', 'Brown', '#7b654d', 'Satin', 'Acrylic'], ['69.035', 'Chipping Brown', '#484342', 'Satin', 'Acrylic'], ['69.036', 'Light Grey', '#969da2', 'Satin', 'Acrylic'], ['69.037', 'Grey', '#8b97a0', 'Satin', 'Acrylic'], ['69.038', 'Medium Grey', '#818487', 'Satin', 'Acrylic'], ['69.039', 'Grey Z', '#7a7b7e', 'Satin', 'Acrylic'], ['69.040', 'Phantom Grey', '#535761', 'Satin', 'Acrylic'], ['69.041', 'Dark Grey Green', '#4f5250', 'Satin', 'Acrylic'], ['69.042', 'Pure Black', '#000000', 'Satin', 'Acrylic'], ['69.054', 'Yellow Fluorescent', '#f0e541', 'Fluo', 'Acrylic'], ['69.055', 'Orange Fluorescent', '#e86013', 'Fluo', 'Acrylic'], ['69.056', 'Magenta Fluorescent', '#e5418e', 'Fluo', 'Acrylic'], ['69.057', 'Green Fluorescent', '#a8c957', 'Fluo', 'Acrylic'], ['69.058', 'Gunmetal', '#626760', 'Metallic', 'Acrylic'], ['69.059', 'Gold', '#ac8424', 'Metallic', 'Acrylic'], ['69.060', 'Old Gold', '#9c8448', 'Metallic', 'Acrylic'], ['69.061', 'Copper', '#985a37', 'Metallic', 'Acrylic'], ['69.062', 'Bronze', '#776b35', 'Metallic', 'Acrylic'], ['69.063', 'Steel', '#888a82', 'Metallic', 'Acrylic'], ['69.064', 'Light Steel', '#cfd6d3', 'Metallic', 'Acrylic'], ['69.065', 'Dark Steel', '#727375', 'Metallic', 'Acrylic'], ['69.066', 'Metallic Red', '#ca596f', 'Metallic', 'Acrylic'], ['69.067', 'Metallic Blue', '#373c4d', 'Metallic', 'Acrylic'], ['69.068', 'Metallic Green', '#1a927e', 'Metallic', 'Acrylic'], ['69.505', 'Light Rust Wash', '#ea7919', 'Matt', 'Acrylic'], ['69.507', 'Dark Rust Wash', '#e05a10', 'Matt', 'Acrylic'], ['69.515', 'Light Grey Wash', '#c8c8c7', 'Matt', 'Acrylic'], ['69.518', 'Black Wash', '#000000', 'Matt', 'Acrylic'], ['69.521', 'Oiled Earth Wash', '#6e5c51', 'Matt', 'Acrylic'], ['69.522', 'Desert Dust Wash', '#d8bc7f', 'Matt', 'Acrylic'], ['69.701', 'Mecha Gloss Varnish', '#ffffff', 'Varnish', 'Acrylic'], ['69.702', 'Mecha Matt Varnish', '#ffffff', 'Varnish', 'Acrylic'], ['69.703', 'Mecha Satin Varnish', '#ffffff', 'Varnish', 'Acrylic'], ['69.813', 'Oil Stains (Gloss)', '#73531a', 'Gloss', 'Acrylic'], ['69.814', 'Fuel Stains (Gloss)', '#9f6216', 'Gloss', 'Acrylic'], ['69.817', 'Petrol Spills (Gloss)', '#151c20', 'Gloss', 'Acrylic'], ['69.818', 'Brown Eng. Soot (Matt)', '#603520', 'Matt', 'Acrylic'], ['69.821', 'Rust Texture (Matt)', '#693229', 'Matt', 'Acrylic'], ['70.640', 'Primer - White', '#ffffff', 'Matt', 'Acrylic'], ['70.641', 'Primer - Grey', '#c5c6c7', 'Matt', 'Acrylic'], ['70.642', 'Primer - Black', '#010101', 'Matt', 'Acrylic'], ['70.643', 'Primer - Ivory', '#f2efd2', 'Matt', 'Acrylic'], ['70.644', 'Primer - Sand', '#dac495', 'Matt', 'Acrylic'], ['70.972', 'Light green blue', '#779f94', 'Matt', 'Acrylic'], ['26.702', 'Matt Varnish', '#fff', 'Varnish', 'Acrylic'], ['73.641', 'Grey Primer', '#fff', 'Matt', 'Acrylic'], ['73.642', 'Black Primer', '#fff', 'Matt', 'Acrylic']], 'Vallejo Metal Color': [['77.660', 'Surface Primer - Gloss Black', '#100c00', 'Gloss', 'Acrylic'], ['77.701', 'Aluminium', '#909194', 'Metallic', 'Acrylic'], ['77.702', 'Duraluminium', '#75777f', 'Metallic', 'Acrylic'], ['77.703', 'Dark Aluminium', '#96989e', 'Metallic', 'Acrylic'], ['77.704', 'Pale Burnt Metal', '#939598', 'Metallic', 'Acrylic'], ['77.706', 'White Aluminium', '#9098a3', 'Metallic', 'Acrylic'], ['77.707', 'Chrome', '#858789', 'Metallic', 'Acrylic'], ['77.710', 'Copper', '#74513e', 'Metallic', 'Acrylic'], ['77.711', 'Magnesium', '#4f4f4f', 'Metallic', 'Acrylic'], ['77.712', 'Steel', '#363b3b', 'Metallic', 'Acrylic'], ['77.713', 'Jet exhaust', '#46413d', 'Metallic', 'Acrylic'], ['77.716', 'Semi Gloss Aluminium', '#96979c', 'Metallic', 'Acrylic'], ['77.717', 'Dull Aluminium', '#979aa2', 'Metallic', 'Acrylic'], ['77.720', 'Gunmetal Grey', '#333534', 'Metallic', 'Acrylic'], ['77.721', 'Burnt Iron', '#474141', 'Metallic', 'Acrylic'], ['77.723', 'Exhaust Manifold', '#49443e', 'Metallic', 'Acrylic'], ['77.724', 'Silver', '#6d6e70', 'Metallic', 'Acrylic'], ['77.725', 'Gold', '#8f7341', 'Metallic', 'Acrylic'], ['77.602', 'JET EXHAUST- SET', '#46413d', None, None], ['77.603', 'Aluminium Dope', '#858789', None, None], ['77.604', 'ENGINE - SET', '#333534', None, None], ['77.601', 'Metallic Panel', '#909194', None, None]], 'Vallejo Model Air': [['71.001', 'White FS37925 - RAL 9016 - RLM 21', '#f9f9f7', 'Matt', 'Acrylic'], ['71.002', 'Medium Yellow', '#faaf18', 'Matt', 'Acrylic'], ['71.003', 'Red RLM 23', '#c92c27', 'Matt', 'Acrylic'], ['71.004', 'Blue - RAL 5002', '#00387b', 'Matt', 'Acrylic'], ['71.005', 'Grey Blue - RAL 5008', '#2a3036', 'Matt', 'Acrylic'], ['71.006', 'Light Green Chromate', '#5d6043', 'Matt', 'Acrylic'], ['71.007', 'Olive Green', '#005334', 'Matt', 'Acrylic'], ['71.008', 'Pale Blue - FS35414', '#709196', 'Matt', 'Acrylic'], ['71.009', 'Eau de Nil ΓÇ£Duck Egg GreenΓÇ¥ - BS216', '#bac09c', 'Matt', 'Acrylic'], ['71.010', 'Interior Green - FS34098', '#717048', 'Matt', 'Acrylic'], ['71.010', 'Interior Green', '#645d40', 'Matt', 'Acrylic'], ['71.011', 'Dark Green - RLM 83', '#494c45', 'Matt', 'Acrylic'], ['71.012', 'Dark Green', '#4d4a17', 'Matt', 'Acrylic'], ['71.013', 'Yellow Olive - FS34052 - RAL 6015', '#3f4442', 'Matt', 'Acrylic'], ['71.014', 'Gunship Green', '#595b4e', 'Matt', 'Acrylic'], ['71.015', 'Dark Green - RLM71', '#4d4b3f', 'Matt', 'Acrylic'], ['71.016', 'USAF Olive Drab - FS34088 - ANA613', '#635b46', 'Matt', 'Acrylic'], ['71.017', 'Russian Green 4BO - FS34082', '#4e5043', 'Matt', 'Acrylic'], ['71.018', 'Black Green', '#4c4b47', 'Matt', 'Acrylic'], ['71.019', 'Camouflage Dark Green - FS34083 - RAL 6007', '#3a4c43', 'Matt', 'Acrylic'], ['71.020', 'Green Brown', '#484940', 'Matt', 'Acrylic'], ['71.021', 'Black Green RLM70', '#3d4645', 'Matt', 'Acrylic'], ['71.022', 'Light Green RLM 82', '#454d40', 'Matt', 'Acrylic'], ['71.023', 'Hemp - FS34201', '#7b6f5f', 'Matt', 'Acrylic'], ['71.024', 'Khaki Brown', '#887058', 'Matt', 'Acrylic'], ['71.025', 'Dark Yellow, RAL 7028, Dunkelgelb', '#8d774e', 'Matt', 'Acrylic'], ['71.026', 'US Flat Brown - FS30215', '#83654b', 'Matt', 'Acrylic'], ['71.027', 'Light Brown', '#a68b6e', 'Matt', 'Acrylic'], ['71.028', 'Sand Yellow', '#9b8369', 'Matt', 'Acrylic'], ['71.029', 'Dark Earth', '#5e5244', 'Matt', 'Acrylic'], ['71.030', 'Brown green', '#906f4c', 'Matt', 'Acrylic'], ['71.031', 'Middlestone - FS30266 - ANA615 - BS362', '#917a55', 'Matt', 'Acrylic'], ['71.032', 'Golden Brown', '#7e6044', 'Matt', 'Acrylic'], ['71.033', 'Yellow Ochre - RAL 1006', '#ce9347', 'Matt', 'Acrylic'], ['71.034', 'Sand Brown', '#8d6856', 'Matt', 'Acrylic'], ['71.035', 'Camouflage Pale Brown - FS30140 - RAL 8025', '#745f4e', 'Matt', 'Acrylic'], ['71.036', 'Mahagony', '#4a3d35', 'Matt', 'Acrylic'], ['71.037', 'Mud Brown', '#85634f', 'Matt', 'Acrylic'], ['71.038', 'Camouflage Medium Brown - FS30097', '#584c40', 'Matt', 'Acrylic'], ['71.039', 'Hull Red', '#443c39', 'Matt', 'Acrylic'], ['71.040', 'Burnt Umber - RAL 8014', '#662d24', 'Matt', 'Acrylic'], ['71.041', 'Armour Brown - RAL 8017', '#432f29', 'Matt', 'Acrylic'], ['71.042', 'Dark Brown - RLM 61', '#454346', 'Matt', 'Acrylic'], ['71.043', 'US Olive Drab - FS34087 RAL7013 RLM81', '#57472d', 'Matt', 'Acrylic'], ['71.044', 'Grey RLM02', '#76786b', 'Matt', 'Acrylic'], ['71.045', 'US Grey Light - RAL 7033', '#7f8274', 'Matt', 'Acrylic'], ['71.046', 'Pale Grey Blue', '#8e98a1', 'Matt', 'Acrylic'], ['71.047', 'US Grey', '#515765', 'Matt', 'Acrylic'], ['71.048', 'Dark Sea Gray - FS36076', '#3b3e51', 'Matt', 'Acrylic'], ['71.049', 'Medium Sea Gray', '#5d646c', 'Matt', 'Acrylic'], ['71.050', 'Light Gray - FS36375 - RAL 7040', '#a6adb4', 'Matt', 'Acrylic'], ['71.051', 'Barley Gray - FS36173', '#6c767f', 'Matt', 'Acrylic'], ['71.052', 'German Grey RAL7012 FS36152', '#484f57', 'Matt', 'Acrylic'], ['71.053', 'Dark Sea Gray - FS36099 - RAL 7015', '#676c73', 'Matt', 'Acrylic'], ['71.054', 'Dark Grey Blue - RAL 7024', '#444b53', 'Matt', 'Acrylic'], ['71.055', 'Black Grey RLM66', '#4d5256', 'Matt', 'Acrylic'], ['71.056', 'Panzer Dark Grey - RAL 7021', '#3f4447', 'Matt', 'Acrylic'], ['71.057', 'Black  - FS37038 - RAL9004 - RLM22 - ANA604 - BS642', '#282b30', 'Matt', 'Acrylic'], ['71.062', 'Aluminium (FS37178)', '#a0a7b1', 'Metallic', 'Acrylic'], ['71.063', 'Silver RLM01', '#a2a5b4', 'Metallic', 'Acrylic'], ['71.064', 'Chrome - FS17178', '#9fa1af', 'Metallic', 'Acrylic'], ['71.065', 'Steel', '#adb3c3', 'Metallic', 'Acrylic'], ['71.066', 'Gold - FS17043', '#967e5c', 'Metallic', 'Acrylic'], ['71.067', 'Bright Brass', '#988a63', 'Metallic', 'Acrylic'], ['71.068', 'Copper', '#855b4e', 'Metallic', 'Acrylic'], ['71.069', 'Rust', '#6d5346', 'Metallic', 'Acrylic'], ['71.070', 'Signal Red (Metallic)', '#cb5972', 'Metallic', 'Acrylic'], ['71.071', 'Artic Blue', '#373d4f', 'Metallic', 'Acrylic'], ['71.072', 'Gunmetal - FS37200', '#757982', 'Metallic', 'Acrylic'], ['71.073', 'Black', '#5e606d', 'Metallic', 'Acrylic'], ['71.074', 'Radome Tan - FS33798', '#ebc67c', 'Matt', 'Acrylic'], ['71.075', 'Ivory - RAL 1001', '#b7a887', 'Matt', 'Acrylic'], ['71.076', 'Skin Tone', '#fedcb8', 'Matt', 'Acrylic'], ['71.077', 'Wood', '#a07241', 'Matt', 'Acrylic'], ['71.078', 'Yellow - FS33655 - RLM04  - ANA614 - BS356', '#e89e33', 'Matt', 'Acrylic'], ['71.079', 'Tan Earth', '#a37063', 'Matt', 'Acrylic'], ['71.080', 'Rust  - FS30111 - BS435', '#6b534f', 'Matt', 'Acrylic'], ['71.081', 'Ochre', '#938352', 'Matt', 'Acrylic'], ['71.082', 'Fluorescent Red - FS38903 - RAL 2005', '#ff4d06', 'Matt', 'Acrylic'], ['71.083', 'Orange - RAL 2004', '#e25303', 'Matt', 'Acrylic'], ['71.084', 'Fire Red - RAL 3000', '#a72920', 'Matt', 'Acrylic'], ['71.085', 'Ferrari Red - Italian Red', '#cf0e0e', 'Matt', 'Acrylic'], ['71.086', 'Light Red', '#e04622', 'Matt', 'Acrylic'], ['71.087', 'Steel Blue - FS35052 RAL 5011', '#275774', 'Matt', 'Acrylic'], ['71.088', 'French Blue', '#285380', 'Matt', 'Acrylic'], ['71.089', 'Light Sea Blue', '#02a4d5', 'Matt', 'Acrylic'], ['71.090', 'Deep Sky - FS35056', '#36415f', 'Matt', 'Acrylic'], ['71.091', 'Signal Blue - FS35044 - RAL 5004 - ANA605 - BS106', '#38373f', 'Matt', 'Acrylic'], ['71.092', 'Medium Olive - RAL 6003', '#4e533b', 'Matt', 'Acrylic'], ['71.093', 'NATO Green - FS34094', '#36491a', 'Matt', 'Acrylic'], ['71.094', 'Green Zinc Chromate', '#505e3d', 'Matt', 'Acrylic'], ['71.095', 'Pale Green - RAL 6011', '#6c7c59', 'Matt', 'Acrylic'], ['71.096', 'Olive Gray', '#38513c', 'Matt', 'Acrylic'], ['71.097', 'Medium Gunship Gray - FS36118 - ANA603', '#525e65', 'Matt', 'Acrylic'], ['71.098', 'Model Air Dark Panzer Olive Green', '#fff', 'Matt', 'Acrylic'], ['71.101', 'Light Blue RLM78', '#7a9294', 'Matt', 'Acrylic'], ['71.102', 'Red', '#b1333b', 'Matt', 'Acrylic'], ['71.103', 'Grey Blue RLM 84 - FS34424', '#979e97', 'Matt', 'Acrylic'], ['71.104', 'Green RLM 62', '#555c4c', 'Matt', 'Acrylic'], ['71.105', 'Brown RLM26', '#80413a', 'Matt', 'Acrylic'], ['71.106', 'Ivory RLM 05 - Elfenbein', '#bdaf70', 'Matt', 'Acrylic'], ['71.107', 'US Interior Yellow', '#cca553', 'Matt', 'Acrylic'], ['71.108', 'UK Azure Blue - FS35231 - ANA609', '#6d8aac', 'Matt', 'Acrylic'], ['71.109', 'UK PRU Blue - FS35189', '#496570', 'Matt', 'Acrylic'], ['71.110', 'Dark Grey - BS640', '#868688', 'Matt', 'Acrylic'], ['71.111', 'USAF Light Blue FS35109', '#617b94', 'Matt', 'Acrylic'], ['71.112', 'Sand', '#d8b083', 'Matt', 'Acrylic'], ['71.113', 'IDF Blue - FS35177', '#57778e', 'Matt', 'Acrylic'], ['71.114', 'Medium Gray - FS35237', '#647987', 'Matt', 'Acrylic'], ['71.115', 'Blue Grey - RAL 7016', '#383e42', 'Matt', 'Acrylic'], ['71.116', 'Camouflage Grey Green - RAL 7008', '#9a925d', 'Matt', 'Acrylic'], ['71.117', 'Camouflage Brown - RAL 8020', '#d8b083', 'Matt', 'Acrylic'], ['71.118', 'Camouflage Grey - RAL 7027', '#a5936c', 'Matt', 'Acrylic'], ['71.119', 'White Grey - RAL 9002', '#d6d5ca', 'Matt', 'Acrylic'], ['71.120', 'Dark Ghost Gray  - FS36320', '#bbc2c7', 'Matt', 'Acrylic'], ['71.121', 'Light Gull Gray - FS36440 - ANA620', '#adada3', 'Matt', 'Acrylic'], ['71.122', 'US Desert Armour 686 - FS33446', '#b49d80', 'Matt', 'Acrylic'], ['71.123', 'Dark Grey RLM 42', '#253f3b', 'Matt', 'Acrylic'], ['71.124', 'USAF Green - FS34092 - ANA612', '#3d6554', 'Matt', 'Acrylic'], ['71.125', 'USAF Brown - FS30219 - ANA628', '#846e60', 'Matt', 'Acrylic'], ['71.126', 'IDF/IAF Green - FS34227 -  BS283', '#718470', 'Matt', 'Acrylic'], ['71.128', 'Gray Violet - FS36134', '#616566', 'Matt', 'Acrylic'], ['71.129', 'Light Rust', '#875d47', 'Matt', 'Acrylic'], ['71.130', 'Orange Rust - RAL 2010', '#c56a3b', 'Matt', 'Acrylic'], ['71.131', 'Concrete', '#706c61', 'Matt', 'Acrylic'], ['71.132', 'Aged White - FS37855 - RAL 1015', '#e6d2b5', 'Matt', 'Acrylic'], ['71.133', 'Dirt', '#6c491c', 'Matt', 'Acrylic'], ['71.134', 'IJA Midouri Green', '#073121', 'Matt', 'Acrylic'], ['71.135', 'IJA Chrome Yellow - FS33655 - RAL 1003', '#ffd100', 'Matt', 'Acrylic'], ['71.136', 'IJA Earth Brown', '#8c6541', 'Matt', 'Acrylic'], ['71.137', 'US Light Green - FS34151 - ANA611', '#576d4d', 'Matt', 'Acrylic'], ['71.138', 'US Sand - FS30277', '#948b6c', 'Matt', 'Acrylic'], ['71.139', 'US Field Drab - FS30118 - ANA617', '#5b462b', 'Matt', 'Acrylic'], ['71.140', 'US Desert Sand - FS30279 - ANA616', '#a58e7e', 'Matt', 'Acrylic'], ['71.141', 'IDF Sand Grey 73', '#a29a85', 'Matt', 'Acrylic'], ['71.142', 'IDF Sinai Grey 82', None, 'Matt', 'Acrylic'], ['71.143', 'UK Light Stone - BS361', '#a89571', 'Matt', 'Acrylic'], ['71.215', 'First Shadow', '#a9947f', 'Matt', 'Acrylic'], ['71.216', 'Second Shadow', '#c5a17e', 'Matt', 'Acrylic'], ['71.217', 'Base', '#e2ae7e', 'Matt', 'Acrylic'], ['71.218', 'First Light', '#f6d0a9', 'Matt', 'Acrylic'], ['71.219', 'Second Light', '#fae1c3', 'Matt', 'Acrylic'], ['71.220', 'Bright', '#fef0c3', 'Matt', 'Acrylic'], ['71.223', 'Green', '#fff', 'Matt', 'Acrylic'], ['71.225', 'Light green', '#a3a371', 'Matt', 'Acrylic'], ['71.230', 'Light', '#fff', 'Matt', 'Acrylic'], ['71.231', 'Nato light', '#fff', 'Matt', 'Acrylic'], ['71.240', 'Sulfur Yellow -  RAL 1016', '#f1dd38', 'Matt', 'Acrylic'], ['71.241', 'Mint Green - RAL 6029', '#006f3d', 'Matt', 'Acrylic'], ['71.242', 'Traffic Blue - RAL 5017', '#005a8c', 'Matt', 'Acrylic'], ['71.243', 'Ivory - RAL 1014', '#ddc49a', 'Matt', 'Acrylic'], ['71.244', 'Sand Beige - RAL 1039', '#bfae83', 'Matt', 'Acrylic'], ['71.245', 'Loam Beige - RAL 1040', '#a38d6e', 'Matt', 'Acrylic'], ['71.246', 'Yellow Brown - RAL 8031', '#9a826f', 'Matt', 'Acrylic'], ['71.247', 'Light Olive - RAL 6040', '#6b614d', 'Matt', 'Acrylic'], ['71.248', 'Brown Grey - RAL 7050', '#726a63', 'Matt', 'Acrylic'], ['71.249', 'NATO Brown  - FS30051 - RAL 8027', '#614e3f', 'Matt', 'Acrylic'], ['71.250', 'Bronze Green - RAL 6031', '#495746', 'Matt', 'Acrylic'], ['71.251', 'NATO Black - FS37030 - RAL9021', '#343539', 'Matt', 'Acrylic'], ['71.255', 'Light Blue RLM65', '#80999d', 'Matt', 'Acrylic'], ['71.256', 'Green RLM73', '#414d4d', 'Matt', 'Acrylic'], ['71.257', 'Light Blue RLM76', '#8da6a3', 'Matt', 'Acrylic'], ['71.258', 'Grey Green RLM74', '#4d5759', 'Matt', 'Acrylic'], ['71.259', 'Grey Violet RLM75', '#5e6265', 'Matt', 'Acrylic'], ['71.260', 'Light Grey RLM63', '#656d62', 'Matt', 'Acrylic'], ['71.263', 'Green RLM72', '#43484b', 'Matt', 'Acrylic'], ['71.264', 'Brown Violet RLM81', '#5e584c', 'Matt', 'Acrylic'], ['71.265', 'Olive Green RLM80', '#474d3f', 'Matt', 'Acrylic'], ['71.266', 'Dark Blue RLM24', '#324a62', 'Matt', 'Acrylic'], ['71.267', 'Light Green RLM 25', '#497868', 'Matt', 'Acrylic'], ['71.268', 'German Grey - RAL 6006', '#46443b', 'Matt', 'Acrylic'], ['71.269', 'Red - RAL 3000', '#af2b1e', 'Matt', 'Acrylic'], ['71.270', 'Off White - RAL 9001', '#e7e1d2', 'Matt', 'Acrylic'], ['71.271', 'German Red Brown - RAL 8012', '#64332b', 'Matt', 'Acrylic'], ['71.272', 'German Yellow Brown - RAL 8000', '#866a3e', 'Matt', 'Acrylic'], ['71.273', 'Ocean Grey - FS36176 - BS629', '#687480', 'Matt', 'Acrylic'], ['71.274', 'Agressor Gray - FS36251', '#828585', 'Matt', 'Acrylic'], ['71.275', 'USAF Medium Gray - FS36270', '#858a8d', 'Matt', 'Acrylic'], ['71.276', 'USAF Light Gray - FS36495', '#c3c8c6', 'Matt', 'Acrylic'], ['71.277', 'Dark Gull Gray - FS36231 - ANA621', '#84858b', 'Matt', 'Acrylic'], ['71.278', 'Sand Yellow RLM79', '#8d7254', 'Matt', 'Acrylic'], ['71.279', 'Insignia White  - FS37875 - ANA601', '#d9dcd1', 'Matt', 'Acrylic'], ['71.280', 'Camouflage Gray - FS36170', '#6d6c6b', 'Matt', 'Acrylic'], ['71.281', '3B Russian Green', '#434748', 'Matt', 'Acrylic'], ['71.282', '6K Russian Brown', '#7b6a4e', 'Matt', 'Acrylic'], ['71.283', '7K Russian Tan', '#777157', 'Matt', 'Acrylic'], ['71.284', 'UK Light Mud', '#787769', 'Matt', 'Acrylic'], ['71.285', 'IJA Dark Green', '#565545', 'Matt', 'Acrylic'], ['71.286', 'IJA Olive Green', '#534c3f', 'Matt', 'Acrylic'], ['71.287', 'IJA Khaki Brown', '#6e5c44', 'Matt', 'Acrylic'], ['71.288', 'UK BSC 64 Portland Stone', '#bbb289', 'Matt', 'Acrylic'], ['71.289', 'US Dark Green - FS34102', '#525647', 'Matt', 'Acrylic'], ['71.290', 'US Earth Brown - FS30099', '#5f575a', 'Matt', 'Acrylic'], ['71.291', 'US Earth Yellow - FS30257', '#b38c65', 'Matt', 'Acrylic'], ['71.292', 'US Loam', '#545653', 'Matt', 'Acrylic'], ['71.293', 'US Earth Red - FS30117', None, 'Matt', 'Acrylic'], ['71.294', 'US Forest Green  - FS34079 - ANA631', '#535548', 'Matt', 'Acrylic'], ['71.295', 'USN Sea Blue - FS35042 - ANA607', '#474950', 'Matt', 'Acrylic'], ['71.296', 'USAAF Light Grey - FS36622', '#c2c1b4', 'Matt', 'Acrylic'], ['71.297', 'JGSD Brown 3606', '#69645e', 'Matt', 'Acrylic'], ['71.298', 'M495 Light Gray - FS36357', '#9e9c8f', 'Matt', 'Acrylic'], ['71.299', 'Intermediate Blue - FS35164 - ANA608', '#576e6e', 'Matt', 'Acrylic'], ['71.300', 'Glossy Sea Blue - FS15042 - ANA623', '#2a3652', 'Matt', 'Acrylic'], ['71.301', 'AMT-4 Camouflage Green', '#645d40', 'Matt', 'Acrylic'], ['71.302', 'Sky Type S - BS210', '#989f8f', 'Matt', 'Acrylic'], ['71.303', 'A-24M Camouflage Green', '#525647', 'Matt', 'Acrylic'], ['71.304', 'AMT-11 Blue Grey', '#58626c', 'Matt', 'Acrylic'], ['71.305', 'Interior Grey Green - FS34373', '#8d9e8c', 'Matt', 'Acrylic'], ['71.306', 'Sky Blue - FS35550', '#b6cdd2', 'Matt', 'Acrylic'], ['71.307', 'BS Medium Sea Grey - BS637', '#7b858e', 'Matt', 'Acrylic'], ['71.308', 'AMT-12 Dark Grey', '#3f464e', 'Matt', 'Acrylic'], ['71.309', 'Dark Slate Grey - BS634', '#2f4f4f', 'Matt', 'Acrylic'], ['71.310', 'IJN Deep Dark Green (FS34058)', '#325250', 'Matt', 'Acrylic'], ['71.311', 'IJN Ash Grey (FS36350)', '#827e6f', 'Satin', 'Acrylic'], ['71.312', 'IJN Medium Grey (FS36375)', '#828585', 'Matt', 'Acrylic'], ['71.313', 'Dark Mediterranean Blue', '#1e3652', 'Matt', 'Acrylic'], ['71.314', 'Seaplane Grey - FS36081 - ANA625', '#424a4c', 'Matt', 'Acrylic'], ['71.315', 'Tyre Black', '#4d5055', 'Matt', 'Acrylic'], ['71.316', 'N.41 Dark Olive Drab', '#534d3f', 'Matt', 'Acrylic'], ['71.317', 'AII SV. Gol Light Blue', '#68c5d6', 'Matt', 'Acrylic'], ['71.318', 'AMT-7 Greyish Blue', '#618c9f', 'Matt', 'Acrylic'], ['71.319', 'A-28M Greyish Blue', '#6b9e97', 'Matt', 'Acrylic'], ['71.320', 'AMT-1 Light Greyish Brown', '#958b81', 'Matt', 'Acrylic'], ['71.321', 'IJA Light Grey Green - FS34424', '#a5ab96', 'Matt', 'Acrylic'], ['71.322', 'IJN Black Green (FS34077)', '#344034', 'Matt', 'Acrylic'], ['71.323', 'BS Dark Earth  - BS450', '#675845', 'Matt', 'Acrylic'], ['71.324', 'BS Dark Green - BS241', '#3f4334', 'Matt', 'Acrylic'], ['71.325', 'IJN Dark Black Green (FS34052)', '#4b4e48', 'Matt', 'Acrylic'], ['71.326', 'IJA Grey Green', '#bcb49f', 'Matt', 'Acrylic'], ['71.327', 'IAF Sand - FS33531', '#c7b49e', 'Matt', 'Acrylic'], ['71.328', 'Light Blue - FS35622', '#c5d0c7', 'Matt', 'Acrylic'], ['71.329', 'Green - FS34159', '#6b7367', 'Matt', 'Acrylic'], ['71.330', 'Khaki Green Num. 3', '#4d4740', 'Matt', 'Acrylic'], ['71.331', 'Cockpit Emerald Green "Faded"', '#46887e', 'Matt', 'Acrylic'], ['71.332', 'Underside Blue "Faded"', '#c4d4d4', 'Matt', 'Acrylic'], ['71.333', 'Russian AF Blue', '#018eb4', 'Matt', 'Acrylic'], ['71.334', 'Flanker Light Blue', '#b1c5c6', 'Matt', 'Acrylic'], ['71.335', 'Flanker Light Grey', '#9ca6a5', 'Matt', 'Acrylic'], ['71.336', 'A-14 Steel Grey', '#687271', 'Matt', 'Acrylic'], ['71.337', 'Flanker Blue', '#91aeb4', 'Matt', 'Acrylic'], ['71.338', 'Russian AF Grey Blue', '#a2acab', 'Matt', 'Acrylic'], ['71.339', 'Russian AF Grey N.3 - FS36373', '#858e8d', 'Matt', 'Acrylic'], ['71.340', 'Grey Green', '#787f7a', 'Matt', 'Acrylic'], ['71.341', 'Green Gray', '#586355', 'Matt', 'Acrylic'], ['71.342', 'Russian AF Light Blue', '#aac9c4', 'Matt', 'Acrylic'], ['71.343', 'Russian AF Grey N.7', '#739cb0', 'Matt', 'Acrylic'], ['71.344', 'Russian AF Grey Protective Coat', '#b1ccd7', 'Matt', 'Acrylic'], ['71.345', 'Russian AF Grey N.8', '#a1b5be', 'Matt', 'Acrylic'], ['71.346', 'Russian AF Grey N.4 - FS26360', '#aaa794', 'Satin', 'Acrylic'], ['71.347', 'Russian AF Dark Green', '#4a4734', 'Matt', 'Acrylic'], ['71.348', 'USAF Tan', '#be9869', 'Matt', 'Acrylic'], ['71.400', 'UK Desert Pink', '#cc9d8d', 'Matt', 'Acrylic'], ['71.401', 'UK BSC 28 Silver Grey', '#8a9272', 'Matt', 'Acrylic'], ['71.402', 'UK BSC 49 Light Purple Brown', '#362426', 'Matt', 'Acrylic'], ['71.403', 'Light Green', '#104a34', 'Matt', 'Acrylic'], ['71.404', 'No.1 "Duck Egg Blue"', '#8fbdb7', 'Matt', 'Acrylic'], ['71.405', 'BS Dark Sea Grey', '#676c70', 'Matt', 'Acrylic'], ['71.406', 'Light Slate Grey', '#778899', 'Matt', 'Acrylic'], ['71.407', 'Sky Grey', '#858a8d', 'Matt', 'Acrylic'], ['71.408', 'PRU Pink', '#f0d3ca', 'Matt', 'Acrylic'], ['71.409', 'Zascnitnyyi Khaki', '#fff', 'Matt', 'Acrylic'], ['71.410', 'Zashchitnyi Cam. Green', '#565a43', 'Matt', 'Acrylic'], ['71.411', 'A-19F Grass Green', '#5f6539', 'Matt', 'Acrylic'], ['71.412', 'VVS Grey Blue', '#909c92', 'Matt', 'Acrylic'], ['71.413', 'A-18F Light Blue', '#a2af9b', 'Matt', 'Acrylic'], ['71.414', 'AEH-9 Light Grey', '#c0c2c1', 'Matt', 'Acrylic'], ['71.415', 'A-21 Light Greyish Brown', '#7a7768', 'Matt', 'Acrylic'], ['71.416', 'IJA Dark Beige', '#87674a', 'Matt', 'Acrylic'], ['71.417', '"Aotake" Translucent Green', '#77b4ab', 'Matt', 'Acrylic'], ['71.418', 'IJN Medium Brown (FS30122)', '#5d3f27', 'Matt', 'Acrylic'], ['71.419', '"Aotake" Translucent Blue', '#005452', 'Matt', 'Acrylic'], ['71.420', 'N.17 Erdgelb Earth Yellow', '#bd994d', 'Satin', 'Acrylic'], ['71.421', 'Pinkish White', '#fff', 'Matt', 'Acrylic'], ['71.442', 'Anti-Fouling Red', '#d58d87', 'Matt', 'Acrylic'], ['71.443', 'Faded Yellow', '#e4a156', 'Matt', 'Acrylic'], ['71.444', 'Wood Deck', '#a37559', None, 'Acrylic'], ['71.520', 'Matt Varnish', '#ffffff', 'Varnish', 'Acrylic'], ['71.522', 'Satin Varnish', '#ffffff', 'Varnish', 'Acrylic'], ['71.601', 'Primer Grey', '#fff', 'Matt', 'Acrylic'], ['71.603', 'Primer German panzer grey RAL 7021', '#fff', 'Matt', 'Acrylic'], ['71.604', 'Primer German Dark Yellow RAL 7028', '#fff', 'Matt', 'Acrylic'], ['71.606', 'Primer German green brown RAL 8000', '#fff', 'Matt', 'Acrylic'], ['71.608', 'Primer US Olive Drab', '#65604d', 'Matt', 'Acrylic'], ['71.609', 'Primer Russian Green 4BO', '#fff', 'Matt', 'Acrylic'], ['78.225', 'Dit nummer bestaat niet!', '#fff', 'Matt', 'Acrylic'], ['71.178', 'Model Air Basic Colors Set', None, 'Paint sets', 'Acrylic'], [None, None, '#fff', None, None], [None, None, '#fff', None, None], ['71.156', 'USAF Colors "Gray Schemes" from 70\'s to present', '#525e65', None, None], ['78.400', 'Dunkelgrau  / German Dark Grey', '##fff', None, None], ['78.401', 'Dunkelgelb / German Dark Yellow', '#ffffff', None, None], ['78.402', 'US Army Olive Drab', '#3f4442', None, None], ['78.403', 'Russian Green 4BO', '#4e5043', None, None], ['78.407', 'UK Bronze Green', '##fff', None, None], ['78.408', 'Modern Russian Green', '##fff', None, None], ['78.409', 'German Afrika Korps 1941-1942 (DAK)', '##fff', None, None], ['78.410', 'German Afrika Korps 1942-1944 (DAK)', '##fff', None, None], ['78.411', 'German Red Oxide', '##fff', None, None], ['78.412', 'US Vietnam Olive Drab', '##fff', None, None], ['78.413', 'NATO Armour Colors', None, None, None], ['78.413', 'NATO Armour Colors', None, None, None], ['78.414', 'German Camouflage 1943/1944 (AFV Camouflage Colors)', None, None, None], ['78.405', 'Weathering Set For Yellow/Grey Vehicles', None, None, None], ['78.406', 'Weathering Set For Green Vehicles', '#d6c1a1', None, None], ['71.207', 'DAK colors 1941-44', '#3f4447', None, None], ['71.209', 'US Modern Desert Colors', '#b7a887', None, None], ['71.210', 'IDF Colors', '#7b6f5f', None, None], ['71.211', 'Caunter British Colors', '#4d4a17', None, None], ['71.212', 'MERDC Desert Colors', '##fff', None, None], ['71.213', 'Wheels & Tracks', '#757982', None, None], ['71.623', 'WWII USMC Colors Green & Grey Patterns 1942-1945', '#524e45', None, None], ['71.624', 'WWII USMC Colors Sand Patterns 1942-1945', '#85634f', None, None], ['71.144', 'RAF Colors Special "Battle of Britain" - Set', '#bac09c', None, None], ['71.145', 'RAF Colors Bomber & Training Air Command 1939-1945 - Set', '#718470', None, None], ['71.146', 'RAF Colors SEAC (Air Command South East Asia) 1942-19 - Set', '#282b30', None, None], ['71.147', 'FAA (Fleet Air Arm) Colors 1939-1945', '#858a8d', None, None], ['71.148', 'RAF Colors Coastal Command 1939-1945 - Set', '#282b30', None, None], ['71.149', 'RAF Day Fighters Pre-War to 1941', '#a0a7b1', None, None], ['71.150', 'Demag D-7 Afrika Korps', None, None, None], ['71.151', 'Demag D-7 Guderian Russia 1941', None, None, None], ['71.152', 'Imperial Japanese Army (IJA) Colors', '#a0a7b1', None, None], ['71.154', 'Blue light set Emergency Vehicle Colours', '#00387b', None, None], ['71.155', "US Navy & USMC Colors from 70's to present - Set", '#525e65', None, None], ['71.157', 'US NAVY & USMC Colors WWII 1940-1945 - Set', '#576e6e', None, None], ['71.158', 'German Camouflage', '#fff', None, None], ['71.159', 'German ISAF color (Umtarnfarben)', '#343539', None, None], ['71.160', 'IJA Colors, Early/Late (1937-1945)', '#36491a', None, None], ['71.162', 'RAF Colors Day Fighters 1941-1945 & P.R.U.', '#282b30', None, None], ['71.162', 'WWII RAF DAY FIGHTERS COLORS (1st edition)', '#635b46', None, None], ['71.163', 'RAF Colors Desert Scheme & M.T.O. 1940-1945', '#917a55', None, None], ['71.164', 'Luftwaffe Maritime and Tropical colors', '#76786b', None, None], ['71.165', 'Luftwaffe colors Pre-war to 1941', '#76786b', None, None], ['71.166', 'Luftwaffe Colors 1941 to end-war', '#494c45', None, None], ['71.169', 'Imperial Japanese Navy (IJN) Colors Pre-war to 1945', '#a0a7b1', None, None], ['71.174', 'Basic Colors', '#faaf18', None, None], ['71.176', 'Metallic Colors', '#a2a5b4', None, None], ['71.182', 'US Army Air Corps European Theater operations (ETO) WW II', '#635b46', None, None], ['71.183', 'US Army Air Corps Mediterranean Theater Operation (MTO) WWII', '#917a55', None, None], ['71.184', 'US Army Air Corps China-Burma-India (CBI) Pacific Theater WW', '#635b46', None, None], ['71.186', 'Rust & Chipping Effects', '#454346', None, None], ['71.187', 'Old & New Wood Effects', '#a68b6e', None, None], ['71.188', 'Soviet WWII Camo Colors', '#4d4a17', None, None], ['71.196', 'Soviet Air Force VVS Pre-War to 1941 "Great Patriotic War"', '#a0a7b1', None, None], ['71.197', 'Soviet Air Force VVS 1941 to 1943 ΓÇ£Great Patriotic WarΓÇ¥', '#343539', None, None], ['71.198', 'Soviet Air Force VVS 1943 to 1945 ΓÇ£Great Patriotic WarΓÇ¥', '#343539', None, None], ['71.202', 'MERDC Camo Colors', '##fff', None, None], ['71.203', 'Israeli Air Force (IAF) Colors Post 1967 to Present', '#9ca4aa', None, None], ['71.204', 'USAF Colors ΓÇ£Vietnam WarΓÇ¥ Scheme SEA', '#7b6f5f', None, None], ['71.205', 'German Colors 1927-1942', '#3a4c43', None, None], ['71.206', 'German Colors 1940-1945', '#3a4c43', None, None], ['71.214', 'Ruins & Rubble', '#d8b083', None, None], ['71.601', 'Soviet/Russian Colors Combat Helicopters post WWII to presen', '#7b6f5f', None, None], ['71.602', 'Soviet/Russian Colors Su-27 ΓÇ£FlankerΓÇ¥ from 80ΓÇÖs to present', '#68c5d6', None, None], ['71.603', 'Soviet/Russian Colors Su-25/39 ΓÇ£FrogfootΓÇ¥ from 80ΓÇÖs to prese', '#9b8369', None, None], ['71.604', 'Soviet/Russian Colors Su-7/17 ΓÇ£FitterΓÇ¥ from ΓÇ£Cold WarΓÇ¥ to 90', '#584c40', None, None], ['71.605', 'Soviet/Russian Colors MiG-29 ΓÇ£FulcrumΓÇ¥ from 80ΓÇÖs to present', '#6c767f', None, None], ['71.606', 'Soviet/Russian Colors MiG-23 ΓÇ£FloggerΓÇ¥ from 70ΓÇÖs to 90ΓÇÖs', '#8e98a1', None, None], ['71.607', 'Sovjet/Russian Colors MIG-21 "Fishbed" from Cold War to 90\'s', '#8e98a1', None, None], ['71.608', 'Soviet/Russian Colors Tactical Schemes 1978-1989 (Part II)', '#584c40', None, None], ['71.609', 'Soviet/Russian Colors Tactical Schemes 1960-2000 (Part I)', '#745f4e', None, None], ['71.610', 'Soviet/Russian Colors "Cold War" Silver Darts 1950-1980', '#a2a5b4', None, None], ['71.611', 'Nuclear Submarines', '#7b6f5f', None, None], ['71.612', 'Star Fighters Colors', '#faaf18', None, None], ['71.613', 'Russian Greens (1928ΓÇÖs to Present)', '#4e5043', None, None], ['71.614', 'WWII British Colors UK/BEF/Europe 1939-1945', '#2a3036', None, None], ['71.615', 'Kriegsmarine  WWII German colors', '#4d4a17', None, None], ['71.616', 'USAF colors post WWII to present ΓÇ£AggressorΓÇ¥ Squadron Pt I', '#745f4e', None, None], ['71.617', 'USAF colors post WWII to present ΓÇ£AggressorΓÇ¥ Squadron Pt II', '#525e65', None, None], ['71.618', 'USAF colors post WWII to present ΓÇ£AggressorΓÇ¥ Squadron Pt III', '#709196', None, None], ['71.619', 'Middle East Wars (1967ΓÇÖs to Present)', '#4e5043', None, None], ['71.620', 'Cold War & Modern Russian Desert Patterns', '#484940', None, None], ['71.621', 'Cold War & Modern Russian Green Patterns', '#bac09c', None, None], ['71.622', 'WWII British Colors Africa 1939-1943', '#4d4a17', None, None], ['71.625', 'WWII US Army Europe & North Africa 1942-1945', '#b7a887', None, None], ['71.626', 'Arm├⌐e de lΓÇÖAir colors 1939 to 1942 ΓÇ£Battle of FranceΓÇ¥ & Vich', '#e89e33', None, None], ['71.627', 'Arm├⌐e de lΓÇÖAir colors post WWII to present', '#525e65', None, None], ['71.644', 'French Camo Colors Pre-War & WWII', '#5d6043', None, None], ['71.645', 'Italian WWII Regio Esercito Camo Colors', '#4d4a17', None, None], ['71.646', 'Titanic Colors', '#a68b6e', None, None], ['71.167', 'Basic Colors & Airbrush', '#faaf18', None, None], ['71.168', 'Camouflage Colors & Airbrush', '#bac09c', None, None], ['71.178', 'Basic Colors', '#faaf18', None, None], ['71.179', 'WWII German Colors Set', '#5d6043', None, None], ['71.180', 'Allied Forces WWII', '#4e5043', None, None], ['71.181', 'Metallic Colors', '#a2a5b4', None, None], ['71.185', 'WWII USAAF Aircraft', '#635b46', None, None], ['71.189', 'WWII British RAF & FAA', '#858a8d', None, None], ['71.190', 'German / Allied WWII', '#4e5043', None, None], ['71.191', 'Railway Colors (Europe)', '#595b4e', None, None], ['71.192', 'Building Colors', '#faaf18', None, None], ['71.193', 'RLM Colors', '#494c45', None, None], ['71.194', 'Weathering Colors', '#9b8369', None, None], ['71.208', 'German WWII Europe & Africa', '#3a4c43', None, None], ['71.153', 'Desert War Zenith Transformation Set', '##fff', None, None]], 'Vallejo Model Color': [['70.470', 'Gloss Medium', '#ffffff', 'Gloss', 'Acrylic'], ['70.510', 'Gloss Varnish', None, 'Varnish', 'Acrylic'], ['70.517', 'Dark Grey Wash', '#fff', 'Matt', 'Acrylic'], ['70.520', 'Matt Varnish', None, 'Varnish', 'Acrylic'], ['70.521', 'Metal Medium', '#ffffff', 'Metallic', 'Acrylic'], ['70.522', 'Satin Varnish', '#fff', 'Varnish', 'Acrylic'], ['70.524', 'Thinner Medium', '#ffffff', 'Thinners', 'Acrylic'], ['70.540', 'Matt Medium', '#ffffff', 'Matt', 'Acrylic'], ['70.596', 'Glaze Medium', '#ffffff', None, 'Acrylic'], ['70.598', 'Crackle Medium', '#ffffff', None, 'Acrylic'], ['70.730', 'Yellow Fluorescent - RAL 1026', '#efe94b', 'Fluo', 'Acrylic'], ['70.733', 'Orange Fluorescent - FS38903 - RAL 2005', '#e7683a', 'Fluo', 'Acrylic'], ['70.735', 'Magenta Fluorescent', '#e55680', 'Fluo', 'Acrylic'], ['70.736', 'Blue Fluorescent', '#375694', 'Fluo', 'Acrylic'], ['70.737', 'Green Fluorescent - FS38901', '#8bb469', 'Fluo', 'Acrylic'], ['70.740', 'Cam. SS Middle Brown', '#57443d', 'Matt', 'Acrylic'], ['70.741', 'Cam. SS Dark Black Green', '#002418', 'Matt', 'Acrylic'], ['70.800', 'Gunmetal Blue', '#354b62', 'Metallic', 'Acrylic'], ['70.801', 'Brass', '#8f6c36', 'Metallic', 'Acrylic'], ['70.802', 'Sunset Red', '#c44570', 'Matt', 'Acrylic'], ['70.803', 'Brown Rose', '#b5838c', 'Matt', 'Acrylic'], ['70.804', 'Beige Red - FS31433 - RAL 3012', '#cb9565', 'Matt', 'Acrylic'], ['70.805', 'German Orange - FS32356', '#d18578', 'Matt', 'Acrylic'], ['70.806', 'German Yellow', '#c7bd7f', 'Matt', 'Acrylic'], ['70.807', 'Oxford Blue', '#3b3f58', 'Matt', 'Acrylic'], ['70.808', 'Green Blue - FS35275', '#168f92', 'Matt', 'Acrylic'], ['70.809', 'Royal Blue - FS35095', '#3a649e', 'Matt', 'Acrylic'], ['70.810', 'Royal Purple - FS37100', '#502560', 'Matt', 'Acrylic'], ['70.811', 'Blue Violet', '#614c79', 'Matt', 'Acrylic'], ['70.812', 'Violet Red', '#6e2b48', 'Matt', 'Acrylic'], ['70.814', 'Burnt Red - RAL 8012', '#653536', 'Matt', 'Acrylic'], ['70.815', 'Basic Skin Tone (Flesh Tone)', '#f0ad82', 'Matt', 'Acrylic'], ['70.816', 'Luftwaffe Uniform WWII', '#676c73', 'Matt', 'Acrylic'], ['70.817', 'Scarlet - RLM 23', '#bb464c', 'Matt', 'Acrylic'], ['70.818', 'Red Leather', '#a55750', 'Matt', 'Acrylic'], ['70.819', 'Iraqi Sand - FS30475', '#99835c', 'Matt', 'Acrylic'], ['70.820', 'Off-white - FS17925', '#f2f1e7', 'Matt', 'Acrylic'], ['70.821', 'German Camouflage Beige WWll - FS33303', '#ab9c7f', 'Matt', 'Acrylic'], ['70.822', 'German Camouflage Black Brown - RLM61', '#434142', 'Matt', 'Acrylic'], ['70.823', 'Luftwaffe Camouflage Green - FS34095 - RAL 6020 - RLM 82', '#445147', 'Matt', 'Acrylic'], ['70.824', 'German Camouflage Orange Ochre - FS30266 - ANA615', '#8f7250', 'Matt', 'Acrylic'], ['70.825', 'German Camouflage Pale Brown - FS30140', '#79604f', 'Matt', 'Acrylic'], ['70.826', 'German Camouflage Medium Brown - FS30097', '#6f5b41', 'Matt', 'Acrylic'], ['70.827', 'Lime Green', '#7caa30', 'Matt', 'Acrylic'], ['70828', 'Wood grain', '#fff', 'Matt', 'Acrylic'], ['70.828', 'Wood Grain', '#453a34', 'Matt', 'Acrylic'], ['70.829', 'Amaranth Red - FS31400', '#c15c48', 'Matt', 'Acrylic'], ['70.830', 'German Fieldgrey WWII - FS34086 - RAL 7009', '#514e33', 'Matt', 'Acrylic'], ['70.831', 'Tan Glaze', '#cf8f40', 'Matt', 'Acrylic'], ['70.832', 'Verdigris Glaze', '#89d0c8', 'Matt', 'Acrylic'], ['70.833', 'German Camouflage Bright Green - RAL 6025', '#548744', 'Matt', 'Acrylic'], ['70.834', 'Natural Wood Grain', '#f9d768', 'Matt', 'Acrylic'], ['70.835', 'Salmon Rose', '#f4a288', 'Matt', 'Acrylic'], ['70.836', 'London Grey - FS36081 - ANA603', '#38393f', 'Matt', 'Acrylic'], ['70.837', 'Pale Sand - FS33798', '#d5c79e', 'Matt', 'Acrylic'], ['70.838', 'Emerald', '#008861', 'Matt', 'Acrylic'], ['70.839', 'Ultramarine Blue', '#3c5ea8', 'Matt', 'Acrylic'], ['70.840', 'Light Turquoise', '#1b98aa', 'Matt', 'Acrylic'], ['70.841', 'Andrea Blue - RAL 5012', '#2973b8', 'Matt', 'Acrylic'], ['70.842', 'Gloss White - FS17925', '#fffcf6', 'Gloss', 'Acrylic'], ['70.843', 'Cork Brown - FS30215', '#7f6355', 'Matt', 'Acrylic'], ['70.844', 'Deep Sky Blue - FS35250', '#00bfff', 'Matt', 'Acrylic'], ['70.845', 'Sunny Skin Tone - FS32544', '#efad6e', 'Matt', 'Acrylic'], ['70.846', 'Mahogany Brown - RAL 8002', '#5f4340', 'Matt', 'Acrylic'], ['70.847', 'Dark Sand - RAL 1001', '#c9ac82', 'Matt', 'Acrylic'], ['70.850', 'Medium Olive - (Green) FS34151 - ANA611', '#2a7233', 'Matt', 'Acrylic'], ['70.851', 'Bright Orange', '#f66838', 'Matt', 'Acrylic'], ['70.853', 'White Glaze', '#eeeef1', 'Matt', 'Acrylic'], ['70.854', 'Brown Glaze', '#493e3d', 'Matt', 'Acrylic'], ['70.855', 'Black Glaze', '#343639', 'Matt', 'Acrylic'], ['70.856', 'Ochre Brown (Ochre Maroon)', '#aa7833', 'Matt', 'Acrylic'], ['70.857', 'Golden Olive', '#7c8252', 'Matt', 'Acrylic'], ['70.858', 'Ice Yellow', '#ffffc1', 'Matt', 'Acrylic'], ['70.859', 'Black Red', '#4b3738', 'Matt', 'Acrylic'], ['70.860', 'Medium Flesh Tone', '#c18237', 'Matt', 'Acrylic'], ['70.861', 'Glossy Black - FS17038', '#181c1d', 'Gloss', 'Acrylic'], ['70.862', 'Black Grey - FS37031 - RAL 7021', '#34393b', 'Matt', 'Acrylic'], ['70.863', 'Gunmetal Grey - FS37200', '#a09f9f', 'Metallic', 'Acrylic'], ['70.864', 'Natural Steel', '#8a8b87', 'Metallic', 'Acrylic'], ['70.865', 'Oily Steel', '#7c7d76', 'Metallic', 'Acrylic'], ['70.866', 'Grey Green - FS36134 - RLM 66', '#3a3c3b', 'Matt', 'Acrylic'], ['70.867', 'Dark Blue Grey - FS36099 - RLM74', '#45534d', 'Matt', 'Acrylic'], ['70.868', 'Dark Sea Green -FS36118', '#282e2e', 'Matt', 'Acrylic'], ['70.869', 'Basalt Grey - FS36152 - RAL 7012 - RLM 75', '#74797b', 'Matt', 'Acrylic'], ['70.870', 'Medium Sea Grey - FS36270', '#8a959b', 'Matt', 'Acrylic'], ['70.871', 'Leather Brown - FS30051 - RAL 8027', '#4c4538', 'Matt', 'Acrylic'], ['70.872', 'Chocolate Brown - FS30099', '#514a40', 'Matt', 'Acrylic'], ['70.873', 'US Field Drab - FS30118', '#755d3d', 'Matt', 'Acrylic'], ['70.874', 'Tan Earth - FS30219 - ANA628', '#a1836c', 'Matt', 'Acrylic'], ['70.875', 'Beige Brown - FS31090', '#785a49', 'Matt', 'Acrylic'], ['70.876', 'Brown Sand - RLM79', '#a97b63', 'Matt', 'Acrylic'], ['70.877', 'Gold Brown - FS33275', '#a98100', 'Matt', 'Acrylic'], ['70.878', 'Old Gold - FS27043', '#998455', 'Metallic', 'Acrylic'], ['70.879', 'Green Brown - RAL 8000', '#957c51', 'Matt', 'Acrylic'], ['70.880', 'Khaki Grey', '#897f5a', 'Matt', 'Acrylic'], ['70.881', 'Yellow Green - FS34259', '#8e8449', 'Matt', 'Acrylic'], ['70.882', 'Middle Stone', '#e0c895', 'Matt', 'Acrylic'], ['70.883', 'Silver Grey - FS37150 - RAL 9002', '#e1e1d8', 'Matt', 'Acrylic'], ['70.884', 'Stone Grey - FS36357', '#7c7b66', 'Matt', 'Acrylic'], ['70.885', 'Pastel Green - FS34424', '#a1b796', 'Matt', 'Acrylic'], ['70.886', 'Green Grey - RLM02', '#645b4a', 'Matt', 'Acrylic'], ['70.887', 'Brown Violet - FS34088 - ANA613', '#3e4444', 'Matt', 'Acrylic'], ['70.887', '70.887 US Olive Drab', '#5f5a47', 'Matt', 'Acrylic'], ['70.888', 'Olive Grey - FS34096 - RAL 6006', '#616352', 'Matt', 'Acrylic'], ['70.889', 'USA Olive Drab  - FS34084', '#434947', 'Matt', 'Acrylic'], ['70.890', 'Refractive Green - FS34129- RAL 6003', '#496446', 'Matt', 'Acrylic'], ['70.891', 'Intermediate Green - FS34227', '#7f9170', 'Matt', 'Acrylic'], ['70.892', 'Yellow Olive - FS34083 - RAL 6008', '#616352', 'Matt', 'Acrylic'], ['70.893', 'US Dark Green - FS34079', '#595c4e', 'Matt', 'Acrylic'], ['70.894', 'Russian Green / Cam. Olive Green - FS34083 - RLM 80', '#3b5344', 'Matt', 'Acrylic'], ['70.895', 'Gunship Green - FS34092', '#40685c', 'Matt', 'Acrylic'], ['70.896', 'Ger. Camouflage Extra Dark Green', '#2d4e48', 'Matt', 'Acrylic'], ['70.897', 'Bronze Green - RAL 7022 - RLM 70', '#4a4c47', 'Matt', 'Acrylic'], ['70.898', 'Dark Sea Blue - FS35042 - ANA607', '#3e454d', 'Matt', 'Acrylic'], ['70.899', 'Dark Prussian Blue - FS35048', '#182b3c', 'Matt', 'Acrylic'], ['70.900', 'French Mirage Blue - FS35164', '#5d6977', 'Matt', 'Acrylic'], ['70.901', 'Pastel Blue - FS35190 - RAL 5024', '#6a899d', 'Matt', 'Acrylic'], ['70.902', 'Azure - FS35231', '#707faf', 'Matt', 'Acrylic'], ['70.903', 'Intermediate Blue - FS36176', '#646e7a', 'Matt', 'Acrylic'], ['70.904', 'Dark Blue Grey - FS35189', '#6e8690', 'Matt', 'Acrylic'], ['70.905', 'Blue Grey Pale - FS35237', '#7e878b', 'Matt', 'Acrylic'], ['70.906', 'Pale Blue - FS35352', '#8cb7b0', 'Matt', 'Acrylic'], ['70.907', 'Pale Grey Blue - FS36473', '#9ea8a6', 'Matt', 'Acrylic'], ['70.908', 'Carmine Red', '#b8272e', 'Matt', 'Acrylic'], ['70.909', 'Vermillion - FS31302 - RAL 3020', '#e34234', 'Matt', 'Acrylic'], ['70.910', 'Orange Red', '#e75025', 'Matt', 'Acrylic'], ['70.911', 'Light Orange', '#f58847', 'Matt', 'Acrylic'], ['70.912', 'Tan Yellow - FS33245 - RAL 1011', '#bf9871', 'Matt', 'Acrylic'], ['70.913', 'Yellow Ochre - FS33434', '#a57d4a', 'Matt', 'Acrylic'], ['70.914', 'Green Ochre', '#8c7963', 'Matt', 'Acrylic'], ['70.915', 'Deep Yellow', '#ffe209', 'Matt', 'Acrylic'], ['70.916', 'Sand Yellow - FS33696', '#ddc576', 'Matt', 'Acrylic'], ['70.917', 'Beige', '#daba81', 'Matt', 'Acrylic'], ['70.918', 'Ivory - FS37855 - RAL 9001', '#f4f4de', 'Matt', 'Acrylic'], ['70.919', 'Foundation White / Cold White', '#ffffff', 'Matt', 'Acrylic'], ['70.920', 'German Uniform - FS34158', '#306054', 'Matt', 'Acrylic'], ['70.921', 'English Uniform - FS30145', '#725b31', 'Matt', 'Acrylic'], ['70.922', 'Uniform Green', '#475732', 'Matt', 'Acrylic'], ['70.923', 'Japanese Uniform WWII', '#977943', 'Matt', 'Acrylic'], ['70.924', 'Russian Uniform WWII - FS34127 - RLM 83', '#6f6d4b', 'Matt', 'Acrylic'], ['70.925', 'Blue', '#0e3261', 'Matt', 'Acrylic'], ['70.926', 'Red - FS30160', '#912930', 'Matt', 'Acrylic'], ['70.927', 'Dark Flesh', '#d29866', 'Matt', 'Acrylic'], ['70.928', 'Light Flesh - FS31670', '#f7e5c6', 'Matt', 'Acrylic'], ['70.929', 'Light Brown', '#a06950', 'Matt', 'Acrylic'], ['70.930', 'Dark Blue - FS35095', '#0c517f', 'Matt', 'Acrylic'], ['70.934', 'Transparent Red', '#b42e3e', 'Matt', 'Acrylic'], ['70.935', 'Transparent Orange', '#f36c25', 'Matt', 'Acrylic'], ['70.936', 'Transparent Green', '#008556', 'Matt', 'Acrylic'], ['70.937', 'Transparent Yellow - FS38907', '#f4e27e', 'Matt', 'Acrylic'], ['70.938', 'Transparent Blue', '#767c8c', 'Matt', 'Acrylic'], ['70.939', 'Smoke', '#3f3e39', 'Matt', 'Acrylic'], ['70.940', 'Saddle Brown - FS30111', '#4c2a21', 'Matt', 'Acrylic'], ['70.941', 'Burnt Umber - FS30097', '#655348', 'Matt', 'Acrylic'], ['70.942', 'Light Green - FS34230', '#599d5a', 'Matt', 'Acrylic'], ['70.943', 'Grey Blue - FS35177', '#7186a3', 'Matt', 'Acrylic'], ['70.944', 'Old Rose', '#d97d7b', 'Matt', 'Acrylic'], ['70.945', 'Magenta - RAL 4006', '#c5242c', 'Matt', 'Acrylic'], ['70.946', 'Dark Red', '#8b4756', 'Matt', 'Acrylic'], ['70.947', 'Dark Vermillion - FS31350 - RAL 3000', '#b23f42', 'Matt', 'Acrylic'], ['70.948', 'Golden Yellow', '#ffb35d', 'Matt', 'Acrylic'], ['70.949', 'Light Yellow', '#fded64', 'Matt', 'Acrylic'], ['70.950', 'Black  - FS37038 - RAL9005 - RLM22', '#424243', 'Matt', 'Acrylic'], ['70.951', 'White - FS37925 - RAL9016 - RLM21', '#ffffff', 'Matt', 'Acrylic'], ['70.952', 'Lemon Yellow - RAL 1018', '#faf264', 'Matt', 'Acrylic'], ['70.953', 'Flat Yellow - RLM4', '#fcb543', 'Matt', 'Acrylic'], ['70.954', 'Yellow Green', '#bed264', 'Matt', 'Acrylic'], ['70.955', 'Flat Flesh - FS32516', '#d9a87a', 'Matt', 'Acrylic'], ['70.956', 'Clear Orange - FS32246', '#f0542b', 'Matt', 'Acrylic'], ['70.957', 'Flat Red - FS31136 - ANA619', '#a12c3b', 'Matt', 'Acrylic'], ['70.958', 'Pink', '#c57ab3', 'Matt', 'Acrylic'], ['70.959', 'Purple - FS37142', '#735989', 'Matt', 'Acrylic'], ['70.960', 'Violet', '#4e4478', 'Matt', 'Acrylic'], ['70.961', 'Sky Blue - FS35466', '#9cd8f7', 'Matt', 'Acrylic'], ['70.962', 'Flat Blue - FS35180', '#3b4d77', 'Matt', 'Acrylic'], ['70.963', 'Medium Blue - RAL 5019 - RLM 24', '#2280b2', 'Matt', 'Acrylic'], ['70.964', 'Field Blue', '#466870', 'Matt', 'Acrylic'], ['70.965', 'Prussian Blue - FS35052 - RAL 5000', '#455f80', 'Matt', 'Acrylic'], ['70.966', 'Turquoise', '#357082', 'Matt', 'Acrylic'], ['70.967', 'Olive Green', '#5d7050', 'Matt', 'Acrylic'], ['70.968', 'Flat Green - FS34128', '#727526', 'Matt', 'Acrylic'], ['70.969', 'Park Green Flat', '#148269', 'Matt', 'Acrylic'], ['70.970', 'Deep Green - FS34090', '#326956', 'Matt', 'Acrylic'], ['70.971', 'Green Grey - FS36595', '#93a79c', 'Matt', 'Acrylic'], ['70.972', 'Light Green Blue - RLM78', '#82beba', 'Matt', 'Acrylic'], ['70.973', 'Light Sea Grey - FS36480', '#9cafb6', 'Matt', 'Acrylic'], ['70.974', 'Green Sky - FS34373', '#859f84', 'Matt', 'Acrylic'], ['70.975', 'Military Green - FS34094', '#3e5749', 'Matt', 'Acrylic'], ['70.976', 'Buff', '#d6c1a1', 'Matt', 'Acrylic'], ['70.977', 'Desert Yellow - FS30257', '#927748', 'Matt', 'Acrylic'], ['70.978', 'Dark Yellow - FS33440 - RAL 7028', '#8f8457', 'Matt', 'Acrylic'], ['70.979', 'German Camouflage Dark Green - FS34052 - RAL 6007', '#25221b', 'Matt', 'Acrylic'], ['70.980', 'Black Green', '#19453f', 'Matt', 'Acrylic'], ['70.981', 'Orange Brown - FS30252 - RAL 8023', '#b56d42', 'Matt', 'Acrylic'], ['70.982', 'Cavalry Brown - FS30109', '#5e3a3c', 'Matt', 'Acrylic'], ['70.983', 'Flat Earth - FS30145', '#6c5641', 'Matt', 'Acrylic'], ['70.984', 'Flat Brown - FS30108 - RAL 8011', '#734741', 'Matt', 'Acrylic'], ['70.985', 'Hull Red - FS30059 - RAL 8017', '#502623', 'Matt', 'Acrylic'], ['70.986', 'Deck Tan - FS36440', '#a9b2a2', 'Matt', 'Acrylic'], ['70.987', 'Medium Grey - FS36306', '#968980', 'Matt', 'Acrylic'], ['70.988', 'Khaki - FS30277', '#a6977d', 'Matt', 'Acrylic'], ['70.989', 'Sky Grey - FS36463', '#9aa0a0', 'Matt', 'Acrylic'], ['70.990', 'Light Grey - FS36375 - RAL 7001', '#abb0b8', 'Matt', 'Acrylic'], ['70.991', 'Dark Sea Grey - FS36231', '#888b8d', 'Matt', 'Acrylic'], ['70.992', 'Neutral Grey - FS36173', '#637579', 'Matt', 'Acrylic'], ['70.993', 'White Grey', '#cbcdc6', 'Matt', 'Acrylic'], ['70.994', 'Dark Grey - FS36076', '#2c3f3d', 'Matt', 'Acrylic'], ['70.995', 'German Grey - FS35044 - RAL 7016', '#252b2b', 'Matt', 'Acrylic'], ['70.996', 'Gold', '#c7aa5a', 'Metallic', 'Acrylic'], ['70.997', 'Silver', '#c2cece', 'Metallic', 'Acrylic'], ['70.998', 'Bronze', '#534f3d', 'Metallic', 'Acrylic'], ['70.999', 'Copper', '#955e40', 'Metallic', 'Acrylic'], ['73.001', 'Basic Rust', '#8f453c', 'Matt', 'Acrylic'], ['73.002', 'Grease and Oil', '#000000', 'Matt', 'Acrylic'], ['73.003', 'Steel', '#737872', 'Matt', 'Acrylic'], ['73.004', 'Basic Brown', '#4c4638', 'Matt', 'Acrylic'], ['73.005', 'Dirt', '#997663', 'Matt', 'Acrylic'], ['73.006', 'Chalk White', '#d8d9d1', 'Matt', 'Acrylic'], ['73.007', 'Basic Red', '#b52c34', 'Matt', 'Acrylic'], ['73.009', 'Matt Varnish', '#ffffff', 'Varnish', 'Acrylic'], ['049', 'Oxford Blue', '#fff', 'Matt', 'Acrylic'], ['70.153', 'British Paint Set', '#496446', None, None], ['70.154', 'German Infantry Paint Set', '#445147', None, None], ['70.155', 'German Armour Paint Set', '#f4f4de', None, None], ['70.158', 'German SS Paint Set', '#548744', None, None], ['70.159', 'Soviet Paint Set', '#445147', None, None], ['70.160', 'US Infantry Paint Set', '#645b4a', None, None], ['70.202', 'WWII Soviet Armour & Infantry', '#496446', None, None], ['70.203', 'WWII American Armour & Infantry', '#595c4e', None, None], ['70.204', 'WWII British Armour & Infantry', '#6f6d4b', None, None], ['70.205', 'WWII German Armour', '#496446', None, None], ['70.206', 'WWII German Infantry', '#445147', None, None], ['70.207', 'WWII German Waffen SS', '#548744', None, None], ['70.208', 'WWII Desert British & German Armour & Infantry', '#7c7b66', None, None], ['70.209', 'WWII Italian Armour & Infantry', '#616352', None, None], ['70.223', 'WWIII NATO Armour & Infantry', '#496446', None, None], ['70.103', 'Wargames Basics', '#ffffff', None, None], ['70.104', 'High Elves', '#ffffff', None, None], ['70.105', 'Orcs and Goblins', '#fded64', None, None], ['70.106', 'Non Death Chaos', '#f4f4de', None, None], ['70.108', 'Panzer Colors', '#ddc576', None, None], ['70.118', 'Metallic Colors', '#c7aa5a', None, None], ['70.119', 'Face Painting', '#653536', None, None], ['70.124', 'Face & Skin Tones', '#d9a87a', None, None], ['70.136', 'Transparent Colors', '#453a34', None, None], ['70.137', 'Building Colors', '#968980', None, None], ['70.138', 'Demag Africa Corps', '#40685c', None, None], ['70.139', 'Demag Russia 1942', '#ffffff', None, None], ['70.151', 'Black & White', '#ffffff', None, None], ['70.156', 'Infantry Basic Paint Set', '#ffffff', None, None], ['70.157', 'Vehicle Basic Paint Set', '#8f6c36', None, None], ['70.163', 'British Infantry Napoleonic Wars', '#f2f1e7', None, None], ['70.164', 'French Infantry Napoleonic Wars', '#f2f1e7', None, None], ['70.180', 'Waffen-SS Camouflage', '#efad6e', None, None], ['70.181', 'German Field Grey', '#efad6e', None, None], ['70.182', 'Wood & Leather', '#977943', None, None], ['70.183', 'Rust, Stain & Streaking', '#b56d42', None, None], ['70.183', 'Rust, Stain & Streaking', '#b56d42', None, None], ['70.185', 'German Fallschirmjager Early WWII', '#efad6e', None, None], ['70.186', 'WWII US Tank Crew', '#efad6e', None, None], ['70.187', 'Hellboy', '#efad6e', None, None], ['70.201', 'Utility Paint Set WWII & WWIII', '#d9a87a', None, None], ['70.220', 'WWIII American Armour & Infantry', '#496446', None, None], ['70.221', 'WWIII Soviet Armour & Infantry', '#707faf', None, None], ['70.222', 'WWIII British Armour & Infantry', '#ddc576', None, None], ['70.224', 'WWIII East German Armour & Infantry', '#8cb7b0', None, None], ['70.231', 'Panoceania', '#ffffff', None, None], ['70.233', 'Nomads', '#f4f4de', None, None], ['73.099', 'Weathering a Steam Locomotive', '#8f453c', None, None], ['70.101', 'Folkstone Basics', '#ffffff', None, None], ['70.102', 'Folkstone Specialst', '#ffffff', None, None], ['70.107', 'German Colors WWII', '#ffffff', None, None], ['70.109', 'Allied Forces WWII', '#ffffff', None, None], ['70.110', 'Napoleonic Colors', '#ffffff', None, None], ['70.111', 'American Civil War', '#ffffff', None, None], ['70.112', 'Wargame Special', '#ffffff', None, None], ['70.114', 'German Cam. WWII', '#f4a288', None, None], ['70.125', 'Face & Skin Tones', '#ffffff', None, None], ['70.140', 'Basic Colors USA', '#ffffff', None, None], ['70.141', 'Earth Tones', '#f2f1e7', None, None], ['70.142', 'Medieval Colors', '#ffffff', None, None], ['70.143', 'Roman Empire', '#ffffff', None, None], ['70.144', 'Equestrian Colors', '#ffffff', None, None], ['70.145', 'Native American', '#ffffff', None, None], ['70.146', 'Naval (Steam Era)', '#f2f1e7', None, None], ['70.147', 'American Colonial', '#f2f1e7', None, None], ['70.148', 'American Revolution', '#ffffff', None, None], ['70.179', 'Panzer Aces Camouflage Colors', '#d9a87a', None, None], ['VAL70.173', 'Military Colors', '#d5c79e', None, None], ['70.150', 'Rust and Steel', '#f0542b', None, None], ['72.220', 'Winter Weathering Set', '#ffffff', None, None]], 'Vallejo Model Wash': [['73.200', 'Sepia Shade', '#fff', 'Gloss', 'Acrylic'], ['73.201', 'Black Shade', '#fff', 'Gloss', 'Acrylic'], ['73.202', 'Pale Grey', '#fff', 'Gloss', 'Acrylic'], ['73.203', 'Umber Shade', '#fff', 'Gloss', 'Acrylic'], ['73.204', 'Fleshtone Shade', '#fff', 'Gloss', 'Acrylic'], ['73.205', 'Green Shade', '#fff', 'Gloss', 'Acrylic'], ['73.206', 'Red Shade', '#fff', 'Gloss', 'Acrylic'], ['73.207', 'Blue Shade', '#fff', 'Gloss', 'Acrylic'], ['74.505', 'Light Rust', '#fff', 'Matt', 'Acrylic'], ['74.517', 'Dark Grey', '#333228', 'Matt', 'Acrylic'], ['76.501', 'White', '#ffffff', 'Matt', 'Acrylic'], ['76.503', 'Dark  Yellow', '#dcb007', 'Matt', 'Acrylic'], ['76.505', 'Light Rust', '#f07d2a', 'Matt', 'Acrylic'], ['76.506', 'Rust', '#cb4e18', 'Matt', 'Acrylic'], ['76.507', 'Dark Rust', '#e76020', 'Matt', 'Acrylic'], ['76.512', 'Dark Green', '#827b23', 'Matt', 'Acrylic'], ['76.513', 'Brown', '#8e4b21', 'Matt', 'Acrylic'], ['76.514', 'Dark Brown', '#aa816b', 'Matt', 'Acrylic'], ['76.515', 'Light Grey', '#bfbfbf', 'Matt', 'Acrylic'], ['76.516', 'Grey', '#676769', 'Matt', 'Acrylic'], ['76.517', 'Dark Grey', '#363427', 'Matt', 'Acrylic'], ['76.518', 'Black', '#231f20', 'Matt', 'Acrylic'], ['76.519', 'Olive Green', '#002f1b', 'Matt', 'Acrylic'], ['76.520', 'Dark khaki Green', '#805e38', 'Matt', 'Acrylic'], ['76.521', 'Oiled Earth', '#6b5548', 'Matt', 'Acrylic'], ['76.522', 'Desert Dust', '#d4c59e', 'Matt', 'Acrylic'], ['76.523', 'European Dust', '#7b5330', 'Matt', 'Acrylic'], ['76.524', 'Blue Grey', '#466f8d', 'Matt', 'Acrylic'], ['73813', 'Engine Oil Stains', '#fff', None, 'Acrylic'], ['VAL73998', 'Wash set', '##fff', None, None]], 'Vallejo Panzer Aces': [['70.301', 'Light Rust', '#81421f', 'Matt', 'Acrylic'], ['70.302', 'Dark Rust', '#484242', 'Matt', 'Acrylic'], ['70.303', 'Yellowish Rust', '#f06d0d', 'Matt', 'Acrylic'], ['70.304', 'Track Primer', '#343627', 'Matt', 'Acrylic'], ['70.305', 'Light Rubber', '#7a7b7a', 'Matt', 'Acrylic'], ['70.306', 'Dark Rubber', '#505153', 'Matt', 'Acrylic'], ['70.307', 'Red Tail Light German', '#4e3227', 'Matt', 'Acrylic'], ['70.308', 'Green Tail Light German', '#00311e', 'Matt', 'Acrylic'], ['70.309', 'Periscopes', '#3b4d5b', 'Matt', 'Acrylic'], ['70.310', 'Old Wood', '#857218', 'Matt', 'Acrylic'], ['70.311', 'New Wood', '#896545', 'Matt', 'Acrylic'], ['70.312', 'Leather Belt', '#663c34', 'Matt', 'Acrylic'], ['70.313', 'Stencil', '#f0ece4', 'Matt', 'Acrylic'], ['70.314', 'Canvas', '#625831', 'Matt', 'Acrylic'], ['70.315', 'Light Mud', '#c8a86a', 'Matt', 'Acrylic'], ['70.316', 'Dark Mud', '#685f4e', 'Matt', 'Acrylic'], ['70.317', 'British Tank Crew', '#756e54', 'Matt', 'Acrylic'], ['70.318', 'US Army Tank Crew', '#79684e', 'Matt', 'Acrylic'], ['70.319', 'USMC Tank Crew', '#1d573e', 'Matt', 'Acrylic'], ['70.320', 'French Tank Crew', '#756e54', 'Matt', 'Acrylic'], ['70.321', 'Highlights British Tank Crew', '#eac284', 'Matt', 'Acrylic'], ['70.322', 'Highlights US Tank Crew', '#aa9a81', 'Matt', 'Acrylic'], ['70.323', 'Highlights USMC Tank Crew', '#a3b3a6', 'Matt', 'Acrylic'], ['70.324', 'Highlights French Tank Crew', '#897a75', 'Matt', 'Acrylic'], ['70.325', 'Russian Tank Crew I', '#4b5d6b', 'Matt', 'Acrylic'], ['70.326', 'Russian Tank Crew II', '#68604b', 'Matt', 'Acrylic'], ['70.327', 'Italian Tank Crew', '#4b471a', 'Matt', 'Acrylic'], ['70.328', 'Japanese Tank Crew', '#5c5632', 'Matt', 'Acrylic'], ['70.329', 'Highlight Russian Tank Crew I', '#9baca6', 'Matt', 'Acrylic'], ['70.330', 'Highlight Russian Tank Crew II', '#70793a', 'Matt', 'Acrylic'], ['70.331', 'Highlights Italian Tank Crew', '#9eb28f', 'Matt', 'Acrylic'], ['70.332', 'Highlights Japanese Tank Crew', '#aba38e', 'Matt', 'Acrylic'], ['70.333', 'German Tank Crew (Black)', '#404646', 'Matt', 'Acrylic'], ['70.334', 'German Tank Crew I (Feldgrau)', '#003f2c', 'Matt', 'Acrylic'], ['70.335', 'German Tank Crew II (Feldgrau)', '#473d24', 'Matt', 'Acrylic'], ['70.336', 'Afrika Korps Tank Crew', '#7e7d6c', 'Matt', 'Acrylic'], ['70.337', 'Highlights German (Black)', '#3f291c', 'Matt', 'Acrylic'], ['70.338', 'Highlight German I (Feldgrau)', '#59776f', 'Matt', 'Acrylic'], ['70.339', 'Highlight German II (Feldgrau)', '#96785c', 'Matt', 'Acrylic'], ['70.340', 'Highlights Afrika Korps', '#aa9d73', 'Matt', 'Acrylic'], ['70.341', 'Flesh Base', '#a4531e', 'Matt', 'Acrylic'], ['70.342', 'Highlights Flesh', '#fad3aa', 'Matt', 'Acrylic'], ['70.343', 'Shadows Flesh', '#571715', 'Matt', 'Acrylic'], ['70.344', 'White (German Winter Tank Crew)', '#e0e0d8', 'Matt', 'Acrylic'], ['70.345', 'Splinter Camouflage Base', '#9d9e98', 'Matt', 'Acrylic'], ['70.346', 'Splinter Blotches I', '#01613b', 'Matt', 'Acrylic'], ['70.347', 'Splinter Blotches II', '#3f2c28', 'Matt', 'Acrylic'], ['70.348', 'Splinter Strips', '#4f684b', 'Matt', 'Acrylic'], ['70.122', 'Panzer Aces Set #1 - Rust, Tracks, Rubber.', '#81421f', None, None], ['70.123', 'Panzer Aces Set #2 - Wood, Leather, Stencil, Canvas & Mud', '#c8a86a', None, None], ['70.126', 'Panzer Aces Set #3 - Allied Tank Crew Uniforms', '#756e54', None, None], ['70.127', 'Panzer Aces Set #4 - Russian, Italian & Japanese Tank Crew', '#9baca6', None, None], ['70.128', 'Panzer Aces Set #5 - German Tank Crew Uniforms', '#473d24', None, None], ['70.129', 'Panzer Aces Set #6 - Skin Tones, White & Splinter Camouflage', '#4f684b', None, None], ['70.179', 'Panzer Aces Camouflage Colors', '#d9a87a', None, None]], 'Vallejo Pigments': [['26.233', 'Pigment Binder', None, 'Matt', 'Acrylic'], ['26.232', 'Grey Sand', '#fff', 'Matt', None], ['73.101', 'Titanium White', '#f5f5f5', 'Matt', None], ['73.102', 'Light Yellow Ochre', '#bd9071', 'Matt', None], ['73.103', 'Dark Yellow Ochre', '#b6955f', 'Matt', None], ['73.104', 'Light Sienna', '#9e9d81', 'Matt', None], ['73.105', 'Natural Siena', '#af6e44', 'Matt', None], ['73.106', 'Burnt Siena', '#9b553b', 'Matt', None], ['73.107', 'Dark Red Ochre', '#a84e2b', 'Matt', None], ['73.108', 'Brown Iron Oxide', '#7a3937', 'Matt', None], ['73.109', 'Natural Umber', '#8e7755', 'Matt', None], ['73.110', 'Burnt Umber', '#6c5044', 'Matt', None], ['73.111', 'Green Earth', '#9f966f', 'Matt', None], ['73.112', 'Chrome Oxide Green', '#659376', 'Matt', None], ['73.113', 'Light Slate Grey', '#bcbbb9', 'Matt', None], ['73.114', 'Dark Slate Grey', '#515757', 'Matt', None], ['73.115', 'Natural Iron Oxide', '#4b4c4e', 'Matt', None], ['73.116', 'Carbon Black', '#444446', 'Matt', None], ['73.117', 'Rust', '#cf865b', 'Matt', None], ['73.118', 'Fresh Rust', '#e3a888', 'Matt', None], ['73.119', 'European Earth', '#af806c', 'Matt', None], ['73.120', 'Old Rust', '#b6794d', 'Matt', None], ['73.121', 'Desert Dust', '#ede8d5', 'Matt', None], ['73.122', 'Faded Olive Green', '#a8a77b', 'Matt', None], ['73.123', 'Dark Steel', '#3e4c4f', 'Matt', None], ['73.190', 'Dust & Dirt', '#6c5044', None, None], ['73.191', 'Mud & Sand', '#fff', None, None], ['73.192', 'Stone & Cement', '#af6e44', None, None], ['73.193', 'Soot & Ashes', '#bcbbb9', None, None], ['73.194', 'Rust & Corrosion', '#7a3937', None, None]], 'Vallejo Premium Airbrush Colors': [['62.001', 'White', '#fff', 'Matt', 'Acrylic'], ['62.002', 'Flesh Tone', '#fff', 'Matt', 'Acrylic'], ['62.003', 'Basic Yellow', '#fff', 'Matt', 'Acrylic'], ['62.004', 'Orange', '#fff', 'Matt', 'Acrylic'], ['62.005', 'Bright Red', '#fff', 'Matt', 'Acrylic'], ['62.006', 'Carmine', '#fff', 'Matt', 'Acrylic'], ['62.007', 'Magenta', '#fff', 'Matt', 'Acrylic'], ['62.008', 'Violet', '#fff', 'Matt', 'Acrylic'], ['62.009', 'Cobalt Blue', '#fff', 'Matt', 'Acrylic'], ['62.010', 'Basic Blue', '#fff', 'Matt', 'Acrylic'], ['62.011', 'Dark Blue', '#fff', 'Matt', 'Acrylic'], ['62.012', 'Blue Green', '#fff', 'Matt', 'Acrylic'], ['62.013', 'Basic Green', '#fff', 'Matt', 'Acrylic'], ['62.014', 'Dark Green', '#003a1c', 'Matt', 'Acrylic'], ['62.015', 'Yellow Ochre', '#fff', 'Matt', 'Acrylic'], ['62.016', 'Dark Ochre', '#fff', 'Matt', 'Acrylic'], ['62.017', 'Raw Sienna', '#fff', 'Matt', 'Acrylic'], ['62.018', 'Sepia', '#fff', 'Matt', 'Acrylic'], ['62.019', 'Grey', '#fff', 'Matt', 'Acrylic'], ['62.020', 'Black', '#fff', 'Matt', 'Acrylic'], ['62.031', 'Fluorescent Yellow', '#fff', 'Fluo', 'Acrylic'], ['62.032', 'Fluorescent Golden Yellow', '#fff', 'Fluo', 'Acrylic'], ['62.033', 'Fluorescent Orange', '#fff', 'Fluo', 'Acrylic'], ['62.034', 'Fluorescent Scarlet', '#fff', 'Fluo', 'Acrylic'], ['62.035', 'Fluorescent Rose', '#fff', 'Fluo', 'Acrylic'], ['62.036', 'Fluorescent Magenta', '#fff', 'Fluo', 'Acrylic'], ['62.037', 'Fluorescent Violet', '#fff', 'Fluo', 'Acrylic'], ['62.038', 'Fluorescent Blue', '#fff', 'Fluo', 'Acrylic'], ['62.039', 'Fluorescent Green', '#fff', 'Fluo', 'Acrylic'], ['62.040', 'Phosphorescent', '#fff', 'Fluo', 'Acrylic'], ['62.041', 'Metallic Medium', '#fff', 'Metallic', 'Acrylic'], ['62.042', 'Metallic Yellow', '#fff', 'Metallic', 'Acrylic'], ['62.043', 'Metallic Orange', '#fff', 'Metallic', 'Acrylic'], ['62.044', 'Metallic Red', '#b32727', 'Metallic', 'Acrylic'], ['62.045', 'Metallic Violet', '#fff', 'Metallic', 'Acrylic'], ['62.046', 'Metallic Blue', '#fff', 'Metallic', 'Acrylic'], ['62.047', 'Metallic Green', '#fff', 'Metallic', 'Acrylic'], ['62.048', 'Silver', '#fff', 'Metallic', 'Acrylic'], ['62.049', 'Gold', '#fff', 'Metallic', 'Acrylic'], ['62.050', 'Copper', '#fff', 'Metallic', 'Acrylic'], ['62.051', 'Steel', '#fff', 'Metallic', 'Acrylic'], ['62.052', 'Gunmetal', '#fff', 'Metallic', 'Acrylic'], ['62.053', 'Metallic Black', '#fff', 'Metallic', 'Acrylic'], ['62.061', 'White Primer', '#ffffff', 'Matt', 'Acrylic'], ['62.062', 'Matt Varnish', '#fff', 'Varnish', 'Acrylic'], ['62.063', 'Satin Varnish', '#fff', 'Varnish', 'Acrylic'], ['62.064', 'Gloss Varnish', '#fff', 'Varnish', 'Acrylic'], ['62.066', 'Vallejo Premium Reducer', '#fff', None, 'Acrylic'], ['62.071', 'Candy Yellow', '#fff', 'Matt', 'Acrylic'], ['62.072', 'Candy Dark Yellow', '#fff', 'Matt', 'Acrylic'], ['62.073', 'Candy Orange', '#fff', 'Matt', 'Acrylic'], ['62.074', 'Candy Red', '#fff', 'Matt', 'Acrylic'], ['62.075', 'Candy Magenta', '#fff', 'Matt', 'Acrylic'], ['62.076', 'Candy Racing Blue', '#fff', 'Matt', 'Acrylic'], ['62.077', 'Candy Racing Green', '#fff', 'Matt', 'Acrylic'], ['62.078', 'Candy Brown', '#fff', 'Matt', 'Acrylic'], ['62.079', 'Candy Black', '#fff', 'Matt', 'Acrylic'], ['63.062', 'Matt Varnish', '#fff', 'Varnish', 'Acrylic'], ['63.064', 'Gloss Varnish', '#fff', 'Varnish', 'Acrylic'], ['63.066', 'Reducer', '#ffffff', None, 'Acrylic'], ['62.101', 'Opaque Basics', '#fff', None, None], ['62.102', 'Fluorescent Colors', '#fff', None, None], ['62.103', 'Metallic Colors', '#fff', None, None], ['62.104', 'Candy Colors', '#fff', None, None]], 'Vallejo Surface Primer': [['70.600', 'White', '#ffffff', 'Matt', 'Acrylic'], ['70.601', 'Grey', '#6e6e6e', 'Matt', 'Acrylic'], ['70.602', 'Black', '#000000', 'Matt', 'Acrylic'], ['70.603', 'German Panzer Grey - RAL 7021', '#393b3d', 'Matt', 'Acrylic'], ['70.604', 'German Dark Yellow - RAL 7028', '#9f9059', 'Matt', 'Acrylic'], ['70.605', 'German Red Brown - RAL 8012', '#611c26', 'Matt', 'Acrylic'], ['70.606', 'German Green Brown - RAL 8000', '#8b714d', 'Matt', 'Acrylic'], ['70.607', 'U.K. Bronze Green', '#404928', 'Matt', 'Acrylic'], ['70.608', 'USA Olive Drab - FS34087', '#5b571b', 'Matt', 'Acrylic'], ['70.609', 'Russian Green 4BO', '#51653f', 'Matt', 'Acrylic'], ['70.610', 'IJA Kare-Kusa-Iro Parched Grass (Late)', '#79694f', 'Matt', 'Acrylic'], ['70.611', 'IJA Tsuchi-Kusa-Iro Earth Green (Early)', '#6a5b32', 'Matt', 'Acrylic'], ['70.612', 'NATO Green - FS34094', '#37422f', 'Matt', 'Acrylic'], ['70.612', 'Primer NATO Green', '#4b5645', 'Matt', 'Acrylic'], ['70.613', 'Desert Tan', '#f0d6b1', 'Matt', 'Acrylic'], ['70.613', 'Primer Desert tan', '#d9c397', 'Matt', 'Acrylic'], ['70.614', 'IDF Israeli Sand Grey (61-73)', '#887c70', 'Matt', 'Acrylic'], ['70.615', 'USN Light Ghost Gray - FS36375', '#9ca4aa', 'Matt', 'Acrylic'], ['70.615', 'USN Light Ghost Gray - FS36375', '#9ca4aa', 'Matt', 'Acrylic'], ['70.624', 'Pure Red Primer', '#c3322d', 'Matt', 'Acrylic'], ['70.625', 'Ultramarine', '#55649f', 'Matt', 'Acrylic'], ['70.626', 'Leather Brown', '#7b5f51', 'Matt', 'Acrylic'], ['70.627', 'Skeleton Bone', '#baa789', 'Matt', 'Acrylic'], ['70.628', 'Plate Mail Metal', '#98999e', 'Matt', 'Acrylic'], ['73.600', 'White', '#ffffff', 'Matt', 'Acrylic'], ['73.601', 'Grey', '#c0c0c2', 'Matt', 'Acrylic'], ['73.602', 'Black', '#000000', 'Matt', 'Acrylic'], ['73.603', 'German Panzer Grey - RAL 7021 (Primer)', '#393b3d', 'Matt', 'Acrylic'], ['73.604', 'German Dark Yellow - RAL 7028', '#9f9059', 'Matt', 'Acrylic'], ['73.605', 'German Red Brown - RAL 8012', '#611c26', 'Matt', 'Acrylic'], ['73.606', 'German Green Brown - RAL 8000', '#8b714d', 'Matt', 'Acrylic'], ['73.607', 'U.K. Bronze Green', '#404928', 'Matt', 'Acrylic'], ['73.608', 'USA Olive Drab - FS34087', '#5b571b', 'Matt', 'Acrylic'], ['73.609', 'Russian Green 4BO', '#51653f', 'Matt', 'Acrylic'], ['73.610', 'IJA Kare-Kusa-Iro Parched Grass (Late)', '#79694f', 'Matt', 'Acrylic'], ['73.611', 'IJA Tsuchi-Kusa-Iro Earth Green (Early)', '#6a5b32', 'Matt', 'Acrylic'], ['73.612', 'NATO Green - FS34094', '#37422f', 'Matt', 'Acrylic'], ['73.613', 'Desert Tan', '#f0d6b1', 'Matt', 'Acrylic'], ['73.614', 'IDF Israeli Sand Grey (61-73)', '#887c70', 'Matt', 'Acrylic'], ['73.615', 'USN Light Ghost Grey - FS36375', '#9ca4aa', 'Matt', 'Acrylic'], ['73.660', 'Gloss Black', '#000000', 'Gloss', 'Acrylic'], ['74.600', 'White', '#ffffff', 'Matt', 'Acrylic'], ['74.601', 'Grey', '#6e6e6e', 'Matt', 'Acrylic'], ['74.602', 'Primer - Black', '#000000', 'Satin', 'Acrylic'], ['74.602', 'Black', '#000000', 'Matt', 'Acrylic'], ['74.603', 'German Panzer Gray - RAL 7021', '#46484a', 'Matt', 'Acrylic'], ['74.604', 'German Dark Yellow - RAL 7028', '#9f9059', 'Matt', 'Acrylic'], ['74.605', 'German Red Brown - Rotbraun RAL 8012', '#66332b', 'Matt', 'Acrylic'], ['74.606', 'German Green Brown - RAL 8000', '#8b714d', 'Matt', 'Acrylic'], ['74.607', 'U.K. Bronze Green', '#404928', 'Matt', 'Acrylic'], ['74.608', 'USA Olive Drab - FS34087', '#5b571b', 'Matt', 'Acrylic'], ['74.609', 'Russian Green 4BO', '#3b482c', 'Matt', 'Acrylic'], ['74.610', 'Parched Grass (Late)', '#79694f', 'Matt', 'Acrylic'], ['74.611', 'Earth Green (Early)', '#6a5b32', 'Matt', 'Acrylic'], ['74.612', 'NATO Green - FS34094', '#37422f', 'Matt', 'Acrylic'], ['74.613', 'Desert Tan', '#f0d6b1', 'Matt', 'Acrylic'], ['74.614', 'IDF Israeli Sand Grey (61-73)', '#887c70', 'Matt', 'Acrylic'], ['74.615', 'USN Light Ghost Grey - FS36375', '#9ca4aa', 'Matt', 'Acrylic'], ['74.642', 'Black', '#000000', 'Satin', 'Acrylic'], ['74.660', 'Gloss Black', '#000000', 'Gloss', 'Acrylic']], 'Vallejo Weathering Effects': [['26231', 'Vallejo Foam & Snow', None, 'Matt', 'Acrylic'], ['73.801', 'European Splash Mud', None, 'Matt', 'Acrylic'], ['73.802', 'Russian Splash Mud', None, 'Gloss', 'Acrylic'], ['73.803', 'Industrial Splash Mud', None, 'Gloss', 'Acrylic'], ['73.804', 'Light Brown Splash Mud', None, 'Matt', 'Acrylic'], ['73.805', 'Brown Splash Mud', None, 'Gloss', 'Acrylic'], ['73.806', 'Black Splash Mud', None, 'Matt', 'Acrylic'], ['73.807', 'European Thick Mud', None, 'Matt', 'Acrylic'], ['73.808', 'Russian Thick Mud', None, 'Matt', 'Acrylic'], ['73.809', 'Industrial Thick Mud', None, 'Matt', 'Acrylic'], ['73.810', 'Light Brown Thick Mud', None, 'Matt', 'Acrylic'], ['73.811', 'Brown Thick Mud', None, 'Matt', 'Acrylic'], ['73.812', 'Black Thick Mud', None, 'Matt', 'Acrylic'], ['73.813', 'Oil Stains', None, 'Gloss', 'Acrylic'], ['73.814', 'Fuel Stains', None, 'Gloss', 'Acrylic'], ['73.815', 'Engine Grime', None, 'Gloss', 'Acrylic'], ['73.816', 'Diesel Stains', None, 'Gloss', 'Acrylic'], ['73.817', 'Petrol Spills', None, 'Gloss', 'Acrylic'], ['73.818', 'Engine Soot', None, 'Gloss', 'Acrylic'], ['73.819', 'Rain Marks', None, 'Gloss', 'Acrylic'], ['73.820', 'Snow', None, 'Gloss', 'Acrylic'], ['73.821', 'Rust Texture', None, 'Gloss', 'Acrylic'], ['73.822', 'Slimy Grime Dark', None, 'Gloss', 'Acrylic'], ['73.823', 'Slimy Grime Light', None, 'Gloss', 'Acrylic'], ['73.824', 'Streaking Grime', None, 'Gloss', 'Acrylic'], ['73.825', 'Crushed Grass', None, 'Matt', 'Acrylic'], ['73.826', 'Mud and Grass Effects', None, 'Matt', 'Acrylic'], ['73.827', 'Moss and Lichen Effects', None, 'Matt', 'Acrylic'], ['73.828', 'Wet Effects', None, 'Matt', 'Acrylic']], 'Vallejo Xpress Color': [['72.401', 'Templar White', '#fff', 'Matt', 'Acrylic'], ['72.402', 'Dwarf Skin', '#fff', 'Matt', 'Acrylic'], ['72.403', 'Imperial Yellow', '#fff', 'Matt', 'Acrylic'], ['72.404', 'Nuclear Yellow', '#fff', 'Matt', 'Acrylic'], ['72.405', 'Martian Orange', '#fff', 'Matt', 'Acrylic'], ['72.406', 'Plasma Red', '#fff', 'Matt', 'Acrylic'], ['72.407', 'Velvet Red', '#fff', 'Matt', 'Acrylic'], ['72.408', 'Cardinal Purple', '#fff', 'Matt', 'Acrylic'], ['72.409', 'Deep Purple', '#fff', 'Matt', 'Acrylic'], ['72.410', 'Gloomy Violet', '#fff', 'Matt', 'Acrylic'], ['72.411', 'Mystic Blue', '#fff', 'Matt', 'Acrylic'], ['72.412', 'Storm Blue', '#fff', 'Matt', 'Acrylic'], ['72.413', 'Omega Blue', '#fff', 'Matt', 'Acrylic'], ['72.414', 'Caribbean Turquoise', '#fff', 'Matt', 'Acrylic'], ['72.415', 'Orc Skin', '#fff', 'Matt', 'Acrylic'], ['72.416', 'Troll Green', '#fff', 'Matt', 'Acrylic'], ['72.417', 'Snake Green', '#fff', 'Matt', 'Acrylic'], ['72.418', 'Lizard Green', '#fff', 'Matt', 'Acrylic'], ['72.419', 'Plague Green', '#fff', 'Matt', 'Acrylic'], ['72.420', 'Wasteland Brown', '#fff', 'Matt', 'Acrylic'], ['72.421', 'Copper Brown', '#fff', 'Matt', 'Acrylic'], ['72.422', 'Space Gray', '#fff', 'Matt', 'Acrylic'], ['72.423', 'Black Lotus', '#fff', 'Matt', 'Acrylic'], ['72.448', 'Xpress Medium', '#fff', 'Thinners', 'Acrylic'], ['72.400B', 'Game Xpress Color Complete Set', '##fff', None, None]], 'Van Gogh': [['108', 'CHINISE WHITE', '#f4ebeb', 'Matt', 'Acrylic'], ['512', 'Cobalt Blue Ultramarine', '#0257c4', None, 'Acrylic'], ['533', 'INDIGO', '#131c39', None, 'Acrylic'], ['570', 'Phthalo Blue', '#1947bf', None, 'Acrylic'], ['675', 'Phthalo Green', '#017664', None, 'Acrylic'], ['701', 'IVORY BLACK', '#0d0d0d', None, None], ['104', 'Zinc White', '#fff', 'Matt', None], ['105', 'Titanium White', '#fffcfa', 'Satin', None], ['222', 'Naples yellow L', '#fff', 'Matt', None], ['234', 'Raw sienna', '#c56f3c', 'Matt', None], ['265', 'TRANSP.OXIDE YELLOW (Transparent Oxide Yellow)', '#986023', None, None], ['271', 'cadmium yellow medium', '#fff', 'Matt', None], ['306', 'Cadmium Red Deep', '#fff', 'Satin', None], ['339', 'Light Oxide Red', '#fff', 'Satin', None], ['403', 'VANDYKE BROWN', '#231c16', None, None], ['409', 'Burnt Umber', '#220008', 'Satin', None], ['411', 'Burnt Sienna', '#532211', 'Satin', None], ['654', 'FIR GREEN', '#1c4b39', None, None], ['701', 'IVORY BLACK', '#0d0d0d', None, None], ['701', 'Ivory black', '#fff', 'Matt', None], ['702', 'Lamp black', '#283a3a', 'Matt', None], ['708', "PAYNE'S GREY", '#171b1c', 'Matt', None], ['118', 'Titanium White', '#fff', 'Satin', None], ['209', 'Cadmium Yellow', '#bc8c1d', 'Satin', None], ['227', 'Yellow Ochre', '#aa5a25', 'Satin', None], ['305', 'Cadmiun Red', '#a41e1f', 'Satin', None], ['408', 'Raw Umber', '#fff', 'Satin', None], ['701', 'Ivory Black', '#fff', 'Satin', None]], 'VMS': [[None, None, None, 'Retarders', 'Acrylic'], ['Matt', 'VMS Varnish HD Top coats', '#fff', 'Varnish', 'Acrylic'], ['SATIN', 'VMS Varnish HD Top coats', '#fff', 'Varnish', 'Acrylic'], ['VMS.Ax15G', 'Varnish HD top coat XXL Gloss', '#fff', 'Varnish', 'Acrylic'], ['VMS-AX15M', 'Varnish HD Top Coats XXL Matt', None, 'Varnish', 'Acrylic'], ['Black Steel Metallic 12B', 'Vantage Modelling Solutions', '#fff', 'Matt', None], ['Light Iron Oxide Fresh Rust 8A', 'Vantage Modelling Solutions', '#fff', 'Matt', None], ['Low Opacity White 13B', 'Vantage Modelling Solutions', '#fff', 'Matt', None], ['Mixing Grey Intensive Smoke 15A', 'Vantage Modelling Solutions', '#fff', 'Matt', None], ['Soot Black 12A', 'Vantage Modelling Solutions', '#fff', 'Matt', None], ['Track Brown 9B', 'Vantage Modelling Solutions', '#fff', 'Matt', None], ['Vietnam Red Earth Brown 5A', 'Vantage Modelling Solutions', '#fff', 'Matt', None], [None, None, None, None, None]], 'VMS Spot-on Pigments': [['01', 'Light Earth', None, 'Matt', None], ['01a', 'EU Light Earth Cold Tone', None, 'Matt', None], ['02', 'Light Earth - Textured', None, 'Matt', None], ['03', 'Brown Earth', None, 'Matt', None], ['04', 'Brown Earth - Textured', None, 'Matt', None], ['04a', 'Intensive Sand', None, 'Matt', None], ['05', 'Clay Rich Earth', None, 'Matt', None], ['06', 'Clay Rich Earth - Textured', None, 'Matt', None], ['07', 'Black Earth', None, 'Matt', None], ['08', 'Black Earth - Textured', None, 'Matt', None], ['08a Light', 'Iron Oxide Fresh Rust', None, 'Matt', None], ['09', 'Dark Brown Earth', None, 'Matt', None], ['10', 'Dark Brown Earth - Textured', None, 'Matt', None], ['11', 'Light Sand', None, 'Matt', None], ['12', 'Light Sand - Textured', None, 'Matt', None], ['13', 'Intensive Sand', None, 'Matt', None], ['14', 'Intensive Sand - Textured', None, 'Matt', None], ['15', 'Vietnam Red Earth', None, 'Matt', None], ['16', 'Vietnam Red Earth - Textured', None, 'Matt', None], ['17', 'Dark Old Rust', None, 'Matt', None], ['18', 'Medium Old Rust', None, 'Matt', None], ['19', 'Fresh Rust', None, 'Matt', None], ['20', 'Light Fresh Rust', None, 'Matt', None], ['21', 'Track Brown Classic', None, 'Matt', None], ['22', 'Track Brown XT Dark', None, 'Matt', None], ['23', 'Primer Red', None, 'Matt', None], ['24', 'Soot Black', None, 'Matt', None], ['25', 'Black Steel Metallic', None, 'Matt', None], ['26', 'White', None, 'Matt', None], ['27', 'Concrete Grey', None, None, None], ['28', 'Smoke Grey', None, 'Matt', None], ['29', 'Pure Pigment Texture', None, 'Matt', None], ['Dark Earth', 'EU Dark Earth Coarse', '#fff', 'Matt', None]], 'Wamod': [['OD27', 'Acrylic Retarder', None, 'Retarders', 'Acrylic'], ['Clear', 'Airbrush Tools Cleaner', None, 'Cleaners', 'Acrylic']], 'War Sprays': [['SP001', 'Mid-late war German Dunkelgelb', '#fff', 'Matt', None]], 'Wilder Weathering Oils': [['LS04', 'Light Buff', '#fff', 'Matt', None], ['LS06', 'Medium Rust', '#fff', 'Matt', None], ['LS07', 'Dark Yellow', '#fff', 'Matt', None], ['LS13', 'Panzer Gray', '#fff', 'Matt', None], ['LS25', 'Brown Shadow', '#fff', 'Matt', None], ['LS26', 'Dark Brown', '#fff', 'Matt', None], ['LS33', 'Olive Green', '#fff', 'Matt', None], ['LS34', 'Olive drab', '#fff', 'Matt', None], ['LS40', 'Mariana deep', '#000046', 'Matt', None]], 'Winsor & Newton': [['552', 'Raw Sienna marker', '#fff', 'Matt', 'Acrylic'], ['076', 'Burnt Umber - Galleria Acrylic', '#fff', 'Matt', 'Acrylic'], ['3230895', 'Brush Cleaner & Restorer (acrylic & oil)', '#fff', 'Cleaners', 'Acrylic'], ['884955001691', "Artists' Acrylic Satin UV Varnish", '#fff', 'Varnish', 'Acrylic'], ['074', 'Burnt Sienna marker', '#fff', 'Matt', 'Acrylic'], ['515', 'Phthalo Blue marker', '#fff', 'Matt', 'Acrylic'], ['465', "Payne's Gray marker", '#fff', 'Matt', 'Acrylic'], [None, None, '#fff', 'Gloss', None], [None, None, '#fff', 'Gloss', None], [None, None, '#fff', 'Gloss', None], [None, None, '#fff', 'Gloss', None], ['2', 'Burnt Sienna', '#fff', 'Satin', None], ['5', 'Cadmium Red Hue', '#fff', 'Satin', None], ['6', 'Cadmium Red Deep Hue', '#fff', 'Satin', None], ['8', 'Cadmium Yellow Pale Hue', '#fff', 'Satin', None], ['21', 'French Ultramarine', '#fff', 'Satin', None], ['25', 'Lamp Black', '#fff', 'Satin', None], ['32', 'Paynes Gray', '#fff', 'Satin', None], ['39', 'Terre Verte', '#fff', 'Satin', None], ['40', 'Titanium White', '#fff', 'Satin', None], ['41', 'Vandyke Brown', '#fff', 'Satin', None], ['44', 'Yellow Ochre', '#fff', 'Satin', None], ['45', 'Zinc White', '#fff', 'Satin', None], ['48', 'Permanent Green Light', '#fff', 'Satin', None], ['73', 'Flake White Hue', '#fff', 'Satin', None], [None, None, '#fff', 'Satin', None], ['5', 'Cadmium Red Hue', '#fff', 'Satin', None], ['9', 'Cadmium Yellow Hue', '#fff', 'Matt', None], ['18', 'Emerald Green', '#fff', 'Satin', None], ['26', 'Lemon Yellow Hue', '#fff', 'Satin', None], ['34', 'Raw Sienna', '#fff', 'Satin', None], ['034', 'Blue Black', '#fff', 'Matt', None], ['35', 'Raw Umber', '#fff', 'Satin', None], ['042', 'Bright Red (Series 1 - Permanence A)', '#fff', 'Satin', None], ['059', 'Brown Ochre (Series 1 - Permanence AA)', '#fff', 'Satin', None], ['074', 'Burnt Sienna (Series 1 - Permanence AA)', '#ae4e0e', 'Satin', None], ['076', 'Burnt Umber (Series 1 - Permanence AA)', '#6d3c00', 'Satin', None], ['089', 'Artists Oil Colour Cadmium Orange', '#ec6217', 'Satin', None], ['094', 'Cadmium Red (Series 4 - Permanence A)', '#fff', 'Satin', None], ['139', 'Winton Oil Colour Cerulean Blue Hue', '#fff', 'Satin', None], ['149', 'Chrome Yellow Hue (Series 1 - Permanence A)', '#fff', 'Satin', None], ['229', 'Winton Oil Colour Dioxazine Purple', '#fff', 'Satin', None], ['257', 'Flesh Tint (Series 2 - Permanence A)', '#fff', 'Satin', None], ['263', 'French Ultramarine (Series 2 - Permanence A)', '#fff', 'Satin', None], ['331', 'ivory black Griffin AlKYD', '#fff', None, None], ['331', 'Ivory Black (Series 1 - Permanence AA)', '#fff', 'Satin', None], ['337', 'Lamp Black (Series 1 - Permanence AA)', None, 'Satin', None], ['386', 'Mars Black (Series 2 - Permanence AA)', '#fff', 'Satin', None], ['422', 'Naples Yellow Hue (Series 1 - Permanence AA)', '#fff', 'Satin', None], ['447', 'Olive Green (Series 2 - Performance A)', '#fff', None, None], ['459', 'Oxide Of Chromium (Series 4 - Permanence AA)', '#fff', 'Satin', None], ['465', "Payne's Grey", '#565759', 'Satin', None], ['502', 'Permanent Rose (Series 2 - Permanence A)', '#fff', 'Satin', None], ['511', 'Artists Oil Colour Pewter', '#7f7d80', 'Satin', None], ['538', 'Prussian Blue (Series 1 - Permanence A)', '#fff', 'Satin', None], ['552', 'raw sienna', '#fff', None, None], ['552', 'Raw Sienna', None, 'Satin', None], ['554', 'Raw Umber (Series 1 - Permanence AA)', '#6f4b00', 'Satin', None], ['557', 'Raw Umber Light', '#fff', 'Matt', None], ['617', 'Artists Oil Colour Silver', '#b3b1b4', 'Satin', None], ['644', 'Titanium White (Series 1 - Permanence AA)', '#fff', 'Satin', None], ['655', 'Transparent White (Series 2 - Permanence AA)', '#fff', 'Satin', None], ['676', 'Vandyke Brown', None, 'Satin', None], ['706', 'Winsor Blue Red Shade (Series 2 - Permanence A)', '#fff', 'Satin', None], ['707', 'Winsor Blue Green Shade (Series 2 - Permanence A)', '#fff', 'Satin', None], ['722', 'Winsor Lemon (Series 2 - Permanence A)', '#fff', 'Satin', None], ['730', 'Winsor Yellow (Series 2 - Permanence A)', '#fff', 'Satin', None], ['733', 'Winsor Violet (Diozaxine) (Series 2 - Permanence A)', '#fff', 'Satin', None], ['744', 'Yellow Ochre (Series 1 - Permanence AA)', '#fff', 'Satin', None], ['748', 'Zinc White (Series 1 - Permanence AA)', '#fff', 'Satin', None], ['415', 'Soft Mixing White', '#fff', 'Matt', None], ['599', 'Sap Green', '#fff', 'Matt', None], ['757', 'Sansodor', '#fff', 'Thinners', None]], 'WKcolor': [['102', 'RLM 02 Grau', '#fff', 'Gloss', 'Enamel'], ['103', 'RLM 04 Gelb', '#fff', 'Gloss', 'Enamel'], ['104', 'RLM 23 Rot', '#fff', 'Gloss', 'Enamel'], ['105', 'RLM 24 Dunkelblau', '#fff', 'Gloss', 'Enamel'], ['107', 'RLM 62 Gr├╝n', '#fff', 'Gloss', 'Enamel'], ['108', 'RLM 63 Hellgrau', '#fff', 'Gloss', 'Enamel'], ['109', 'RLM 65 Hellblau', '#fff', 'Gloss', 'Enamel'], ['110', 'RLM 66 Schwarzgrau', '#fff', 'Matt', 'Enamel'], ['111', 'RLM 70 Schwarzgrau', '#fff', 'Gloss', 'Enamel'], ['113', 'RLM 72 Gr├╝n', '#fff', 'Gloss', 'Enamel'], ['114', 'RLM 73 Gr├╝n', '#fff', 'Gloss', 'Enamel'], ['115', 'RLM 74 Dunkelgrau', '#fff', 'Gloss', 'Enamel'], ['116', 'RLM 75 Mittelgrau', '#fff', 'Gloss', 'Enamel'], ['117', 'RLM 76 Hellgrau', '#fff', 'Gloss', 'Enamel'], ['118', 'RLM 78 Himmelblau', '#fff', 'Gloss', 'Enamel'], ['119', 'RLM 79 Sandgelb', '#fff', 'Gloss', 'Enamel'], ['120', 'RLM 79a Sandbraun', '#fff', 'Gloss', 'Enamel'], ['121', 'RLM 80 Olivegr├╝n', '#fff', 'Gloss', 'Enamel'], ['122', 'RLM 81 Braunviolett', '#fff', 'Gloss', 'Enamel'], ['122', 'RLM 81 Braunviolett', '#fff', 'Gloss', 'Enamel'], ['123', 'RLM 82 Dunkelgr├╝n', '#fff', 'Gloss', 'Enamel'], ['124', 'RLM 83 Gr├╝n', '#fff', 'Gloss', 'Enamel']], 'Woodland Scenics': [['C1216', 'White', '#fff', 'Matt', 'Acrylic'], ['C1217', 'Concrete', '#fff', 'Matt', 'Acrylic'], ['C1218', 'Stone Gray', '#fff', 'Matt', 'Acrylic'], ['C1219', 'Slate Gray', '#fff', 'Matt', 'Acrylic'], ['C1220', 'Black', '#fff', 'Matt', 'Acrylic'], ['C1221', 'Raw Umber', '#fff', 'Matt', 'Acrylic'], ['C1222', 'Burnt Umber', '#fff', 'Matt', 'Acrylic'], ['C1223', 'Yellow Ochre', '#fff', 'Matt', 'Acrylic'], ['C1228', 'Green Undercoat', '#fff', 'Matt', 'Acrylic'], ['C1229', 'Earth Undercoat', '#fff', 'Matt', 'Acrylic'], ['G6614', 'Base Paint - Green', None, 'Matt', 'Acrylic'], ['G6615', 'Base Paint - Earth', None, 'Matt', 'Acrylic']], 'XtraColor': [['X001', 'RAF Dark Green BS241 (ex BS641)', '#4e4d31', 'Gloss', 'Enamel'], ['X002', 'RAF Dark Earth BS450', '#715a41', 'Gloss', 'Enamel'], ['X003', 'RAF Medium Sea Grey BS637', '#8f969e', 'Gloss', 'Enamel'], ['X004', 'RAF Dark Sea Grey BS638', '#686c71', 'Gloss', 'Enamel'], ['X005', 'RAF Extra Dark Sea Grey BS640', '#4d5459', 'Gloss', 'Enamel'], ['X006', 'RAF Ocean Grey', '#53686b', 'Gloss', 'Enamel'], ['X007', 'RAF Sky BS210', '#c0d0b0', 'Gloss', 'Enamel'], ['X008', 'RAF PRU Blue BS636', '#526a75', 'Gloss', 'Enamel'], ['X009', 'RAF Middle Stone', '#95803d', 'Gloss', 'Enamel'], ['X010', 'Aircraft Interior Grey/Green BS283', '#75816b', 'Matt', 'Enamel'], ['X011', 'RAF Trainer Yellow', '#fdcb14', 'Gloss', 'Enamel'], ['X012', 'Night Black BS642', '#3e3f3f', 'Gloss', 'Enamel'], ['X013', 'RAF Blue/Grey BS633', '#303b40', 'Gloss', 'Enamel'], ['X014', 'RAF Red Arrows (Signal) Red BS537', '#b73d37', 'Gloss', 'Enamel'], ['X015', 'RAF Light Aircraft Grey BS627', '#b0b1aa', 'Gloss', 'Enamel'], ['X016', 'RAF Hemp BS389 10B-21', '#9e9680', 'Gloss', 'Enamel'], ['X017', 'RAF Camouflage (Barley) Grey BS626 18B-21', '#849095', 'Gloss', 'Enamel'], ['X018', 'NATO Green BS285', '#57564a', 'Matt', 'Enamel'], ['X019', 'RAF Rescue Yellow BS356', '#f0a606', 'Gloss', 'Enamel'], ['X020', 'Pre-War NIVO', '#fff', 'Gloss', 'Enamel'], ['X021', 'RFC Doped Natural Fabric', '#fff', 'Gloss', 'Enamel'], ['X022', 'RFC PC10 Khaki', '#fff', 'Gloss', 'Enamel'], ['X023', 'RAF Oxford Blue BS105', '#1e3564', 'Gloss', 'Enamel'], ['X024', 'RAF Lichen Green 12-B-25/BS 4800', '#696a59', 'Gloss', 'Enamel'], ['X025', 'RAF Dark Slate Grey', '#616352', 'Gloss', 'Enamel'], ['X026', 'RAF Azure Blue', '#7499b6', 'Gloss', 'Enamel'], ['X027', 'British Army Helicopter Olive BS220', '#4e563c', 'Gloss', 'Enamel'], ['X028', 'RN Helicopter Olive Drab BS298', '#595342', 'Gloss', 'Enamel'], ['X029', 'RAF Light Stone BS361', '#be9e73', 'Gloss', 'Enamel'], ['X030', 'RAF Roundel Blue BS110', '#3d4971', 'Gloss', 'Enamel'], ['X031', 'Post Office Red BS538', '#a33535', 'Gloss', 'Enamel'], ['X032', 'RAF Desert Pink Gulf War', '#b79b8a', 'Gloss', 'Enamel'], ['X033', 'Mixed Green 31 Sqdn', '#fff', 'Gloss', 'Enamel'], ['X034', 'RAF PRU Pink', '#f0d3ca', 'Gloss', 'Enamel'], ['X035', 'RAF PRU Mauve', '#4b464c', 'Gloss', 'Enamel'], ['X036', 'RAF Dark Camouflage Grey BS629', '#7f848a', 'Gloss', 'Enamel'], ['X037', 'RAF Light Slate Grey', '#5f6857', 'Gloss', 'Enamel'], ['X038', 'RAF High Speed Silver', '#fff', 'Metallic', 'Enamel'], ['X039', 'RAF Pale Roundel Blue BS172', '#98b6d2', 'Gloss', 'Enamel'], ['X040', 'RAF Pale Roundel Red BS454', '#c89092', 'Gloss', 'Enamel'], ['X041', 'Deep Cream RAF Llanbedr Drones BS353', '#f3c977', 'Gloss', 'Enamel'], ['X042', 'FAA Sky Grey', '#929b94', 'Gloss', 'Enamel'], ['X044', 'RAF WWII Roundel Red', '#fff', 'Gloss', 'Enamel'], ['X045', 'RAF WWII Roundel Blue', '#00224b', 'Gloss', 'Enamel'], ['X046', 'Three Squadron Typhoon Green [Eurofighter EF-2000 Typhoon]', '#fff', 'Gloss', 'Enamel'], ['X047', 'RAF Light Mediterranean Blue', '#fff', 'Gloss', 'Enamel'], ['X048', 'RAF Dark Mediterranean Blue (FS35050)', '#18324d', 'Gloss', 'Enamel'], ['X049', 'RAF Light Earth', '#fff', 'Gloss', 'Enamel'], ['X101', 'Earth FS10118', '#6e5c42', 'Gloss', 'Enamel'], ['X102', 'Tan Vietnam FS10219', '#8f7460', 'Gloss', 'Enamel'], ['X103', 'Insignia Red FS11136', '#8d4344', 'Gloss', 'Enamel'], ['X104', 'International Orange FS12197', '#bf4e3b', 'Gloss', 'Enamel'], ['X105', 'Sand FS13531', '#cdbba4', 'Gloss', 'Enamel'], ['X106', 'Insignia Yellow FS13538', '#f9b000', 'Gloss', 'Enamel'], ['X107', 'Radome Tan FS13613', '#f1d2aa', 'Gloss', 'Enamel'], ['X108', 'Blue Angels Yellow FS13655', '#ffc700', 'Gloss', 'Enamel'], ['X109', 'Marine Corps Green FS14052', '#434438', 'Gloss', 'Enamel'], ['X110', 'Forest Green FS14079', '#535548', 'Gloss', 'Enamel'], ['X111', 'Olive Drab FS14087', '#3c3727', 'Gloss', 'Enamel'], ['X112', 'Olive Drab ANA 613', '#fff', 'Gloss', 'Enamel'], ['X113', 'Faded Olive Drab', '#fff', 'Gloss', 'Enamel'], ['X114', 'Medium Green Euro 1 FS14092', '#53645a', 'Gloss', 'Enamel'], ['X115', 'USMC Field Green FS14097', '#5a6349', 'Gloss', 'Enamel'], ['X116', 'Green Vietnam Euro 1 FS14102', '#575b45', 'Gloss', 'Enamel'], ['X117', 'Interior Green FS34151', '#717048', 'Matt', 'Enamel'], ['X118', 'SAC Blue/Green FS14159', '#737a6c', 'Gloss', 'Enamel'], ['X119', 'SAC Tan/Green FS14201', '#787457', 'Gloss', 'Enamel'], ['X120', 'Green FS14258', '#909468', 'Gloss', 'Enamel'], ['X121', 'Sea Blue FS15042', '#202238', 'Gloss', 'Enamel'], ['X122', 'Insignia Blue FS15044', '#263042', 'Gloss', 'Enamel'], ['X123', 'Blue Angels Blue FS15050', '#3c4c61', 'Gloss', 'Enamel'], ['X124', 'Blue FS15109', '#466b7e', 'Gloss', 'Enamel'], ['X125', 'Intermediate Blue FS15164', '#63727f', 'Gloss', 'Enamel'], ['X126', 'Dark Blue/Grey FS15237', '#7b888e', 'Gloss', 'Enamel'], ['X127', 'Blue FS15414', '#85a4a6', 'Gloss', 'Enamel'], ['X128', 'Engine Grey FS16076', '#3a3d50', 'Gloss', 'Enamel'], ['X129', 'Dark Grey European FS16081', '#5a5d5e', 'Gloss', 'Enamel'], ['X130', 'Gunship Grey FS16118', '#5c6169', 'Gloss', 'Enamel'], ['X131', 'Dark Gull Grey FS16231', '#7f8487', 'Gloss', 'Enamel'], ['X132', 'Aggressor Medium Grey FS16251', '#7f8082', 'Gloss', 'Enamel'], ['X133', 'Neutral Grey FS16270', '#858a8d', 'Gloss', 'Enamel'], ['X134', 'Grey FS16307', '#95978f', 'Gloss', 'Enamel'], ['X135', 'Dark Compass Grey FS16320', '#98a1a9', 'Gloss', 'Enamel'], ['X136', 'Light Compass Grey FS16375', '#a6adb4', 'Gloss', 'Enamel'], ['X137', 'USN Light Gull Grey FS16440', '#d9dad5', 'Gloss', 'Enamel'], ['X138', 'ADC Grey FS16473', '#9ea9a6', 'Gloss', 'Enamel'], ['X139', 'Light Grey FS16495', '#ced0d1', 'Gloss', 'Enamel'], ['X140', 'Light Grey FS16622', '#c2c1b4', 'Gloss', 'Enamel'], ['X141', 'White FS17875', '#ffffff', 'Gloss', 'Enamel'], ['X142', 'Aluminum FS17178', '#c3c6c8', 'Metallic', 'Enamel'], ['X143', 'Flint Grey FS16314', '#8f9591', 'Gloss', 'Enamel'], ['X144', 'Dark Green', '#fff', 'Gloss', 'Enamel'], ['X145', 'Tan FS10400', '#c69d77', 'Gloss', 'Enamel'], ['X146', 'Bright Blue FS15183', '#3f82ad', 'Gloss', 'Enamel'], ['X147', 'Light Grey FS16492', '#bcbcb5', 'Gloss', 'Enamel'], ['X148', 'Israeli Green FS14227', '#798a6e', 'Gloss', 'Enamel'], ['X149', 'Israeli Pale Blue FS15622', '#c5d0c7', 'Gloss', 'Enamel'], ['X150', 'Canadian Voodoo Grey FS16515', '#bdc1be', 'Gloss', 'Enamel'], ['X151', 'Willow Green ANA503', '#fff', 'Gloss', 'Enamel'], ['X152', 'USN Pre-WW II True Blue ANA501', '#fff', 'Gloss', 'Enamel'], ['X153', 'US Helo Drab FS14031', '#474744', 'Gloss', 'Enamel'], ['X154', 'Dark Drab FS14091', '#63605e', 'Gloss', 'Enamel'], ['X155', 'Dark Green FS14096', '#545647', 'Gloss', 'Enamel'], ['X156', 'MiG-29 Grey Green', '#fff', 'Matt', 'Enamel'], ['X157', 'Dark Grey F-15 FS16176', '#6d7780', 'Gloss', 'Enamel'], ['X158', 'AMC Battle Grey FS16173', '#fff', 'Gloss', 'Enamel'], ['X159', 'McDonnell F-15 Interior Blue/Grey', '#fff', 'Matt', 'Enamel'], ['X160', 'Synthetic Haze Blue FS15190', '#fff', 'Gloss', 'Enamel'], ['X161', 'Fluorescent Red/Orange USN Trainers FS28913', '#fff', 'Fluo', 'Enamel'], ['X162', 'Blue Grey FS35189', '#fff', 'Matt', 'Enamel'], ['X163', 'Blue Angels McDonnell-Douglas F/A-18 Blue 1999', '#fff', 'Gloss', 'Enamel'], ['X164', 'BAC7070 Presidential Flight Dark Blue for Air Force One', '#fff', 'Gloss', 'Enamel'], ['X165', 'BAC7071 Presidential Flight Light Blue for Air Force One', '#fff', 'Gloss', 'Enamel'], ['X166', 'Israeli Lockheed-Martin F-16 Green FS14424', '#fff', 'Gloss', 'Enamel'], ['X201', 'RLM 02 Grau', '#868782', 'Gloss', 'Enamel'], ['X202', 'RLM 65 Hellblau', '#8fa1b0', 'Gloss', 'Enamel'], ['X203', 'RLM 66 Schwarzgrau', '#fff', 'Matt', 'Enamel'], ['X204', 'RLM 70 Schwartzgr├╝n', '#575a4e', 'Gloss', 'Enamel'], ['X205', 'RLM 71 Dunkelgrun', '#fff', 'Gloss', 'Enamel'], ['X206', 'RLM 74 Graugrun', '#fff', 'Gloss', 'Enamel'], ['X207', 'RLM 75 Grauviolett', '#606163', 'Gloss', 'Enamel'], ['X208', 'RLM 76 Lichtblau', '#a8b7b4', 'Gloss', 'Enamel'], ['X209', 'RLM 79 Sandgelb', '#b77d42', 'Gloss', 'Enamel'], ['X210', 'RLM 81 Braunviolett', '#1d0c06', 'Gloss', 'Enamel'], ['X211', 'RLM 82 Dunkelgrun', '#fff', 'Gloss', 'Enamel'], ['X212', 'RLM 83 Lightgrun', '#687740', 'Gloss', 'Enamel'], ['X213', 'RLM 04 Gelb', '#f9f2ae', 'Gloss', 'Enamel'], ['X214', 'RLM 78 Hellblau', '#819b9c', 'Gloss', 'Enamel'], ['X215', 'RLM 80 Olivegrun', '#fff', 'Gloss', 'Enamel'], ['X216', 'RLM 01 Silver', '#fff', 'Metallic', 'Enamel'], ['X217', 'RLM 23 Rot', '#fff', 'Gloss', 'Enamel'], ['X218', 'RLM 24 Dunkelblau', '#38435e', 'Gloss', 'Enamel'], ['X219', 'RLM 61 Dunkelbraun', '#fff', 'Gloss', 'Enamel'], ['X220', 'RLM 62 Grun', '#fff', 'Gloss', 'Enamel'], ['X221', 'RLM 63 Hellgrau', '#fff', 'Gloss', 'Enamel'], ['X222', 'RLM 72 Grun', '#fff', 'Gloss', 'Enamel'], ['X223', 'RLM 73 Grun', '#fff', 'Gloss', 'Enamel'], ['X224', 'RLM 79a Sandbraun', '#fff', 'Gloss', 'Enamel'], ['X225', 'RLM 82 Hellgrun', '#fff', 'Gloss', 'Enamel'], ['X226', 'RLM 83 Dunkelgrun', '#fff', 'Gloss', 'Enamel'], ['X241', 'Topside Green', '#fff', 'Gloss', 'Enamel'], ['X242', 'Topside Purple', '#fff', 'Gloss', 'Enamel'], ['X243', 'Underside Blue', '#fff', 'Gloss', 'Enamel'], ['X251', 'RAL 6014 Gelboliv', '#464135', 'Gloss', 'Enamel'], ['X252', 'RAL 9001 Weissaluminium', '#fff', 'Gloss', 'Enamel'], ['X253', 'RAL 2005 Leuchtorange', '#fff', 'Gloss', 'Enamel'], ['X254', 'RAL 7012 Basaltgrau', '#585d5e', 'Gloss', 'Enamel'], ['X255', 'RAL 7001 Silbergrau', '#fff', 'Gloss', 'Enamel'], ['X256', 'RAL 7009 Grungrau', '#5c6058', 'Gloss', 'Enamel'], ['X257', 'RAL 7030 Steingrau', '#918e85', 'Gloss', 'Enamel'], ['X258', 'RAL 7037 Staubraun', '#7a7b7a', 'Gloss', 'Enamel'], ['X259', 'RAL 7039 Quarzgrau', '#6a665e', 'Gloss', 'Enamel'], ['X260', 'RAL 7035 Lichtgrau', '#c5c7c4', 'Gloss', 'Enamel'], ['X261', 'RAL 6003 Olivegrun', '#4e533b', 'Gloss', 'Enamel'], ['X262', 'RAL 7021 Schwartzgrau', '#303234', 'Gloss', 'Enamel'], ['X263', 'RAL 7023 Betongrau Dark Grey', '#7f8076', 'Gloss', 'Enamel'], ['X264', 'RAL 5008 Graublau', '#343c45', 'Gloss', 'Enamel'], ['X265', 'RAL 8008 Olivbraun', '#fff', 'Gloss', 'Enamel'], ['X266', 'RAL 7044 Seidengrau', '#fff', 'Gloss', 'Enamel'], ['X301', 'Boeing BAC 707 Grey', '#fff', 'Gloss', 'Enamel'], ['X302', 'KLM light blue', '#fff', 'Gloss', 'Enamel'], ['X303', 'Federal Express Purple', '#fff', 'Gloss', 'Enamel'], ['X304', 'British Airways Pearl Grey', '#fff', 'Gloss', 'Enamel'], ['X305', 'Southwest Airlines Desert Gold', '#fff', 'Gloss', 'Enamel'], ['X306', 'British Midland Blue', '#fff', 'Gloss', 'Enamel'], ['X307', 'Aer Lingus Light Green pre-1996', '#fff', 'Gloss', 'Enamel'], ['X308', 'Korean Air Blue', '#fff', 'Gloss', 'Enamel'], ['X309', 'Asiana Buff', '#fff', 'Gloss', 'Enamel'], ['X310', 'VASP Blue', '#fff', 'Gloss', 'Enamel'], ['X311', 'AER LINGUS Green New Scheme', '#fff', 'Matt', 'Enamel'], ['X312', 'KLM New Bright Blue', '#fff', 'Gloss', 'Enamel'], ['X313', 'City Bird Green', '#fff', 'Gloss', 'Enamel'], ['X314', 'Broadmoor Light Peach', '#fff', 'Gloss', 'Enamel'], ['X315', 'Broadmoor Maroon', '#fff', 'Gloss', 'Enamel'], ['X316', 'The Simpsons Yellow', '#fff', 'Gloss', 'Enamel'], ['X317', 'WP Thrifty Blue', '#fff', 'Gloss', 'Enamel'], ['X318', 'WP Security Service Blue', '#fff', 'Gloss', 'Enamel'], ['X319', 'WP Crested Butte Purple', '#fff', 'Gloss', 'Enamel'], ['X320', 'Air Canada Teal Green', '#fff', 'Gloss', 'Enamel'], ['X321', 'Saudia Tan', '#fff', 'Gloss', 'Enamel'], ['X322', 'British Airways World Scheme Blue 1999', '#fff', 'Gloss', 'Enamel'], ['X323', 'TNT Orange', '#fff', 'Gloss', 'Enamel'], ['X324', 'Easy Jet/Southwest 2002 Orange', '#fff', 'Gloss', 'Enamel'], ['X325', 'DN9529 Lt Grey Kuwaiti A-4KU', '#fff', 'Gloss', 'Enamel'], ['X326', 'DN9530 Sand Kuwaiti A-4KU', '#fff', 'Gloss', 'Enamel'], ['X327', 'DN9531 Brown Kuwaiti A-4KU', '#fff', 'Gloss', 'Enamel'], ['X328', 'Lt Tan Abu Dhabi Hawk Mk.63', '#fff', 'Gloss', 'Enamel'], ['X329', 'FS31448 Italian Gulf Tornado', '#fff', None, 'Enamel'], ['X330', 'Britannia Airways Blue', '#fff', 'Gloss', 'Enamel'], ['X331', 'Corrogard', '#fff', 'Metallic', 'Enamel'], ['X332', 'TNT (Old)/Hapag Lloyd Orange', '#fff', 'Gloss', 'Enamel'], ['X336', 'British Midland Blue', '#fff', 'Gloss', 'Enamel'], ['X337', 'British Midland Grey 1996', '#fff', 'Gloss', 'Enamel'], ['X338', 'SAS Grey', '#fff', 'Gloss', 'Enamel'], ['X339', 'SAS Red/Orange', '#fff', 'Gloss', 'Enamel'], ['X340', 'Northwest Airlines Red', '#fff', 'Gloss', 'Enamel'], ['X341', 'Northwest Airlines Grey', '#fff', 'Gloss', 'Enamel'], ['X342', 'United Airlines Dark Blue', '#fff', 'Gloss', 'Enamel'], ['X343', 'United Airlines Grey', '#fff', 'Gloss', 'Enamel'], ['X346', 'America West Pearl Grey', '#fff', 'Gloss', 'Enamel'], ['X347', 'America West Dark Turquoise', '#fff', 'Gloss', 'Enamel'], ['X348', 'Aloha Airlines Dark Blue', '#fff', 'Gloss', 'Enamel'], ['X349', 'Federal Express Purple 1999', '#fff', 'Gloss', 'Enamel'], ['X351', 'Japanese Army Green A3', '#375a44', 'Gloss', 'Enamel'], ['X352', 'Japanese Army Grey A2', '#a5a89b', 'Gloss', 'Enamel'], ['X353', 'Imperial Japanese Navy Green N1', '#00331d', 'Gloss', 'Enamel'], ['X354', 'Imperial Japanese Navy Grey N2', '#fff', 'Gloss', 'Enamel'], ['X355', 'Japanese WW II Interior Blue', '#fff', 'Metallic', 'Enamel'], ['X357', 'US Airways Dark Blue', '#fff', 'Gloss', 'Enamel'], ['X358', 'US Airways Grey', '#fff', 'Gloss', 'Enamel'], ['X359', 'Airbus Industries Grey', '#fff', 'Gloss', 'Enamel'], ['X360', 'Maersk Air Blue', '#fff', 'Gloss', 'Enamel'], ['X361', 'Qantas Red', '#fff', 'Gloss', 'Enamel'], ['X362', 'Air Berlin Burgundy', '#fff', 'Gloss', 'Enamel'], ['X363', 'Boeing BAC708 Grey', '#fff', 'Gloss', 'Enamel'], ['X364', 'Southwest Canyon Blue', '#fff', 'Gloss', 'Enamel'], ['X365', 'Air Tran Blue/ Green', '#fff', 'Gloss', 'Enamel'], ['X366', 'Air Tran Tan', '#fff', 'Gloss', 'Enamel'], ['X367', 'Virgin Atlantic Grey', '#fff', 'Gloss', 'Enamel'], ['X368', 'MICA 1 Base', '#fff', 'Metallic', 'Enamel'], ['X369', 'MICA 2 Use With X367 For Northwest Airlines New Scheme', '#fff', 'Metallic', 'Enamel'], ['X370', 'Helvetic Magenta', '#fff', 'Gloss', 'Enamel'], ['X371', 'KLM 2004 Pale Grey', '#fff', 'Gloss', 'Enamel'], ['X374', '"Frecce Tricolori" Dark Blue 1961-1963', '#fff', 'Gloss', 'Enamel'], ['X375', 'OTAN Gris Vert Fonce', '#fff', 'Gloss', 'Enamel'], ['X376', 'OTAN Gris Bleu Fonce', '#fff', 'Gloss', 'Enamel'], ['X377', 'Bleu de Mirage', '#fff', 'Gloss', 'Enamel'], ['X378', 'Gris Aluminium', '#fff', 'Metallic', 'Enamel'], ['X379', 'FAR Chamois', '#fff', 'Gloss', 'Enamel'], ['X380', 'FAR Sable', '#fff', 'Gloss', 'Enamel'], ['X381', 'Vert Emaillite', '#fff', 'Gloss', 'Enamel'], ['X382', 'Chocolat', '#fff', 'Gloss', 'Enamel'], ['X383', 'Vert Tableau', '#fff', 'Gloss', 'Enamel'], ['X384', 'Kaki', '#fff', 'Gloss', 'Enamel'], ['X385', 'Vert', '#fff', 'Gloss', 'Enamel'], ['X386', 'Ombre Calcinee', '#fff', 'Gloss', 'Enamel'], ['X387', 'Terre de Sienne', '#fff', 'Matt', 'Enamel'], ['X388', 'Gris Bleu Fonce', '#fff', 'Gloss', 'Enamel'], ['X389', 'Gris Bleu Clair', '#fff', 'Gloss', 'Enamel'], ['X390', 'Gris Fonce', '#fff', 'Gloss', 'Enamel'], ['X391', 'Vert Fonce', '#fff', 'Gloss', 'Enamel'], ['X392', 'Vert Fonce 2', '#fff', 'Gloss', 'Enamel'], ['X393', 'Bleu de Nuit', '#fff', 'Gloss', 'Enamel'], ['X394', 'French WWII Chamois', '#fff', 'Matt', 'Enamel'], ['X395', 'Mirage 2000 Light Blue Grey', '#fff', 'Gloss', 'Enamel'], ['X396', 'Mirage 2000 Dark Blue Grey', '#fff', 'Gloss', 'Enamel'], ['X401', 'Canvas Tan', '#fff', 'Matt', 'Enamel'], ['X402', 'Olive Green', '#fff', 'Matt', 'Enamel'], ['X403', 'Interior Grey', '#fff', 'Matt', 'Enamel'], ['X404', 'Black', '#000000', 'Matt', 'Enamel'], ['X405', 'White', '#ffffff', 'Matt', 'Enamel'], ['X406', 'Flesh (White)', '#fff', 'Matt', 'Enamel'], ['X407', 'Flesh (Black)', '#fff', 'Matt', 'Enamel'], ['X408', 'Yellow Zinc Chromate', '#f8f32b', 'Matt', 'Enamel'], ['X409', 'RLM 02 Grau', '#fff', 'Matt', 'Enamel'], ['X410', 'Dark Admiralty Grey', '#676d75', 'Gloss', 'Enamel'], ['X500', 'Duralumin', '#fff', 'Metallic', 'Enamel'], ['X501', 'Silver', '#fff', 'Metallic', 'Enamel'], ['X502', 'Natural Steel', '#fff', 'Metallic', 'Enamel'], ['X503', 'Oily Steel', '#fff', 'Metallic', 'Enamel'], ['X504', 'Exhaust', '#fff', 'Matt', 'Enamel'], ['X505', 'Tyre Black', '#2c2d2d', 'Matt', 'Enamel'], ['X506', 'Gunmetal', '#fff', 'Metallic', 'Enamel'], ['X507', 'Gold', '#fff', 'Metallic', 'Enamel'], ['X508', 'Burnt Iron', '#fff', 'Metallic', 'Enamel'], ['X550', 'BEA Blue 1960', '#fff', 'Gloss', 'Enamel'], ['X551', 'BEA Grey 1960', '#fff', 'Gloss', 'Enamel'], ['X552', 'BEA Red 1960', '#fff', 'Gloss', 'Enamel'], ['X553', 'Air Canada Boeing 777 Pale Blue', '#fff', 'Gloss', 'Enamel'], ['X554', 'British Caledonian Yellow', '#fff', 'Gloss', 'Enamel'], ['X555', 'Thompsons Light Blue', '#fff', 'Gloss', 'Enamel'], ['X556', 'Thompsons Dark Blue', '#fff', 'Gloss', 'Enamel'], ['X601', 'Sukhoi Su-27 Flanker Medium Blue', '#90c2e9', 'Gloss', 'Enamel'], ['X602', 'Sukhoi Su-27 Flanker Pale Blue', '#bed6d8', 'Gloss', 'Enamel'], ['X603', 'Sukhoi Su-27 Flanker Blue/Grey', '#617d88', 'Gloss', 'Enamel'], ['X604', 'Hind MIL-24 Stone', '#c9c1a2', 'Gloss', 'Enamel'], ['X605', 'Hind MIL-24 Dark Grey', '#fff', 'Gloss', 'Enamel'], ['X606', 'Hind MIL-24 Blue', '#fff', 'Gloss', 'Enamel'], ['X607', 'Russian Mil 28 Havoc Light Grey Green', '#fff', 'Gloss', 'Enamel'], ['X608', 'Russian Mil 28 Havoc Dark Green', '#fff', 'Gloss', 'Enamel'], ['X609', 'Russian MiL 28 Havoc Tan', '#fff', 'Gloss', 'Enamel'], ['X610', 'Russian Mil 28 Havoc Sand', '#fff', 'Gloss', 'Enamel'], ['X611', 'Mikoyan MiG-29 Grey Green', '#69847d', 'Gloss', 'Enamel'], ['X612', 'Mikoyan MiG-29 Grey', '#fff', 'Gloss', 'Enamel'], ['X613', 'Tan East Germany MiG 29', '#baab8e', 'Gloss', 'Enamel'], ['X614', 'Brown East German MiG 29', '#422d23', 'Gloss', 'Enamel'], ['X615', 'Light Green East Germany MiG 29', '#b0c0aa', 'Gloss', 'Enamel'], ['X616', 'Dark Green East German MiG 29', '#fff', 'Gloss', 'Enamel'], ['X617', 'Warsaw Pact Tan', '#fff', 'Gloss', 'Enamel'], ['X618', 'Dark Green Czech MiG 29', '#fff', 'Gloss', 'Enamel'], ['X619', 'Red/Brown Czech Mig 23/29', '#fff', 'Gloss', 'Enamel'], ['X620', 'Light Green Czech MiG 29', '#fff', 'Gloss', 'Enamel'], ['X621', 'Underside Grey E. German/Czech MiG 29', '#fff', 'Gloss', 'Enamel'], ['X622', 'Dark Green Czech MiG 23', '#fff', 'Gloss', 'Enamel'], ['X623', 'Green Czech MiG 23', '#fff', 'Gloss', 'Enamel'], ['X624', 'Tan Czech MiG 23', '#fff', 'Gloss', 'Enamel'], ['X625', 'Grey/Blue Czech MiG 23 Undersurface', '#fff', 'Gloss', 'Enamel'], ['X626', 'Light Blue Czech MiG 23 Undersurface Rear', '#fff', 'Gloss', 'Enamel'], ['X627', 'Grey Soviet Aircraft Nose Cones etc', '#fff', 'Gloss', 'Enamel'], ['X628', 'Soviet Wheel Hub Green', '#fff', 'Gloss', 'Enamel'], ['X629', 'Soviet Interior Blue/Green', '#fff', 'Matt', 'Enamel'], ['X701', 'Ilmavoimat Oliivin Vihre├ñ (Olive Green)', '#fff', 'Gloss', 'Enamel'], ['X702', 'Ilmavoimat Vaalean Harmaa 1934-1944 (Light Grey)', '#fff', 'Gloss', 'Enamel'], ['X703', 'Ilmavoimat Kans.Tunn. Sininen (National Marking Blue)', '#fff', 'Gloss', 'Enamel'], ['X704', 'Ilmavoimat Musta 1940-1948 (Black)', '#fff', 'Gloss', 'Enamel'], ['X705', 'Ilmavoimat Harjoituskoneoranssi (Trainer Orange)', '#fff', 'Gloss', 'Enamel'], ['X706', 'Ilmavoimat Keltainen (Yellow)', '#fff', 'Gloss', 'Enamel'], ['X707', 'Ilmavoimat Vaalean Sininen 1942-1954 (Light Blue)', '#fff', 'Gloss', 'Enamel'], ['X708', 'Ilmavoimat Tummanruskea 1980- (Dark Brown)', '#fff', 'Gloss', 'Enamel'], ['X709', 'Ilmavoimat Pronssin Vihre├ñ 1980- (Bronze Green)', '#fff', 'Gloss', 'Enamel'], ['X710', 'Ilmavoimat Vaalean Harmaa (Light Grey)', '#fff', 'Gloss', 'Enamel'], ['X775', 'Swedish Air Force Olivgrun 328', '#fff', 'Gloss', 'Enamel'], ['X776', 'Swedish Air Force MorkBla 438', '#fff', 'Gloss', 'Enamel'], ['X777', 'Swedish Air Force BlaGra 058', '#fff', 'Gloss', 'Enamel'], ['X800', 'RAL 7021 Schwartzgrau - Panzer Grey', '#353a3e', 'Gloss', 'Enamel'], ['X801', 'RAL 8002 Signalbraun', '#fff', 'Gloss', 'Enamel'], ['X802', 'RAL 7016 Antracitgrau', '#fff', 'Gloss', 'Enamel'], ['X803', 'RAL 8000 Grunbraun', '#fff', 'Gloss', 'Enamel'], ['X804', 'RAL 7008 Khakibraun', '#fff', 'Gloss', 'Enamel'], ['X805', 'Dunkelgelb', '#a79548', 'Gloss', 'Enamel'], ['X806', 'RAL 6003 Olivgrun', '#4e523b', 'Gloss', 'Enamel'], ['X807', 'RAL 8017 Schokoladebraun', '#422f28', 'Gloss', 'Enamel'], ['X808', 'RAL 8020 Afrika Korps Tan Yellow', '#fff', 'Gloss', 'Enamel'], ['X809', 'RAL 7027 Afrika Korps Sand/Grey', '#fff', 'Gloss', 'Enamel'], ['X810', 'Israeli Tank Sand Grey', '#fff', 'Gloss', 'Enamel'], ['X811', 'Russian Tank Green', '#fff', 'Gloss', 'Enamel'], ['X812', 'Gulf Sand US Army/ Marines FS23446', '#fff', 'Satin', 'Enamel'], ['X813', 'British Gulf War Armour Sand', '#fff', 'Gloss', 'Enamel'], ['X814', 'Deep Bronze Green', '#fff', 'Gloss', 'Enamel'], ['X815', 'British Army Mid Bronze Green', '#4e563c', 'Gloss', 'Enamel'], ['X816', 'British Army Khaki Drab', '#fff', 'Gloss', 'Enamel'], ['X817', 'British Dark Earth', '#fff', 'Gloss', 'Enamel'], ['X818', 'WWII German Tank Interior Cream', '#fff', 'Matt', 'Enamel'], ['X819', 'Caunter AIF Silver Grey - BS381C-28', '#fff', 'Gloss', 'Enamel'], ['X820', 'Caunter AIF Slate - BS381C-34', '#fff', 'Gloss', 'Enamel'], ['X821', 'Caunter AIF Light Stone - BS381C-61', '#fff', 'Gloss', 'Enamel'], ['XDF', 'Flat Varnish', '#fff', 'Varnish', 'Enamel'], ['XDG', 'Gloss Varnish', '#fff', 'Varnish', 'Enamel'], ['XDS', 'Satin Varnish', '#fff', 'Varnish', 'Enamel'], ['XDBB', 'Matt Base Coat Light Gull Grey', '#fff', 'Matt', 'Enamel'], ['XDFF', 'Flat Varnish', '#fff', 'Varnish', 'Enamel'], ['XDGG', 'Gloss Varnish', '#fff', 'Varnish', 'Enamel'], ['XDSS', 'Satin Varnish', '#fff', 'Varnish', 'Enamel'], ['XDTT', 'Enamel Thinners', '#fff', 'Thinners', 'Enamel']], 'XtraCrylix': [['XA1F', 'Flat Varnish', '#fff', 'Varnish', 'Acrylic'], ['XA1G', 'Gloss Varnish', '#fff', 'Varnish', 'Acrylic'], ['XA1S', 'Satin Varnish', '#fff', 'Varnish', 'Acrylic'], ['XA1001', 'RAF Dark Green', '#595c4e', 'Gloss', 'Acrylic'], ['XA1002', 'RAF Dark Earth', '#ab8957', 'Gloss', 'Acrylic'], ['XA1003', 'RAF Medium Sea Grey BS637', '#90989e', 'Gloss', 'Acrylic'], ['XA1004', 'RAF Dark Sea Grey BS638', '#7f848a', 'Gloss', 'Acrylic'], ['XA1005', 'RAF Extra Dark Sea Grey BS640', '#54646d', 'Gloss', 'Acrylic'], ['XA1006', 'RAF Ocean Grey', '#747c7d', 'Gloss', 'Acrylic'], ['XA1007', 'RAF Sky', '#c0d0b0', 'Gloss', 'Acrylic'], ['XA1008', 'RAF PRU Blue BS636', '#3c6a80', 'Gloss', 'Acrylic'], ['XA1009', 'RAF Middle Stone', '#a98e53', 'Gloss', 'Acrylic'], ['XA1010', 'Aircraft Grey/Green Matt', '#838f76', 'Matt', 'Acrylic'], ['XA1011', 'RAF Trainer Yellow', '#fecc14', 'Gloss', 'Acrylic'], ['XA1012', 'Night Black', '#333231', 'Gloss', 'Acrylic'], ['XA1014', 'RAF Red Arrows Red BS537', '#cd4f3a', 'Gloss', 'Acrylic'], ['XA1015', 'RAF Light Aircraft Grey BS627', '#cbcbc1', 'Gloss', 'Acrylic'], ['XA1016', 'RAF Hemp', '#a7aa56', 'Gloss', 'Acrylic'], ['XA1017', 'RAF Camouflage (Barley) Grey BS626', '#849095', 'Gloss', 'Acrylic'], ['XA1019', 'RAF Rescue Yellow BS356', '#fecc14', 'Gloss', 'Acrylic'], ['XA1025', 'RAF Dark Slate Grey BS634', '#616352', 'Gloss', 'Acrylic'], ['XA1026', 'RAF Azure Blue', '#7b9bba', 'Gloss', 'Acrylic'], ['XA1032', 'Gulf War Desert Pink FS10279', '#b79d8a', 'Gloss', 'Acrylic'], ['XA1036', 'RAF Dark Camouflage Grey BS629', '#7f848a', 'Gloss', 'Acrylic'], ['XA1037', 'RAF Light Slate Grey BS639', '#6f7d69', 'Gloss', 'Acrylic'], ['XA1102', 'Tan Vietnam FS10219', '#9a7e67', 'Gloss', 'Acrylic'], ['XA1110', 'Forest Green', '#464e44', 'Gloss', 'Acrylic'], ['XA1111', 'Olive Drab', '#6c6350', 'Gloss', 'Acrylic'], ['XA1112', 'Olive Drab', '#525034', 'Gloss', 'Acrylic'], ['XA1113', 'Faded Olive Drab', '#675b35', 'Gloss', 'Acrylic'], ['XA1114', 'Medium Green FS14092', '#53645a', 'Gloss', 'Acrylic'], ['XA1116', 'Green Vietnam FS14102', '#636750', 'Gloss', 'Acrylic'], ['XA1117', 'Interior Green Matt FS34151', '#737627', 'Matt', 'Acrylic'], ['XA1121', 'Gloss Sea Blue FS15042', '#2e4a68', 'Gloss', 'Acrylic'], ['XA1125', 'Intermediate Blue FS15164', '#6f7c8a', 'Gloss', 'Acrylic'], ['XA1126', 'Dark Blue/Grey FS15237', '#849095', 'Gloss', 'Acrylic'], ['XA1129', 'Dark Grey FS16081', '#545853', 'Gloss', 'Acrylic'], ['XA1130', 'Gunship Grey', '#676c73', 'Gloss', 'Acrylic'], ['XA1131', 'Dark Gull Grey FS16231', '#898d8f', 'Gloss', 'Acrylic'], ['XA1132', 'Medium Grey FS16251', '#8e8f8e', 'Gloss', 'Acrylic'], ['XA1133', 'Neutral Grey FS16270', '#919597', 'Gloss', 'Acrylic'], ['XA1135', 'Dark Compass Grey FS16320', '#98a1a9', 'Gloss', 'Acrylic'], ['XA1136', 'Light Compass Grey FS16375', '#a6adb4', 'Gloss', 'Acrylic'], ['XA1137', 'Light Gull Grey FS16440', '#d9dad5', 'Gloss', 'Acrylic'], ['XA1138', 'ADC Grey FS16473', '#cad1cb', 'Gloss', 'Acrylic'], ['XA1139', 'Light Grey FS16495', '#cfd1d2', 'Gloss', 'Acrylic'], ['XA1140', 'Light Grey FS16622', '#d0ccc2', 'Gloss', 'Acrylic'], ['XA1141', 'White FS17875', '#ffffff', 'Matt', 'Acrylic'], ['XA1157', 'Dark Grey Modern Eagle FS16176', '#76808a', 'Gloss', 'Acrylic'], ['XA1158', 'AMC Battle Grey FS16173', '#7f848b', 'Gloss', 'Acrylic'], ['XA1201', 'Grau', '#797061', 'Gloss', 'Acrylic'], ['XA1202', 'Helblau RLM 65', '#8fa1b0', 'Gloss', 'Acrylic'], ['XA1203', 'Schwarzgrau RLM 66', '#2a2d34', 'Matt', 'Acrylic'], ['XA1204', 'Schwarzgrun', '#13130b', 'Gloss', 'Acrylic'], ['XA1205', 'Dunkelgrun', '#22210d', 'Gloss', 'Acrylic'], ['XA1206', 'Graugrun RLM 74', '#383b42', 'Gloss', 'Acrylic'], ['XA1207', 'Grauviolett RLM 75', '#595769', 'Gloss', 'Acrylic'], ['XA1208', 'Lichtblau', '#94a3a0', 'Gloss', 'Acrylic'], ['XA1209', 'Sandgelb RLM 79', '#b77d42', 'Gloss', 'Acrylic'], ['XA1210', 'Braunviolett RLM 81', '#372e2c', 'Gloss', 'Acrylic'], ['XA1211', 'Hellgrun RLM 82', '#464f30', 'Matt', 'Acrylic'], ['XA1212', 'Dunkelgrun RLM 83', '#283830', 'Matt', 'Acrylic'], ['XA1213', 'Gelb RLM 04', '#f7b41d', 'Gloss', 'Acrylic'], ['XA1214', 'Hellblau RLM 78', '#9193a8', 'Gloss', 'Acrylic'], ['XA1215', 'Grun RLM 80', '#3f4539', 'Gloss', 'Acrylic'], ['XA1216', 'Silver/Silber/Argent RLM 01 metallic', '#968b9c', 'Metallic', 'Acrylic'], ['XA1217', 'Rot RLM 23', '#ef372f', 'Gloss', 'Acrylic'], ['XA1218', 'Dunkelblau RLM 24', '#2c3a94', 'Gloss', 'Acrylic'], ['XA1219', 'Dunkelbraun RLM 61', '#28272c', 'Gloss', 'Acrylic'], ['XA1220', 'Grun RLM 62', '#4f5b37', 'Gloss', 'Acrylic'], ['XA1221', 'Lichtgrau RLM 63', '#696a64', 'Gloss', 'Acrylic'], ['XA1222', 'Grun RLM 72', '#0d1f23', 'Gloss', 'Acrylic'], ['XA1223', 'Grun RLM 73', '#122627', 'Gloss', 'Acrylic'], ['XA1224', 'Sand Braun RLM 79a', '#90643f', 'Gloss', 'Acrylic'], ['XA1225', 'Hellgrun RLM 82 (previously sold as XA1211)', '#464f30', 'Gloss', 'Acrylic'], ['XA1226', 'Dunkelgrun RLM 83 (previously sold as XA1212)', '#283830', 'Gloss', 'Acrylic'], ['XA1800', 'Panzer Grey RAL 7021', '#141614', 'Gloss', 'Acrylic'], ['XA1801', 'Signalbraun RAL 8002', '#4f2c18', 'Gloss', 'Acrylic'], ['XA1803', 'Gr├╝nbraun RAL 8000', '#9c7a44', 'Gloss', 'Acrylic'], ['XA1805', 'Dunkelgelb', '#6c5624', 'Gloss', 'Acrylic'], ['XA1806', 'Olivgrun RAL 6003', '#4e533b', 'Gloss', 'Acrylic'], ['XA1807', 'Schokoladebraun RAL 8017', '#371c10', 'Gloss', 'Acrylic'], ['XA1808', 'Africa Korps Tan Yellow RAL 8020', '#a47240', 'Gloss', 'Acrylic'], ['XA1809', 'Afrika Korps Sand/Grey RAL 7027', '#6c5234', 'Gloss', 'Acrylic'], ['XA1810', 'Israeli Tank Sand Grey', '#5b4921', 'Gloss', 'Acrylic'], ['XA1811', 'Russian Tank Green', '#4a5632', 'Matt', 'Acrylic'], ['XA1812', 'US Gulf War Armour FS23446', '#a48e64', 'Satin', 'Acrylic'], ['XA1813', 'Brit Gulf Armour Lt Stone BS361', '#9d7a45', 'Gloss', 'Acrylic'], ['XA1814', 'British Deep Bronze Green BS223', '#16180b', 'Matt', 'Acrylic'], ['XA1815', 'British Mid Bronze Green', '#13190d', 'Gloss', 'Acrylic'], ['XA1816', 'British Khaki Drab', '#2a2e17', 'Matt', 'Acrylic'], ['XA1817', 'British Dark Earth', '#443015', 'Gloss', 'Acrylic'], ['XA1818', 'German Tank Interior Cream', '#c5b17a', 'Gloss', 'Acrylic'], ['XA1TT', 'Thinners', '#fff', 'Thinners', 'Acrylic'], ['XAFF', 'Flat Varnish', '#fff', 'Varnish', 'Acrylic'], ['XAGG', 'Gloss Varnish', '#fff', 'Varnish', 'Acrylic'], ['XASS', 'Satin Varnish', '#fff', 'Varnish', 'Acrylic'], ['XA1TTT', 'Thinners', '#fff', 'Thinners', 'Acrylic']], 'Zero Paints': [['ZP-4030', 'Blue/Purple - Chromatic (Chameleon) Flip', None, 'Matt', None], ['ZP-4031', 'Cyan/Red - Chromatic (Chameleon) Flip', None, 'Matt', None], ['ZP-4032', 'Green/Purple - Chromatic (Chameleon) Flip', None, 'Matt', None], [None, None, None, 'Cleaners', None], ['ZP-1004', 'Plum Crazy Purple Pearl', None, 'Matt', None], ['ZP-1005', 'Ducati Paints Red for 916 Wheels (Senna Rosso)', None, 'Matt', None], ['ZP-1005', 'Ducati Paints 916 Frame/Wheels Bronze Colour', None, 'Matt', None], ['ZP-1007', 'Ferrari SF70H (2017 Formula One) Red', None, 'Matt', None], ['ZP-1007', "Ferrari 1970-1980's Rosso Formula 1", None, 'Matt', None], ['ZP-1007', 'Ferrari SF71H Red', None, 'Matt', None], ['ZP-1007', 'Rosso Corsa 300', '#d40000', 'Matt', None], ['ZP-1007', 'Rosso Ferrari Formula 1 Pre-2004 (1990-2003)', '#fa0500', 'Matt', None], ['ZP-1021', 'Team Camel Lotus Yellow (99T -100T)', None, 'Matt', None], ['ZP-1023', 'Mazda MX-5 30th Anniversary Racing Orange', None, 'Matt', None], ['ZP-1026', 'Pure Brilliant White - Similar to Tamiya TS26', None, 'Matt', None], ['ZP-1039', 'Williams FW16 Rothmans Blue', None, 'Matt', None], ['ZP-1041', 'Gold for Subaru Wheels', None, 'Metallic', None], ['ZP-1057', 'Jagermeister Orange', None, 'Matt', None], ['ZP-1060', 'Williams F1 BMW FW24 Blue', None, 'Matt', None], ['ZP-1066', 'McLaren MP4 (Marlboro) Red', None, 'Matt', None], ['ZP-1067', 'Tyrrell Blue', None, 'Matt', None], ['ZP-1085', 'Renault F1 Yellow Paint RS01-RE20', None, 'Matt', None], ['ZP-1087', 'British Racing Green - BRG (Solid)', None, 'Matt', None], ['ZP-1091', 'Brabham Alfa Red Paint - BT45B, BT46, BT46B BT48 etc', None, 'Matt', None], ['ZP-1096', 'Walter Wolf GOLD', None, 'Matt', None], ['ZP-1098', 'Alfa Romeo - Rosso (Red)', None, 'Matt', None], ['ZP-1103', 'Gulf Blue', None, 'Matt', None], ['ZP-1112', 'Neon Pink - Mica Pearl', None, 'Matt', None], ['ZP-1114', 'Italian Red - Similar to Tamiya TS8', None, 'Matt', None], ['ZP-1121', 'Lotus F1 JPS', None, 'Matt', None], ['ZP-1132', 'Smoke - Similar to Tamiya TS71 - X19', None, 'Matt', None], ['ZP-1189', 'Williams FW07-FW08 Green', None, 'Matt', None], ['ZP-1231', '"Eleanor" 1967 Ford Mustang Shelby GT-500', None, 'Matt', None], ['ZP-1237', 'Yellow (Decal Matched) Red Bull', None, 'Matt', None], ['ZP-1255', 'Brake Caliper Yellow', None, 'Matt', None], ['ZP-1273', 'Ducati Rosso Red Paint for 1199 Panigale S', None, 'Matt', None], ['ZP-1279', 'Valliant Green Paint Porsche 934 Turbo RSR', None, 'Matt', None], ['ZP-1303', 'Protonic Blue BMW i8', None, 'Metallic', None], ['ZP-1303', 'Frozen Grey', None, 'Metallic', None], ['ZP-1314', 'Brabham Alfa BT46B Blue Paint', None, 'Matt', None], ['ZP-1319', 'Carbon Ceramic Grey', None, 'Matt', None], ['ZP-1328', 'Williams FW16 Blue Paint (matched to MFH Decals)', None, 'Matt', None], ['ZP-1349', 'U.S. Army Olive Drab', None, 'Matt', None], ['ZP-1368', 'Corvette C7R Racing Yellow', None, 'Matt', None], ['ZP-1388', 'Black Textured', None, 'Matt', None], ['ZP-1389', 'White Textured', None, 'Matt', None], ['ZP-1390', 'Cement Grey Textured', None, 'Matt', None], ['ZP-1391', 'Ford USA Red Engine Paint', None, 'Matt', None], ['ZP-1392', 'Chrysler USA Engine Red', None, 'Matt', None], ['ZP-1393', 'Chevy USA Red Engine Paint', None, 'Matt', None], ['ZP-1394', 'Chrysler Engine Blue', None, 'Matt', None], ['ZP-1395', 'Ford/GM Engine Blue', None, 'Matt', None], ['ZP-1403', 'Coca Cola Classic Red', None, 'Matt', None], ['ZP-1421b', 'Kawasaki H2R Frame Candy Green', None, 'Matt', None], ['ZP-1421b', 'Kawasaki H2R Frame Candy Green', None, 'Matt', None], ['ZP-1432', 'Motorcycle Fork Gold', None, 'Matt', None], ['ZP-1434', 'Brake Caliper Red', None, 'Matt', None], ['ZP-1440', 'Pagani Huayra Pearl Red (Rosso Dubai)', None, 'Matt', None], ['ZP-1466', 'Mercedes AMG GT3 Metallic Grey (Matt)', None, 'Matt', None], ['ZP-1468', 'Mercedes AMG GT R Hell Green (Matt)', None, 'Matt', None], ['ZP-1471', 'Rays - Volk Racing TE37 Bronze', None, 'Matt', None], ['ZP-1492', 'Mercedes-AMG GT3 HTP Motorsport / Mann Filter Yellow', None, 'Matt', None], ['ZP-1519', 'Espo Larrousse Lola LC90 Blue', None, 'Matt', None], ['ZP-1520', 'Zakspeed ZK891 Red', None, 'Matt', None], ['ZP-1540', 'Magnesium Paint for RS Watanabe 8 Spoke Wheels', None, 'Matt', None], ['ZP-1542', 'Ford GT Liquid Blue', None, 'Matt', None], ['ZP-1563', "Lancia 037 Rally '1983 Sanremo Rally' Red", None, 'Matt', None], ['ZP-1572', 'Haas VF-18 Light Grey', None, 'Matt', None], ['ZP-1575', 'BBS Wheel Gold', None, 'Matt', None], ['ZP-1576', 'KTM Orange Paint', None, 'Matt', None], ['ZP-1577', 'Red Textured', None, 'Textured', None], ['ZP-1578', 'Blue Textured', None, 'Textured', None], ['ZP-1581', 'Castrol Green', None, 'Matt', None], ['ZP-1582', 'Beige Textured', None, 'Textured', None], ['ZP-1583', 'Charcoal Textured', None, 'Textured', None], ['ZP-1584', 'Green Textured', None, 'Textured', None], ['ZP-1588', "Wynn's/Keatings #85 Ford GT Le Mans Purple Pearl", None, 'Matt', None], ['ZP-1589', '#66 Ford GT Le Mans Black', None, 'Matt', None], ['ZP-1590', '#67 Ford GT Le Mans Red', None, 'Matt', None], ['ZP-1591', '#69 Ford GT Le Mans Light Blue', None, 'Matt', None], ['ZP-1593', 'Hyundai i20 WRC Performance Blue', None, 'Matt', None], ['ZP-1594', 'Ford GT40 - 1966 Car #8 Yellow', None, 'Matt', None], ['ZP-1596', 'Cream Textured', None, 'Textured', None], ['ZP-1597', 'Black - Mercedes-AMG GT3 LEON CVSTOS', None, 'Matt', None], ['ZP-1598', 'Mooneyes (Moon) Yellow', None, 'Matt', None], ['ZP-1600', 'Land Rover Series III - Marine Blue (JCC)', None, 'Matt', None], ['ZP-1600', 'Land Rover Series III - Russet Brown (AAE)', None, 'Matt', None], ['ZP-1600', 'Land Rover Series III - Bronze Green (HCC)', None, 'Matt', None], ['ZP-1600', 'Land Rover Series III - Java Green (HAB)', None, 'Matt', None], ['ZP-1600', 'Land Rover Series III - Pastel Green (HCD)', None, 'Matt', None], ['ZP-1600', 'Land Rover Series III - Mid Welsh Grey (LCB)', None, 'Matt', None], ['ZP-1600', 'Land Rover Series III - Masai Red (CCC)', None, 'Matt', None], ['ZP-1600', 'Land Rover Series III - Limestone (NCJ)', None, 'Matt', None], ['ZP-1601', 'Detroit Diesel Alpine Green', None, 'Matt', None], ['ZP-1612', 'Toyota GR Supra Prominence Red', None, 'Matt', None], ['ZP-1612', 'Toyota GR Supra Black Metallic', None, 'Matt', None], ['ZP-1612', 'Toyota GR Supra Ice Grey Metallic', None, 'Matt', None], ['ZP-1612', 'Toyota GR Supra Silver Metallic', None, 'Matt', None], ['ZP-1612', 'Toyota GR Supra White Metallic', None, 'Matt', None], ['ZP-1612', 'Toyota GR Supra Lightning Yellow', None, 'Matt', None], ['ZP-1612', 'Toyota GR Supra Wasabi Concept Green', None, 'Matt', None], ['ZP-1612', 'Toyota GR Supra Matt Storm Grey', None, 'Matt', None], ['ZP-1612', 'Toyota GR Supra Deep Blue', None, 'Matt', None], ['ZP-1624', 'Sun Yellow Paint for Turner Motorsport BMW M6 GTD', None, 'Matt', None], ['ZP-1625', 'Sun Gold Mica Pearl', None, 'Matt', None], ['ZP-1627', 'Ligier J33 Blue', None, 'Matt', None], ['ZP-1629', 'Tyrrell 011 Green Paint Denim Sponsored', None, 'Matt', None], ['ZP-1631', 'Tyrrell 011 Blue Paint Candy Sponsored', None, 'Matt', None], ['ZP-1632', 'Brabham BT42 Blue Turquoise', None, 'Matt', None], ['ZP-1633', 'Williams FW19/FW20 Test Car', None, 'Matt', None], ['ZP-1635', 'Williams FW19 Blue', None, 'Matt', None], ['ZP-1636', 'Audi R8 LM GT3 Red', None, 'Matt', None], ['ZP-1637', 'Audi R8 LM GT3 Silver', None, 'Matt', None], ['ZP-1638', 'Castrol Red', None, 'Matt', None], ['ZP-1639', 'Pearl Blue Playstation BMW M6 GT3', None, 'Matt', None], ['ZP-1640', 'Light Blue Ford GT40 Mk II Ken Miles', None, 'Matt', None], ['ZP-1641', 'Cadbury Purple Pearl', None, 'Matt', None], ['ZP-1642', 'Mercedes AMG GT3 17 ADAC Total 24h Of Nurburgring 2019 Red', None, 'Matt', None], ['ZP-1643', 'BMW M6 GT3 World Cup Macau Team Aai Blue', None, 'Matt', None], ['ZP-1645', 'Mercedes AMG GT3 #71 Rolex 24h of Daytona 2019 Metallic Grey', None, 'Matt', None], ['ZP-1646', 'BMW M6 GT3 42 Zurich 24h Of Nurburgring 2017 Red', None, 'Matt', None], ['ZP-1648', 'Herme╠Çs Edition Bugatti Chiron Off White', None, 'Matt', None], ['ZP-1651', "Audi R8 LMS GT3 #29 ADAC Zurich 24h of Nurburgring '17 Green", None, 'Matt', None], ['ZP-1655', 'RedBull RB15 Blue Paint', None, 'Matt', None], ['ZP-1657', 'Toyota Carina BTCC 1993 Securicor-Omega blue', None, 'Matt', None], ['ZP-1660', 'Batman v Superman Batmobile Metallic Grey', None, 'Matt', None], ['ZP-1663', 'Honda CBR1000RR-R Fireblade SP Matt Pearl Morion Black', None, 'Matt', None], ['ZP-1664', 'Ford Mustang GT4 German Grey', None, 'Matt', None], ['ZP-1665', 'Ford Mustang GT4 White', None, 'Matt', None], ['ZP-1666', 'Volt Racing Acid Yellow for Ford Mustang GT4', None, 'Matt', None], ['ZP-1689', 'Ducati 1199 Grazie Vale', None, 'Matt', None], ['ZP-1706', 'Team WRT White - Audi R8 GT3 LMS Suzuka 10H 2018', None, 'Matt', None], ['ZP-1707', 'Craft-Bamboo Racing - Mercedes AMG GT3 GTWC Macau 2019', None, 'Matt', None], ['ZP-1708', 'San Miguel Red - McLaren GTR F1 BPR GT Zhuhai 3H', None, 'Matt', None], ['ZP-1709', 'VW ID Buzz Colours', None, 'Matt', None], ['ZP-1710', 'Pearl Glare White - CBR1000RR-R Anniversary', None, None, None], ['ZP-1712', 'Dunlop Tyre Yellow', None, 'Matt', None], ['ZP-1713', 'Goodyear Yellow Tyre Paint', None, 'Matt', None], ['ZP-1718', 'Red Bull Racing RB16 Blue', None, 'Matt', None], ['ZP-1719', 'Motorbike Chain Paints - Grey', None, 'Matt', None], ['ZP-1719', 'Motorbike Chain Paints - Black', None, 'Matt', None], ['ZP-1719', 'Motorbike Chain Paints - Gold', None, 'Matt', None], ['ZP-1719', 'Motorbike Chain Paints - Silver', None, 'Matt', None], ['ZP-3020', 'Spare Hardener for (2 Pack GLOSS Clearcoat Set ZP-3006)', None, None, None], ['ZP-3026', 'Fisheye Eliminator - Anti-Silicone Additive', None, None, None], ['ZP-3042', 'Clearcoat Lacquer', None, 'Gloss', None], ['ZP-3045', 'Matt Clearcoat Lacquer', None, 'Matt', None], ['ZP-3048', 'Airbrushing White Primer/Micro Filler', None, 'Matt', None], ['ZP-4001', 'Candy Red', None, 'Gloss', None], ['ZP-4002', 'Candy Blue', None, 'Gloss', None], ['ZP-4003', 'Candy Green', None, None, None], ['ZP-4004', 'Candy Yellow', None, 'Matt', None], ['ZP-4005', 'Candy liquid bronze', None, 'Matt', None], ['ZP-4006', 'Candy Flame red', None, 'Matt', None], ['ZP-4007', 'Candy purple', None, None, None], ['ZP-4008', 'Candy Electric Blue', None, 'Matt', None], ['ZP-4009', 'Candy Apple Green', None, 'Matt', None], ['ZP-5117', 'Basecoat Thinners', None, 'Thinners', None], ['ZP-5118', 'Cellulose Thinners', None, 'Thinners', None], ['ZP-7001', 'Gloss Black - Similar to Tamiya X1', None, 'Gloss', None], ['ZP-7002', 'White - Similar to Tamiya X2', None, 'Matt', None], ['ZP-7003', 'Royal Blue - Similar to Tamiya X3', None, 'Matt', None], ['ZP-7004', 'Blue - Similar to Tamiya X4', None, 'Matt', None], ['ZP-7005', 'Green - Similar to Tamiya X5', None, 'Matt', None], ['ZP-7006', 'Orange - Similar to Tamiya X6', None, 'Matt', None], ['ZP-7007', 'Red - Similar to Tamiya X7', None, 'Matt', None], ['ZP-7008', 'Yellow - Similar to Tamiya X8', None, 'Matt', None], ['ZP-7009', 'Brown - Similar to Tamiya X9', None, 'Matt', None], ['ZP-7010', 'Gun Metal - Similar to Tamiya X10', None, 'Matt', None], ['ZP-7011', 'Chrome Silver - Similar to Tamiya X11', None, 'Matt', None], ['ZP-7012', 'Gold Leaf - Similar to Tamiya X12', None, 'Matt', None], ['ZP-7013', 'Metallic Blue - Similar to Tamiya X13', None, 'Matt', None], ['ZP-7014', 'Sky Blue - Similar to Tamiya X14', None, 'Matt', None], ['ZP-7015', 'Light Green - Similar to Tamiya X15', None, 'Matt', None], ['ZP-7016', 'Purple - Similar to Tamiya X16', None, 'Matt', None], ['ZP-7018', 'Semi-Gloss Black - Similar to Tamiya X18', None, 'Satin', None], ['ZP-7031', 'Titanium Gold - Similar to Tamiya X31', None, 'Matt', None], ['ZP-7032', 'Titanium Silver - Similar to Tamiya X32', None, 'Matt', None], ['ZP-7033', 'Bronze - Similar to Tamiya X33', None, 'Matt', None], ['ZP-7034', 'Metallic Brown - Similar to Tamiya X34', None, 'Matt', None], ['ZP-7101', 'Flat Black - Similar to Tamiya XF1', None, 'Matt', None], ['ZP-7156', 'Metallic Grey - Similar to Tamiya XF56', None, 'Metallic', None], ['ZP-7163', 'German Grey - Similar to Tamiya XF-63', None, 'Matt', None], ['ZP-7185', 'Rubber Black - Similar to Tamiya XF-85', None, 'Matt', None], ['ZP-8007', "Ferrari Rosso Formula 1 1970's -1980's", None, 'Matt', None], ['ZP-M1000', 'Chrome - Zero Metal Finishes', None, 'Metallic', None], ['ZP-M1001', 'Light Aluminium  - Zero Metal Finishes', None, 'Metallic', None], ['ZP-M1002', 'White Aluminium Paint - 30ml - Zero Metal Finishes', None, 'Metallic', None], ['ZP-M1003', 'Medium Aluminium Paint - Zero Metal Finishes', None, 'Matt', None], ['ZP-M1004', 'Dark Aluminium Paint - Zero Metal Finishes', None, 'Matt', None], ['ZP-M1005', 'Steel - Zero Metal Finishes', None, 'Metallic', None], ['ZP-M1006', 'Copper Paint - Zero Metal Finishes', None, 'Matt', None], ['ZP-M1007', 'Pale Gold Paint - Zero Metal Finishes', None, 'Matt', None], ['ZP-M1008', 'Pale Burnt Metal - Zero Metal Finishes', None, 'Matt', None], ['ZP-M1009', 'Aluminium Paint - Zero Metal Finishes', None, 'Matt', None], ['ZP-M1010', 'Titanium Silver - Zero Metal Finishes', None, 'Matt', None], ['ZP-M1011', 'Titanium Gold - Zero Metal Finishes', None, 'Matt', None], ['ZP-MIL1001', 'Nato Green BS285', None, 'Matt', None], ['ZP-MIL1002', 'RAF Ocean Grey BS633', None, 'Matt', None], ['ZP-MIL1003', 'RAF Sky Type S BS210', None, 'Matt', None], ['ZP-MIL1004', 'RLM 62 Green', None, 'Matt', None], ['ZP-MIL1005', 'RAF Dark Earth BS450', None, 'Matt', None], ['ZP-MIL1006', 'RAF Night Aircraft Black BS642', None, 'Matt', None], ['ZP-MIL1007', 'RAF Light Aircraft Grey BS627', None, 'Matt', None], ['ZP-MIL1008', 'British Aircraft Grey-Green BS283', None, 'Matt', None], ['ZP-MIL1009', 'Aircraft Blue BS108', None, 'Matt', None], ['ZP-MIL1010', 'RLM Grey', None, 'Matt', None], ['ZP-MIL1011', 'Khaki Drab', None, 'Matt', None], ['ZP-MIL1012', 'Imperial Japanese Navy (IJN) Grey', None, 'Matt', None], ['ZP-MIL1013', 'Imperial Japanese Army (IJA) Grey', None, 'Matt', None], ['ZP-MIL1014', 'Imperial Japanese Navy (IJN) Green', None, 'Matt', None], ['ZP-MIL1015', 'Imperial Japanese Army (IJA) Green', None, 'Matt', None], ['ZP-MIL1016', 'RLM 80 Green', None, 'Matt', None], ['ZP-MIL1017', 'Neutral Grey - Similar to Tamiya AS7', None, 'Matt', None], ['ZP-WC-001', 'Wheel Colour Chrome Shadow', None, 'Matt', None], ['ZP-6021', "Show 'n' Shine Spray (for Plastic and Diecast Models)", None, 'Gloss', None], [None, None, None, 'Matt', None], ['901 - Champagne Silver', 'Nissan Paints 60ml - ZP-1065', None, 'Matt', None], ['JW0 Millennium Jade', 'Nissan GT-R (1970 - 2015) Paints 60ml - ZP-1065', None, 'Matt', None], ['White C9A', 'Porsche Paints 60ml - ZP-1031', '#fff', 'Matt', None], ['ZP-1000', 'Custom Paint Mix Ford Rivi├¿ra blue', None, 'Matt', None], ['ZP-1000', 'Custom Paint Mix Ford Monza blue', None, 'Matt', None], ['ZP-1000', 'Custom Paint Mix Audi adria blue', None, 'Matt', None], ['ZP-1000', 'Custom Paint Mix Wine Red Metallic 329 - Nissan 300ZX (Z31)', None, 'Matt', None], ['ZP-1001', 'Aston Martin DBR9 Racing Green', None, 'Matt', None], ['ZP-1001', 'Aston Martin DBR9 Racing Green', None, 'Matt', None], ['ZP-1002', 'Brilliant Blue - Similar to Tamiya TS44', None, 'Matt', None], ['ZP-1003', 'Bright Red - Similar to Tamiya TS49', None, 'Matt', None], ['ZP-1004', 'Plum Crazy Purple Pearl', None, 'Matt', None], ['ZP-1005', 'Ducati Senna Grey (Grigio Scuro)', None, 'Matt', None], ['ZP-1005', 'Ducati Classic Red (DUC 1)', '#fff', 'Matt', None], ['ZP-1005', 'Ducati Frame Grey Matt (DUC10C)', '#fff', 'Matt', None], ['ZP-1005', 'Ducati Rosso Desmosedici RR (DUC46)', '#fff', 'Matt', None], ['ZP-1005', 'Ducati Rosso V4 Red Paint for Panigale V4', None, 'Matt', None], ['ZP-1006', 'Epson NSX Blue 2005', None, 'Matt', None], ['ZP-1007', 'Ferrari Rosso Fiorano 321', None, 'Matt', None], ['ZP-1007', 'Bianco Avus (White)', None, 'Matt', None], ['ZP-1007', 'Rosso Formula 1 (Pre-2004) (Solid)', None, 'Matt', None], ['ZP-1007', 'Ferrari Rosso Monza (Ferrari 599)', None, 'Matt', None], ['ZP-1007', 'Ferrari 488 GTE (AF Corse) Rosso Barchetta', None, 'Matt', None], ['ZP-1007', '2019 Ferrari 488 GTE (AF Corse) Mica Red', None, 'Matt', None], ['ZP-1007', 'Rosso Corsa 300', None, 'Matt', None], ['ZP-1007', 'Argento Nuerburgring (Met Silver) 101-111', None, 'Matt', None], ['ZP-1007', 'Azzurro California (Met Silver) 524', None, 'Matt', None], ['ZP-1007', 'Azzurro Ferrari (Met) 515C', None, 'Matt', None], ['ZP-1007', 'Azzurro Hyperion Mica 517C', None, 'Matt', None], ['ZP-1007', 'Bianco Fuji (Pearl White) 137.739', None, 'Matt', None], ['ZP-1007', 'Bleu Montecarlo (Solid) 20-A-548', None, 'Matt', None], ['ZP-1007', 'Jewel Green - Ferrari 70th Anniversary', None, 'Matt', None], ['ZP-1007', 'Jay Kay / JamiroquaiΓÇÿs LaFerrari Bright Green', None, 'Matt', None], ['ZP-1007', 'Blu Dino - 106 A 72', None, 'Matt', None], ['ZP-1007', 'Blu Lapisazzulo - 136.713', None, 'Matt', None], ['ZP-1007', 'Verde Zeltweg (Met Green) 610', None, 'Matt', None], ['ZP-1007', 'Blu Le Mans Mica 516', None, 'Matt', None], ['ZP-1007', 'Blu Nart (Met Blue) 523', None, 'Matt', None], ['ZP-1007', 'Blu Nart (Met Blue) 523', None, 'Matt', None], ['ZP-1007', 'Blu Scozia (Solid) 593', None, 'Matt', None], ['ZP-1007', 'Ferrari Leather Colours Beige', None, 'Matt', None], ['ZP-1007', 'Blu Tour de France (Met Blue) 522', None, 'Matt', None], ['ZP-1007', 'Blue Mirabeau 290.829', None, 'Matt', None], ['ZP-1007', 'Blu Ribot A6 Sebring 503.C', None, 'Matt', None], ['ZP-1007', 'Ferrari Leather Colours Cuoio', None, 'Matt', None], ['ZP-1007', 'Canna Di Fucile (Met Black) 703.C', None, 'Matt', None], ['ZP-1007', 'Ferrari Leather Colours Bordeaux', None, 'Matt', None], ['ZP-1007', 'Giallo Fly 102 (1982 -Onwards)', None, 'Matt', None], ['ZP-1007', 'Ferrari Leather Colours Rosso FX', None, 'Matt', None], ['ZP-1007', 'Giallo Fly Y191 (1969-1973)', None, 'Matt', None], ['ZP-1007', 'Ferrari Leather Colours Sabbia', None, 'Matt', None], ['ZP-1007', 'Rosso Fluorescent Ferrari Formula 1 (2004-2006)', '#ff1400', 'Matt', None], ['ZP-1007', 'Grigio 612 Scaglietti', None, 'Matt', None], ['ZP-1007', 'Grigio Ferro 700.C', None, 'Matt', None], ['ZP-1007', 'Grigio Alloy (Silver) (Met) 750', None, 'Matt', None], ['ZP-1007', 'Grigio Ingrid (Met Silver) 720', None, 'Matt', None], ['ZP-1007', 'Grigio Titanio (Met Silver) 3238', None, 'Matt', None], ['ZP-1007', 'Iron Grey - 290.604', None, 'Matt', None], ['ZP-1007', 'Marrone Metallizato 800.C', None, 'Matt', None], ['ZP-1007', 'Nero (Black) 1240', None, 'Matt', None], ['ZP-1007', 'Grigio Silverstone 740', '#445050', 'Matt', None], ['ZP-1007', 'Nero Daytona (Met Black) 910', None, 'Matt', None], ['ZP-1007', 'Nuovo Nero Daytona (Met Black) 506', None, 'Matt', None], ['ZP-1007', 'Oro Chiaro 104.C', None, 'Matt', None], ['ZP-1007', 'Prugna Metallic 306.C', None, 'Matt', None], ['ZP-1007', 'Rosso Barchetta (Red) 312', None, 'Matt', None], ['ZP-1007', 'Rosso Corsa (322) Slightly Lighter than 300', None, 'Matt', None], ['ZP-1007', 'Rosso Dino - R-350', None, 'Matt', None], ['ZP-1007', 'Rosso Fuoco SA APERTA 4', None, 'Matt', None], ['ZP-1007', 'Rosso Chiaro  20-R-190', None, 'Matt', None], ['ZP-1007', 'Rubino Micalizzato 203.154', None, 'Matt', None], ['ZP-1007', 'Verde Opale - 290.309', None, 'Matt', None], ['ZP-1007', 'Solar Direct Orange (NOT a Ferrari Colour, Matched to FXX)', None, 'Matt', None], ['ZP-1007', 'Pastel Green for 1962 Ferrari 250 GTO Chassis: 3505GT', None, 'Matt', None], ['ZP-1007', 'Ferrari F1-75 Rosso (2022 Formula One)', None, 'Matt', None], ['ZP-1007', 'Rosso Scuderia (Red) 323', '#ff2800', 'Matt', None], ['ZP-1007', "Rosso Formula 1 1960's", None, 'Matt', None], ['ZP-1007', 'Rosso F10 Ferrari Formula 1 (2010)', '#e10a00', 'Matt', None], ['ZP-1007', 'Ferrari Cioccolato Leather Colour Paint', None, 'Matt', None], ['ZP-1007', 'Ferrari SF70H Red Paint 60ml', None, 'Matt', None], ['ZP-1007', 'Rosso Rubino R9 (1967)', None, 'Matt', None], ['ZP-1007', 'Ferrari SF71H Red', None, 'Matt', None], ['ZP-1007', 'Giallo Modena 4305 (Yellow)', None, 'Matt', None], ['ZP-1008', 'David Piper BP Green', None, 'Matt', None], ['ZP-1009', 'Fluorescent Orange', None, 'Matt', None], ['ZP-1010', 'Fluorescent Red', None, 'Matt', None], ['ZP-1011', 'Fluorescent Yellow', None, 'Fluo', None], ['ZP-1014', 'Honda Camel Yellow', None, 'Matt', None], ['ZP-1016', 'Silk Cut Purple Jaguar Racing', None, 'Matt', None], ['ZP-1017', 'Jet Black', None, 'Matt', None], ['ZP-1018', 'Trick Star Kawasaki H2R Stardust Pearl White', None, 'Matt', None], ['ZP-1018', 'Kawasaki Z1-R Stardust Silver', None, 'Matt', None], ['ZP-1018', 'ZX-RR Mica Green (KAW-ZX-RR60)', None, 'Matt', None], ['ZP-1018', 'Candy Green (KAW 33)', None, 'Matt', None], ['ZP-1018', 'Verde (Solid Lime Green KAW 3B)', None, 'Matt', None], ['ZP-1018', '2007 ZX-RR Darker Mica Green (KAW 8N)', None, 'Matt', None], ['ZP-1019', '917 Purple Hippie (Psychedelic Martini Racing Team)', None, 'Matt', None], ['ZP-1020', 'Arancio Atlas 0058 (Pearl)', None, 'Matt', None], ['ZP-1020', 'Lamborghini Murcielago Colours - Verde Draco 0089', None, 'Matt', None], ['ZP-1020', 'Lamborghini Paints Arancio Borealis Pearl L0E2-C5', '#fff', 'Matt', None], ['ZP-1020', 'Lamborghini Blu Glauco Paint', None, 'Matt', None], ['ZP-1020', 'Lamborghini Miura P400 SV Full Restoration Verde Metallazata', None, 'Matt', None], ['ZP-1020', 'Lamborghini Colours', None, 'Matt', None], ['ZP-1020', 'Verde Mantis (Lamborghini Huracan) L0L6', '#fff', 'Matt', None], ['ZP-1020', 'Lamborghini Paints 60ml - ZP-1020 Rosso 1464171 - (Red)', '#fff', 'Matt', None], ['ZP-1020', 'Lamborghini Paints 60ml - ZP-1020 Verde Miura 154513 Lime Gr', '#fff', 'Matt', None], ['ZP-1020', 'Lamborghini Paints 60ml - ZP-1020 Giallo (Miura) 249.9019', '#fff', 'Matt', None], ['ZP-1020', 'Lamborghini Miura P400 SV Full Restoration Orca (Gold)', None, 'Matt', None], ['ZP-1020', 'Nero Pegaso 0052 (Pearl)', None, 'Matt', None], ['ZP-1020', 'Nero Aldebaren 0051 (Solid)', None, 'Matt', None], ['ZP-1020', 'Grigio Avalon 0049 (Metallic)', None, 'Matt', None], ['ZP-1020', 'Grigio Antares 0048-T2 (Metallic)', None, 'Matt', None], ['ZP-1020', 'Giallo Evros 0055 (Metallic)', None, 'Matt', None], ['ZP-1020', 'Bianco Isis 0060 (Solid)', None, 'Matt', None], ['ZP-1021', 'Team Lotus Yellow (99T - 100T)', None, 'Matt', None], ['ZP-1023', 'Mazda MX-5 (Eunos) Aluminum (38P)', None, 'Matt', None], ['ZP-1023', 'Mazda MX-5 (Eunos) Chilli Orange (33J)', None, 'Matt', None], ['ZP-1023', 'Mazda MX-5 (Eunos) Chaste White (PT)', None, 'Matt', None], ['ZP-1023', 'Mazda MX-5 (Eunos) Ceramic (2015 model) (47A)', None, 'Matt', None], ['ZP-1023', 'Mazda MX-5 (Eunos) British Racing Green H 3766 (HU)', None, 'Matt', None], ['ZP-1023', 'Mazda MX-5 (Eunos) Brilliant Black Ii (HX)', None, 'Matt', None], ['ZP-1023', 'Mazda MX-5 (Eunos) Brilliant Black (PZ)', None, 'Matt', None], ['ZP-1023', 'Mazda MX-5 (Eunos) Brilliant Black (A3F)', None, 'Matt', None], ['ZP-1023', 'Mazda MX-5 (Eunos) Blue Reflex (2015 model) (42B)', None, 'Matt', None], ['ZP-1023', 'Mazda MX-5 (Eunos) Blazing Yellow (26S)', None, 'Matt', None], ['ZP-1023', 'Mazda MX-5 (Eunos) Black (16W)', None, 'Matt', None], ['ZP-1023', 'Mazda MX-5 (Eunos) Artic White (2015 model) (A4D)', None, 'Matt', None], ['ZP-1025', 'Mica Blue(TS50)', None, 'Matt', None], ['ZP-1026', 'Pure Brilliant White - Similar to Tamiya TS26', None, 'Matt', None], ['ZP-1027', 'Indi-Laser Blue 862 New Mini(BMW)', None, 'Matt', None], ['ZP-1029', 'Pearl White', None, 'Matt', None], ['ZP-1030', 'Mild Seven Blue', None, 'Matt', None], ['ZP-1031', 'Iris Blue Pearl Porsche - 39N/39V', None, 'Matt', None], ['ZP-1031', 'Porsche Vaillant green', None, 'Matt', None], ['ZP-1031', 'Porsche Mint green', '#fff', 'Matt', None], ['ZP-1031', 'Porsche Gelbgreun (1974) 137', None, 'Matt', None], ['ZP-1031', 'Porsche Mamba Green (M6S)', None, 'Matt', None], ['ZP-1031', 'Porsche Black 741/747', '#fff', 'Matt', None], ['ZP-1031', 'Viper green  (Porsche 249)', '#fff', 'Matt', None], ['ZP-1031', 'Porsche GT Silver - Y90', '#fff', 'Matt', None], ['ZP-1031', 'Porsche 911 GT3 RS Lizard Green', None, 'Matt', None], ['ZP-1031', 'Porsche Speed Yellow - 12G', '#fff', 'Matt', None], ['ZP-1031', 'Midnight Blue (39C/37W Porsche)', '#fff', 'Matt', None], ['ZP-1031', 'Porsche 911 GT3 RS Crayon Grey', None, 'Matt', None], ['ZP-1031', 'Dunkel Olive  Porsche M6X', '#fff', 'Matt', None], ['ZP-1031', 'Porsche Viola Metallic 39G', '#fff', 'Matt', None], ['ZP-1031', 'Porsche Carrara White B9A', '#fff', 'Matt', None], ['ZP-1031', 'Porsche Gt3 Orange 8C6', '#fff', 'Matt', None], ['ZP-1031', 'Porsche Paints 60ml - ZP-1031 Polar Silver Metallic 92M', None, 'Matt', None], ['ZP-1031', 'Porsche - Arctic Silver Metallic', '#fff', 'Matt', None], ['ZP-1031', 'Porsche Amethyst Metallic (M4Z)', None, 'Matt', None], ['ZP-1032', 'Mitsubishi Colours', None, 'Matt', None], ['ZP-1033', 'Signal black', '#1c1c21', 'Matt', None], ['ZP-1033', 'Jet black', '#03050a', 'Matt', None], ['ZP-1033', 'White aluminium', '#a6abb5', 'Matt', None], ['ZP-1033', 'Grey aluminium', '#7d7a78', 'Matt', None], ['ZP-1033', 'Pure white', '#faffff', 'Matt', None], ['ZP-1033', 'Graphite black', '#0d121a', 'Matt', None], ['ZP-1033', 'Traffic white', '#fcffff', 'Matt', None], ['ZP-1033', 'Traffic black', '#14171c', 'Matt', None], ['ZP-1033', 'Papyrus white', '#dbe3de', 'Matt', None], ['ZP-1033', 'Pearl light grey', '#9c9c9c', 'Matt', None], ['ZP-1033', 'RAL 3011 Brown Red', '#781417', 'Matt', None], ['ZP-1033', 'Pearl dark grey', '#7e8182', 'Matt', None], ['ZP-1033', 'Green beige', '#d6c794', 'Matt', None], ['ZP-1033', 'Beige', '#d9ba8c', 'Matt', None], ['ZP-1033', 'Sand yellow', '#d6b075', 'Matt', None], ['ZP-1033', 'Signal yellow', '#fca329', 'Matt', None], ['ZP-1033', 'Golden yellow', '#e39624', 'Matt', None], ['ZP-1033', 'Honey yellow', '#c98721', 'Matt', None], ['ZP-1033', 'Corn yellow', '#e0821f', 'Matt', None], ['ZP-1033', 'Daffodil yellow', '#e37a1f', 'Matt', None], ['ZP-1033', 'Brown beige', '#ad7a4f', 'Matt', None], ['ZP-1033', 'Lemon yellow', '#e3b838', 'Matt', None], ['ZP-1033', 'Oyster white', '#fff5e3', 'Matt', None], ['ZP-1033', 'Ivory', '#f0d6ab', 'Matt', None], ['ZP-1033', 'Light ivory', '#fcebcc', 'Matt', None], ['ZP-1033', 'Sulfur yellow', '#fff542', 'Matt', None], ['ZP-1033', 'Saffron yellow', '#ffab59', 'Matt', None], ['ZP-1033', 'Zinc yellow', '#ffd64d', 'Matt', None], ['ZP-1033', 'Grey beige', '#a38c7a', 'Matt', None], ['ZP-1033', 'Olive yellow', '#9c8f61', 'Matt', None], ['ZP-1033', 'Rapeseed yellow', '#fcbd1f', 'Matt', None], ['ZP-1033', 'Traffic yellow', '#fcb821', 'Matt', None], ['ZP-1033', 'Ochre yellow', '#b58c4f', 'Matt', None], ['ZP-1033', 'Luminous yellow', '#ffff0a', 'Matt', None], ['ZP-1033', 'Curry yellow', '#997521', 'Matt', None], ['ZP-1033', 'Melon yellow', '#ff8c1a', 'Matt', None], ['ZP-1033', 'Broom yellow', '#e3a329', 'Matt', None], ['ZP-1033', 'Dahlia yellow', '#ff9436', 'Matt', None], ['ZP-1033', 'Pastel yellow', '#f7995c', 'Matt', None], ['ZP-1033', 'Pearl beige', '#a29985', 'Matt', None], ['ZP-1033', 'Pearl gold', '#927549', 'Matt', None], ['ZP-1033', 'Sun yellow', '#eea205', 'Matt', None], ['ZP-1033', 'Yellow orange', '#e05e1f', 'Matt', None], ['ZP-1033', 'Red orange', '#ba2e21', 'Matt', None], ['ZP-1033', 'Vermillion', '#cc241c', 'Matt', None], ['ZP-1033', 'Pastel orange', '#ff6336', 'Matt', None], ['ZP-1033', 'Pure orange', '#f23b1c', 'Matt', None], ['ZP-1033', 'Luminous orange', '#fc1c14', 'Matt', None], ['ZP-1033', 'Luminous bright orange', '#ff7521', 'Matt', None], ['ZP-1033', 'Bright red orange', '#fa4f29', 'Matt', None], ['ZP-1033', 'Traffic orange', '#eb3b1c', 'Matt', None], ['ZP-1033', 'Signal orange', '#d44529', 'Matt', None], ['ZP-1033', 'Deep orange', '#ed5c29', 'Matt', None], ['ZP-1033', 'Salmon orange', '#de5247', 'Matt', None], ['ZP-1033', 'Pearl orange', '#954527', 'Matt', None], ['ZP-1033', 'Flame red', '#ab1f1c', 'Matt', None], ['ZP-1033', 'Signal red', '#a3171a', 'Matt', None], ['ZP-1033', 'Carmine red', '#a31a1a', 'Matt', None], ['ZP-1033', 'Ruby red', '#8a1214', 'Matt', None], ['ZP-1033', 'Purple red', '#690f14', 'Matt', None], ['ZP-1033', 'Wine red', '#4f121a', 'Matt', None], ['ZP-1033', 'Black red', '#2e121a', 'Matt', None], ['ZP-1033', 'Oxide red', '#5e2121', 'Matt', None], ['ZP-1033', 'Brown red', '#781417', 'Matt', None], ['ZP-1033', 'Beige red', '#cc8273', 'Matt', None], ['ZP-1033', 'Tomato red', '#961f1c', 'Matt', None], ['ZP-1033', 'Antique pink', '#d96675', 'Matt', None], ['ZP-1033', 'Light pink', '#e89cb5', 'Matt', None], ['ZP-1033', 'Coral red', '#a62426', 'Matt', None], ['ZP-1033', 'Rose', '#d13654', 'Matt', None], ['ZP-1033', 'Strawberry red', '#cf2942', 'Matt', None], ['ZP-1033', 'Traffic red', '#c71712', 'Matt', None], ['ZP-1033', 'Salmon pink', '#d9594f', 'Matt', None], ['ZP-1033', 'Luminous red', '#fc0a1c', 'Matt', None], ['ZP-1033', 'Luminous bright red', '#fc1414', 'Matt', None], ['ZP-1033', 'Raspberry red', '#b51233', 'Matt', None], ['ZP-1033', 'Pure red', '#e72512', 'Matt', None], ['ZP-1033', 'Orient red', '#ac323b', 'Matt', None], ['ZP-1033', 'Pearl ruby red', '#711521', 'Matt', None], ['ZP-1033', 'Pearl pink', '#b24c43', 'Matt', None], ['ZP-1033', 'Red lilac', '#824080', 'Matt', None], ['ZP-1033', 'Red violet', '#8f2640', 'Matt', None], ['ZP-1033', 'Heather violet', '#c9388c', 'Matt', None], ['ZP-1033', 'Claret violet', '#5c082b', 'Matt', None], ['ZP-1033', 'Blue lilac', '#633d9c', 'Matt', None], ['ZP-1033', 'Traffic purple', '#910f66', 'Matt', None], ['ZP-1033', 'Purple violet', '#380a2e', 'Matt', None], ['ZP-1033', 'Signal violet', '#7d1f7a', 'Matt', None], ['ZP-1033', 'Pastel violet', '#9e7394', 'Matt', None], ['ZP-1033', 'Telemagenta', '#bf1773', 'Matt', None], ['ZP-1033', 'Pearl violet', '#8773a1', 'Matt', None], ['ZP-1033', 'Pearl blackberry', '#6b6880', 'Matt', None], ['ZP-1033', 'Violet blue', '#17336b', 'Matt', None], ['ZP-1033', 'Green blue', '#0a3354', 'Matt', None], ['ZP-1033', 'Ultramarine blue', '#000f75', 'Matt', None], ['ZP-1033', 'Sapphire blue', '#001745', 'Matt', None], ['ZP-1033', 'Black blue', '#030d1f', 'Matt', None], ['ZP-1033', 'Signal blue', '#002e7a', 'Matt', None], ['ZP-1033', 'Brilliant blue', '#264f87', 'Matt', None], ['ZP-1033', 'Grey blue', '#1a2938', 'Matt', None], ['ZP-1033', 'Azure blue', '#174570', 'Matt', None], ['ZP-1033', 'Gentian blue', '#002b70', 'Matt', None], ['ZP-1033', 'Steel blue', '#03142e', 'Matt', None], ['ZP-1033', 'Light blue', '#2973b8', 'Matt', None], ['ZP-1033', 'Cobalt blue', '#001245', 'Matt', None], ['ZP-1033', 'Pigeon blue', '#4d6999', 'Matt', None], ['ZP-1033', 'Sky blue', '#1761ab', 'Matt', None], ['ZP-1033', 'Traffic blue', '#003b80', 'Matt', None], ['ZP-1033', 'Turquoise blue', '#389482', 'Matt', None], ['ZP-1033', 'Capri blue', '#0a4278', 'Matt', None], ['ZP-1033', 'Ocean blue', '#053333', 'Matt', None], ['ZP-1033', 'Water blue', '#1a7a63', 'Matt', None], ['ZP-1033', 'Night blue', '#00084f', 'Matt', None], ['ZP-1033', 'Distant blue', '#2e528f', 'Matt', None], ['ZP-1033', 'Pastel blue', '#578cb5', 'Matt', None], ['ZP-1033', 'Pearl Gentian blue', '#296478', 'Matt', None], ['ZP-1033', 'Pearl night blue', '#102c54', 'Matt', None], ['ZP-1033', 'Patina green', '#337854', 'Matt', None], ['ZP-1033', 'Emerald green', '#266629', 'Matt', None], ['ZP-1033', 'Leaf green', '#265721', 'Matt', None], ['ZP-1033', 'Olive green', '#3d452e', 'Matt', None], ['ZP-1033', 'Blue green', '#0d3b2e', 'Matt', None], ['ZP-1033', 'Moss green', '#0a381f', 'Matt', None], ['ZP-1033', 'Grey olive', '#292b24', 'Matt', None], ['ZP-1033', 'Bottle green', '#1c2617', 'Matt', None], ['ZP-1033', 'Brown green', '#21211a', 'Matt', None], ['ZP-1033', 'Fir green', '#17291c', 'Matt', None], ['ZP-1033', 'Grass green', '#366926', 'Matt', None], ['ZP-1033', 'Reseda green', '#5e7d4f', 'Matt', None], ['ZP-1033', 'Black green', '#1f2e2b', 'Matt', None], ['ZP-1033', 'Reed green', '#75734f', 'Matt', None], ['ZP-1033', 'Yellow olive', '#333026', 'Matt', None], ['ZP-1033', 'Black olive', '#292b26', 'Matt', None], ['ZP-1033', 'Turquoise green', '#0f7033', 'Matt', None], ['ZP-1033', 'May green', '#408236', 'Matt', None], ['ZP-1033', 'Yellow green', '#4fa833', 'Matt', None], ['ZP-1033', 'pastel green', '#bfe3ba', 'Matt', None], ['ZP-1033', 'Chrome green', '#263829', 'Matt', None], ['ZP-1033', 'Pale green', '#85a67a', 'Matt', None], ['ZP-1033', 'Brown olive', '#2b261c', 'Matt', None], ['ZP-1033', 'Traffic green', '#249140', 'Matt', None], ['ZP-1033', 'Fern green', '#4a6e33', 'Matt', None], ['ZP-1033', 'Opal green', '#0a5c33', 'Matt', None], ['ZP-1033', 'Light green', '#7dccbd', 'Matt', None], ['ZP-1033', 'Pine green', '#264a33', 'Matt', None], ['ZP-1033', 'Mint green', '#127826', 'Matt', None], ['ZP-1033', 'Signal green', '#298a40', 'Matt', None], ['ZP-1033', 'Mint turquoise', '#428c78', 'Matt', None], ['ZP-1033', 'Pastel turquoise', '#7dbdb5', 'Matt', None], ['ZP-1033', 'Pearl green', '#1b542c', 'Matt', None], ['ZP-1033', 'Pearl opal green', '#005d4c', 'Matt', None], ['ZP-1033', 'Pure green', '#25e712', 'Matt', None], ['ZP-1033', 'Luminous green', '#00f700', 'Matt', None], ['ZP-1033', 'Squirrel grey', '#738591', 'Matt', None], ['ZP-1033', 'Silver grey', '#8794a6', 'Matt', None], ['ZP-1033', 'Olive grey', '#7a7561', 'Matt', None], ['ZP-1033', 'Moss grey', '#707061', 'Matt', None], ['ZP-1033', 'Signal grey', '#9c9ca6', 'Matt', None], ['ZP-1033', 'Mouse grey', '#616969', 'Matt', None], ['ZP-1033', 'Beige grey', '#6b6157', 'Matt', None], ['ZP-1033', 'Khaki grey', '#695438', 'Matt', None], ['ZP-1033', 'Green grey', '#4d524a', 'Matt', None], ['ZP-1033', 'Tarpaulin grey', '#4a4f4a', 'Matt', None], ['ZP-1033', 'Iron grey', '#404a54', 'Matt', None], ['ZP-1033', 'Basalt grey', '#4a5459', 'Matt', None], ['ZP-1033', 'Brown grey', '#474238', 'Matt', None], ['ZP-1033', 'Slate grey', '#3d4252', 'Matt', None], ['ZP-1033', 'Anthracite grey', '#262e38', 'Matt', None], ['ZP-1033', 'Black grey', '#1a2129', 'Matt', None], ['ZP-1033', 'Umbra grey', '#3d3d3b', 'Matt', None], ['ZP-1033', 'Concrete grey', '#7a7d75', 'Matt', None], ['ZP-1033', 'Graphite grey', '#303845', 'Matt', None], ['ZP-1033', 'Granite grey', '#263338', 'Matt', None], ['ZP-1033', 'Stone grey', '#918f87', 'Matt', None], ['ZP-1033', 'Blue grey', '#4d5c6b', 'Matt', None], ['ZP-1033', 'Pebble grey', '#bdbaab', 'Matt', None], ['ZP-1033', 'Cement grey', '#7a8275', 'Matt', None], ['ZP-1033', 'Yellow grey', '#8f8770', 'Matt', None], ['ZP-1033', 'Light grey', '#d4d9db', 'Matt', None], ['ZP-1033', 'Platinum grey', '#9e969c', 'Matt', None], ['ZP-1033', 'Dusty grey', '#7a7d80', 'Matt', None], ['ZP-1033', 'Agate grey', '#babdba', 'Matt', None], ['ZP-1033', 'Quartz grey', '#615e59', 'Matt', None], ['ZP-1033', 'Window grey', '#9ea3b0', 'Matt', None], ['ZP-1033', 'Traffic grey A', '#8f9699', 'Matt', None], ['ZP-1033', 'Traffic grey B', '#404545', 'Matt', None], ['ZP-1033', 'Silk grey', '#c2bfb8', 'Matt', None], ['ZP-1033', 'Telegrey 1', '#8f949e', 'Matt', None], ['ZP-1033', 'Telegrey 2', '#78828c', 'Matt', None], ['ZP-1033', 'Telegrey 4', '#d9d6db', 'Matt', None], ['ZP-1033', 'Pearl mouse grey', '#888175', 'Matt', None], ['ZP-1033', 'Green brown', '#7d5c38', 'Matt', None], ['ZP-1033', 'Ochre brown', '#91522e', 'Matt', None], ['ZP-1033', 'Signal brown', '#6e3b30', 'Matt', None], ['ZP-1033', 'Clay brown', '#733b24', 'Matt', None], ['ZP-1033', 'Copper brown', '#85382b', 'Matt', None], ['ZP-1033', 'Fawn brown', '#5e331f', 'Matt', None], ['ZP-1033', 'Olive brown', '#633d24', 'Matt', None], ['ZP-1033', 'Nut brown', '#47261c', 'Matt', None], ['ZP-1033', 'Red brown', '#541f1f', 'Matt', None], ['ZP-1033', 'Sepia brown', '#38261c', 'Matt', None], ['ZP-1033', 'Chestnut brown', '#4d1f1c', 'Matt', None], ['ZP-1033', 'Mahogany brown', '#3d1f1c', 'Matt', None], ['ZP-1033', 'Chocolate brown', '#2e1c1c', 'Matt', None], ['ZP-1033', 'Grey brown', '#2b2629', 'Matt', None], ['ZP-1033', 'Black brown', '#0d080d', 'Matt', None], ['ZP-1033', 'Orange brown', '#9c4529', 'Matt', None], ['ZP-1033', 'Beige brown', '#6e4030', 'Matt', None], ['ZP-1033', 'Pale brown', '#664a3d', 'Matt', None], ['ZP-1033', 'Terra brown', '#402e21', 'Matt', None], ['ZP-1033', 'Pearl copper', '#773c27', 'Matt', None], ['ZP-1033', 'Cream', '#fffcf0', 'Matt', None], ['ZP-1033', 'Grey white', '#f0ede6', 'Matt', None], ['ZP-1033', 'Signal white', '#ffffff', 'Matt', None], ['ZP-1034', 'Lotus Essex Blue', None, 'Matt', None], ['ZP-1039', 'Williams FW16 Rothmans Blue', None, 'Matt', None], ['ZP-1040', 'Mclaren SLR Colours', '#fff', 'Matt', None], ['ZP-1041', 'Subaru 555 Rally Blue (1997-2002) (74F)', None, 'Metallic', None], ['ZP-1041', 'Subaru Paints 555 Rally Montecarlo Blue (1994-1996) 53C', None, 'Matt', None], ['ZP-1041', 'Subaru Colours', '#fff', 'Matt', None], ['ZP-1041', 'Subaru World Rally Blue (02C)', '#0736f8', 'Metallic', None], ['ZP-1042', 'Top Secret Pearl', None, 'Matt', None], ['ZP-1044', 'Yamaha MotoGP Extreme Yellow', None, 'Matt', None], ['ZP-1045', 'Yamaha MotoGP Gauloises Extreme Blue', None, 'Matt', None], ['ZP-1047', 'Mica Silver - similar to TS76', None, 'Matt', None], ['ZP-1049', 'VW Ipanema Brown LY8Y', '#fff', 'Matt', None], ['ZP-1049', 'Jazz Brown - VW Audi LY8W', '#fff', 'Matt', None], ['ZP-1049', 'Volkswagen-Audi Colours', '#fff', 'Matt', None], ['ZP-1050', 'Semi Gloss Black', None, 'Satin', None], ['ZP-1052', 'Racing White - Similar to Tamiya TS7', None, 'Matt', None], ['ZP-1053', 'Lotus T127 Mica Pearl Green', None, 'Matt', None], ['ZP-1054', 'Lola T70 Royal Blue', None, 'Matt', None], ['ZP-1055', 'Xirallic Crystal White', None, 'Matt', None], ['ZP-1056', 'Jaquar Racing F1 Green', None, 'Matt', None], ['ZP-1057', 'J├ñgermeister Orange for sponsored Race Cars', None, 'Matt', None], ['ZP-1059', 'Pearlescent Orange', None, 'Matt', None], ['ZP-1060', 'Williams F1 BMW FW24 Blue', None, 'Matt', None], ['ZP-1062', 'Bentley Speed 8 Green', None, 'Matt', None], ['ZP-1063', 'Mclaren Orange', None, 'Matt', None], ['ZP-1064', 'Alpine Renault A110 Blue', None, 'Matt', None], ['ZP-1065', 'Nissan GT-R (R35/CBA) LAC Midnight Purple', '#fff', 'Matt', None], ['ZP-1065', 'Nissan Bayside Blue (TV2)', None, 'Matt', None], ['ZP-1065', 'Nissan GT-R (R34) KY0 Z-Tune Special Silver', '#fff', 'Matt', None], ['ZP-1065', 'Nissan GT-R (R33) BT2 Champion Blue (LeMans)', '#fff', 'Matt', None], ['ZP-1065', 'Nissan GT-R (1970 - 2015) Paints - ZP-1065 KPGC10 White', '#fff', 'Matt', None], ['ZP-1065', 'Nissan GT-R (1970 - 2015) - ZP-1065 KH2 - Gunmetal Grey', None, 'Matt', None], ['ZP-1065', 'Nissan GT-R (1970 - 2015) - ZP-1065 EBG - Katsura Orange', '#fff', 'Matt', None], ['ZP-1065', 'Nissan GT-R (1970 - 2015) - ZP-1065 LP2 - Midnight Purple', None, 'Matt', None], ['ZP-1065', 'Nissan Safari Gold 920 Paint (240Z - Hakosuka) Ltd Edition', None, 'Matt', None], ['ZP-1065', 'Nissan 240ZG Grand Prix Maroon', None, 'Matt', None], ['ZP-1066', 'Mclaren MP4 (Marlboro) Red', None, 'Matt', None], ['ZP-1067', 'Tyrrell Blue', None, 'Matt', None], ['ZP-1068', 'Corvette C5R-C6R Yellow', None, 'Matt', None], ['ZP-1069', 'Lotus Martini Green', None, 'Matt', None], ['ZP-1070', 'Yamaha YZR-M1 Camel Yellow MotoGP', None, 'Matt', None], ['ZP-1071', 'Fiat/Lancia Colours', '#fff', 'Matt', None], ['ZP-1077', 'Rothmans Racing Dark Blue Porsche/Honda', None, 'Matt', None], ['ZP-1079', 'Mercedes GP Petronas Silver', '#fff', 'Matt', None], ['ZP-1080', 'Shelby Cobra Guardsman Blue', '#fff', 'Matt', None], ['ZP-1082', 'Rubber Black(TS82)', '#fff', 'Matt', None], ['ZP-1083', 'Audi R8 Colours', '#fff', 'Matt', None], ['ZP-1083', 'Samoa Orange Audi R8', '#fff', 'Matt', None], ['ZP-1083', 'Daytona Grey Audi R8', '#fff', 'Matt', None], ['ZP-1083', 'Ibis White Audi R8 - R10', '#fff', 'Matt', None], ['ZP-1083', 'Audi RS - Nogaro Blue', '#fff', 'Matt', None], ['ZP-1083', 'Ice Silver - Audi R8/R10', '#fff', 'Matt', None], ['ZP-1084', 'Neon Pink', None, 'Matt', None], ['ZP-1085', 'Renault F1 Yellow RS01-RE20', None, 'Matt', None], ['ZP-1086', 'Jordan F1 Yellow -197,198,199', None, 'Matt', None], ['ZP-1087', 'British Racing Green', None, 'Matt', None], ['ZP-1088', 'Camel Trophy Yellow', None, 'Matt', None], ['ZP-1089', 'Yamaha YZR500 (Kenny Roberts)', None, 'Matt', None], ['ZP-1090', 'Walter Wolf Racing F1 Midnight Blue', None, 'Matt', None], ['ZP-1091', 'Brabham Alfa Red', None, 'Matt', None], ['ZP-1092', 'Aston Martin Le Mans Gulf Blue', None, 'Matt', None], ['ZP-1093', 'Light Blue(TS23)', None, 'Matt', None], ['ZP-1094', 'Gold(TS21)', None, 'Matt', None], ['ZP-1095', 'French Blue(TS10)', None, 'Matt', None], ['ZP-1098', 'Alfa Romeo Rosso (red)', None, 'Matt', None], ['ZP-1098', 'Rosso Alfa', '#fff', 'Matt', None], ['ZP-1099', 'Pennzoil Chrome Yellow', None, 'Matt', None], ['ZP-1100', 'Ford Colours (Europe)', None, 'Matt', None], ['ZP-1101', 'Honda RA272 - RA273 Racing White', None, 'Matt', None], ['ZP-1102', 'Citro├½n DS19 - Jaune Jonquille 305', None, 'Matt', None], ['ZP-1102', 'Citro├½n DS19 - Aubergine 406', None, 'Matt', None], ['ZP-1102', 'Citro├½n DS19 - Jaune Panama 307', None, 'Matt', None], ['ZP-1102', 'Citro├½n DS19 - Vert M├⌐l├¿ze 507', None, 'Matt', None], ['ZP-1102', 'Citro├½n DS19 - Vert Olive 510', None, 'Matt', None], ['ZP-1102', 'Citro├½n DS19 - Vert H├⌐r├⌐da 518', None, 'Matt', None], ['ZP-1102', 'Citro├½n DS19 - Rouge Carmin 411', None, 'Matt', None], ['ZP-1102', 'Citro├½n DS19 - Noir 200', None, 'Matt', None], ['ZP-1102', 'Citro├½n DS19 - Leu Provence 612', None, 'Matt', None], ['ZP-1102', 'Citro├½n DS19 - Gris Typhon 147', None, 'Matt', None], ['ZP-1102', 'Citro├½n DS19 - Gris sable 104', None, 'Matt', None], ['ZP-1102', 'Citro├½n DS19 - Gris Palladium 108', None, 'Matt', None], ['ZP-1102', 'Citro├½n DS19 - Gris dΓÇÖ ete 106', None, 'Matt', None], ['ZP-1102', 'Citro├½n DS19 - Gris ciel de Lourds 120', None, 'Matt', None], ['ZP-1102', 'Citro├½n DS19 - Gris Ardoise 105', None, 'Matt', None], ['ZP-1102', 'Citro├½n DS19 - Gris Anthracite 101', None, 'Matt', None], ['ZP-1102', 'Citro├½n DS19 - Ecaille Blonde 306', None, 'Matt', None], ['ZP-1102', 'Citro├½n DS19 - Champagne 134', None, 'Matt', None], ['ZP-1102', 'Citro├½n DS19 - Bleu Monte-Carlo 605', None, 'Matt', None], ['ZP-1102', "Citro├½n DS19 - Bleu d'Orient 616", None, 'Matt', None], ['ZP-1102', 'Citro├½n DS19 - Blanc Paros 102', None, 'Matt', None], ['ZP-1102', 'Citro├½n DS19 - Blanc Carrare 144', None, 'Matt', None], ['ZP-1102', 'Citro├½n DS19 - Beige Antillais 309', None, 'Matt', None], ['ZP-1102', 'Citro├½n DS19 - Bleu Nuage 604', None, 'Matt', None], ['ZP-1102', 'Citro├½n DS19 - Gris Rose 136', None, 'Matt', None], ['ZP-1103', 'Gulf Blue (917 and GT40)', None, 'Matt', None], ['ZP-1105', 'Pearl Yellow', None, 'Matt', None], ['ZP-1107', 'Cobra Viking Blue', None, 'Matt', None], ['ZP-1108', 'Tansanite Blue Mercedes Benz DB359', '#3c529c', 'Matt', None], ['ZP-1109', 'Can-Am Mclaren Orange', None, 'Matt', None], ['ZP-1112', 'Neon Pink Mica Pearl', None, 'Matt', None], ['ZP-1113', 'Metallic Black - Similar to Tamiya TS40', None, 'Matt', None], ['ZP-1114', 'Italian Red - Similar to Tamiya TS8', None, 'Matt', None], ['ZP-1117', 'Fluorescent Green', None, 'Matt', None], ['ZP-1118', "Yamaha YZR500 '99 Blue", None, 'Matt', None], ['ZP-1119', 'Sauber C9 Dark Blue', None, 'Matt', None], ['ZP-1120', 'Silver', None, 'Matt', None], ['ZP-1121', 'Lotus F1 Black', None, 'Matt', None], ['ZP-1123', 'Mica Red(TS39)', '#fff', 'Matt', None], ['ZP-1124', 'Matt Black', None, 'Matt', None], ['ZP-1125', 'Leyton House Aquamarine Blue', None, 'Matt', None], ['ZP-1126', 'BLMC Rover Group Colours', '#fff', 'Matt', None], ['ZP-1127', 'Daytona Violet', None, 'Matt', None], ['ZP-1127', 'BMW Champagne Quartz', None, 'Matt', None], ['ZP-1127', 'BMW Yas Marina Blue', None, 'Matt', None], ['ZP-1127', 'BMW Lime Rock Grey Metallic', None, 'Matt', None], ['ZP-1127', 'BMW Misano Blue Pearl', None, 'Matt', None], ['ZP-1127', 'BMW Urban Green', None, 'Matt', None], ['ZP-1127', 'BMW Austin Yellow', None, 'Matt', None], ['ZP-1127', 'BMW Sakhir Orange Pearl', None, 'Matt', None], ['ZP-1127', 'BMW Snapper Rocks Blue Pearl', None, 'Matt', None], ['ZP-1127', 'Estoril Blue - BMW 335', '#fff', 'Matt', None], ['ZP-1128', 'Honda S2000 Paints Royal Navy Blue Pearl: B-523P', '#fff', 'Matt', None], ['ZP-1128', 'Honda(cars) Colours', '#fff', 'Matt', None], ['ZP-1129', 'Toyota 2000GT Bendix Yellow Paint', None, 'Matt', None], ['ZP-1131', 'Metallic Grey(MS5)', '#fff', 'Matt', None], ['ZP-1134', 'Camel Yellow(TS34)', '#fff', 'Matt', None], ['ZP-1135', 'Harrods Mclaren F1 GTR Yellow', '#fff', 'Matt', None], ['ZP-1136', 'March F1 Red(STP)', None, 'Matt', None], ['ZP-1137', 'Aston Martin', '#fff', 'Matt', None], ['ZP-1137', 'Aston Martin Casino Royale Silver (James Bond)', '#9dabc8', 'Matt', None], ['ZP-1138', 'Tyrrell Honda 020 Gun Metal', None, 'Matt', None], ['ZP-1139', 'Corvette C5-R Lemans Xenon Blue 2003', '#fff', 'Matt', None], ['ZP-1140', 'Red Bull, Toro Rosso Metallic Blue', '#fff', 'Matt', None], ['ZP-1141', 'Lotus 79 "Rebaque" Brown', '#fff', 'Matt', None], ['ZP-1144', 'Yellow(TS16)', '#fff', 'Matt', None], ['ZP-1146', 'Metallic Red(TS18)', '#fff', 'Matt', None], ['ZP-1147', 'Chrome Yellow(TS47)', '#fff', 'Matt', None], ['ZP-1148', 'Pink PIG Porsche 917/20', '#fff', 'Matt', None], ['ZP-1150', 'Blue Violet - Similar to Tamiya TS57', None, 'Matt', None], ['ZP-1152', 'Ligier JS41 Dark Blue', None, 'Matt', None], ['ZP-1153', 'Rob Walker Racing Dark Blue', None, 'Matt', None], ['ZP-1157', 'Simtek F1 Blue', None, 'Matt', None], ['ZP-1158', 'Racing Blue(TS51)', '#fff', 'Matt', None], ['ZP-1159', 'Coral Blue(TS41)', '#fff', 'Matt', None], ['ZP-1160', 'Purple(TS24)', '#fff', 'Matt', None], ['ZP-1161', 'Mint Green for Kei Office S15 Silvia', '#fff', 'Matt', None], ['ZP-1163', 'Brabham BT52 Blue', None, 'Matt', None], ['ZP-1164', 'Sunoco Blue', '#fff', 'Matt', None], ['ZP-1165', 'Pearl Red Mica', '#fff', 'Matt', None], ['ZP-1166', 'Pearl Purple Mica', '#fff', 'Matt', None], ['ZP-1167', 'Pearl Bleu Mica', '#fff', 'Matt', None], ['ZP-1168', 'Pearl Green Mica', '#fff', 'Matt', None], ['ZP-1169', 'Dark British Racing Green', '#fff', 'Matt', None], ['ZP-1171', 'Lexus LFA Colours', '#fff', 'Matt', None], ['ZP-1171', 'Lexus LFA Paints 9K5 - Sunset Orange', None, 'Matt', None], ['ZP-1171', 'Lexus LFA Whitest White', '#fff', 'Matt', None], ['ZP-1172', 'Hemi Orange/General Lee', '#fff', 'Matt', None], ['ZP-1173', 'Orange(TS12)', None, 'Matt', None], ['ZP-1174', 'Brilliant Orange(TS56)', '#fff', 'Matt', None], ['ZP-1175', 'Light Metallic Blue(TS54)', '#fff', 'Matt', None], ['ZP-1176', 'Light Green(TS22)', '#fff', 'Matt', None], ['ZP-1177', 'British Green(TS9)', '#fff', 'Matt', None], ['ZP-1178', 'Blue(TS15)', '#fff', 'Matt', None], ['ZP-1179', 'Graphite Grey', '#fff', 'Matt', None], ['ZP-1180', 'Grey Basecoat 9 Shades', '#fff', 'Matt', None], ['ZP-1181', 'Nismo Clarion Hot Pink', '#fff', 'Matt', None], ['ZP-1184', 'Jordan 193 Blue', '#fff', 'Matt', None], ['ZP-1185', 'Jordan 195 Turquoise', '#fff', 'Matt', None], ['ZP-1186', 'Matra MS80 Light Blue', None, 'Matt', None], ['ZP-1187', 'Brabham BT55 Dark Blue', None, 'Matt', None], ['ZP-1188', 'Racing Green(TS43)', '#fff', 'Matt', None], ['ZP-1189', 'Williams FW07 - FW08 Green', None, 'Matt', None], ['ZP-1192', 'Metallic Green (TS20)', '#fff', 'Matt', None], ['ZP-1194', 'Ford GT Blue GT1 2010', None, 'Matt', None], ['ZP-1195', 'Lamborghini Aventador Colours', '#fff', 'Matt', None], ['ZP-1197', 'Eagle T1G Pearl Blue', '#fff', 'Matt', None], ['ZP-1198', 'Jordan 196', '#fff', 'Matt', None], ['ZP-1201', 'Beta Orange(March/Surtees)', '#fff', 'Matt', None], ['ZP-1202', 'Ligier JS11 Blue', None, 'Matt', None], ['Zp-1204', 'Orange H8R Toyota GT86', '#fff', 'Matt', None], ['ZP-1204', 'Toyota 86/Scion FR-s/Subaru BRZ', '#fff', 'Matt', None], ['ZP-1204', 'Toyota GR86 Spark Red', None, 'Matt', None], ['ZP-1204', 'Toyota GR86 Crystal White', None, 'Matt', None], ['ZP-1204', 'Toyota GR86 Ice Silver', None, 'Matt', None], ['ZP-1205', 'Bullitt Mustang Metallic Green', '#fff', 'Matt', None], ['ZP-1206', 'Lotus 56B Gold', None, 'Matt', None], ['ZP-1207', 'Fluorescent Pink', '#fff', 'Matt', None], ['ZP-1209', 'Yamaha FZR750 Gauloises Blue', '#fff', 'Matt', None], ['ZP-1212', 'Pescarolo Judd 2011', '#fff', 'Matt', None], ['ZP-1213', 'Brabham BT33 Mexico GP 1970', '#fff', 'Matt', None], ['ZP-1216', 'London Routemaster Bus Red', '#fff', 'Matt', None], ['ZP-1217', 'Arrows Orange', '#fff', 'Matt', None], ['ZP-1218', 'Grabber Blue CI Ford Mustang Shelby', None, 'Matt', None], ['ZP-1218', 'Ford Mustang Shelby - UA Black', '#fff', 'Matt', None], ['ZP-1218', 'Basecoat Paint Grabber Blue CI Ford Mustang Shelby 60ml', '#fff', 'Matt', None], ['ZP-1226', 'Marc VDS Racing Silver(Ford GT)', '#fff', 'Matt', None], ['Zp-1227', 'Belgium Racing yellow', '#fff', 'Matt', None], ['ZP-1228', 'Repsol Orange', '#fff', 'Matt', None], ['ZP-1229', 'Sunoco Yellow', '#fff', 'Matt', None], ['ZP-1230', 'Newman Porsche Yellow', '#fff', 'Matt', None], ['ZP-1231', 'Ford Mustang GT500 Eleanor Pepper Grey', '#fff', 'Matt', None], ['ZP-1232', 'Expert Orange', '#fff', 'Matt', None], ['ZP-1234', 'Hexis Racing Mclaren MP4/12C', '#fff', 'Matt', None], ['ZP-1235', 'Vodafone/Ludo Mobil', '#fff', 'Matt', None], ['ZP-1236', 'Grabber Orange Ford Mustang M3659', None, 'Matt', None], ['ZP-1239', 'Lancia Delta HF Integrale Evo - Madas Blue(Pearlescent)429/A', '#fff', 'Matt', None], ['ZP-1239', 'Lancia Delta HF Integrale Evo Colours', '#fff', 'Matt', None], ['ZP-1242', 'Mercedes CLK GTR Brilliant Silver', '#fff', 'Matt', None], ['ZP-1244', 'Petronas Green Paint 60ml', None, 'Matt', None], ['ZP-1246', 'Yellow/Orange  McLaren MP4-12C GT3 in Macau 2011', '#fff', 'Matt', None], ['ZP-1251', 'Castrol Metallic Green', None, None, None], ['ZP-1258', 'McLaren MP4/12C GT3 purper pearl', '#fff', 'Matt', None], ['ZP-1259', 'Gulf Orange', None, 'Matt', None], ['ZP-1261', 'Castrol Green Lotus 107B', None, 'Matt', None], ['ZP-1269', 'Winfield Tobacco Red', '#fff', 'Matt', None], ['ZP-1270', 'Jordan EJ11 Yellow Paint', None, 'Matt', None], ['ZP-1271', 'Sublime Pearl Green - Dodge', '#fff', 'Matt', None], ['ZP-1273', 'Ducati 1199 Panigale S Rosso', '#fff', 'Matt', None], ['ZP-1274', 'Gun Metal', '#fff', 'Metallic', None], ['ZP-1276', 'Vailant Green - Porsche 934 Turbo RSR', '#fff', 'Matt', None], ['ZP-1296', 'Mercedes-Benz 300SL Gullwing Elfenbein/Ivory (DB608)', '#fff', 'Matt', None], ['ZP-1296', 'Mercedes-Benz 300SL Gullwing Blaugrau/Blue Grey (DB166)', '#fff', 'Matt', None], ['ZP-1296', 'Mercedes-Benz 300SL Gullwing Silber/Silver (DB180)', None, 'Matt', None], ['ZP-1297', 'DHL Yellow', None, 'Matt', None], ['ZP-1301', 'Kevlar', '#fff', 'Matt', None], ['ZP-1304', 'Inferno Orange Genreral Motors 28-502Q', '#fff', 'Matt', None], ['ZP-1306', 'Synergy Green Chevrolet Camaro', '#fff', 'Matt', None], ['ZP-1308', 'Bentley Blower 4.5 Litre 1930 Green', '#fff', 'Matt', None], ['ZP-1309', 'Maroon Paint - Similar to TS11 60ml - ZP-1309', None, 'Matt', None], ['ZP-1311', 'Basecoat Champagne Gold (TS-75) 60ml (pre-thinned)', '#fff', 'Metallic', None], ['ZP-1315', 'Lancia 037 Rally Chardonnet 1984 Tour de Corse Blue', '#fff', 'Matt', None], ['ZP-1316', 'Silver (Martini Porsche 917)', None, 'Matt', None], ['ZP-1316', 'Porsche 917 Paints Porsche Salzburg Red #23', None, 'Matt', None], ['ZP-1316', 'Porsche 917 Paints Martini White', None, 'Matt', None], ['ZP-1319', 'Carbon Ceramic Grey (Brake Discs etc)', '#fff', 'Matt', None], ['ZP-1323', 'Carbon Grey (use w/ Scale Motor Sports carbon fibre decals)', None, 'Matt', None], ['ZP-1324', 'Petty Blue', None, 'Matt', None], ['ZP-1325', 'Porsche Pure White LC9A', None, 'Matt', None], ['ZP-1325', 'Porsche 918 Pure White (L C9A)', '#fff', 'Matt', None], ['ZP-1325', 'Porsche 918 Liquid Metal Chrome Blau 3R7', '#fff', 'Matt', None], ['ZP-1332', 'Diamond White for Belkits Ford Escort MK1 WRC', '#fff', 'Matt', None], ['ZP-1333', 'Mclaren MP4/30 Graphite Grey Mid Season', None, 'Matt', None], ['ZP-1334', 'Pure Brilliant White - Similar to Tamiya TS26', None, 'Matt', None], ['ZP-1342', 'Bright Red Starsky and Hutch Ford Gran Torino', '#ce4845', 'Matt', None], ['ZP-1344', 'Chrysler Tangerine', None, 'Matt', None], ['ZP-1345', 'Chrysler Electric Lime Green', None, 'Matt', None], ['ZP-1346', 'Kouros Blue', '#fff', 'Matt', None], ['ZP-1347', '"Black Amber" Scania R730 V8 / Italeri 3897', None, 'Matt', None], ['ZP-1348', 'British Army Green (Land Rovers)', None, 'Matt', None], ['ZP-1350', 'U.S. Army Willis Jeep Green', None, 'Matt', None], ['ZP-1351', 'Brown for Ford Escort MKI RS1600 (Colibri Lighters)', None, 'Matt', None], ['ZP-1352', 'Aston Martin Onix Black', '#fff', 'Matt', None], ['ZP-1353', 'JCB Yellow (Lighter)', None, 'Matt', None], ['ZP-1354', 'JCB Yellow (Darker)', None, 'Matt', None], ['ZP-1355', 'John Deere Yellow', None, 'Matt', None], ['ZP-1356', 'John Deere Green', None, 'Matt', None], ['ZP-1357', 'Liebherr Yellow (Heavy Equipment & Machinery)', None, 'Matt', None], ['ZP-1358', 'Caterpillar Yellow (Heavy Plant and Machinery)', None, 'Matt', None], ['ZP-1359', 'Volvo Yellow (Heavy Plant and Machinery)', None, 'Matt', None], ['ZP-1360', 'Massey Ferguson Red', None, 'Matt', None], ['ZP-1361', 'Claas Lime Green (Farm Equipment)', None, 'Matt', None], ['ZP-1362', 'Landini Light Blue (Farm Equipment)', None, 'Matt', None], ['ZP-1363', 'Red Arrows - Signal Red Gloss', None, 'Gloss', None], ['ZP-1364', 'Christine Red - Plymouth Fury', None, 'Matt', None], ['ZP-1368', 'Corvette C7.R Racing Yellow', None, 'Matt', None], ['ZP-1369', 'RWB Rotana Porsche 993 Purple', None, 'Matt', None], ['ZP-1372', "Panther Pink / Moulin Rouge 70's Dodge / Plymouth", None, 'Matt', None], ['ZP-1384', 'Mercedes-Benz Actros Brilliant Silver', None, 'Matt', None], ['ZP-1386', 'Mercedes 300SL Carrera Panamericana 2004 Yellow', None, 'Matt', None], ['ZP-1388', 'Textured Black', None, 'Textured', None], ['ZP-1389', 'White Textured', None, 'Matt', None], ['ZP-1397', "1970's Dodge Challenger R/T green Go 60ml (pre-thinned)", None, 'Matt', None], ['ZP-1399', 'American School Bus Yellow', None, 'Matt', None], ['ZP-1400', 'Maritime Blue - (for Italia DAF XF105 kit IT-3920)', None, 'Matt', None], ['ZP-1401', 'Fast and Furious 6 Ford Escort Mk 1 Blue', None, 'Matt', None], ['ZP-1402', 'Ice Blue Pearl for Liberty Walk GC111 Skyline (Ken Mar', None, 'Matt', None], ['ZP-1404', 'Coca Cola New Red', None, 'Matt', None], ['ZP-1405', 'Union Oil Co 76 Orange', None, 'Matt', None], ['ZP-1406', 'Aston Martin DBR3S LM Metallic Green', None, 'Matt', None], ['ZP-1407', 'Dark Green - #73 Nissan Skyline 2000 GT-R KPGC110', None, 'Matt', None], ['ZP-1408', 'Vivid Royal Blue - Aston Martin DBR9', None, 'Matt', None], ['ZP-1410', 'Basecoat Paint Dodge Challnger Go Mango metallic orange 60ml', '#fff', 'Matt', None], ['ZP-1410', 'Basecoat Paint Dodge Challenger Bright White 60ml', '#fff', 'Matt', None], ['ZP-1411', 'Lime Green - The Fast and The Furious - Mitsubishi Eclipse', None, 'Matt', None], ['ZP-1413', 'Fast and the Furious Toyota Supra Orange Pearl', None, 'Matt', None], ['ZP-1414', 'Ducati 1199 Superleggera Corsa Red', None, 'Matt', None], ['ZP-1417', "Racing Red Nissan 1970's Safari Rally Bluebird 1600 SSS/240Z", None, 'Matt', None], ['ZP-1419', 'Ferguson TE20 ΓÇ¥Petit GrisΓÇ¥ Grey', None, 'Matt', None], ['ZP-1420', 'Metallic White', None, 'Matt', None], ['ZP-1424', 'Maserati MC12 Blue', None, 'Matt', None], ['ZP-1425', 'RWB Rauh Passion Porsche 993 Turquoise', None, 'Matt', None], ['ZP-1426', 'BMW R75 German Military Motorcycle Sand Yellow', None, 'Matt', None], ['ZP-1427', 'BMW R75 German Military Motorcycle Black Grey', None, 'Matt', None], ['ZP-1428', 'UPS Brown', None, 'Matt', None], ['ZP-1431', 'Nitrous Blue - Ford Focus RS', None, 'Matt', None], ['ZP-1433', 'Nassau Blue 1965 Chevrolet Corvette Stingray', None, 'Matt', None], ['ZP-1436', 'Blue - Onyx Grand Prix ORE 1', None, 'Matt', None], ['ZP-1437', "Labatt's Blue (BMW M3, Ford Sierra RS500 Cosworth)", None, 'Matt', None], ['ZP-1438', 'LB Performance Zero Fighter (Combat Style) Grey', None, 'Matt', None], ['ZP-1439', 'Herbie Volkswagen Beetle Pearl White', None, 'Matt', None], ['ZP-1440', 'Pearl Red Pagani Huayra', None, 'Matt', None], ['ZP-1441', 'McLaren 570S Ventura Orange (Pearl)', None, 'Matt', None], ['ZP-1442', 'Mercedes-AMG GT Brilliant Blue Metallic (896)', None, 'Matt', None], ['ZP-1442', 'Mercedes-AMG GT Cardinal Red Metallic (996)', None, 'Matt', None], ['ZP-1442', 'Mercedes-AMG GT Magnetite Black Metallic (183)', None, 'Matt', None], ['ZP-1442', 'Mercedes-AMG GT Mars Red (Feueropal) (590)', None, 'Matt', None], ['ZP-1442', 'Mercedes-AMG GT Selenite Grey (297)', None, 'Matt', None], ['ZP-1442', 'Mercedes-AMG GT Selenite Grey Metallic (992)', None, 'Matt', None], ['ZP-1442', 'Mercedes-AMG GT Black (040)', None, 'Matt', None], ['ZP-1442', 'Mercedes AMG GT Iridium Silver Metallic (775)', None, 'Matt', None], ['ZP-1444', 'Sea Blue', None, 'Matt', None], ['ZP-1445', 'Grey for Porsche 934 1979 #84 Le Mans', None, 'Matt', None], ['ZP-1446', 'Camel Yellow for BMW M3 E30 - El Corte Ingles Rally', None, 'Matt', None], ['ZP-1450', "Chevrolet Le Mans Blue (Fast and Furious '69 Chev)", None, 'Matt', None], ['ZP-1453', 'White silver', None, 'Matt', None], ['ZP-1454', 'Metallic Blue - Similar to Tamiya PS16', None, 'Matt', None], ['ZP-1457', 'Jordan Honda Civic EK9 Yellow', None, 'Matt', None], ['ZP-1458', 'French Gendarmerie Blue', None, 'Matt', None], ['ZP-1460', 'Yamaha R1-R6 Deep Purplish Blue Metallic', None, 'Matt', None], ['ZP-1464', 'Green BMW M3 E30 Tic Tac Valier Motorsport', None, 'Matt', None], ['ZP-1465', 'Honda CR750/CB750 Bronze', None, 'Matt', None], ['ZP-1466', 'Mercedes AMG GT3 Metallic Grey (Matt)', None, 'Matt', None], ['ZP-1468', 'Mercedes AMG GT R Hell Green Magno', None, 'Matt', None], ['ZP-1469', 'Moto Guzzi V7 Arma dei Carabinieri Bleu', None, 'Matt', None], ['ZP-1470', 'Norton 750 Commando PR - Norvil Yellow', None, 'Matt', None], ['ZP-1472', 'Nato Black', None, 'Matt', None], ['ZP-1473', 'Navy Blue (US Navy) - Similar to Tamiya AS8', None, 'Matt', None], ['ZP-1474', 'Pearl Beige (Scania R730 Streamline Chimera)', None, 'Matt', None], ['ZP-1478', 'Aluminium Mercedes-Benz W125', None, 'Matt', None], ['ZP-1479', 'Source Silver Metallic - SlipSpeed Silver - NH837M', None, 'Matt', None], ['ZP-1479', '130R White - Ulexite White - NH854 (Solid)', None, 'Matt', None], ['ZP-1479', 'Nord Gray Metallic - Titanite Grey - G544M', None, 'Matt', None], ['ZP-1479', 'Berlin Black - Berlina Black D.S. NH547 (Solid)', None, 'Matt', None], ['ZP-1479', 'Curva Red - Rosso Racing - R559 (Solid)', None, 'Matt', None], ['ZP-1479', 'Nouvelle Blue Pearl B605P Immersion Blue', None, 'Matt', None], ['ZP-1479', 'Valencia Red Pearl - R 36M', None, 'Matt', None], ['ZP-1479', 'Casino White Pearl  - Satin Streak - NH839P', None, 'Matt', None], ['ZP-1480', 'Tyre Black', None, 'Matt', None], ['ZP-1481', 'Mercedes AMG GT3 Team Black Falcon Blue', None, 'Matt', None], ['ZP-1484', 'Aston Martin Vantage GTE - Sterling Green', None, 'Matt', None], ['ZP-1485', "Peugeot 206 WRC 2001 'Platinum Silver'", None, 'Matt', None], ['ZP-1486', 'Misubishi Lancer Evo VI/VIII WRC Passion Red', None, 'Matt', None], ['ZP-1487', 'Peugeot 206 WRC 2003 Rally Red', None, 'Matt', None], ['ZP-1488', 'Mini Cooper S - 1964 Monte Carlo Rally Winner Tartan Red', None, 'Matt', None], ['ZP-1489', 'Jaguar D Type Ecurie Ecosse Blue', None, 'Matt', None], ['ZP-1492', 'Mercedes-AMG GT3 HTP Motorsport / Mann Filter Yellow', None, 'Matt', None], ['ZP-1496', 'Verde Jaguar XJ-S Tom Walkinshaw Racing Green', None, 'Matt', None], ['ZP-1499', 'Hitachi Orange Excavator Colour', None, 'Matt', None], ['ZP-1501', 'Zagato Rosso San Siro Lancia Fulvia Competizione', '#fff', 'Matt', None], ['ZP-1502', 'ZP-1502 BMW 2002 Sahara 006', '#fff', 'Matt', None], ['ZP-1502', "BMW 2002 (1970's) Paints - ZP-1502 Chamonix - 085", None, 'Matt', None], ['ZP-1502', "BMW 2002 (1970's) Paints - ZP-1502 Colorado - 002 Orange", '#fff', 'Matt', None], ['ZP-1504', 'Deep Magenta Chevrolet Camero', '#fff', 'Matt', None], ['ZP-1505', 'MCLAREN F1 GTR Lark Pink', None, 'Matt', None], ['ZP-1507', 'Pearl Blue Porsche 962C Le Mans 24 Hours 1990', None, 'Matt', None], ['ZP-1510', 'Renault 8 Gordini Blue (Bleu Gordini)', None, 'Matt', None], ['ZP-1511', 'Honda NSR 250 Cup Noodle Gold', None, 'Matt', None], ['ZP-1512', 'Roger Clark Cossack Escort Mk2 Red', None, 'Matt', None], ['ZP-1513', 'Prost Peugeot AP01 Pearl Blue', None, 'Matt', None], ['ZP-1514', 'Ligier LS43 Blue', None, None, None], ['ZP-1515', 'Bastos Red for Bastos Sponsored Cars', None, 'Matt', None], ['ZP-1516', 'Mitsubishi Evo IV Scotia White', None, 'Matt', None], ['ZP-1517', 'Calsonic Blue', None, 'Matt', None], ['ZP-1521', 'Porsche 991 RSR Pig Pink LM 2018', '#fff', 'Matt', None], ['ZP-1533', 'Team EVA Racing AMG GT Purple', '#fff', 'Matt', None], ['ZP-1536', 'Maserati 250F Red', None, 'Matt', None], ['ZP-1542', 'Ford GT Liquid Blue', None, 'Matt', None], ['zp-1543', 'Mercedes SLS GT3 #70 Blancpain GT Team Viatti Yellow', None, 'Matt', None], ['ZP-1544', 'Lancia Delta S4 Rally 1986 Monte Carlo Rally White (210)', None, 'Matt', None], ['ZP-1545', 'Ford GT Liquid Red', None, 'Matt', None], ['ZP-1546', 'Ford GT Frozen White', None, 'Matt', None], ['ZP-1547', 'Ford GT Ingot Silver', None, 'Matt', None], ['ZP-1548', 'Ford GT Triple Yellow', None, 'Matt', None], ['ZP-1550', 'BRP / UDT Laystall Racing Team Racing Green', None, 'Matt', None], ['ZP-1551', 'Ford GT40 Honey Gold', None, 'Matt', None], ['ZP-1553', 'BMW M6 GT3 Alpine White', None, 'Matt', None], ['ZP-1554', 'Gotta Have it Green - Ford USA', None, 'Matt', None], ['ZP-1562', 'McLaren Mauvine Blue', None, 'Matt', None], ['ZP-1564', 'McLaren Volcano Orange', None, 'Matt', None], ['ZP-1567', 'Ford Mustang 2019 - Lightning Blue', None, 'Matt', None], ['ZP-1569', 'McLaren Mantis Green', None, 'Matt', None], ['ZP-1570', 'McLaren Graphite Grey', None, 'Matt', None], ['ZP-1576', 'KTM Orange', None, 'Matt', None], ['ZP-1586', 'Ford Mustang Calypso Green', None, 'Matt', None], ['ZP-1586', 'Ford Colonial White 8103', None, 'Matt', None], ['ZP-1586', 'Ford Springtime Yellow 8', None, 'Matt', None], ['ZP-1586', 'Ford Holly Green 7D-1237', None, 'Matt', None], ['ZP-1586', 'Ford Fiesta Red (Thunderbird) 70618-DAL', None, 'Matt', None], ['ZP-1586', 'Lincoln Starmist White 23-DQE70671', None, 'Matt', None], ['ZP-1587', 'Porsche 911 Martini Silver', None, 'Matt', None], ['ZP-1599', 'Yellow Pearl Aston Martin GTE Le Mans 2019', None, 'Matt', None], ['ZP-1606', 'Rolls Royce Phantom II Star of India Saffron Ochre', None, 'Matt', None], ['ZP-1607', 'TNT Orange', None, 'Matt', None], ['ZP-1609', 'Rosso Alfa Romeo 8C 2300 Monza', None, 'Matt', None], ['ZP-1613', 'Lancia Beta Montecarlo Gr. 5 Pearl Blue', None, 'Matt', None], ['ZP-1614', 'Arrows A2 Gold', None, 'Matt', None], ['ZP-1621', 'Fiat 806 Grand Prix Rosso', None, 'Matt', None], ['ZP-1622', 'Lancia D50 Rosso/Red', None, 'Matt', None], ['ZP-1626', 'Black Gold for LB Works Nissan GT-R R35 Type 2 Ver. 1', None, 'Matt', None], ['ZP-1634', 'Silver Mica Paint Sauber C9 Le Mans 1989', None, 'Matt', None], ['ZP-1648', 'Herm├¿s Edition Bugatti Chiron Off White', None, 'Matt', None], ['ZP-1650', 'Bugatti Type 35 French Racing Blue', None, 'Matt', None], ['ZP-1653', "Ford Mustang 1960's - Dark Moss Green", None, 'Matt', None], ['ZP-1658', 'Ford Mustang - Need for Green', None, 'Matt', None], ['ZP-1659', 'Ford Mustang - Dark Highland Green', None, 'Matt', None], ['ZP-1672', 'Ferrari F40 LM 1995 Le Mans "Pilot" Blue', None, 'Matt', None], ['ZP-1676', 'Tabac Original Sonax Team AMG-Mercedes C-Klasse', None, 'Matt', None], ['ZP-1677', 'Senna McLaren Trophy Mira Orange', None, 'Matt', None], ['ZP-1678', 'Senna McLaren Vision Victory Grey', None, 'Matt', None], ['ZP-1680', 'SukiΓÇÖs VeilSide Honda S2000 Pink (2 Fast 2 Furious)', None, 'Matt', None], ['ZP-1682', "Johnny Tran's Honda S2000 Pink Black", None, 'Matt', None], ['ZP-1685', 'Mustang Twister Orange', None, 'Matt', None], ['ZP-1688', 'Ford GT40 Mk II Black Paint - Team Shelby American', None, 'Matt', None], ['ZP-1690', 'Audi A4 BTCC Silver', None, 'Matt', None], ['ZP-1700', 'BWT Racing Pink', None, 'Matt', None], ['ZP-1701', 'Tiffany Blue', None, 'Matt', None], ['ZP-1702', 'Pepsi Blue', None, 'Matt', None], ['ZP-1703', 'Skoda RS Rally2 Hyper Green', None, 'Matt', None], ['ZP-1711', 'RBW Green - Porsche 993', None, 'Matt', None], ['ZP-1724', "BMW M3 E30 90's Fuji Intertec Class Winner - Blue", None, 'Matt', None], ['ZP-3004', 'Gloss Black', None, 'Gloss', None], ['ZP-3018', 'Gloss White', None, 'Gloss', None], ['ZP-3022', 'Pre-Thinned Paint Sealer', None, 'Matt', None], ['ZP-3024', 'Pink Primer', None, 'Matt', None], ['ZP-3025', 'Spare Hardener for (2 Pack GLOSS Clearcoat Set ZP-3006)', None, 'Gloss', None], ['ZP-3030', 'Metal Primer', None, 'Matt', None], ['ZP-3032', 'Light Grey Primer', None, 'Matt', None], ['ZP-3035b', 'Diamond Clearcoat (hardener)', '#fff', 'Gloss', None], ['ZP-3035c', 'Diamond Finish (Thinner)', '#fff', 'Thinners', None], ['ZP-3035c', 'Diamond Clearcoat (Thinner)', '#fff', 'Thinners', None], ['ZP-3040', 'Clearcoat Lacquer 60ml - Pre-thinned ready for Airbrushing', None, 'Gloss', None], ['ZP-3047', 'Airbrushing White Primer/Micro Filler 60ml', None, 'Matt', None], ['ZP-4010', 'Medium Metallic SILVER Groundcoat for Candy Paints', None, 'Matt', None], ['ZP-4011', 'Fine Metallic SILVER Groundcoat for Candy Paints', None, 'Matt', None], ['ZP-4012', 'Medium Metallic Silver Base for Candy Colours', None, 'Metallic', None], ['ZP-4013', 'Course Metallic SILVER Groundcoat for Candy Paints', None, 'Matt', None], ['ZP-4014', 'Extra Fine Metallic GOLD Groundcoat for Candy Paints', None, 'Metallic', None], ['ZP-4101', 'Interior Paints - Brown Grey', None, 'Matt', None], ['ZP-4102', 'Interior Paints - Stone Grey', None, 'Matt', None], ['ZP-4103', 'Interior Paints - Pinky White', None, 'Matt', None], ['ZP-4104', 'Interior Paints - Dirty White', None, 'Matt', None], ['ZP-4105', 'Interior Paints - Grey Blue', None, 'Matt', None], ['ZP-4106', 'Interior Paints - Lavender', None, 'Matt', None], ['ZP-4107', 'Interior Paints - Rose Grey', None, 'Matt', None], ['ZP-4108', 'Interior Paints - Beige 1', None, 'Matt', None], ['ZP-4109', 'Interior Paints - Violet Grey', None, 'Matt', None], ['ZP-4110', 'Interior Paints - Grey II', None, 'Matt', None], ['ZP-4111', 'Interior Paints - Olive Grey', None, 'Matt', None], ['ZP-4112', 'Interior Paints - Coral', None, 'Matt', None], ['ZP-4113', 'Interior Paints - Blue Grey', None, 'Matt', None], ['ZP-4114', 'Interior Paints - Off White', None, 'Matt', None], ['ZP-4115', 'Interior Paints - Medium Grey', None, 'Matt', None], ['ZP-4116', 'Interior Paints - Dark Grey', None, 'Matt', None], ['ZP-4117', 'Interior Paints - Ochre 1', None, 'Matt', None], ['ZP-4118', 'Interior Paints - Cement', None, 'Matt', None], ['ZP-4119', 'Interior Paints - Grey Green', None, 'Matt', None], ['ZP-4120', 'Interior Paints - Ochre 2', None, 'Matt', None], ['ZP-4121', 'Interior Paints - Agate Grey', None, 'Matt', None], ['ZP-4122', 'Interior Paints - Mink', None, 'Matt', None], ['ZP-4123', 'Interior Paints - Beige 2', None, 'Matt', None], ['ZP-4124', 'Interior Paints - Cream', None, 'Matt', None], ['ZP-4125', 'Interior Paints - Black Leather', None, 'Satin', None], ['ZP-4126', 'Interior Paints - Saddle Tan Leather', None, 'Matt', None], ['ZP-4208', 'Pale Yellow', None, 'Matt', None], ['ZP-7034', 'Metallic Brown - Similar to Tamiya X34', None, 'Metallic', None], ['ZP-INT-0000', 'Interior Paint Range', '#fff', 'Matt', None], [None, None, '#fff', 'Cleaners', None], [None, None, None, 'Matt', None], ['ZP-1334', 'Pure Brilliant White - Similar to Tamiya TS26', None, 'Matt', None], ['ZP-1335', 'Gloss Black', None, 'Matt', None], ['ZP-1336', 'Semi-Gloss Black', None, 'Matt', None], ['ZP-1337', 'Gloss White', None, 'Matt', None], ['ZP-1338', 'Matt Black', None, 'Matt', None], ['ZP-3001', 'Grey Primer/Micro Filler', '#b0b9b6', 'Matt', None], ['ZP-3002', 'Clearcoat Lacquer', '#ffffff', 'Matt', None], ['ZP-3010', 'Spare 2 Pack Thinners', None, 'Thinners', None], ['ZP-3019', 'Black Primer', None, 'Matt', None], ['ZP-3024', 'Pink Primer', '#ffc8c8', 'Matt', None], ['ZP-3035a', 'Diamond Clearcoat (Finish)', '#fff', 'Gloss', None], ['ZP-3036', 'Red Oxide Primer 100ml for Airbrushing', None, 'Matt', None], ['ZP-1335', 'Gloss Black Paint', '#fff', 'Gloss', None], ['ZP-1336', 'Semi-Gloss Black Paint', '#fff', 'Satin', None], ['ZP-1337', 'Basecoat Paint Gloss White 120ml (pre-thinned)', '#fff', 'Matt', None], ['ZP-1338', 'Matt Black Paint', '#fff', 'Matt', None], ['ZP-3007', 'Etch primer', '#fff', 'Matt', None], ['ZP-3023', 'White Primer', '#fff', 'Matt', None], ['ZP-5114', 'Basecoat Thinner 120ml', '#fff', 'Thinners', None], ['ZP-5119', 'Paint Remover for Plastic (Paint Stripper)', '#fff', None, None], [None, None, '#fff', 'Cleaners', None], ['ZP-1219', 'Black - Similar to Tamiya TS14', '#fff', 'Matt', None], ['ZP-1220', 'Pure Brilliant White(TS26)', '#fff', 'Matt', None], ['ZP-1221', 'Semi Gloss Black(TS29)', '#fff', 'Satin', None], ['ZP-1222', 'Gloss Black', '#fff', 'Gloss', None], ['ZP-1223', 'Matt Black(TS6)', '#fff', 'Matt', None], ['ZP-3003', 'Clearcoat Lacquer (Pre-Thinned)', '#fff', 'Gloss', None], ['ZP-3008', 'Grey Filler Primer', None, 'Matt', None], ['ZP-3015', 'White Filler Primer', '#ffffff', 'Matt', None], ['ZP-3017', 'Gloss white', '#fff', 'Gloss', None], ['ZP-3034', 'Light Grey Primer 250ml Airbrush Ready', None, 'Matt', None], ['ZP-5101', 'Airbrush Cleaner 250ml', '#fff', 'Cleaners', None], ['ZP-5102', 'Basecoat Thinners', None, 'Thinners', None], ['ZP-1451', 'Broadspeed Ford Escort Mk1', None, 'Matt', None], [None, None, '#c80014', 'Metallic', None], ['ZP-1007', 'Giallo Triplo Strato 159.753', None, 'Matt', None], ['ZP-1007', 'Blue and Yellow for Ferrari 250 GTO Chassis: 3445GT', None, 'Matt', None], ['ZP-1007', 'BP Green and Yellow for Ferrari 250 GTO Chassis: 3676GT', None, 'Matt', None], ['ZP-1007', 'Rosso Formula 1 F60 2009', None, 'Matt', None], ['ZP-1020', 'Lamborghini Blu Monterey', None, 'Matt', None], ['ZP-1020', 'Giallo Midas', None, 'Paint sets', None], ['ZP-1020', 'Lamborghini Aventador LP720-4 50th Anniv 50┬░ Giallo Maggio', None, 'Matt', None], ['ZP-1020', 'Giallo Orion Flash 0056 (Pearl)', None, 'Matt', None], ['ZP-1020', 'Bianco Canopus (Matt)', None, 'Matt', None], ['ZP-1020', 'Arancio Argos Mica 0117 (Pearl)', None, 'Matt', None], ['ZP-1065', 'Nissan Colours GT-R (R35/CBA) QAB Brilliant Pearl White', '#fff', 'Matt', None], ['ZP-1065', 'Nissan Primera Mystic Green (Red/Green) Flip', None, 'Matt', None], ['ZP-1137', 'Aston Martin Lime Essence Pearl Paints', None, 'Paint sets', None], ['ZP-1210', 'Light and Dark Blue Yamaha YZF 750 Tech 21', None, 'Matt', None], ['ZP-1243', 'Skoda Fabia S2000 Green', None, 'Paint sets', None], ['ZP-1248', 'Team Gunston Paint Set 2x30ml', None, 'Matt', None], ['ZP-1442', 'Mercedes-AMG GT Diamond White Metallic (799)', None, 'Matt', None], ['ZP-1443', 'BMW M3 MM-Diebels DTM Green & Gold', None, 'Matt', None], ['ZP-1448', 'Midnight Purple 3 - LX0 Nissan GT-R R34', None, 'Matt', None], ['ZP-1461', 'Yamaha YZF R1 Vivid Red / Pearl White', None, 'Matt', None], ['ZP-1463', 'Fast and Furious Platinum Pearl/Pearl Blue', None, 'Matt', None], ['ZP-1467', 'Mercedes AMG GT3 "Battlefield 1" Candy Orange', None, 'Matt', None], ['ZP-1475', 'Volkswagen T1 Samba Bus (Sealing Wax - Chestnut Brown)', None, 'Matt', None], ['ZP-1475', 'Volkswagen T1 Samba Bus (Sealing Wax - Beige Grey)', None, 'Matt', None], ['ZP-1475', 'Volkswagen Type 2 (T1) L31 Taubenblau (Dove Blue)', None, 'Matt', None], ['ZP-1482', 'Audi Quattro Sport S1', None, 'Matt', None], ['ZP-1490', 'BMW M3 - DTM 1988 Team Alpina - Green/Blue', None, 'Matt', None], ['ZP-1494', 'Mclaren F1 GTR 1997 - Pearl Gulf Blue and Fluorescent Orange', None, 'Matt', None], ['ZP-1497', 'Bugatti Vision Gran Turismo - Light and Dark Blue', None, 'Matt', None], ['ZP-1509', '1996 Gulf liveried GTC McLaren F1 GTR', None, 'Matt', None], ['ZP-1518', 'Ford Escort RS Cosworth WRC "Usine" RAC Rally 1998', None, 'Matt', None], ['ZP-1527', 'Opel Manta - Blue and Yellow', None, 'Matt', None], ['ZP-1528', 'Yamaha YZR R1M - Aluminium and Racing Blue', None, 'Matt', None], ['ZP-1530', 'MG Metro 6R4 Computervision - White and Blue', None, 'Matt', None], ['ZP-1531', 'MG Metro 6R4 Rothmans - White and Blue', None, 'Matt', None], ['ZP-1532', 'Honda CB750 Four - Candy Orange', None, 'Matt', None], ['ZP-1534', 'Veilside Fortune RX-7 Pearl Orange/Black', None, 'Matt', None], ['ZP-1535', 'Mclaren GTR 1995 Le Man Winner Car 59 Ueno Clinic', None, 'Matt', None], ['ZP-1539', 'Sunoco Blue and Yellow', None, 'Matt', None], ['ZP-1541', 'Light/Dark Blue Paint for Chevrolet Cruze 1.6T 2012 WTCC', None, 'Matt', None], ['ZP-1549', 'Suzuki GSX-RR 2016 - Triton Blue', None, 'Matt', None], ['ZP-1552', 'Yamaha M1 2014 Movistar Blue', None, 'Matt', None], ['ZP-1565', '2006 Ford GT Heritage Livery Edition Blue and Orange', None, 'Matt', None], ['ZP-1602', 'McLaren MP4 Red & White', None, 'Matt', None], ['ZP-1603', 'Walter Wolf Midnight Blue and Gold', None, 'Matt', None], ['ZP-1604', 'Red Bull RB6 Metallic Blue and Yellow', None, 'Matt', None], ['ZP-1605', 'Rothmans - White and Blue', None, 'Matt', None], ['ZP-1608', 'Yoshimura (Suzuki GSX-R750) Red and Metallic Grey', None, 'Matt', None], ['ZP-1610', 'Yokohama Advan Sponsored - Red and Black', None, 'Matt', None], ['ZP-1615', 'Alfa Romeo 179C Bright Red and White', None, 'Matt', None], ['ZP-1616', 'Alfa Romeo 179c Fluorescent Red and White', None, 'Matt', None], ['ZP-1617', 'Renault RE30 1981 Yellow and White', None, 'Matt', None], ['ZP-1619', 'TVR Reflex Purple Flip', None, 'Matt', None], ['ZP-1620', 'Brabham BT52 and BT52B Blue and White', None, 'Matt', None], ['ZP-1623', 'Suzuki Hayabusa - Pearl Deep Blue/Sonic Silver', None, 'Matt', None], ['ZP-1628', 'Fall Guy 1982 GMC K-2500 Met Brown /Gold', None, 'Matt', None], ['ZP-1630', 'Suzuki Hayabusa - Candy Grand Blue', None, 'Matt', None], ['ZP-1644', 'Honda Super Cub', None, 'Matt', None], ['ZP-1649', 'Suzuki GSX-R750 Red/Black', None, 'Matt', None], ['ZP-1652', 'Surtees TS-9 Blue/Yellow', None, 'Matt', None], ['ZP-1654', 'Renault R23 Blue/Yellow', None, 'Matt', None], ['ZP-1662', 'Honda CBR1000RR-R Fireblade SP Grand Prix Red/Blue', None, 'Matt', None], ['ZP-1671', 'Peugeot 306 Maxi 1996 Rally Monte Carlo Blue/White Paint Set', None, 'Matt', None], ['ZP-1683', "Han's S15 Mona Lisa Blue/Orange Paint Set", None, 'Paint sets', None], ['ZP-1684', 'Team Suzuki ECSTAR GSX-RR Blue/Silver Paint Set', None, 'Paint sets', None], ['ZP-1687', 'Alfa Romeo Guilia Quadrifoglio 361/B Rosso Comp. Paint Set', None, 'Paint sets', None], ['ZP-1688', 'Alfa Romeo Quadrifoglio Montreal Green', None, 'Paint sets', None], ['ZP-1704', 'Rossi 46 Team WRT Audi R8 LMS Paint Set 2x30ml', None, 'Paint sets', None], ['ZP-1705', 'Black & Gold Bugatti Chiron Supersport (2x30ml)', None, 'Paint sets', None], ['ZP-1455-1456', 'AN Fitting (Hose Joints/Ends) Clear Red and Blue', None, 'Matt', None], ['ZP-1203', 'Mazda 787B Renown paint set', None, 'Paint sets', None], ['ZP-1415', 'Ford GT Le Mans 2016 - Daytona 2016', None, 'Matt', None], ['ZP-1477', 'Ducati 1199 Martini Racing', None, 'Matt', None], ['ZP-1529', 'Opel Manta 400 Group B - Andrews Heat for Hire', None, 'Matt', None], ['ZP-1537', 'Benneton B195', None, 'Matt', None], ['ZP-1580', 'Alitalia (Lancia) Green, Red and White', None, 'Matt', None], ['ZP-1592', '#68 Ford GT Le Mans 2019', None, 'Matt', None], ['ZP-1611', 'Benetton B190B (1991 Livery) Yellow - Blue - Green', None, 'Matt', None], ['ZP-1656', 'Brabham BT60B Pink - Dark Blue - Light Blue Paint Set', None, 'Paint sets', None], ['ZP-1673', 'Renault Alpine A110 ΓÇô 1973 ΓÇô Tour De Corse Red-White-Blue', None, 'Matt', None], ['ZP-1679', 'Citroe╠ên C3 WRC 2018 Red - White - Metallic Grey Paint Set', None, 'Paint sets', None], ['ZP-1691', 'Minardi M189 Paint Set', None, 'Paint sets', None], ['ZP-1421', 'Kawasaki H2R Paint set', None, 'Paint sets', None], ['ZP-1459', 'The A Team', None, 'Paint sets', None], [None, None, None, 'Matt', None], ['ZD-FL001', 'Flocking Powder - Black', None, 'Matt', None], ['ZD-FL002', 'Flocking Powder - Bright Red', None, 'Matt', None], ['ZD-FL003', 'Flocking Powder - Blue', None, 'Matt', None], ['ZD-FL005', 'Flocking Powder - Bisque Tan (Beige)', '#fff', 'Matt', None], ['ZD-FL006', 'Flocking Powder - Charcoal (Grey)', None, 'Matt', None], ['ZD-FL007', 'Flocking Powder - Rust (Orange/Brown)', None, 'Matt', None], ['ZD-FL008', 'Flocking Powder - Cardinal Red (Dark Red)', '#fff', 'Matt', None], ['ZD-FL009', 'Flocking Powder - Wine Red', None, 'Matt', None], ['ZD-FL011', 'Flocking Powder - Purple', None, 'Matt', None], ['ZD-FL018', 'Flocking Powder - Light Grey', None, 'Matt', None], ['ZP-1410-PB', 'Dodge Challenger Pitch Black', None, 'Matt', None], ['ZP-3005', 'Starter Pack - 2 Pack GLOSS Clearcoat Set (2K Urethane)', '#fff', None, None], ['ZP-1012', 'Gulf Blue and Orange', None, None, None], ['ZP-1015', 'Honda RC211V Telefonica Movistar', None, None, None], ['ZP-1020', 'Verde Artemis (40th Anniversary)', '#fff', None, None], ['ZP-1024', 'Mclaren West F1 (MP4/13 to MP4/20A)', None, None, None], ['ZP-1028', "Open Interface Tom's SC430", None, None, None], ['ZP-1035', 'Repsol Honda RC211V 2002', '#fff', None, None], ['ZP-1043', 'Fortuna/Spain No.1 YZR-M1 No.7/ No.33', '#fff', None, None], ['ZP-1046', 'Spiderman Themed YZR-M1', '#fff', None, None], ['ZP-1048', "Yamaha YZR-M1 Valencia MOTOGP Poear White '05", '#fff', None, None], ['ZP-1051', 'Fortuna Honda RC211V 2002', '#fff', None, None], ['ZP-1058', 'Gulf Metallic Blue and Champagne', '#fff', None, None], ['ZP-1061', "Suzuki RGV Telefonica '01", None, None, None], ['ZP-1076', 'Toleman TG184 Candy Version', None, None, None], ['ZP-1106', 'Lotus 78 Imperial Tobacco', None, None, None], ['ZP-1111', 'Xanavi Red/Silver', '#fff', None, None], ['ZP-1115', 'Xanavi Motul Nismo GT-R', '#fff', None, None], ['ZP-1142', 'Yamaha YZR-M1 Team Fiat', '#fff', None, None], ['ZP-1145', 'Virgin VR-01', '#fff', None, None], ['ZP-1149', 'Deep Metallic Blue(TS53)', '#fff', None, None], ['ZP-1154', 'Ferrari F60', '#fff', None, None], ['ZP-1156', 'Monter Tech3 Yamaha YZR-M1', '#fff', None, None], ['ZP-1162', 'Porsche 962C Shell', '#fff', None, None], ['ZP-1171', 'Pearl White 077-Lexus', '#fff', None, None], ['ZP-1182', "Q8 Oil/Ford Sierra '89", '#fff', None, None], ['ZP-1183', 'Rizla/Suzuki Pearl Bleu', '#fff', None, None], ['ZP-1190', 'Benetton Ford B192', '#fff', None, None], ['ZP-1190', 'Benetton Ford B192', None, None, None], ['ZP-1191', 'Alan Mann Racing Red/Gold', None, None, None], ['ZP-1195', 'Lamborghini Arancio Argos 0117', '#fff', None, None], ['ZP-1196', 'Spyker F8-V11 2007', '#fff', None, None], ['ZP-1199', '2008 Fiat Yamaha Team - Catalunya GP - Rossi #46 Blue & W', '#fff', None, None], ['ZP-1200', 'BRM Racing Green/Orange', None, None, None], ['ZP-1211', "Scott Racing Team Honda RS250RW '07", '#fff', None, None], ['ZP-1225', '"Go Fast" Ford Fiesta WRC 2012', '#fff', None, None], ['ZP-1233', "Yamaha YZR500 '88 set", '#fff', None, None], ['ZP-1238', '1984 Honda NSR500 Set', '#fff', None, None], ['ZP-1240', 'Jaguar XJR-8 (Silk Cut) Paint Set', None, None, None], ['ZP-1243', 'Skoda Fabia S2000 Evo (for Belkits) Paint Set', None, None, None], ['ZP-1249', 'Lotus 49 (Ebbro) Paint Set', None, None, None], ['ZP-1272', 'Green/Orange Set-VW T1 Kastenwagen/J├ñgermeister Revell 07076', None, None, None], ['ZP-1321', '1998 Mclaren F1 LM-Spec Orange/Red Paint Set', None, None, None], ['ZP-1387', 'Lufthasa Samba Bus - Blue and Yellow Paint Set', None, None, None], ['ZP-1387', 'Lufthansa Samba Bus - Blue and Yellow', None, None, None], ['ZP-1429', 'Mercedes-AMG GT Solar Beam Yellow', None, None, None], ['ZP-1170-30', "Simil'r Ford Focus RS WRC 2010", '#fff', None, None], ['ZP-1155', 'Ferrari F60', '#fff', None, None], ['ZP-1170-60', "Simil'r Ford Focus RS WRC 2010", '#fff', None, None], ['ZP-1013', 'Honda RC211V Konica', None, None, None], ['ZP-1072', 'Jordan J191', None, None, None], ['ZP-1073', 'Chrome Effect(Mclaren MP4/22 onwards)', None, None, None], ['ZP-1074', 'Gold Leaf Team Lotus 72', None, None, None], ['ZP-1075', 'Williams FW11B Labatts Blue/Yellow', None, None, None], ['ZP-1078', 'Suzuki RGB500 set 1979', '#fff', None, None], ['ZP-1081', "Honda repsol NSR500 '98", '#fff', None, None], ['ZP-1097', "Repsol Honda NSR500 '99", '#fff', None, None], ['ZP-1122', 'Williams FW14B', None, None, None], ['ZP-1130', 'Honda NSR500 Nastro Azzurro', '#fff', None, None], ['ZP-1143', 'Honda RC166', '#fff', None, None], ['ZP-1193', 'Flying Lizard Porsche 2011 Paint Set', None, None, None], ['ZP-1208', "Ford Focus V. Rossi Monza Rally '09", None, None, None], ['ZP-1215', 'Honda NSR250 "Shell Advance Honda" paint set', None, None, None], ['ZP-1241', 'Team Project ╬╝ FRS Honda RS250RW paint set', None, None, None], ['ZP-1278', 'Audi A4 DTM Team Schaeffler paint set', None, None, None], ['ZP-1292', 'Williams Renault FW-13B paint set', None, None, None], ['ZP-1343', 'NWB Playsure Mazda 767B Paint Set', None, None, None], ['ZP-1647', 'Britten V1000 - Pearl Blue - Bright Pink - White Paint Set', None, None, None], ['ZP-4200a', 'Tricolore Italian Flag Paint Set', None, None, None], ['ZP-1022', 'Martini Racing Colour Paint Set', None, None, None], ['ZP-1104', 'Yamaha YZR-M1 2009 Team Fiat Estoril Edition Paint Set', None, None, None], ['ZP-1247', 'BMW M Power Colours Paint Set 4x30 ml', None, None, None], ['ZP-1300', 'Benetton Ford B188', None, None, None], ['ZP-1508', 'Lotus Ford 102D Paint Set', None, None, None], ['ZP-1573', "Wynn's Sponsor Paint Set 4x30ml (pre-thinned)", None, None, None], ['ZP-1574', 'Toyota TS050 Hybrid Gazoo Racing Paint Set', None, None, None], ['ZP-1036', 'Repsol Honda RC211V 2003 Paint Set', None, None, None], ['ZP-1037', 'Repsol Honda RC211V 2006 Paint Set', None, None, None], ['ZP-1038', 'Repsol RC211V Valencia 2003 Paint Set', None, None, None], ['ZP-1340', 'Repsol Honda RC213V 2014 Paint Set', '##fff', None, None], ['ZP-1418', 'Lotus 107B Paint set', None, None, None], ['ZP-3012', 'MATT/ FLAT 2 Pack Clearcoat 100ml (2K Urethane)', None, None, None], ['ZP-3031', 'Semi-Gloss (Satin) 2 Pack Clearcoat 100ml (2K Urethane)', None, None, None], ['ZP-3006', 'Gloss Clearcoat Set (2K Urethane)', None, None, None], ['ZP-3035', 'Diamond Finish - 2 Pack GLOSS Clearcoat System (2K Urethane)', None, None, None]], 'ZIPmaket acrylics': [['26001', '4BO Green', '#5c5d33', 'Matt', 'Acrylic'], ['26002', 'Protective Green', '#6f8147', 'Matt', 'Acrylic'], ['26004', 'Modern Protective green', '#847e4a', 'Matt', 'Acrylic'], ['26005', 'AFV Light Green', '#2d683c', 'Matt', 'Acrylic'], ['26006', '6K Brown', '#300e0a', 'Matt', 'Acrylic'], ['26007', '7K Sand Brown', '#ae923f', 'Matt', 'Acrylic'], ['26008', 'Sand Brown', '#b18e54', 'Matt', 'Acrylic'], ['26009', 'Yellow-green', '#896c20', 'Matt', 'Acrylic'], ['26010', 'Light brown', '#7b563b', 'Matt', 'Acrylic'], ['26011', 'Protective Dark Green', '#010801', 'Matt', 'Acrylic'], ['26012', 'Green Khaki', '#796935', 'Matt', 'Acrylic'], ['26013', 'Green-Brown', '#968655', 'Matt', 'Acrylic'], ['26014', 'AFV Beige', '#e7dba9', 'Matt', 'Acrylic'], ['26015', 'AFV Protective Dark', '#343321', 'Matt', 'Acrylic'], ['26016', 'AFV Khaki', '#4b4c2c', 'Matt', 'Acrylic'], ['26017', 'Arctic Grey', '#afb2a1', 'Matt', 'Acrylic'], ['26018', 'Arctic White', '#fefefe', 'Matt', 'Acrylic'], ['26021', 'Protective for GAZ, UAZ', '#4f5622', 'Matt', 'Acrylic'], ['26022', 'Protective Green for Trucks', '#21291b', 'Matt', 'Acrylic'], ['26023', 'Sand', None, 'Matt', 'Acrylic'], ['26024', 'Mustard', '#a97d34', 'Matt', 'Acrylic'], ['26027', 'Grey', '#e0d9c7', 'Matt', 'Acrylic'], ['26028', 'Grey-Blue', '#9ca495', 'Matt', 'Acrylic'], ['26029', 'Yellow-grey', '#e0c62f', 'Matt', 'Acrylic'], ['26031', 'NATO Sand', '#dfcca4', 'Matt', 'Acrylic'], ['26032', 'NATO Green', '#416c34', 'Matt', 'Acrylic'], ['26033', 'NATO Brown', '#734837', 'Matt', 'Acrylic'], ['26034', 'NATO Black', '#242827', 'Matt', 'Acrylic'], ['26035', 'Stryker Field Green', '#6e854f', 'Matt', 'Acrylic'], ['26036', 'UN White', '#f3eddf', 'Matt', 'Acrylic'], ['26041', 'Tarpaulin', None, 'Matt', 'Acrylic'], ['26042', 'Tent Canvas', None, 'Matt', 'Acrylic'], ['26060', 'IDF Sinai Grey (modern)', '#90804c', 'Matt', 'Acrylic'], ['26061', 'IDF Sinai Sand', '#cec79d', 'Matt', 'Acrylic'], ['26062', 'IDF Sinai Light Grey (paled)', '#846f44', 'Matt', 'Acrylic'], ['26063', 'IDF Sinai Grey', '#806e46', 'Matt', 'Acrylic'], ['26064', 'IDF Sinai Green', '#826731', 'Matt', 'Acrylic'], ['26065', 'IDF Sinai Light Green (paled)', '#786a31', 'Matt', 'Acrylic'], ['26070', 'Grey-Green, RAL 6006', None, 'Matt', 'Acrylic'], ['26071', 'Olive-Green, RAL 6003', '#5c673d', 'Matt', 'Acrylic'], ['26072', 'Grey-Olive, RAL 6006', '#fff', 'Matt', 'Acrylic'], ['26073', 'Black-Olive, RAL 6015', '#fff', 'Matt', 'Acrylic'], ['26074', 'Bronze-Green, RAL 6031', '#fff', 'Matt', 'Acrylic'], ['26075', 'RAL 7005 Mouse Grey', '#78785f', 'Matt', 'Acrylic'], ['26076', 'RAL 7021 Black Grrey', '#202528', 'Matt', 'Acrylic'], ['26077', 'RAL 7028 Dark Yellow', '#ba9551', 'Matt', 'Acrylic'], ['26078', 'RAL 8017 Shokolade Brown', '#362424', 'Matt', 'Acrylic'], ['26079', 'Red Primer', '#642c2f', 'Matt', 'Acrylic'], ['26081', 'Light Beige', None, 'Matt', 'Acrylic'], ['26082', 'Light Green', None, 'Matt', 'Acrylic'], ['26083', 'Light Brown', None, 'Matt', 'Acrylic'], ['26084', 'Light Brown Base (Spots And Points (Peas) Camouflage)', None, 'Matt', 'Acrylic'], ['26085', 'Yellow (Spots And Dots (Peas) Camouflage)', None, 'Matt', 'Acrylic'], ['26086', 'Bronze Green (Spots and Dots (Peas) Camouflage)', None, 'Matt', 'Acrylic'], ['26087', 'Bright Green (Spots and Dots (Peas) Camouflage)', None, 'Matt', 'Acrylic'], ['26088', 'Green (Stains and Dots (Peas) Camouflage)', None, 'Matt', 'Acrylic'], ['26100', 'Red AII', '#dc2416', 'Satin', 'Acrylic'], ['26101', 'Green AII-Z', '#535f39', 'Satin', 'Acrylic'], ['26102', 'Sky blue AII-G', '#68a595', 'Satin', 'Acrylic'], ['26103', 'AMT-1 Light Brown', '#8b8d4a', 'Matt', 'Acrylic'], ['26103', 'Light Gray', '#b0b1a3', 'Matt', 'Acrylic'], ['26104', 'AMT-4 Green', '#2d361b', 'Satin', 'Acrylic'], ['26105', 'AMT-7 Light blue', '#5099a2', 'Satin', 'Acrylic'], ['26106', 'AMT-6 Black', '#2b2a29', 'Satin', 'Acrylic'], ['26107', 'AMT-11 Blue grey', '#466166', 'Satin', 'Acrylic'], ['26108', 'AMT-12 Dark Grey', '#1c252a', 'Satin', 'Acrylic'], ['26109', 'A-18M Light Blue Grey', '#92baa0', 'Satin', 'Acrylic'], ['26110', 'A-19M Green', '#587243', 'Satin', 'Acrylic'], ['26112', 'A-21M Light brown', '#878052', 'Satin', 'Acrylic'], ['26113', 'Aviation light grey', '#4d5848', 'Satin', 'Acrylic'], ['26114', 'A-14 Interior grey', '#6f7f74', 'Satin', 'Acrylic'], ['26119', 'White, Radio Transparent', '#fff', 'Matt', 'Acrylic'], ['26121', 'Blue, Su-34', None, 'Matt', 'Acrylic'], ['26122', 'Blue, Su-34', None, 'Matt', 'Acrylic'], ['26123', 'Emerald, Su-34', None, 'Matt', 'Acrylic'], ['26124', 'Dark Grey, Radio Absorbent', '#fff', 'Matt', 'Acrylic'], ['26125', 'Light Blue, Su-27', None, 'Matt', 'Acrylic'], ['26126', 'Light Gray, Su-27', None, 'Matt', 'Acrylic'], ['26127', 'Blue, Su-27', None, 'Matt', 'Acrylic'], ['26128', 'Light Blue, Su-27SM', None, 'Matt', 'Acrylic'], ['26129', 'Light Blue, Su-27SM', None, 'Matt', 'Acrylic'], ['26130', 'Gray Blue, Su-27SM', None, 'Matt', 'Acrylic'], ['26131', 'Light Grey, PAK FA', None, 'Matt', 'Acrylic'], ['26132', 'Grey-Blue, PAK FA', None, 'Matt', 'Acrylic'], ['26133', 'Grey, PAK FA', None, 'Matt', 'Acrylic'], ['26134', 'Blue, Su-33', None, 'Matt', 'Acrylic'], ['26135', 'Grey-Blue, Su-33', None, 'Matt', 'Acrylic'], ['26136', 'Bright Blue, Su-33', None, 'Matt', 'Acrylic'], ['26144', 'Dark Yellow, Su-25', None, 'Matt', 'Acrylic'], ['26145', 'Green, Su-25', '#fff', 'Matt', 'Acrylic'], ['26146', 'Brown, Su-25', '#fff', 'Matt', 'Acrylic'], ['26147', 'Light Blue, Su-25', '#fff', 'Matt', 'Acrylic'], ['26171', 'Light Grey Green, Mi Helicopters', '#fff', 'Matt', 'Acrylic'], ['26172', 'Dark Grey Green, Mi Helicopters', '#fff', 'Matt', 'Acrylic'], ['26173', 'Olive Green, Helicopters USSR/RF', '#fff', 'Matt', 'Acrylic'], ['26174', 'Grey Sand, Helicopters, USSR/RF', '#fff', 'Matt', 'Acrylic'], ['26175', 'Light Blue, Mi Helicopters', '#fff', 'Matt', 'Acrylic'], ['26201', 'Dark Green (BS241)', '#fff', 'Matt', 'Acrylic'], ['26202', 'Ocean Grey (BS629)', '#fff', 'Matt', 'Acrylic'], ['26203', 'Medium Sea Grey (BS637)', '#fff', 'Matt', 'Acrylic'], ['26204', 'Neutral Grey 43 (ANA618)', '#fff', 'Matt', 'Acrylic'], ['26205', 'Medium Green 42 (ANA612)', '#fff', 'Matt', 'Acrylic'], ['26274', "Green (Japanese Aviation '41-'45)", '#fff', 'Matt', 'Acrylic'], ['26275', "Grey (Japanese Aviation '41-'45)", '#fff', 'Matt', 'Acrylic'], ['26276', "Brown (Japanese Aviation '41-'45)", '#fff', 'Matt', 'Acrylic'], ['26277', "Light Green Interior (Japanese Aviation '41-'45)", '#fff', 'Matt', 'Acrylic'], ['26278', "Turquoise (Japanese Aviation '41-'45)", '#fff', 'Matt', 'Acrylic'], ['26279', "Yellow (Japanese Aviation '41-'45)", '#fff', 'Matt', 'Acrylic'], ['26301', 'White (Titanium Dioxide)', None, 'Matt', 'Acrylic'], ['26302', 'Black (S.B 7)', None, 'Matt', 'Acrylic'], ['26303', 'Brown (P.R 101)', None, 'Matt', 'Acrylic'], ['26304', 'Red (P.R 112)', None, 'Matt', 'Acrylic'], ['26305', 'Orange (P.O 5)', None, 'Matt', 'Acrylic'], ['26306', 'Yellow (P.Y 74)', None, 'Matt', 'Acrylic'], ['26307', 'Ochre (P.Y 42)', None, 'Matt', 'Acrylic'], ['26308', 'Green (P.G 7)', None, 'Matt', 'Acrylic'], ['26309', 'Blue (P.BL 15:3)', None, 'Matt', 'Acrylic'], ['26310', 'Purple (P.V 23)', None, 'Matt', 'Acrylic'], ['26314', 'Milk', None, 'Matt', 'Acrylic'], ['26315', 'Brick', None, 'Matt', 'Acrylic'], ['26316', 'Brick, Light', None, 'Matt', 'Acrylic'], ['26317', 'Brick, Dark', None, 'Matt', 'Acrylic'], ['26320', 'Lime White', None, 'Matt', 'Acrylic'], ['26322', 'Stone, Grey', None, 'Matt', 'Acrylic'], ['26331', 'Wood', None, 'Matt', 'Acrylic'], ['26332', 'Wood, Dark', None, 'Matt', 'Acrylic'], ['26333', 'Wood, Light', None, 'Matt', 'Acrylic'], ['26334', 'Wood, Lacquered', None, 'Matt', 'Acrylic'], ['26335', 'Wood, Dry', None, 'Matt', 'Acrylic'], ['26336', 'Dark Rust', '#432f26', 'Matt', 'Acrylic'], ['26337', 'Light Rust', '#c33c1e', 'Matt', 'Acrylic'], ['26338', 'Burnt Rust', '#ce4f24', 'Matt', 'Acrylic'], ['26339', 'Red Rust', '#8a2b25', 'Matt', 'Acrylic'], ['26340', 'Rusted Tracks', '#573327', 'Matt', 'Acrylic'], ['26341', 'Dark Tracks', '#52403c', 'Matt', 'Acrylic'], ['26342', 'Black Rubber', '#23272a', 'Matt', 'Acrylic'], ['26343', 'Grey Rubber', '#33302b', 'Matt', 'Acrylic'], ['26344', 'Chipping', '#452e28', 'Matt', 'Acrylic'], ['26346', 'Leather Brown', None, 'Matt', 'Acrylic'], ['26403', 'Matt Varnish', None, 'Varnish', 'Acrylic'], ['26422', 'Transparent Orange', None, 'Gloss', 'Acrylic'], ['26423', 'Transparent Red', None, 'Gloss', 'Acrylic'], ['26500', 'Aluminium', None, 'Metallic', 'Acrylic'], ['26502', 'Metallic Steel', None, 'Metallic', 'Acrylic'], ['26503', 'Blued Steel', None, 'Metallic', 'Acrylic'], ['26695', 'Fluorescent White', None, 'Fluo', 'Acrylic'], ['26696', 'Fluorescent Red', '#fff', 'Fluo', 'Acrylic'], ['26697', 'Fluorescent Blue', '#fff', 'Fluo', 'Acrylic'], ['26698', 'Fluorescent Yellow', '#fff', 'Fluo', 'Acrylic'], ['26596', 'Black Primer', None, 'Matt', 'Acrylic'], ['26894', 'White Primer', None, 'Matt', 'Acrylic'], ['26895', 'Grey Primer', None, 'Matt', 'Acrylic'], ['26999', 'Fluorescent Colours', '##fff', None, None], ['26907', 'Fire Trucks', '#23272a', None, None], ['26908', 'Modern Russian AFV', '#e7dba9', None, None], ['26909', 'Russian Military Wheeled Vehicles', '#343321', None, None], ['26910', 'Soviet Fighters, WWII', '#8b8d4a', None, None], ['26911', 'Soviet Bombers, WW2', '#8b8d4a', None, None], ['26921', 'Siberian Airlines', '#23272a', None, None], ['26931', 'Wood', '##fff', None, None], ['26932', 'Rust set', '#432f26', None, None], ['26933', 'Urban Buildings', '##fff', None, None], ['26940', 'Field Uniform Wehrmacht', '#202528', None, None], ['26900', 'Artistic Colours', '##fff', None, None], ['26901', 'Paint Set T-34', '#5c5d33', None, None], ['26925', 'OKB Sukhoi-34', '##fff', None, None], ['26941', 'German Uniform Colours, WW2', '##fff', None, None], ['26951', 'German AFV Camouflage, WW2', '#5c673d', None, None]], 'ZODIAC MYSTIC SIGNS': [['SMC-01', 'Virgo White', '#fff', 'Matt', 'Acrylic'], ['SMC-02', 'Black Hole', '#fff', 'Matt', 'Acrylic'], ['SMC-03', 'Solar Yellow', '#fff', 'Matt', 'Acrylic'], ['SMC-04', 'Juno Green', '#fff', 'Matt', 'Acrylic'], ['SMC-05', 'Taurus Emerald', '#fff', 'Matt', 'Acrylic'], ['SMC-06', 'Gemini Blue', '#fff', 'Matt', 'Acrylic'], ['SMC-07', 'Aquarius Azure', '#fff', 'Matt', 'Acrylic'], ['SMC-08', 'Scorpio Ultramarine', '#fff', 'Matt', 'Acrylic'], ['SMC-09', 'Aries Red', '#fff', 'Matt', 'Acrylic'], ['SMC-10', 'Crater Orange', '#fff', 'Matt', 'Acrylic'], ['SMC-11', 'Sagittarius Fuchsia', '#fff', 'Matt', 'Acrylic'], ['SMC-12', 'Jupiter Brown', '#fff', 'Matt', 'Acrylic'], ['SMC-14', 'Capricorn Brown', '#fff', 'Matt', 'Acrylic'], ['SMC-15', 'Ceres Olive', '#fff', 'Matt', 'Acrylic'], ['SMC-16', 'Libra Sand', '#fff', 'Matt', 'Acrylic'], ['SMC-17', 'Comet Graphite', '#fff', 'Matt', 'Acrylic'], ['SMC-18', 'Silver Moon', '#fff', 'Matt', 'Acrylic'], ['SMC-19', 'Leo Gold', '#fff', 'Matt', 'Acrylic'], ['SMC-20', 'Astral Magenta', '#fff', 'Matt', 'Acrylic'], ['SMC-21', 'Cancer Turquoise', '#fff', 'Matt', 'Acrylic'], ['SMC-22', 'Meteor Orange', '#fff', 'Matt', 'Acrylic'], ['SMC-23', 'Pisces Cyan', '#fff', 'Matt', 'Acrylic'], ['SMC-24', 'Vesta Coral', '#fff', 'Matt', 'Acrylic'], ['SMC-25', 'Asteroid Fire', '#fff', 'Matt', 'Acrylic']], 'Zvezda': [['05', 'Chrome Silver', '#fff', 'Metallic', 'Acrylic'], ['08', 'Gun Metal', '#fff', 'Metallic', 'Acrylic'], ['12', 'Red', '#fff', 'Satin', 'Acrylic'], ['17', 'White', '#fff', 'Satin', 'Acrylic'], ['20', 'Flat Black', '#fff', 'Matt', 'Acrylic'], ['30', 'Light Grey', '#fff', 'Matt', 'Acrylic'], ['55', 'Protective', '#fff', 'Matt', 'Acrylic'], ['01-MAKR', 'Light Sand (╤ü╨▓╨╡╤é╨╗╨╛-╨┐╨╡╤ü╨╛╤ç╨╜╨░╤Å)', '#f7d29c', 'Satin', 'Acrylic'], ['02-MAKR', 'Blue-Grey (╨í╨╡╤Ç╨╛-╨│╨╛╨╗╤â╨▒╨░╤Å)', '#83a1b9', 'Matt', 'Acrylic'], ['03-MAKR', 'Gold (╨ù╨╛╨╗╨╛╤é╨╛)', '#bc9b69', 'Metallic', 'Acrylic'], ['04-MAKR', 'Bronze (╨æ╤Ç╨╛╨╜╨╖╨░)', '#a49063', 'Metallic', 'Acrylic'], ['05-MAKR', 'Chrome Silver (╨í╨╡╤Ç╨╡╨▒╤Ç╨╛)', '#b8b9bd', 'Metallic', 'Acrylic'], ['06-MAKR', 'Aluminium (╨É╨╗╤Ä╨╝╨╕╨╜╨╕╨╣)', '#b8b9bd', 'Metallic', 'Acrylic'], ['07-MAKR', 'Steel (╨í╤é╨░╨╗╤î)', '#a0a1a4', 'Metallic', 'Acrylic'], ['08-MAKR', 'Gun Metal (╨Æ╨╛╤Ç╨╛╨╜╤æ╨╜╨░╤Å ╤ü╤é╨░╨╗╤î)', '#717078', 'Metallic', 'Acrylic'], ['09-MAKR', 'Copper (╨£╨╡╨┤╤î)', '#bc8648', 'Metallic', 'Acrylic'], ['10-MAKR', 'Rust (╨á╨╢╨░╨▓╤ç╨╕╨╜╨░)', '#7d3902', 'Metallic', 'Acrylic'], ['11-MAKR', 'Sand (╨ƒ╨╡╤ü╨╛╤ç╨╜╤ï╨╣)', '#b78418', 'Matt', 'Acrylic'], ['12-MAKR', 'Red (╨Ü╤Ç╨░╤ü╨╜╤ï╨╣)', '#c9122c', 'Satin', 'Acrylic'], ['13-MAKR', 'Light Blue (╨í╨▓╨╡╤é╨╗╨╛-╨│╨╛╨╗╤â╨▒╨╛╨╣)', '#7cb2cd', 'Satin', 'Acrylic'], ['14-MAKR', 'Dark Grey Tank (╤é╨╡╨╝╨╜╨╛-╤ü╨╡╤Ç╨░╤Å ╤é╨░╨╜╨║╨╛╨▓╨░╤Å)', '#435760', 'Matt', 'Acrylic'], ['15-MAKR', 'Light Brown (╨í╨▓╨╡╤é╨╗╨╛-╨║╨╛╤Ç╨╕╤ç╨╜╨╡╨▓╤ï╨╣)', '#8b6531', 'Matt', 'Acrylic'], ['16-MAKR', 'Yellow (╨û╤æ╨╗╤é╤ï╨╣)', '#ffb831', 'Matt', 'Acrylic'], ['17-MAKR', 'White (╨æ╨╡╨╗╤ï╨╣)', '#ffffff', 'Satin', 'Acrylic'], ['18-MAKR', 'German Yellow-Olive (╨¥╨╡╨╝╨╡╤å╨║╨╕╨╣ ╨╢╤æ╨╗╤é╨╛-╨╛╨╗╨╕╨▓╨║╨╛╨▓╤ï╨╣)', '#b0953b', 'Matt', 'Acrylic'], ['19-MAKR', 'Light Green (╨í╨▓╨╡╤é╨╗╨╛-╨╖╨╡╨╗╤æ╨╜╤ï╨╣)', '#4e701a', 'Matt', 'Acrylic'], ['20-MAKR', 'Black (╨ºe╤Ç╨╜╤ï╨╣)', '#010101', 'Matt', 'Acrylic'], ['21-MAKR', 'Green Aviation Interior (╨ù╨╡╨╗╤æ╨╜╤ï╨╣ ╨░╨▓╨╕╨░╤å╨╕╨╛╨╜╨╜╤ï╨╣ ╨╕╨╜╤é╨╡╤Ç╤î╨╡╤Ç╨╜╤ï╨╣)', '#4c721c', 'Matt', 'Acrylic'], ['22-MAKR', 'Grey-Green (╨í╨╡╤Ç╨╛-╨╖╨╡╨╗╤æ╨╜╤ï╨╣)', '#5f6062', 'Matt', 'Acrylic'], ['23-MAKR', 'Aircraft light blue (╨ô╨╛╨╗╤â╨▒╨╛╨╣ ╨░╨▓╨╕╨░╤å╨╕╨╛╨╜╨╜╤ï╨╣)', '#cad9d3', 'Matt', 'Acrylic'], ['24-MAKR', 'Olive (╨₧╨╗╨╕╨▓╨║╨╛╨▓╤ï╨╣)', '#3e4b00', 'Matt', 'Acrylic'], ['25-MAKR', 'Wood (╨ö╤Ç╨╡╨▓╨╡╤ü╨╜╤ï╨╣)', '#d39d61', 'Satin', 'Acrylic'], ['26-MAKR', 'Grass (╨ù╨╡╨╝╨╗╤Å╨╜╨╛╨╣)', '#7f571b', 'Matt', 'Acrylic'], ['27-MAKR', 'Leather (╨Ü╨╛╨╢╨░)', '#7f4401', 'Satin', 'Acrylic'], ['28-MAKR', 'Cherry Red (╨Æ╨╕╤ê╨╜╤æ╨▓╤ï╨╣ ╨║╤Ç╨░╤ü╨╜╤ï╨╣)', '#ab0536', 'Matt', 'Acrylic'], ['30-MAKR', 'Light Grey (╨í╨▓╨╡╤é╨╗╨╛-╤ü╨╡╤Ç╤ï╨╣)', '#bebcb0', 'Matt', 'Acrylic'], ['31-MAKR', 'Medium Grey (╤ü╨╡╤Ç╨░╤Å)', '#6a747d', 'Satin', 'Acrylic'], ['32-MAKR', 'PRIMER Basic gray (╨ô╨á╨ú╨¥╨ó╨₧╨Æ╨Ü╨É ╨æ╨░╨╖╨╛╨▓╤ï╨╣ ╤ü╨╡╤Ç╤ï╨╣)', '#95a3ac', None, 'Acrylic'], ['33-MAKR', 'Orange (╨₧╤Ç╨░╨╜╨╢╨╡╨▓╤ï╨╣)', '#ec6f1f', 'Matt', 'Acrylic'], ['34-MAKR', 'Stone (╨Ü╨░╨╝╨╡╨╜╨╜╤ï╨╣)', '#d9b4a3', 'Matt', 'Acrylic'], ['35-MAKR', 'Green (╨ù╨╡╨╗╤æ╨╜╤ï╨╣)', '#33470c', 'Matt', 'Acrylic'], ['36-MAKR', 'Sky Blue (╨ô╨╛╨╗╤â╨▒╨╛╨╣)', '#51bdeb', 'Matt', 'Acrylic'], ['38-MAKR', 'Dark Brown (╨ó╤æ╨╝╨╜╨╛-╨║╨╛╤Ç╨╕╤ç╨╜╨╡╨▓╤ï╨╣)', '#4a4a30', 'Satin', 'Acrylic'], ['39-MAKR', 'Tarpaulin (╨æ╤Ç╨╡╨╖╨╡╨╜╤é)', '#876600', 'Matt', 'Acrylic'], ['41-MAKR', 'Stone Yellow (╨Ü╨░╨╝╨╡╨╜╨╜╤ï╨╣ ╨╢╤æ╨╗╤é╤ï╨╣)', '#e5ba83', 'Satin', 'Acrylic'], ['42-MAKR', 'Flat Sea Blue (Ball) (╨¿╨░╤Ç╨╛╨▓╤ï╨╣)', '#3b4f69', 'Matt', 'Acrylic'], ['44-MAKR', 'Brick (╨Ü╨╕╤Ç╨┐╨╕╤ç╨╜╤ï╨╣)', '#904a2e', 'Matt', 'Acrylic'], ['45-MAKR', 'Khaki (╨Ñ╨░╨║╨╕)', '#38634f', 'Matt', 'Acrylic'], ['46-MAKR', 'Bright Green (╨»╤Ç╨║╨╛-╨╖╨╡╨╗╤æ╨╜╤ï╨╣)', '#377c2b', 'Matt', 'Acrylic'], ['47-MAKR', 'Royal Blue (╨Ü╨╛╤Ç╨╛╨╗╨╡╨▓╤ü╨║╨╕╨╣ ╤ü╨╕╨╜╨╕╨╣)', '#013b63', 'Matt', 'Acrylic'], ['48-MAKR', 'German Red-Brown (╨¥╨╡╨╝╨╡╤å╨║╨╕╨╣ ╨║╤Ç╨░╤ü╨╜╨╛-╨║╨╛╤Ç╨╕╤ç╨╜╨╡╨▓╤ï╨╣)', '#591e00', 'Matt', 'Acrylic'], ['49-MAKR', 'Ancient Bronze (╨É╨╜╤é╨╕╤ç╨╜╨░╤Å ╨▒╤Ç╨╛╨╜╨╖╨░)', '#783f04', 'Metallic', 'Acrylic'], ['50-MAKR', 'Desert Sand (╨ƒ╤â╤ü╤é╤ï╨╜╨╜╤ï╨╣ ╨┐╨╡╤ü╤ç╨░╨╜╤ï╨╣)', '#b9ad97', 'Matt', 'Acrylic'], ['51-MAKR', 'Dark Green (╨ó╤æ╨╝╨╜╨╛-╨╖╨╡╨╗╤æ╨╜╤ï╨╣)', '#0a402d', 'Matt', 'Acrylic'], ['53-MAKR', 'Skin Tone (╨ó╨╡╨╗╨╡╤ü╨╜╤ï╨╣)', '#fcbc7e', 'Satin', 'Acrylic'], ['54-MAKR', 'Aviation Grey (╨Ü╤Ç╨░╤ü╨║╨░ ╨╝╨╡╤é╨░╨╗╨╗╨╕╨║)', '#b6b7ba', 'Metallic', 'Acrylic'], ['55-MAKR', 'Protective (╨ù╨░╤ë╨╕╤é╨╜╤ï╨╣)', '#394c02', 'Matt', 'Acrylic'], ['57-MAKR', 'Ochre (╨₧╤à╤Ç╨░)', '#9c600f', 'Matt', 'Acrylic'], ['58-MAKR', 'Blue (╨í╨╕╨╜╨╕╨╣)', '#0167a4', 'Matt', 'Acrylic'], ['59-MAKR', 'Emerald (╨ÿ╨╖╤â╨╝╤Ç╤â╨┤╨╜╤ï╨╣)', '#00563d', 'Matt', 'Acrylic'], ['61-MAKR', 'Matte lacquer (╨¢╨░╨║ ╨╝╨░╤é╨╛╨▓╤ï╨╣)', '#ffffff', None, 'Acrylic'], ['62-MAKR', 'Glossy varnish (╨¢╨░╨║ ╨│╨╗╤Å╨╜╤å╨╡╨▓╤ï╨╣)', None, 'Paint sets', 'Acrylic'], ['63-MAKR', 'Chrome Silver (╨Ñ╤Ç╨╛╨╝╨╕╤Ç╨╛╨▓╨░╨╜╨╜╨╛╨╡ ╤ü╨╡╤Ç╨╡╨▒╤Ç╨╛)', '#a6aaad', 'Metallic', 'Acrylic'], ['65-MAKR', 'Light Blue (RLM 65) (╨í╨▓╨╡╤é╨╗╨╛-╨│╨╛╨╗╤â╨▒╨╛╨╣)', '#abd7f1', 'Matt', 'Acrylic'], ['66-MAKR', 'Dark Grey (RLM 66) (╨ó╤æ╨╝╨╜╨╛-╤ü╨╡╤Ç╤ï╨╣)', '#112631', 'Matt', 'Acrylic'], ['67-MAKR', 'Grey-Green (RLM 74) (╨í╨╡╤Ç╨╛-╨╖╨╡╨╗╤æ╨╜╤ï╨╣)', '#415a68', 'Matt', 'Acrylic'], ['68-MAKR', 'Grey-Violet (RLM 75) (╨í╨╡╤Ç╨╛-╤ä╨╕╨╛╨╗╨╡╤é╨╛╨▓╤ï╨╣)', '#566391', 'Matt', 'Acrylic'], ['69-MAKR', 'Light Grey (RML 76) (╨í╨▓╨╡╤é╨╗╨╛-╤ü╨╡╤Ç╤ï╨╣)', '#b9cad4', 'Matt', 'Acrylic'], ['70-MAKR', 'Black Green (RLM 70) (╨º╤æ╤Ç╨╜╨╛-╨╖╨╡╨╗╤æ╨╜╤ï╨╣)', '#1d544f', 'Matt', 'Acrylic'], ['01-ON', 'Light Sand (╨í╨▓╨╡╤é╨╗╨╛-╨┐╨╡╤ü╨╛╤ç╨╜╤ï╨╣)', '#fff5ae', None, 'Acrylic'], ['06-ON', 'Aluminium (╨É╨╗╤Ä╨╝╨╕╨╜╨╕╨╣)', '#b8cad6', None, 'Acrylic'], ['08-ON', 'Gun Metal (╨Æ╨╛╤Ç╨╛╨╜╤æ╨╜╨░╤Å ╤ü╤é╨░╨╗╤î)', '#4d4d4d', None, 'Acrylic'], ['11-ON', 'Sand (╨ƒ╨╡╤ü╨╛╤ç╨╜╤ï╨╣)', '#dccf6b', None, 'Acrylic'], ['12-ON', 'Red (╨Ü╤Ç╨░╤ü╨╜╤ï╨╣)', '#df2707', None, 'Acrylic'], ['14-ON', 'Dark Grey Tank (╤é╨╡╨╝╨╜╨╛-╤ü╨╡╤Ç╨░╤Å ╤é╨░╨╜╨║╨╛╨▓╨░╤Å)', '#676767', None, 'Acrylic'], ['16-ON', 'Yellow (╨û╤æ╨╗╤é╤ï╨╣)', '#fae105', None, 'Acrylic'], ['17-ON', 'White (╨æ╨╡╨╗╤ï╨╣)', '#fefefe', None, 'Acrylic'], ['18-ON', 'German Yellow-Olive (╨¥╨╡╨╝╨╡╤å╨║╨╕╨╣ ╨╢╤æ╨╗╤é╨╛-╨╛╨╗╨╕╨▓╨║╨╛╨▓╤ï╨╣)', '#ada97a', None, 'Acrylic'], ['19-ON', 'Light Green (╨í╨▓╨╡╤é╨╗╨╛-╨╖╨╡╨╗╤æ╨╜╤ï╨╣)', '#b1d300', None, 'Acrylic'], ['20-ON', 'Black (╨ºe╤Ç╨╜╤ï╨╣)', '#151515', None, 'Acrylic'], ['23-ON', 'Aircraft light blue (╨ô╨╛╨╗╤â╨▒╨╛╨╣ ╨░╨▓╨╕╨░╤å╨╕╨╛╨╜╨╜╤ï╨╣)', '#7fd8e0', None, 'Acrylic'], ['24-ON', 'Olive (╨₧╨╗╨╕╨▓╨║╨╛╨▓╤ï╨╣)', '#313302', None, 'Acrylic'], ['30-ON', 'Light Grey (╨í╨▓╨╡╤é╨╗╨╛-╤ü╨╡╤Ç╤ï╨╣)', '#dae5eb', None, 'Acrylic'], ['31-ON', 'Medium Grey (╨í╨╡╤Ç╤ï╨╣)', '#8a98a3', None, 'Acrylic'], ['36-ON', 'Sky Blue (╨ô╨╛╨╗╤â╨▒╨╛╨╣)', '#01a2d6', None, 'Acrylic'], ['38-ON', 'Dark Brown (╨ó╤æ╨╝╨╜╨╛-╨║╨╛╤Ç╨╕╤ç╨╜╨╡╨▓╤ï╨╣)', '#634e3e', None, 'Acrylic'], ['39-ON', 'Tarpaulin (╨æ╤Ç╨╡╨╖╨╡╨╜╤é)', '#3f7769', None, 'Acrylic'], ['45-ON', 'Khaki (╨Ñ╨░╨║╨╕)', '#6e754f', None, 'Acrylic'], ['55-ON', 'Protective (╨ù╨░╤ë╨╕╤é╨╜╤ï╨╣)', '#536400', None, 'Acrylic'], ['58-ON', 'Blue (╨í╨╕╨╜╨╕╨╣)', '#007ebd', None, 'Acrylic'], ['63-ON', 'Chrome Silver (╨Ñ╤Ç╨╛╨╝╨╕╤Ç╨╛╨▓╨░╨╜╨╜╨╛╨╡ ╤ü╨╡╤Ç╨╡╨▒╤Ç╨╛)', '#d8d9d9', None, 'Acrylic']]}
